08-24 14:43:48.426  4585  7044 D InputTransport: Input channel destroyed: 'ClientS', fd=695
08-24 14:43:48.426 24159 24159 D InputTransport: Input channel constructed: 'ClientS', fd=89
08-24 14:43:48.430  4585  7044 I SurfaceControl: nativeRelease nativeObject s[537816940128]
08-24 14:43:48.430  4585  7044 I SurfaceControl: nativeRelease nativeObject e[537816940128]
08-24 14:43:48.430  4585  4617 I ActivityTaskManager: Displayed com.example.dogglers/.HorizontalListActivity: +354ms
08-24 14:43:48.430  4226  4248 I Layer   : id=88533 removeFromCurrentState com.google.android.youtube/com.google.android.apps.youtube.app.watchwhile.WatchWhileActivity$_21625#0 (84)
08-24 14:43:48.430  4226  4248 I Layer   : id=88536 removeFromCurrentState Bounds for - com.google.android.youtube/com.google.android.apps.youtube.app.watchwhile.WatchWhileActivity@12#0 (84)
08-24 14:43:48.430  4226  4248 I Layer   : id=88537 removeFromCurrentState SurfaceView - com.google.android.youtube/com.google.android.apps.youtube.app.watchwhile.WatchWhileActivity@c9edee9@12#0 (84)
08-24 14:43:48.436  4896  4896 I FaceWidgetMusicViewModel: getMediaButtonReceiverPackageName() - soundAssistant : com.google.android.youtube, Settings : org.telegram.plus/org.telegram.messenger.voip.VoIPMediaButtonReceiver,0,1
08-24 14:43:48.438  4226  4251 I SurfaceFlinger: id=88533 Removed com.google.android.youtube/com.google.android.apps.youtube.app.watchwhile.WatchWhileActivity$_21625#0 (84)
08-24 14:43:48.438  4585  7112 I SurfaceControl: nativeRelease nativeObject s[537816940224]
08-24 14:43:48.438  4585  7112 I SurfaceControl: nativeRelease nativeObject e[537816940224]
08-24 14:43:48.440 24159 24159 I ViewInteraction: Performing 'fast swipe' action on view view.getId() is <2131230945/com.example.dogglers:id/horizontal_recycler_view>
08-24 14:43:48.441  4896  4896 D FaceWidgetMediaDataDAO: launch package intent
08-24 14:43:48.442  4896  4896 D FaceWidgetViewModel: onChanged
08-24 14:43:48.442  4896  4896 D FaceWidgetViewModel: updateMusicPageShownState() show = false, reattach = false, reason = clear
08-24 14:43:48.442  4896  4896 D FaceWidgetViewModel: skip to show media panel
08-24 14:43:48.443  4896  4896 D FaceWidgetMediaSessionManager: onPlaybackStateChanged() state = PlaybackState {state=1, position=0, buffered position=0, speed=1.0, updated=1322768992, actions=8192, custom actions=[], active item id=-1, error=null}
08-24 14:43:48.443  4226  4251 I SurfaceFlinger: id=88558 createSurf (0x0),-1 flag=24004, Surface(name=a3a0629 InputMethod)/@0x54f474f - animation-leash#1
08-24 14:43:48.444  4585  7096 D InputDispatcher: Inject motion (24159): action=0x0, time=571765778000000, f=0x0, d=0
08-24 14:43:48.444  4585  4726 D InputDispatcher: pointer touchable region used!
08-24 14:43:48.445  4585  4726 W InputDispatcher: obscured by Window{b37e839
08-24 14:43:48.445  4585  4726 I InputDispatcher: Delivering touch to (4896): action: 0x4, f=0x0, d=0, 'a71bb8f', t=0
08-24 14:43:48.445  4585  4726 I InputDispatcher: Delivering touch to (24159): action: 0x0, f=0x1, d=0, '6edfabb', t=0
08-24 14:43:48.446  5408  5408 W RecentsAnimationDeviceState: isInSwipeUpTouchRegion = false
08-24 14:43:48.446 24159 24159 I ViewRootImpl@9c618c6[HorizontalListActivity]: ViewPostIme pointer 0
08-24 14:43:48.446  5408  5408 W TouchInteractionService: onInputEvent, inputConsumer = com.android.quickstep.-$$Lambda$InputConsumer$pgTpBxbssXPLgozwhOXQifnNImE@b866acd
08-24 14:43:48.446  4896  4896 I PluginFaceWidgetMediaDataFactory: getBitmapFromMetadata null
08-24 14:43:48.446  4896  4896 D PluginFaceWidgetMediaDataFactory: Elapsed Time : 3
08-24 14:43:48.447  7388  7388 I HBD     : HoneyBoardService onFinishInput
08-24 14:43:48.447  4896  4896 D FaceWidgetMediaDataRepository: [update] key : com.google.android.youtube|0|192289192, oldKey : com.google.android.youtube|0|192289192, media : com.google.android.youtube, sourceType : SESSION
08-24 14:43:48.447  7388  7388 I HBD     : a IC have been unbinded,  InputConnectionWrapper{idHash=#3b688 mMissingMethods=}
08-24 14:43:48.447  7388  7388 I HBD     : HoneyBoardService [PF_CL][onFinishInput]  539077 ns
08-24 14:43:48.450  4226  4226 I Layer   : id=88533[1] Destroyed com.google.android.youtube/com.google.android.apps.youtube.app.watchwhile.WatchWhileActivity$_21625#0
08-24 14:43:48.450  4226  4226 I Layer   : id=88536[1] Destroyed Bounds for - com.google.android.youtube/com.google.android.apps.youtube.app.watchwhile.WatchWhileActivity@12#0
08-24 14:43:48.450  4226  4226 I Layer   : id=88537[1] Destroyed SurfaceView - com.google.android.youtube/com.google.android.apps.youtube.app.watchwhile.WatchWhileActivity@c9edee9@12#0
08-24 14:43:48.451  4226  4251 I Layer   : id=88540 removeFromCurrentState Surface(name=a3a0629 InputMethod)/@0x54f474f - animation-leash#0 (82)
08-24 14:43:48.452  7388  7388 I HBD     : HoneyBoardService [IMI] onStartInput - caller pid : 24159 , caller uid : 10574
08-24 14:43:48.453  7388  7388 I HBD     : i updateConfigs
08-24 14:43:48.453  7388  7388 I HBD     : i isEnabledNightMode : false
08-24 14:43:48.453  7388  7388 I HBD     : a IC have been binded, InputConnectionWrapper{idHash=#33fc446 mMissingMethods=}
08-24 14:43:48.453  7388  7388 I HBD     : h [EditorInputType]setPrivateImeOptionsToTable privateImeOptions ( null )
08-24 14:43:48.453  4896  4896 D FaceWidgetMediaDataRepository: PlaybackState and Metadata is null. :: com.google.android.youtube
08-24 14:43:48.453  7388  7388 I HBD     : b incognitoMode : false
08-24 14:43:48.453  7388  7388 I HBD     : a needOff = true , isForceOff = false, isNullInputClass : true
08-24 14:43:48.454  4585  7096 D SamsungIMMSHWKeyboard: isConnectedDexOnPC false
08-24 14:43:48.454  7388  7388 I HBD     : h getDefaultInputRange : UNKNOWN
08-24 14:43:48.454  4896  4896 D FaceWidgetMediaSessionManager: onMetadataChanged() metadata = null
08-24 14:43:48.454  7388  7388 I HBD     : h getDefaultInputRange : UNKNOWN
08-24 14:43:48.454  4585  7096 D InputMethodManagerService: isImeSwitcherDisabledPackage : false
08-24 14:43:48.454 24159 24159 I SurfaceControl: nativeRelease nativeObject s[535692236960]
08-24 14:43:48.454  7388  7388 I HBD     : h getDefaultInputRange : UNKNOWN
08-24 14:43:48.454 24159 24159 I SurfaceControl: nativeRelease nativeObject e[535692236960]
08-24 14:43:48.454 24159 24159 I SurfaceControl: nativeRelease nativeObject s[535692236864]
08-24 14:43:48.454 24159 24159 I SurfaceControl: nativeRelease nativeObject e[535692236864]
08-24 14:43:48.455  4585  7096 D SdpManagerService: Not an enterprise user : 0
08-24 14:43:48.455  4585  7096 D SdpManagerService: Not an enterprise user : 0
08-24 14:43:48.456  4896  4896 I PluginFaceWidgetMediaDataFactory: getBitmapFromMetadata null
08-24 14:43:48.456  4585  4635 D FastTrack: setFastTrackState: pid = 21625 ;tid= 21625 ;value= 0
08-24 14:43:48.456  4896  4896 D PluginFaceWidgetMediaDataFactory: Elapsed Time : 2
08-24 14:43:48.457  4585  4635 D FastTrack: setFastTrackState: pid = 21625 ;tid= 21862 ;value= 0
08-24 14:43:48.461  4585  4610 D SehCodecSolutionService: Update top [com.example.dogglers]
08-24 14:43:48.462  4226  4226 D SurfaceFlinger: Display 0 HWC layers:
08-24 14:43:48.462  4226  4226 D SurfaceFlinger:      DEVICE | 0x77ce816080 | 0002 | RGBA_8888    |    0.0    0.0 1080.0 2340.0 |    0    0 1080 2340 | com.example.dogglers/com.example.dogglers.HorizontalListActivity$_24159#0
08-24 14:43:48.462  4226  4226 D SurfaceFlinger:      DEVICE | 0x77ae646b40 | 0002 | RGBA_8888    |    0.0    0.0 1080.0 2340.0 |    0    0 1080 2340 | Splash Screen com.example.dogglers#0
08-24 14:43:48.462  4226  4226 D SurfaceFlinger:      DEVICE | 0x77ce815e00 | 0000 | RGBA_8888    |    0.0    0.0 1080.0   83.0 |    0    0 1080   83 | StatusBar$_4896#0
08-24 14:43:48.462  4226  4226 D SurfaceFlinger:      DEVICE | 0x77ce8157c0 | 0000 | RGBA_8888    |    0.0    0.0   67.0  342.0 |    0  746   67 1088 | com.samsung.android.app.cocktailbars[...]arservice.CocktailBarService$_9865#0
08-24 14:43:48.462  4226  4226 D SurfaceFlinger:      DEVICE | 0x7851238200 | 0000 | RGBA_8888    |    0.0    0.0  388.0   39.0 |  692 2301 1080 2340 | SGestureOverlayWindow$_5408#0
08-24 14:43:48.462  4226  4226 D SurfaceFlinger:      DEVICE | 0x77ce815f40 | 0000 | RGBA_8888    |    0.0    0.0 1080.0  126.0 |    0 2214 1080 2340 | NavigationBar0$_4896#0
08-24 14:43:48.462  4226  4226 D SurfaceFlinger:      DEVICE | 0x77ce814b40 | 0000 | RGBA_8888    |    0.0    0.0 1080.0  151.0 |    0    0 1080  151 | ScreenDecorOverlay$_
08-24 14:43:48.462  4226  4226 D SurfaceFlinger: 4896#0
08-24 14:43:48.462  4226  4226 D SurfaceFlinger:      DEVICE | 0x77ce817d40 | 0000 | RGBA_8888    |    0.0    0.0 1080.0  151.0 |    0 2189 1080 2340 | ScreenDecorOverlayBottom$_4896#0
08-24 14:43:48.462  4226  4226 D SurfaceFlinger:
08-24 14:43:48.464  7388  7388 I HBD     : h getDefaultInputRange : UNKNOWN
08-24 14:43:48.464  7388  7388 I HBD     : a currentState : 0
08-24 14:43:48.470  4896  4896 D FaceWidgetMediaDataRepository: [update] key : com.google.android.youtube|0|192289192, oldKey : com.google.android.youtube|0|192289192, media : com.google.android.youtube, sourceType : SESSION
08-24 14:43:48.472  4585  4613 I SurfaceControl: nativeRelease nativeObject s[537628419808]
08-24 14:43:48.472  4585  4613 I SurfaceControl: nativeRelease nativeObject e[537628419808]
08-24 14:43:48.474  7388  7388 I HBD     : h load selected json info : {"version":"1.0","currentLanguageOrder":0,"selected":[{"activeOptionList":["auto_replace","auto_spacing"],"engName":"Russian","id":3342336,"inputType":"qwerty","isUsed":true},{"activeOptionList":["auto_replace","auto_spacing"],"engName":"English","id":65537,"inputType":"qwerty","isUsed":true}]}
08-24 14:43:48.474  7388  7388 I HBD     : a [UpdatePolicy] [post] a: 0 cl: 3342336 kit: [0/0] vt: 0 ir: 1
08-24 14:43:48.475  4896  4896 D FaceWidgetMediaDataRepository: PlaybackState and Metadata is null. :: com.google.android.youtube
08-24 14:43:48.475  7388  7388 I HBD     : HoneyBoardService [PF_OP][onStartInput]  22727962 ns
08-24 14:43:48.475  4896  4896 D FaceWidgetMusicPageObserver: [EXPAND] onChanged :: PluginFaceWidgetMediaData{[NULL]} showingLastPlayed : true
08-24 14:43:48.475  4896  4896 D FaceWidgetMediaDataDAO: controller is null
08-24 14:43:48.475  4896  4896 D FaceWidgetMediaDataDAO: controller is null
08-24 14:43:48.475  4896  4896 D FaceWidgetMediaDataDAO: controller is null
08-24 14:43:48.475  4896  4896 D FaceWidgetMediaDataDAO: controller is null
08-24 14:43:48.475  4896  4896 D FaceWidgetMediaDataDAO: controller is null
08-24 14:43:48.475  4896  4896 D FaceWidgetMediaDataDAO: controller is null
08-24 14:43:48.476  4896  4896 D FaceWidgetMediaDataDAO: controller is null
08-24 14:43:48.476  4896  4896 D FaceWidgetMediaDataDAO: controller is null
08-24 14:43:48.476  4896  4896 D FaceWidgetMusicPageObserver: last played. show tap to play last song. : com.google.android.youtube
08-24 14:43:48.476  4585  4613 I SurfaceControl: nativeRelease nativeObject s[535556321600]
08-24 14:43:48.476  4585  4613 I SurfaceControl: nativeRelease nativeObject e[535556321600]
08-24 14:43:48.476  4896  4896 D FaceWidgetMusicViewModel: onChanged :: NULL
08-24 14:43:48.477  4226  4251 I Layer   : id=88544 removeFromCurrentState Splash Screen com.example.dogglers#0 (82)
08-24 14:43:48.477  4585  4613 I SurfaceControl: nativeRelease nativeObject s[535558904480]
08-24 14:43:48.477  4585  4613 I SurfaceControl: nativeRelease nativeObject e[535558904480]
08-24 14:43:48.477  4896  4896 I FaceWidgetMusicViewModel: getMediaButtonReceiverPackageName() - soundAssistant : com.google.android.youtube, Settings : org.telegram.plus/org.telegram.messenger.voip.VoIPMediaButtonReceiver,0,1
08-24 14:43:48.479  4226  4251 I Layer   : id=88543 removeFromCurrentState b37e839 Splash Screen com.example.dogglers#0 (82)
08-24 14:43:48.479  4226  4251 I Layer   : id=88557 removeFromCurrentState Surface(name=b37e839 Splash Screen com.example.dogglers)/@0x733dcbc - animation-leash#0 (82)
08-24 14:43:48.480  4226  4251 I SurfaceFlinger: id=88543 Removed b37e839 Splash Screen com.example.dogglers#0 (82)
08-24 14:43:48.480  4226  5359 I SurfaceFlinger: id=88557 Removed Surface(name=b37e839 Splash Screen com.example.dogglers)/@0x733dcbc - animation-leash#0 (82)
08-24 14:43:48.480  4226  5359 I SurfaceFlinger: id=88544 Removed Splash Screen com.example.dogglers#0 (82)
08-24 14:43:48.481  4896  4896 D FaceWidgetMediaDataDAO: launch package intent
08-24 14:43:48.482  4896  4896 D FaceWidgetViewModel: onChanged
08-24 14:43:48.482  4896  4896 D FaceWidgetViewModel: updateMusicPageShownState() show = false, reattach = false, reason = clear
08-24 14:43:48.482  4896  4896 D FaceWidgetViewModel: skip to show media panel
08-24 14:43:48.483  4226  4226 I Layer   : id=88557[1] Destroyed Surface(name=b37e839 Splash Screen com.example.dogglers)/@0x733dcbc - animation-leash#0
08-24 14:43:48.483  4226  4226 I Layer   : id=88543[1] Destroyed b37e839 Splash Screen com.example.dogglers#0
08-24 14:43:48.483  4896  4896 D FaceWidgetMusicPageObserver: [EXPAND] onChanged :: PluginFaceWidgetMediaData{[NULL]} showingLastPlayed : true
08-24 14:43:48.484  4896  4896 D FaceWidgetMediaDataDAO: controller is null
08-24 14:43:48.484  4896  4896 D FaceWidgetMediaDataDAO: controller is null
08-24 14:43:48.484  4896  4896 D FaceWidgetMediaDataDAO: controller is null
08-24 14:43:48.484  4896  4896 D FaceWidgetMediaDataDAO: controller is null
08-24 14:43:48.484  4896  4896 D FaceWidgetMediaDataDAO: controller is null
08-24 14:43:48.484  4896  4896 D FaceWidgetMediaDataDAO: controller is null
08-24 14:43:48.484  4896  4896 D FaceWidgetMediaDataDAO: controller is null
08-24 14:43:48.484  4896  4896 D FaceWidgetMediaDataDAO: controller is null
08-24 14:43:48.484  4896  4896 D FaceWidgetMusicPageObserver: last played. show tap to play last song. : com.google.android.youtube
08-24 14:43:48.486  4226  4226 I Layer   : id=88544[1] Destroyed Splash Screen com.example.dogglers#0
08-24 14:43:48.491  4226  4226 D SurfaceFlinger: Display 0 HWC layers:
08-24 14:43:48.491  4226  4226 D SurfaceFlinger:      DEVICE | 0x77ce816080 | 0002 | RGBA_8888    |    0.0    0.0 1080.0 2340.0 |    0    0 1080 2340 | com.example.dogglers/com.example.dogglers.HorizontalListActivity$_24159#0
08-24 14:43:48.491  4226  4226 D SurfaceFlinger:      DEVICE | 0x77ce815e00 | 0000 | RGBA_8888    |    0.0    0.0 1080.0   83.0 |    0    0 1080   83 | StatusBar$_4896#0
08-24 14:43:48.491  4226  4226 D SurfaceFlinger:      DEVICE | 0x77ce8157c0 | 0000 | RGBA_8888    |    0.0    0.0   67.0  342.0 |    0  746   67 1088 | com.samsung.android.app.cocktailbars[...]arservice.CocktailBarService$_9865#0
08-24 14:43:48.491  4226  4226 D SurfaceFlinger:      DEVICE | 0x7851238200 | 0000 | RGBA_8888    |    0.0    0.0  388.0   39.0 |  692 2301 1080 2340 | SGestureOverlayWindow$_5408#0
08-24 14:43:48.491  4226  4226 D SurfaceFlinger:      DEVICE | 0x77ce815f40 | 0000 | RGBA_8888    |    0.0    0.0 1080.0  126.0 |    0 2214 1080 2340 | NavigationBar0$_4896#0
08-24 14:43:48.491  4226  4226 D SurfaceFlinger:      DEVICE | 0x77ce814b40 | 0000 | RGBA_8888    |    0.0    0.0 1080.0  151.0 |    0    0 1080  151 | ScreenDecorOverlay$_4896#0
08-24 14:43:48.491  4226  4226 D SurfaceFlinger:      DEVICE | 0x77ce817d40 | 0000 | RGBA_8888    |    0.0    0.0 1080.0  151.0 |    0 2189 1080 2340 | ScreenDecorOverlayBottom$_4896
08-24 14:43:48.491  4226  4226 D SurfaceFlinger: #0
08-24 14:43:48.491  4226  4226 D SurfaceFlinger:
08-24 14:43:48.512  4896  4908 I ndroid.systemu: NativeAlloc concurrent copying GC freed 11382(471KB) AllocSpace objects, 0(0B) LOS objects, 49% free, 19MB/38MB, paused 280us total 209.532ms
08-24 14:43:48.515 21625 21625 D InputTransport: Input channel destroyed: 'ClientS', fd=146
08-24 14:43:48.518 21625 21625 I SurfaceControl: nativeRelease nativeObject s[537816939456]
08-24 14:43:48.518 21625 21625 I SurfaceControl: nativeRelease nativeObject e[537816939456]
08-24 14:43:48.549  4585  4613 I SurfaceControl: nativeRelease nativeObject s[535567043232]
08-24 14:43:48.549  4585  4613 I SurfaceControl: nativeRelease nativeObject e[535567043232]
08-24 14:43:48.570  4226  5359 I Layer   : id=88551 removeFromCurrentState Surface(name=Dim Layer for - Task=1572 - animating-dim)/@0xa610754 - animation-leash#0 (79)
08-24 14:43:48.570  4226  5359 I SurfaceFlinger: id=88551 Removed Surface(name=Dim Layer for - Task=1572 - animating-dim)/@0xa610754 - animation-leash#0 (79)
08-24 14:43:48.582  4226  4226 I Layer   : id=88551[1] Destroyed Surface(name=Dim Layer for - Task=1572 - animating-dim)/@0xa610754 - animation-leash#0
08-24 14:43:48.608  4585  7096 D InputDispatcher: Inject motion (24159): action=0x1, time=571765943000000, f=0x0, d=0
08-24 14:43:48.608  4585  4726 I InputDispatcher: Delivering touch to (24159): action: 0x1, f=0x1, d=0, '6edfabb', t=0
08-24 14:43:48.608  5408  5408 W TouchInteractionService: reset
08-24 14:43:48.608 24159 24159 I ViewRootImpl@9c618c6[HorizontalListActivity]: ViewPostIme pointer 1
08-24 14:43:48.609  4585  4585 I SemDvfsHyPerManager: acquire hyper - GESTURE_DETECTED/4585@22, type = -999
08-24 14:43:48.610  4175  4211 I HYPER-HAL: [RequestManager.cpp]acquire(): Acquired ID : 10614550  [4585 / 22]    HINT : GESTURE_DETECTED    list : [TIMEOUT / 956]
08-24 14:43:48.610  4175  4211 I HYPER-HAL: [ResourceManager.cpp]updateResource(): [CPUMinFreq] UpdateResource Request ID : 10614550    Value : 936000
08-24 14:43:48.610  4585  4585 I SemDvfsHyPerManager: acquire hyper - GESTURE_DETECTED/4585@22, type = -999
08-24 14:43:48.611  4175  4211 I HYPER-HAL: [RequestManager.cpp]acquire(): Acquired ID : 10614550  [4585 / 22]    HINT : GESTURE_DETECTED    list : [TIMEOUT / 956]
08-24 14:43:48.611  4175  4211 I HYPER-HAL: [ResourceManager.cpp]updateResource(): [CPUMinFreq] UpdateResource Request ID : 10614550    Value : 936000
08-24 14:43:48.624  9865  9865 I Utils   : isCurrentUser current = 0, ownerId = 0
08-24 14:43:48.624  9865  9865 I TrayVisibilityController: getComputedTrayVisible : keyguardState = 1
08-24 14:43:48.624  9865  9865 I TrayVisibilityController: updateTrayVisible: State=1 visible=1 mCurrentVisible=1 specificMode=0
08-24 14:43:48.624  9865  9865 I TrayStateController: onNotifyUpdateTray: 0 to need to visible? true
08-24 14:43:48.633  4585  4613 I SurfaceControl: nativeRelease nativeObject s[535556336480]
08-24 14:43:48.633  4585  4613 I SurfaceControl: nativeRelease nativeObject e[535556336480]
08-24 14:43:48.633  4585  4613 I SurfaceControl: nativeRelease nativeObject s[535557014496]
08-24 14:43:48.633  4585  4613 I SurfaceControl: nativeRelease nativeObject e[535557014496]
08-24 14:43:48.636 24159 24159 D LifecycleMonitor: Lifecycle status change: androidx.test.core.app.InstrumentationActivityInvoker$BootstrapActivity@d9414cb in: STOPPED
08-24 14:43:48.636 24159 24159 V ActivityScenario: Activity lifecycle changed event received but ignored because the intent does not match. startActivityIntent=Intent { act=android.intent.action.MAIN cat=[android.intent.category.LAUNCHER] cmp=com.example.dogglers/.HorizontalListActivity }, activity.getIntent()=Intent { act=android.intent.action.MAIN cat=[android.intent.category.LAUNCHER] flg=0x10008000 cmp=com.example.dogglers/androidx.test.core.app.InstrumentationActivityInvoker$BootstrapActivity (has extras) }, activity=androidx.test.core.app.InstrumentationActivityInvoker$BootstrapActivity@d9414cb
08-24 14:43:48.650  4226  4248 I Layer   : id=88549 removeFromCurrentState Surface(name=ActivityRecord{f3af0a6 u0 com.example.dogglers/androidx.test.core.app.InstrumentationActivityInvoker$BootstrapActivity t1572})/@0x1570fc1 - animation-leash#0 (78)
08-24 14:43:48.650  4226  4248 I Layer   : id=88552 removeFromCurrentState Surface(name=ActivityRecord{f3af0a6 u0 com.example.dogglers/androidx.test.core.app.InstrumentationActivityInvoker$BootstrapActivity t1572})/@0x1570fc1 - animation-bounds#0 (78)
08-24 14:43:48.650  4226  4248 I SurfaceFlinger: id=88549 Removed Surface(name=ActivityRecord{f3af0a6 u0 com.example.dogglers/androidx.test.core.app.InstrumentationActivityInvoker$BootstrapActivity t1572})/@0x1570fc1 - animation-leash#0 (78)
08-24 14:43:48.650  4226  5359 I SurfaceFlinger: id=88552 Removed Surface(name=ActivityRecord{f3af0a6 u0 com.example.dogglers/androidx.test.core.app.InstrumentationActivityInvoker$BootstrapActivity t1572})/@0x1570fc1 - animation-bounds#0 (78)
08-24 14:43:48.666  4226  4226 I Layer   : id=88552[1] Destroyed Surface(name=ActivityRecord{f3af0a6 u0 com.example.dogglers/androidx.test.core.app.InstrumentationActivityInvoker$BootstrapActivity t1572})/@0x1570fc1 - animation-bounds#0
08-24 14:43:48.666  4226  4226 I Layer   : id=88549[1] Destroyed Surface(name=ActivityRecord{f3af0a6 u0 com.example.dogglers/androidx.test.core.app.InstrumentationActivityInvoker$BootstrapActivity t1572})/@0x1570fc1 - animation-leash#0
08-24 14:43:48.678 24159 24159 I ViewInteraction: Checking 'MatchesViewAssertion{viewMatcher=(view has effective visibility <VISIBLE> and view.getGlobalVisibleRect() to return non-empty rectangle)}' assertion on view an instance of android.widget.TextView and view.getText() with or without transformation to match: is "Frankie"
08-24 14:43:48.686  4585  7112 I SemDvfsHyPerManager: acquire hyper - AMS_ACT_START/4585@16, type = -999
08-24 14:43:48.687  4175  4211 I HYPER-HAL: [RequestManager.cpp]acquire(): Acquired ID : 10586917  [4585 / 16]    HINT : AMS_ACT_START    list :
08-24 14:43:48.687  4175  4211 I HYPER-HAL: [ResourceManager.cpp]updateResource(): [CPUMinFreq] UpdateResource Request ID : 10586917    Value : 2314000
08-24 14:43:48.690  4226  5357 I SurfaceFlinger: id=88559 createSurf (0x0),-1 flag=80004, ActivityRecord{bd9b180 u0 com.example.dogglers/androidx.test.core.app.InstrumentationActivityInvoker$EmptyActivity t1572}#0
08-24 14:43:48.693  4140  4146 E statsd  : Predicate -7037417284711607308 dropping data for dimension key (10)0x2010101->10574[I] (10)0x30000->*launch*[S]
08-24 14:43:48.694  4140  4146 E statsd  : Predicate 5980654721335871649 dropping data for dimension key (10)0x2010101->10574[I] (10)0x30000->*launch*[S]
08-24 14:43:48.696 24159 24159 D LifecycleMonitor: Lifecycle status change: com.example.dogglers.HorizontalListActivity@c569bf2 in: PAUSED
08-24 14:43:48.696 24159 24159 V ActivityScenario: Update currentActivityStage to PAUSED, currentActivity=com.example.dogglers.HorizontalListActivity@c569bf2
08-24 14:43:48.698  4585  7113 V WindowOrientationListener: getProposedRotation: -1
08-24 14:43:48.699  4585  7113 V WindowOrientationListener: getProposedRotation: -1
08-24 14:43:48.699  4585  7113 V WindowOrientationListener: getProposedRotation: -1
08-24 14:43:48.701  4585  7113 D InputDispatcher: Focused application set to (0): bd9b180
08-24 14:43:48.714 24159 24159 D LifecycleMonitor: Lifecycle status change: androidx.test.core.app.InstrumentationActivityInvoker$EmptyActivity@821dc74 in: PRE_ON_CREATE
08-24 14:43:48.715 24159 24159 V ActivityScenario: Activity lifecycle changed event received but ignored because the intent does not match. startActivityIntent=Intent { act=android.intent.action.MAIN cat=[android.intent.category.LAUNCHER] cmp=com.example.dogglers/.HorizontalListActivity }, activity.getIntent()=Intent { act=android.intent.action.MAIN cat=[android.intent.category.LAUNCHER] flg=0x10000000 cmp=com.example.dogglers/androidx.test.core.app.InstrumentationActivityInvoker$EmptyActivity }, activity=androidx.test.core.app.InstrumentationActivityInvoker$EmptyActivity@821dc74
08-24 14:43:48.733  4585  7096 I InputDispatcher: Focus left window (24159): 6edfabb in display 0 0
08-24 14:43:48.746 24159 24159 I DecorView: [INFO] isPopOver=false, config=true
08-24 14:43:48.746 24159 24159 I DecorView: updateCaptionType >> DecorView@1c54a12[], isFloating=false, isApplication=true, hasWindowDecorCaption=false, hasWindowControllerCallback=true
08-24 14:43:48.746 24159 24159 D DecorView: setCaptionType = 0, this = DecorView@1c54a12[]
08-24 14:43:48.750 24159 24159 D LifecycleMonitor: Lifecycle status change: androidx.test.core.app.InstrumentationActivityInvoker$EmptyActivity@821dc74 in: CREATED
08-24 14:43:48.750 24159 24159 V ActivityScenario: Activity lifecycle changed event received but ignored because the intent does not match. startActivityIntent=Intent { act=android.intent.action.MAIN cat=[android.intent.category.LAUNCHER] cmp=com.example.dogglers/.HorizontalListActivity }, activity.getIntent()=Intent { act=android.intent.action.MAIN cat=[android.intent.category.LAUNCHER] flg=0x10000000 cmp=com.example.dogglers/androidx.test.core.app.InstrumentationActivityInvoker$EmptyActivity }, activity=androidx.test.core.app.InstrumentationActivityInvoker$EmptyActivity@821dc74
08-24 14:43:48.752 24159 24159 D LifecycleMonitor: Lifecycle status change: androidx.test.core.app.InstrumentationActivityInvoker$EmptyActivity@821dc74 in: STARTED
08-24 14:43:48.752 24159 24159 V ActivityScenario: Activity lifecycle changed event received but ignored because the intent does not match. startActivityIntent=Intent { act=android.intent.action.MAIN cat=[android.intent.category.LAUNCHER] cmp=com.example.dogglers/.HorizontalListActivity }, activity.getIntent()=Intent { act=android.intent.action.MAIN cat=[android.intent.category.LAUNCHER] flg=0x10000000 cmp=com.example.dogglers/androidx.test.core.app.InstrumentationActivityInvoker$EmptyActivity }, activity=androidx.test.core.app.InstrumentationActivityInvoker$EmptyActivity@821dc74
08-24 14:43:48.754 24159 24159 D LifecycleMonitor: Lifecycle status change: androidx.test.core.app.InstrumentationActivityInvoker$EmptyActivity@821dc74 in: RESUMED
08-24 14:43:48.754 24159 24159 V ActivityScenario: Activity lifecycle changed event received but ignored because the intent does not match. startActivityIntent=Intent { act=android.intent.action.MAIN cat=[android.intent.category.LAUNCHER] cmp=com.example.dogglers/.HorizontalListActivity }, activity.getIntent()=Intent { act=android.intent.action.MAIN cat=[android.intent.category.LAUNCHER] flg=0x10000000 cmp=com.example.dogglers/androidx.test.core.app.InstrumentationActivityInvoker$EmptyActivity }, activity=androidx.test.core.app.InstrumentationActivityInvoker$EmptyActivity@821dc74
08-24 14:43:48.757  4585  7113 D InputTransport: Input channel constructed: 'fca2357', fd=697
08-24 14:43:48.757  4585  7113 D InputTransport: Input channel constructed: 'fca2357', fd=701
08-24 14:43:48.758  4226  4251 I SurfaceFlinger: id=88560 createSurf (0x0),-1 flag=80004, fca2357 com.example.dogglers/androidx.test.core.app.InstrumentationActivityInvoker$EmptyActivity#0
08-24 14:43:48.758  4585  7113 D WindowManager: isScreenshotDisabledLocked - win: Window{fca2357 u0 com.example.dogglers/androidx.test.core.app.InstrumentationActivityInvoker$EmptyActivity}
08-24 14:43:48.758  4585  7113 D WindowManager: isScreenshotDisabledLocked: userId = 0, disabled =false
08-24 14:43:48.759  4585  7113 D InputTransport: Input channel destroyed: 'fca2357', fd=701
08-24 14:43:48.759 24159 24159 D InputTransport: Input channel constructed: 'fca2357', fd=93
08-24 14:43:48.760 24159 24159 I ViewRootImpl@4b0be99[InstrumentationActivityInvoker$EmptyActivity]: setView = com.android.internal.policy.DecorView@1c54a12 TM=true
08-24 14:43:48.766  4585  7113 V WindowManager: Relayout Window{fca2357 u0 com.example.dogglers/androidx.test.core.app.InstrumentationActivityInvoker$EmptyActivity}: viewVisibility=0 req=1080x2340
08-24 14:43:48.768  4585  7113 D WindowManager: isScreenshotDisabledLocked - win: Window{fca2357 u0 com.example.dogglers/androidx.test.core.app.InstrumentationActivityInvoker$EmptyActivity}
08-24 14:43:48.768  4585  7113 D WindowManager: isScreenshotDisabledLocked: userId = 0, disabled =false
08-24 14:43:48.769  4226  4251 I SurfaceFlinger: id=88561 createSurf (1080x2340),1 flag=404, com.example.dogglers/androidx.test.core.app.InstrumentationActivityInvoker$EmptyActivity$_24159#0
08-24 14:43:48.771  4585  7113 I SurfaceControl: nativeRelease nativeObject s[535565839904]
08-24 14:43:48.771  4585  7113 I SurfaceControl: nativeRelease nativeObject e[535565839904]
08-24 14:43:48.771  9865  9865 I TrayStateController: systemUiVisibilityChanged : 0 0
08-24 14:43:48.771  4226  4251 I SurfaceFlinger: id=88562 createSurf (0x0),-1 flag=24000, Surface(name=e455c2d StatusBar)/@0x2f65071 - animation-leash#0
08-24 14:43:48.772  4585  7113 I SurfaceControl: nativeRelease nativeObject s[535567043712]
08-24 14:43:48.772  4585  7113 I SurfaceControl: nativeRelease nativeObject e[535567043712]
08-24 14:43:48.772  4226  4251 I SurfaceFlinger: id=88563 createSurf (0x0),-1 flag=24000, Surface(name=a71bb8f NavigationBar0)/@0x8f38906 - animation-leash#0
08-24 14:43:48.774  4226  4251 I Layer   : id=88556 removeFromCurrentState Surface(name=a71bb8f NavigationBar0)/@0x8f38906 - animation-leash#1 (81)
08-24 14:43:48.774  4226  4251 I Layer   : id=26 removeFromCurrentState a71bb8f NavigationBar0#0 (81)
08-24 14:43:48.774  4226  4251 I Layer   : id=36 removeFromCurrentState NavigationBar0$_4896#0 (81)
08-24 14:43:48.774  4585  7113 V WindowManager: Relayout hash=fca2357, pid=24159: mAttrs={(0,0)(fillxfill) sim={adjust=pan forwardNavigation} ty=BASE_APPLICATION wanim=0x1030001
08-24 14:43:48.774  4585  7113 V WindowManager:   fl=1810100
08-24 14:43:48.774  4585  7113 V WindowManager:   pfl=12020000
08-24 14:43:48.774  4585  7113 V WindowManager:   apr=LIGHT_NAVIGATION_BARS
08-24 14:43:48.774  4585  7113 V WindowManager:   fitSides= naviIconColor=0
08-24 14:43:48.774  4585  7113 V WindowManager:   sfl=100000}
08-24 14:43:48.774  4226  4251 I Layer   : id=88555 removeFromCurrentState Surface(name=e455c2d StatusBar)/@0x2f65071 - animation-leash#1 (81)
08-24 14:43:48.774  4226  4251 I Layer   : id=26 addToCurrentState a71bb8f NavigationBar0#0 (81)
08-24 14:43:48.774  4226  4251 I Layer   : id=36 addToCurrentState NavigationBar0$_4896#0 (81)
08-24 14:43:48.774  4585  7113 I SurfaceControl: nativeRelease nativeObject s[535557009600]
08-24 14:43:48.774  4585  7113 I SurfaceControl: nativeRelease nativeObject e[535557009600]
08-24 14:43:48.776 24159 24159 I SurfaceControl: assignNativeObject: nativeObject = 0 Surface(name=null)/@0xca9f55e / android.view.SurfaceControl.readFromParcel:1117 android.view.IWindowSession$Stub$Proxy.relayout:1820 android.view.ViewRootImpl.relayoutWindow:9005 android.view.ViewRootImpl.performTraversals:3360 android.view.ViewRootImpl.doTraversal:2618 android.view.ViewRootImpl$TraversalRunnable.run:9971 android.view.Choreographer$CallbackRecord.run:1010 android.view.Choreographer.doCallbacks:809 android.view.Choreographer.doFrame:744 android.view.Choreographer$FrameDisplayEventReceiver.run:995
08-24 14:43:48.777 24159 24159 I ViewRootImpl@4b0be99[InstrumentationActivityInvoker$EmptyActivity]: Relayout returned: old=(0,0,1080,2340) new=(0,0,1080,2340) req=(1080,2340)0 dur=11 res=0x7 s={true 535654150144} ch=true fn=-1
08-24 14:43:48.779  4159 16850 D gralloc : [mali_gralloc_allocate] begin
08-24 14:43:48.779  4159 16850 D gralloc : buffer_descriptor: wh(1080 2340) usage_pc(0x40000000000b00 0x40000000000b00) hal_format(0x1) layer_count(1) sizes(0 0 0) strde(0) byte_stride(0) alloc_wh(0 0) internal_format(0x0) alloc_format(0x0) fd_count(1) plane_count(0)
08-24 14:43:48.779 24159 24159 I ViewRootImpl@4b0be99[InstrumentationActivityInvoker$EmptyActivity]: [DP] dp(1) 1 android.view.ViewRootImpl.reportNextDraw:10957 android.view.ViewRootImpl.performTraversals:3845 android.view.ViewRootImpl.doTraversal:2618
08-24 14:43:48.779 24159 24159 I ViewRootImpl@4b0be99[InstrumentationActivityInvoker$EmptyActivity]: [DP] pd() Asnyc report
08-24 14:43:48.780  4159 16850 D gralloc : [mali_gralloc_allocate] allocation successful
08-24 14:43:48.781  4159 16850 D gralloc : [mali_gralloc_allocate] begin
08-24 14:43:48.781  4159 16850 D gralloc : buffer_descriptor: wh(1080 2340) usage_pc(0x40000000000b00 0x40000000000b00) hal_format(0x1) layer_count(1) sizes(0 0 0) strde(0) byte_stride(0) alloc_wh(0 0) internal_format(0x0) alloc_format(0x0) fd_count(1) plane_count(0)
08-24 14:43:48.783  4159 16850 D gralloc : [mali_gralloc_allocate] allocation successful
08-24 14:43:48.784  4159 16850 D gralloc : [mali_gralloc_allocate] begin
08-24 14:43:48.784  4159 16850 D gralloc : buffer_descriptor: wh(1080 2340) usage_pc(0x40000000000b00 0x40000000000b00) hal_format(0x1) layer_count(1) sizes(0 0 0) strde(0) byte_stride(0) alloc_wh(0 0) internal_format(0x0) alloc_format(0x0) fd_count(1) plane_count(0)
08-24 14:43:48.788 24159 24159 I ViewRootImpl@4b0be99[InstrumentationActivityInvoker$EmptyActivity]: [DP] pdf(0) 1 android.view.ViewRootImpl.lambda$performDraw$1$ViewRootImpl:4668 android.view.-$$Lambda$ViewRootImpl$DJd0VUYJgsebcnSohO6h8zc_ONI.run:6 android.os.Handler.handleCallback:938
08-24 14:43:48.788 24159 24159 I ViewRootImpl@4b0be99[InstrumentationActivityInvoker$EmptyActivity]: [DP] rdf()
08-24 14:43:48.790  4159 16850 D gralloc : [mali_gralloc_allocate] allocation successful
08-24 14:43:48.791 24159 24159 I ViewRootImpl@9c618c6[HorizontalListActivity]: MSG_WINDOW_FOCUS_CHANGED 0 1
08-24 14:43:48.793  4585  4613 D PkgPredictorService: pkg:com.example.dogglers activity:androidx.test.core.app.InstrumentationActivityInvoker$EmptyActivity thisTime:108
08-24 14:43:48.794  4585  4613 I SemDvfsHyPerManager: acquire hyper - AMS_RESUME_TAIL/4585@18, type = -999
08-24 14:43:48.794  4175  4211 I HYPER-HAL: [RequestManager.cpp]acquire(): Acquired ID : 10596124  [4585 / 18]    HINT : AMS_RESUME_TAIL    list :
08-24 14:43:48.795  4175  4211 I HYPER-HAL: [ResourceManager.cpp]updateResource(): [CPUMinFreq] UpdateResource Request ID : 10596124    Value : 1768000
08-24 14:43:48.794  4585  4617 I ActivityTaskManager: Displayed com.example.dogglers/androidx.test.core.app.InstrumentationActivityInvoker$EmptyActivity: +108ms
08-24 14:43:48.795  4585  4613 I SemDvfsHyPerManager: acquire hyper - AMS_ACT_LAZY/4585@19, type = -999
08-24 14:43:48.795 24159 24159 I SurfaceControl: nativeRelease nativeObject s[535648700160]
08-24 14:43:48.795 24159 24159 I SurfaceControl: nativeRelease nativeObject e[535648700160]
08-24 14:43:48.795 24159 24159 I SurfaceControl: nativeRelease nativeObject s[535692238880]
08-24 14:43:48.795 24159 24159 I SurfaceControl: nativeRelease nativeObject e[535692238880]
08-24 14:43:48.795 24159 24159 I SurfaceControl: nativeRelease nativeObject s[535692237728]
08-24 14:43:48.795 24159 24159 I SurfaceControl: nativeRelease nativeObject e[535692237728]
08-24 14:43:48.795  4226  5357 I SurfaceFlinger: id=88556 Removed Surface(name=a71bb8f NavigationBar0)/@0x8f38906 - animation-leash#1 (81)
08-24 14:43:48.795  4175  4211 I HYPER-HAL: [RequestManager.cpp]acquire(): Acquired ID : 10600729  [4585 / 19]    HINT :      list :
08-24 14:43:48.796  4226  5357 I SurfaceFlinger: id=88555 Removed Surface(name=e455c2d StatusBar)/@0x2f65071 - animation-leash#1 (81)
08-24 14:43:48.796  4175  4211 E HYPER-HAL: [Request.cpp]acquire(): Request:: id : 10600729, No Resource to set
08-24 14:43:48.797  4175  4211 I HYPER-HAL: [ResourceManager.cpp]removeResource(): [CPUMinFreq] RemoveResource Request ID : 10586917
08-24 14:43:48.797  4175  4211 I HYPER-HAL: [RequestManager.cpp]releaseLocked(): Released ID : 10586917
08-24 14:43:48.799  4226  4226 I Layer   : id=88555[1] Destroyed Surface(name=e455c2d StatusBar)/@0x2f65071 - animation-leash#1
08-24 14:43:48.800  4226  4226 I Layer   : id=88556[1] Destroyed Surface(name=a71bb8f NavigationBar0)/@0x8f38906 - animation-leash#1
08-24 14:43:48.800  4585  7112 I InputDispatcher: Focus entered window (24159): fca2357 in display 0 0
08-24 14:43:48.805  4226  5357 E BufferQueueProducer: [com.example.dogglers/com.example.dogglers.HorizontalListActivity$_24159#0](id:108200004963,api:0,p:-1,c:4226) disconnect: not connected (req=1)
08-24 14:43:48.805 24159 24214 W libEGL  : EGLNativeWindowType 0x7cb7859010 disconnect failed
08-24 14:43:48.806  4585  7096 V WindowManager: Relayout Window{6edfabb u0 com.example.dogglers/com.example.dogglers.HorizontalListActivity}: viewVisibility=8 req=1080x2340
08-24 14:43:48.807  4226  4226 D SurfaceFlinger: Display 0 HWC layers:
08-24 14:43:48.807  4226  4226 D SurfaceFlinger:      DEVICE | 0x77ae6468c0 | 0002 | RGBA_8888    |    0.0    0.0 1080.0 2340.0 |    0    0 1080 2340 | com.example.dogglers/androidx.test.c[...]tivityInvoker$EmptyActivity$_24159#0
08-24 14:43:48.807  4226  4226 D SurfaceFlinger:      DEVICE | 0x77ce815e00 | 0000 | RGBA_8888    |    0.0    0.0 1080.0   83.0 |    0    0 1080   83 | StatusBar$_4896#0
08-24 14:43:48.807  4226  4226 D SurfaceFlinger:      DEVICE | 0x77ce8157c0 | 0000 | RGBA_8888    |    0.0    0.0   67.0  342.0 |    0  746   67 1088 | com.samsung.android.app.cocktailbars[...]arservice.CocktailBarService$_9865#0
08-24 14:43:48.807  4226  4226 D SurfaceFlinger:      DEVICE | 0x7851238200 | 0000 | RGBA_8888    |    0.0    0.0  388.0   39.0 |  692 2301 1080 2340 | SGestureOverlayWindow$_5408#0
08-24 14:43:48.807  4226  4226 D SurfaceFlinger:      DEVICE | 0x77ce815f40 | 0000 | RGBA_8888    |    0.0    0.0 1080.0  126.0 |    0 2214 1080 2340 | NavigationBar0$_4896#0
08-24 14:43:48.807  4226  4226 D SurfaceFlinger:      DEVICE | 0x77ce814b40 | 0000 | RGBA_8888    |    0.0    0.0 1080.0  151.0 |    0    0 1080  151 | ScreenDecorOverlay$_4896#0
08-24 14:43:48.807  4226  4226 D SurfaceFlinger:      DEVICE | 0x77ce817d40 | 0000 | RGBA_8888    |    0.0    0.0 1080.0  151.0 |    0 2189 1080 2340 | ScreenDecorOverlayBottom$_
08-24 14:43:48.807  4226  4226 D SurfaceFlinger: 4896#0
08-24 14:43:48.807  4226  4226 D SurfaceFlinger:
08-24 14:43:48.810  4585  7096 V WindowManager: Relayout hash=6edfabb, pid=24159: mAttrs={(0,0)(fillxfill) sim={adjust=resize forwardNavigation} ty=BASE_APPLICATION wanim=0x1030304
08-24 14:43:48.810  4585  7096 V WindowManager:   fl=81810100
08-24 14:43:48.810  4585  7096 V WindowManager:   pfl=12020000
08-24 14:43:48.810  4585  7096 V WindowManager:   apr=LIGHT_NAVIGATION_BARS
08-24 14:43:48.810  4585  7096 V WindowManager:   fitSides= naviIconColor=0
08-24 14:43:48.810  4585  7096 V WindowManager:   sfl=100000}
08-24 14:43:48.811 24159 24159 I SurfaceControl: nativeRelease nativeObject s[535648696128]
08-24 14:43:48.811 24159 24159 I SurfaceControl: nativeRelease nativeObject e[535648696128]
08-24 14:43:48.811 24159 24159 I SurfaceControl: assignNativeObject: nativeObject = 0 Surface(name=null)/@0x4a8460c / android.view.SurfaceControl.readFromParcel:1117 android.view.IWindowSession$Stub$Proxy.relayout:1810 android.view.ViewRootImpl.relayoutWindow:9005 android.view.ViewRootImpl.performTraversals:3360 android.view.ViewRootImpl.doTraversal:2618 android.view.ViewRootImpl$TraversalRunnable.run:9971 android.view.Choreographer$CallbackRecord.run:1010 android.view.Choreographer.doCallbacks:809 android.view.Choreographer.doFrame:744 android.view.Choreographer$FrameDisplayEventReceiver.run:995
08-24 14:43:48.812  4585  7113 I SemDvfsHyPerManager: acquire hyper - AMS_ACT_START/4585@16, type = -999
08-24 14:43:48.812 24159 24159 I SurfaceControl: assignNativeObject: nativeObject = 0 Surface(name=null)/@0xaa1f050 / android.view.SurfaceControl.readFromParcel:1117 android.view.IWindowSession$Stub$Proxy.relayout:1820 android.view.ViewRootImpl.relayoutWindow:9005 android.view.ViewRootImpl.performTraversals:3360 android.view.ViewRootImpl.doTraversal:2618 android.view.ViewRootImpl$TraversalRunnable.run:9971 android.view.Choreographer$CallbackRecord.run:1010 android.view.Choreographer.doCallbacks:809 android.view.Choreographer.doFrame:744 android.view.Choreographer$FrameDisplayEventReceiver.run:995
08-24 14:43:48.812  4175  4211 I HYPER-HAL: [RequestManager.cpp]acquire(): Acquired ID : 10586917  [4585 / 16]    HINT : AMS_ACT_START    list :
08-24 14:43:48.812 24159 24159 I SurfaceControl: nativeRelease nativeObject s[535648700256]
08-24 14:43:48.813 24159 24159 I SurfaceControl: nativeRelease nativeObject e[535648700256]
08-24 14:43:48.813 24159 24159 I ViewRootImpl@9c618c6[HorizontalListActivity]: Relayout returned: old=(0,0,1080,2340) new=(0,0,1080,2340) req=(1080,2340)8 dur=6 res=0x5 s={false 0} ch=true fn=20
08-24 14:43:48.813  4175  4211 I HYPER-HAL: [ResourceManager.cpp]updateResource(): [CPUMinFreq] UpdateResource Request ID : 10586917    Value : 2314000
08-24 14:43:48.813  4226  5357 I SurfaceFlinger: id=88564 createSurf (0x0),-1 flag=80004, ActivityRecord{12441ba u0 com.example.dogglers/androidx.test.core.app.InstrumentationActivityInvoker$EmptyActivity t1572}#0
08-24 14:43:48.813 24159 24159 I ViewRootImpl@4b0be99[InstrumentationActivityInvoker$EmptyActivity]: MSG_WINDOW_FOCUS_CHANGED 1 1
08-24 14:43:48.813 24159 24159 D InputMethodManager: prepareNavigationBarInfo() DecorView@1c54a12[InstrumentationActivityInvoker$EmptyActivity]
08-24 14:43:48.813 24159 24159 D InputMethodManager: getNavigationBarColor() -855310
08-24 14:43:48.814 24159 24159 D InputMethodManager: prepareNavigationBarInfo() DecorView@1c54a12[InstrumentationActivityInvoker$EmptyActivity]
08-24 14:43:48.814 24159 24159 D InputMethodManager: getNavigationBarColor() -855310
08-24 14:43:48.814 24159 24159 V InputMethodManager: Starting input: tba=com.example.dogglers ic=null mNaviBarColor -855310 mIsGetNaviBarColorSuccess true , NavVisible : true , NavTrans : false
08-24 14:43:48.814 24159 24159 D InputMethodManager: startInputInner - Id : 0
08-24 14:43:48.814 24159 24159 I InputMethodManager: startInputInner - mService.startInputOrWindowGainedFocus
08-24 14:43:48.815  4585  7096 D InputMethodManagerService: mSecureKeypadEnabled = false
08-24 14:43:48.819  4585  7096 V InputMethodManagerService: hideCurrentInputLocked : shouldHideSoftInput is false
08-24 14:43:48.819  4585  7096 D InputMethodManagerService: mDesktopModeManager null!
08-24 14:43:48.820  4585  7096 V InputMethodManagerService: getDisplayIdOfInputMethodWindowToBeAdded : 0
08-24 14:43:48.820  4585  7096 D InputMethodManagerService: checkDisplayOfStartInputAndUpdateKeyboard display Id 0last 0
08-24 14:43:48.820  4585  7096 D InputTransport: Input channel constructed: 'ClientS', fd=710
08-24 14:43:48.820  4585  7096 D InputTransport: Input channel destroyed: 'ClientS', fd=710
08-24 14:43:48.820 24159 24159 D InputTransport: Input channel constructed: 'ClientS', fd=92
08-24 14:43:48.821 24159 24159 D InputTransport: Input channel destroyed: 'ClientS', fd=89
08-24 14:43:48.822 24159 24159 I ViewRootImpl@9c618c6[HorizontalListActivity]: stopped(true) old=false
08-24 14:43:48.822 24159 24159 D LifecycleMonitor: Lifecycle status change: com.example.dogglers.HorizontalListActivity@c569bf2 in: STOPPED
08-24 14:43:48.823 24159 24159 V ActivityScenario: Update currentActivityStage to STOPPED, currentActivity=com.example.dogglers.HorizontalListActivity@c569bf2
08-24 14:43:48.823  4585  7096 I SurfaceControl: nativeRelease nativeObject s[535565837216]
08-24 14:43:48.823  4585  7096 I SurfaceControl: nativeRelease nativeObject e[535565837216]
08-24 14:43:48.824  4226  5357 I SurfaceFlinger: id=88565 createSurf (0x0),-1 flag=24004, Surface(name=a3a0629 InputMethod)/@0x54f474f - animation-leash#0
08-24 14:43:48.825 24159 24159 D LifecycleMonitor: Lifecycle status change: com.example.dogglers.HorizontalListActivity@c569bf2 in: DESTROYED
08-24 14:43:48.825 24159 24159 V ActivityScenario: Update currentActivityStage to DESTROYED, currentActivity=null
08-24 14:43:48.826  7388  7388 I HBD     : HoneyBoardService onFinishInput
08-24 14:43:48.827 24159 24159 I ViewRootImpl@9c618c6[HorizontalListActivity]: dispatchDetachedFromWindow
08-24 14:43:48.827  7388  7388 I HBD     : a IC have been unbinded,  InputConnectionWrapper{idHash=#33fc446 mMissingMethods=}
08-24 14:43:48.827  4585  7096 D InputTransport: Input channel destroyed: '6edfabb', fd=696
08-24 14:43:48.827  7388  7388 I HBD     : HoneyBoardService [PF_CL][onFinishInput]  1396192 ns
08-24 14:43:48.827  4585  7096 I SurfaceControl: nativeRelease nativeObject s[535579927648]
08-24 14:43:48.827  4585  7096 I SurfaceControl: nativeRelease nativeObject e[535579927648]
08-24 14:43:48.827  4585  7096 D WindowManager: isScreenshotDisabledLocked - win: Window{6edfabb u0 com.example.dogglers/com.example.dogglers.HorizontalListActivity}
08-24 14:43:48.827  4585  7096 D WindowManager: isScreenshotDisabledLocked: userId = 0, disabled =false
08-24 14:43:48.828  7388  7388 I HBD     : HoneyBoardService [IMI] onStartInput - caller pid : 24159 , caller uid : 10574
08-24 14:43:48.828  4585  7096 I SurfaceControl: nativeRelease nativeObject s[537628416832]
08-24 14:43:48.828  7388  7388 I HBD     : i updateConfigs
08-24 14:43:48.828  4585  7096 I SurfaceControl: nativeRelease nativeObject e[537628416832]
08-24 14:43:48.828  7388  7388 I HBD     : i isEnabledNightMode : false
08-24 14:43:48.828  7388  7388 I HBD     : a IC have been binded, InputConnectionWrapper{idHash=#33fc446 mMissingMethods=}
08-24 14:43:48.828  4226  5357 I Layer   : id=88554 removeFromCurrentState com.example.dogglers/com.example.dogglers.HorizontalListActivity$_24159#0 (81)
08-24 14:43:48.828  7388  7388 I HBD     : h [EditorInputType]setPrivateImeOptionsToTable privateImeOptions ( null )
08-24 14:43:48.828  4226  5357 I SurfaceFlinger: id=88554 Removed com.example.dogglers/com.example.dogglers.HorizontalListActivity$_24159#0 (81)
08-24 14:43:48.828  7388  7388 I HBD     : b incognitoMode : false
08-24 14:43:48.828  7388  7388 I HBD     : a needOff = true , isForceOff = false, isNullInputClass : true
08-24 14:43:48.829  7388  7388 I HBD     : h getDefaultInputRange : UNKNOWN
08-24 14:43:48.829  7388  7388 I HBD     : h getDefaultInputRange : UNKNOWN
08-24 14:43:48.829  7388  7388 I HBD     : h getDefaultInputRange : UNKNOWN
08-24 14:43:48.829  4585  7112 D SdpManagerService: Not an enterprise user : 0
08-24 14:43:48.829  4585  7112 D SdpManagerService: Not an enterprise user : 0
08-24 14:43:48.830  4226  5357 I Layer   : id=88558 removeFromCurrentState Surface(name=a3a0629 InputMethod)/@0x54f474f - animation-leash#1 (81)
08-24 14:43:48.830  4226  5357 I Layer   : id=88553 removeFromCurrentState 6edfabb com.example.dogglers/com.example.dogglers.HorizontalListActivity#0 (81)
08-24 14:43:48.830  4226  5357 I SurfaceFlinger: id=88553 Removed 6edfabb com.example.dogglers/com.example.dogglers.HorizontalListActivity#0 (81)
08-24 14:43:48.831 24159 24159 D InputTransport: Input channel destroyed: '6edfabb', fd=80
08-24 14:43:48.831  7388  7388 I HBD     : h getDefaultInputRange : UNKNOWN
08-24 14:43:48.832  4585  7113 I SurfaceControl: nativeRelease nativeObject s[537628421632]
08-24 14:43:48.832  4585  7113 I SurfaceControl: nativeRelease nativeObject e[537628421632]
08-24 14:43:48.832  7388  7388 I HBD     : a currentState : 0
08-24 14:43:48.833  4226  4226 I Layer   : id=88553[1] Destroyed 6edfabb com.example.dogglers/com.example.dogglers.HorizontalListActivity#0
08-24 14:43:48.834  4226  4226 I Layer   : id=88554[1] Destroyed com.example.dogglers/com.example.dogglers.HorizontalListActivity$_24159#0
08-24 14:43:48.837  7388  7388 I HBD     : h load selected json info : {"version":"1.0","currentLanguageOrder":0,"selected":[{"activeOptionList":["auto_replace","auto_spacing"],"engName":"Russian","id":3342336,"inputType":"qwerty","isUsed":true},{"activeOptionList":["auto_replace","auto_spacing"],"engName":"English","id":65537,"inputType":"qwerty","isUsed":true}]}
08-24 14:43:48.837  4226  5357 I Layer   : id=88548 removeFromCurrentState ActivityRecord{819d889 u0 com.example.dogglers/.HorizontalListActivity t1572}#0 (79)
08-24 14:43:48.838  4226  5357 I SurfaceFlinger: id=88548 Removed ActivityRecord{819d889 u0 com.example.dogglers/.HorizontalListActivity t1572}#0 (79)
08-24 14:43:48.839  7388  7388 I HBD     : a [UpdatePolicy] [post] a: 0 cl: 3342336 kit: [0/0] vt: 0 ir: 1
08-24 14:43:48.840 24159 24159 D LifecycleMonitor: Lifecycle status change: androidx.test.core.app.InstrumentationActivityInvoker$EmptyActivity@821dc74 in: PAUSED
08-24 14:43:48.840 24159 24159 V ActivityScenario: Activity lifecycle changed event received but ignored because the intent does not match. startActivityIntent=Intent { act=android.intent.action.MAIN cat=[android.intent.category.LAUNCHER] cmp=com.example.dogglers/.HorizontalListActivity }, activity.getIntent()=Intent { act=android.intent.action.MAIN cat=[android.intent.category.LAUNCHER] flg=0x10000000 cmp=com.example.dogglers/androidx.test.core.app.InstrumentationActivityInvoker$EmptyActivity }, activity=androidx.test.core.app.InstrumentationActivityInvoker$EmptyActivity@821dc74
08-24 14:43:48.843  4585  7096 V WindowOrientationListener: getProposedRotation: -1
08-24 14:43:48.843  4585  7096 V WindowOrientationListener: getProposedRotation: -1
08-24 14:43:48.844  4585  7096 V WindowOrientationListener: getProposedRotation: -1
08-24 14:43:48.845  7388  7388 I HBD     : HoneyBoardService [PF_OP][onStartInput]  17089153 ns
08-24 14:43:48.846  4585  7096 D InputDispatcher: Focused application set to (0): 12441ba
08-24 14:43:48.850  4226  4226 I Layer   : id=88548[1] Destroyed ActivityRecord{819d889 u0 com.example.dogglers/.HorizontalListActivity t1572}#0
08-24 14:43:48.854  4585  7113 D SamsungIMMSHWKeyboard: isConnectedDexOnPC false
08-24 14:43:48.854 24159 24159 I SurfaceControl: nativeRelease nativeObject s[536151021440]
08-24 14:43:48.854 24159 24159 I SurfaceControl: nativeRelease nativeObject e[536151021440]
08-24 14:43:48.854 24159 24159 I SurfaceControl: nativeRelease nativeObject s[537816936384]
08-24 14:43:48.854 24159 24159 I SurfaceControl: nativeRelease nativeObject e[537816936384]
08-24 14:43:48.856  4585  7113 D InputMethodManagerService: isImeSwitcherDisabledPackage : false
08-24 14:43:48.856 24159 24159 D LifecycleMonitor: Lifecycle status change: androidx.test.core.app.InstrumentationActivityInvoker$BootstrapActivity@d9414cb in: DESTROYED
