08-24 14:43:52.006  4896  4896 I FaceWidgetMusicViewModel: getMediaButtonReceiverPackageName() - soundAssistant : com.google.android.youtube, Settings : org.telegram.plus/org.telegram.messenger.voip.VoIPMediaButtonReceiver,0,1
08-24 14:43:52.014  4896  4896 D FaceWidgetMediaDataDAO: launch package intent
08-24 14:43:52.017  4896  4896 D FaceWidgetViewModel: onChanged
08-24 14:43:52.017  4896  4896 D FaceWidgetViewModel: updateMusicPageShownState() show = false, reattach = false, reason = clear
08-24 14:43:52.017  4896  4896 D FaceWidgetViewModel: skip to show media panel
08-24 14:43:52.017  4896  4896 D FaceWidgetMusicPageObserver: [EXPAND] onChanged :: PluginFaceWidgetMediaData{[NULL]} showingLastPlayed : true
08-24 14:43:52.017  4896  4896 D FaceWidgetMediaDataDAO: controller is null
08-24 14:43:52.018  4896  4896 D FaceWidgetMediaDataDAO: controller is null
08-24 14:43:52.018  4896  4896 D FaceWidgetMediaDataDAO: controller is null
08-24 14:43:52.018  4896  4896 D FaceWidgetMediaDataDAO: controller is null
08-24 14:43:52.018  4896  4896 D FaceWidgetMediaDataDAO: controller is null
08-24 14:43:52.018  4896  4896 D FaceWidgetMediaDataDAO: controller is null
08-24 14:43:52.018  4896  4896 D FaceWidgetMediaDataDAO: controller is null
08-24 14:43:52.018  4896  4896 D FaceWidgetMediaDataDAO: controller is null
08-24 14:43:52.018  4896  4896 D FaceWidgetMusicPageObserver: last played. show tap to play last song. : com.google.android.youtube
08-24 14:43:52.030 24159 24159 D RootViewPicker: Root not ready - waiting: 10ms for one to appear.
08-24 14:43:52.031 24159 24159 I ViewRootImpl@fa5b121[VerticalListActivity]: MSG_WINDOW_FOCUS_CHANGED 1 1
08-24 14:43:52.031 24159 24159 D InputMethodManager: prepareNavigationBarInfo() DecorView@1e31fca[VerticalListActivity]
08-24 14:43:52.031 24159 24159 D InputMethodManager: getNavigationBarColor() -855310
08-24 14:43:52.032 24159 24159 D InputMethodManager: prepareNavigationBarInfo() DecorView@1e31fca[VerticalListActivity]
08-24 14:43:52.033 24159 24159 D InputMethodManager: getNavigationBarColor() -855310
08-24 14:43:52.033 24159 24159 V InputMethodManager: Starting input: tba=com.example.dogglers ic=null mNaviBarColor -855310 mIsGetNaviBarColorSuccess true , NavVisible : true , NavTrans : false
08-24 14:43:52.033 24159 24159 D InputMethodManager: startInputInner - Id : 0
08-24 14:43:52.033 24159 24159 I InputMethodManager: startInputInner - mService.startInputOrWindowGainedFocus
08-24 14:43:52.034  4585  7040 D InputMethodManagerService: mSecureKeypadEnabled = false
08-24 14:43:52.034  4585  7040 V InputMethodManagerService: hideCurrentInputLocked : shouldHideSoftInput is false
08-24 14:43:52.034  4585  7040 D InputMethodManagerService: mDesktopModeManager null!
08-24 14:43:52.034  4585  7040 V InputMethodManagerService: getDisplayIdOfInputMethodWindowToBeAdded : 0
08-24 14:43:52.034  4585  7040 D SamsungIMMSHWKeyboard: isConnectedDexOnPC false
08-24 14:43:52.035  4585  7040 D InputMethodManagerService: isImeSwitcherDisabledPackage : false
08-24 14:43:52.035  4585  7040 D InputMethodManagerService: checkDisplayOfStartInputAndUpdateKeyboard display Id 0last 0
08-24 14:43:52.035  4585  7040 D InputTransport: Input channel constructed: 'ClientS', fd=680
08-24 14:43:52.035  4585  7040 D InputTransport: Input channel destroyed: 'ClientS', fd=680
08-24 14:43:52.036 24159 24159 D InputTransport: Input channel constructed: 'ClientS', fd=89
08-24 14:43:52.043  4585  8021 I SurfaceControl: nativeRelease nativeObject s[537628425280]
08-24 14:43:52.043  4585  8021 I SurfaceControl: nativeRelease nativeObject e[537628425280]
08-24 14:43:52.044  4226  4251 I SurfaceFlinger: id=88672 createSurf (0x0),-1 flag=24004, Surface(name=a3a0629 InputMethod)/@0x54f474f - animation-leash#1
08-24 14:43:52.049  7388  7388 I HBD     : HoneyBoardService onFinishInput
08-24 14:43:52.049  4226  4226 D SurfaceFlinger: Display 0 HWC layers:
08-24 14:43:52.049  4226  4226 D SurfaceFlinger:      DEVICE | 0x77ce816080 | 0002 | RGBA_8888    |    0.0    0.0 1080.0 2340.0 |    0    0 1080 2340 | com.example.dogglers/com.example.dogglers.VerticalListActivity$_24159#0
08-24 14:43:52.049  4226  4226 D SurfaceFlinger:      DEVICE | 0x7851239b00 | 0002 | RGBA_8888    |    0.0    0.0 1080.0 2340.0 |    0    0 1080 2340 | Splash Screen com.example.dogglers#0
08-24 14:43:52.049  4226  4226 D SurfaceFlinger:      DEVICE | 0x77ce814dc0 | 0000 | RGBA_8888    |    0.0    0.0 1080.0   83.0 |    0    0 1080   83 | StatusBar$_4896#0
08-24 14:43:52.049  4226  4226 D SurfaceFlinger:      DEVICE | 0x77ce8157c0 | 0000 | RGBA_8888    |    0.0    0.0   67.0  342.0 |    0  746   67 1088 | com.samsung.android.app.cocktailbars[...]arservice.CocktailBarService$_9865#0
08-24 14:43:52.049  4226  4226 D SurfaceFlinger:      DEVICE | 0x7851238200 | 0000 | RGBA_8888    |    0.0    0.0  388.0   39.0 |  692 2301 1080 2340 | SGestureOverlayWindow$_5408#0
08-24 14:43:52.049  4226  4226 D SurfaceFlinger:      DEVICE | 0x77ce815f40 | 0000 | RGBA_8888    |    0.0    0.0 1080.0  126.0 |    0 2214 1080 2340 | NavigationBar0$_4896#0
08-24 14:43:52.049  4226  4226 D SurfaceFlinger:      DEVICE | 0x77ce814b40 | 0000 | RGBA_8888    |    0.0    0.0 1080.0  151.0 |    0    0 1080  151 | ScreenDecorOverlay$_48
08-24 14:43:52.049  4226  4226 D SurfaceFlinger: 96#0
08-24 14:43:52.049  4226  4226 D SurfaceFlinger:      DEVICE | 0x77ce817d40 | 0000 | RGBA_8888    |    0.0    0.0 1080.0  151.0 |    0 2189 1080 2340 | ScreenDecorOverlayBottom$_4896#0
08-24 14:43:52.049  4226  4226 D SurfaceFlinger:
08-24 14:43:52.049  7388  7388 I HBD     : a IC have been unbinded,  InputConnectionWrapper{idHash=#1cf4c1b mMissingMethods=}
08-24 14:43:52.050  7388  7388 I HBD     : HoneyBoardService [PF_CL][onFinishInput]  839077 ns
08-24 14:43:52.050  7388  7388 I HBD     : HoneyBoardService [IMI] onStartInput - caller pid : 24159 , caller uid : 10574
08-24 14:43:52.050  7388  7388 I HBD     : i updateConfigs
08-24 14:43:52.050  7388  7388 I HBD     : i isEnabledNightMode : false
08-24 14:43:52.051  7388  7388 I HBD     : a IC have been binded, InputConnectionWrapper{idHash=#4c08b91 mMissingMethods=}
08-24 14:43:52.051  7388  7388 I HBD     : h [EditorInputType]setPrivateImeOptionsToTable privateImeOptions ( null )
08-24 14:43:52.051 24159 24159 I ViewInteraction: Checking 'com.example.dogglers.BaseTest$DrawableMatcher$RecyclerViewAssertion@c9b42eb' assertion on view view.getId() is <2131231206/com.example.dogglers:id/vertical_recycler_view>
08-24 14:43:52.051  7388  7388 I HBD     : b incognitoMode : false
08-24 14:43:52.051  7388  7388 I HBD     : a needOff = true , isForceOff = false, isNullInputClass : true
08-24 14:43:52.051  7388  7388 I HBD     : h getDefaultInputRange : UNKNOWN
08-24 14:43:52.053  7388  7388 I HBD     : h getDefaultInputRange : UNKNOWN
08-24 14:43:52.053  7388  7388 I HBD     : h getDefaultInputRange : UNKNOWN
08-24 14:43:52.054  4140  4146 E statsd  : Predicate -7037417284711607308 dropping data for dimension key (10)0x2010101->10574[I] (10)0x30000->*launch*[S]
08-24 14:43:52.055  4140  4146 E statsd  : Predicate 5980654721335871649 dropping data for dimension key (10)0x2010101->10574[I] (10)0x30000->*launch*[S]
08-24 14:43:52.056  4585  8021 D SdpManagerService: Not an enterprise user : 0
08-24 14:43:52.056  4585  8021 D SdpManagerService: Not an enterprise user : 0
08-24 14:43:52.059  4226  5359 I Layer   : id=88658 removeFromCurrentState Surface(name=a3a0629 InputMethod)/@0x54f474f - animation-leash#0 (80)
08-24 14:43:52.061  4585  4613 I SurfaceControl: nativeRelease nativeObject s[535556325248]
08-24 14:43:52.061  4585  4613 I SurfaceControl: nativeRelease nativeObject e[535556325248]
08-24 14:43:52.061  4585  4617 D ArtManagerInternalImpl: /data/misc/iorapd/com.example.dogglers/1/com.example.dogglers.VerticalListActivity/compiled_traces/compiled_trace.pb doesn't exist
08-24 14:43:52.062  4585  4613 I SurfaceControl: nativeRelease nativeObject s[537628420480]
08-24 14:43:52.062  4585  4613 I SurfaceControl: nativeRelease nativeObject e[537628420480]
08-24 14:43:52.062 24159 24159 I SurfaceControl: nativeRelease nativeObject s[537830053952]
08-24 14:43:52.062 24159 24159 I SurfaceControl: nativeRelease nativeObject e[537830053952]
08-24 14:43:52.062  4585  7044 D SamsungIMMSHWKeyboard: isConnectedDexOnPC false
08-24 14:43:52.063 24159 24159 I SurfaceControl: nativeRelease nativeObject s[535655940608]
08-24 14:43:52.063 24159 24159 I SurfaceControl: nativeRelease nativeObject e[535655940608]
08-24 14:43:52.063  4226  5359 I Layer   : id=88662 removeFromCurrentState Splash Screen com.example.dogglers#0 (80)
08-24 14:43:52.063  4585  4613 I SurfaceControl: nativeRelease nativeObject s[537628422016]
08-24 14:43:52.063  4585  4613 I SurfaceControl: nativeRelease nativeObject e[537628422016]
08-24 14:43:52.066  7388  7388 I HBD     : h getDefaultInputRange : UNKNOWN
08-24 14:43:52.066  7388  7388 I HBD     : a currentState : 0
08-24 14:43:52.066  4226  5359 I Layer   : id=88661 removeFromCurrentState 8dff53 Splash Screen com.example.dogglers#0 (80)
08-24 14:43:52.066  4226  5359 I Layer   : id=88671 removeFromCurrentState Surface(name=8dff53 Splash Screen com.example.dogglers)/@0xf3bddc0 - animation-leash#0 (80)
08-24 14:43:52.066  4226  5359 I SurfaceFlinger: id=88661 Removed 8dff53 Splash Screen com.example.dogglers#0 (80)
08-24 14:43:52.066  4226  4251 I SurfaceFlinger: id=88671 Removed Surface(name=8dff53 Splash Screen com.example.dogglers)/@0xf3bddc0 - animation-leash#0 (80)
08-24 14:43:52.066  4226  4251 I SurfaceFlinger: id=88662 Removed Splash Screen com.example.dogglers#0 (80)
08-24 14:43:52.068  4585  7044 D InputMethodManagerService: isImeSwitcherDisabledPackage : false
08-24 14:43:52.069  7388  7388 I HBD     : h load selected json info : {"version":"1.0","currentLanguageOrder":0,"selected":[{"activeOptionList":["auto_replace","auto_spacing"],"engName":"Russian","id":3342336,"inputType":"qwerty","isUsed":true},{"activeOptionList":["auto_replace","auto_spacing"],"engName":"English","id":65537,"inputType":"qwerty","isUsed":true}]}
08-24 14:43:52.070  7388  7388 I HBD     : a [UpdatePolicy] [post] a: 0 cl: 3342336 kit: [0/0] vt: 0 ir: 1
08-24 14:43:52.072  7388  7388 I HBD     : HoneyBoardService [PF_OP][onStartInput]  21310192 ns
08-24 14:43:52.073  4585  4617 I ActivityTaskManager: Displayed com.example.dogglers/.VerticalListActivity: +367ms
08-24 14:43:52.073  4226  4226 I Layer   : id=88671[1] Destroyed Surface(name=8dff53 Splash Screen com.example.dogglers)/@0xf3bddc0 - animation-leash#0
08-24 14:43:52.073  4226  4226 I Layer   : id=88661[1] Destroyed 8dff53 Splash Screen com.example.dogglers#0
08-24 14:43:52.075  4226  4226 I Layer   : id=88662[1] Destroyed Splash Screen com.example.dogglers#0
08-24 14:43:52.078  4226  4226 D SurfaceFlinger: Display 0 HWC layers:
08-24 14:43:52.078  4226  4226 D SurfaceFlinger:      DEVICE | 0x77ce815b80 | 0002 | RGBA_8888    |    0.0    0.0 1080.0 2340.0 |    0    0 1080 2340 | com.example.dogglers/com.example.dogglers.VerticalListActivity$_24159#0
08-24 14:43:52.078  4226  4226 D SurfaceFlinger:      DEVICE | 0x77ce814dc0 | 0000 | RGBA_8888    |    0.0    0.0 1080.0   83.0 |    0    0 1080   83 | StatusBar$_4896#0
08-24 14:43:52.078  4226  4226 D SurfaceFlinger:      DEVICE | 0x77ce8157c0 | 0000 | RGBA_8888    |    0.0    0.0   67.0  342.0 |    0  746   67 1088 | com.samsung.android.app.cocktailbars[...]arservice.CocktailBarService$_9865#0
08-24 14:43:52.078  4226  4226 D SurfaceFlinger:      DEVICE | 0x7851238200 | 0000 | RGBA_8888    |    0.0    0.0  388.0   39.0 |  692 2301 1080 2340 | SGestureOverlayWindow$_5408#0
08-24 14:43:52.078  4226  4226 D SurfaceFlinger:      DEVICE | 0x77ce815f40 | 0000 | RGBA_8888    |    0.0    0.0 1080.0  126.0 |    0 2214 1080 2340 | NavigationBar0$_4896#0
08-24 14:43:52.078  4226  4226 D SurfaceFlinger:      DEVICE | 0x77ce814b40 | 0000 | RGBA_8888    |    0.0    0.0 1080.0  151.0 |    0    0 1080  151 | ScreenDecorOverlay$_4896#0
08-24 14:43:52.078  4226  4226 D SurfaceFlinger:      DEVICE | 0x77ce817d40 | 0000 | RGBA_8888    |    0.0    0.0 1080.0  151.0 |    0 2189 1080 2340 | ScreenDecorOverlayBottom$_4896#0
08-24 14:43:52.079  4226  4226 D SurfaceFlinger:
08-24 14:43:52.079  4226  4226 D SurfaceFlinger:
08-24 14:43:52.086  4585  7040 I SemDvfsHyPerManager: acquire hyper - AMS_ACT_START/4585@16, type = -999
08-24 14:43:52.087  4175  4211 I HYPER-HAL: [RequestManager.cpp]acquire(): Acquired ID : 10586917  [4585 / 16]    HINT : AMS_ACT_START    list :
08-24 14:43:52.088  4175  4211 I HYPER-HAL: [ResourceManager.cpp]updateResource(): [CPUMinFreq] UpdateResource Request ID : 10586917    Value : 2314000
08-24 14:43:52.089  4226  4251 I SurfaceFlinger: id=88673 createSurf (0x0),-1 flag=80004, ActivityRecord{c91e998 u0 com.example.dogglers/androidx.test.core.app.InstrumentationActivityInvoker$EmptyActivity t1575}#0
08-24 14:43:52.096  4140  4146 E statsd  : Predicate -7037417284711607308 dropping data for dimension key (10)0x2010101->10574[I] (10)0x30000->*launch*[S]
08-24 14:43:52.097  4140  4146 E statsd  : Predicate 5980654721335871649 dropping data for dimension key (10)0x2010101->10574[I] (10)0x30000->*launch*[S]
08-24 14:43:52.101 24159 24159 D LifecycleMonitor: Lifecycle status change: com.example.dogglers.VerticalListActivity@fd3d7d in: PAUSED
08-24 14:43:52.101 24159 24159 V ActivityScenario: Update currentActivityStage to PAUSED, currentActivity=com.example.dogglers.VerticalListActivity@fd3d7d
08-24 14:43:52.105  4585  7044 V WindowOrientationListener: getProposedRotation: -1
08-24 14:43:52.105  4585  7044 V WindowOrientationListener: getProposedRotation: -1
08-24 14:43:52.106  4585  7044 V WindowOrientationListener: getProposedRotation: -1
08-24 14:43:52.111  4585  7044 D InputDispatcher: Focused application set to (0): c91e998
08-24 14:43:52.127 24159 24159 D LifecycleMonitor: Lifecycle status change: androidx.test.core.app.InstrumentationActivityInvoker$EmptyActivity@846a0f4 in: PRE_ON_CREATE
08-24 14:43:52.127 24159 24159 V ActivityScenario: Activity lifecycle changed event received but ignored because the intent does not match. startActivityIntent=Intent { act=android.intent.action.MAIN cat=[android.intent.category.LAUNCHER] cmp=com.example.dogglers/.VerticalListActivity }, activity.getIntent()=Intent { act=android.intent.action.MAIN cat=[android.intent.category.LAUNCHER] flg=0x10000000 cmp=com.example.dogglers/androidx.test.core.app.InstrumentationActivityInvoker$EmptyActivity }, activity=androidx.test.core.app.InstrumentationActivityInvoker$EmptyActivity@846a0f4
08-24 14:43:52.138 24159 24159 I DecorView: [INFO] isPopOver=false, config=true
08-24 14:43:52.138 24159 24159 I DecorView: updateCaptionType >> DecorView@80ee292[], isFloating=false, isApplication=true, hasWindowDecorCaption=false, hasWindowControllerCallback=true
08-24 14:43:52.138 24159 24159 D DecorView: setCaptionType = 0, this = DecorView@80ee292[]
08-24 14:43:52.142  4585  8021 I InputDispatcher: Focus left window (24159): 595a333 in display 0 0
08-24 14:43:52.145 24159 24159 D LifecycleMonitor: Lifecycle status change: androidx.test.core.app.InstrumentationActivityInvoker$EmptyActivity@846a0f4 in: CREATED
08-24 14:43:52.145 24159 24159 V ActivityScenario: Activity lifecycle changed event received but ignored because the intent does not match. startActivityIntent=Intent { act=android.intent.action.MAIN cat=[android.intent.category.LAUNCHER] cmp=com.example.dogglers/.VerticalListActivity }, activity.getIntent()=Intent { act=android.intent.action.MAIN cat=[android.intent.category.LAUNCHER] flg=0x10000000 cmp=com.example.dogglers/androidx.test.core.app.InstrumentationActivityInvoker$EmptyActivity }, activity=androidx.test.core.app.InstrumentationActivityInvoker$EmptyActivity@846a0f4
08-24 14:43:52.148 24159 24159 D LifecycleMonitor: Lifecycle status change: androidx.test.core.app.InstrumentationActivityInvoker$EmptyActivity@846a0f4 in: STARTED
08-24 14:43:52.149 24159 24159 V ActivityScenario: Activity lifecycle changed event received but ignored because the intent does not match. startActivityIntent=Intent { act=android.intent.action.MAIN cat=[android.intent.category.LAUNCHER] cmp=com.example.dogglers/.VerticalListActivity }, activity.getIntent()=Intent { act=android.intent.action.MAIN cat=[android.intent.category.LAUNCHER] flg=0x10000000 cmp=com.example.dogglers/androidx.test.core.app.InstrumentationActivityInvoker$EmptyActivity }, activity=androidx.test.core.app.InstrumentationActivityInvoker$EmptyActivity@846a0f4
08-24 14:43:52.156  4896  4908 I ndroid.systemu: NativeAlloc concurrent copying GC freed 13432(543KB) AllocSpace objects, 0(0B) LOS objects, 49% free, 19MB/38MB, paused 314us total 199.357ms
08-24 14:43:52.173 24159 24159 D LifecycleMonitor: Lifecycle status change: androidx.test.core.app.InstrumentationActivityInvoker$EmptyActivity@846a0f4 in: RESUMED
08-24 14:43:52.174 24159 24159 V ActivityScenario: Activity lifecycle changed event received but ignored because the intent does not match. startActivityIntent=Intent { act=android.intent.action.MAIN cat=[android.intent.category.LAUNCHER] cmp=com.example.dogglers/.VerticalListActivity }, activity.getIntent()=Intent { act=android.intent.action.MAIN cat=[android.intent.category.LAUNCHER] flg=0x10000000 cmp=com.example.dogglers/androidx.test.core.app.InstrumentationActivityInvoker$EmptyActivity }, activity=androidx.test.core.app.InstrumentationActivityInvoker$EmptyActivity@846a0f4
08-24 14:43:52.178  4585  7040 D InputTransport: Input channel constructed: '6aefadc', fd=686
08-24 14:43:52.178  4585  7040 D InputTransport: Input channel constructed: '6aefadc', fd=688
08-24 14:43:52.179  4226  5357 I SurfaceFlinger: id=88674 createSurf (0x0),-1 flag=80004, 6aefadc com.example.dogglers/androidx.test.core.app.InstrumentationActivityInvoker$EmptyActivity#0
08-24 14:43:52.179  4585  7040 D WindowManager: isScreenshotDisabledLocked - win: Window{6aefadc u0 com.example.dogglers/androidx.test.core.app.InstrumentationActivityInvoker$EmptyActivity}
08-24 14:43:52.179  4585  7040 D WindowManager: isScreenshotDisabledLocked: userId = 0, disabled =false
08-24 14:43:52.180  4585  7040 D InputTransport: Input channel destroyed: '6aefadc', fd=688
08-24 14:43:52.180 24159 24159 D InputTransport: Input channel constructed: '6aefadc', fd=92
08-24 14:43:52.182 24159 24159 I ViewRootImpl@9379119[InstrumentationActivityInvoker$EmptyActivity]: setView = com.android.internal.policy.DecorView@80ee292 TM=true
08-24 14:43:52.182 21625 21625 W YTPL.mediasession: MediaSession setActive(false)
08-24 14:43:52.185  4896  4896 D FaceWidgetMediaSessionManager: onPlaybackStateChanged() state = PlaybackState {state=1, position=0, buffered position=0, speed=1.0, updated=1322772754, actions=8192, custom actions=[], active item id=-1, error=null}
08-24 14:43:52.186  4896  4896 I PluginFaceWidgetMediaDataFactory: getBitmapFromMetadata null
08-24 14:43:52.187  4896  4896 D PluginFaceWidgetMediaDataFactory: Elapsed Time : 2
08-24 14:43:52.187  4896  4896 D FaceWidgetMediaDataRepository: [update] key : com.google.android.youtube|0|192289192, oldKey : com.google.android.youtube|0|192289192, media : com.google.android.youtube, sourceType : SESSION
08-24 14:43:52.188  4896  4896 D FaceWidgetMediaDataRepository: PlaybackState and Metadata is null. :: com.google.android.youtube
08-24 14:43:52.189  4896  4896 D FaceWidgetMediaSessionManager: onMetadataChanged() metadata = null
08-24 14:43:52.189  4896  4896 I PluginFaceWidgetMediaDataFactory: getBitmapFromMetadata null
08-24 14:43:52.189  4896  4896 D PluginFaceWidgetMediaDataFactory: Elapsed Time : 0
08-24 14:43:52.190  4896  4896 D FaceWidgetMediaDataRepository: [update] key : com.google.android.youtube|0|192289192, oldKey : com.google.android.youtube|0|192289192, media : com.google.android.youtube, sourceType : SESSION
08-24 14:43:52.193  4585  8021 I SurfaceControl: nativeRelease nativeObject s[535556339360]
08-24 14:43:52.193  4585  8021 I SurfaceControl: nativeRelease nativeObject e[535556339360]
08-24 14:43:52.193  4226  4251 I Layer   : id=88651 removeFromCurrentState com.google.android.youtube/com.google.android.apps.youtube.app.watchwhile.WatchWhileActivity$_21625#0 (79)
08-24 14:43:52.193  4226  4251 I Layer   : id=88654 removeFromCurrentState Bounds for - com.google.android.youtube/com.google.android.apps.youtube.app.watchwhile.WatchWhileActivity@15#0 (79)
08-24 14:43:52.193  4226  4251 I Layer   : id=88655 removeFromCurrentState SurfaceView - com.google.android.youtube/com.google.android.apps.youtube.app.watchwhile.WatchWhileActivity@c9edee9@15#0 (79)
08-24 14:43:52.194  4896  4896 D FaceWidgetMediaDataRepository: PlaybackState and Metadata is null. :: com.google.android.youtube
08-24 14:43:52.194  4585  7044 V WindowManager: Relayout Window{6aefadc u0 com.example.dogglers/androidx.test.core.app.InstrumentationActivityInvoker$EmptyActivity}: viewVisibility=0 req=1080x2340
08-24 14:43:52.194  4896  4896 D FaceWidgetMusicViewModel: onChanged :: NULL
08-24 14:43:52.196  4896  4896 I FaceWidgetMusicViewModel: getMediaButtonReceiverPackageName() - soundAssistant : com.google.android.youtube, Settings : org.telegram.plus/org.telegram.messenger.voip.VoIPMediaButtonReceiver,0,1
08-24 14:43:52.196  4585  7044 D WindowManager: isScreenshotDisabledLocked - win: Window{6aefadc u0 com.example.dogglers/androidx.test.core.app.InstrumentationActivityInvoker$EmptyActivity}
08-24 14:43:52.196  4585  7044 D WindowManager: isScreenshotDisabledLocked: userId = 0, disabled =false
08-24 14:43:52.198  4896  4896 D FaceWidgetMediaDataDAO: launch package intent
08-24 14:43:52.199  4896  4896 D FaceWidgetViewModel: onChanged
08-24 14:43:52.199  4896  4896 D FaceWidgetViewModel: updateMusicPageShownState() show = false, reattach = false, reason = clear
08-24 14:43:52.199  4896  4896 D FaceWidgetViewModel: skip to show media panel
08-24 14:43:52.199  4896  4896 D FaceWidgetMusicPageObserver: [EXPAND] onChanged :: PluginFaceWidgetMediaData{[NULL]} showingLastPlayed : true
08-24 14:43:52.199  4896  4896 D FaceWidgetMediaDataDAO: controller is null
08-24 14:43:52.199  4896  4896 D FaceWidgetMediaDataDAO: controller is null
08-24 14:43:52.199  4896  4896 D FaceWidgetMediaDataDAO: controller is null
08-24 14:43:52.199  4226  4251 I SurfaceFlinger: id=88675 createSurf (1080x2340),1 flag=404, com.example.dogglers/androidx.test.core.app.InstrumentationActivityInvoker$EmptyActivity$_24159#0
08-24 14:43:52.199  4896  4896 D FaceWidgetMediaDataDAO: controller is null
08-24 14:43:52.199  4896  4896 D FaceWidgetMediaDataDAO: controller is null
08-24 14:43:52.199  4896  4896 D FaceWidgetMediaDataDAO: controller is null
08-24 14:43:52.199  4896  4896 D FaceWidgetMediaDataDAO: controller is null
08-24 14:43:52.199  4896  4896 D FaceWidgetMediaDataDAO: controller is null
08-24 14:43:52.200  4896  4896 D FaceWidgetMusicPageObserver: last played. show tap to play last song. : com.google.android.youtube
08-24 14:43:52.201  4585  7044 I SurfaceControl: nativeRelease nativeObject s[535567043328]
08-24 14:43:52.201  4585  7044 I SurfaceControl: nativeRelease nativeObject e[535567043328]
08-24 14:43:52.201  9865  9865 I TrayStateController: systemUiVisibilityChanged : 0 0
08-24 14:43:52.201  4226  4251 I SurfaceFlinger: id=88676 createSurf (0x0),-1 flag=24000, Surface(name=e455c2d StatusBar)/@0x2f65071 - animation-leash#1
08-24 14:43:52.202  4585  7044 I SurfaceControl: nativeRelease nativeObject s[535581058272]
08-24 14:43:52.202  4585  7044 I SurfaceControl: nativeRelease nativeObject e[535581058272]
08-24 14:43:52.202  4226  4251 I SurfaceFlinger: id=88677 createSurf (0x0),-1 flag=24000, Surface(name=a71bb8f NavigationBar0)/@0x8f38906 - animation-leash#1
08-24 14:43:52.205  4585  7044 V WindowManager: Relayout hash=6aefadc, pid=24159: mAttrs={(0,0)(fillxfill) sim={adjust=pan forwardNavigation} ty=BASE_APPLICATION wanim=0x1030001
08-24 14:43:52.205  4585  7044 V WindowManager:   fl=1810100
08-24 14:43:52.205  4585  7044 V WindowManager:   pfl=12020000
08-24 14:43:52.205  4585  7044 V WindowManager:   apr=LIGHT_NAVIGATION_BARS
08-24 14:43:52.205  4585  7044 V WindowManager:   fitSides= naviIconColor=0
08-24 14:43:52.205  4585  7044 V WindowManager:   sfl=100000}
08-24 14:43:52.205  4585  7044 I SurfaceControl: nativeRelease nativeObject s[535567039680]
08-24 14:43:52.205  4585  7044 I SurfaceControl: nativeRelease nativeObject e[535567039680]
08-24 14:43:52.206 24159 24159 I SurfaceControl: assignNativeObject: nativeObject = 0 Surface(name=null)/@0xd3495de / android.view.SurfaceControl.readFromParcel:1117 android.view.IWindowSession$Stub$Proxy.relayout:1820 android.view.ViewRootImpl.relayoutWindow:9005 android.view.ViewRootImpl.performTraversals:3360 android.view.ViewRootImpl.doTraversal:2618 android.view.ViewRootImpl$TraversalRunnable.run:9971 android.view.Choreographer$CallbackRecord.run:1010 android.view.Choreographer.doCallbacks:809 android.view.Choreographer.doFrame:744 android.view.Choreographer$FrameDisplayEventReceiver.run:995
08-24 14:43:52.206  4585  4635 D FastTrack: setFastTrackState: pid = 21625 ;tid= 21625 ;value= 0
08-24 14:43:52.207  4585  4635 D FastTrack: setFastTrackState: pid = 21625 ;tid= 21862 ;value= 0
08-24 14:43:52.208 24159 24159 I ViewRootImpl@9379119[InstrumentationActivityInvoker$EmptyActivity]: Relayout returned: old=(0,0,1080,2340) new=(0,0,1080,2340) req=(1080,2340)0 dur=12 res=0x7 s={true 535656394752} ch=true fn=-1
08-24 14:43:52.210  4159 16850 D gralloc : [mali_gralloc_allocate] begin
08-24 14:43:52.210  4226  4251 I Layer   : id=88669 removeFromCurrentState Surface(name=e455c2d StatusBar)/@0x2f65071 - animation-leash#0 (82)
08-24 14:43:52.210  4159 16850 D gralloc : buffer_descriptor: wh(1080 2340) usage_pc(0x40000000000b00 0x40000000000b00) hal_format(0x1) layer_count(1) sizes(0 0 0) strde(0) byte_stride(0) alloc_wh(0 0) internal_format(0x0) alloc_format(0x0) fd_count(1) plane_count(0)
08-24 14:43:52.210  4226  4251 I Layer   : id=88670 removeFromCurrentState Surface(name=a71bb8f NavigationBar0)/@0x8f38906 - animation-leash#0 (82)
08-24 14:43:52.212 24159 24159 I ViewRootImpl@9379119[InstrumentationActivityInvoker$EmptyActivity]: [DP] dp(1) 1 android.view.ViewRootImpl.reportNextDraw:10957 android.view.ViewRootImpl.performTraversals:3845 android.view.ViewRootImpl.doTraversal:2618
08-24 14:43:52.212 24159 24159 I ViewRootImpl@9379119[InstrumentationActivityInvoker$EmptyActivity]: [DP] pd() Asnyc report
08-24 14:43:52.212  4226  4251 I SurfaceFlinger: id=88651 Removed com.google.android.youtube/com.google.android.apps.youtube.app.watchwhile.WatchWhileActivity$_21625#0 (82)
08-24 14:43:52.213  4585  4610 D SehCodecSolutionService: Update top [com.example.dogglers]
08-24 14:43:52.215 21625 21625 D InputTransport: Input channel destroyed: 'ClientS', fd=129
08-24 14:43:52.215 21625 21625 I SurfaceControl: nativeRelease nativeObject s[537816938976]
08-24 14:43:52.215 21625 21625 I SurfaceControl: nativeRelease nativeObject e[537816938976]
08-24 14:43:52.215  4159 16850 D gralloc : [mali_gralloc_allocate] allocation successful
08-24 14:43:52.216  4159 16850 D gralloc : [mali_gralloc_allocate] begin
08-24 14:43:52.216  4159 16850 D gralloc : buffer_descriptor: wh(1080 2340) usage_pc(0x40000000000b00 0x40000000000b00) hal_format(0x1) layer_count(1) sizes(0 0 0) strde(0) byte_stride(0) alloc_wh(0 0) internal_format(0x0) alloc_format(0x0) fd_count(1) plane_count(0)
08-24 14:43:52.220  4159 16850 D gralloc : [mali_gralloc_allocate] allocation successful
08-24 14:43:52.221 24159 24159 I ViewRootImpl@9379119[InstrumentationActivityInvoker$EmptyActivity]: [DP] pdf(0) 1 android.view.ViewRootImpl.lambda$performDraw$1$ViewRootImpl:4668 android.view.-$$Lambda$ViewRootImpl$DJd0VUYJgsebcnSohO6h8zc_ONI.run:6 android.os.Handler.handleCallback:938
08-24 14:43:52.221 24159 24159 I ViewRootImpl@9379119[InstrumentationActivityInvoker$EmptyActivity]: [DP] rdf()
08-24 14:43:52.221  4159 16850 D gralloc : [mali_gralloc_allocate] begin
08-24 14:43:52.221  4159 16850 D gralloc : buffer_descriptor: wh(1080 2340) usage_pc(0x40000000000b00 0x40000000000b00) hal_format(0x1) layer_count(1) sizes(0 0 0) strde(0) byte_stride(0) alloc_wh(0 0) internal_format(0x0) alloc_format(0x0) fd_count(1) plane_count(0)
08-24 14:43:52.222 24159 24159 I ViewRootImpl@fa5b121[VerticalListActivity]: MSG_WINDOW_FOCUS_CHANGED 0 1
08-24 14:43:52.224  4226  4226 I Layer   : id=88651[1] Destroyed com.google.android.youtube/com.google.android.apps.youtube.app.watchwhile.WatchWhileActivity$_21625#0
08-24 14:43:52.224  4226  4226 I Layer   : id=88654[1] Destroyed Bounds for - com.google.android.youtube/com.google.android.apps.youtube.app.watchwhile.WatchWhileActivity@15#0
08-24 14:43:52.224  4226  4226 I Layer   : id=88655[1] Destroyed SurfaceView - com.google.android.youtube/com.google.android.apps.youtube.app.watchwhile.WatchWhileActivity@c9edee9@15#0
08-24 14:43:52.226  4159 16850 D gralloc : [mali_gralloc_allocate] allocation successful
08-24 14:43:52.229  4585  4613 D PkgPredictorService: pkg:com.example.dogglers activity:androidx.test.core.app.InstrumentationActivityInvoker$EmptyActivity thisTime:141
08-24 14:43:52.231  4585  4613 I SemDvfsHyPerManager: acquire hyper - AMS_RESUME_TAIL/4585@18, type = -999
08-24 14:43:52.231  4585  4617 I ActivityTaskManager: Displayed com.example.dogglers/androidx.test.core.app.InstrumentationActivityInvoker$EmptyActivity: +141ms
08-24 14:43:52.231  4585  4613 I SemDvfsHyPerManager: acquire hyper - AMS_ACT_LAZY/4585@19, type = -999
08-24 14:43:52.232  4175  4211 I HYPER-HAL: [RequestManager.cpp]acquire(): Acquired ID : 10596124  [4585 / 18]    HINT : AMS_RESUME_TAIL    list :
08-24 14:43:52.232  4175  4211 I HYPER-HAL: [ResourceManager.cpp]updateResource(): [CPUMinFreq] UpdateResource Request ID : 10596124    Value : 1768000
08-24 14:43:52.232  4175  4211 I HYPER-HAL: [RequestManager.cpp]acquire(): Acquired ID : 10600729  [4585 / 19]    HINT :      list :
08-24 14:43:52.233  4175  4211 E HYPER-HAL: [Request.cpp]acquire(): Request:: id : 10600729, No Resource to set
08-24 14:43:52.234  4175  4211 I HYPER-HAL: [ResourceManager.cpp]removeResource(): [CPUMinFreq] RemoveResource Request ID : 10586917
08-24 14:43:52.234  4175  4211 I HYPER-HAL: [RequestManager.cpp]releaseLocked(): Released ID : 10586917
08-24 14:43:52.237 24159 24159 I SurfaceControl: nativeRelease nativeObject s[536151024128]
08-24 14:43:52.237 24159 24159 I SurfaceControl: nativeRelease nativeObject e[536151024128]
08-24 14:43:52.237 24159 24159 I SurfaceControl: nativeRelease nativeObject s[536151022208]
08-24 14:43:52.237 24159 24159 I SurfaceControl: nativeRelease nativeObject e[536151022208]
08-24 14:43:52.237 24159 24159 I SurfaceControl: nativeRelease nativeObject s[536151022112]
08-24 14:43:52.237  4226  4248 I SurfaceFlinger: id=88670 Removed Surface(name=a71bb8f NavigationBar0)/@0x8f38906 - animation-leash#0 (79)
08-24 14:43:52.237 24159 24159 I SurfaceControl: nativeRelease nativeObject e[536151022112]
08-24 14:43:52.237  4226  4248 I SurfaceFlinger: id=88669 Removed Surface(name=e455c2d StatusBar)/@0x2f65071 - animation-leash#0 (79)
08-24 14:43:52.240  4226  4226 I Layer   : id=88669[1] Destroyed Surface(name=e455c2d StatusBar)/@0x2f65071 - animation-leash#0
08-24 14:43:52.240  4226  4226 I Layer   : id=88670[1] Destroyed Surface(name=a71bb8f NavigationBar0)/@0x8f38906 - animation-leash#0
08-24 14:43:52.241  4585  7040 I InputDispatcher: Focus entered window (24159): 6aefadc in display 0 0
08-24 14:43:52.243 24159 24159 I ViewRootImpl@fa5b121[VerticalListActivity]: stopped(true) old=false
08-24 14:43:52.245  4226  4226 D SurfaceFlinger: Display 0 HWC layers:
08-24 14:43:52.245  4226  4226 D SurfaceFlinger:      DEVICE | 0x77ce816bc0 | 0002 | RGBA_8888    |    0.0    0.0 1080.0 2340.0 |    0    0 1080 2340 | com.example.dogglers/androidx.test.c[...]tivityInvoker$EmptyActivity$_24159#0
08-24 14:43:52.245  4226  4226 D SurfaceFlinger:      DEVICE | 0x77ce814dc0 | 0000 | RGBA_8888    |    0.0    0.0 1080.0   83.0 |    0    0 1080   83 | StatusBar$_4896#0
08-24 14:43:52.245  4226  4226 D SurfaceFlinger:      DEVICE | 0x77ce8157c0 | 0000 | RGBA_8888    |    0.0    0.0   67.0  342.0 |    0  746   67 1088 | com.samsung.android.app.cocktailbars[...]arservice.CocktailBarService$_9865#0
08-24 14:43:52.245  4226  4226 D SurfaceFlinger:      DEVICE | 0x7851238200 | 0000 | RGBA_8888    |    0.0    0.0  388.0   39.0 |  692 2301 1080 2340 | SGestureOverlayWindow$_5408#0
08-24 14:43:52.245  4226  4226 D SurfaceFlinger:      DEVICE | 0x77ce815f40 | 0000 | RGBA_8888    |    0.0    0.0 1080.0  126.0 |    0 2214 1080 2340 | NavigationBar0$_4896#0
08-24 14:43:52.245  4226  4226 D SurfaceFlinger:      DEVICE | 0x77ce814b40 | 0000 | RGBA_8888    |    0.0    0.0 1080.0  151.0 |    0    0 1080  151 | ScreenDecorOverlay$_4896#0
08-24 14:43:52.245  4226  4226 D SurfaceFlinger:      DEVICE | 0x77ce817d40 | 0000 | RGBA_8888    |    0.0    0.0 1080.0  151.0 |    0 2189 1080 2340 | ScreenDecorOverlayBottom$_
08-24 14:43:52.245  4226  4226 D SurfaceFlinger: 4896#0
08-24 14:43:52.245  4226  4226 D SurfaceFlinger:
08-24 14:43:52.247 24159 24159 I SurfaceControl: nativeRelease nativeObject s[535648701504]
08-24 14:43:52.247 24159 24159 I SurfaceControl: nativeRelease nativeObject e[535648701504]
08-24 14:43:52.248 24159 24159 D LifecycleMonitor: Lifecycle status change: com.example.dogglers.VerticalListActivity@fd3d7d in: STOPPED
08-24 14:43:52.248 24159 24159 V ActivityScenario: Update currentActivityStage to STOPPED, currentActivity=com.example.dogglers.VerticalListActivity@fd3d7d
08-24 14:43:52.248  4585  8021 I SemDvfsHyPerManager: acquire hyper - AMS_ACT_START/4585@16, type = -999
08-24 14:43:52.249  4175  4211 I HYPER-HAL: [RequestManager.cpp]acquire(): Acquired ID : 10586917  [4585 / 16]    HINT : AMS_ACT_START    list :
08-24 14:43:52.250  4175  4211 I HYPER-HAL: [ResourceManager.cpp]updateResource(): [CPUMinFreq] UpdateResource Request ID : 10586917    Value : 2314000
08-24 14:43:52.250 24159 24159 D LifecycleMonitor: Lifecycle status change: com.example.dogglers.VerticalListActivity@fd3d7d in: DESTROYED
08-24 14:43:52.251  4226  4251 I SurfaceFlinger: id=88678 createSurf (0x0),-1 flag=80004, ActivityRecord{a96ee3f u0 com.example.dogglers/androidx.test.core.app.InstrumentationActivityInvoker$EmptyActivity t1575}#0
08-24 14:43:52.251 24159 24159 V ActivityScenario: Update currentActivityStage to DESTROYED, currentActivity=null
08-24 14:43:52.255  4226  4251 E BufferQueueProducer: [com.example.dogglers/com.example.dogglers.VerticalListActivity$_24159#0](id:108200004975,api:0,p:-1,c:4226) disconnect: not connected (req=1)
08-24 14:43:52.255 24159 24214 W libEGL  : EGLNativeWindowType 0x7cb7859010 disconnect failed
08-24 14:43:52.255 24159 24159 I ViewRootImpl@fa5b121[VerticalListActivity]: dispatchDetachedFromWindow
08-24 14:43:52.257  4585  7040 D InputTransport: Input channel destroyed: '595a333', fd=693
08-24 14:43:52.257  4585  7040 I SurfaceControl: nativeRelease nativeObject s[535556339072]
08-24 14:43:52.257  4585  7040 I SurfaceControl: nativeRelease nativeObject e[535556339072]
08-24 14:43:52.258  4585  7040 D WindowManager: isScreenshotDisabledLocked - win: Window{595a333 u0 com.example.dogglers/com.example.dogglers.VerticalListActivity}
08-24 14:43:52.258  4585  7040 D WindowManager: isScreenshotDisabledLocked: userId = 0, disabled =false
08-24 14:43:52.258  4585  7040 I SurfaceControl: nativeRelease nativeObject s[537628425376]
08-24 14:43:52.258  4585  7040 I SurfaceControl: nativeRelease nativeObject e[537628425376]
08-24 14:43:52.259  4226  4251 I SurfaceFlinger: id=88679 createSurf (0x0),-1 flag=24004, Surface(name=a3a0629 InputMethod)/@0x54f474f - animation-leash#0
08-24 14:43:52.260  4585  7040 I SurfaceControl: nativeRelease nativeObject s[537628422304]
08-24 14:43:52.260  4585  7040 I SurfaceControl: nativeRelease nativeObject e[537628422304]
08-24 14:43:52.260  4226  4251 I Layer   : id=88668 removeFromCurrentState com.example.dogglers/com.example.dogglers.VerticalListActivity$_24159#0 (79)
08-24 14:43:52.260  4226  4251 I SurfaceFlinger: id=88668 Removed com.example.dogglers/com.example.dogglers.VerticalListActivity$_24159#0 (79)
08-24 14:43:52.262  4226  4251 I Layer   : id=88667 removeFromCurrentState 595a333 com.example.dogglers/com.example.dogglers.VerticalListActivity#0 (79)
08-24 14:43:52.262  4226  4251 I Layer   : id=88672 removeFromCurrentState Surface(name=a3a0629 InputMethod)/@0x54f474f - animation-leash#1 (79)
08-24 14:43:52.262  4226  4251 I SurfaceFlinger: id=88667 Removed 595a333 com.example.dogglers/com.example.dogglers.VerticalListActivity#0 (79)
08-24 14:43:52.263 24159 24159 D InputTransport: Input channel destroyed: '595a333', fd=80
08-24 14:43:52.266  4585  7040 I SurfaceControl: nativeRelease nativeObject s[537816938688]
08-24 14:43:52.266  4585  7040 I SurfaceControl: nativeRelease nativeObject e[537816938688]
08-24 14:43:52.268 24159 24159 I ViewRootImpl@9379119[InstrumentationActivityInvoker$EmptyActivity]: MSG_WINDOW_FOCUS_CHANGED 1 1
08-24 14:43:52.268 24159 24159 D InputMethodManager: prepareNavigationBarInfo() DecorView@80ee292[InstrumentationActivityInvoker$EmptyActivity]
08-24 14:43:52.268 24159 24159 D InputMethodManager: getNavigationBarColor() -855310
08-24 14:43:52.269 24159 24159 D InputMethodManager: prepareNavigationBarInfo() DecorView@80ee292[InstrumentationActivityInvoker$EmptyActivity]
08-24 14:43:52.269 24159 24159 D InputMethodManager: getNavigationBarColor() -855310
08-24 14:43:52.269 24159 24159 V InputMethodManager: Starting input: tba=com.example.dogglers ic=null mNaviBarColor -855310 mIsGetNaviBarColorSuccess true , NavVisible : true , NavTrans : false
08-24 14:43:52.269 24159 24159 D InputMethodManager: startInputInner - Id : 0
08-24 14:43:52.269 24159 24159 I InputMethodManager: startInputInner - mService.startInputOrWindowGainedFocus
08-24 14:43:52.270  4585  7113 D InputMethodManagerService: mSecureKeypadEnabled = false
08-24 14:43:52.270  4585  7113 V InputMethodManagerService: hideCurrentInputLocked : shouldHideSoftInput is false
08-24 14:43:52.270  4585  7113 D InputMethodManagerService: mDesktopModeManager null!
08-24 14:43:52.270  4585  7113 V InputMethodManagerService: getDisplayIdOfInputMethodWindowToBeAdded : 0
08-24 14:43:52.270  4585  7113 D InputMethodManagerService: checkDisplayOfStartInputAndUpdateKeyboard display Id 0last 0
08-24 14:43:52.270  4585  7113 D InputTransport: Input channel constructed: 'ClientS', fd=694
08-24 14:43:52.270  4585  7113 D InputTransport: Input channel destroyed: 'ClientS', fd=694
08-24 14:43:52.271 24159 24159 D InputTransport: Input channel constructed: 'ClientS', fd=80
08-24 14:43:52.271 24159 24159 D InputTransport: Input channel destroyed: 'ClientS', fd=89
08-24 14:43:52.272  4585  7040 I SurfaceControl: nativeRelease nativeObject s[535556871456]
08-24 14:43:52.272  4585  7040 I SurfaceControl: nativeRelease nativeObject e[535556871456]
08-24 14:43:52.272  4226  4251 I SurfaceFlinger: id=88680 createSurf (0x0),-1 flag=24004, Surface(name=a3a0629 InputMethod)/@0x54f474f - animation-leash#1
08-24 14:43:52.274  4226  4226 I Layer   : id=88667[1] Destroyed 595a333 com.example.dogglers/com.example.dogglers.VerticalListActivity#0
08-24 14:43:52.274  7388  7388 I HBD     : HoneyBoardService onFinishInput
08-24 14:43:52.274 24159 24159 D LifecycleMonitor: Lifecycle status change: androidx.test.core.app.InstrumentationActivityInvoker$EmptyActivity@846a0f4 in: PAUSED
08-24 14:43:52.274  4226  4226 I Layer   : id=88668[1] Destroyed com.example.dogglers/com.example.dogglers.VerticalListActivity$_24159#0
08-24 14:43:52.274 24159 24159 V ActivityScenario: Activity lifecycle changed event received but ignored because the intent does not match. startActivityIntent=Intent { act=android.intent.action.MAIN cat=[android.intent.category.LAUNCHER] cmp=com.example.dogglers/.VerticalListActivity }, activity.getIntent()=Intent { act=android.intent.action.MAIN cat=[android.intent.category.LAUNCHER] flg=0x10000000 cmp=com.example.dogglers/androidx.test.core.app.InstrumentationActivityInvoker$EmptyActivity }, activity=androidx.test.core.app.InstrumentationActivityInvoker$EmptyActivity@846a0f4
08-24 14:43:52.277  7388  7388 I HBD     : a IC have been unbinded,  InputConnectionWrapper{idHash=#4c08b91 mMissingMethods=}
08-24 14:43:52.277  7388  7388 I HBD     : HoneyBoardService [PF_CL][onFinishInput]  2380692 ns
08-24 14:43:52.277  7388  7388 I HBD     : HoneyBoardService [IMI] onStartInput - caller pid : 24159 , caller uid : 10574
08-24 14:43:52.277  7388  7388 I HBD     : i updateConfigs
08-24 14:43:52.277  7388  7388 I HBD     : i isEnabledNightMode : false
08-24 14:43:52.278  4585  7113 V WindowOrientationListener: getProposedRotation: -1
08-24 14:43:52.278  7388  7388 I HBD     : a IC have been binded, InputConnectionWrapper{idHash=#4c08b91 mMissingMethods=}
08-24 14:43:52.278  4585  7113 V WindowOrientationListener: getProposedRotation: -1
08-24 14:43:52.278  7388  7388 I HBD     : h [EditorInputType]setPrivateImeOptionsToTable privateImeOptions ( null )
08-24 14:43:52.278  7388  7388 I HBD     : b incognitoMode : false
08-24 14:43:52.278  7388  7388 I HBD     : a needOff = true , isForceOff = false, isNullInputClass : true
08-24 14:43:52.278  7388  7388 I HBD     : h getDefaultInputRange : UNKNOWN
08-24 14:43:52.278  7388  7388 I HBD     : h getDefaultInputRange : UNKNOWN
08-24 14:43:52.278  7388  7388 I HBD     : h getDefaultInputRange : UNKNOWN
08-24 14:43:52.279  4585  7113 V WindowOrientationListener: getProposedRotation: -1
08-24 14:43:52.279  4585  4609 V LocationManagerService: location appop changed for com.google.android.youtube
08-24 14:43:52.280  5747  5857 I RequestManager_FLP: onOpChanged, op=0 / packageName=com.google.android.youtube
08-24 14:43:52.280  4585  7040 D SdpManagerService: Not an enterprise user : 0
08-24 14:43:52.280  4585  7040 D SdpManagerService: Not an enterprise user : 0
08-24 14:43:52.281  4585  7113 D InputDispatcher: Focused application set to (0): a96ee3f
08-24 14:43:52.283  7388  7388 I HBD     : h getDefaultInputRange : UNKNOWN
08-24 14:43:52.283  7388  7388 I HBD     : a currentState : 0
08-24 14:43:52.285  4226  4251 I Layer   : id=88663 removeFromCurrentState ActivityRecord{3656343 u0 com.example.dogglers/.VerticalListActivity t1575}#0 (78)
08-24 14:43:52.285  7388  7388 I HBD     : h load selected json info : {"version":"1.0","currentLanguageOrder":0,"selected":[{"activeOptionList":["auto_replace","auto_spacing"],"engName":"Russian","id":3342336,"inputType":"qwerty","isUsed":true},{"activeOptionList":["auto_replace","auto_spacing"],"engName":"English","id":65537,"inputType":"qwerty","isUsed":true}]}
08-24 14:43:52.285  4226  4251 I Layer   : id=88679 removeFromCurrentState Surface(name=a3a0629 InputMethod)/@0x54f474f - animation-leash#0 (78)
08-24 14:43:52.285  7388  7388 I HBD     : a [UpdatePolicy] [post] a: 0 cl: 3342336 kit: [0/0] vt: 0 ir: 1
08-24 14:43:52.285  4226  4251 I SurfaceFlinger: id=88663 Removed ActivityRecord{3656343 u0 com.example.dogglers/.VerticalListActivity t1575}#0 (78)
08-24 14:43:52.286  7388  7388 I HBD     : HoneyBoardService [PF_OP][onStartInput]  9058923 ns
08-24 14:43:52.289 24159 24159 D LifecycleMonitor: Lifecycle status change: androidx.test.core.app.InstrumentationActivityInvoker$BootstrapActivity@d237c1a in: DESTROYED
08-24 14:43:52.289 24159 24159 V ActivityScenario: Activity lifecycle changed event received but ignored because the intent does not match. startActivityIntent=Intent { act=android.intent.action.MAIN cat=[android.intent.category.LAUNCHER] cmp=com.example.dogglers/.VerticalListActivity }, activity.getIntent()=Intent { act=android.intent.action.MAIN cat=[android.intent.category.LAUNCHER] flg=0x10008000 cmp=com.example.dogglers/androidx.test.core.app.InstrumentationActivityInvoker$BootstrapActivity (has extras) }, activity=androidx.test.core.app.InstrumentationActivityInvoker$BootstrapActivity@d237c1a
08-24 14:43:52.290  4585  7113 I SurfaceControl: nativeRelease nativeObject s[535556341376]
08-24 14:43:52.290  4585  7113 I SurfaceControl: nativeRelease nativeObject e[535556341376]
08-24 14:43:52.290  4226  4226 I Layer   : id=88663[1] Destroyed ActivityRecord{3656343 u0 com.example.dogglers/.VerticalListActivity t1575}#0
08-24 14:43:52.295  4226  4251 I Layer   : id=88660 removeFromCurrentState ActivityRecord{9267be2 u0 com.example.dogglers/androidx.test.core.app.InstrumentationActivityInvoker$BootstrapActivity t1575}#0 (77)
08-24 14:43:52.295  4226  4251 I SurfaceFlinger: id=88660 Removed ActivityRecord{9267be2 u0 com.example.dogglers/androidx.test.core.app.InstrumentationActivityInvoker$BootstrapActivity t1575}#0 (77)
08-24 14:43:52.298 24159 24159 D LifecycleMonitor: Lifecycle status change: androidx.test.core.app.InstrumentationActivityInvoker$EmptyActivity@dfb5378 in: PRE_ON_CREATE
08-24 14:43:52.298 24159 24159 V ActivityScenario: Activity lifecycle changed event received but ignored because the intent does not match. startActivityIntent=Intent { act=android.intent.action.MAIN cat=[android.intent.category.LAUNCHER] cmp=com.example.dogglers/.VerticalListActivity }, activity.getIntent()=Intent { act=android.intent.action.MAIN cat=[android.intent.category.LAUNCHER] flg=0x10000000 cmp=com.example.dogglers/androidx.test.core.app.InstrumentationActivityInvoker$EmptyActivity }, activity=androidx.test.core.app.InstrumentationActivityInvoker$EmptyActivity@dfb5378
08-24 14:43:52.305 24159 24159 I DecorView: [INFO] isPopOver=false, config=true
08-24 14:43:52.305 24159 24159 I DecorView: updateCaptionType >> DecorView@21782b6[], isFloating=false, isApplication=true, hasWindowDecorCaption=false, hasWindowControllerCallback=true
08-24 14:43:52.305 24159 24159 D DecorView: setCaptionType = 0, this = DecorView@21782b6[]
08-24 14:43:52.307  4226  4226 I Layer   : id=88660[1] Destroyed ActivityRecord{9267be2 u0 com.example.dogglers/androidx.test.core.app.InstrumentationActivityInvoker$BootstrapActivity t1575}#0
08-24 14:43:52.309  4585  7044 I InputDispatcher: Focus left window (24159): 6aefadc in display 0 0
08-24 14:43:52.310 24159 24159 D LifecycleMonitor: Lifecycle status change: androidx.test.core.app.InstrumentationActivityInvoker$EmptyActivity@dfb5378 in: CREATED
08-24 14:43:52.310 24159 24159 V ActivityScenario: Activity lifecycle changed event received but ignored because the intent does not match. startActivityIntent=Intent { act=android.intent.action.MAIN cat=[android.intent.category.LAUNCHER] cmp=com.example.dogglers/.VerticalListActivity }, activity.getIntent()=Intent { act=android.intent.action.MAIN cat=[android.intent.category.LAUNCHER] flg=0x10000000 cmp=com.example.dogglers/androidx.test.core.app.InstrumentationActivityInvoker$EmptyActivity }, activity=androidx.test.core.app.InstrumentationActivityInvoker$EmptyActivity@dfb5378
08-24 14:43:52.312 24159 24159 D LifecycleMonitor: Lifecycle status change: androidx.test.core.app.InstrumentationActivityInvoker$EmptyActivity@dfb5378 in: STARTED
08-24 14:43:52.313 24159 24159 V ActivityScenario: Activity lifecycle changed event received but ignored because the intent does not match. startActivityIntent=Intent { act=android.intent.action.MAIN cat=[android.intent.category.LAUNCHER] cmp=com.example.dogglers/.VerticalListActivity }, activity.getIntent()=Intent { act=android.intent.action.MAIN cat=[android.intent.category.LAUNCHER] flg=0x10000000 cmp=com.example.dogglers/androidx.test.core.app.InstrumentationActivityInvoker$EmptyActivity }, activity=androidx.test.core.app.InstrumentationActivityInvoker$EmptyActivity@dfb5378
08-24 14:43:52.330 24159 24159 D LifecycleMonitor: Lifecycle status change: androidx.test.core.app.InstrumentationActivityInvoker$EmptyActivity@dfb5378 in: RESUMED
08-24 14:43:52.330 24159 24159 V ActivityScenario: Activity lifecycle changed event received but ignored because the intent does not match. startActivityIntent=Intent { act=android.intent.action.MAIN cat=[android.intent.category.LAUNCHER] cmp=com.example.dogglers/.VerticalListActivity }, activity.getIntent()=Intent { act=android.intent.action.MAIN cat=[android.intent.category.LAUNCHER] flg=0x10000000 cmp=com.example.dogglers/androidx.test.core.app.InstrumentationActivityInvoker$EmptyActivity }, activity=androidx.test.core.app.InstrumentationActivityInvoker$EmptyActivity@dfb5378
08-24 14:43:52.334  4585  7113 D InputTransport: Input channel constructed: 'e0b5cc5', fd=694
08-24 14:43:52.334  4585  7113 D InputTransport: Input channel constructed: 'e0b5cc5', fd=701
08-24 14:43:52.335  4226  5357 I SurfaceFlinger: id=88681 createSurf (0x0),-1 flag=80004, e0b5cc5 com.example.dogglers/androidx.test.core.app.InstrumentationActivityInvoker$EmptyActivity#0
08-24 14:43:52.335  4585  7113 D WindowManager: isScreenshotDisabledLocked - win: Window{e0b5cc5 u0 com.example.dogglers/androidx.test.core.app.InstrumentationActivityInvoker$EmptyActivity}
08-24 14:43:52.335  4585  7113 D WindowManager: isScreenshotDisabledLocked: userId = 0, disabled =false
08-24 14:43:52.336  4585  7113 D InputTransport: Input channel destroyed: 'e0b5cc5', fd=701
08-24 14:43:52.336 24159 24159 D InputTransport: Input channel constructed: 'e0b5cc5', fd=89
08-24 14:43:52.338 24159 24159 I ViewRootImpl@87f3a8d[InstrumentationActivityInvoker$EmptyActivity]: setView = com.android.internal.policy.DecorView@21782b6 TM=true
08-24 14:43:52.340  4585  7040 D SamsungIMMSHWKeyboard: isConnectedDexOnPC false
08-24 14:43:52.340 24159 24159 I SurfaceControl: nativeRelease nativeObject s[536151024704]
08-24 14:43:52.340 24159 24159 I SurfaceControl: nativeRelease nativeObject e[536151024704]
08-24 14:43:52.340 24159 24159 I SurfaceControl: nativeRelease nativeObject s[536151024224]
08-24 14:43:52.340 24159 24159 I SurfaceControl: nativeRelease nativeObject e[536151024224]
08-24 14:43:52.340  4585  7040 D InputMethodManagerService: isImeSwitcherDisabledPackage : false
