08-24 14:43:47.447  4585  8021 V InputMethodManagerService: getDisplayIdOfInputMethodWindowToBeAdded : 0
08-24 14:43:47.448  4585  8021 D SamsungIMMSHWKeyboard: isConnectedDexOnPC false
08-24 14:43:47.448  4585  8021 D InputMethodManagerService: isImeSwitcherDisabledPackage : false
08-24 14:43:47.449  4585  8021 D InputMethodManagerService: checkDisplayOfStartInputAndUpdateKeyboard display Id 0last 0
08-24 14:43:47.449  4585  8021 D InputTransport: Input channel constructed: 'ClientS', fd=676
08-24 14:43:47.449  4585  8021 D InputTransport: Input channel destroyed: 'ClientS', fd=676
08-24 14:43:47.450 24159 24159 D InputTransport: Input channel constructed: 'ClientS', fd=93
08-24 14:43:47.451  4896  4896 D FaceWidgetMusicPageObserver: [EXPAND] onChanged :: PluginFaceWidgetMediaData{[NULL]} showingLastPlayed : true
08-24 14:43:47.451  4896  4896 D FaceWidgetMediaDataDAO: controller is null
08-24 14:43:47.451  4896  4896 D FaceWidgetMediaDataDAO: controller is null
08-24 14:43:47.451  4896  4896 D FaceWidgetMediaDataDAO: controller is null
08-24 14:43:47.451  4896  4896 D FaceWidgetMediaDataDAO: controller is null
08-24 14:43:47.451  4896  4896 D FaceWidgetMediaDataDAO: controller is null
08-24 14:43:47.451  4896  4896 D FaceWidgetMediaDataDAO: controller is null
08-24 14:43:47.451  4896  4896 D FaceWidgetMediaDataDAO: controller is null
08-24 14:43:47.451  4896  4896 D FaceWidgetMediaDataDAO: controller is null
08-24 14:43:47.452  4896  4896 D FaceWidgetMusicPageObserver: last played. show tap to play last song. : com.google.android.youtube
08-24 14:43:47.452  4896  4896 D FaceWidgetMusicViewModel: onChanged :: NULL
08-24 14:43:47.456  4585  7112 I SurfaceControl: nativeRelease nativeObject s[535557019488]
08-24 14:43:47.456  4585  7112 I SurfaceControl: nativeRelease nativeObject e[535557019488]
08-24 14:43:47.457  4226  4251 I SurfaceFlinger: id=88520 createSurf (0x0),-1 flag=24004, Surface(name=a3a0629 InputMethod)/@0x54f474f - animation-leash#1
08-24 14:43:47.457 24159 24159 I ViewInteraction: Checking 'com.example.dogglers.BaseTest$DrawableMatcher$RecyclerViewAssertion@8a7f606' assertion on view view.getId() is <2131230945/com.example.dogglers:id/horizontal_recycler_view>
08-24 14:43:47.458  4226  4226 D SurfaceFlinger: Display 0 HWC layers:
08-24 14:43:47.458  4226  4226 D SurfaceFlinger:      DEVICE | 0x77ae646640 | 0002 | RGBA_8888    |    0.0    0.0 1080.0 2340.0 |    0    0 1080 2340 | com.example.dogglers/com.example.dogglers.HorizontalListActivity$_24159#0
08-24 14:43:47.458  4226  4226 D SurfaceFlinger:      DEVICE | 0x7851237bc0 | 0002 | RGBA_8888    |    0.0    0.0 1080.0 2340.0 |    0    0 1080 2340 | Splash Screen com.example.dogglers#0
08-24 14:43:47.458  4226  4226 D SurfaceFlinger:      DEVICE | 0x77ce814dc0 | 0000 | RGBA_8888    |    0.0    0.0 1080.0   83.0 |    0    0 1080   83 | StatusBar$_4896#0
08-24 14:43:47.458  4226  4226 D SurfaceFlinger:      DEVICE | 0x77ce8157c0 | 0000 | RGBA_8888    |    0.0    0.0   67.0  342.0 |    0  746   67 1088 | com.samsung.android.app.cocktailbars[...]arservice.CocktailBarService$_9865#0
08-24 14:43:47.458  4226  4226 D SurfaceFlinger:      DEVICE | 0x7851238200 | 0000 | RGBA_8888    |    0.0    0.0  388.0   39.0 |  692 2301 1080 2340 | SGestureOverlayWindow$_5408#0
08-24 14:43:47.458  4226  4226 D SurfaceFlinger:      DEVICE | 0x77ce815f40 | 0000 | RGBA_8888    |    0.0    0.0 1080.0  126.0 |    0 2214 1080 2340 | NavigationBar0$_4896#0
08-24 14:43:47.458  4226  4226 D SurfaceFlinger:      DEVICE | 0x77ce814b40 | 0000 | RGBA_8888    |    0.0    0.0 1080.0  151.0 |    0    0 1080  151 | ScreenDecorOverlay$_
08-24 14:43:47.458  4226  4226 D SurfaceFlinger: 4896#0
08-24 14:43:47.458  4226  4226 D SurfaceFlinger:      DEVICE | 0x77ce817d40 | 0000 | RGBA_8888    |    0.0    0.0 1080.0  151.0 |    0 2189 1080 2340 | ScreenDecorOverlayBottom$_4896#0
08-24 14:43:47.458  4226  4226 D SurfaceFlinger:
08-24 14:43:47.460  4896  4896 I FaceWidgetMusicViewModel: getMediaButtonReceiverPackageName() - soundAssistant : com.google.android.youtube, Settings : org.telegram.plus/org.telegram.messenger.voip.VoIPMediaButtonReceiver,0,1
08-24 14:43:47.461  7388  7388 I HBD     : HoneyBoardService onFinishInput
08-24 14:43:47.461  7388  7388 I HBD     : a IC have been unbinded,  InputConnectionWrapper{idHash=#837b40f mMissingMethods=}
08-24 14:43:47.461  7388  7388 I HBD     : HoneyBoardService [PF_CL][onFinishInput]  576885 ns
08-24 14:43:47.462  7388  7388 I HBD     : HoneyBoardService [IMI] onStartInput - caller pid : 24159 , caller uid : 10574
08-24 14:43:47.462  7388  7388 I HBD     : i updateConfigs
08-24 14:43:47.462  4140  4146 E statsd  : Predicate -7037417284711607308 dropping data for dimension key (10)0x2010101->10574[I] (10)0x30000->*launch*[S]
08-24 14:43:47.462  7388  7388 I HBD     : i isEnabledNightMode : false
08-24 14:43:47.464  7388  7388 I HBD     : a IC have been binded, InputConnectionWrapper{idHash=#483f6a5 mMissingMethods=}
08-24 14:43:47.464  4140  4146 E statsd  : Predicate 5980654721335871649 dropping data for dimension key (10)0x2010101->10574[I] (10)0x30000->*launch*[S]
08-24 14:43:47.465  4226  5357 I Layer   : id=88506 removeFromCurrentState Surface(name=a3a0629 InputMethod)/@0x54f474f - animation-leash#0 (79)
08-24 14:43:47.467  4896  4896 D FaceWidgetMediaDataDAO: launch package intent
08-24 14:43:47.467  4585  4613 I SurfaceControl: nativeRelease nativeObject s[535556328032]
08-24 14:43:47.467  4585  4613 I SurfaceControl: nativeRelease nativeObject e[535556328032]
08-24 14:43:47.468  7388  7388 I HBD     : h [EditorInputType]setPrivateImeOptionsToTable privateImeOptions ( null )
08-24 14:43:47.468  7388  7388 I HBD     : b incognitoMode : false
08-24 14:43:47.468  7388  7388 I HBD     : a needOff = true , isForceOff = false, isNullInputClass : true
08-24 14:43:47.468  4896  4896 D FaceWidgetViewModel: onChanged
08-24 14:43:47.468  4896  4896 D FaceWidgetViewModel: updateMusicPageShownState() show = false, reattach = false, reason = clear
08-24 14:43:47.468  4896  4896 D FaceWidgetViewModel: skip to show media panel
08-24 14:43:47.469  4896  4896 D FaceWidgetMusicPageObserver: [EXPAND] onChanged :: PluginFaceWidgetMediaData{[NULL]} showingLastPlayed : true
08-24 14:43:47.469  7388  7388 I HBD     : h getDefaultInputRange : UNKNOWN
08-24 14:43:47.469  4896  4896 D FaceWidgetMediaDataDAO: controller is null
08-24 14:43:47.469  4896  4896 D FaceWidgetMediaDataDAO: controller is null
08-24 14:43:47.469  4896  4896 D FaceWidgetMediaDataDAO: controller is null
08-24 14:43:47.469  4896  4896 D FaceWidgetMediaDataDAO: controller is null
08-24 14:43:47.469  4896  4896 D FaceWidgetMediaDataDAO: controller is null
08-24 14:43:47.469  7388  7388 I HBD     : h getDefaultInputRange : UNKNOWN
08-24 14:43:47.469  4896  4896 D FaceWidgetMediaDataDAO: controller is null
08-24 14:43:47.469  4585  4613 I SurfaceControl: nativeRelease nativeObject s[537817687712]
08-24 14:43:47.469  4896  4896 D FaceWidgetMediaDataDAO: controller is null
08-24 14:43:47.469  7388  7388 I HBD     : h getDefaultInputRange : UNKNOWN
08-24 14:43:47.469  4585  4613 I SurfaceControl: nativeRelease nativeObject e[537817687712]
08-24 14:43:47.469  4896  4896 D FaceWidgetMediaDataDAO: controller is null
08-24 14:43:47.469  4896  4896 D FaceWidgetMusicPageObserver: last played. show tap to play last song. : com.google.android.youtube
08-24 14:43:47.470  4226  4251 I Layer   : id=88510 removeFromCurrentState Splash Screen com.example.dogglers#0 (79)
08-24 14:43:47.471  4585  7040 D SamsungIMMSHWKeyboard: isConnectedDexOnPC false
08-24 14:43:47.471  4585  7044 D SdpManagerService: Not an enterprise user : 0
08-24 14:43:47.471 24159 24159 I SurfaceControl: nativeRelease nativeObject s[535648695648]
08-24 14:43:47.471 24159 24159 I SurfaceControl: nativeRelease nativeObject e[535648695648]
08-24 14:43:47.471  4585  7044 D SdpManagerService: Not an enterprise user : 0
08-24 14:43:47.471 24159 24159 I SurfaceControl: nativeRelease nativeObject s[537807151712]
08-24 14:43:47.471 24159 24159 I SurfaceControl: nativeRelease nativeObject e[537807151712]
08-24 14:43:47.472  4585  4613 I SurfaceControl: nativeRelease nativeObject s[535557021024]
08-24 14:43:47.472  4585  4613 I SurfaceControl: nativeRelease nativeObject e[535557021024]
08-24 14:43:47.473  7388  7388 I HBD     : h getDefaultInputRange : UNKNOWN
08-24 14:43:47.473  7388  7388 I HBD     : a currentState : 0
08-24 14:43:47.474  4226  4251 I Layer   : id=88509 removeFromCurrentState 29bd1b5 Splash Screen com.example.dogglers#0 (79)
08-24 14:43:47.474  4226  4251 I Layer   : id=88519 removeFromCurrentState Surface(name=29bd1b5 Splash Screen com.example.dogglers)/@0x24affa - animation-leash#0 (79)
08-24 14:43:47.474  4226  4251 I SurfaceFlinger: id=88509 Removed 29bd1b5 Splash Screen com.example.dogglers#0 (79)
08-24 14:43:47.474  4226  5359 I SurfaceFlinger: id=88519 Removed Surface(name=29bd1b5 Splash Screen com.example.dogglers)/@0x24affa - animation-leash#0 (79)
08-24 14:43:47.474  4226  4251 I SurfaceFlinger: id=88510 Removed Splash Screen com.example.dogglers#0 (79)
08-24 14:43:47.476  7388  7388 I HBD     : h load selected json info : {"version":"1.0","currentLanguageOrder":0,"selected":[{"activeOptionList":["auto_replace","auto_spacing"],"engName":"Russian","id":3342336,"inputType":"qwerty","isUsed":true},{"activeOptionList":["auto_replace","auto_spacing"],"engName":"English","id":65537,"inputType":"qwerty","isUsed":true}]}
08-24 14:43:47.477  7388  7388 I HBD     : a [UpdatePolicy] [post] a: 0 cl: 3342336 kit: [0/0] vt: 0 ir: 1
08-24 14:43:47.477  4585  7040 D InputMethodManagerService: isImeSwitcherDisabledPackage : false
08-24 14:43:47.478  4585  7096 I SemDvfsHyPerManager: acquire hyper - AMS_ACT_START/4585@16, type = -999
08-24 14:43:47.478  4175  4211 I HYPER-HAL: [RequestManager.cpp]acquire(): Acquired ID : 10586917  [4585 / 16]    HINT : AMS_ACT_START    list :
08-24 14:43:47.478  7388  7388 I HBD     : HoneyBoardService [PF_OP][onStartInput]  16073885 ns
08-24 14:43:47.479  4175  4211 I HYPER-HAL: [ResourceManager.cpp]updateResource(): [CPUMinFreq] UpdateResource Request ID : 10586917    Value : 2314000
08-24 14:43:47.480  4226  4248 I SurfaceFlinger: id=88521 createSurf (0x0),-1 flag=80004, ActivityRecord{4c6be5 u0 com.example.dogglers/androidx.test.core.app.InstrumentationActivityInvoker$EmptyActivity t1571}#0
08-24 14:43:47.481  4226  4226 I Layer   : id=88519[1] Destroyed Surface(name=29bd1b5 Splash Screen com.example.dogglers)/@0x24affa - animation-leash#0
08-24 14:43:47.481  4226  4226 I Layer   : id=88509[1] Destroyed 29bd1b5 Splash Screen com.example.dogglers#0
08-24 14:43:47.482  4226  4226 I Layer   : id=88510[1] Destroyed Splash Screen com.example.dogglers#0
08-24 14:43:47.483  4896  5121 D NetworkController.SecMobileSignalController(1/8): onSignalStrengthsChanged level=3
08-24 14:43:47.486  4896  5121 D MobileSignalIconsSelector: getDataIconGroup(): 2
08-24 14:43:47.486  4226  4226 D SurfaceFlinger: Display 0 HWC layers:
08-24 14:43:47.486  4226  4226 D SurfaceFlinger:      DEVICE | 0x7851239d80 | 0002 | RGBA_8888    |    0.0    0.0 1080.0 2340.0 |    0    0 1080 2340 | com.example.dogglers/com.example.dogglers.HorizontalListActivity$_24159#0
08-24 14:43:47.486  4226  4226 D SurfaceFlinger:      DEVICE | 0x77ce816940 | 0000 | RGBA_8888    |    0.0    0.0 1080.0   83.0 |    0    0 1080   83 | StatusBar$_4896#0
08-24 14:43:47.486  4226  4226 D SurfaceFlinger:      DEVICE | 0x77ce8157c0 | 0000 | RGBA_8888    |    0.0    0.0   67.0  342.0 |    0  746   67 1088 | com.samsung.android.app.cocktailbars[...]arservice.CocktailBarService$_9865#0
08-24 14:43:47.486  4226  4226 D SurfaceFlinger:      DEVICE | 0x7851238200 | 0000 | RGBA_8888    |    0.0    0.0  388.0   39.0 |  692 2301 1080 2340 | SGestureOverlayWindow$_5408#0
08-24 14:43:47.486  4226  4226 D SurfaceFlinger:      DEVICE | 0x77ce815f40 | 0000 | RGBA_8888    |    0.0    0.0 1080.0  126.0 |    0 2214 1080 2340 | NavigationBar0$_4896#0
08-24 14:43:47.486  4226  4226 D SurfaceFlinger:      DEVICE | 0x77ce814b40 | 0000 | RGBA_8888    |    0.0    0.0 1080.0  151.0 |    0    0 1080  151 | ScreenDecorOverlay$_4896#0
08-24 14:43:47.486  4226  4226 D SurfaceFlinger:      DEVICE | 0x77ce817d40 | 0000 | RGBA_8888    |    0.0    0.0 1080.0  151.0 |    0 2189 1080 2340 | ScreenDecorOverlayBottom$_4896
08-24 14:43:47.487  4226  4226 D SurfaceFlinger: #0
08-24 14:43:47.487  4226  4226 D SurfaceFlinger:
08-24 14:43:47.492  4140  4146 E statsd  : Predicate -7037417284711607308 dropping data for dimension key (10)0x2010101->10574[I] (10)0x30000->*launch*[S]
08-24 14:43:47.493  4140  4146 E statsd  : Predicate 5980654721335871649 dropping data for dimension key (10)0x2010101->10574[I] (10)0x30000->*launch*[S]
08-24 14:43:47.496 24159 24159 D LifecycleMonitor: Lifecycle status change: com.example.dogglers.HorizontalListActivity@6518e15 in: PAUSED
08-24 14:43:47.496 24159 24159 V ActivityScenario: Update currentActivityStage to PAUSED, currentActivity=com.example.dogglers.HorizontalListActivity@6518e15
08-24 14:43:47.497  4585  7040 I SurfaceControl: nativeRelease nativeObject s[535567039488]
08-24 14:43:47.497  4585  7040 I SurfaceControl: nativeRelease nativeObject e[535567039488]
08-24 14:43:47.498  4226  4248 I Layer   : id=88499 removeFromCurrentState com.google.android.youtube/com.google.android.apps.youtube.app.watchwhile.WatchWhileActivity$_21625#0 (77)
08-24 14:43:47.498  4226  4248 I Layer   : id=88502 removeFromCurrentState Bounds for - com.google.android.youtube/com.google.android.apps.youtube.app.watchwhile.WatchWhileActivity@11#0 (77)
08-24 14:43:47.498  4226  4248 I Layer   : id=88503 removeFromCurrentState SurfaceView - com.google.android.youtube/com.google.android.apps.youtube.app.watchwhile.WatchWhileActivity@c9edee9@11#0 (77)
08-24 14:43:47.500  4585  8021 V WindowOrientationListener: getProposedRotation: -1
08-24 14:43:47.501  4585  8021 V WindowOrientationListener: getProposedRotation: -1
08-24 14:43:47.501  4585  8021 V WindowOrientationListener: getProposedRotation: -1
08-24 14:43:47.504  4585  8021 D InputDispatcher: Focused application set to (0): 4c6be5
08-24 14:43:47.510  4226  4248 I SurfaceFlinger: id=88499 Removed com.google.android.youtube/com.google.android.apps.youtube.app.watchwhile.WatchWhileActivity$_21625#0 (77)
08-24 14:43:47.515  4226  4226 I Layer   : id=88499[1] Destroyed com.google.android.youtube/com.google.android.apps.youtube.app.watchwhile.WatchWhileActivity$_21625#0
08-24 14:43:47.515  4226  4226 I Layer   : id=88502[1] Destroyed Bounds for - com.google.android.youtube/com.google.android.apps.youtube.app.watchwhile.WatchWhileActivity@11#0
08-24 14:43:47.515  4226  4226 I Layer   : id=88503[1] Destroyed SurfaceView - com.google.android.youtube/com.google.android.apps.youtube.app.watchwhile.WatchWhileActivity@c9edee9@11#0
08-24 14:43:47.517 24159 24159 D LifecycleMonitor: Lifecycle status change: androidx.test.core.app.InstrumentationActivityInvoker$EmptyActivity@6a7e663 in: PRE_ON_CREATE
08-24 14:43:47.517 24159 24159 V ActivityScenario: Activity lifecycle changed event received but ignored because the intent does not match. startActivityIntent=Intent { act=android.intent.action.MAIN cat=[android.intent.category.LAUNCHER] cmp=com.example.dogglers/.HorizontalListActivity }, activity.getIntent()=Intent { act=android.intent.action.MAIN cat=[android.intent.category.LAUNCHER] flg=0x10000000 cmp=com.example.dogglers/androidx.test.core.app.InstrumentationActivityInvoker$EmptyActivity }, activity=androidx.test.core.app.InstrumentationActivityInvoker$EmptyActivity@6a7e663
08-24 14:43:47.526 24159 24159 I DecorView: [INFO] isPopOver=false, config=true
08-24 14:43:47.526 24159 24159 I DecorView: updateCaptionType >> DecorView@ff72319[], isFloating=false, isApplication=true, hasWindowDecorCaption=false, hasWindowControllerCallback=true
08-24 14:43:47.526 24159 24159 D DecorView: setCaptionType = 0, this = DecorView@ff72319[]
08-24 14:43:47.527  4585  4635 D FastTrack: setFastTrackState: pid = 21625 ;tid= 21625 ;value= 0
08-24 14:43:47.527  4585  4635 D FastTrack: setFastTrackState: pid = 21625 ;tid= 21862 ;value= 0
08-24 14:43:47.528  4585  4610 D SehCodecSolutionService: Update top [com.example.dogglers]
08-24 14:43:47.531 24159 24159 D LifecycleMonitor: Lifecycle status change: androidx.test.core.app.InstrumentationActivityInvoker$EmptyActivity@6a7e663 in: CREATED
08-24 14:43:47.532 24159 24159 V ActivityScenario: Activity lifecycle changed event received but ignored because the intent does not match. startActivityIntent=Intent { act=android.intent.action.MAIN cat=[android.intent.category.LAUNCHER] cmp=com.example.dogglers/.HorizontalListActivity }, activity.getIntent()=Intent { act=android.intent.action.MAIN cat=[android.intent.category.LAUNCHER] flg=0x10000000 cmp=com.example.dogglers/androidx.test.core.app.InstrumentationActivityInvoker$EmptyActivity }, activity=androidx.test.core.app.InstrumentationActivityInvoker$EmptyActivity@6a7e663
08-24 14:43:47.532  4585  7112 I InputDispatcher: Focus left window (24159): 8c43876 in display 0 0
08-24 14:43:47.534 24159 24159 D LifecycleMonitor: Lifecycle status change: androidx.test.core.app.InstrumentationActivityInvoker$EmptyActivity@6a7e663 in: STARTED
08-24 14:43:47.534 24159 24159 V ActivityScenario: Activity lifecycle changed event received but ignored because the intent does not match. startActivityIntent=Intent { act=android.intent.action.MAIN cat=[android.intent.category.LAUNCHER] cmp=com.example.dogglers/.HorizontalListActivity }, activity.getIntent()=Intent { act=android.intent.action.MAIN cat=[android.intent.category.LAUNCHER] flg=0x10000000 cmp=com.example.dogglers/androidx.test.core.app.InstrumentationActivityInvoker$EmptyActivity }, activity=androidx.test.core.app.InstrumentationActivityInvoker$EmptyActivity@6a7e663
08-24 14:43:47.536 24159 24159 D LifecycleMonitor: Lifecycle status change: androidx.test.core.app.InstrumentationActivityInvoker$EmptyActivity@6a7e663 in: RESUMED
08-24 14:43:47.537 24159 24159 V ActivityScenario: Activity lifecycle changed event received but ignored because the intent does not match. startActivityIntent=Intent { act=android.intent.action.MAIN cat=[android.intent.category.LAUNCHER] cmp=com.example.dogglers/.HorizontalListActivity }, activity.getIntent()=Intent { act=android.intent.action.MAIN cat=[android.intent.category.LAUNCHER] flg=0x10000000 cmp=com.example.dogglers/androidx.test.core.app.InstrumentationActivityInvoker$EmptyActivity }, activity=androidx.test.core.app.InstrumentationActivityInvoker$EmptyActivity@6a7e663
08-24 14:43:47.541  4585  7034 D InputTransport: Input channel constructed: '6309312', fd=676
08-24 14:43:47.541  4585  7034 D InputTransport: Input channel constructed: '6309312', fd=677
08-24 14:43:47.541 21625 21625 D InputTransport: Input channel destroyed: 'ClientS', fd=149
08-24 14:43:47.542 21625 21625 I SurfaceControl: nativeRelease nativeObject s[537830788000]
08-24 14:43:47.542 21625 21625 I SurfaceControl: nativeRelease nativeObject e[537830788000]
08-24 14:43:47.542  4226  4248 I SurfaceFlinger: id=88522 createSurf (0x0),-1 flag=80004, 6309312 com.example.dogglers/androidx.test.core.app.InstrumentationActivityInvoker$EmptyActivity#0
08-24 14:43:47.542  4585  7034 D WindowManager: isScreenshotDisabledLocked - win: Window{6309312 u0 com.example.dogglers/androidx.test.core.app.InstrumentationActivityInvoker$EmptyActivity}
08-24 14:43:47.542  4585  7034 D WindowManager: isScreenshotDisabledLocked: userId = 0, disabled =false
08-24 14:43:47.542  4585  7034 D InputTransport: Input channel destroyed: '6309312', fd=677
08-24 14:43:47.543 24159 24159 D InputTransport: Input channel constructed: '6309312', fd=89
08-24 14:43:47.545 24159 24159 I ViewRootImpl@1bb548c[InstrumentationActivityInvoker$EmptyActivity]: setView = com.android.internal.policy.DecorView@ff72319 TM=true
08-24 14:43:47.551  4585  7034 V WindowManager: Relayout Window{6309312 u0 com.example.dogglers/androidx.test.core.app.InstrumentationActivityInvoker$EmptyActivity}: viewVisibility=0 req=1080x2340
08-24 14:43:47.553  4585  7034 D WindowManager: isScreenshotDisabledLocked - win: Window{6309312 u0 com.example.dogglers/androidx.test.core.app.InstrumentationActivityInvoker$EmptyActivity}
08-24 14:43:47.553  4585  7034 D WindowManager: isScreenshotDisabledLocked: userId = 0, disabled =false
08-24 14:43:47.553  4226  4248 I SurfaceFlinger: id=88523 createSurf (1080x2340),1 flag=404, com.example.dogglers/androidx.test.core.app.InstrumentationActivityInvoker$EmptyActivity$_24159#0
08-24 14:43:47.556  4585  7034 I SurfaceControl: nativeRelease nativeObject s[535581058272]
08-24 14:43:47.556  4585  7034 I SurfaceControl: nativeRelease nativeObject e[535581058272]
08-24 14:43:47.556  9865  9865 I TrayStateController: systemUiVisibilityChanged : 0 0
08-24 14:43:47.556  4226  4248 I SurfaceFlinger: id=88524 createSurf (0x0),-1 flag=24000, Surface(name=e455c2d StatusBar)/@0x2f65071 - animation-leash#1
08-24 14:43:47.557  4585  7034 I SurfaceControl: nativeRelease nativeObject s[535581061728]
08-24 14:43:47.557  4585  7034 I SurfaceControl: nativeRelease nativeObject e[535581061728]
08-24 14:43:47.557  4226  4248 I SurfaceFlinger: id=88525 createSurf (0x0),-1 flag=24000, Surface(name=a71bb8f NavigationBar0)/@0x8f38906 - animation-leash#1
08-24 14:43:47.560  4585  7034 V WindowManager: Relayout hash=6309312, pid=24159: mAttrs={(0,0)(fillxfill) sim={adjust=pan forwardNavigation} ty=BASE_APPLICATION wanim=0x1030001
08-24 14:43:47.560  4585  7034 V WindowManager:   fl=1810100
08-24 14:43:47.560  4585  7034 V WindowManager:   pfl=12020000
08-24 14:43:47.560  4585  7034 V WindowManager:   apr=LIGHT_NAVIGATION_BARS
08-24 14:43:47.560  4585  7034 V WindowManager:   fitSides= naviIconColor=0
08-24 14:43:47.560  4585  7034 V WindowManager:   sfl=100000}
08-24 14:43:47.560  4585  7034 I SurfaceControl: nativeRelease nativeObject s[535556330240]
08-24 14:43:47.560  4585  7034 I SurfaceControl: nativeRelease nativeObject e[535556330240]
08-24 14:43:47.561 24159 24159 I SurfaceControl: assignNativeObject: nativeObject = 0 Surface(name=null)/@0xcdd7d5 / android.view.SurfaceControl.readFromParcel:1117 android.view.IWindowSession$Stub$Proxy.relayout:1820 android.view.ViewRootImpl.relayoutWindow:9005 android.view.ViewRootImpl.performTraversals:3360 android.view.ViewRootImpl.doTraversal:2618 android.view.ViewRootImpl$TraversalRunnable.run:9971 android.view.Choreographer$CallbackRecord.run:1010 android.view.Choreographer.doCallbacks:809 android.view.Choreographer.doFrame:744 android.view.Choreographer$FrameDisplayEventReceiver.run:995
08-24 14:43:47.563 24159 24159 I ViewRootImpl@1bb548c[InstrumentationActivityInvoker$EmptyActivity]: Relayout returned: old=(0,0,1080,2340) new=(0,0,1080,2340) req=(1080,2340)0 dur=12 res=0x7 s={true 535654150144} ch=true fn=-1
08-24 14:43:47.566  4226  4601 I Layer   : id=88517 removeFromCurrentState Surface(name=e455c2d StatusBar)/@0x2f65071 - animation-leash#0 (78)
08-24 14:43:47.567  4226  4601 I Layer   : id=88518 removeFromCurrentState Surface(name=a71bb8f NavigationBar0)/@0x8f38906 - animation-leash#0 (78)
08-24 14:43:47.567  4159 17194 D gralloc : [mali_gralloc_allocate] begin
08-24 14:43:47.567  4159 17194 D gralloc : buffer_descriptor: wh(1080 2340) usage_pc(0x40000000000b00 0x40000000000b00) hal_format(0x1) layer_count(1) sizes(0 0 0) strde(0) byte_stride(0) alloc_wh(0 0) internal_format(0x0) alloc_format(0x0) fd_count(1) plane_count(0)
08-24 14:43:47.568 24159 24159 I ViewRootImpl@1bb548c[InstrumentationActivityInvoker$EmptyActivity]: [DP] dp(1) 1 android.view.ViewRootImpl.reportNextDraw:10957 android.view.ViewRootImpl.performTraversals:3845 android.view.ViewRootImpl.doTraversal:2618
08-24 14:43:47.569 24159 24159 I ViewRootImpl@1bb548c[InstrumentationActivityInvoker$EmptyActivity]: [DP] pd() Asnyc report
08-24 14:43:47.569  4159 17194 D gralloc : [mali_gralloc_allocate] allocation successful
08-24 14:43:47.571  4159 16850 D gralloc : [mali_gralloc_allocate] begin
08-24 14:43:47.571  4159 16850 D gralloc : buffer_descriptor: wh(1080 2340) usage_pc(0x40000000000b00 0x40000000000b00) hal_format(0x1) layer_count(1) sizes(0 0 0) strde(0) byte_stride(0) alloc_wh(0 0) internal_format(0x0) alloc_format(0x0) fd_count(1) plane_count(0)
08-24 14:43:47.573  4159 16850 D gralloc : [mali_gralloc_allocate] allocation successful
08-24 14:43:47.575  4159 16850 D gralloc : [mali_gralloc_allocate] begin
08-24 14:43:47.575  4159 16850 D gralloc : buffer_descriptor: wh(1080 2340) usage_pc(0x40000000000b00 0x40000000000b00) hal_format(0x1) layer_count(1) sizes(0 0 0) strde(0) byte_stride(0) alloc_wh(0 0) internal_format(0x0) alloc_format(0x0) fd_count(1) plane_count(0)
08-24 14:43:47.576  4896  4908 I ndroid.systemu: NativeAlloc concurrent copying GC freed 12761(517KB) AllocSpace objects, 0(0B) LOS objects, 49% free, 19MB/38MB, paused 353us total 231.245ms
08-24 14:43:47.579 24159 24159 I ViewRootImpl@1bb548c[InstrumentationActivityInvoker$EmptyActivity]: [DP] pdf(0) 1 android.view.ViewRootImpl.lambda$performDraw$1$ViewRootImpl:4668 android.view.-$$Lambda$ViewRootImpl$DJd0VUYJgsebcnSohO6h8zc_ONI.run:6 android.os.Handler.handleCallback:938
08-24 14:43:47.579 24159 24159 I ViewRootImpl@1bb548c[InstrumentationActivityInvoker$EmptyActivity]: [DP] rdf()
08-24 14:43:47.581 24159 24159 I ViewRootImpl@16f1439[HorizontalListActivity]: MSG_WINDOW_FOCUS_CHANGED 0 1
08-24 14:43:47.582  4159 16850 D gralloc : [mali_gralloc_allocate] allocation successful
08-24 14:43:47.585  4585  4613 D PkgPredictorService: pkg:com.example.dogglers activity:androidx.test.core.app.InstrumentationActivityInvoker$EmptyActivity thisTime:109
08-24 14:43:47.587 24159 24159 I SurfaceControl: nativeRelease nativeObject s[536151023936]
08-24 14:43:47.587 24159 24159 I SurfaceControl: nativeRelease nativeObject e[536151023936]
08-24 14:43:47.587 24159 24159 I SurfaceControl: nativeRelease nativeObject s[536151023840]
08-24 14:43:47.587 24159 24159 I SurfaceControl: nativeRelease nativeObject e[536151023840]
08-24 14:43:47.587  4226  5359 I SurfaceFlinger: id=88518 Removed Surface(name=a71bb8f NavigationBar0)/@0x8f38906 - animation-leash#0 (78)
08-24 14:43:47.587  4585  4613 I SemDvfsHyPerManager: acquire hyper - AMS_RESUME_TAIL/4585@18, type = -999
08-24 14:43:47.587 24159 24159 I SurfaceControl: nativeRelease nativeObject s[536151023456]
08-24 14:43:47.588 24159 24159 I SurfaceControl: nativeRelease nativeObject e[536151023456]
08-24 14:43:47.588  4585  4613 I SemDvfsHyPerManager: acquire hyper - AMS_ACT_LAZY/4585@19, type = -999
08-24 14:43:47.588  4226  4248 I SurfaceFlinger: id=88517 Removed Surface(name=e455c2d StatusBar)/@0x2f65071 - animation-leash#0 (78)
08-24 14:43:47.588  4585  4617 I ActivityTaskManager: Displayed com.example.dogglers/androidx.test.core.app.InstrumentationActivityInvoker$EmptyActivity: +109ms
08-24 14:43:47.589  4175  4211 I HYPER-HAL: [RequestManager.cpp]acquire(): Acquired ID : 10596124  [4585 / 18]    HINT : AMS_RESUME_TAIL    list :
08-24 14:43:47.589  4175  4211 I HYPER-HAL: [ResourceManager.cpp]updateResource(): [CPUMinFreq] UpdateResource Request ID : 10596124    Value : 1768000
08-24 14:43:47.590  4175  4211 I HYPER-HAL: [RequestManager.cpp]acquire(): Acquired ID : 10600729  [4585 / 19]    HINT :      list :
08-24 14:43:47.590  4175  4211 E HYPER-HAL: [Request.cpp]acquire(): Request:: id : 10600729, No Resource to set
08-24 14:43:47.591  4175  4211 I HYPER-HAL: [ResourceManager.cpp]removeResource(): [CPUMinFreq] RemoveResource Request ID : 10586917
08-24 14:43:47.592  4175  4211 I HYPER-HAL: [RequestManager.cpp]releaseLocked(): Released ID : 10586917
08-24 14:43:47.597  4226  4226 I Layer   : id=88517[1] Destroyed Surface(name=e455c2d StatusBar)/@0x2f65071 - animation-leash#0
08-24 14:43:47.597  4226  4226 I Layer   : id=88518[1] Destroyed Surface(name=a71bb8f NavigationBar0)/@0x8f38906 - animation-leash#0
08-24 14:43:47.598  4585  7034 I InputDispatcher: Focus entered window (24159): 6309312 in display 0 0
08-24 14:43:47.600  4226  4601 E BufferQueueProducer: [com.example.dogglers/com.example.dogglers.HorizontalListActivity$_24159#0](id:10820000495d,api:0,p:-1,c:4226) disconnect: not connected (req=1)
08-24 14:43:47.600 24159 24214 W libEGL  : EGLNativeWindowType 0x7cb7859010 disconnect failed
08-24 14:43:47.602  4226  4226 D SurfaceFlinger: Display 0 HWC layers:
08-24 14:43:47.602  4226  4226 D SurfaceFlinger:      DEVICE | 0x7851239c40 | 0002 | RGBA_8888    |    0.0    0.0 1080.0 2340.0 |    0    0 1080 2340 | com.example.dogglers/androidx.test.c[...]tivityInvoker$EmptyActivity$_24159#0
08-24 14:43:47.602  4226  4226 D SurfaceFlinger:      DEVICE | 0x77ce816940 | 0000 | RGBA_8888    |    0.0    0.0 1080.0   83.0 |    0    0 1080   83 | StatusBar$_4896#0
08-24 14:43:47.602  4226  4226 D SurfaceFlinger:      DEVICE | 0x77ce8157c0 | 0000 | RGBA_8888    |    0.0    0.0   67.0  342.0 |    0  746   67 1088 | com.samsung.android.app.cocktailbars[...]arservice.CocktailBarService$_9865#0
08-24 14:43:47.602  4226  4226 D SurfaceFlinger:      DEVICE | 0x7851238200 | 0000 | RGBA_8888    |    0.0    0.0  388.0   39.0 |  692 2301 1080 2340 | SGestureOverlayWindow$_5408#0
08-24 14:43:47.602  4226  4226 D SurfaceFlinger:      DEVICE | 0x77ce815f40 | 0000 | RGBA_8888    |    0.0    0.0 1080.0  126.0 |    0 2214 1080 2340 | NavigationBar0$_4896#0
08-24 14:43:47.602  4226  4226 D SurfaceFlinger:      DEVICE | 0x77ce814b40 | 0000 | RGBA_8888    |    0.0    0.0 1080.0  151.0 |    0    0 1080  151 | ScreenDecorOverlay$_4896#0
08-24 14:43:47.602  4226  4226 D SurfaceFlinger:      DEVICE | 0x77ce817d40 | 0000 | RGBA_8888    |    0.0    0.0 1080.0  151.0 |    0 2189 1080 2340 | ScreenDecorOverlayBottom$_
08-24 14:43:47.602  4226  4226 D SurfaceFlinger: 4896#0
08-24 14:43:47.602  4226  4226 D SurfaceFlinger:
08-24 14:43:47.604  4585  7034 V WindowManager: Relayout Window{8c43876 u0 com.example.dogglers/com.example.dogglers.HorizontalListActivity}: viewVisibility=8 req=1080x2340
08-24 14:43:47.607  4585  7034 V WindowManager: Relayout hash=8c43876, pid=24159: mAttrs={(0,0)(fillxfill) sim={adjust=resize forwardNavigation} ty=BASE_APPLICATION wanim=0x1030304
08-24 14:43:47.607  4585  7034 V WindowManager:   fl=81810100
08-24 14:43:47.607  4585  7034 V WindowManager:   pfl=12020000
08-24 14:43:47.607  4585  7034 V WindowManager:   apr=LIGHT_NAVIGATION_BARS
08-24 14:43:47.607  4585  7034 V WindowManager:   fitSides= naviIconColor=0
08-24 14:43:47.607  4585  7034 V WindowManager:   sfl=100000}
08-24 14:43:47.608 24159 24159 I SurfaceControl: nativeRelease nativeObject s[535648691520]
08-24 14:43:47.608 24159 24159 I SurfaceControl: nativeRelease nativeObject e[535648691520]
08-24 14:43:47.608 24159 24159 I SurfaceControl: assignNativeObject: nativeObject = 0 Surface(name=null)/@0x325fbea / android.view.SurfaceControl.readFromParcel:1117 android.view.IWindowSession$Stub$Proxy.relayout:1810 android.view.ViewRootImpl.relayoutWindow:9005 android.view.ViewRootImpl.performTraversals:3360 android.view.ViewRootImpl.doTraversal:2618 android.view.ViewRootImpl$TraversalRunnable.run:9971 android.view.Choreographer$CallbackRecord.run:1010 android.view.Choreographer.doCallbacks:809 android.view.Choreographer.doFrame:744 android.view.Choreographer$FrameDisplayEventReceiver.run:995
08-24 14:43:47.609 24159 24159 I SurfaceControl: assignNativeObject: nativeObject = 0 Surface(name=null)/@0x5e9c4eb / android.view.SurfaceControl.readFromParcel:1117 android.view.IWindowSession$Stub$Proxy.relayout:1820 android.view.ViewRootImpl.relayoutWindow:9005 android.view.ViewRootImpl.performTraversals:3360 android.view.ViewRootImpl.doTraversal:2618 android.view.ViewRootImpl$TraversalRunnable.run:9971 android.view.Choreographer$CallbackRecord.run:1010 android.view.Choreographer.doCallbacks:809 android.view.Choreographer.doFrame:744 android.view.Choreographer$FrameDisplayEventReceiver.run:995
08-24 14:43:47.610 24159 24159 I SurfaceControl: nativeRelease nativeObject s[536151024032]
08-24 14:43:47.610 24159 24159 I SurfaceControl: nativeRelease nativeObject e[536151024032]
08-24 14:43:47.610 24159 24159 I ViewRootImpl@16f1439[HorizontalListActivity]: Relayout returned: old=(0,0,1080,2340) new=(0,0,1080,2340) req=(1080,2340)8 dur=7 res=0x5 s={false 0} ch=true fn=5
08-24 14:43:47.612 24159 24159 I ViewRootImpl@1bb548c[InstrumentationActivityInvoker$EmptyActivity]: MSG_WINDOW_FOCUS_CHANGED 1 1
08-24 14:43:47.612 24159 24159 D InputMethodManager: prepareNavigationBarInfo() DecorView@ff72319[InstrumentationActivityInvoker$EmptyActivity]
08-24 14:43:47.612 24159 24159 D InputMethodManager: getNavigationBarColor() -855310
08-24 14:43:47.612 24159 24159 D InputMethodManager: prepareNavigationBarInfo() DecorView@ff72319[InstrumentationActivityInvoker$EmptyActivity]
08-24 14:43:47.613 24159 24159 D InputMethodManager: getNavigationBarColor() -855310
08-24 14:43:47.613 24159 24159 V InputMethodManager: Starting input: tba=com.example.dogglers ic=null mNaviBarColor -855310 mIsGetNaviBarColorSuccess true , NavVisible : true , NavTrans : false
08-24 14:43:47.613 24159 24159 D InputMethodManager: startInputInner - Id : 0
08-24 14:43:47.613 24159 24159 I InputMethodManager: startInputInner - mService.startInputOrWindowGainedFocus
08-24 14:43:47.614  4585  7034 D InputMethodManagerService: mSecureKeypadEnabled = false
08-24 14:43:47.614  4585  7034 V InputMethodManagerService: hideCurrentInputLocked : shouldHideSoftInput is false
08-24 14:43:47.614  4585  7034 D InputMethodManagerService: mDesktopModeManager null!
08-24 14:43:47.614  4585  7034 V InputMethodManagerService: getDisplayIdOfInputMethodWindowToBeAdded : 0
08-24 14:43:47.614  4585  7034 D InputMethodManagerService: checkDisplayOfStartInputAndUpdateKeyboard display Id 0last 0
08-24 14:43:47.614  4585  7034 D InputTransport: Input channel constructed: 'ClientS', fd=687
08-24 14:43:47.615  4585  7034 D InputTransport: Input channel destroyed: 'ClientS', fd=687
08-24 14:43:47.615 24159 24159 D InputTransport: Input channel constructed: 'ClientS', fd=92
08-24 14:43:47.615 24159 24159 D InputTransport: Input channel destroyed: 'ClientS', fd=93
08-24 14:43:47.616 24159 24159 I ViewRootImpl@16f1439[HorizontalListActivity]: stopped(true) old=false
08-24 14:43:47.617  4585  7096 I SurfaceControl: nativeRelease nativeObject s[537628419328]
08-24 14:43:47.617  4585  7096 I SurfaceControl: nativeRelease nativeObject e[537628419328]
08-24 14:43:47.617 24159 24159 D LifecycleMonitor: Lifecycle status change: com.example.dogglers.HorizontalListActivity@6518e15 in: STOPPED
08-24 14:43:47.617  4226  4601 I SurfaceFlinger: id=88526 createSurf (0x0),-1 flag=24004, Surface(name=a3a0629 InputMethod)/@0x54f474f - animation-leash#0
08-24 14:43:47.618 24159 24159 V ActivityScenario: Update currentActivityStage to STOPPED, currentActivity=com.example.dogglers.HorizontalListActivity@6518e15
08-24 14:43:47.620  7388  7388 I HBD     : HoneyBoardService onFinishInput
08-24 14:43:47.620  4226  4601 I Layer   : id=88520 removeFromCurrentState Surface(name=a3a0629 InputMethod)/@0x54f474f - animation-leash#1 (77)
08-24 14:43:47.620 24159 24159 D LifecycleMonitor: Lifecycle status change: com.example.dogglers.HorizontalListActivity@6518e15 in: DESTROYED
08-24 14:43:47.620  7388  7388 I HBD     : a IC have been unbinded,  InputConnectionWrapper{idHash=#483f6a5 mMissingMethods=}
08-24 14:43:47.620 24159 24159 V ActivityScenario: Update currentActivityStage to DESTROYED, currentActivity=null
08-24 14:43:47.620  7388  7388 I HBD     : HoneyBoardService [PF_CL][onFinishInput]  448923 ns
08-24 14:43:47.621  7388  7388 I HBD     : HoneyBoardService [IMI] onStartInput - caller pid : 24159 , caller uid : 10574
08-24 14:43:47.621  7388  7388 I HBD     : i updateConfigs
08-24 14:43:47.621  7388  7388 I HBD     : i isEnabledNightMode : false
08-24 14:43:47.621  7388  7388 I HBD     : a IC have been binded, InputConnectionWrapper{idHash=#483f6a5 mMissingMethods=}
08-24 14:43:47.622  7388  7388 I HBD     : h [EditorInputType]setPrivateImeOptionsToTable privateImeOptions ( null )
08-24 14:43:47.622  7388  7388 I HBD     : b incognitoMode : false
08-24 14:43:47.622  7388  7388 I HBD     : a needOff = true , isForceOff = false, isNullInputClass : true
08-24 14:43:47.622  7388  7388 I HBD     : h getDefaultInputRange : UNKNOWN
08-24 14:43:47.622 24159 24159 I ViewRootImpl@16f1439[HorizontalListActivity]: dispatchDetachedFromWindow
08-24 14:43:47.622  7388  7388 I HBD     : h getDefaultInputRange : UNKNOWN
08-24 14:43:47.622  7388  7388 I HBD     : h getDefaultInputRange : UNKNOWN
08-24 14:43:47.623  4585  8021 D InputTransport: Input channel destroyed: '8c43876', fd=685
08-24 14:43:47.623  4585  7034 D SdpManagerService: Not an enterprise user : 0
08-24 14:43:47.623  4585  8021 I SurfaceControl: nativeRelease nativeObject s[537628415776]
08-24 14:43:47.623  4585  8021 I SurfaceControl: nativeRelease nativeObject e[537628415776]
08-24 14:43:47.623  4585  7034 D SdpManagerService: Not an enterprise user : 0
08-24 14:43:47.623  4585  8021 D WindowManager: isScreenshotDisabledLocked - win: Window{8c43876 u0 com.example.dogglers/com.example.dogglers.HorizontalListActivity}
08-24 14:43:47.623  4585  8021 D WindowManager: isScreenshotDisabledLocked: userId = 0, disabled =false
08-24 14:43:47.623  4585  8021 I SurfaceControl: nativeRelease nativeObject s[537628414240]
08-24 14:43:47.623  4585  8021 I SurfaceControl: nativeRelease nativeObject e[537628414240]
08-24 14:43:47.624  4226  4601 I Layer   : id=88516 removeFromCurrentState com.example.dogglers/com.example.dogglers.HorizontalListActivity$_24159#0 (77)
08-24 14:43:47.624  4226  4601 I SurfaceFlinger: id=88516 Removed com.example.dogglers/com.example.dogglers.HorizontalListActivity$_24159#0 (77)
08-24 14:43:47.625  7388  7388 I HBD     : h getDefaultInputRange : UNKNOWN
08-24 14:43:47.625  4226  4601 I Layer   : id=88515 removeFromCurrentState 8c43876 com.example.dogglers/com.example.dogglers.HorizontalListActivity#0 (77)
08-24 14:43:47.625  7388  7388 I HBD     : a currentState : 0
08-24 14:43:47.626  4226  4601 I SurfaceFlinger: id=88515 Removed 8c43876 com.example.dogglers/com.example.dogglers.HorizontalListActivity#0 (77)
08-24 14:43:47.626 24159 24159 D InputTransport: Input channel destroyed: '8c43876', fd=80
08-24 14:43:47.628  4585  7040 I SemDvfsHyPerManager: acquire hyper - AMS_ACT_START/4585@16, type = -999
08-24 14:43:47.628  4175  4211 I HYPER-HAL: [RequestManager.cpp]acquire(): Acquired ID : 10586917  [4585 / 16]    HINT : AMS_ACT_START    list :
08-24 14:43:47.629  4175  4211 I HYPER-HAL: [ResourceManager.cpp]updateResource(): [CPUMinFreq] UpdateResource Request ID : 10586917    Value : 2314000
08-24 14:43:47.629  4226  5357 I SurfaceFlinger: id=88527 createSurf (0x0),-1 flag=80004, ActivityRecord{9ab8b0e u0 com.example.dogglers/androidx.test.core.app.InstrumentationActivityInvoker$EmptyActivity t1571}#0
08-24 14:43:47.630  7388  7388 I HBD     : h load selected json info : {"version":"1.0","currentLanguageOrder":0,"selected":[{"activeOptionList":["auto_replace","auto_spacing"],"engName":"Russian","id":3342336,"inputType":"qwerty","isUsed":true},{"activeOptionList":["auto_replace","auto_spacing"],"engName":"English","id":65537,"inputType":"qwerty","isUsed":true}]}
08-24 14:43:47.630  4226  4226 I Layer   : id=88515[1] Destroyed 8c43876 com.example.dogglers/com.example.dogglers.HorizontalListActivity#0
08-24 14:43:47.631  4226  4226 I Layer   : id=88516[1] Destroyed com.example.dogglers/com.example.dogglers.HorizontalListActivity$_24159#0
08-24 14:43:47.634  7388  7388 I HBD     : a [UpdatePolicy] [post] a: 0 cl: 3342336 kit: [0/0] vt: 0 ir: 1
08-24 14:43:47.636  7388  7388 I HBD     : HoneyBoardService [PF_OP][onStartInput]  15218308 ns
08-24 14:43:47.638  4585  7034 I SurfaceControl: nativeRelease nativeObject s[535556329280]
08-24 14:43:47.638  4585  7034 I SurfaceControl: nativeRelease nativeObject e[535556329280]
08-24 14:43:47.642 24159 24159 I SurfaceControl: nativeRelease nativeObject s[535648691520]
08-24 14:43:47.642 24159 24159 I SurfaceControl: nativeRelease nativeObject e[535648691520]
08-24 14:43:47.643  4585  7112 D SamsungIMMSHWKeyboard: isConnectedDexOnPC false
08-24 14:43:47.643 24159 24159 I SurfaceControl: nativeRelease nativeObject s[535648695936]
08-24 14:43:47.643 24159 24159 I SurfaceControl: nativeRelease nativeObject e[535648695936]
08-24 14:43:47.643 24159 24159 I SurfaceControl: nativeRelease nativeObject s[535648695840]
08-24 14:43:47.643 24159 24159 I SurfaceControl: nativeRelease nativeObject e[535648695840]
08-24 14:43:47.643  4226  5357 I Layer   : id=88511 removeFromCurrentState ActivityRecord{b2f461c u0 com.example.dogglers/.HorizontalListActivity t1571}#0 (76)
08-24 14:43:47.643  4226  5357 I SurfaceFlinger: id=88511 Removed ActivityRecord{b2f461c u0 com.example.dogglers/.HorizontalListActivity t1571}#0 (76)
08-24 14:43:47.644  4585  7112 D InputMethodManagerService: isImeSwitcherDisabledPackage : false
08-24 14:43:47.645 24159 24159 D LifecycleMonitor: Lifecycle status change: androidx.test.core.app.InstrumentationActivityInvoker$EmptyActivity@6a7e663 in: PAUSED
08-24 14:43:47.645 24159 24159 V ActivityScenario: Activity lifecycle changed event received but ignored because the intent does not match. startActivityIntent=Intent { act=android.intent.action.MAIN cat=[android.intent.category.LAUNCHER] cmp=com.example.dogglers/.HorizontalListActivity }, activity.getIntent()=Intent { act=android.intent.action.MAIN cat=[android.intent.category.LAUNCHER] flg=0x10000000 cmp=com.example.dogglers/androidx.test.core.app.InstrumentationActivityInvoker$EmptyActivity }, activity=androidx.test.core.app.InstrumentationActivityInvoker$EmptyActivity@6a7e663
08-24 14:43:47.647  4226  4226 I Layer   : id=88511[1] Destroyed ActivityRecord{b2f461c u0 com.example.dogglers/.HorizontalListActivity t1571}#0
08-24 14:43:47.647  4585  7034 V WindowOrientationListener: getProposedRotation: -1
08-24 14:43:47.647  4585  7034 V WindowOrientationListener: getProposedRotation: -1
08-24 14:43:47.648  4585  7034 V WindowOrientationListener: getProposedRotation: -1
08-24 14:43:47.650  4585  7034 D InputDispatcher: Focused application set to (0): 9ab8b0e
08-24 14:43:47.657 24159 24159 D LifecycleMonitor: Lifecycle status change: androidx.test.core.app.InstrumentationActivityInvoker$BootstrapActivity@2cc9dd2 in: DESTROYED
08-24 14:43:47.657 24159 24159 V ActivityScenario: Activity lifecycle changed event received but ignored because the intent does not match. startActivityIntent=Intent { act=android.intent.action.MAIN cat=[android.intent.category.LAUNCHER] cmp=com.example.dogglers/.HorizontalListActivity }, activity.getIntent()=Intent { act=android.intent.action.MAIN cat=[android.intent.category.LAUNCHER] flg=0x10008000 cmp=com.example.dogglers/androidx.test.core.app.InstrumentationActivityInvoker$BootstrapActivity (has extras) }, activity=androidx.test.core.app.InstrumentationActivityInvoker$BootstrapActivity@2cc9dd2
08-24 14:43:47.658  4585  7034 I SurfaceControl: nativeRelease nativeObject s[535558904576]
08-24 14:43:47.659  4585  7034 I SurfaceControl: nativeRelease nativeObject e[535558904576]
08-24 14:43:47.661  4226  5357 I Layer   : id=88508 removeFromCurrentState ActivityRecord{266eabf u0 com.example.dogglers/androidx.test.core.app.InstrumentationActivityInvoker$BootstrapActivity t1571}#0 (75)
08-24 14:43:47.662  4226  5357 I SurfaceFlinger: id=88508 Removed ActivityRecord{266eabf u0 com.example.dogglers/androidx.test.core.app.InstrumentationActivityInvoker$BootstrapActivity t1571}#0 (75)
08-24 14:43:47.664  4226  4226 I Layer   : id=88508[1] Destroyed ActivityRecord{266eabf u0 com.example.dogglers/androidx.test.core.app.InstrumentationActivityInvoker$BootstrapActivity t1571}#0
08-24 14:43:47.664  4585  7112 I InputDispatcher: Focus left window (24159): 6309312 in display 0 0
08-24 14:43:47.666 24159 24159 D LifecycleMonitor: Lifecycle status change: androidx.test.core.app.InstrumentationActivityInvoker$EmptyActivity@5c5a924 in: PRE_ON_CREATE
08-24 14:43:47.666 24159 24159 V ActivityScenario: Activity lifecycle changed event received but ignored because the intent does not match. startActivityIntent=Intent { act=android.intent.action.MAIN cat=[android.intent.category.LAUNCHER] cmp=com.example.dogglers/.HorizontalListActivity }, activity.getIntent()=Intent { act=android.intent.action.MAIN cat=[android.intent.category.LAUNCHER] flg=0x10000000 cmp=com.example.dogglers/androidx.test.core.app.InstrumentationActivityInvoker$EmptyActivity }, activity=androidx.test.core.app.InstrumentationActivityInvoker$EmptyActivity@5c5a924
08-24 14:43:47.672 24159 24159 I DecorView: [INFO] isPopOver=false, config=true
08-24 14:43:47.672 24159 24159 I DecorView: updateCaptionType >> DecorView@a761e42[], isFloating=false, isApplication=true, hasWindowDecorCaption=false, hasWindowControllerCallback=true
08-24 14:43:47.672 24159 24159 D DecorView: setCaptionType = 0, this = DecorView@a761e42[]
08-24 14:43:47.676 24159 24159 D LifecycleMonitor: Lifecycle status change: androidx.test.core.app.InstrumentationActivityInvoker$EmptyActivity@5c5a924 in: CREATED
08-24 14:43:47.677 24159 24159 V ActivityScenario: Activity lifecycle changed event received but ignored because the intent does not match. startActivityIntent=Intent { act=android.intent.action.MAIN cat=[android.intent.category.LAUNCHER] cmp=com.example.dogglers/.HorizontalListActivity }, activity.getIntent()=Intent { act=android.intent.action.MAIN cat=[android.intent.category.LAUNCHER] flg=0x10000000 cmp=com.example.dogglers/androidx.test.core.app.InstrumentationActivityInvoker$EmptyActivity }, activity=androidx.test.core.app.InstrumentationActivityInvoker$EmptyActivity@5c5a924
08-24 14:43:47.678 24159 24159 D LifecycleMonitor: Lifecycle status change: androidx.test.core.app.InstrumentationActivityInvoker$EmptyActivity@5c5a924 in: STARTED
08-24 14:43:47.679 24159 24159 V ActivityScenario: Activity lifecycle changed event received but ignored because the intent does not match. startActivityIntent=Intent { act=android.intent.action.MAIN cat=[android.intent.category.LAUNCHER] cmp=com.example.dogglers/.HorizontalListActivity }, activity.getIntent()=Intent { act=android.intent.action.MAIN cat=[android.intent.category.LAUNCHER] flg=0x10000000 cmp=com.example.dogglers/androidx.test.core.app.InstrumentationActivityInvoker$EmptyActivity }, activity=androidx.test.core.app.InstrumentationActivityInvoker$EmptyActivity@5c5a924
08-24 14:43:47.699 24159 24159 D LifecycleMonitor: Lifecycle status change: androidx.test.core.app.InstrumentationActivityInvoker$EmptyActivity@5c5a924 in: RESUMED
08-24 14:43:47.699 24159 24159 V ActivityScenario: Activity lifecycle changed event received but ignored because the intent does not match. startActivityIntent=Intent { act=android.intent.action.MAIN cat=[android.intent.category.LAUNCHER] cmp=com.example.dogglers/.HorizontalListActivity }, activity.getIntent()=Intent { act=android.intent.action.MAIN cat=[android.intent.category.LAUNCHER] flg=0x10000000 cmp=com.example.dogglers/androidx.test.core.app.InstrumentationActivityInvoker$EmptyActivity }, activity=androidx.test.core.app.InstrumentationActivityInvoker$EmptyActivity@5c5a924
08-24 14:43:47.703  4585  7034 D InputTransport: Input channel constructed: '15f0272', fd=688
08-24 14:43:47.703  4585  7034 D InputTransport: Input channel constructed: '15f0272', fd=691
08-24 14:43:47.704  4226  5357 I SurfaceFlinger: id=88528 createSurf (0x0),-1 flag=80004, 15f0272 com.example.dogglers/androidx.test.core.app.InstrumentationActivityInvoker$EmptyActivity#0
08-24 14:43:47.705  4585  7034 D WindowManager: isScreenshotDisabledLocked - win: Window{15f0272 u0 com.example.dogglers/androidx.test.core.app.InstrumentationActivityInvoker$EmptyActivity}
08-24 14:43:47.705  4585  7034 D WindowManager: isScreenshotDisabledLocked: userId = 0, disabled =false
08-24 14:43:47.705  4585  7034 D InputTransport: Input channel destroyed: '15f0272', fd=691
08-24 14:43:47.706 24159 24159 D InputTransport: Input channel constructed: '15f0272', fd=80
08-24 14:43:47.707 24159 24159 I ViewRootImpl@fa0489[InstrumentationActivityInvoker$EmptyActivity]: setView = com.android.internal.policy.DecorView@a761e42 TM=true
08-24 14:43:47.717  4585  7034 V WindowManager: Relayout Window{15f0272 u0 com.example.dogglers/androidx.test.core.app.InstrumentationActivityInvoker$EmptyActivity}: viewVisibility=0 req=1080x2340
08-24 14:43:47.719  4585  7034 D WindowManager: isScreenshotDisabledLocked - win: Window{15f0272 u0 com.example.dogglers/androidx.test.core.app.InstrumentationActivityInvoker$EmptyActivity}
08-24 14:43:47.719  4585  7034 D WindowManager: isScreenshotDisabledLocked: userId = 0, disabled =false
08-24 14:43:47.720  4226  5357 I SurfaceFlinger: id=88529 createSurf (1080x2340),1 flag=404, com.example.dogglers/androidx.test.core.app.InstrumentationActivityInvoker$EmptyActivity$_24159#1
08-24 14:43:47.722  4585  7034 I SurfaceControl: nativeRelease nativeObject s[537628422400]
08-24 14:43:47.722  4585  7034 I SurfaceControl: nativeRelease nativeObject e[537628422400]
08-24 14:43:47.722  9865  9865 I TrayStateController: systemUiVisibilityChanged : 0 0
08-24 14:43:47.722  4226  5357 I SurfaceFlinger: id=88530 createSurf (0x0),-1 flag=24000, Surface(name=e455c2d StatusBar)/@0x2f65071 - animation-leash#0
08-24 14:43:47.722  4585  7034 I SurfaceControl: nativeRelease nativeObject s[535579926880]
08-24 14:43:47.722  4585  7034 I SurfaceControl: nativeRelease nativeObject e[535579926880]
08-24 14:43:47.723  4226  5357 I SurfaceFlinger: id=88531 createSurf (0x0),-1 flag=24000, Surface(name=a71bb8f NavigationBar0)/@0x8f38906 - animation-leash#0
08-24 14:43:47.724  4585  7034 V WindowManager: Relayout hash=15f0272, pid=24159: mAttrs={(0,0)(fillxfill) sim={adjust=pan forwardNavigation} ty=BASE_APPLICATION wanim=0x1030001
