08-24 14:43:34.126  4585  8021 D InputTransport: Input channel destroyed: 'ClientS', fd=623
08-24 14:43:34.127 24159 24159 D InputTransport: Input channel constructed: 'ClientS', fd=89
08-24 14:43:34.133 24159 24159 I ViewInteraction: Performing 'single click' action on view view.getId() is <2131230932/com.example.dogglers:id/grid_btn>
08-24 14:43:34.138  4585  7034 D InputDispatcher: Inject motion (24159): action=0x0, time=571751471000000, f=0x0, d=0
08-24 14:43:34.138  4585  4726 D InputDispatcher: pointer touchable region used!
08-24 14:43:34.138  4585  4726 W InputDispatcher: obscured by Window{5f79030
08-24 14:43:34.138  4896  4896 D FaceWidgetMediaDataRepository: PlaybackState and Metadata is null. :: com.google.android.youtube
08-24 14:43:34.139  4585  4726 I InputDispatcher: Delivering touch to (4896): action: 0x4, f=0x0, d=0, 'a71bb8f', t=0
08-24 14:43:34.139  4585  4726 I InputDispatcher: Delivering touch to (24159): action: 0x0, f=0x1, d=0, 'c1387d9', t=0
08-24 14:43:34.139  5408  5408 W RecentsAnimationDeviceState: isInSwipeUpTouchRegion = false
08-24 14:43:34.139  5408  5408 W TouchInteractionService: onInputEvent, inputConsumer = com.android.quickstep.-$$Lambda$InputConsumer$pgTpBxbssXPLgozwhOXQifnNImE@b866acd
08-24 14:43:34.139 24159 24159 I ViewRootImpl@3af31f8[MainActivity]: ViewPostIme pointer 0
08-24 14:43:34.139  4896  4896 D FaceWidgetMediaSessionManager: onMetadataChanged() metadata = null
08-24 14:43:34.140  4585  8021 I SurfaceControl: nativeRelease nativeObject s[535565839808]
08-24 14:43:34.140  4585  8021 I SurfaceControl: nativeRelease nativeObject e[535565839808]
08-24 14:43:34.141  4896  4896 I PluginFaceWidgetMediaDataFactory: getBitmapFromMetadata null
08-24 14:43:34.141  4896  4896 D PluginFaceWidgetMediaDataFactory: Elapsed Time : 2
08-24 14:43:34.142  4226  5359 I SurfaceFlinger: id=88141 createSurf (0x0),-1 flag=24004, Surface(name=a3a0629 InputMethod)/@0x54f474f - animation-leash#1
08-24 14:43:34.144  7388  7388 I HBD     : HoneyBoardService onFinishInput
08-24 14:43:34.144  7388  7388 I HBD     : a IC have been unbinded,  InputConnectionWrapper{idHash=#7a439d mMissingMethods=}
08-24 14:43:34.145  7388  7388 I HBD     : HoneyBoardService [PF_CL][onFinishInput]  752346 ns
08-24 14:43:34.144 24391 24467 I SB_Processor: action : com.samsung.android.sm.security.service.ACTION_SERVICE_STATUS_CHANGED
08-24 14:43:34.145 24391 24467 I SB_BgScanServiceCompleted : name : app_verification, status  : completed
08-24 14:43:34.146  7388  7388 I HBD     : HoneyBoardService [IMI] onStartInput - caller pid : 24159 , caller uid : 10574
08-24 14:43:34.146  7388  7388 I HBD     : i updateConfigs
08-24 14:43:34.146  7388  7388 I HBD     : i isEnabledNightMode : false
08-24 14:43:34.146  7388  7388 I HBD     : a IC have been binded, InputConnectionWrapper{idHash=#60843e3 mMissingMethods=}
08-24 14:43:34.147  7388  7388 I HBD     : h [EditorInputType]setPrivateImeOptionsToTable privateImeOptions ( null )
08-24 14:43:34.147  7388  7388 I HBD     : b incognitoMode : false
08-24 14:43:34.147  7388  7388 I HBD     : a needOff = true , isForceOff = false, isNullInputClass : true
08-24 14:43:34.147  4896  4896 D FaceWidgetMediaDataRepository: [update] key : com.google.android.youtube|0|192289192, oldKey : com.google.android.youtube|0|192289192, media : com.google.android.youtube, sourceType : SESSION
08-24 14:43:34.148  7388  7388 I HBD     : h getDefaultInputRange : UNKNOWN
08-24 14:43:34.148  7388  7388 I HBD     : h getDefaultInputRange : UNKNOWN
08-24 14:43:34.148  7388  7388 I HBD     : h getDefaultInputRange : UNKNOWN
08-24 14:43:34.149  4585  7113 D SdpManagerService: Not an enterprise user : 0
08-24 14:43:34.149  4585  7113 D SdpManagerService: Not an enterprise user : 0
08-24 14:43:34.151 24137 24137 D EdgeLightingReceiver: com.samsung.android.app.edgelighting.PACKAGE_REPLACED com.example.dogglers
08-24 14:43:34.151 24137 24137 D EdgeLightingSettingManager: replaceSilentInstalledPackage : true, packageName = com.example.dogglers
08-24 14:43:34.152  7388  7388 I HBD     : h getDefaultInputRange : UNKNOWN
08-24 14:43:34.153  7388  7388 I HBD     : a currentState : 0
08-24 14:43:34.153  4585  4635 D FastTrack: setFastTrackState: pid = 21625 ;tid= 21625 ;value= 0
08-24 14:43:34.153  4226  5359 I Layer   : id=88123 removeFromCurrentState Surface(name=a3a0629 InputMethod)/@0x54f474f - animation-leash#0 (78)
08-24 14:43:34.154  4585  4635 D FastTrack: setFastTrackState: pid = 21625 ;tid= 21862 ;value= 0
08-24 14:43:34.155  4896  4896 D FaceWidgetMediaDataRepository: PlaybackState and Metadata is null. :: com.google.android.youtube
08-24 14:43:34.155  7388  7388 I HBD     : h load selected json info : {"version":"1.0","currentLanguageOrder":0,"selected":[{"activeOptionList":["auto_replace","auto_spacing"],"engName":"Russian","id":3342336,"inputType":"qwerty","isUsed":true},{"activeOptionList":["auto_replace","auto_spacing"],"engName":"English","id":65537,"inputType":"qwerty","isUsed":true}]}
08-24 14:43:34.155  4896  4896 D FaceWidgetMediaSessionManager: onPlaybackStateChanged() state = PlaybackState {state=1, position=0, buffered position=0, speed=1.0, updated=1322754654, actions=8192, custom actions=[], active item id=-1, error=null}
08-24 14:43:34.156  4896  4896 I PluginFaceWidgetMediaDataFactory: getBitmapFromMetadata null
08-24 14:43:34.156  7388  7388 I HBD     : a [UpdatePolicy] [post] a: 0 cl: 3342336 kit: [0/0] vt: 0 ir: 1
08-24 14:43:34.156  4896  4896 D PluginFaceWidgetMediaDataFactory: Elapsed Time : 0
08-24 14:43:34.158  4896  4896 D FaceWidgetMediaDataRepository: [update] key : com.google.android.youtube|0|192289192, oldKey : com.google.android.youtube|0|192289192, media : com.google.android.youtube, sourceType : SESSION
08-24 14:43:34.162  4585  8021 D SecContentProvider: query(), uri = 17 selection = isSettingsChangesAllowed
08-24 14:43:34.163  4226  4226 D SurfaceFlinger: Display 0 HWC layers:
08-24 14:43:34.163  4226  4226 D SurfaceFlinger:      DEVICE | 0x77ce818600 | 0002 | RGBA_8888    |    0.0    0.0 1080.0 2340.0 |    0    0 1080 2340 | com.example.dogglers/com.example.dogglers.MainActivity$_24159#0
08-24 14:43:34.163  4226  4226 D SurfaceFlinger:      DEVICE | 0x7851239880 | 0002 | RGBA_8888    |    0.0    0.0 1080.0 2340.0 |    0    0 1080 2340 | Splash Screen com.example.dogglers#0
08-24 14:43:34.163  4226  4226 D SurfaceFlinger:      DEVICE | 0x77ce814dc0 | 0000 | RGBA_8888    |    0.0    0.0 1080.0   83.0 |    0    0 1080   83 | StatusBar$_4896#0
08-24 14:43:34.163  4226  4226 D SurfaceFlinger:      DEVICE | 0x77ce8157c0 | 0000 | RGBA_8888    |    0.0    0.0   67.0  342.0 |    0  746   67 1088 | com.samsung.android.app.cocktailbars[...]arservice.CocktailBarService$_9865#0
08-24 14:43:34.163  4226  4226 D SurfaceFlinger:      DEVICE | 0x7851238200 | 0000 | RGBA_8888    |    0.0    0.0  388.0   39.0 |  692 2301 1080 2340 | SGestureOverlayWindow$_5408#0
08-24 14:43:34.163  4226  4226 D SurfaceFlinger:      DEVICE | 0x77ce815f40 | 0000 | RGBA_8888    |    0.0    0.0 1080.0  126.0 |    0 2214 1080 2340 | NavigationBar0$_4896#0
08-24 14:43:34.163  4226  4226 D SurfaceFlinger:      DEVICE | 0x77ce814b40 | 0000 | RGBA_8888    |    0.0    0.0 1080.0  151.0 |    0    0 1080  151 | ScreenDecorOverlay$_4896#0
08-24 14:43:34.163  4226  4226 D SurfaceFlinger:
08-24 14:43:34.163  4226  4226 D SurfaceFlinger:   DEVICE | 0x77ce817d40 | 0000 | RGBA_8888    |    0.0    0.0 1080.0  151.0 |    0 2189 1080 2340 | ScreenDecorOverlayBottom$_4896#0
08-24 14:43:34.163  4226  4226 D SurfaceFlinger:
08-24 14:43:34.164 24137 24137 I ELPolicyManager:  update Policy : 18
08-24 14:43:34.164  4585  8021 D SamsungIMMSHWKeyboard: isConnectedDexOnPC false
08-24 14:43:34.165  4585  8021 D InputMethodManagerService: isImeSwitcherDisabledPackage : false
08-24 14:43:34.166 24159 24159 I SurfaceControl: nativeRelease nativeObject s[537816934464]
08-24 14:43:34.166 24159 24159 I SurfaceControl: nativeRelease nativeObject e[537816934464]
08-24 14:43:34.166 24159 24159 I SurfaceControl: nativeRelease nativeObject s[537816933888]
08-24 14:43:34.166 24159 24159 I SurfaceControl: nativeRelease nativeObject e[537816933888]
08-24 14:43:34.167  4226  5359 I SurfaceFlinger: id=88114 Removed com.google.android.youtube/com.google.android.apps.youtube.app.watchwhile.WatchWhileActivity$_21625#0 (78)
08-24 14:43:34.169 21625 21625 D InputTransport: Input channel destroyed: 'ClientS', fd=140
08-24 14:43:34.169 21625 21625 I SurfaceControl: nativeRelease nativeObject s[537816932544]
08-24 14:43:34.170  4585  4613 I SurfaceControl: nativeRelease nativeObject s[535581063168]
08-24 14:43:34.170  4226  4226 I Layer   : id=88114[1] Destroyed com.google.android.youtube/com.google.android.apps.youtube.app.watchwhile.WatchWhileActivity$_21625#0
08-24 14:43:34.170  4585  4613 I SurfaceControl: nativeRelease nativeObject e[535581063168]
08-24 14:43:34.170  4226  4226 I Layer   : id=88117[1] Destroyed Bounds for - com.google.android.youtube/com.google.android.apps.youtube.app.watchwhile.WatchWhileActivity@2#0
08-24 14:43:34.170  4226  4226 I Layer   : id=88118[1] Destroyed SurfaceView - com.google.android.youtube/com.google.android.apps.youtube.app.watchwhile.WatchWhileActivity@c9edee9@2#0
08-24 14:43:34.171  4585  4613 I SurfaceControl: nativeRelease nativeObject s[535581077856]
08-24 14:43:34.171  4585  4613 I SurfaceControl: nativeRelease nativeObject e[535581077856]
08-24 14:43:34.171  4226  4601 I Layer   : id=88127 removeFromCurrentState Splash Screen com.example.dogglers#0 (75)
08-24 14:43:34.172  4585  4613 I SurfaceControl: nativeRelease nativeObject s[537816935808]
08-24 14:43:34.172  4585  4613 I SurfaceControl: nativeRelease nativeObject e[537816935808]
08-24 14:43:34.174  4226  4601 I Layer   : id=88126 removeFromCurrentState 5f79030 Splash Screen com.example.dogglers#0 (75)
08-24 14:43:34.174  4226  4601 I Layer   : id=88140 removeFromCurrentState Surface(name=5f79030 Splash Screen com.example.dogglers)/@0x675b143 - animation-leash#0 (75)
08-24 14:43:34.174  4896  4896 D FaceWidgetMediaDataRepository: PlaybackState and Metadata is null. :: com.google.android.youtube
08-24 14:43:34.174  4226  4251 I SurfaceFlinger: id=88126 Removed 5f79030 Splash Screen com.example.dogglers#0 (75)
08-24 14:43:34.174  4226  4251 I SurfaceFlinger: id=88140 Removed Surface(name=5f79030 Splash Screen com.example.dogglers)/@0x675b143 - animation-leash#0 (75)
08-24 14:43:34.175  4226  4251 I SurfaceFlinger: id=88127 Removed Splash Screen com.example.dogglers#0 (75)
08-24 14:43:34.178  4896  4896 D SecStatusBarMobileView: setStaticDrawableColor:
08-24 14:43:34.178  4896  4896 D SecStatusBarMobileView: setStaticDrawableColor:
08-24 14:43:34.179  4585  7096 D InputDispatcher: Inject motion (24159): action=0x1, time=571751514000000, f=0x0, d=0
08-24 14:43:34.179  4585  4726 I InputDispatcher: Delivering touch to (24159): action: 0x1, f=0x1, d=0, 'c1387d9', t=1
08-24 14:43:34.180 24159 24159 I ViewRootImpl@3af31f8[MainActivity]: ViewPostIme pointer 1
08-24 14:43:34.180  5408  5408 W TouchInteractionService: reset
08-24 14:43:34.169 21625 21625 I SurfaceControl: nativeRelease nativeObject e[537816932544]
08-24 14:43:34.185  7388  7388 I HBD     : HoneyBoardService [PF_OP][onStartInput]  38984462 ns
08-24 14:43:34.186  4896  4908 I ndroid.systemu: NativeAlloc concurrent copying GC freed 11788(495KB) AllocSpace objects, 0(0B) LOS objects, 49% free, 19MB/38MB, paused 330us total 255.633ms
08-24 14:43:34.186  4585  8021 I SemDvfsHyPerManager: acquire hyper - AMS_ACT_START/4585@16, type = -999
08-24 14:43:34.187  4226  4226 I Layer   : id=88140[1] Destroyed Surface(name=5f79030 Splash Screen com.example.dogglers)/@0x675b143 - animation-leash#0
08-24 14:43:34.187  4175  4211 I HYPER-HAL: [RequestManager.cpp]acquire(): Acquired ID : 10586917  [4585 / 16]    HINT : AMS_ACT_START    list :
08-24 14:43:34.187  4226  4226 I Layer   : id=88126[1] Destroyed 5f79030 Splash Screen com.example.dogglers#0
08-24 14:43:34.188  4175  4211 I HYPER-HAL: [ResourceManager.cpp]updateResource(): [CPUMinFreq] UpdateResource Request ID : 10586917    Value : 2314000
08-24 14:43:34.188  4226  5359 I SurfaceFlinger: id=88142 createSurf (0x0),-1 flag=80004, ActivityRecord{f5910dc u0 com.example.dogglers/.GridListActivity t1562}#0
08-24 14:43:34.189  4896  4896 D FaceWidgetMediaSessionManager: onPlaybackStateChanged() state = PlaybackState {state=1, position=0, buffered position=0, speed=1.0, updated=1322754684, actions=8192, custom actions=[], active item id=-1, error=null}
08-24 14:43:34.190  4896  4896 I PluginFaceWidgetMediaDataFactory: getBitmapFromMetadata null
08-24 14:43:34.190  4896  4896 D PluginFaceWidgetMediaDataFactory: Elapsed Time : 1
08-24 14:43:34.190  4226  4226 I Layer   : id=88127[1] Destroyed Splash Screen com.example.dogglers#0
08-24 14:43:34.197  4585  4613 I SurfaceControl: nativeRelease nativeObject s[535556318144]
08-24 14:43:34.197  4585  4613 I SurfaceControl: nativeRelease nativeObject e[535556318144]
08-24 14:43:34.197  4896  4896 D FaceWidgetMediaDataRepository: [update] key : com.google.android.youtube|0|192289192, oldKey : com.google.android.youtube|0|192289192, media : com.google.android.youtube, sourceType : SESSION
08-24 14:43:34.198  4226  4226 D SurfaceFlinger: Display 0 HWC layers:
08-24 14:43:34.198  4226  4226 D SurfaceFlinger:      DEVICE | 0x77ce815400 | 0002 | RGBA_8888    |    0.0    0.0 1080.0 2340.0 |    0    0 1080 2340 | com.example.dogglers/com.example.dogglers.MainActivity$_24159#0
08-24 14:43:34.198  4226  4226 D SurfaceFlinger:      DEVICE | 0x77ce814dc0 | 0000 | RGBA_8888    |    0.0    0.0 1080.0   83.0 |    0    0 1080   83 | StatusBar$_4896#0
08-24 14:43:34.198  4226  4226 D SurfaceFlinger:      DEVICE | 0x77ce8157c0 | 0000 | RGBA_8888    |    0.0    0.0   67.0  342.0 |    0  746   67 1088 | com.samsung.android.app.cocktailbars[...]arservice.CocktailBarService$_9865#0
08-24 14:43:34.198  4226  4226 D SurfaceFlinger:      DEVICE | 0x7851238200 | 0000 | RGBA_8888    |    0.0    0.0  388.0   39.0 |  692 2301 1080 2340 | SGestureOverlayWindow$_5408#0
08-24 14:43:34.198  4226  4226 D SurfaceFlinger:      DEVICE | 0x77ce815f40 | 0000 | RGBA_8888    |    0.0    0.0 1080.0  126.0 |    0 2214 1080 2340 | NavigationBar0$_4896#0
08-24 14:43:34.198  4226  4226 D SurfaceFlinger:      DEVICE | 0x77ce814b40 | 0000 | RGBA_8888    |    0.0    0.0 1080.0  151.0 |    0    0 1080  151 | ScreenDecorOverlay$_4896#0
08-24 14:43:34.198  4226  4226 D SurfaceFlinger:      DEVICE | 0x77ce817d40 | 0000 | RGBA_8888    |    0.0    0.0 1080.0  151.0 |    0 2189 1080 2340 | ScreenDecorOverlayBottom$_4896#0
08-24 14:43:34.198  4226  4226 D SurfaceFlinger:
08-24 14:43:34.198  4140  4146 E statsd  : Predicate -7037417284711607308 dropping data for dimension key (10)0x2010101->10574[I] (10)0x30000->*launch*[S]
08-24 14:43:34.199  4140  4146 E statsd  : Predicate 5980654721335871649 dropping data for dimension key (10)0x2010101->10574[I] (10)0x30000->*launch*[S]
08-24 14:43:34.199  4585  4610 D SehCodecSolutionService: Update top [com.example.dogglers]
08-24 14:43:34.200  4896  4896 D FaceWidgetMediaDataRepository: PlaybackState and Metadata is null. :: com.google.android.youtube
08-24 14:43:34.200  4896  4896 D FaceWidgetMediaSessionManager: onMetadataChanged() metadata = null
08-24 14:43:34.200  4896  4896 I PluginFaceWidgetMediaDataFactory: getBitmapFromMetadata null
08-24 14:43:34.201  4896  4896 D PluginFaceWidgetMediaDataFactory: Elapsed Time : 1
08-24 14:43:34.202  4896  4896 D FaceWidgetMediaDataRepository: [update] key : com.google.android.youtube|0|192289192, oldKey : com.google.android.youtube|0|192289192, media : com.google.android.youtube, sourceType : SESSION
08-24 14:43:34.204  4226  4601 I Layer   : id=88134 removeFromCurrentState Surface(name=Dim Layer for - Task=1562 - animating-dim)/@0x2c58c84 - animation-leash#0 (73)
08-24 14:43:34.204  4226  5357 I SurfaceFlinger: id=88134 Removed Surface(name=Dim Layer for - Task=1562 - animating-dim)/@0x2c58c84 - animation-leash#0 (73)
08-24 14:43:34.204  9865  9865 I Utils   : isCurrentUser current = 0, ownerId = 0
08-24 14:43:34.207  9865  9865 I TrayVisibilityController: getComputedTrayVisible : keyguardState = 1
08-24 14:43:34.207  9865  9865 I TrayVisibilityController: updateTrayVisible: State=1 visible=1 mCurrentVisible=1 specificMode=0
08-24 14:43:34.207  9865  9865 I TrayStateController: onNotifyUpdateTray: 0 to need to visible? true
08-24 14:43:34.207 24159 24159 D LifecycleMonitor: Lifecycle status change: com.example.dogglers.MainActivity@a024787 in: PAUSED
08-24 14:43:34.208 24159 24159 V ActivityScenario: Update currentActivityStage to PAUSED, currentActivity=com.example.dogglers.MainActivity@a024787
08-24 14:43:34.208  4896  4896 D FaceWidgetMediaDataRepository: PlaybackState and Metadata is null. :: com.google.android.youtube
08-24 14:43:34.209  4896  4896 D FaceWidgetMusicViewModel: onChanged :: NULL
08-24 14:43:34.211  4585  8021 V WindowOrientationListener: getProposedRotation: -1
08-24 14:43:34.211  4585  8021 V WindowOrientationListener: getProposedRotation: -1
08-24 14:43:34.212  4585  8021 V WindowOrientationListener: getProposedRotation: -1
08-24 14:43:34.212  4896  4896 I FaceWidgetMusicViewModel: getMediaButtonReceiverPackageName() - soundAssistant : com.google.android.youtube, Settings : org.telegram.plus/org.telegram.messenger.voip.VoIPMediaButtonReceiver,0,1
08-24 14:43:34.214  4585  8021 D InputDispatcher: Focused application set to (0): f5910dc
08-24 14:43:34.214  4896  4896 D FaceWidgetMediaDataDAO: launch package intent
08-24 14:43:34.216  4896  4896 D FaceWidgetViewModel: onChanged
08-24 14:43:34.216  4896  4896 D FaceWidgetViewModel: updateMusicPageShownState() show = false, reattach = false, reason = clear
08-24 14:43:34.216  4896  4896 D FaceWidgetViewModel: skip to show media panel
08-24 14:43:34.217  4896  4896 D FaceWidgetMusicPageObserver: [EXPAND] onChanged :: PluginFaceWidgetMediaData{[NULL]} showingLastPlayed : true
08-24 14:43:34.217  4896  4896 D FaceWidgetMediaDataDAO: controller is null
08-24 14:43:34.217  4896  4896 D FaceWidgetMediaDataDAO: controller is null
08-24 14:43:34.217  4896  4896 D FaceWidgetMediaDataDAO: controller is null
08-24 14:43:34.217  4896  4896 D FaceWidgetMediaDataDAO: controller is null
08-24 14:43:34.217  4896  4896 D FaceWidgetMediaDataDAO: controller is null
08-24 14:43:34.217  4896  4896 D FaceWidgetMediaDataDAO: controller is null
08-24 14:43:34.217  4896  4896 D FaceWidgetMediaDataDAO: controller is null
08-24 14:43:34.217  4896  4896 D FaceWidgetMediaDataDAO: controller is null
08-24 14:43:34.217  4896  4896 D FaceWidgetMusicPageObserver: last played. show tap to play last song. : com.google.android.youtube
08-24 14:43:34.220  4226  4226 I Layer   : id=88134[1] Destroyed Surface(name=Dim Layer for - Task=1562 - animating-dim)/@0x2c58c84 - animation-leash#0
08-24 14:43:34.232 24159 24159 D LifecycleMonitor: Lifecycle status change: com.example.dogglers.GridListActivity@57d056c in: PRE_ON_CREATE
08-24 14:43:34.233 24159 24159 V ActivityScenario: Activity lifecycle changed event received but ignored because the intent does not match. startActivityIntent=Intent { act=android.intent.action.MAIN cat=[android.intent.category.LAUNCHER] cmp=com.example.dogglers/.MainActivity }, activity.getIntent()=Intent { cmp=com.example.dogglers/.GridListActivity }, activity=com.example.dogglers.GridListActivity@57d056c
08-24 14:43:34.237  4585  8021 I InputDispatcher: Focus left window (24159): c1387d9 in display 0 0
08-24 14:43:34.250 24159 24159 I DecorView: [INFO] isPopOver=false, config=true
08-24 14:43:34.250 24159 24159 I DecorView: updateCaptionType >> DecorView@97d47ed[], isFloating=false, isApplication=true, hasWindowDecorCaption=false, hasWindowControllerCallback=true
08-24 14:43:34.250 24159 24159 D DecorView: setCaptionType = 0, this = DecorView@97d47ed[]
08-24 14:43:34.270 24364 24364 I GoogleHttpClient: GMS http client unavailable, use old client
08-24 14:43:34.270  4585  4613 I SurfaceControl: nativeRelease nativeObject s[535556321600]
08-24 14:43:34.270  4585  4613 I SurfaceControl: nativeRelease nativeObject e[535556321600]
08-24 14:43:34.270  4585  4613 I SurfaceControl: nativeRelease nativeObject s[535556318048]
08-24 14:43:34.270  4585  4613 I SurfaceControl: nativeRelease nativeObject e[535556318048]
08-24 14:43:34.278 24159 24159 D LifecycleMonitor: Lifecycle status change: com.example.dogglers.GridListActivity@57d056c in: CREATED
08-24 14:43:34.278 24159 24159 V ActivityScenario: Activity lifecycle changed event received but ignored because the intent does not match. startActivityIntent=Intent { act=android.intent.action.MAIN cat=[android.intent.category.LAUNCHER] cmp=com.example.dogglers/.MainActivity }, activity.getIntent()=Intent { cmp=com.example.dogglers/.GridListActivity }, activity=com.example.dogglers.GridListActivity@57d056c
08-24 14:43:34.281 24159 24159 D LifecycleMonitor: Lifecycle status change: com.example.dogglers.GridListActivity@57d056c in: STARTED
08-24 14:43:34.281 24159 24159 V ActivityScenario: Activity lifecycle changed event received but ignored because the intent does not match. startActivityIntent=Intent { act=android.intent.action.MAIN cat=[android.intent.category.LAUNCHER] cmp=com.example.dogglers/.MainActivity }, activity.getIntent()=Intent { cmp=com.example.dogglers/.GridListActivity }, activity=com.example.dogglers.GridListActivity@57d056c
08-24 14:43:34.283 24159 24159 D LifecycleMonitor: Lifecycle status change: com.example.dogglers.GridListActivity@57d056c in: RESUMED
08-24 14:43:34.283 24159 24159 V ActivityScenario: Activity lifecycle changed event received but ignored because the intent does not match. startActivityIntent=Intent { act=android.intent.action.MAIN cat=[android.intent.category.LAUNCHER] cmp=com.example.dogglers/.MainActivity }, activity.getIntent()=Intent { cmp=com.example.dogglers/.GridListActivity }, activity=com.example.dogglers.GridListActivity@57d056c
08-24 14:43:34.287  4226  5357 I Layer   : id=88132 removeFromCurrentState Surface(name=ActivityRecord{5fbf6e9 u0 com.example.dogglers/androidx.test.core.app.InstrumentationActivityInvoker$BootstrapActivity t1562})/@0x1259ad8 - animation-leash#0 (72)
08-24 14:43:34.287  4226  5357 I Layer   : id=88135 removeFromCurrentState Surface(name=ActivityRecord{5fbf6e9 u0 com.example.dogglers/androidx.test.core.app.InstrumentationActivityInvoker$BootstrapActivity t1562})/@0x1259ad8 - animation-bounds#0 (72)
08-24 14:43:34.288  4226  4251 I SurfaceFlinger: id=88132 Removed Surface(name=ActivityRecord{5fbf6e9 u0 com.example.dogglers/androidx.test.core.app.InstrumentationActivityInvoker$BootstrapActivity t1562})/@0x1259ad8 - animation-leash#0 (72)
08-24 14:43:34.288  4226  4251 I SurfaceFlinger: id=88135 Removed Surface(name=ActivityRecord{5fbf6e9 u0 com.example.dogglers/androidx.test.core.app.InstrumentationActivityInvoker$BootstrapActivity t1562})/@0x1259ad8 - animation-bounds#0 (72)
08-24 14:43:34.289  4585  8021 D InputTransport: Input channel constructed: '7c54512', fd=672
08-24 14:43:34.289  4585  8021 D InputTransport: Input channel constructed: '7c54512', fd=675
08-24 14:43:34.290  4226  4251 I SurfaceFlinger: id=88143 createSurf (0x0),-1 flag=80004, 7c54512 com.example.dogglers/com.example.dogglers.GridListActivity#0
08-24 14:43:34.290  4585  8021 D WindowManager: isScreenshotDisabledLocked - win: Window{7c54512 u0 com.example.dogglers/com.example.dogglers.GridListActivity}
08-24 14:43:34.290  4585  8021 D WindowManager: isScreenshotDisabledLocked: userId = 0, disabled =false
08-24 14:43:34.291  4585  8021 D InputTransport: Input channel destroyed: '7c54512', fd=675
08-24 14:43:34.291 24159 24159 D InputTransport: Input channel constructed: '7c54512', fd=93
08-24 14:43:34.294 24159 24159 I ViewRootImpl@20ef3a0[GridListActivity]: setView = com.android.internal.policy.DecorView@97d47ed TM=true
08-24 14:43:34.303  4226  4226 I Layer   : id=88135[1] Destroyed Surface(name=ActivityRecord{5fbf6e9 u0 com.example.dogglers/androidx.test.core.app.InstrumentationActivityInvoker$BootstrapActivity t1562})/@0x1259ad8 - animation-bounds#0
08-24 14:43:34.303  4226  4226 I Layer   : id=88132[1] Destroyed Surface(name=ActivityRecord{5fbf6e9 u0 com.example.dogglers/androidx.test.core.app.InstrumentationActivityInvoker$BootstrapActivity t1562})/@0x1259ad8 - animation-leash#0
08-24 14:43:34.304  4585  8021 V WindowManager: Relayout Window{7c54512 u0 com.example.dogglers/com.example.dogglers.GridListActivity}: viewVisibility=0 req=1080x2340
08-24 14:43:34.306  4585  8021 D WindowManager: isScreenshotDisabledLocked - win: Window{7c54512 u0 com.example.dogglers/com.example.dogglers.GridListActivity}
08-24 14:43:34.306  4585  8021 D WindowManager: isScreenshotDisabledLocked: userId = 0, disabled =false
08-24 14:43:34.306  4226  4251 I SurfaceFlinger: id=88144 createSurf (1080x2340),1 flag=404, com.example.dogglers/com.example.dogglers.GridListActivity$_24159#0
08-24 14:43:34.309  4585  8021 I SurfaceControl: nativeRelease nativeObject s[537628424320]
08-24 14:43:34.309  4585  8021 I SurfaceControl: nativeRelease nativeObject e[537628424320]
08-24 14:43:34.309  4226  4251 I SurfaceFlinger: id=88145 createSurf (0x0),-1 flag=24000, Surface(name=e455c2d StatusBar)/@0x2f65071 - animation-leash#0
08-24 14:43:34.309  9865  9865 I TrayStateController: systemUiVisibilityChanged : 0 0
08-24 14:43:34.310  4585  8021 I SurfaceControl: nativeRelease nativeObject s[537628424416]
08-24 14:43:34.310  4585  8021 I SurfaceControl: nativeRelease nativeObject e[537628424416]
08-24 14:43:34.310  4226  4251 I SurfaceFlinger: id=88146 createSurf (0x0),-1 flag=24000, Surface(name=a71bb8f NavigationBar0)/@0x8f38906 - animation-leash#0
08-24 14:43:34.312  4585  8021 V WindowManager: Relayout hash=7c54512, pid=24159: mAttrs={(0,0)(fillxfill) sim={adjust=resize forwardNavigation} ty=BASE_APPLICATION wanim=0x1030304
08-24 14:43:34.312  4585  8021 V WindowManager:   fl=81810100
08-24 14:43:34.312  4585  8021 V WindowManager:   pfl=12020000
08-24 14:43:34.312  4585  8021 V WindowManager:   apr=LIGHT_NAVIGATION_BARS
08-24 14:43:34.312  4585  8021 V WindowManager:   fitSides= naviIconColor=0
08-24 14:43:34.312  4585  8021 V WindowManager:   sfl=100000}
08-24 14:43:34.312  4585  8021 I SurfaceControl: nativeRelease nativeObject s[535556331392]
08-24 14:43:34.312  4585  8021 I SurfaceControl: nativeRelease nativeObject e[535556331392]
08-24 14:43:34.314 24159 24159 I SurfaceControl: assignNativeObject: nativeObject = 0 Surface(name=null)/@0xc58ab59 / android.view.SurfaceControl.readFromParcel:1117 android.view.IWindowSession$Stub$Proxy.relayout:1820 android.view.ViewRootImpl.relayoutWindow:9005 android.view.ViewRootImpl.performTraversals:3360 android.view.ViewRootImpl.doTraversal:2618 android.view.ViewRootImpl$TraversalRunnable.run:9971 android.view.Choreographer$CallbackRecord.run:1010 android.view.Choreographer.doCallbacks:809 android.view.Choreographer.doFrame:744 android.view.Choreographer$FrameDisplayEventReceiver.run:995
08-24 14:43:34.316 24159 24159 I ViewRootImpl@20ef3a0[GridListActivity]: Relayout returned: old=(0,0,1080,2340) new=(0,0,1080,2340) req=(1080,2340)0 dur=12 res=0x7 s={true 537831419904} ch=true fn=-1
08-24 14:43:34.318  4159 17194 D gralloc : [mali_gralloc_allocate] begin
08-24 14:43:34.318  4159 17194 D gralloc : buffer_descriptor: wh(1080 2340) usage_pc(0x40000000000b00 0x40000000000b00) hal_format(0x1) layer_count(1) sizes(0 0 0) strde(0) byte_stride(0) alloc_wh(0 0) internal_format(0x0) alloc_format(0x0) fd_count(1) plane_count(0)
08-24 14:43:34.321  4159 17194 D gralloc : [mali_gralloc_allocate] allocation successful
08-24 14:43:34.322  4159 17194 D gralloc : [mali_gralloc_allocate] begin
08-24 14:43:34.322  4159 17194 D gralloc : buffer_descriptor: wh(1080 2340) usage_pc(0x40000000000b00 0x40000000000b00) hal_format(0x1) layer_count(1) sizes(0 0 0) strde(0) byte_stride(0) alloc_wh(0 0) internal_format(0x0) alloc_format(0x0) fd_count(1) plane_count(0)
08-24 14:43:34.322  4226  5357 I Layer   : id=88138 removeFromCurrentState Surface(name=e455c2d StatusBar)/@0x2f65071 - animation-leash#1 (74)
08-24 14:43:34.322  4226  5357 I Layer   : id=88139 removeFromCurrentState Surface(name=a71bb8f NavigationBar0)/@0x8f38906 - animation-leash#1 (74)
08-24 14:43:34.323  4159 17194 D gralloc : [mali_gralloc_allocate] allocation successful
08-24 14:43:34.325  4159 17194 D gralloc : [mali_gralloc_allocate] begin
08-24 14:43:34.325  4159 17194 D gralloc : buffer_descriptor: wh(1080 2340) usage_pc(0x40000000000b00 0x40000000000b00) hal_format(0x1) layer_count(1) sizes(0 0 0) strde(0) byte_stride(0) alloc_wh(0 0) internal_format(0x0) alloc_format(0x0) fd_count(1) plane_count(0)
08-24 14:43:34.327  4159 17194 D gralloc : [mali_gralloc_allocate] allocation successful
08-24 14:43:34.333  4142  4142 I Zygote  : Process 24062 exited due to signal 9 (Killed)
08-24 14:43:34.334  4585  4621 I libprocessgroup: Successfully killed process cgroup uid 1000 pid 24062 in 100ms
08-24 14:43:34.398 24317 24356 I CidUtil : getClientId- search id: ms-android-samsung-ga-rev1
08-24 14:43:34.417 24317 24356 I CidUtil : getClientId- converted id: ms-android-samsung-rev2
08-24 14:43:34.423 24317 24356 I BookmarkDBOperations: updateGoogleOpBookmarkCID() New CID : ms-android-samsung-rev2
08-24 14:43:34.423 24317 24356 I BookmarkDBOperations: updateGoogleOpBookmarkCID() URL contains latest CID
08-24 14:43:34.423 24317 24356 I BookmarkDBOperations: updateGalaxyShopBookmark()
08-24 14:43:34.425 24317 24356 I BookmarkDBOperations: updateGalaxyShopBookmark() Galaxy Shop is not existed
08-24 14:43:34.445 24159 24159 I ViewRootImpl@20ef3a0[GridListActivity]: [DP] dp(1) 1 android.view.ViewRootImpl.reportNextDraw:10957 android.view.ViewRootImpl.performTraversals:3845 android.view.ViewRootImpl.doTraversal:2618
08-24 14:43:34.445 24159 24159 I ViewRootImpl@20ef3a0[GridListActivity]: [DP] pd() Asnyc report
08-24 14:43:34.511 24159 24159 I ViewRootImpl@20ef3a0[GridListActivity]: [DP] pdf(0) 1 android.view.ViewRootImpl.lambda$performDraw$1$ViewRootImpl:4668 android.view.-$$Lambda$ViewRootImpl$DJd0VUYJgsebcnSohO6h8zc_ONI.run:6 android.os.Handler.handleCallback:938
08-24 14:43:34.511 24159 24159 I ViewRootImpl@20ef3a0[GridListActivity]: [DP] rdf()
08-24 14:43:34.512 24159 24159 I ViewRootImpl@3af31f8[MainActivity]: MSG_WINDOW_FOCUS_CHANGED 0 1
08-24 14:43:34.515  4226  4601 I SurfaceFlinger: id=88147 createSurf (0x0),-1 flag=24000, Surface(name=ActivityRecord{60a16f2 u0 com.example.dogglers/.MainActivity t1562})/@0x9cf5f6f - animation-leash#0
08-24 14:43:34.516  4226  4601 I SurfaceFlinger: id=88148 createSurf (0x0),-1 flag=20004, Dim Layer for - Task=1562 - animating-dim#0
08-24 14:43:34.517  4226  4601 I SurfaceFlinger: id=88149 createSurf (0x0),-1 flag=24000, Surface(name=Dim Layer for - Task=1562 - animating-dim)/@0x4c72010 - animation-leash#0
08-24 14:43:34.518  4226  4601 I SurfaceFlinger: id=88150 createSurf (0x0),-1 flag=80004, Surface(name=ActivityRecord{60a16f2 u0 com.example.dogglers/.MainActivity t1562})/@0x9cf5f6f - animation-bounds#0
08-24 14:43:34.521  4226  4601 I SurfaceFlinger: id=88151 createSurf (0x0),-1 flag=24004, Surface(name=ActivityRecord{f5910dc u0 com.example.dogglers/.GridListActivity t1562})/@0xd86e128 - animation-leash#0
08-24 14:43:34.522  4226  4601 I SurfaceFlinger: id=88152 createSurf (0x0),-1 flag=80004, Surface(name=ActivityRecord{f5910dc u0 com.example.dogglers/.GridListActivity t1562})/@0xd86e128 - animation-bounds#0
08-24 14:43:34.524  4585  4613 D PkgPredictorService: pkg:com.example.dogglers activity:com.example.dogglers.GridListActivity thisTime:339
08-24 14:43:34.525  4585  4617 I ActivityTaskManager: Displayed com.example.dogglers/.GridListActivity: +339ms
08-24 14:43:34.532 24159 24159 I SurfaceControl: nativeRelease nativeObject s[536151021824]
08-24 14:43:34.532 24159 24159 I SurfaceControl: nativeRelease nativeObject e[536151021824]
08-24 14:43:34.532 24159 24159 I SurfaceControl: nativeRelease nativeObject s[537816934944]
08-24 14:43:34.532 24159 24159 I SurfaceControl: nativeRelease nativeObject e[537816934944]
08-24 14:43:34.532 24159 24159 I SurfaceControl: nativeRelease nativeObject s[537816934752]
08-24 14:43:34.532  4226  5357 I SurfaceFlinger: id=88139 Removed Surface(name=a71bb8f NavigationBar0)/@0x8f38906 - animation-leash#1 (80)
08-24 14:43:34.532 24159 24159 I SurfaceControl: nativeRelease nativeObject e[537816934752]
08-24 14:43:34.532  4226  5357 I SurfaceFlinger: id=88138 Removed Surface(name=e455c2d StatusBar)/@0x2f65071 - animation-leash#1 (80)
08-24 14:43:34.536  4585  7040 I SemDvfsHyPerManager: acquire hyper - AMS_RESUME_TAIL/4585@18, type = -999
08-24 14:43:34.537  4175  4211 I HYPER-HAL: [RequestManager.cpp]acquire(): Acquired ID : 10596124  [4585 / 18]    HINT : AMS_RESUME_TAIL    list :
08-24 14:43:34.537  4226  4226 I Layer   : id=88138[1] Destroyed Surface(name=e455c2d StatusBar)/@0x2f65071 - animation-leash#1
08-24 14:43:34.537  4226  4226 I Layer   : id=88139[1] Destroyed Surface(name=a71bb8f NavigationBar0)/@0x8f38906 - animation-leash#1
08-24 14:43:34.536  4585  7040 I SemDvfsHyPerManager: acquire hyper - AMS_ACT_LAZY/4585@19, type = -999
08-24 14:43:34.538  4585  7112 I InputDispatcher: Focus entered window (24159): 7c54512 in display 0 0
08-24 14:43:34.538  4175  4211 I HYPER-HAL: [ResourceManager.cpp]updateResource(): [CPUMinFreq] UpdateResource Request ID : 10596124    Value : 1768000
08-24 14:43:34.538  4175  4211 I HYPER-HAL: [RequestManager.cpp]acquire(): Acquired ID : 10600729  [4585 / 19]    HINT :      list :
08-24 14:43:34.538  4140  4146 E statsd  : Predicate -7037417284711607308 dropping data for dimension key (10)0x2010101->10574[I] (10)0x30000->*launch*[S]
08-24 14:43:34.539  4140  4146 E statsd  : Predicate 5980654721335871649 dropping data for dimension key (10)0x2010101->10574[I] (10)0x30000->*launch*[S]
08-24 14:43:34.539  4175  4211 E HYPER-HAL: [Request.cpp]acquire(): Request:: id : 10600729, No Resource to set
08-24 14:43:34.539  4175  4211 I HYPER-HAL: [ResourceManager.cpp]removeResource(): [CPUMinFreq] RemoveResource Request ID : 10586917
08-24 14:43:34.540  4175  4211 I HYPER-HAL: [RequestManager.cpp]releaseLocked(): Released ID : 10586917
08-24 14:43:34.541 24159 24159 D LifecycleMonitor: Lifecycle status change: androidx.test.core.app.InstrumentationActivityInvoker$BootstrapActivity@b29901c in: STOPPED
08-24 14:43:34.541 24159 24159 V ActivityScenario: Activity lifecycle changed event received but ignored because the intent does not match. startActivityIntent=Intent { act=android.intent.action.MAIN cat=[android.intent.category.LAUNCHER] cmp=com.example.dogglers/.MainActivity }, activity.getIntent()=Intent { act=android.intent.action.MAIN cat=[android.intent.category.LAUNCHER] flg=0x10008000 cmp=com.example.dogglers/androidx.test.core.app.InstrumentationActivityInvoker$BootstrapActivity (has extras) }, activity=androidx.test.core.app.InstrumentationActivityInvoker$BootstrapActivity@b29901c
08-24 14:43:34.547 24159 24159 I ViewRootImpl@20ef3a0[GridListActivity]: MSG_WINDOW_FOCUS_CHANGED 1 1
08-24 14:43:34.547 24159 24159 D InputMethodManager: prepareNavigationBarInfo() DecorView@97d47ed[GridListActivity]
08-24 14:43:34.547 24159 24159 D InputMethodManager: getNavigationBarColor() -855310
08-24 14:43:34.549 24159 24159 D InputMethodManager: prepareNavigationBarInfo() DecorView@97d47ed[GridListActivity]
08-24 14:43:34.549 24159 24159 D InputMethodManager: getNavigationBarColor() -855310
08-24 14:43:34.549 24159 24159 V InputMethodManager: Starting input: tba=com.example.dogglers ic=null mNaviBarColor -855310 mIsGetNaviBarColorSuccess true , NavVisible : true , NavTrans : false
08-24 14:43:34.549 24159 24159 D InputMethodManager: startInputInner - Id : 0
08-24 14:43:34.549 24159 24159 I InputMethodManager: startInputInner - mService.startInputOrWindowGainedFocus
08-24 14:43:34.550  4585  8021 D InputMethodManagerService: mSecureKeypadEnabled = false
08-24 14:43:34.550  4585  8021 V InputMethodManagerService: hideCurrentInputLocked : shouldHideSoftInput is false
08-24 14:43:34.550  4585  8021 D InputMethodManagerService: mDesktopModeManager null!
08-24 14:43:34.550  4585  8021 V InputMethodManagerService: getDisplayIdOfInputMethodWindowToBeAdded : 0
08-24 14:43:34.551  4585  8021 D InputMethodManagerService: checkDisplayOfStartInputAndUpdateKeyboard display Id 0last 0
08-24 14:43:34.551  4585  8021 D InputTransport: Input channel constructed: 'ClientS', fd=675
08-24 14:43:34.551  4585  8021 D InputTransport: Input channel destroyed: 'ClientS', fd=675
08-24 14:43:34.551 24159 24159 D InputTransport: Input channel constructed: 'ClientS', fd=97
08-24 14:43:34.551 24159 24159 D InputTransport: Input channel destroyed: 'ClientS', fd=89
08-24 14:43:34.560  4226  4226 D SurfaceFlinger: Display 0 HWC layers:
08-24 14:43:34.560  4226  4226 D SurfaceFlinger:      DEVICE | 0x77ce815540 | 0002 | RGBA_8888    |    0.0    8.0 1080.0 2340.0 |    0    0 1080 2332 | com.example.dogglers/com.example.dogglers.MainActivity$_24159#0
08-24 14:43:34.560  4226  4226 D SurfaceFlinger:      DEVICE | 0x7851239b00 | 0002 | RGBA_8888    |    0.0    0.0 1080.0 1947.0 |    0  393 1080 2340 | com.example.dogglers/com.example.dogglers.GridListActivity$_24159#0
08-24 14:43:34.560  4226  4226 D SurfaceFlinger:      DEVICE | 0x77ce816940 | 0000 | RGBA_8888    |    0.0    0.0 1080.0   83.0 |    0    0 1080   83 | StatusBar$_4896#0
08-24 14:43:34.560  4226  4226 D SurfaceFlinger:      DEVICE | 0x77ce8157c0 | 0000 | RGBA_8888    |    0.0    0.0   67.0  342.0 |    0  746   67 1088 | com.samsung.android.app.cocktailbars[...]arservice.CocktailBarService$_9865#0
08-24 14:43:34.560  4226  4226 D SurfaceFlinger:      DEVICE | 0x7851238200 | 0000 | RGBA_8888    |    0.0    0.0  388.0   39.0 |  692 2301 1080 2340 | SGestureOverlayWindow$_5408#0
08-24 14:43:34.560  4226  4226 D SurfaceFlinger:      DEVICE | 0x77ce815f40 | 0000 | RGBA_8888    |    0.0    0.0 1080.0  126.0 |    0 2214 1080 2340 | NavigationBar0$_4896#0
08-24 14:43:34.560  4226  4226 D SurfaceFlinger:      DEVICE | 0x77ce814b40 | 0000 | RGBA_8888    |    0.0    0.0 1080.0  151.0 |    0    0 1080  151 |
08-24 14:43:34.560  4226  4226 D SurfaceFlinger:  ScreenDecorOverlay$_4896#0
08-24 14:43:34.560  4226  4226 D SurfaceFlinger:      DEVICE | 0x77ce817d40 | 0000 | RGBA_8888    |    0.0    0.0 1080.0  151.0 |    0 2189 1080 2340 | ScreenDecorOverlayBottom$_4896#0
08-24 14:43:34.560  4226  4226 D SurfaceFlinger:
08-24 14:43:34.573  4585  8021 I SurfaceControl: nativeRelease nativeObject s[535567042848]
08-24 14:43:34.573  4585  8021 I SurfaceControl: nativeRelease nativeObject e[535567042848]
08-24 14:43:34.573  4226  5357 I SurfaceFlinger: id=88153 createSurf (0x0),-1 flag=24004, Surface(name=a3a0629 InputMethod)/@0x54f474f - animation-leash#0
08-24 14:43:34.576  7388  7388 I HBD     : HoneyBoardService onFinishInput
08-24 14:43:34.577  4226  4226 D SurfaceFlinger: Display 0 HWC layers:
08-24 14:43:34.577  4226  4226 D SurfaceFlinger:      DEVICE | 0x77ce815540 | 0002 | RGBA_8888    |    0.0   19.0 1080.0 2340.0 |    0    0 1080 2321 | com.example.dogglers/com.example.dogglers.MainActivity$_24159#0
08-24 14:43:34.577  4226  4226 D SurfaceFlinger:  SOLID_COLOR |              | 0000 |  Unknown  |    0.0    0.0    0.0    0.0 |    0    0 1080 2340 | Dim Layer for - Task=1562 - animating-dim#0
08-24 14:43:34.577  4226  4226 D SurfaceFlinger:      DEVICE | 0x78512399c0 | 0002 | RGBA_8888    |    0.0    0.0 1080.0 2015.0 |    0  325 1080 2340 | com.example.dogglers/com.example.dogglers.GridListActivity$_24159#0
08-24 14:43:34.577  4226  4226 D SurfaceFlinger:      DEVICE | 0x77ce816940 | 0000 | RGBA_8888    |    0.0    0.0 1080.0   83.0 |    0    0 1080   83 | StatusBar$_4896#0
08-24 14:43:34.577  4226  4226 D SurfaceFlinger:      DEVICE | 0x77ce8157c0 | 0000 | RGBA_8888    |    0.0    0.0   67.0  342.0 |    0  746   67 1088 | com.samsung.android.app.cocktailbars[...]arservice.CocktailBarService$_9865#0
08-24 14:43:34.577  4226  4226 D SurfaceFlinger:      DEVICE | 0x7851238200 | 0000 | RGBA_8888    |    0.0    0.0  388.0   39.0 |  692 2301 1080 2340 | SGestureOverlayWindow$_5408#0
08-24 14:43:34.577  4226  4226 D SurfaceFlinger:      DEVICE | 0x77ce815f40 | 0000 | RGBA_8888    |    0.0    0.0 1080.0  126.0 |
08-24 14:43:34.577  4226  4226 D SurfaceFlinger:  0 2214 1080 2340 | NavigationBar0$_4896#0
08-24 14:43:34.577  4226  4226 D SurfaceFlinger:      DEVICE | 0x77ce814b40 | 0000 | RGBA_8888    |    0.0    0.0 1080.0  151.0 |    0    0 1080  151 | ScreenDecorOverlay$_4896#0
08-24 14:43:34.577  4226  4226 D SurfaceFlinger:      DEVICE | 0x77ce817d40 | 0000 | RGBA_8888    |    0.0    0.0 1080.0  151.0 |    0 2189 1080 2340 | ScreenDecorOverlayBottom$_4896#0
08-24 14:43:34.577  4226  4226 D SurfaceFlinger:
08-24 14:43:34.580  7388  7388 I HBD     : a IC have been unbinded,  InputConnectionWrapper{idHash=#60843e3 mMissingMethods=}
08-24 14:43:34.581  7388  7388 I HBD     : HoneyBoardService [PF_CL][onFinishInput]  4017615 ns
08-24 14:43:34.581  7388  7388 I HBD     : HoneyBoardService [IMI] onStartInput - caller pid : 24159 , caller uid : 10574
08-24 14:43:34.581  7388  7388 I HBD     : i updateConfigs
08-24 14:43:34.581  7388  7388 I HBD     : i isEnabledNightMode : false
08-24 14:43:34.582  7388  7388 I HBD     : a IC have been binded, InputConnectionWrapper{idHash=#60843e3 mMissingMethods=}
08-24 14:43:34.582  7388  7388 I HBD     : h [EditorInputType]setPrivateImeOptionsToTable privateImeOptions ( null )
08-24 14:43:34.582  7388  7388 I HBD     : b incognitoMode : false
08-24 14:43:34.582  7388  7388 I HBD     : a needOff = true , isForceOff = false, isNullInputClass : true
08-24 14:43:34.582  7388  7388 I HBD     : h getDefaultInputRange : UNKNOWN
08-24 14:43:34.583  7388  7388 I HBD     : h getDefaultInputRange : UNKNOWN
08-24 14:43:34.583  7388  7388 I HBD     : h getDefaultInputRange : UNKNOWN
08-24 14:43:34.583  4585  8021 D SdpManagerService: Not an enterprise user : 0
08-24 14:43:34.583  4585  8021 D SdpManagerService: Not an enterprise user : 0
08-24 14:43:34.586  9865  9865 I Utils   : isCurrentUser current = 0, ownerId = 0
08-24 14:43:34.586  9865  9865 I TrayVisibilityController: getComputedTrayVisible : keyguardState = 1
08-24 14:43:34.586  9865  9865 I TrayVisibilityController: updateTrayVisible: State=1 visible=1 mCurrentVisible=1 specificMode=0
08-24 14:43:34.586  9865  9865 I TrayStateController: onNotifyUpdateTray: 0 to need to visible? true
08-24 14:43:34.587  4226  5357 I Layer   : id=88141 removeFromCurrentState Surface(name=a3a0629 InputMethod)/@0x54f474f - animation-leash#1 (79)
08-24 14:43:34.588  7388  7388 I HBD     : h getDefaultInputRange : UNKNOWN
08-24 14:43:34.588  7388  7388 I HBD     : a currentState : 0
08-24 14:43:34.589 24159 24159 I SurfaceControl: nativeRelease nativeObject s[536151022496]
08-24 14:43:34.589 24159 24159 I SurfaceControl: nativeRelease nativeObject e[536151022496]
08-24 14:43:34.589  4226  5357 I SurfaceFlinger: id=88141 Removed Surface(name=a3a0629 InputMethod)/@0x54f474f - animation-leash#1 (79)
08-24 14:43:34.590  7388  7388 I HBD     : h load selected json info : {"version":"1.0","currentLanguageOrder":0,"selected":[{"activeOptionList":["auto_replace","auto_spacing"],"engName":"Russian","id":3342336,"inputType":"qwerty","isUsed":true},{"activeOptionList":["auto_replace","auto_spacing"],"engName":"English","id":65537,"inputType":"qwerty","isUsed":true}]}
08-24 14:43:34.591  7388  7388 I HBD     : a [UpdatePolicy] [post] a: 0 cl: 3342336 kit: [0/0] vt: 0 ir: 1
08-24 14:43:34.592  4585  7112 D SamsungIMMSHWKeyboard: isConnectedDexOnPC false
08-24 14:43:34.592  4585  7112 D InputMethodManagerService: isImeSwitcherDisabledPackage : false
08-24 14:43:34.592 24159 24159 I SurfaceControl: nativeRelease nativeObject s[537816935328]
08-24 14:43:34.592 24159 24159 I SurfaceControl: nativeRelease nativeObject e[537816935328]
08-24 14:43:34.593 24159 24159 I SurfaceControl: nativeRelease nativeObject s[537816935136]
08-24 14:43:34.592  7388  7388 I HBD     : HoneyBoardService [PF_OP][onStartInput]  11361116 ns
08-24 14:43:34.593 24159 24159 I SurfaceControl: nativeRelease nativeObject e[537816935136]
08-24 14:43:34.599  7388  7411 W roid.honeyboar: Reducing the number of considered missed Gc histogram windows from 130 to 100
08-24 14:43:34.603  4226  4226 I Layer   : id=88141[1] Destroyed Surface(name=a3a0629 InputMethod)/@0x54f474f - animation-leash#1
08-24 14:43:34.623  4585  4839 D SemWifiApTrafficPoller: received START_TRAFFIC_CHECK
08-24 14:43:34.753 24159 24159 I ViewInteraction: Checking 'MatchesViewAssertion{viewMatcher=(view has effective visibility <VISIBLE> and view.getGlobalVisibleRect() to return non-empty rectangle)}' assertion on view view.getId() is <2131230933/com.example.dogglers:id/grid_recycler_view>
08-24 14:43:34.760  4585  5390 I SemDvfsHyPerManager: acquire hyper - AMS_ACT_START/4585@16, type = -999
08-24 14:43:34.760  4175  4211 I HYPER-HAL: [RequestManager.cpp]acquire(): Acquired ID : 10586917  [4585 / 16]    HINT : AMS_ACT_START    list :
08-24 14:43:34.761  4175  4211 I HYPER-HAL: [ResourceManager.cpp]updateResource(): [CPUMinFreq] UpdateResource Request ID : 10586917    Value : 2314000
08-24 14:43:34.761  4226  4601 I SurfaceFlinger: id=88154 createSurf (0x0),-1 flag=80004, ActivityRecord{5ad5d6c u0 com.example.dogglers/androidx.test.core.app.InstrumentationActivityInvoker$EmptyActivity t1562}#0
08-24 14:43:34.764  4140  4146 E statsd  : Predicate -7037417284711607308 dropping data for dimension key (10)0x2010101->10574[I] (10)0x30000->*launch*[S]
08-24 14:43:34.765  4140  4146 E statsd  : Predicate 5980654721335871649 dropping data for dimension key (10)0x2010101->10574[I] (10)0x30000->*launch*[S]
08-24 14:43:34.767 24159 24159 D LifecycleMonitor: Lifecycle status change: com.example.dogglers.GridListActivity@57d056c in: PAUSED
08-24 14:43:34.768 24159 24159 V ActivityScenario: Activity lifecycle changed event received but ignored because the intent does not match. startActivityIntent=Intent { act=android.intent.action.MAIN cat=[android.intent.category.LAUNCHER] cmp=com.example.dogglers/.MainActivity }, activity.getIntent()=Intent { cmp=com.example.dogglers/.GridListActivity }, activity=com.example.dogglers.GridListActivity@57d056c
08-24 14:43:34.770  4585  8021 V WindowOrientationListener: getProposedRotation: -1
08-24 14:43:34.770  4585  8021 V WindowOrientationListener: getProposedRotation: -1
08-24 14:43:34.771  4585  8021 V WindowOrientationListener: getProposedRotation: -1
08-24 14:43:34.772  4585  8021 D InputDispatcher: Focused application set to (0): 5ad5d6c
08-24 14:43:34.784 24159 24159 D LifecycleMonitor: Lifecycle status change: androidx.test.core.app.InstrumentationActivityInvoker$EmptyActivity@7bff2a8 in: PRE_ON_CREATE
08-24 14:43:34.784 24159 24159 V ActivityScenario: Activity lifecycle changed event received but ignored because the intent does not match. startActivityIntent=Intent { act=android.intent.action.MAIN cat=[android.intent.category.LAUNCHER] cmp=com.example.dogglers/.MainActivity }, activity.getIntent()=Intent { act=android.intent.action.MAIN cat=[android.intent.category.LAUNCHER] flg=0x10000000 cmp=com.example.dogglers/androidx.test.core.app.InstrumentationActivityInvoker$EmptyActivity }, activity=androidx.test.core.app.InstrumentationActivityInvoker$EmptyActivity@7bff2a8
08-24 14:43:34.805  4585  5390 I InputDispatcher: Focus left window (24159): 7c54512 in display 0 0
08-24 14:43:34.818 24159 24159 I DecorView: [INFO] isPopOver=false, config=true
08-24 14:43:34.818 24159 24159 I DecorView: updateCaptionType >> DecorView@7dfad66[], isFloating=false, isApplication=true, hasWindowDecorCaption=false, hasWindowControllerCallback=true
08-24 14:43:34.818 24159 24159 D DecorView: setCaptionType = 0, this = DecorView@7dfad66[]
08-24 14:43:34.823 24159 24159 D LifecycleMonitor: Lifecycle status change: androidx.test.core.app.InstrumentationActivityInvoker$EmptyActivity@7bff2a8 in: CREATED
08-24 14:43:34.823 24159 24159 V ActivityScenario: Activity lifecycle changed event received but ignored because the intent does not match. startActivityIntent=Intent { act=android.intent.action.MAIN cat=[android.intent.category.LAUNCHER] cmp=com.example.dogglers/.MainActivity }, activity.getIntent()=Intent { act=android.intent.action.MAIN cat=[android.intent.category.LAUNCHER] flg=0x10000000 cmp=com.example.dogglers/androidx.test.core.app.InstrumentationActivityInvoker$EmptyActivity }, activity=androidx.test.core.app.InstrumentationActivityInvoker$EmptyActivity@7bff2a8
08-24 14:43:34.826 24159 24159 D LifecycleMonitor: Lifecycle status change: androidx.test.core.app.InstrumentationActivityInvoker$EmptyActivity@7bff2a8 in: STARTED
08-24 14:43:34.826 24159 24159 V ActivityScenario: Activity lifecycle changed event received but ignored because the intent does not match. startActivityIntent=Intent { act=android.intent.action.MAIN cat=[android.intent.category.LAUNCHER] cmp=com.example.dogglers/.MainActivity }, activity.getIntent()=Intent { act=android.intent.action.MAIN cat=[android.intent.category.LAUNCHER] flg=0x10000000 cmp=com.example.dogglers/androidx.test.core.app.InstrumentationActivityInvoker$EmptyActivity }, activity=androidx.test.core.app.InstrumentationActivityInvoker$EmptyActivity@7bff2a8
08-24 14:43:34.829 24159 24159 D LifecycleMonitor: Lifecycle status change: androidx.test.core.app.InstrumentationActivityInvoker$EmptyActivity@7bff2a8 in: RESUMED
