08-24 14:43:54.465  4585  7112 D SdpManagerService: Not an enterprise user : 0
08-24 14:43:54.466  4226  5359 I SurfaceFlinger: id=88731 Removed Surface(name=a3a0629 InputMethod)/@0x54f474f - animation-leash#1 (85)
08-24 14:43:54.466  4226  5359 I SurfaceFlinger: id=88738 Removed Surface(name=Dim Layer for - DefaultTaskDisplayArea - animating-dim)/@0xff33916 - animation-leash#0 (85)
08-24 14:43:54.467  7388  7388 I HBD     : h getDefaultInputRange : UNKNOWN
08-24 14:43:54.467  7388  7388 I HBD     : a currentState : 0
08-24 14:43:54.476  4585  4606 D SamsungIMMSHWKeyboard: isConnectedDexOnPC false
08-24 14:43:54.476 24159 24159 I SurfaceControl: nativeRelease nativeObject s[536151022112]
08-24 14:43:54.476 24159 24159 I SurfaceControl: nativeRelease nativeObject e[536151022112]
08-24 14:43:54.476 24159 24159 I SurfaceControl: nativeRelease nativeObject s[536151022304]
08-24 14:43:54.476 24159 24159 I SurfaceControl: nativeRelease nativeObject e[536151022304]
08-24 14:43:54.478  4585  4606 D InputMethodManagerService: isImeSwitcherDisabledPackage : false
08-24 14:43:54.479  7388  7388 I HBD     : h load selected json info : {"version":"1.0","currentLanguageOrder":0,"selected":[{"activeOptionList":["auto_replace","auto_spacing"],"engName":"Russian","id":3342336,"inputType":"qwerty","isUsed":true},{"activeOptionList":["auto_replace","auto_spacing"],"engName":"English","id":65537,"inputType":"qwerty","isUsed":true}]}
08-24 14:43:54.479  4226  4226 I Layer   : id=88731[1] Destroyed Surface(name=a3a0629 InputMethod)/@0x54f474f - animation-leash#1
08-24 14:43:54.479  4226  4226 I Layer   : id=88738[1] Destroyed Surface(name=Dim Layer for - DefaultTaskDisplayArea - animating-dim)/@0xff33916 - animation-leash#0
08-24 14:43:54.479  7388  7388 I HBD     : a [UpdatePolicy] [post] a: 0 cl: 3342336 kit: [0/0] vt: 0 ir: 1
08-24 14:43:54.482  7388  7388 I HBD     : HoneyBoardService [PF_OP][onStartInput]  20411116 ns
08-24 14:43:54.486  4226  4226 D SurfaceFlinger: Display 0 HWC layers:
08-24 14:43:54.486  4226  4226 D SurfaceFlinger:      DEVICE | 0x77ce8184c0 | 0000 | RGBA_8888    |    0.0   69.0 1080.0 2340.0 |    0    0 1080 2271 | com.google.android.youtube/com.googl[...]tchwhile.WatchWhileActivity$_21625#0
08-24 14:43:54.486  4226  4226 D SurfaceFlinger:  SOLID_COLOR |              | 0000 |  Unknown  |    0.0    0.0    0.0    0.0 |    0    0 1080 2340 | Dim Layer for - DefaultTaskDisplayArea - animating-dim#0
08-24 14:43:54.486  4226  4226 D SurfaceFlinger:      DEVICE | 0x77ae646500 | 0002 | RGBA_8888    |    0.0    0.0 1080.0 2339.0 |    0    1 1080 2340 | com.example.dogglers/com.example.dogglers.VerticalListActivity$_24159#0
08-24 14:43:54.486  4226  4226 D SurfaceFlinger:      DEVICE | 0x77ce816080 | 0002 | RGBA_8888    |    0.0    0.0 1080.0 2339.0 |    0    1 1080 2340 | Splash Screen com.example.dogglers#0
08-24 14:43:54.486  4226  4226 D SurfaceFlinger:      DEVICE | 0x77ce814dc0 | 0000 | RGBA_8888    |    0.0    0.0 1080.0   83.0 |    0    0 1080   83 | StatusBar$_4896#0
08-24 14:43:54.486  4226  4226 D SurfaceFlinger:      DEVICE | 0x77ce8157c0 | 0000 | RGBA_8888    |    0.0    0.0   67.0  342.0 |    0  746   67 1088 | com.samsung.android.app.cocktailbars[...]arservice.CocktailBarService$_9865#0
08-24 14:43:54.486  4226  4226 D SurfaceFlinger:      DEVICE | 0x7851238200 | 0000 | RGBA_8888
08-24 14:43:54.486  4226  4226 D SurfaceFlinger:     |    0.0    0.0  388.0   39.0 |  692 2301 1080 2340 | SGestureOverlayWindow$_5408#0
08-24 14:43:54.486  4226  4226 D SurfaceFlinger:      DEVICE | 0x77ce816a80 | 0000 | RGBA_8888    |    0.0    0.0 1080.0  126.0 |    0 2214 1080 2340 | NavigationBar0$_4896#0
08-24 14:43:54.486  4226  4226 D SurfaceFlinger:      DEVICE | 0x77ce814b40 | 0000 | RGBA_8888    |    0.0    0.0 1080.0  151.0 |    0    0 1080  151 | ScreenDecorOverlay$_4896#0
08-24 14:43:54.486  4226  4226 D SurfaceFlinger:      DEVICE | 0x77ce817d40 | 0000 | RGBA_8888    |    0.0    0.0 1080.0  151.0 |    0 2189 1080 2340 | ScreenDecorOverlayBottom$_4896#0
08-24 14:43:54.486  4226  4226 D SurfaceFlinger:
08-24 14:43:54.497  4585  4613 I SurfaceControl: nativeRelease nativeObject s[537628414240]
08-24 14:43:54.497  4585  4613 I SurfaceControl: nativeRelease nativeObject e[537628414240]
08-24 14:43:54.497  4585  4613 I SurfaceControl: nativeRelease nativeObject s[537628420384]
08-24 14:43:54.497  4585  4613 I SurfaceControl: nativeRelease nativeObject e[537628420384]
08-24 14:43:54.504  4226  4226 D SurfaceFlinger: Display 0 HWC layers:
08-24 14:43:54.504  4226  4226 D SurfaceFlinger:      DEVICE | 0x77ae646500 | 0002 | RGBA_8888    |    0.0    0.0 1080.0 2340.0 |    0    0 1080 2340 | com.example.dogglers/com.example.dogglers.VerticalListActivity$_24159#0
08-24 14:43:54.504  4226  4226 D SurfaceFlinger:      DEVICE | 0x77ce816080 | 0002 | RGBA_8888    |    0.0    0.0 1080.0 2340.0 |    0    0 1080 2340 | Splash Screen com.example.dogglers#0
08-24 14:43:54.504  4226  4226 D SurfaceFlinger:      DEVICE | 0x77ce814dc0 | 0000 | RGBA_8888    |    0.0    0.0 1080.0   83.0 |    0    0 1080   83 | StatusBar$_4896#0
08-24 14:43:54.504  4226  4226 D SurfaceFlinger:      DEVICE | 0x77ce8157c0 | 0000 | RGBA_8888    |    0.0    0.0   67.0  342.0 |    0  746   67 1088 | com.samsung.android.app.cocktailbars[...]arservice.CocktailBarService$_9865#0
08-24 14:43:54.504  4226  4226 D SurfaceFlinger:      DEVICE | 0x7851238200 | 0000 | RGBA_8888    |    0.0    0.0  388.0   39.0 |  692 2301 1080 2340 | SGestureOverlayWindow$_5408#0
08-24 14:43:54.504  4226  4226 D SurfaceFlinger:      DEVICE | 0x77ce816800 | 0000 | RGBA_8888    |    0.0    0.0 1080.0  126.0 |    0 2214 1080 2340 | NavigationBar0$_4896#0
08-24 14:43:54.504  4226  4226 D SurfaceFlinger:      DEVICE | 0x77ce814b40 | 0000 | RGBA_8888    |    0.0    0.0 1080.0  151.0 |    0    0 1080  151 | ScreenDecorOverlay$_48
08-24 14:43:54.504  4226  4226 D SurfaceFlinger: 96#0
08-24 14:43:54.504  4226  4226 D SurfaceFlinger:      DEVICE | 0x77ce817d40 | 0000 | RGBA_8888    |    0.0    0.0 1080.0  151.0 |    0 2189 1080 2340 | ScreenDecorOverlayBottom$_4896#0
08-24 14:43:54.504  4226  4226 D SurfaceFlinger:
08-24 14:43:54.506  4585  4613 I SurfaceControl: nativeRelease nativeObject s[537628421920]
08-24 14:43:54.507  4585  4613 I SurfaceControl: nativeRelease nativeObject e[537628421920]
08-24 14:43:54.510  4226  5359 I Layer   : id=88737 removeFromCurrentState Dim Layer for - DefaultTaskDisplayArea - animating-dim#0 (83)
08-24 14:43:54.510  4226  5359 I Layer   : id=88736 removeFromCurrentState Surface(name=Task=1559)/@0xb313bde - animation-leash#0 (83)
08-24 14:43:54.511  4226  5359 I Layer   : id=88739 removeFromCurrentState Surface(name=Task=1577)/@0xbc4fc25 - animation-leash#0 (83)
08-24 14:43:54.511  4226  5359 I Layer   : id=88732 removeFromCurrentState Task=1577#0 (83)
08-24 14:43:54.511  4226  5359 I Layer   : id=88733 removeFromCurrentState ActivityRecord{42df78e u0 com.example.dogglers/androidx.test.core.app.InstrumentationActivityInvoker$BootstrapActivity t1577}#0 (83)
08-24 14:43:54.511  4226  5359 I Layer   : id=88743 removeFromCurrentState ActivityRecord{1d0738b u0 com.example.dogglers/.VerticalListActivity t1577}#0 (83)
08-24 14:43:54.511  4226  5359 I Layer   : id=88744 removeFromCurrentState 2edce57 com.example.dogglers/com.example.dogglers.VerticalListActivity#0 (83)
08-24 14:43:54.511  4226  5359 I Layer   : id=88745 removeFromCurrentState com.example.dogglers/com.example.dogglers.VerticalListActivity$_24159#0 (83)
08-24 14:43:54.511  4226  5359 I Layer   : id=88748 removeFromCurrentState Surface(name=48c83cb Splash Screen com.example.dogglers)/@0x177bc68 - animation-leash#0 (83)
08-24 14:43:54.511  4226  5359 I Layer   : id=88734 removeFromCurrentState 48c83cb Splash Screen com.example.dogglers#0 (83)
08-24 14:43:54.511  4226  5359 I Layer   : id=88735 removeFromCurrentState Splash Screen com.example.dogglers#0 (83)
08-24 14:43:54.511  4226  5359 I Layer   : id=15 removeFromCurrentState ImeContainer#0 (83)
08-24 14:43:54.511  4226  5359 I Layer   : id=60 removeFromCurrentState WindowToken{c668d7f android.os.Binder@7980e9e}#0 (83)
08-24 14:43:54.511  4226  5359 I Layer   : id=88749 removeFromCurrentState Surface(name=a3a0629 InputMethod)/@0x54f474f - animation-leash#0 (83)
08-24 14:43:54.511  4226  5359 I Layer   : id=78 removeFromCurrentState a3a0629 InputMethod#0 (83)
08-24 14:43:54.511  4226  5359 I Layer   : id=88732 addToCurrentState Task=1577#0 (83)
08-24 14:43:54.511  4226  5359 I Layer   : id=88733 addToCurrentState ActivityRecord{42df78e u0 com.example.dogglers/androidx.test.core.app.InstrumentationActivityInvoker$BootstrapActivity t1577}#0 (83)
08-24 14:43:54.511  4226  5359 I Layer   : id=88743 addToCurrentState ActivityRecord{1d0738b u0 com.example.dogglers/.VerticalListActivity t1577}#0 (83)
08-24 14:43:54.511  4226  5359 I Layer   : id=88744 addToCurrentState 2edce57 com.example.dogglers/com.example.dogglers.VerticalListActivity#0 (83)
08-24 14:43:54.511  4226  5359 I Layer   : id=88745 addToCurrentState com.example.dogglers/com.example.dogglers.VerticalListActivity$_24159#0 (83)
08-24 14:43:54.511  4226  5359 I Layer   : id=88748 addToCurrentState Surface(name=48c83cb Splash Screen com.example.dogglers)/@0x177bc68 - animation-leash#0 (83)
08-24 14:43:54.511  4226  5359 I Layer   : id=88734 addToCurrentState 48c83cb Splash Screen com.example.dogglers#0 (83)
08-24 14:43:54.511  4226  5359 I Layer   : id=88735 addToCurrentState Splash Screen com.example.dogglers#0 (83)
08-24 14:43:54.511  4226  5359 I Layer   : id=15 addToCurrentState ImeContainer#0 (83)
08-24 14:43:54.511  4226  5359 I Layer   : id=60 addToCurrentState WindowToken{c668d7f android.os.Binder@7980e9e}#0 (83)
08-24 14:43:54.511  4226  5359 I Layer   : id=88749 addToCurrentState Surface(name=a3a0629 InputMethod)/@0x54f474f - animation-leash#0 (83)
08-24 14:43:54.511  4226  5359 I Layer   : id=78 addToCurrentState a3a0629 InputMethod#0 (83)
08-24 14:43:54.515  4226  5357 I SurfaceFlinger: id=88737 Removed Dim Layer for - DefaultTaskDisplayArea - animating-dim#0 (83)
08-24 14:43:54.515  4226  5357 I SurfaceFlinger: id=88736 Removed Surface(name=Task=1559)/@0xb313bde - animation-leash#0 (83)
08-24 14:43:54.515  4226  5357 I SurfaceFlinger: id=88739 Removed Surface(name=Task=1577)/@0xbc4fc25 - animation-leash#0 (83)
08-24 14:43:54.519  4226  4226 D SurfaceFlinger: Display 0 HWC layers:
08-24 14:43:54.519  4226  4226 D SurfaceFlinger:      DEVICE | 0x77ae6463c0 | 0002 | RGBA_8888    |    0.0    0.0 1080.0 2340.0 |    0    0 1080 2340 | com.example.dogglers/com.example.dogglers.VerticalListActivity$_24159#0
08-24 14:43:54.519  4226  4226 D SurfaceFlinger:      DEVICE | 0x77ce814dc0 | 0000 | RGBA_8888    |    0.0    0.0 1080.0   83.0 |    0    0 1080   83 | StatusBar$_4896#0
08-24 14:43:54.519  4226  4226 D SurfaceFlinger:      DEVICE | 0x77ce8157c0 | 0000 | RGBA_8888    |    0.0    0.0   67.0  342.0 |    0  746   67 1088 | com.samsung.android.app.cocktailbars[...]arservice.CocktailBarService$_9865#0
08-24 14:43:54.519  4226  4226 D SurfaceFlinger:      DEVICE | 0x7851238200 | 0000 | RGBA_8888    |    0.0    0.0  388.0   39.0 |  692 2301 1080 2340 | SGestureOverlayWindow$_5408#0
08-24 14:43:54.519  4226  4226 D SurfaceFlinger:      DEVICE | 0x77ce815f40 | 0000 | RGBA_8888    |    0.0    0.0 1080.0  126.0 |    0 2214 1080 2340 | NavigationBar0$_4896#0
08-24 14:43:54.519  4226  4226 D SurfaceFlinger:      DEVICE | 0x77ce814b40 | 0000 | RGBA_8888    |    0.0    0.0 1080.0  151.0 |    0    0 1080  151 | ScreenDecorOverlay$_4896#0
08-24 14:43:54.519  4226  4226 D SurfaceFlinger:      DEVICE | 0x77ce817d40 | 0000 | RGBA_8888    |    0.0    0.0 1080.0  151.0 |    0 2189 1080 2340 | ScreenDecorOverlayBottom$_4896#0
08-24 14:43:54.519  4226  4226 D SurfaceFlinger:
08-24 14:43:54.519  4226  4226 D SurfaceFlinger:
08-24 14:43:54.519  4585  4613 I SurfaceControl: nativeRelease nativeObject s[537817680416]
08-24 14:43:54.519  4585  4613 I SurfaceControl: nativeRelease nativeObject e[537817680416]
08-24 14:43:54.521  4585  4613 I SurfaceControl: nativeRelease nativeObject s[535567039680]
08-24 14:43:54.521  4585  4613 I SurfaceControl: nativeRelease nativeObject e[535567039680]
08-24 14:43:54.522  4226  4248 I Layer   : id=88735 removeFromCurrentState Splash Screen com.example.dogglers#0 (83)
08-24 14:43:54.522  4585  4613 I SurfaceControl: nativeRelease nativeObject s[535556339840]
08-24 14:43:54.522  4585  4613 I SurfaceControl: nativeRelease nativeObject e[535556339840]
08-24 14:43:54.525  4226  4248 I Layer   : id=88734 removeFromCurrentState 48c83cb Splash Screen com.example.dogglers#0 (83)
08-24 14:43:54.525  4226  4248 I Layer   : id=88748 removeFromCurrentState Surface(name=48c83cb Splash Screen com.example.dogglers)/@0x177bc68 - animation-leash#0 (83)
08-24 14:43:54.525 21625 21625 I SurfaceView: onWindowVisibilityChanged(8) false android.view.SurfaceView{c9edee9 V.E...... ......ID 0,0-1080,607} of ViewRootImpl@b7edacd[WatchWhileActivity]
08-24 14:43:54.525  4226  4601 I SurfaceFlinger: id=88748 Removed Surface(name=48c83cb Splash Screen com.example.dogglers)/@0x177bc68 - animation-leash#0 (83)
08-24 14:43:54.525  4226  4601 I SurfaceFlinger: id=88735 Removed Splash Screen com.example.dogglers#0 (83)
08-24 14:43:54.525  4226  5357 I SurfaceFlinger: id=88734 Removed 48c83cb Splash Screen com.example.dogglers#0 (83)
08-24 14:43:54.526 21625 21625 I SurfaceView: surfaceDestroyed callback.size 1 #2 android.view.SurfaceView{c9edee9 V.E...... ......ID 0,0-1080,607}
08-24 14:43:54.529 21625 21625 I SurfaceView: remove() android.view.SurfaceView{c9edee9 V.E...... ......ID 0,0-1080,607} Surface(name=SurfaceView - com.google.android.youtube/com.google.android.apps.youtube.app.watchwhile.WatchWhileActivity@c9edee9@17)/@0x83367fe
08-24 14:43:54.529 21625 21625 I SurfaceControl: nativeRelease nativeObject s[537830788480]
08-24 14:43:54.529 21625 21625 I SurfaceControl: nativeRelease nativeObject e[537830788480]
08-24 14:43:54.529  4226  4226 I Layer   : id=88739[1] Destroyed Surface(name=Task=1577)/@0xbc4fc25 - animation-leash#0
08-24 14:43:54.529 21625 21625 I SurfaceControl: nativeRelease nativeObject s[537830788672]
08-24 14:43:54.529 21625 21625 I SurfaceControl: nativeRelease nativeObject e[537830788672]
08-24 14:43:54.529  4226  4226 I Layer   : id=88736[1] Destroyed Surface(name=Task=1559)/@0xb313bde - animation-leash#0
08-24 14:43:54.529  4226  4226 I Layer   : id=88737[1] Destroyed Dim Layer for - DefaultTaskDisplayArea - animating-dim#0
08-24 14:43:54.529  4226  4226 I Layer   : id=88748[1] Destroyed Surface(name=48c83cb Splash Screen com.example.dogglers)/@0x177bc68 - animation-leash#0
08-24 14:43:54.529  4226  4226 I Layer   : id=88734[1] Destroyed 48c83cb Splash Screen com.example.dogglers#0
08-24 14:43:54.529  4226  4226 I Layer   : id=88735[1] Destroyed Splash Screen com.example.dogglers#0
08-24 14:43:54.530  4226  4251 I Layer   : id=88729 removeFromCurrentState Background for -SurfaceView - com.google.android.youtube/com.google.android.apps.youtube.app.watchwhile.WatchWhileActivity@c9edee9@17#0 (77)
08-24 14:43:54.531  4226  4251 I SurfaceFlinger: id=88729 Removed Background for -SurfaceView - com.google.android.youtube/com.google.android.apps.youtube.app.watchwhile.WatchWhileActivity@c9edee9@17#0 (77)
08-24 14:43:54.531  4226  4251 I SurfaceFlinger: id=88728 Removed SurfaceView - com.google.android.youtube/com.google.android.apps.youtube.app.watchwhile.WatchWhileActivity@c9edee9@17#0 (77)
08-24 14:43:54.537  4226  4251 E BufferQueueProducer: [com.google.android.youtube/com.google.android.apps.youtube.app.watchwhile.WatchWhileActivity$_21625#0](id:10820000497e,api:0,p:-1,c:4226) disconnect: not connected (req=1)
08-24 14:43:54.537 21625 21862 W libEGL  : EGLNativeWindowType 0x7c930a9010 disconnect failed
08-24 14:43:54.542  4585  5390 V WindowManager: Relayout Window{911a194 u0 com.google.android.youtube/com.google.android.apps.youtube.app.watchwhile.WatchWhileActivity}: viewVisibility=8 req=1080x2340
08-24 14:43:54.546  4226  4226 I Layer   : id=88729[1] Destroyed Background for -SurfaceView - com.google.android.youtube/com.google.android.apps.youtube.app.watchwhile.WatchWhileActivity@c9edee9@17#0
08-24 14:43:54.550  4585  5390 V WindowManager: Relayout hash=911a194, pid=21625: mAttrs={(0,0)(fillxfill) sim={adjust=resize} layoutInDisplayCutoutMode=shortEdges ty=BASE_APPLICATION fmt=TRANSLUCENT wanim=0x1030304 sysuil=true
08-24 14:43:54.550  4585  5390 V WindowManager:   fl=81810100
08-24 14:43:54.550  4585  5390 V WindowManager:   pfl=12020000
08-24 14:43:54.550  4585  5390 V WindowManager:   vsysui=3710
08-24 14:43:54.550  4585  5390 V WindowManager:   apr=LIGHT_STATUS_BARS LIGHT_NAVIGATION_BARS
08-24 14:43:54.550  4585  5390 V WindowManager:   bhv=SHOW_TRANSIENT_BARS_BY_SWIPE
08-24 14:43:54.550  4585  5390 V WindowManager:   fitSides= naviIconColor=0}
08-24 14:43:54.559  4217  4353 V APM_AudioPolicyManager: setAppState(portId:11856, state:1)
08-24 14:43:54.559 21625 21625 I SurfaceControl: nativeRelease nativeObject s[537830788000]
08-24 14:43:54.559 21625 21625 I SurfaceControl: nativeRelease nativeObject e[537830788000]
08-24 14:43:54.559  4217  4353 V APM_AudioPolicyManager: setAppState(portId:11883, state:2)
08-24 14:43:54.559 21625 21625 I SurfaceControl: assignNativeObject: nativeObject = 0 Surface(name=null)/@0x10ea726 / android.view.SurfaceControl.readFromParcel:1117 android.view.IWindowSession$Stub$Proxy.relayout:1810 android.view.ViewRootImpl.relayoutWindow:9005 android.view.ViewRootImpl.performTraversals:3360 android.view.ViewRootImpl.doTraversal:2618 android.view.ViewRootImpl$TraversalRunnable.run:9971 android.view.Choreographer$CallbackRecord.run:1010 android.view.Choreographer.doCallbacks:809 android.view.Choreographer.doFrame:744 android.view.Choreographer$FrameDisplayEventReceiver.run:995
08-24 14:43:54.560 21625 21625 I SurfaceControl: assignNativeObject: nativeObject = 0 Surface(name=null)/@0x3a5f6d6 / android.view.SurfaceControl.readFromParcel:1117 android.view.IWindowSession$Stub$Proxy.relayout:1820 android.view.ViewRootImpl.relayoutWindow:9005 android.view.ViewRootImpl.performTraversals:3360 android.view.ViewRootImpl.doTraversal:2618 android.view.ViewRootImpl$TraversalRunnable.run:9971 android.view.Choreographer$CallbackRecord.run:1010 android.view.Choreographer.doCallbacks:809 android.view.Choreographer.doFrame:744 android.view.Choreographer$FrameDisplayEventReceiver.run:995
08-24 14:43:54.560 21625 21625 I SurfaceControl: nativeRelease nativeObject s[537830785888]
08-24 14:43:54.560 21625 21625 I SurfaceControl: nativeRelease nativeObject e[537830785888]
08-24 14:43:54.561  4226  4251 I SurfaceFlinger: id=88727 Removed Bounds for - com.google.android.youtube/com.google.android.apps.youtube.app.watchwhile.WatchWhileActivity@17#0 (76)
08-24 14:43:54.561 21625 21625 I ViewRootImpl@b7edacd[WatchWhileActivity]: Relayout returned: old=(0,0,1080,2340) new=(0,0,1080,2340) req=(1080,2340)8 dur=23 res=0x5 s={false 0} ch=true fn=29
08-24 14:43:54.562 21625 21625 I SurfaceView: windowStopped(true) false android.view.SurfaceView{c9edee9 V.E...... ......ID 0,0-1080,607} of ViewRootImpl@b7edacd[WatchWhileActivity]
08-24 14:43:54.562 24159 24159 D LifecycleMonitor: Lifecycle status change: androidx.test.core.app.InstrumentationActivityInvoker$BootstrapActivity@5ea7c1b in: STOPPED
08-24 14:43:54.563 24159 24159 V ActivityScenario: Activity lifecycle changed event received but ignored because the intent does not match. startActivityIntent=Intent { act=android.intent.action.MAIN cat=[android.intent.category.LAUNCHER] cmp=com.example.dogglers/.VerticalListActivity }, activity.getIntent()=Intent { act=android.intent.action.MAIN cat=[android.intent.category.LAUNCHER] flg=0x10008000 cmp=com.example.dogglers/androidx.test.core.app.InstrumentationActivityInvoker$BootstrapActivity (has extras) }, activity=androidx.test.core.app.InstrumentationActivityInvoker$BootstrapActivity@5ea7c1b
08-24 14:43:54.565  4217  4353 V APM_AudioPolicyManager: setAppState(portId:11856, state:1)
08-24 14:43:54.565  4217  4353 V APM_AudioPolicyManager: setAppState(portId:11883, state:2)
08-24 14:43:54.575 21625 21625 I ViewRootImpl@b7edacd[WatchWhileActivity]: stopped(true) old=false
08-24 14:43:54.593  9865  9865 I Utils   : isCurrentUser current = 0, ownerId = 0
08-24 14:43:54.594  9865  9865 I TrayVisibilityController: getComputedTrayVisible : keyguardState = 1
08-24 14:43:54.594  9865  9865 I TrayVisibilityController: updateTrayVisible: State=1 visible=1 mCurrentVisible=1 specificMode=0
08-24 14:43:54.594  9865  9865 I TrayStateController: onNotifyUpdateTray: 0 to need to visible? true
08-24 14:43:54.594 21625 21625 W YTPL.mediasession: MediaSession setActive(false)
08-24 14:43:54.595  4896  4896 D FaceWidgetMediaSessionManager: onPlaybackStateChanged() state = PlaybackState {state=1, position=0, buffered position=0, speed=1.0, updated=1322775165, actions=8192, custom actions=[], active item id=-1, error=null}
08-24 14:43:54.595  4896  4896 I PluginFaceWidgetMediaDataFactory: getBitmapFromMetadata null
08-24 14:43:54.595  4896  4896 D PluginFaceWidgetMediaDataFactory: Elapsed Time : 0
08-24 14:43:54.597  4896  4896 D FaceWidgetMediaDataRepository: [update] key : com.google.android.youtube|0|192289192, oldKey : com.google.android.youtube|0|192289192, media : com.google.android.youtube, sourceType : SESSION
08-24 14:43:54.599  4896  4896 D FaceWidgetMediaDataRepository: PlaybackState and Metadata is null. :: com.google.android.youtube
08-24 14:43:54.599  4896  4896 D FaceWidgetMediaSessionManager: onMetadataChanged() metadata = null
08-24 14:43:54.600  4896  4896 I PluginFaceWidgetMediaDataFactory: getBitmapFromMetadata null
08-24 14:43:54.600  4896  4896 D PluginFaceWidgetMediaDataFactory: Elapsed Time : 1
08-24 14:43:54.601  4896  4896 D FaceWidgetMediaDataRepository: [update] key : com.google.android.youtube|0|192289192, oldKey : com.google.android.youtube|0|192289192, media : com.google.android.youtube, sourceType : SESSION
08-24 14:43:54.602 21625 21625 W YT.mlplayer: Stayawake OFF
08-24 14:43:54.602  4896  4896 D FaceWidgetMediaDataRepository: PlaybackState and Metadata is null. :: com.google.android.youtube
08-24 14:43:54.603 21625 21625 W YTPL.mediasession: MediaSession setActive(false)
08-24 14:43:54.607  4585  7096 D InputDispatcher: Inject motion (24159): action=0x1, time=571771941000000, f=0x0, d=0
08-24 14:43:54.607  4585  4726 I InputDispatcher: Delivering touch to (24159): action: 0x1, f=0x1, d=0, '2edce57', t=0
08-24 14:43:54.608  5408  5408 W TouchInteractionService: reset
08-24 14:43:54.609  4585  5390 D SensorService: removeConnection, index : 0, size : 1
08-24 14:43:54.609  4585  5390 D SensorService: # removeConnection, index : 0, size : 0
08-24 14:43:54.609  4585  5390 D SensorService: Calling activate off 1
08-24 14:43:54.610  4166  4166 I SensorsHub: activate: handle 1 enable 0
08-24 14:43:54.610  4166  4166 I SensorsHub: type : 1, enable : 0
08-24 14:43:54.611 21625 21625 D SensorManager: unregisterListener :: android.view.OrientationEventListener$SensorEventListenerImpl@99504
08-24 14:43:54.614  4896  4896 D FaceWidgetMusicViewModel: onChanged :: NULL
08-24 14:43:54.615  4896  4896 I FaceWidgetMusicViewModel: getMediaButtonReceiverPackageName() - soundAssistant : com.google.android.youtube, Settings : org.telegram.plus/org.telegram.messenger.voip.VoIPMediaButtonReceiver,0,1
08-24 14:43:54.616 24159 24159 I ViewRootImpl@f78ec56[VerticalListActivity]: ViewPostIme pointer 1
08-24 14:43:54.618  4896  4896 D FaceWidgetMediaDataDAO: launch package intent
08-24 14:43:54.619  4896  4896 D FaceWidgetViewModel: onChanged
08-24 14:43:54.619  4896  4896 D FaceWidgetViewModel: updateMusicPageShownState() show = false, reattach = false, reason = clear
08-24 14:43:54.619  4896  4896 D FaceWidgetViewModel: skip to show media panel
08-24 14:43:54.619  4896  4896 D FaceWidgetMediaSessionManager: onPlaybackStateChanged() state = PlaybackState {state=1, position=0, buffered position=0, speed=1.0, updated=1322775175, actions=8192, custom actions=[], active item id=-1, error=null}
08-24 14:43:54.619  4896  4896 I PluginFaceWidgetMediaDataFactory: getBitmapFromMetadata null
08-24 14:43:54.619  4896  4896 D PluginFaceWidgetMediaDataFactory: Elapsed Time : 0
08-24 14:43:54.620  4896  4896 D FaceWidgetMediaDataRepository: [update] key : com.google.android.youtube|0|192289192, oldKey : com.google.android.youtube|0|192289192, media : com.google.android.youtube, sourceType : SESSION
08-24 14:43:54.624  4896  4896 D FaceWidgetMediaDataRepository: PlaybackState and Metadata is null. :: com.google.android.youtube
08-24 14:43:54.627  4896  4896 D FaceWidgetMusicPageObserver: [EXPAND] onChanged :: PluginFaceWidgetMediaData{[NULL]} showingLastPlayed : true
08-24 14:43:54.627  4896  4896 D FaceWidgetMediaDataDAO: controller is null
08-24 14:43:54.627  4896  4896 D FaceWidgetMediaDataDAO: controller is null
08-24 14:43:54.628  4896  4896 D FaceWidgetMediaDataDAO: controller is null
08-24 14:43:54.628  4896  4896 D FaceWidgetMediaDataDAO: controller is null
08-24 14:43:54.628  4896  4896 D FaceWidgetMediaDataDAO: controller is null
08-24 14:43:54.628  4896  4896 D FaceWidgetMediaDataDAO: controller is null
08-24 14:43:54.628  4896  4896 D FaceWidgetMediaDataDAO: controller is null
08-24 14:43:54.628  4896  4896 D FaceWidgetMediaDataDAO: controller is null
08-24 14:43:54.628  4896  4896 D FaceWidgetMusicPageObserver: last played. show tap to play last song. : com.google.android.youtube
08-24 14:43:54.629  4896  4896 D FaceWidgetMusicViewModel: onChanged :: NULL
08-24 14:43:54.629  4896  4896 I FaceWidgetMusicViewModel: getMediaButtonReceiverPackageName() - soundAssistant : com.google.android.youtube, Settings : org.telegram.plus/org.telegram.messenger.voip.VoIPMediaButtonReceiver,0,1
08-24 14:43:54.630 21625 21625 W YTPL.mediasession: MediaSession setActive(false)
08-24 14:43:54.633  4896  4896 D FaceWidgetMediaDataDAO: launch package intent
08-24 14:43:54.634  4896  4896 D FaceWidgetViewModel: onChanged
08-24 14:43:54.634  4896  4896 D FaceWidgetViewModel: updateMusicPageShownState() show = false, reattach = false, reason = clear
08-24 14:43:54.634  4896  4896 D FaceWidgetViewModel: skip to show media panel
08-24 14:43:54.638  4896  4896 D FaceWidgetMediaSessionManager: onPlaybackStateChanged() state = PlaybackState {state=1, position=0, buffered position=0, speed=1.0, updated=1322775202, actions=8192, custom actions=[], active item id=-1, error=null}
08-24 14:43:54.639  4896  4896 I PluginFaceWidgetMediaDataFactory: getBitmapFromMetadata null
08-24 14:43:54.639  4896  4896 D PluginFaceWidgetMediaDataFactory: Elapsed Time : 1
08-24 14:43:54.639  4896  4896 D FaceWidgetMediaDataRepository: [update] key : com.google.android.youtube|0|192289192, oldKey : com.google.android.youtube|0|192289192, media : com.google.android.youtube, sourceType : SESSION
08-24 14:43:54.641  4896  4896 D FaceWidgetMediaDataRepository: PlaybackState and Metadata is null. :: com.google.android.youtube
08-24 14:43:54.641  4896  4896 D FaceWidgetMediaSessionManager: onMetadataChanged() metadata = null
08-24 14:43:54.641  4896  4896 I PluginFaceWidgetMediaDataFactory: getBitmapFromMetadata null
08-24 14:43:54.641  4896  4896 D PluginFaceWidgetMediaDataFactory: Elapsed Time : 0
08-24 14:43:54.642  4896  4896 D FaceWidgetMediaDataRepository: [update] key : com.google.android.youtube|0|192289192, oldKey : com.google.android.youtube|0|192289192, media : com.google.android.youtube, sourceType : SESSION
08-24 14:43:54.643  4896  4896 D FaceWidgetMediaDataRepository: PlaybackState and Metadata is null. :: com.google.android.youtube
08-24 14:43:54.643  4585  4585 I SemDvfsHyPerManager: acquire hyper - GESTURE_DETECTED/4585@22, type = -999
08-24 14:43:54.643  4896  4896 D FaceWidgetMusicPageObserver: [EXPAND] onChanged :: PluginFaceWidgetMediaData{[NULL]} showingLastPlayed : true
08-24 14:43:54.643  4896  4896 D FaceWidgetMediaDataDAO: controller is null
08-24 14:43:54.643  4896  4896 D FaceWidgetMediaDataDAO: controller is null
08-24 14:43:54.643  4896  4896 D FaceWidgetMediaDataDAO: controller is null
08-24 14:43:54.643  4896  4896 D FaceWidgetMediaDataDAO: controller is null
08-24 14:43:54.643  4896  4896 D FaceWidgetMediaDataDAO: controller is null
08-24 14:43:54.643  4896  4896 D FaceWidgetMediaDataDAO: controller is null
08-24 14:43:54.643  4175  4211 I HYPER-HAL: [RequestManager.cpp]acquire(): Acquired ID : 10614550  [4585 / 22]    HINT : GESTURE_DETECTED    list : [TIMEOUT / 1545]
08-24 14:43:54.643  4896  4896 D FaceWidgetMediaDataDAO: controller is null
08-24 14:43:54.643  4896  4896 D FaceWidgetMediaDataDAO: controller is null
08-24 14:43:54.643  4896  4896 D FaceWidgetMusicPageObserver: last played. show tap to play last song. : com.google.android.youtube
08-24 14:43:54.643  4896  4896 D FaceWidgetMusicViewModel: onChanged :: NULL
08-24 14:43:54.643  4175  4211 I HYPER-HAL: [ResourceManager.cpp]updateResource(): [CPUMinFreq] UpdateResource Request ID : 10614550    Value : 936000
08-24 14:43:54.644  4585  7096 I SurfaceControl: nativeRelease nativeObject s[535567043328]
08-24 14:43:54.644  4585  7096 I SurfaceControl: nativeRelease nativeObject e[535567043328]
08-24 14:43:54.644  4896  4896 I FaceWidgetMusicViewModel: getMediaButtonReceiverPackageName() - soundAssistant : com.google.android.youtube, Settings : org.telegram.plus/org.telegram.messenger.voip.VoIPMediaButtonReceiver,0,1
08-24 14:43:54.644  4226  4251 I Layer   : id=88724 removeFromCurrentState com.google.android.youtube/com.google.android.apps.youtube.app.watchwhile.WatchWhileActivity$_21625#0 (76)
08-24 14:43:54.644  4226  4251 I Layer   : id=88727 removeFromCurrentState Bounds for - com.google.android.youtube/com.google.android.apps.youtube.app.watchwhile.WatchWhileActivity@17#0 (76)
08-24 14:43:54.644  4226  4251 I Layer   : id=88728 removeFromCurrentState SurfaceView - com.google.android.youtube/com.google.android.apps.youtube.app.watchwhile.WatchWhileActivity@c9edee9@17#0 (76)
08-24 14:43:54.645  4585  4585 I SemDvfsHyPerManager: acquire hyper - GESTURE_DETECTED/4585@22, type = -999
08-24 14:43:54.646  4175  4211 I HYPER-HAL: [RequestManager.cpp]acquire(): Acquired ID : 10614550  [4585 / 22]    HINT : GESTURE_DETECTED    list : [TIMEOUT / 1545]
08-24 14:43:54.646  4175  4211 I HYPER-HAL: [ResourceManager.cpp]updateResource(): [CPUMinFreq] UpdateResource Request ID : 10614550    Value : 936000
08-24 14:43:54.646  4896  4896 D FaceWidgetMediaDataDAO: launch package intent
08-24 14:43:54.650  4896  4896 D FaceWidgetViewModel: onChanged
08-24 14:43:54.650  4896  4896 D FaceWidgetViewModel: updateMusicPageShownState() show = false, reattach = false, reason = clear
08-24 14:43:54.650  4896  4896 D FaceWidgetViewModel: skip to show media panel
08-24 14:43:54.653  4896  4896 D FaceWidgetMusicPageObserver: [EXPAND] onChanged :: PluginFaceWidgetMediaData{[NULL]} showingLastPlayed : true
08-24 14:43:54.653  4896  4896 D FaceWidgetMediaDataDAO: controller is null
08-24 14:43:54.653  4896  4896 D FaceWidgetMediaDataDAO: controller is null
08-24 14:43:54.653  4896  4896 D FaceWidgetMediaDataDAO: controller is null
08-24 14:43:54.653  4896  4896 D FaceWidgetMediaDataDAO: controller is null
08-24 14:43:54.653  4896  4896 D FaceWidgetMediaDataDAO: controller is null
08-24 14:43:54.653  4896  4896 D FaceWidgetMediaDataDAO: controller is null
08-24 14:43:54.653  4896  4896 D FaceWidgetMediaDataDAO: controller is null
08-24 14:43:54.653  4896  4896 D FaceWidgetMediaDataDAO: controller is null
08-24 14:43:54.654  4896  4896 D FaceWidgetMusicPageObserver: last played. show tap to play last song. : com.google.android.youtube
08-24 14:43:54.654  4585  4635 D FastTrack: setFastTrackState: pid = 21625 ;tid= 21625 ;value= 0
08-24 14:43:54.654  4226  4248 I SurfaceFlinger: id=88724 Removed com.google.android.youtube/com.google.android.apps.youtube.app.watchwhile.WatchWhileActivity$_21625#0 (76)
08-24 14:43:54.654  4585  4635 D FastTrack: setFastTrackState: pid = 21625 ;tid= 21862 ;value= 0
08-24 14:43:54.661  4585  4610 D SehCodecSolutionService: Update top [com.example.dogglers]
08-24 14:43:54.662  4226  4226 I Layer   : id=88724[1] Destroyed com.google.android.youtube/com.google.android.apps.youtube.app.watchwhile.WatchWhileActivity$_21625#0
08-24 14:43:54.662  4226  4226 I Layer   : id=88727[1] Destroyed Bounds for - com.google.android.youtube/com.google.android.apps.youtube.app.watchwhile.WatchWhileActivity@17#0
08-24 14:43:54.662  4226  4226 I Layer   : id=88728[1] Destroyed SurfaceView - com.google.android.youtube/com.google.android.apps.youtube.app.watchwhile.WatchWhileActivity@c9edee9@17#0
08-24 14:43:54.695 24159 24159 I ViewInteraction: Checking 'MatchesViewAssertion{viewMatcher=(view has effective visibility <VISIBLE> and view.getGlobalVisibleRect() to return non-empty rectangle)}' assertion on view an instance of android.widget.TextView and view.getText() with or without transformation to match: is "Faye"
08-24 14:43:54.708 31954 31970 I hbox:interacto: Background young concurrent copying GC freed 24331(6031KB) AllocSpace objects, 0(0B) LOS objects, 54% free, 5178KB/11MB, paused 332us total 798.284ms
08-24 14:43:54.711  4585  7096 I SemDvfsHyPerManager: acquire hyper - AMS_ACT_START/4585@16, type = -999
08-24 14:43:54.712  4175  4211 I HYPER-HAL: [RequestManager.cpp]acquire(): Acquired ID : 10586917  [4585 / 16]    HINT : AMS_ACT_START    list :
08-24 14:43:54.713  4175  4211 I HYPER-HAL: [ResourceManager.cpp]updateResource(): [CPUMinFreq] UpdateResource Request ID : 10586917    Value : 2314000
08-24 14:43:54.714  4226  4251 I SurfaceFlinger: id=88750 createSurf (0x0),-1 flag=80004, ActivityRecord{c938d6c u0 com.example.dogglers/androidx.test.core.app.InstrumentationActivityInvoker$EmptyActivity t1577}#0
08-24 14:43:54.721  4140  4146 E statsd  : Predicate -7037417284711607308 dropping data for dimension key (10)0x2010101->10574[I] (10)0x30000->*launch*[S]
08-24 14:43:54.723  4140  4146 E statsd  : Predicate 5980654721335871649 dropping data for dimension key (10)0x2010101->10574[I] (10)0x30000->*launch*[S]
08-24 14:43:54.724 24159 24159 D LifecycleMonitor: Lifecycle status change: com.example.dogglers.VerticalListActivity@d159082 in: PAUSED
08-24 14:43:54.724 24159 24159 V ActivityScenario: Update currentActivityStage to PAUSED, currentActivity=com.example.dogglers.VerticalListActivity@d159082
08-24 14:43:54.726  4585  5390 V WindowOrientationListener: getProposedRotation: -1
08-24 14:43:54.727  4585  5390 V WindowOrientationListener: getProposedRotation: -1
08-24 14:43:54.727  4585  5390 V WindowOrientationListener: getProposedRotation: -1
08-24 14:43:54.729  4585  5390 D InputDispatcher: Focused application set to (0): c938d6c
08-24 14:43:54.737 11821 11821 D BoundBrokerSvc: onUnbind: Intent { act=com.google.android.gms.safetynet.service.START pkg=com.google.android.gms }
08-24 14:43:54.745 24159 24159 D LifecycleMonitor: Lifecycle status change: androidx.test.core.app.InstrumentationActivityInvoker$EmptyActivity@5a660fe in: PRE_ON_CREATE
08-24 14:43:54.745 24159 24159 V ActivityScenario: Activity lifecycle changed event received but ignored because the intent does not match. startActivityIntent=Intent { act=android.intent.action.MAIN cat=[android.intent.category.LAUNCHER] cmp=com.example.dogglers/.VerticalListActivity }, activity.getIntent()=Intent { act=android.intent.action.MAIN cat=[android.intent.category.LAUNCHER] flg=0x10000000 cmp=com.example.dogglers/androidx.test.core.app.InstrumentationActivityInvoker$EmptyActivity }, activity=androidx.test.core.app.InstrumentationActivityInvoker$EmptyActivity@5a660fe
08-24 14:43:54.756 24159 24159 I DecorView: [INFO] isPopOver=false, config=true
08-24 14:43:54.756 24159 24159 I DecorView: updateCaptionType >> DecorView@82eaaac[], isFloating=false, isApplication=true, hasWindowDecorCaption=false, hasWindowControllerCallback=true
08-24 14:43:54.756 24159 24159 D DecorView: setCaptionType = 0, this = DecorView@82eaaac[]
08-24 14:43:54.760 24159 24159 D LifecycleMonitor: Lifecycle status change: androidx.test.core.app.InstrumentationActivityInvoker$EmptyActivity@5a660fe in: CREATED
08-24 14:43:54.760 24159 24159 V ActivityScenario: Activity lifecycle changed event received but ignored because the intent does not match. startActivityIntent=Intent { act=android.intent.action.MAIN cat=[android.intent.category.LAUNCHER] cmp=com.example.dogglers/.VerticalListActivity }, activity.getIntent()=Intent { act=android.intent.action.MAIN cat=[android.intent.category.LAUNCHER] flg=0x10000000 cmp=com.example.dogglers/androidx.test.core.app.InstrumentationActivityInvoker$EmptyActivity }, activity=androidx.test.core.app.InstrumentationActivityInvoker$EmptyActivity@5a660fe
08-24 14:43:54.762 24159 24159 D LifecycleMonitor: Lifecycle status change: androidx.test.core.app.InstrumentationActivityInvoker$EmptyActivity@5a660fe in: STARTED
08-24 14:43:54.762 24159 24159 V ActivityScenario: Activity lifecycle changed event received but ignored because the intent does not match. startActivityIntent=Intent { act=android.intent.action.MAIN cat=[android.intent.category.LAUNCHER] cmp=com.example.dogglers/.VerticalListActivity }, activity.getIntent()=Intent { act=android.intent.action.MAIN cat=[android.intent.category.LAUNCHER] flg=0x10000000 cmp=com.example.dogglers/androidx.test.core.app.InstrumentationActivityInvoker$EmptyActivity }, activity=androidx.test.core.app.InstrumentationActivityInvoker$EmptyActivity@5a660fe
08-24 14:43:54.763  4585  5390 I InputDispatcher: Focus left window (24159): 2edce57 in display 0 0
08-24 14:43:54.788 24159 24159 D LifecycleMonitor: Lifecycle status change: androidx.test.core.app.InstrumentationActivityInvoker$EmptyActivity@5a660fe in: RESUMED
08-24 14:43:54.789 24159 24159 V ActivityScenario: Activity lifecycle changed event received but ignored because the intent does not match. startActivityIntent=Intent { act=android.intent.action.MAIN cat=[android.intent.category.LAUNCHER] cmp=com.example.dogglers/.VerticalListActivity }, activity.getIntent()=Intent { act=android.intent.action.MAIN cat=[android.intent.category.LAUNCHER] flg=0x10000000 cmp=com.example.dogglers/androidx.test.core.app.InstrumentationActivityInvoker$EmptyActivity }, activity=androidx.test.core.app.InstrumentationActivityInvoker$EmptyActivity@5a660fe
08-24 14:43:54.793  4585  7112 D InputTransport: Input channel constructed: 'e850b3 ', fd=679
08-24 14:43:54.793  4585  7112 D InputTransport: Input channel constructed: 'e850b3 ', fd=680
08-24 14:43:54.793  4226  4601 I SurfaceFlinger: id=88751 createSurf (0x0),-1 flag=80004, e850b3 com.example.dogglers/androidx.test.core.app.InstrumentationActivityInvoker$EmptyActivity#0
08-24 14:43:54.794  4585  7112 D WindowManager: isScreenshotDisabledLocked - win: Window{e850b3 u0 com.example.dogglers/androidx.test.core.app.InstrumentationActivityInvoker$EmptyActivity}
08-24 14:43:54.794  4585  7112 D WindowManager: isScreenshotDisabledLocked: userId = 0, disabled =false
08-24 14:43:54.794  4585  7112 D InputTransport: Input channel destroyed: 'e850b3 ', fd=680
08-24 14:43:54.794 24159 24159 D InputTransport: Input channel constructed: 'e850b3 ', fd=93
08-24 14:43:54.796 24159 24159 I ViewRootImpl@b55237b[InstrumentationActivityInvoker$EmptyActivity]: setView = com.android.internal.policy.DecorView@82eaaac TM=true
08-24 14:43:54.803  4585  5390 V WindowManager: Relayout Window{e850b3 u0 com.example.dogglers/androidx.test.core.app.InstrumentationActivityInvoker$EmptyActivity}: viewVisibility=0 req=1080x2340
08-24 14:43:54.805  4585  5390 D WindowManager: isScreenshotDisabledLocked - win: Window{e850b3 u0 com.example.dogglers/androidx.test.core.app.InstrumentationActivityInvoker$EmptyActivity}
08-24 14:43:54.805  4585  5390 D WindowManager: isScreenshotDisabledLocked: userId = 0, disabled =false
08-24 14:43:54.805  4226  4601 I SurfaceFlinger: id=88752 createSurf (1080x2340),1 flag=404, com.example.dogglers/androidx.test.core.app.InstrumentationActivityInvoker$EmptyActivity$_24159#0
08-24 14:43:54.807  4585  5390 I SurfaceControl: nativeRelease nativeObject s[535567047744]
08-24 14:43:54.807  4585  5390 I SurfaceControl: nativeRelease nativeObject e[535567047744]
08-24 14:43:54.807  9865  9865 I TrayStateController: systemUiVisibilityChanged : 0 0
08-24 14:43:54.807  4226  4601 I SurfaceFlinger: id=88753 createSurf (0x0),-1 flag=24000, Surface(name=e455c2d StatusBar)/@0x2f65071 - animation-leash#1
08-24 14:43:54.808  4585  5390 I SurfaceControl: nativeRelease nativeObject s[535567046016]
08-24 14:43:54.808  4585  5390 I SurfaceControl: nativeRelease nativeObject e[535567046016]
08-24 14:43:54.808  4226  4601 I SurfaceFlinger: id=88754 createSurf (0x0),-1 flag=24000, Surface(name=a71bb8f NavigationBar0)/@0x8f38906 - animation-leash#1
08-24 14:43:54.810  4585  5390 V WindowManager: Relayout hash=e850b3, pid=24159: mAttrs={(0,0)(fillxfill) sim={adjust=pan forwardNavigation} ty=BASE_APPLICATION wanim=0x1030001
08-24 14:43:54.810  4585  5390 V WindowManager:   fl=1810100
08-24 14:43:54.810  4585  5390 V WindowManager:   pfl=12020000
08-24 14:43:54.810  4585  5390 V WindowManager:   apr=LIGHT_NAVIGATION_BARS
08-24 14:43:54.810  4585  5390 V WindowManager:   fitSides= naviIconColor=0
08-24 14:43:54.810  4585  5390 V WindowManager:   sfl=100000}
08-24 14:43:54.810  4585  5390 I SurfaceControl: nativeRelease nativeObject s[535567374976]
08-24 14:43:54.810  4585  5390 I SurfaceControl: nativeRelease nativeObject e[535567374976]
08-24 14:43:54.811 24159 24159 I SurfaceControl: assignNativeObject: nativeObject = 0 Surface(name=null)/@0x31c598 / android.view.SurfaceControl.readFromParcel:1117 android.view.IWindowSession$Stub$Proxy.relayout:1820 android.view.ViewRootImpl.relayoutWindow:9005 android.view.ViewRootImpl.performTraversals:3360 android.view.ViewRootImpl.doTraversal:2618 android.view.ViewRootImpl$TraversalRunnable.run:9971 android.view.Choreographer$CallbackRecord.run:1010 android.view.Choreographer.doCallbacks:809 android.view.Choreographer.doFrame:744 android.view.Choreographer$FrameDisplayEventReceiver.run:995
08-24 14:43:54.812 24159 24159 I ViewRootImpl@b55237b[InstrumentationActivityInvoker$EmptyActivity]: Relayout returned: old=(0,0,1080,2340) new=(0,0,1080,2340) req=(1080,2340)0 dur=8 res=0x7 s={true 537790046208} ch=true fn=-1
08-24 14:43:54.815  4159 17194 D gralloc : [mali_gralloc_allocate] begin
08-24 14:43:54.815 24159 24159 I ViewRootImpl@b55237b[InstrumentationActivityInvoker$EmptyActivity]: [DP] dp(1) 1 android.view.ViewRootImpl.reportNextDraw:10957 android.view.ViewRootImpl.performTraversals:3845 android.view.ViewRootImpl.doTraversal:2618
08-24 14:43:54.815  4159 17194 D gralloc : buffer_descriptor: wh(1080 2340) usage_pc(0x40000000000b00 0x40000000000b00) hal_format(0x1) layer_count(1) sizes(0 0 0) strde(0) byte_stride(0) alloc_wh(0 0) internal_format(0x0) alloc_format(0x0) fd_count(1) plane_count(0)
08-24 14:43:54.815 24159 24159 I ViewRootImpl@b55237b[InstrumentationActivityInvoker$EmptyActivity]: [DP] pd() Asnyc report
08-24 14:43:54.817  4159 17194 D gralloc : [mali_gralloc_allocate] allocation successful
08-24 14:43:54.819  4159 17194 D gralloc : [mali_gralloc_allocate] begin
08-24 14:43:54.819  4159 17194 D gralloc : buffer_descriptor: wh(1080 2340) usage_pc(0x40000000000b00 0x40000000000b00) hal_format(0x1) layer_count(1) sizes(0 0 0) strde(0) byte_stride(0) alloc_wh(0 0) internal_format(0x0) alloc_format(0x0) fd_count(1) plane_count(0)
08-24 14:43:54.820  4226  5359 I Layer   : id=88746 removeFromCurrentState Surface(name=e455c2d StatusBar)/@0x2f65071 - animation-leash#0 (78)
08-24 14:43:54.821  4226  5359 I Layer   : id=88747 removeFromCurrentState Surface(name=a71bb8f NavigationBar0)/@0x8f38906 - animation-leash#0 (78)
08-24 14:43:54.823  4159 17194 D gralloc : [mali_gralloc_allocate] allocation successful
08-24 14:43:54.824 24159 24159 I ViewRootImpl@b55237b[InstrumentationActivityInvoker$EmptyActivity]: [DP] pdf(0) 1 android.view.ViewRootImpl.lambda$performDraw$1$ViewRootImpl:4668 android.view.-$$Lambda$ViewRootImpl$DJd0VUYJgsebcnSohO6h8zc_ONI.run:6 android.os.Handler.handleCallback:938
08-24 14:43:54.824 24159 24159 I ViewRootImpl@b55237b[InstrumentationActivityInvoker$EmptyActivity]: [DP] rdf()
08-24 14:43:54.825  4159 16850 D gralloc : [mali_gralloc_allocate] begin
08-24 14:43:54.825  4159 16850 D gralloc : buffer_descriptor: wh(1080 2340) usage_pc(0x40000000000b00 0x40000000000b00) hal_format(0x1) layer_count(1) sizes(0 0 0) strde(0) byte_stride(0) alloc_wh(0 0) internal_format(0x0) alloc_format(0x0) fd_count(1) plane_count(0)
08-24 14:43:54.826  4159 16850 D gralloc : [mali_gralloc_allocate] allocation successful
08-24 14:43:54.829 24159 24159 I ViewRootImpl@f78ec56[VerticalListActivity]: MSG_WINDOW_FOCUS_CHANGED 0 1
08-24 14:43:54.829  4585  4613 D PkgPredictorService: pkg:com.example.dogglers activity:androidx.test.core.app.InstrumentationActivityInvoker$EmptyActivity thisTime:117
08-24 14:43:54.832  4585  4613 I SemDvfsHyPerManager: acquire hyper - AMS_RESUME_TAIL/4585@18, type = -999
08-24 14:43:54.832  4585  4613 I SemDvfsHyPerManager: acquire hyper - AMS_ACT_LAZY/4585@19, type = -999
08-24 14:43:54.833  4175  4211 I HYPER-HAL: [RequestManager.cpp]acquire(): Acquired ID : 10596124  [4585 / 18]    HINT : AMS_RESUME_TAIL    list :
08-24 14:43:54.833  4175  4211 I HYPER-HAL: [ResourceManager.cpp]updateResource(): [CPUMinFreq] UpdateResource Request ID : 10596124    Value : 1768000
08-24 14:43:54.833  4175  4211 I HYPER-HAL: [RequestManager.cpp]acquire(): Acquired ID : 10600729  [4585 / 19]    HINT :      list :
08-24 14:43:54.834  4175  4211 E HYPER-HAL: [Request.cpp]acquire(): Request:: id : 10600729, No Resource to set
08-24 14:43:54.835  4175  4211 I HYPER-HAL: [ResourceManager.cpp]removeResource(): [CPUMinFreq] RemoveResource Request ID : 10586917
08-24 14:43:54.835 24159 24159 I SurfaceControl: nativeRelease nativeObject s[536151022592]
08-24 14:43:54.835 24159 24159 I SurfaceControl: nativeRelease nativeObject e[536151022592]
08-24 14:43:54.835 24159 24159 I SurfaceControl: nativeRelease nativeObject s[536151022400]
08-24 14:43:54.835 24159 24159 I SurfaceControl: nativeRelease nativeObject e[536151022400]
08-24 14:43:54.835  4175  4211 I HYPER-HAL: [RequestManager.cpp]releaseLocked(): Released ID : 10586917
08-24 14:43:54.836 24159 24159 I SurfaceControl: nativeRelease nativeObject s[536151022208]
08-24 14:43:54.836 24159 24159 I SurfaceControl: nativeRelease nativeObject e[536151022208]
08-24 14:43:54.836  4226  4251 I SurfaceFlinger: id=88747 Removed Surface(name=a71bb8f NavigationBar0)/@0x8f38906 - animation-leash#0 (78)
08-24 14:43:54.836  4226  4251 I SurfaceFlinger: id=88746 Removed Surface(name=e455c2d StatusBar)/@0x2f65071 - animation-leash#0 (78)
08-24 14:43:54.836  4585  4617 I ActivityTaskManager: Displayed com.example.dogglers/androidx.test.core.app.InstrumentationActivityInvoker$EmptyActivity: +117ms
08-24 14:43:54.843 24159 24159 I ViewRootImpl@f78ec56[VerticalListActivity]: stopped(true) old=false
08-24 14:43:54.844 24159 24159 I SurfaceControl: nativeRelease nativeObject s[537785830592]
08-24 14:43:54.844 24159 24159 I SurfaceControl: nativeRelease nativeObject e[537785830592]
08-24 14:43:54.845 24159 24159 D LifecycleMonitor: Lifecycle status change: com.example.dogglers.VerticalListActivity@d159082 in: STOPPED
08-24 14:43:54.845 24159 24159 V ActivityScenario: Update currentActivityStage to STOPPED, currentActivity=com.example.dogglers.VerticalListActivity@d159082
08-24 14:43:54.846  4226  4226 I Layer   : id=88746[1] Destroyed Surface(name=e455c2d StatusBar)/@0x2f65071 - animation-leash#0
08-24 14:43:54.846  4226  4226 I Layer   : id=88747[1] Destroyed Surface(name=a71bb8f NavigationBar0)/@0x8f38906 - animation-leash#0
08-24 14:43:54.848  4585  7096 I InputDispatcher: Focus entered window (24159): e850b3  in display 0 0
08-24 14:43:54.848 24159 24159 D LifecycleMonitor: Lifecycle status change: com.example.dogglers.VerticalListActivity@d159082 in: DESTROYED
08-24 14:43:54.849 24159 24159 V ActivityScenario: Update currentActivityStage to DESTROYED, currentActivity=null
08-24 14:43:54.854  4226  4226 D SurfaceFlinger: Display 0 HWC layers:
08-24 14:43:54.854  4226  4226 D SurfaceFlinger:      DEVICE | 0x7851239b00 | 0002 | RGBA_8888    |    0.0    0.0 1080.0 2340.0 |    0    0 1080 2340 | com.example.dogglers/androidx.test.c[...]tivityInvoker$EmptyActivity$_24159#0
08-24 14:43:54.854  4226  4226 D SurfaceFlinger:      DEVICE | 0x77ce814dc0 | 0000 | RGBA_8888    |    0.0    0.0 1080.0   83.0 |    0    0 1080   83 | StatusBar$_4896#0
08-24 14:43:54.854  4226  4226 D SurfaceFlinger:      DEVICE | 0x77ce8157c0 | 0000 | RGBA_8888    |    0.0    0.0   67.0  342.0 |    0  746   67 1088 | com.samsung.android.app.cocktailbars[...]arservice.CocktailBarService$_9865#0
08-24 14:43:54.854  4226  4226 D SurfaceFlinger:      DEVICE | 0x7851238200 | 0000 | RGBA_8888    |    0.0    0.0  388.0   39.0 |  692 2301 1080 2340 | SGestureOverlayWindow$_5408#0
08-24 14:43:54.854  4226  4226 D SurfaceFlinger:      DEVICE | 0x77ce816a80 | 0000 | RGBA_8888    |    0.0    0.0 1080.0  126.0 |    0 2214 1080 2340 | NavigationBar0$_4896#0
08-24 14:43:54.854  4226  4226 D SurfaceFlinger:      DEVICE | 0x77ce814b40 | 0000 | RGBA_8888    |    0.0    0.0 1080.0  151.0 |    0    0 1080  151 | ScreenDecorOverlay$_4896#0
08-24 14:43:54.854  4226  4226 D SurfaceFlinger:      DEVICE | 0x77ce817d40 | 0000 | RGBA_8888    |    0.0    0.0 1080.0  151.0 |    0 2189 1080 2340 | ScreenDecorOverlayBottom$_
08-24 14:43:54.854  4226  4226 D SurfaceFlinger: 4896#0
08-24 14:43:54.854  4226  4226 D SurfaceFlinger:
08-24 14:43:54.856  4226  4601 E BufferQueueProducer: [com.example.dogglers/com.example.dogglers.VerticalListActivity$_24159#0](id:108200004981,api:0,p:-1,c:4226) disconnect: not connected (req=1)
