08-24 14:43:52.630 24159 24204 I TestRunner: started: vertical_scroll_content_at_last_position(com.example.dogglers.VerticalListTests)
08-24 14:43:52.631  4896  4896 D SecStatusBarMobileView: setStaticDrawableColor:
08-24 14:43:52.631  4896  4896 D SecStatusBarMobileView: setStaticDrawableColor:
08-24 14:43:52.628  4585  4635 D FastTrack: setFastTrackState: pid = 24159 ;tid= 24214 ;value= 0
08-24 14:43:52.634 24159 24159 D LifecycleMonitor: Lifecycle status change: androidx.test.core.app.InstrumentationActivityInvoker$EmptyActivity@dfb5378 in: DESTROYED
08-24 14:43:52.637 24159 24159 I ViewRootImpl@87f3a8d[InstrumentationActivityInvoker$EmptyActivity]: dispatchDetachedFromWindow
08-24 14:43:52.638  4585  4610 D SehCodecSolutionService: Update top [com.google.android.youtube]
08-24 14:43:52.638  4585  7044 D InputTransport: Input channel destroyed: 'e0b5cc5', fd=694
08-24 14:43:52.638  4585  7044 I SurfaceControl: nativeRelease nativeObject s[535556871456]
08-24 14:43:52.638  4585  7044 I SurfaceControl: nativeRelease nativeObject e[535556871456]
08-24 14:43:52.638  4585  7044 D WindowManager: isScreenshotDisabledLocked - win: Window{e0b5cc5 u0 com.example.dogglers/androidx.test.core.app.InstrumentationActivityInvoker$EmptyActivity}
08-24 14:43:52.638  4585  7044 D WindowManager: isScreenshotDisabledLocked: userId = 0, disabled =false
08-24 14:43:52.639  4585  7044 I SurfaceControl: nativeRelease nativeObject s[535556339072]
08-24 14:43:52.639  4585  7044 I SurfaceControl: nativeRelease nativeObject e[535556339072]
08-24 14:43:52.639  4226  4248 I Layer   : id=88682 removeFromCurrentState com.example.dogglers/androidx.test.core.app.InstrumentationActivityInvoker$EmptyActivity$_24159#1 (81)
08-24 14:43:52.639  4226  4248 I SurfaceFlinger: id=88682 Removed com.example.dogglers/androidx.test.core.app.InstrumentationActivityInvoker$EmptyActivity$_24159#1 (81)
08-24 14:43:52.642  4226  4226 I Layer   : id=88682[1] Destroyed com.example.dogglers/androidx.test.core.app.InstrumentationActivityInvoker$EmptyActivity$_24159#1
08-24 14:43:52.642  4226  4251 I Layer   : id=88681 removeFromCurrentState e0b5cc5 com.example.dogglers/androidx.test.core.app.InstrumentationActivityInvoker$EmptyActivity#0 (80)
08-24 14:43:52.646 24159 24159 D InputTransport: Input channel destroyed: 'e0b5cc5', fd=89
08-24 14:43:52.646  4896  4896 D SecStatusBarMobileView: setStaticDrawableColor:
08-24 14:43:52.646  4896  4896 D SecStatusBarMobileView: setStaticDrawableColor:
08-24 14:43:52.649  4226  4601 I SurfaceFlinger: id=88681 Removed e0b5cc5 com.example.dogglers/androidx.test.core.app.InstrumentationActivityInvoker$EmptyActivity#0 (80)
08-24 14:43:52.650  4585  7113 I SurfaceControl: nativeRelease nativeObject s[535556336576]
08-24 14:43:52.650  4585  7113 I SurfaceControl: nativeRelease nativeObject e[535556336576]
08-24 14:43:52.650  4585  7113 I SurfaceControl: nativeRelease nativeObject s[537628423264]
08-24 14:43:52.650  4585  7113 I SurfaceControl: nativeRelease nativeObject e[537628423264]
08-24 14:43:52.654  4226  4251 I Layer   : id=88678 removeFromCurrentState ActivityRecord{a96ee3f u0 com.example.dogglers/androidx.test.core.app.InstrumentationActivityInvoker$EmptyActivity t1575}#0 (80)
08-24 14:43:52.654  4226  4251 I Layer   : id=88659 removeFromCurrentState Task=1575#0 (80)
08-24 14:43:52.654  4226  4251 I SurfaceFlinger: id=88678 Removed ActivityRecord{a96ee3f u0 com.example.dogglers/androidx.test.core.app.InstrumentationActivityInvoker$EmptyActivity t1575}#0 (80)
08-24 14:43:52.654  4226  4248 I SurfaceFlinger: id=88659 Removed Task=1575#0 (80)
08-24 14:43:52.659  4226  4226 I Layer   : id=88659[1] Destroyed Task=1575#0
08-24 14:43:52.659  4226  4226 I Layer   : id=88678[1] Destroyed ActivityRecord{a96ee3f u0 com.example.dogglers/androidx.test.core.app.InstrumentationActivityInvoker$EmptyActivity t1575}#0
08-24 14:43:52.659  4226  4226 I Layer   : id=88681[1] Destroyed e0b5cc5 com.example.dogglers/androidx.test.core.app.InstrumentationActivityInvoker$EmptyActivity#0
08-24 14:43:52.659  4896  4896 D SecStatusBarMobileView: setStaticDrawableColor:
08-24 14:43:52.659  4896  4896 D SecStatusBarMobileView: setStaticDrawableColor:
08-24 14:43:52.662 24159 24204 W Settings: Setting always_finish_activities has moved from android.provider.Settings.System to android.provider.Settings.Global, returning read-only value.
08-24 14:43:52.676  4896  4896 D SecStatusBarMobileView: setStaticDrawableColor:
08-24 14:43:52.676  4896  4896 D SecStatusBarMobileView: setStaticDrawableColor:
08-24 14:43:52.681  4585  5732 I SemDvfsHyPerManager: acquire hyper - AMS_APP_SWITCH/4585@30, type = -999
08-24 14:43:52.682  4175  4211 I HYPER-HAL: [RequestManager.cpp]acquire(): Acquired ID : 10651450  [4585 / 30]    HINT : AMS_APP_SWITCH    list :
08-24 14:43:52.683  4175  4211 I HYPER-HAL: [ResourceManager.cpp]updateResource(): [CPUMinFreq] UpdateResource Request ID : 10651450    Value : 2314000
08-24 14:43:52.683  4226  5357 I SurfaceFlinger: id=88694 createSurf (0x0),-1 flag=24004, Task=1576#0
08-24 14:43:52.684  7134  7134 I SemDvfsHyPerManager: acquire hyper - com.sec.android.sdhms/7134@9, type = -999
08-24 14:43:52.687  4175  4211 I HYPER-HAL: [RequestManager.cpp]acquire(): Acquired ID : 25514805  [7134 / 9]    HINT : APP_START    list :
08-24 14:43:52.687  4175  4211 E HYPER-HAL: [HandlerSysfs.cpp]doResourceHandling(): Couldn't Open Sysfs - /sys/kernel/mm/vmscan/am_app_launch
08-24 14:43:52.687  4175  4211 I HYPER-HAL: [ResourceManager.cpp]updateResource(): [CPUMaxFreq] UpdateResource Request ID : 25514805    Value : 2314000
08-24 14:43:52.687  4226  5357 I SurfaceFlinger: id=88695 createSurf (0x0),-1 flag=80004, ActivityRecord{6d5a6d0 u0 com.example.dogglers/androidx.test.core.app.InstrumentationActivityInvoker$BootstrapActivity t1576}#0
08-24 14:43:52.690  4585  5390 V WindowOrientationListener: getProposedRotation: -1
08-24 14:43:52.691  4140  4146 E statsd  : Predicate -7037417284711607308 dropping data for dimension key (10)0x2010101->10574[I] (10)0x30000->*launch*[S]
08-24 14:43:52.692  4896  4896 D SecStatusBarMobileView: setStaticDrawableColor:
08-24 14:43:52.692  4896  4896 D SecStatusBarMobileView: setStaticDrawableColor:
08-24 14:43:52.693  4140  4146 E statsd  : Predicate 5980654721335871649 dropping data for dimension key (10)0x2010101->10574[I] (10)0x30000->*launch*[S]
08-24 14:43:52.694  4585  5390 I SemDvfsHyPerManager: acquire hyper - AMS_APP_LAUNCH/4585@17, type = -999
08-24 14:43:52.695  4175  4211 I HYPER-HAL: [RequestManager.cpp]acquire(): Acquired ID : 10591520  [4585 / 17]    HINT : AMS_APP_LAUNCH    list :
08-24 14:43:52.695  4175  4211 I HYPER-HAL: [ResourceManager.cpp]updateResource(): [CPUMinFreq] UpdateResource Request ID : 10591520    Value : 2314000
08-24 14:43:52.700  4585  7113 V WindowOrientationListener: getProposedRotation: -1
08-24 14:43:52.701  4585  7113 V WindowOrientationListener: getProposedRotation: -1
08-24 14:43:52.701  4585  7113 V WindowOrientationListener: getProposedRotation: -1
08-24 14:43:52.703  4585  7113 D InputDispatcher: Focused application set to (0): 6d5a6d0
08-24 14:43:52.713  4896  4896 D SecStatusBarMobileView: setStaticDrawableColor:
08-24 14:43:52.713  4896  4896 D SecStatusBarMobileView: setStaticDrawableColor:
08-24 14:43:52.716  4585  4839 D SemWifiApTrafficPoller: received START_TRAFFIC_CHECK
08-24 14:43:52.720  4585  4613 D InputTransport: Input channel constructed: 'eff150b', fd=722
08-24 14:43:52.720  4585  4613 D InputTransport: Input channel constructed: 'eff150b', fd=725
08-24 14:43:52.720  4226  4248 I SurfaceFlinger: id=88696 createSurf (0x0),-1 flag=80004, eff150b Splash Screen com.example.dogglers#0
08-24 14:43:52.722  4585  4613 I ViewRootImpl@e5f0cda[dogglers]: setView = com.android.internal.policy.DecorView@41a5601 TM=true
08-24 14:43:52.723 24159 24159 D LifecycleMonitor: Lifecycle status change: androidx.test.core.app.InstrumentationActivityInvoker$BootstrapActivity@af0faaf in: PRE_ON_CREATE
08-24 14:43:52.723 24159 24159 V ActivityScenario: Activity lifecycle changed event received but ignored because the intent does not match. startActivityIntent=Intent { act=android.intent.action.MAIN cat=[android.intent.category.LAUNCHER] cmp=com.example.dogglers/.VerticalListActivity }, activity.getIntent()=Intent { act=android.intent.action.MAIN cat=[android.intent.category.LAUNCHER] flg=0x10008000 cmp=com.example.dogglers/androidx.test.core.app.InstrumentationActivityInvoker$BootstrapActivity (has extras) }, activity=androidx.test.core.app.InstrumentationActivityInvoker$BootstrapActivity@af0faaf
08-24 14:43:52.726  4585  8021 I InputDispatcher: Focus left window (21625): 911a194 in display 0 0
08-24 14:43:52.726 21625 21625 I ViewRootImpl@b7edacd[WatchWhileActivity]: MSG_WINDOW_FOCUS_CHANGED 0 1
08-24 14:43:52.729  4585  4613 V WindowManager: Relayout Window{eff150b u0 Splash Screen com.example.dogglers}: viewVisibility=0 req=1080x2340
08-24 14:43:52.731  4585  4613 D WindowManager: isScreenshotDisabledLocked - win: Window{eff150b u0 Splash Screen com.example.dogglers}
08-24 14:43:52.731  4585  4613 D WindowManager: isScreenshotDisabledLocked: userId = 0, disabled =false
08-24 14:43:52.733  4226  5359 I SurfaceFlinger: id=88697 createSurf (1080x2340),1 flag=404, Splash Screen com.example.dogglers#0
08-24 14:43:52.737  4585  4613 V WindowManager: Relayout hash=eff150b, pid=4585: mAttrs={(0,0)(fillxfill) sim={adjust=pan} layoutInDisplayCutoutMode=shortEdges ty=APPLICATION_STARTING wanim=0x1030001
08-24 14:43:52.737  4585  4613 V WindowManager:   fl=1830118
08-24 14:43:52.737  4585  4613 V WindowManager:   pfl=12020011
08-24 14:43:52.737  4585  4613 V WindowManager:   apr=LIGHT_NAVIGATION_BARS
08-24 14:43:52.737  4585  4613 V WindowManager:   fitSides= naviIconColor=0
08-24 14:43:52.737  4585  4613 V WindowManager:   sfl=100000}
08-24 14:43:52.737  4585  4613 I ViewRootImpl@e5f0cda[dogglers]: Relayout returned: old=(0,0,1080,2340) new=(0,0,1080,2340) req=(1080,2340)0 dur=8 res=0x7 s={true 535581126656} ch=true fn=-1
08-24 14:43:52.738  4585  4613 I ViewRootImpl@e5f0cda[dogglers]: [DP] dp(1) 1 android.view.ViewRootImpl.reportNextDraw:10957 android.view.ViewRootImpl.performTraversals:3845 android.view.ViewRootImpl.doTraversal:2618
08-24 14:43:52.739  4159 16850 D gralloc : [mali_gralloc_allocate] begin
08-24 14:43:52.739  4159 16850 D gralloc : buffer_descriptor: wh(1080 2340) usage_pc(0x966 0x906) hal_format(0x1) layer_count(1) sizes(0 0 0) strde(0) byte_stride(0) alloc_wh(0 0) internal_format(0x0) alloc_format(0x0) fd_count(1) plane_count(0)
08-24 14:43:52.741  4159 16850 D gralloc : [mali_gralloc_allocate] allocation successful
08-24 14:43:52.748  4585  4635 D FastTrack: setFastTrackState: pid = 24159 ;tid= 24159 ;value= 1
08-24 14:43:52.748  4585  4635 D FastTrack: setFastTrackState: pid = 24159 ;tid= 24214 ;value= 1
08-24 14:43:52.757  4585  4613 I ViewRootImpl@e5f0cda[dogglers]: [DP] pdf(0) 1 android.view.ViewRootImpl.performDraw:4809 android.view.ViewRootImpl.performTraversals:3866 android.view.ViewRootImpl.doTraversal:2618
08-24 14:43:52.757  4585  4613 I ViewRootImpl@e5f0cda[dogglers]: [DP] rdf()
08-24 14:43:52.759  4149  4184 D audio_hw_primary: device-adev_set_parameters: enter with key(audioHDR=0)
08-24 14:43:52.763  9865  9865 I Utils   : isCurrentUser current = 0, ownerId = 0
08-24 14:43:52.763  9865  9865 I TrayVisibilityController: getComputedTrayVisible : keyguardState = 1
08-24 14:43:52.764  9865  9865 I TrayVisibilityController: updateTrayVisible: State=1 visible=1 mCurrentVisible=1 specificMode=0
08-24 14:43:52.764  9865  9865 I TrayStateController: onNotifyUpdateTray: 0 to need to visible? true
08-24 14:43:52.770  4226  4251 I SurfaceFlinger: id=88698 createSurf (0x0),-1 flag=24000, Surface(name=Task=1559)/@0xb313bde - animation-leash#0
08-24 14:43:52.772  4226  4251 I SurfaceFlinger: id=88699 createSurf (0x0),-1 flag=20004, Dim Layer for - DefaultTaskDisplayArea - animating-dim#0
08-24 14:43:52.773  4226  4251 I SurfaceFlinger: id=88700 createSurf (0x0),-1 flag=24000, Surface(name=Dim Layer for - DefaultTaskDisplayArea - animating-dim)/@0xf8eb318 - animation-leash#0
08-24 14:43:52.779  4226  4251 I SurfaceFlinger: id=88701 createSurf (0x0),-1 flag=24004, Surface(name=Task=1576)/@0x89b1f2e - animation-leash#0
08-24 14:43:52.781  4585  4613 D WindowManager: isScreenshotDisabledLocked - win: Window{a3a0629 u0 InputMethod}
08-24 14:43:52.781  4585  4613 D WindowManager: isScreenshotDisabledLocked: userId = 0, disabled =false
08-24 14:43:52.781  4585  4613 D WindowManager: isScreenshotDisabledLocked - win: Window{911a194 u0 com.google.android.youtube/com.google.android.apps.youtube.app.watchwhile.WatchWhileActivity}
08-24 14:43:52.781  4585  4613 D WindowManager: isScreenshotDisabledLocked: userId = 0, disabled =false
08-24 14:43:52.782  4159 16850 D gralloc : [mali_gralloc_allocate] begin
08-24 14:43:52.782  4159 16850 D gralloc : buffer_descriptor: wh(1080 2340) usage_pc(0x366 0x306) hal_format(0x1) layer_count(1) sizes(0 0 0) strde(0) byte_stride(0) alloc_wh(0 0) internal_format(0x0) alloc_format(0x0) fd_count(1) plane_count(0)
08-24 14:43:52.787  4159 16850 D gralloc : [mali_gralloc_allocate] allocation successful
08-24 14:43:52.792  4226  4226 I Layer   : id=88702[0] Destroyed Screenshot Parent
08-24 14:43:52.797  4585  4613 I SurfaceControl: nativeRelease nativeObject s[535567372864]
08-24 14:43:52.797  4585  4613 I SurfaceControl: nativeRelease nativeObject e[535567372864]
08-24 14:43:52.797  4226  4251 I SurfaceFlinger: id=88703 createSurf (0x0),-1 flag=24000, Surface(name=e455c2d StatusBar)/@0x2f65071 - animation-leash#0
08-24 14:43:52.799  4585  4613 I SurfaceControl: nativeRelease nativeObject s[535556332160]
08-24 14:43:52.799  4585  4613 I SurfaceControl: nativeRelease nativeObject e[535556332160]
08-24 14:43:52.801  9865  9865 I TrayStateController: systemUiVisibilityChanged : 2 0
08-24 14:43:52.803  4226  5359 I SurfaceFlinger: id=88704 createSurf (0x0),-1 flag=24000, Surface(name=a71bb8f NavigationBar0)/@0x8f38906 - animation-leash#0
08-24 14:43:52.805  4226  5359 I Layer   : id=88687 removeFromCurrentState Surface(name=e455c2d StatusBar)/@0x2f65071 - animation-leash#1 (87)
08-24 14:43:52.805  4226  5359 I Layer   : id=88688 removeFromCurrentState Surface(name=a71bb8f NavigationBar0)/@0x8f38906 - animation-leash#1 (87)
08-24 14:43:52.807 21625 21625 I SurfaceControl: nativeRelease nativeObject s[537830551712]
08-24 14:43:52.807 21625 21625 I SurfaceControl: nativeRelease nativeObject e[537830551712]
08-24 14:43:52.807 21625 21625 I SurfaceControl: nativeRelease nativeObject s[537830551616]
08-24 14:43:52.807 21625 21625 I SurfaceControl: nativeRelease nativeObject e[537830551616]
08-24 14:43:52.807 21625 21625 I SurfaceControl: nativeRelease nativeObject s[537830546048]
08-24 14:43:52.807 21625 21625 I SurfaceControl: nativeRelease nativeObject e[537830546048]
08-24 14:43:52.807  4226  5359 I SurfaceFlinger: id=88688 Removed Surface(name=a71bb8f NavigationBar0)/@0x8f38906 - animation-leash#1 (87)
08-24 14:43:52.807  4226  5359 I SurfaceFlinger: id=88687 Removed Surface(name=e455c2d StatusBar)/@0x2f65071 - animation-leash#1 (87)
08-24 14:43:52.808  4226  4226 I Layer   : id=88687[1] Destroyed Surface(name=e455c2d StatusBar)/@0x2f65071 - animation-leash#1
08-24 14:43:52.808  4226  4226 I Layer   : id=88688[1] Destroyed Surface(name=a71bb8f NavigationBar0)/@0x8f38906 - animation-leash#1
08-24 14:43:52.835  4226  4226 D SurfaceFlinger: Display 0 HWC layers:
08-24 14:43:52.835  4226  4226 D SurfaceFlinger:  SOLID_COLOR |              | 0002 |  Unknown  |    0.0    0.0    0.0    0.0 |    0 1152 1080 1759 | Background for -SurfaceView - com.go[...]hile.WatchWhileActivity@c9edee9@16#0
08-24 14:43:52.835  4226  4226 D SurfaceFlinger:      DEVICE | 0x77ce817980 | 0000 | RGBA_8888    |    0.0   17.0 1080.0 2340.0 |    0    0 1080 2323 | com.google.android.youtube/com.googl[...]tchwhile.WatchWhileActivity$_21625#0
08-24 14:43:52.835  4226  4226 D SurfaceFlinger:  SOLID_COLOR |              | 0000 |  Unknown  |    0.0    0.0    0.0    0.0 |    0    0 1080 2340 | Dim Layer for - DefaultTaskDisplayArea - animating-dim#0
08-24 14:43:52.835  4226  4226 D SurfaceFlinger:      DEVICE | 0x77ce815cc0 | 0002 | RGBA_8888    |    0.0    0.0 1080.0 2010.0 |    0  330 1080 2340 | Splash Screen com.example.dogglers#0
08-24 14:43:52.835  4226  4226 D SurfaceFlinger:      DEVICE | 0x77ce816940 | 0000 | RGBA_8888    |    0.0    0.0 1080.0   83.0 |    0    0 1080   83 | StatusBar$_4896#0
08-24 14:43:52.835  4226  4226 D SurfaceFlinger:      DEVICE | 0x77ce8157c0 | 0000 | RGBA_8888    |    0.0    0.0   67.0  342.0 |    0  746   67 1088 | com.samsung.android.app.cocktailbars[...]arservice.CocktailBarService$_9865#0
08-24 14:43:52.835  4226  4226 D SurfaceFlinger:      DEVICE | 0x7851238200 | 0000 | RGBA_
08-24 14:43:52.835  4226  4226 D SurfaceFlinger: 8888    |    0.0    0.0  388.0   39.0 |  692 2301 1080 2340 | SGestureOverlayWindow$_5408#0
08-24 14:43:52.835  4226  4226 D SurfaceFlinger:      DEVICE | 0x77ce815f40 | 0000 | RGBA_8888    |    0.0    0.0 1080.0  126.0 |    0 2214 1080 2340 | NavigationBar0$_4896#0
08-24 14:43:52.835  4226  4226 D SurfaceFlinger:      DEVICE | 0x77ce814b40 | 0000 | RGBA_8888    |    0.0    0.0 1080.0  151.0 |    0    0 1080  151 | ScreenDecorOverlay$_4896#0
08-24 14:43:52.835  4226  4226 D SurfaceFlinger:      DEVICE | 0x77ce817d40 | 0000 | RGBA_8888    |    0.0    0.0 1080.0  151.0 |    0 2189 1080 2340 | ScreenDecorOverlayBottom$_4896#0
08-24 14:43:52.835  4226  4226 D SurfaceFlinger:
08-24 14:43:52.860 24159 24159 I DecorView: [INFO] isPopOver=false, config=true
08-24 14:43:52.860 24159 24159 I DecorView: updateCaptionType >> DecorView@83e2e45[], isFloating=false, isApplication=true, hasWindowDecorCaption=false, hasWindowControllerCallback=true
08-24 14:43:52.860 24159 24159 D DecorView: setCaptionType = 0, this = DecorView@83e2e45[]
08-24 14:43:52.867 24159 24159 D LifecycleMonitor: Lifecycle status change: androidx.test.core.app.InstrumentationActivityInvoker$BootstrapActivity@af0faaf in: CREATED
08-24 14:43:52.868 24159 24159 V ActivityScenario: Activity lifecycle changed event received but ignored because the intent does not match. startActivityIntent=Intent { act=android.intent.action.MAIN cat=[android.intent.category.LAUNCHER] cmp=com.example.dogglers/.VerticalListActivity }, activity.getIntent()=Intent { act=android.intent.action.MAIN cat=[android.intent.category.LAUNCHER] flg=0x10008000 cmp=com.example.dogglers/androidx.test.core.app.InstrumentationActivityInvoker$BootstrapActivity (has extras) }, activity=androidx.test.core.app.InstrumentationActivityInvoker$BootstrapActivity@af0faaf
08-24 14:43:52.872 24159 24159 D LifecycleMonitor: Lifecycle status change: androidx.test.core.app.InstrumentationActivityInvoker$BootstrapActivity@af0faaf in: STARTED
08-24 14:43:52.873 24159 24159 V ActivityScenario: Activity lifecycle changed event received but ignored because the intent does not match. startActivityIntent=Intent { act=android.intent.action.MAIN cat=[android.intent.category.LAUNCHER] cmp=com.example.dogglers/.VerticalListActivity }, activity.getIntent()=Intent { act=android.intent.action.MAIN cat=[android.intent.category.LAUNCHER] flg=0x10008000 cmp=com.example.dogglers/androidx.test.core.app.InstrumentationActivityInvoker$BootstrapActivity (has extras) }, activity=androidx.test.core.app.InstrumentationActivityInvoker$BootstrapActivity@af0faaf
08-24 14:43:52.874  4896  4908 I ndroid.systemu: NativeAlloc concurrent copying GC freed 14552(578KB) AllocSpace objects, 0(0B) LOS objects, 49% free, 19MB/38MB, paused 322us total 244.690ms
08-24 14:43:52.876  4896  4910 W System  : A resource failed to call release.
08-24 14:43:52.876  4896  4910 I SurfaceControl: nativeRelease nativeObject s[535634141088]
08-24 14:43:52.876  4896  4910 I SurfaceControl: nativeRelease nativeObject e[535634141088]
08-24 14:43:52.877  4226  4601 I SurfaceFlinger: id=88650 Removed Surface(name=a3a0629 InputMethod)/@0x54f474f - animation-leash#1 (85)
08-24 14:43:52.881  4226  4601 I SurfaceFlinger: id=88705 createSurf (0x0),-1 flag=80004, ActivityRecord{966bc1 u0 com.example.dogglers/.VerticalListActivity t1576}#0
08-24 14:43:52.888 24159 24159 D LifecycleMonitor: Lifecycle status change: androidx.test.core.app.InstrumentationActivityInvoker$BootstrapActivity@af0faaf in: RESUMED
08-24 14:43:52.888 24159 24159 V ActivityScenario: Activity lifecycle changed event received but ignored because the intent does not match. startActivityIntent=Intent { act=android.intent.action.MAIN cat=[android.intent.category.LAUNCHER] cmp=com.example.dogglers/.VerticalListActivity }, activity.getIntent()=Intent { act=android.intent.action.MAIN cat=[android.intent.category.LAUNCHER] flg=0x10008000 cmp=com.example.dogglers/androidx.test.core.app.InstrumentationActivityInvoker$BootstrapActivity (has extras) }, activity=androidx.test.core.app.InstrumentationActivityInvoker$BootstrapActivity@af0faaf
08-24 14:43:52.890  4585  4613 I ViewRootImpl@e5f0cda[dogglers]: MSG_RESIZED_REPORT: frame=(0,0,1080,2340) ci=(0,83,0,39) vi=(0,83,0,39) or=1
08-24 14:43:52.890  4585  4613 I ViewRootImpl@e5f0cda[dogglers]: [DP] dp(1) 1 android.view.ViewRootImpl.reportNextDraw:10957 android.view.ViewRootImpl.access$1200:256 android.view.ViewRootImpl$ViewRootHandler.handleMessage:6101
08-24 14:43:52.892  4226  4226 I Layer   : id=88650[1] Destroyed Surface(name=a3a0629 InputMethod)/@0x54f474f - animation-leash#1
08-24 14:43:52.892 24159 24159 D LifecycleMonitor: Lifecycle status change: androidx.test.core.app.InstrumentationActivityInvoker$BootstrapActivity@af0faaf in: PAUSED
08-24 14:43:52.892 24159 24159 V ActivityScenario: Activity lifecycle changed event received but ignored because the intent does not match. startActivityIntent=Intent { act=android.intent.action.MAIN cat=[android.intent.category.LAUNCHER] cmp=com.example.dogglers/.VerticalListActivity }, activity.getIntent()=Intent { act=android.intent.action.MAIN cat=[android.intent.category.LAUNCHER] flg=0x10008000 cmp=com.example.dogglers/androidx.test.core.app.InstrumentationActivityInvoker$BootstrapActivity (has extras) }, activity=androidx.test.core.app.InstrumentationActivityInvoker$BootstrapActivity@af0faaf
08-24 14:43:52.895  4585  5087 V WindowOrientationListener: getProposedRotation: -1
08-24 14:43:52.899  4585  5087 D InputDispatcher: Focused application set to (0): 966bc1
08-24 14:43:52.909  4585  4613 V WindowManager: Relayout Window{eff150b u0 Splash Screen com.example.dogglers}: viewVisibility=0 req=1080x2340
08-24 14:43:52.914  4585  4613 I SurfaceControl: nativeRelease nativeObject s[535556336672]
08-24 14:43:52.914  4585  4613 I SurfaceControl: nativeRelease nativeObject e[535556336672]
08-24 14:43:52.915 24159 24159 D LifecycleMonitor: Lifecycle status change: com.example.dogglers.VerticalListActivity@1e40566 in: PRE_ON_CREATE
08-24 14:43:52.916 24159 24159 V ActivityScenario: Activity lifecycle changed event received but ignored because the reported transition was not ON_CREATE while the last known transition was PRE_ON_CREATE
08-24 14:43:52.916  4585  4613 V WindowManager: Relayout hash=eff150b, pid=4585: mAttrs={(0,0)(fillxfill) sim={adjust=pan} layoutInDisplayCutoutMode=shortEdges ty=APPLICATION_STARTING wanim=0x1030001
08-24 14:43:52.916  4585  4613 V WindowManager:   fl=1830118
08-24 14:43:52.916  4585  4613 V WindowManager:   pfl=12020011
08-24 14:43:52.916  4585  4613 V WindowManager:   apr=LIGHT_NAVIGATION_BARS
08-24 14:43:52.916  4585  4613 V WindowManager:   fitSides= naviIconColor=0
08-24 14:43:52.916  4585  4613 V WindowManager:   sfl=100000}
08-24 14:43:52.917  4585  4613 I SurfaceControl: nativeRelease nativeObject s[535556332160]
08-24 14:43:52.917  4585  4613 I SurfaceControl: nativeRelease nativeObject e[535556332160]
08-24 14:43:52.917  4585  4613 I SurfaceControl: nativeRelease nativeObject s[535567372864]
08-24 14:43:52.917  4585  4613 I SurfaceControl: nativeRelease nativeObject e[535567372864]
08-24 14:43:52.917  4585  4613 I ViewRootImpl@e5f0cda[dogglers]: Relayout returned: old=(0,0,1080,2340) new=(0,0,1080,2340) req=(1080,2340)0 dur=9 res=0x1 s={true 535581126656} ch=false fn=2
08-24 14:43:52.918  4226  4226 D SurfaceFlinger: Display 0 HWC layers:
08-24 14:43:52.918  4226  4226 D SurfaceFlinger:      DEVICE | 0x77ce815900 | 0000 | RGBA_8888    |    0.0   56.0 1080.0 2340.0 |    0    0 1080 2284 | com.google.android.youtube/com.googl[...]tchwhile.WatchWhileActivity$_21625#0
08-24 14:43:52.918  4226  4226 D SurfaceFlinger:  SOLID_COLOR |              | 0000 |  Unknown  |    0.0    0.0    0.0    0.0 |    0    0 1080 2340 | Dim Layer for - DefaultTaskDisplayArea - animating-dim#0
08-24 14:43:52.918  4226  4226 D SurfaceFlinger:      DEVICE | 0x77ce815cc0 | 0002 | RGBA_8888    |    0.0    0.0 1080.0 2253.0 |    0   87 1080 2340 | Splash Screen com.example.dogglers#0
08-24 14:43:52.918  4226  4226 D SurfaceFlinger:      DEVICE | 0x77ce816940 | 0000 | RGBA_8888    |    0.0    0.0 1080.0   83.0 |    0    0 1080   83 | StatusBar$_4896#0
08-24 14:43:52.918  4226  4226 D SurfaceFlinger:      DEVICE | 0x77ce8157c0 | 0000 | RGBA_8888    |    0.0    0.0   67.0  342.0 |    0  746   67 1088 | com.samsung.android.app.cocktailbars[...]arservice.CocktailBarService$_9865#0
08-24 14:43:52.918  4226  4226 D SurfaceFlinger:      DEVICE | 0x7851238200 | 0000 | RGBA_8888    |    0.0    0.0  388.0   39.0 |  692 2301 1080 2340 | SGestureOverlayWindow$_5408#0
08-24 14:43:52.918  4226  4226 D SurfaceFlinger:      DEVICE | 0x77ce815f40 | 0000 | RGBA_8888    |    0.0    0.0 1080.0  126.0 |    0 2
08-24 14:43:52.918  4226  4226 D SurfaceFlinger: 214 1080 2340 | NavigationBar0$_4896#0
08-24 14:43:52.918  4226  4226 D SurfaceFlinger:      DEVICE | 0x77ce814b40 | 0000 | RGBA_8888    |    0.0    0.0 1080.0  151.0 |    0    0 1080  151 | ScreenDecorOverlay$_4896#0
08-24 14:43:52.918  4226  4226 D SurfaceFlinger:      DEVICE | 0x77ce817d40 | 0000 | RGBA_8888    |    0.0    0.0 1080.0  151.0 |    0 2189 1080 2340 | ScreenDecorOverlayBottom$_4896#0
08-24 14:43:52.918  4226  4226 D SurfaceFlinger:
08-24 14:43:52.918  4159 16850 D gralloc : [mali_gralloc_allocate] begin
08-24 14:43:52.919  4159 16850 D gralloc : buffer_descriptor: wh(1080 2340) usage_pc(0x966 0x906) hal_format(0x1) layer_count(1) sizes(0 0 0) strde(0) byte_stride(0) alloc_wh(0 0) internal_format(0x0) alloc_format(0x0) fd_count(1) plane_count(0)
08-24 14:43:52.919  4585  4820 D PkgPredictorService: com.example.dogglers go to foreground!
08-24 14:43:52.919  4585  4820 E PkgPredictorService-Collector: record changed bt=0  wifi=0 screen=0
08-24 14:43:52.920  4585  4820 D PkgPredictorService: previous pkgs: com.example.dogglers,com.google.android.youtube,com.example.dogglers running pkg: com.example.dogglers, uid: 0 is system: false
08-24 14:43:52.920  4585  4820 D PkgPredictorService-Collector: save record...
08-24 14:43:52.920  4585  4820 D PkgPredictorService-Collector:  (hour:14 day:4 previous:[com.example.dogglers, com.google.android.youtube, com.example.dogglers] activityName:unknown running:com.example.dogglers userId:0 screenOrientation:0 wifi:0 bt:0 predictTime:1 apkVersion:1.0 consumeTime:-1 preloaded:false>)
08-24 14:43:52.920  4585  4820 D PkgPredictorService-NapPreloadController: User using: com.example.dogglers
08-24 14:43:52.920  4585  4820 I PkgPredictorService-NapClassifier: RF predict version:1661289077471
08-24 14:43:52.920  4159 16850 D gralloc : [mali_gralloc_allocate] allocation successful
08-24 14:43:52.920  4585  4610 D SehCodecSolutionService: Update top [com.example.dogglers]
08-24 14:43:52.921  4585  4820 D PkgPredictorService-NapClassifier: Predict result: 144.0,146.0,166.0, - [0_&_org.telegram.plus, 0_&_com.google.android.youtube, 0_&_com.samsung.android.app.contacts]
08-24 14:43:52.925 15874 15932 I Rubin   : [164608] LoggingEventHelper.notifyUpdatedWithValue(LoggingEventHelper.java:58) : Notify AppUsageLogger's database is updated.
08-24 14:43:52.931 24159 24159 I DecorView: [INFO] isPopOver=false, config=true
08-24 14:43:52.932 24159 24159 I DecorView: updateCaptionType >> DecorView@3dbed9f[], isFloating=false, isApplication=true, hasWindowDecorCaption=false, hasWindowControllerCallback=true
08-24 14:43:52.932 24159 24159 D DecorView: setCaptionType = 0, this = DecorView@3dbed9f[]
08-24 14:43:52.932  9865  9865 I TrayStateController: systemUiVisibilityChanged : 0 0
08-24 14:43:52.933  4585  4613 I ViewRootImpl@e5f0cda[dogglers]: [DP] pdf(0) 1 android.view.ViewRootImpl.performDraw:4809 android.view.ViewRootImpl.performTraversals:3866 android.view.ViewRootImpl.doTraversal:2618
08-24 14:43:52.933  4585  4613 I ViewRootImpl@e5f0cda[dogglers]: [DP] rdf()
08-24 14:43:52.934  4217  4605 V APM_AudioPolicyManager: setAppState(portId:11856, state:1)
08-24 14:43:52.934  4217  4605 V APM_AudioPolicyManager: setAppState(portId:11883, state:2)
08-24 14:43:52.936  4896  4896 D NavigationBar: onSystemBarAppearanceChanged() -  displayId:0, appearance:16 (APPEARANCE_LIGHT_NAVIGATION_BARS ), navbarColorManagedByIme:false
08-24 14:43:52.936  4896  4896 D SecLightBarControlHelper: updateStatus(WHITE icon) NumLightStacks:0, NumStacks:1, IndexLightStack:-1, StatusBarMode:0, StatusBarState:SHD, NeedDarkFontFromWallpaper:false, isWhiteKeyguardStatusBarBySettings:false
08-24 14:43:52.940  4149  4184 D audio_hw_primary: device-adev_set_parameters: enter with key(audioHDR=0)
08-24 14:43:52.953  4585  5087 V WindowManager: Relayout Window{d095a7c u0 NotificationShade}: viewVisibility=4 req=1080x2340
08-24 14:43:52.956  4585  5087 V WindowManager: Relayout hash=d095a7c, pid=4896: mAttrs={(0,0)(fillxfill) gr=TOP CENTER_VERTICAL sim={adjust=resize} layoutInDisplayCutoutMode=always ty=2040 fmt=TRANSLUCENT
08-24 14:43:52.956  4585  5087 V WindowManager:   fl=81840048
08-24 14:43:52.956  4585  5087 V WindowManager:   pfl=1b000000
08-24 14:43:52.956  4585  5087 V WindowManager:   bhv=SHOW_TRANSIENT_BARS_BY_SWIPE naviIconColor=0
08-24 14:43:52.956  4585  5087 V WindowManager:   sfl=40000}
08-24 14:43:52.957 24159 24159 D LifecycleMonitor: Lifecycle status change: com.example.dogglers.VerticalListActivity@1e40566 in: CREATED
08-24 14:43:52.958 24159 24159 V ActivityScenario: Update currentActivityStage to CREATED, currentActivity=com.example.dogglers.VerticalListActivity@1e40566
08-24 14:43:52.958  4896  4896 I SurfaceControl: assignNativeObject: nativeObject = 0 Surface(name=null)/@0x79cdca4 / android.view.SurfaceControl.readFromParcel:1117 android.view.IWindowSession$Stub$Proxy.relayout:1810 android.view.ViewRootImpl.relayoutWindow:9005 android.view.ViewRootImpl.performTraversals:3360 android.view.ViewRootImpl.doTraversal:2618 android.view.ViewRootImpl$TraversalRunnable.run:9971 android.view.Choreographer$CallbackRecord.run:1010 android.view.Choreographer.doCallbacks:809 android.view.Choreographer.doFrame:744 android.view.Choreographer$FrameDisplayEventReceiver.run:995
08-24 14:43:52.961 24159 24159 D LifecycleMonitor: Lifecycle status change: com.example.dogglers.VerticalListActivity@1e40566 in: STARTED
08-24 14:43:52.962 24159 24159 V ActivityScenario: Update currentActivityStage to STARTED, currentActivity=com.example.dogglers.VerticalListActivity@1e40566
08-24 14:43:52.962  4896  4896 I SurfaceControl: assignNativeObject: nativeObject = 0 Surface(name=null)/@0xd3c9bb / android.view.SurfaceControl.readFromParcel:1117 android.view.IWindowSession$Stub$Proxy.relayout:1820 android.view.ViewRootImpl.relayoutWindow:9005 android.view.ViewRootImpl.performTraversals:3360 android.view.ViewRootImpl.doTraversal:2618 android.view.ViewRootImpl$TraversalRunnable.run:9971 android.view.Choreographer$CallbackRecord.run:1010 android.view.Choreographer.doCallbacks:809 android.view.Choreographer.doFrame:744 android.view.Choreographer$FrameDisplayEventReceiver.run:995
08-24 14:43:52.964 24159 24159 D LifecycleMonitor: Lifecycle status change: com.example.dogglers.VerticalListActivity@1e40566 in: RESUMED
08-24 14:43:52.964 24159 24159 V ActivityScenario: Update currentActivityStage to RESUMED, currentActivity=com.example.dogglers.VerticalListActivity@1e40566
08-24 14:43:52.966  4896  4896 I ViewRootImpl@b9c0f52[NotificationShade]: Relayout returned: old=(0,0,1080,2340) new=(0,0,1080,2340) req=(1080,2340)4 dur=18 res=0x1 s={false 0} ch=false fn=-1
08-24 14:43:52.969  4896  4896 D KeyguardBottomAreaShortcutView: updateCameraVisibility isCameraDisabled:false visible:true
08-24 14:43:52.969  4896  4896 D KeyguardBottomAreaShortcutView: mIndicationArea margin start : 158, end : 158, bottom : 145
08-24 14:43:52.970  4585  7112 D InputTransport: Input channel constructed: '3937d8 ', fd=728
08-24 14:43:52.970  4585  7112 D InputTransport: Input channel constructed: '3937d8 ', fd=729
08-24 14:43:52.970  4226  4248 I SurfaceFlinger: id=88706 createSurf (0x0),-1 flag=80004, 3937d8 com.example.dogglers/com.example.dogglers.VerticalListActivity#0
08-24 14:43:52.971  4585  7112 D WindowManager: isScreenshotDisabledLocked - win: Window{3937d8 u0 com.example.dogglers/com.example.dogglers.VerticalListActivity}
08-24 14:43:52.971  4585  7112 D WindowManager: isScreenshotDisabledLocked: userId = 0, disabled =false
08-24 14:43:52.971  4585  7112 D InputTransport: Input channel destroyed: '3937d8 ', fd=729
08-24 14:43:52.972 24159 24159 D InputTransport: Input channel constructed: '3937d8 ', fd=80
08-24 14:43:52.974 24159 24159 I ViewRootImpl@97d3cfa[VerticalListActivity]: setView = com.android.internal.policy.DecorView@3dbed9f TM=true
08-24 14:43:52.979  4896  4896 D SecStatusBarMobileView: setStaticDrawableColor:
08-24 14:43:52.979  4896  4896 D SecStatusBarMobileView: setStaticDrawableColor:
08-24 14:43:52.984  4585  7112 V WindowManager: Relayout Window{3937d8 u0 com.example.dogglers/com.example.dogglers.VerticalListActivity}: viewVisibility=0 req=1080x2340
08-24 14:43:52.987  4585  7112 D WindowManager: isScreenshotDisabledLocked - win: Window{3937d8 u0 com.example.dogglers/com.example.dogglers.VerticalListActivity}
08-24 14:43:52.987  4585  7112 D WindowManager: isScreenshotDisabledLocked: userId = 0, disabled =false
08-24 14:43:52.988  4226  4601 I SurfaceFlinger: id=88707 createSurf (1080x2340),1 flag=404, com.example.dogglers/com.example.dogglers.VerticalListActivity$_24159#0
08-24 14:43:52.990  4585  7112 I SurfaceControl: nativeRelease nativeObject s[535567040544]
08-24 14:43:52.990  4585  7112 I SurfaceControl: nativeRelease nativeObject e[535567040544]
08-24 14:43:52.991  4226  4248 I SurfaceFlinger: id=88708 createSurf (0x0),-1 flag=24000, Surface(name=e455c2d StatusBar)/@0x2f65071 - animation-leash#1
08-24 14:43:52.991  9865  9865 I TrayStateController: systemUiVisibilityChanged : 0 0
08-24 14:43:52.994  4585  7112 I SurfaceControl: nativeRelease nativeObject s[535567044000]
08-24 14:43:52.994  4585  7112 I SurfaceControl: nativeRelease nativeObject e[535567044000]
08-24 14:43:52.994  4226  4601 I SurfaceFlinger: id=88709 createSurf (0x0),-1 flag=24000, Surface(name=a71bb8f NavigationBar0)/@0x8f38906 - animation-leash#1
08-24 14:43:52.999  4585  7112 V WindowManager: Relayout hash=3937d8, pid=24159: mAttrs={(0,0)(fillxfill) sim={adjust=resize forwardNavigation} ty=BASE_APPLICATION wanim=0x1030304
08-24 14:43:52.999  4585  7112 V WindowManager:   fl=81810100
08-24 14:43:52.999  4585  7112 V WindowManager:   pfl=12020000
08-24 14:43:52.999  4585  7112 V WindowManager:   apr=LIGHT_NAVIGATION_BARS
08-24 14:43:52.999  4585  7112 V WindowManager:   fitSides= naviIconColor=0
08-24 14:43:52.999  4585  7112 V WindowManager:   sfl=100000}
08-24 14:43:52.999  4585  7112 I SurfaceControl: nativeRelease nativeObject s[535581062592]
08-24 14:43:52.999  4585  7112 I SurfaceControl: nativeRelease nativeObject e[535581062592]
08-24 14:43:53.001 24159 24159 I SurfaceControl: assignNativeObject: nativeObject = 0 Surface(name=null)/@0x64352ab / android.view.SurfaceControl.readFromParcel:1117 android.view.IWindowSession$Stub$Proxy.relayout:1820 android.view.ViewRootImpl.relayoutWindow:9005 android.view.ViewRootImpl.performTraversals:3360 android.view.ViewRootImpl.doTraversal:2618 android.view.ViewRootImpl$TraversalRunnable.run:9971 android.view.Choreographer$CallbackRecord.run:1010 android.view.Choreographer.doCallbacks:809 android.view.Choreographer.doFrame:744 android.view.Choreographer$FrameDisplayEventReceiver.run:995
08-24 14:43:53.003  4226  5359 I Layer   : id=88704 removeFromCurrentState Surface(name=a71bb8f NavigationBar0)/@0x8f38906 - animation-leash#0 (89)
08-24 14:43:53.003  4226  5359 I Layer   : id=88703 removeFromCurrentState Surface(name=e455c2d StatusBar)/@0x2f65071 - animation-leash#0 (89)
08-24 14:43:53.003 24159 24159 I ViewRootImpl@97d3cfa[VerticalListActivity]: Relayout returned: old=(0,0,1080,2340) new=(0,0,1080,2340) req=(1080,2340)0 dur=18 res=0x7 s={true 535656607744} ch=true fn=-1
08-24 14:43:53.004  4585  4613 I SurfaceControl: nativeRelease nativeObject s[535567044576]
08-24 14:43:53.004  4585  4613 I SurfaceControl: nativeRelease nativeObject e[535567044576]
08-24 14:43:53.006  4585  4613 I SurfaceControl: nativeRelease nativeObject s[535556336672]
08-24 14:43:53.006  4585  4613 I SurfaceControl: nativeRelease nativeObject e[535556336672]
08-24 14:43:53.007  4159 16850 D gralloc : [mali_gralloc_allocate] begin
08-24 14:43:53.007  4159 16850 D gralloc : buffer_descriptor: wh(1080 2340) usage_pc(0x40000000000b00 0x40000000000b00) hal_format(0x1) layer_count(1) sizes(0 0 0) strde(0) byte_stride(0) alloc_wh(0 0) internal_format(0x0) alloc_format(0x0) fd_count(1) plane_count(0)
08-24 14:43:53.007  4896  4896 D SecStatusBarMobileView: setStaticDrawableColor:
08-24 14:43:53.007  4896  4896 D SecStatusBarMobileView: setStaticDrawableColor:
08-24 14:43:53.008  4226  5359 I SurfaceFlinger: id=88704 Removed Surface(name=a71bb8f NavigationBar0)/@0x8f38906 - animation-leash#0 (89)
08-24 14:43:53.008  4226  5359 I SurfaceFlinger: id=88703 Removed Surface(name=e455c2d StatusBar)/@0x2f65071 - animation-leash#0 (89)
08-24 14:43:53.009  4226  4226 I Layer   : id=88703[1] Destroyed Surface(name=e455c2d StatusBar)/@0x2f65071 - animation-leash#0
08-24 14:43:53.009  4226  4226 I Layer   : id=88704[1] Destroyed Surface(name=a71bb8f NavigationBar0)/@0x8f38906 - animation-leash#0
08-24 14:43:53.021  4159 16850 D gralloc : [mali_gralloc_allocate] allocation successful
08-24 14:43:53.023  4159 16850 D gralloc : [mali_gralloc_allocate] begin
08-24 14:43:53.027 15874 15932 I Rubin   : [164608] ExercisingWithCmhMonitor.isSatisfiedByCmh(ExercisingWithCmhMonitor.java:119) : isSatisfiedByCmh is false
08-24 14:43:53.028  4159 16850 D gralloc : buffer_descriptor: wh(1080 2340) usage_pc(0x40000000000b00 0x40000000000b00) hal_format(0x1) layer_count(1) sizes(0 0 0) strde(0) byte_stride(0) alloc_wh(0 0) internal_format(0x0) alloc_format(0x0) fd_count(1) plane_count(0)
08-24 14:43:53.034  4159 16850 D gralloc : [mali_gralloc_allocate] allocation successful
08-24 14:43:53.035  4159 16850 D gralloc : [mali_gralloc_allocate] begin
08-24 14:43:53.035  4159 16850 D gralloc : buffer_descriptor: wh(1080 2340) usage_pc(0x40000000000b00 0x40000000000b00) hal_format(0x1) layer_count(1) sizes(0 0 0) strde(0) byte_stride(0) alloc_wh(0 0) internal_format(0x0) alloc_format(0x0) fd_count(1) plane_count(0)
08-24 14:43:53.041  4896  4896 D SecStatusBarMobileView: setStaticDrawableColor:
08-24 14:43:53.042  4896  4896 D SecStatusBarMobileView: setStaticDrawableColor:
08-24 14:43:53.046  4159 16850 D gralloc : [mali_gralloc_allocate] allocation successful
08-24 14:43:53.060  4896  4896 D SecStatusBarMobileView: setStaticDrawableColor:
08-24 14:43:53.060  4896  4896 D SecStatusBarMobileView: setStaticDrawableColor:
08-24 14:43:53.069 24159 24159 I ViewRootImpl@97d3cfa[VerticalListActivity]: [DP] dp(1) 1 android.view.ViewRootImpl.reportNextDraw:10957 android.view.ViewRootImpl.performTraversals:3845 android.view.ViewRootImpl.doTraversal:2618
08-24 14:43:53.069 24159 24159 I ViewRootImpl@97d3cfa[VerticalListActivity]: [DP] pd() Asnyc report
08-24 14:43:53.084  4896  4896 D SecStatusBarMobileView: setStaticDrawableColor:
08-24 14:43:53.084  4896  4896 D SecStatusBarMobileView: setStaticDrawableColor:
08-24 14:43:53.088 24159 24159 I ViewRootImpl@97d3cfa[VerticalListActivity]: [DP] pdf(0) 1 android.view.ViewRootImpl.lambda$performDraw$1$ViewRootImpl:4668 android.view.-$$Lambda$ViewRootImpl$DJd0VUYJgsebcnSohO6h8zc_ONI.run:6 android.os.Handler.handleCallback:938
08-24 14:43:53.088 24159 24159 I ViewRootImpl@97d3cfa[VerticalListActivity]: [DP] rdf()
08-24 14:43:53.106  4585  4613 D PkgPredictorService: pkg:com.example.dogglers activity:com.example.dogglers.VerticalListActivity thisTime:428
08-24 14:43:53.106  4585  4613 D PkgPredictorService-Collector: update activity launch time: VerticalListActivity : 428
08-24 14:43:53.107  4585  4617 D ArtManagerInternalImpl: /data/misc/iorapd/com.example.dogglers/1/com.example.dogglers.VerticalListActivity/compiled_traces/compiled_trace.pb doesn't exist
08-24 14:43:53.107 24159 24159 D RootViewPicker: Root not ready - waiting: 10ms for one to appear.
08-24 14:43:53.110  4585  4613 I SurfaceControl: nativeRelease nativeObject s[535567039488]
08-24 14:43:53.110  4585  4613 I SurfaceControl: nativeRelease nativeObject e[535567039488]
08-24 14:43:53.111  4585  5087 I InputDispatcher: Focus entered window (24159): 3937d8  in display 0 0
08-24 14:43:53.113  4896  4896 D SecStatusBarMobileView: setStaticDrawableColor:
08-24 14:43:53.113  4896  4896 D SecStatusBarMobileView: setStaticDrawableColor:
08-24 14:43:53.113  4585  7112 I SemDvfsHyPerManager: acquire hyper - AMS_RESUME_TAIL/4585@18, type = -999
08-24 14:43:53.113  4585  7112 I SemDvfsHyPerManager: acquire hyper - AMS_ACT_LAZY/4585@19, type = -999
08-24 14:43:53.118 24159 24159 D RootViewPicker: Root not ready - waiting: 25ms for one to appear.
08-24 14:43:53.121  4226  4601 I Layer   : id=88700 removeFromCurrentState Surface(name=Dim Layer for - DefaultTaskDisplayArea - animating-dim)/@0xf8eb318 - animation-leash#0 (87)
08-24 14:43:53.122  4226  4248 I SurfaceFlinger: id=88700 Removed Surface(name=Dim Layer for - DefaultTaskDisplayArea - animating-dim)/@0xf8eb318 - animation-leash#0 (87)
08-24 14:43:53.122  4585  4613 D ViewRootImpl@e5f0cda[dogglers]: dispatchDetachedFromWindow: reset blurmask
08-24 14:43:53.122  4585  4613 I ViewRootImpl@e5f0cda[dogglers]: dispatchDetachedFromWindow
08-24 14:43:53.123  4585  4613 I SurfaceControl: nativeRelease nativeObject s[535581380416]
08-24 14:43:53.123  4585  4613 I SurfaceControl: nativeRelease nativeObject e[535581380416]
08-24 14:43:53.123  4585  4613 D InputTransport: Input channel destroyed: 'eff150b', fd=722
08-24 14:43:53.123 24159 24159 I ViewRootImpl@97d3cfa[VerticalListActivity]: MSG_WINDOW_FOCUS_CHANGED 1 1
08-24 14:43:53.123 24159 24159 D InputMethodManager: prepareNavigationBarInfo() DecorView@3dbed9f[VerticalListActivity]
08-24 14:43:53.124 24159 24159 D InputMethodManager: getNavigationBarColor() -855310
08-24 14:43:53.125  4226  4248 I SurfaceFlinger: id=88710 createSurf (0x0),-1 flag=24000, Surface(name=eff150b Splash Screen com.example.dogglers)/@0x8262a7 - animation-leash#0
08-24 14:43:53.125 24159 24159 D InputMethodManager: prepareNavigationBarInfo() DecorView@3dbed9f[VerticalListActivity]
08-24 14:43:53.125 24159 24159 D InputMethodManager: getNavigationBarColor() -855310
08-24 14:43:53.125 24159 24159 V InputMethodManager: Starting input: tba=com.example.dogglers ic=null mNaviBarColor -855310 mIsGetNaviBarColorSuccess true , NavVisible : true , NavTrans : false
08-24 14:43:53.125 24159 24159 D InputMethodManager: startInputInner - Id : 0
08-24 14:43:53.125 24159 24159 I InputMethodManager: startInputInner - mService.startInputOrWindowGainedFocus
08-24 14:43:53.126  4585  7044 D InputMethodManagerService: mSecureKeypadEnabled = false
08-24 14:43:53.126  4226  4226 I Layer   : id=88700[1] Destroyed Surface(name=Dim Layer for - DefaultTaskDisplayArea - animating-dim)/@0xf8eb318 - animation-leash#0
08-24 14:43:53.129  4585  4613 D InputTransport: Input channel destroyed: 'eff150b', fd=725
08-24 14:43:53.129  4585  7044 V InputMethodManagerService: hideCurrentInputLocked : shouldHideSoftInput is false
08-24 14:43:53.129  4585  7044 D InputMethodManagerService: mDesktopModeManager null!
08-24 14:43:53.129  4585  7044 V InputMethodManagerService: getDisplayIdOfInputMethodWindowToBeAdded : 0
08-24 14:43:53.130  4140  4146 E statsd  : Predicate -7037417284711607308 dropping data for dimension key (10)0x2010101->10574[I] (10)0x30000->*launch*[S]
08-24 14:43:53.130  4585  7044 D SamsungIMMSHWKeyboard: isConnectedDexOnPC false
08-24 14:43:53.130  4140  4146 E statsd  : Predicate 5980654721335871649 dropping data for dimension key (10)0x2010101->10574[I] (10)0x30000->*launch*[S]
08-24 14:43:53.130  4585  7044 D InputMethodManagerService: isImeSwitcherDisabledPackage : false
08-24 14:43:53.130  4175  4211 I HYPER-HAL: [RequestManager.cpp]acquire(): Acquired ID : 10596124  [4585 / 18]    HINT : AMS_RESUME_TAIL    list :
08-24 14:43:53.131  4175  4211 I HYPER-HAL: [ResourceManager.cpp]updateResource(): [CPUMinFreq] UpdateResource Request ID : 10596124    Value : 1768000
08-24 14:43:53.131  4175  4211 I HYPER-HAL: [RequestManager.cpp]acquire(): Acquired ID : 10600729  [4585 / 19]    HINT :      list :
08-24 14:43:53.132 21625 21625 D InputTransport: Input channel destroyed: 'ClientS', fd=122
08-24 14:43:53.133  4585  7044 D InputMethodManagerService: checkDisplayOfStartInputAndUpdateKeyboard display Id 0last 0
08-24 14:43:53.134  4585  7044 D InputTransport: Input channel constructed: 'ClientS', fd=722
08-24 14:43:53.134  4585  7044 D InputTransport: Input channel destroyed: 'ClientS', fd=722
08-24 14:43:53.135  4175  4211 E HYPER-HAL: [Request.cpp]acquire(): Request:: id : 10600729, No Resource to set
08-24 14:43:53.136 24159 24159 D InputTransport: Input channel constructed: 'ClientS', fd=89
08-24 14:43:53.136  4175  4211 I HYPER-HAL: [ResourceManager.cpp]removeResource(): [CPUMinFreq] RemoveResource Request ID : 10651450
08-24 14:43:53.140  4585  7113 I SurfaceControl: nativeRelease nativeObject s[535581068160]
08-24 14:43:53.141  4585  7113 I SurfaceControl: nativeRelease nativeObject e[535581068160]
08-24 14:43:53.141  4226  4248 I SurfaceFlinger: id=88711 createSurf (0x0),-1 flag=24004, Surface(name=a3a0629 InputMethod)/@0x54f474f - animation-leash#0
08-24 14:43:53.142  4175  4211 I HYPER-HAL: [RequestManager.cpp]releaseLocked(): Released ID : 10651450
08-24 14:43:53.145  4226  5357 I Layer   : id=88693 removeFromCurrentState Surface(name=a3a0629 InputMethod)/@0x54f474f - animation-leash#1 (88)
08-24 14:43:53.145  4226  5357 I Layer   : id=78 removeFromCurrentState a3a0629 InputMethod#0 (88)
08-24 14:43:53.145  4226  5357 I Layer   : id=78 addToCurrentState a3a0629 InputMethod#0 (88)
08-24 14:43:53.145 24159 24159 I ViewInteraction: Performing 'scroll RecyclerView to position: 5' action on view view.getId() is <2131231206/com.example.dogglers:id/vertical_recycler_view>
08-24 14:43:53.146 21625 21625 I SurfaceControl: nativeRelease nativeObject s[537830793376]
08-24 14:43:53.146 21625 21625 I SurfaceControl: nativeRelease nativeObject e[537830793376]
08-24 14:43:53.147  4226  5357 I SurfaceFlinger: id=88693 Removed Surface(name=a3a0629 InputMethod)/@0x54f474f - animation-leash#1 (88)
08-24 14:43:53.157  7388  7388 I HBD     : HoneyBoardService onFinishInput
08-24 14:43:53.158  7388  7388 I HBD     : a IC have been unbinded,  InputConnectionWrapper{idHash=#fd14fcd mMissingMethods=}
08-24 14:43:53.158  7388  7388 I HBD     : HoneyBoardService [PF_CL][onFinishInput]  675308 ns
08-24 14:43:53.158  7388  7388 I HBD     : HoneyBoardService [IMI] onStartInput - caller pid : 24159 , caller uid : 10574
08-24 14:43:53.159  7388  7388 I HBD     : i updateConfigs
08-24 14:43:53.160  4226  4226 I Layer   : id=88693[1] Destroyed Surface(name=a3a0629 InputMethod)/@0x54f474f - animation-leash#1
08-24 14:43:53.159  7388  7388 I HBD     : i isEnabledNightMode : false
08-24 14:43:53.160  7388  7388 I HBD     : a IC have been binded, InputConnectionWrapper{idHash=#4712393 mMissingMethods=}
08-24 14:43:53.161  7388  7388 I HBD     : h [EditorInputType]setPrivateImeOptionsToTable privateImeOptions ( null )
08-24 14:43:53.161  7388  7388 I HBD     : b incognitoMode : false
08-24 14:43:53.161  7388  7388 I HBD     : a needOff = true , isForceOff = false, isNullInputClass : true
08-24 14:43:53.161  7388  7388 I HBD     : h getDefaultInputRange : UNKNOWN
08-24 14:43:53.161  7388  7388 I HBD     : h getDefaultInputRange : UNKNOWN
08-24 14:43:53.161  7388  7388 I HBD     : h getDefaultInputRange : UNKNOWN
08-24 14:43:53.162  4585  5087 D SdpManagerService: Not an enterprise user : 0
08-24 14:43:53.162  4585  5087 D SdpManagerService: Not an enterprise user : 0
08-24 14:43:53.163  7388  7388 I HBD     : h getDefaultInputRange : UNKNOWN
08-24 14:43:53.163  7388  7388 I HBD     : a currentState : 0
08-24 14:43:53.166  7388  7388 I HBD     : h load selected json info : {"version":"1.0","currentLanguageOrder":0,"selected":[{"activeOptionList":["auto_replace","auto_spacing"],"engName":"Russian","id":3342336,"inputType":"qwerty","isUsed":true},{"activeOptionList":["auto_replace","auto_spacing"],"engName":"English","id":65537,"inputType":"qwerty","isUsed":true}]}
08-24 14:43:53.168  7388  7388 I HBD     : a [UpdatePolicy] [post] a: 0 cl: 3342336 kit: [0/0] vt: 0 ir: 1
08-24 14:43:53.169  4226  4226 D SurfaceFlinger: Display 0 HWC layers:
08-24 14:43:53.169  4226  4226 D SurfaceFlinger:      DEVICE | 0x77ce817980 | 0000 | RGBA_8888    |    0.0   69.0 1080.0 2340.0 |    0    0 1080 2271 | com.google.android.youtube/com.googl[...]tchwhile.WatchWhileActivity$_21625#0
08-24 14:43:53.169  4226  4226 D SurfaceFlinger:  SOLID_COLOR |              | 0000 |  Unknown  |    0.0    0.0    0.0    0.0 |    0    0 1080 2340 | Dim Layer for - DefaultTaskDisplayArea - animating-dim#0
