08-24 14:43:46.973 24159 24204 I TestRunner: started: recycler_view_item_count(com.example.dogglers.HorizontalListTests)
08-24 14:43:46.979  4226  4226 I Layer   : id=88468[1] Destroyed Task=1570#0
08-24 14:43:46.979  4226  4226 I Layer   : id=88491[1] Destroyed ActivityRecord{c3037b3 u0 com.example.dogglers/androidx.test.core.app.InstrumentationActivityInvoker$EmptyActivity t1570}#0
08-24 14:43:46.980  4896  4896 D SecStatusBarMobileView: setStaticDrawableColor:
08-24 14:43:46.981  4896  4896 D SecStatusBarMobileView: setStaticDrawableColor:
08-24 14:43:46.997  4896  4896 D SecStatusBarMobileView: setStaticDrawableColor:
08-24 14:43:46.997  4896  4896 D SecStatusBarMobileView: setStaticDrawableColor:
08-24 14:43:47.006 24159 24204 W Settings: Setting always_finish_activities has moved from android.provider.Settings.System to android.provider.Settings.Global, returning read-only value.
08-24 14:43:47.014  4896  4896 D SecStatusBarMobileView: setStaticDrawableColor:
08-24 14:43:47.014  4896  4896 D SecStatusBarMobileView: setStaticDrawableColor:
08-24 14:43:47.032  4896  4896 D SecStatusBarMobileView: setStaticDrawableColor:
08-24 14:43:47.032  4896  4896 D SecStatusBarMobileView: setStaticDrawableColor:
08-24 14:43:47.033  4585  5732 I SemDvfsHyPerManager: acquire hyper - AMS_APP_SWITCH/4585@30, type = -999
08-24 14:43:47.033  4175  4211 I HYPER-HAL: [RequestManager.cpp]acquire(): Acquired ID : 10651450  [4585 / 30]    HINT : AMS_APP_SWITCH    list :
08-24 14:43:47.035  4175  4211 I HYPER-HAL: [ResourceManager.cpp]updateResource(): [CPUMinFreq] UpdateResource Request ID : 10651450    Value : 2314000
08-24 14:43:47.036  7134  7134 I SemDvfsHyPerManager: acquire hyper - com.sec.android.sdhms/7134@9, type = -999
08-24 14:43:47.038  4175  4211 I HYPER-HAL: [RequestManager.cpp]acquire(): Acquired ID : 25514805  [7134 / 9]    HINT : APP_START    list :
08-24 14:43:47.039  4175  4211 E HYPER-HAL: [HandlerSysfs.cpp]doResourceHandling(): Couldn't Open Sysfs - /sys/kernel/mm/vmscan/am_app_launch
08-24 14:43:47.039  4175  4211 I HYPER-HAL: [ResourceManager.cpp]updateResource(): [CPUMaxFreq] UpdateResource Request ID : 25514805    Value : 2314000
08-24 14:43:47.040  4226  4251 I SurfaceFlinger: id=88507 createSurf (0x0),-1 flag=24004, Task=1571#0
08-24 14:43:47.044  4226  4251 I SurfaceFlinger: id=88508 createSurf (0x0),-1 flag=80004, ActivityRecord{266eabf u0 com.example.dogglers/androidx.test.core.app.InstrumentationActivityInvoker$BootstrapActivity t1571}#0
08-24 14:43:47.053  4585  7096 V WindowOrientationListener: getProposedRotation: -1
08-24 14:43:47.056  4140  4146 E statsd  : Predicate -7037417284711607308 dropping data for dimension key (10)0x2010101->10574[I] (10)0x30000->*launch*[S]
08-24 14:43:47.056  4140  4146 E statsd  : Predicate 5980654721335871649 dropping data for dimension key (10)0x2010101->10574[I] (10)0x30000->*launch*[S]
08-24 14:43:47.060  4585  7096 I SemDvfsHyPerManager: acquire hyper - AMS_APP_LAUNCH/4585@17, type = -999
08-24 14:43:47.061  4175  4211 I HYPER-HAL: [RequestManager.cpp]acquire(): Acquired ID : 10591520  [4585 / 17]    HINT : AMS_APP_LAUNCH    list :
08-24 14:43:47.061  4175  4211 I HYPER-HAL: [ResourceManager.cpp]updateResource(): [CPUMinFreq] UpdateResource Request ID : 10591520    Value : 2314000
08-24 14:43:47.066  4585  8021 V WindowOrientationListener: getProposedRotation: -1
08-24 14:43:47.066  4585  8021 V WindowOrientationListener: getProposedRotation: -1
08-24 14:43:47.067  4585  8021 V WindowOrientationListener: getProposedRotation: -1
08-24 14:43:47.070  4585  8021 D InputDispatcher: Focused application set to (0): 266eabf
08-24 14:43:47.079  9865  9865 I Utils   : isCurrentUser current = 0, ownerId = 0
08-24 14:43:47.080  9865  9865 I TrayVisibilityController: getComputedTrayVisible : keyguardState = 1
08-24 14:43:47.080  9865  9865 I TrayVisibilityController: updateTrayVisible: State=1 visible=1 mCurrentVisible=1 specificMode=0
08-24 14:43:47.080  9865  9865 I TrayStateController: onNotifyUpdateTray: 0 to need to visible? true
08-24 14:43:47.146  4896  4908 I ndroid.systemu: NativeAlloc concurrent copying GC freed 16507(638KB) AllocSpace objects, 0(0B) LOS objects, 49% free, 19MB/38MB, paused 302us total 194.871ms
08-24 14:43:47.148  4585  4613 D InputTransport: Input channel constructed: '29bd1b5', fd=676
08-24 14:43:47.148  4585  4613 D InputTransport: Input channel constructed: '29bd1b5', fd=678
08-24 14:43:47.149  4226  4601 I SurfaceFlinger: id=88509 createSurf (0x0),-1 flag=80004, 29bd1b5 Splash Screen com.example.dogglers#0
08-24 14:43:47.150  4585  4613 I ViewRootImpl@f3f89ec[dogglers]: setView = com.android.internal.policy.DecorView@75fbbb TM=true
08-24 14:43:47.152  4896  4910 W System  : A resource failed to call release.
08-24 14:43:47.152  4896  4910 I SurfaceControl: nativeRelease nativeObject s[537817697664]
08-24 14:43:47.152  4896  4910 I SurfaceControl: nativeRelease nativeObject e[537817697664]
08-24 14:43:47.152  4226  4601 I SurfaceFlinger: id=88453 Removed Surface(name=a3a0629 InputMethod)/@0x54f474f - animation-leash#0 (75)
08-24 14:43:47.153 24159 24159 D LifecycleMonitor: Lifecycle status change: androidx.test.core.app.InstrumentationActivityInvoker$BootstrapActivity@2cc9dd2 in: PRE_ON_CREATE
08-24 14:43:47.153 24159 24159 V ActivityScenario: Activity lifecycle changed event received but ignored because the intent does not match. startActivityIntent=Intent { act=android.intent.action.MAIN cat=[android.intent.category.LAUNCHER] cmp=com.example.dogglers/.HorizontalListActivity }, activity.getIntent()=Intent { act=android.intent.action.MAIN cat=[android.intent.category.LAUNCHER] flg=0x10008000 cmp=com.example.dogglers/androidx.test.core.app.InstrumentationActivityInvoker$BootstrapActivity (has extras) }, activity=androidx.test.core.app.InstrumentationActivityInvoker$BootstrapActivity@2cc9dd2
08-24 14:43:47.154  4149  4184 D audio_hw_primary: device-adev_set_parameters: enter with key(audioHDR=0)
08-24 14:43:47.163  4226  4226 I Layer   : id=88453[1] Destroyed Surface(name=a3a0629 InputMethod)/@0x54f474f - animation-leash#0
08-24 14:43:47.164  4585  4613 V WindowManager: Relayout Window{29bd1b5 u0 Splash Screen com.example.dogglers}: viewVisibility=0 req=1080x2340
08-24 14:43:47.165  4585  7034 I InputDispatcher: Focus left window (21625): 911a194 in display 0 0
08-24 14:43:47.166  4585  4635 D FastTrack: setFastTrackState: pid = 24159 ;tid= 24159 ;value= 1
08-24 14:43:47.166  4585  4613 D WindowManager: isScreenshotDisabledLocked - win: Window{29bd1b5 u0 Splash Screen com.example.dogglers}
08-24 14:43:47.166  4585  4613 D WindowManager: isScreenshotDisabledLocked: userId = 0, disabled =false
08-24 14:43:47.166  4585  4635 D FastTrack: setFastTrackState: pid = 24159 ;tid= 24214 ;value= 1
08-24 14:43:47.167  4226  5359 I SurfaceFlinger: id=88510 createSurf (1080x2340),1 flag=404, Splash Screen com.example.dogglers#0
08-24 14:43:47.169 21625 21625 I ViewRootImpl@b7edacd[WatchWhileActivity]: MSG_WINDOW_FOCUS_CHANGED 0 1
08-24 14:43:47.169  4585  4613 V WindowManager: Relayout hash=29bd1b5, pid=4585: mAttrs={(0,0)(fillxfill) sim={adjust=pan} layoutInDisplayCutoutMode=shortEdges ty=APPLICATION_STARTING wanim=0x1030001
08-24 14:43:47.169  4585  4613 V WindowManager:   fl=1830118
08-24 14:43:47.169  4585  4613 V WindowManager:   pfl=12020011
08-24 14:43:47.169  4585  4613 V WindowManager:   apr=LIGHT_NAVIGATION_BARS
08-24 14:43:47.169  4585  4613 V WindowManager:   fitSides= naviIconColor=0
08-24 14:43:47.169  4585  4613 V WindowManager:   sfl=100000}
08-24 14:43:47.170  4585  4613 I ViewRootImpl@f3f89ec[dogglers]: Relayout returned: old=(0,0,1080,2340) new=(0,0,1080,2340) req=(1080,2340)0 dur=5 res=0x7 s={true 535581126656} ch=true fn=-1
08-24 14:43:47.170  4585  4613 I ViewRootImpl@f3f89ec[dogglers]: [DP] dp(1) 1 android.view.ViewRootImpl.reportNextDraw:10957 android.view.ViewRootImpl.performTraversals:3845 android.view.ViewRootImpl.doTraversal:2618
08-24 14:43:47.171  4159 17194 D gralloc : [mali_gralloc_allocate] begin
08-24 14:43:47.171  4159 17194 D gralloc : buffer_descriptor: wh(1080 2340) usage_pc(0x966 0x906) hal_format(0x1) layer_count(1) sizes(0 0 0) strde(0) byte_stride(0) alloc_wh(0 0) internal_format(0x0) alloc_format(0x0) fd_count(1) plane_count(0)
08-24 14:43:47.173  4159 17194 D gralloc : [mali_gralloc_allocate] allocation successful
08-24 14:43:47.174  4585  4820 D PkgPredictorService: com.example.dogglers go to foreground!
08-24 14:43:47.175  4585  4820 E PkgPredictorService-Collector: record changed bt=0  wifi=0 screen=0
08-24 14:43:47.175  4585  4820 D PkgPredictorService: previous pkgs: com.example.dogglers,com.google.android.youtube,com.example.dogglers running pkg: com.example.dogglers, uid: 0 is system: false
08-24 14:43:47.175  4585  4610 D SehCodecSolutionService: Update top [com.example.dogglers]
08-24 14:43:47.175  4585  4820 D PkgPredictorService-Collector: save record...
08-24 14:43:47.175  4585  4820 D PkgPredictorService-Collector:  (hour:14 day:4 previous:[com.example.dogglers, com.google.android.youtube, com.example.dogglers] activityName:unknown running:com.example.dogglers userId:0 screenOrientation:0 wifi:0 bt:0 predictTime:1 apkVersion:1.0 consumeTime:-1 preloaded:false>)
08-24 14:43:47.175  4585  4820 D PkgPredictorService-NapPreloadController: User using: com.example.dogglers
08-24 14:43:47.175  4585  4820 I PkgPredictorService-NapClassifier: RF predict version:1661289077471
08-24 14:43:47.176  4585  4820 D PkgPredictorService-NapClassifier: Predict result: 144.0,146.0,166.0, - [0_&_org.telegram.plus, 0_&_com.google.android.youtube, 0_&_com.samsung.android.app.contacts]
08-24 14:43:47.177 24159 24159 I DecorView: [INFO] isPopOver=false, config=true
08-24 14:43:47.177 24159 24159 I DecorView: updateCaptionType >> DecorView@39d25a0[], isFloating=false, isApplication=true, hasWindowDecorCaption=false, hasWindowControllerCallback=true
08-24 14:43:47.177 24159 24159 D DecorView: setCaptionType = 0, this = DecorView@39d25a0[]
08-24 14:43:47.178  4217  4605 V APM_AudioPolicyManager: setAppState(portId:11856, state:1)
08-24 14:43:47.178  4217  4605 V APM_AudioPolicyManager: setAppState(portId:11883, state:2)
08-24 14:43:47.185 24159 24159 D LifecycleMonitor: Lifecycle status change: androidx.test.core.app.InstrumentationActivityInvoker$BootstrapActivity@2cc9dd2 in: CREATED
08-24 14:43:47.185 24159 24159 V ActivityScenario: Activity lifecycle changed event received but ignored because the intent does not match. startActivityIntent=Intent { act=android.intent.action.MAIN cat=[android.intent.category.LAUNCHER] cmp=com.example.dogglers/.HorizontalListActivity }, activity.getIntent()=Intent { act=android.intent.action.MAIN cat=[android.intent.category.LAUNCHER] flg=0x10008000 cmp=com.example.dogglers/androidx.test.core.app.InstrumentationActivityInvoker$BootstrapActivity (has extras) }, activity=androidx.test.core.app.InstrumentationActivityInvoker$BootstrapActivity@2cc9dd2
08-24 14:43:47.186 15874 15932 I Rubin   : [164608] LoggingEventHelper.notifyUpdatedWithValue(LoggingEventHelper.java:58) : Notify AppUsageLogger's database is updated.
08-24 14:43:47.190 24159 24159 D LifecycleMonitor: Lifecycle status change: androidx.test.core.app.InstrumentationActivityInvoker$BootstrapActivity@2cc9dd2 in: STARTED
08-24 14:43:47.191 24159 24159 V ActivityScenario: Activity lifecycle changed event received but ignored because the intent does not match. startActivityIntent=Intent { act=android.intent.action.MAIN cat=[android.intent.category.LAUNCHER] cmp=com.example.dogglers/.HorizontalListActivity }, activity.getIntent()=Intent { act=android.intent.action.MAIN cat=[android.intent.category.LAUNCHER] flg=0x10008000 cmp=com.example.dogglers/androidx.test.core.app.InstrumentationActivityInvoker$BootstrapActivity (has extras) }, activity=androidx.test.core.app.InstrumentationActivityInvoker$BootstrapActivity@2cc9dd2
08-24 14:43:47.198  4585  4613 I ViewRootImpl@f3f89ec[dogglers]: [DP] pdf(0) 1 android.view.ViewRootImpl.performDraw:4809 android.view.ViewRootImpl.performTraversals:3866 android.view.ViewRootImpl.doTraversal:2618
08-24 14:43:47.198  4585  4613 I ViewRootImpl@f3f89ec[dogglers]: [DP] rdf()
08-24 14:43:47.199  4226  5357 I SurfaceFlinger: id=88511 createSurf (0x0),-1 flag=80004, ActivityRecord{b2f461c u0 com.example.dogglers/.HorizontalListActivity t1571}#0
08-24 14:43:47.206 24159 24159 D LifecycleMonitor: Lifecycle status change: androidx.test.core.app.InstrumentationActivityInvoker$BootstrapActivity@2cc9dd2 in: RESUMED
08-24 14:43:47.206 24159 24159 V ActivityScenario: Activity lifecycle changed event received but ignored because the intent does not match. startActivityIntent=Intent { act=android.intent.action.MAIN cat=[android.intent.category.LAUNCHER] cmp=com.example.dogglers/.HorizontalListActivity }, activity.getIntent()=Intent { act=android.intent.action.MAIN cat=[android.intent.category.LAUNCHER] flg=0x10008000 cmp=com.example.dogglers/androidx.test.core.app.InstrumentationActivityInvoker$BootstrapActivity (has extras) }, activity=androidx.test.core.app.InstrumentationActivityInvoker$BootstrapActivity@2cc9dd2
08-24 14:43:47.210 24159 24159 D LifecycleMonitor: Lifecycle status change: androidx.test.core.app.InstrumentationActivityInvoker$BootstrapActivity@2cc9dd2 in: PAUSED
08-24 14:43:47.211 24159 24159 V ActivityScenario: Activity lifecycle changed event received but ignored because the intent does not match. startActivityIntent=Intent { act=android.intent.action.MAIN cat=[android.intent.category.LAUNCHER] cmp=com.example.dogglers/.HorizontalListActivity }, activity.getIntent()=Intent { act=android.intent.action.MAIN cat=[android.intent.category.LAUNCHER] flg=0x10008000 cmp=com.example.dogglers/androidx.test.core.app.InstrumentationActivityInvoker$BootstrapActivity (has extras) }, activity=androidx.test.core.app.InstrumentationActivityInvoker$BootstrapActivity@2cc9dd2
08-24 14:43:47.219  4585  7096 V WindowOrientationListener: getProposedRotation: -1
08-24 14:43:47.219  4585  7096 V WindowOrientationListener: getProposedRotation: -1
08-24 14:43:47.220  4585  7096 V WindowOrientationListener: getProposedRotation: -1
08-24 14:43:47.222  4585  7096 D InputDispatcher: Focused application set to (0): b2f461c
08-24 14:43:47.228  4585  7096 D WindowManager: isScreenshotDisabledLocked - win: Window{a3a0629 u0 InputMethod}
08-24 14:43:47.228  4585  7096 D WindowManager: isScreenshotDisabledLocked: userId = 0, disabled =false
08-24 14:43:47.228  4585  7096 D WindowManager: isScreenshotDisabledLocked - win: Window{911a194 u0 com.google.android.youtube/com.google.android.apps.youtube.app.watchwhile.WatchWhileActivity}
08-24 14:43:47.228  4585  7096 D WindowManager: isScreenshotDisabledLocked: userId = 0, disabled =false
08-24 14:43:47.229  4159 17194 D gralloc : [mali_gralloc_allocate] begin
08-24 14:43:47.229  4159 17194 D gralloc : buffer_descriptor: wh(1080 2340) usage_pc(0x366 0x306) hal_format(0x1) layer_count(1) sizes(0 0 0) strde(0) byte_stride(0) alloc_wh(0 0) internal_format(0x0) alloc_format(0x0) fd_count(1) plane_count(0)
08-24 14:43:47.229 21625 21625 I SurfaceView: onWindowVisibilityChanged(8) false android.view.SurfaceView{c9edee9 V.E...... ......ID 0,0-1080,607} of ViewRootImpl@b7edacd[WatchWhileActivity]
08-24 14:43:47.230  4159 17194 D gralloc : [mali_gralloc_allocate] allocation successful
08-24 14:43:47.230 21625 21625 I SurfaceView: surfaceDestroyed callback.size 1 #2 android.view.SurfaceView{c9edee9 V.E...... ......ID 0,0-1080,607}
08-24 14:43:47.230 21625 21625 I SurfaceView: remove() android.view.SurfaceView{c9edee9 V.E...... ......ID 0,0-1080,607} Surface(name=SurfaceView - com.google.android.youtube/com.google.android.apps.youtube.app.watchwhile.WatchWhileActivity@c9edee9@11)/@0x8048af4
08-24 14:43:47.231 21625 21625 I SurfaceControl: nativeRelease nativeObject s[537714017440]
08-24 14:43:47.231 21625 21625 I SurfaceControl: nativeRelease nativeObject e[537714017440]
08-24 14:43:47.231 21625 21625 I SurfaceControl: nativeRelease nativeObject s[537714020032]
08-24 14:43:47.231 21625 21625 I SurfaceControl: nativeRelease nativeObject e[537714020032]
08-24 14:43:47.231  4226  5357 I Layer   : id=88504 removeFromCurrentState Background for -SurfaceView - com.google.android.youtube/com.google.android.apps.youtube.app.watchwhile.WatchWhileActivity@c9edee9@11#0 (76)
08-24 14:43:47.231  4226  5357 I SurfaceFlinger: id=88504 Removed Background for -SurfaceView - com.google.android.youtube/com.google.android.apps.youtube.app.watchwhile.WatchWhileActivity@c9edee9@11#0 (76)
08-24 14:43:47.231  4226  4251 I SurfaceFlinger: id=88503 Removed SurfaceView - com.google.android.youtube/com.google.android.apps.youtube.app.watchwhile.WatchWhileActivity@c9edee9@11#0 (76)
08-24 14:43:47.235  4226  4226 I Layer   : id=88512[0] Destroyed Screenshot Parent
08-24 14:43:47.235  4226  4601 E BufferQueueProducer: [com.google.android.youtube/com.google.android.apps.youtube.app.watchwhile.WatchWhileActivity$_21625#0](id:10820000495a,api:0,p:-1,c:4226) disconnect: not connected (req=1)
08-24 14:43:47.235 21625 21862 W libEGL  : EGLNativeWindowType 0x7c930a9010 disconnect failed
08-24 14:43:47.240  4585  7096 I SurfaceControl: nativeRelease nativeObject s[537628422016]
08-24 14:43:47.240  4585  7096 I SurfaceControl: nativeRelease nativeObject e[537628422016]
08-24 14:43:47.240  9865  9865 I TrayStateController: systemUiVisibilityChanged : 2 0
08-24 14:43:47.240  4226  5359 I SurfaceFlinger: id=88513 createSurf (0x0),-1 flag=24000, Surface(name=e455c2d StatusBar)/@0x2f65071 - animation-leash#1
08-24 14:43:47.241  4585  7096 I SurfaceControl: nativeRelease nativeObject s[537628422400]
08-24 14:43:47.241  4585  7096 I SurfaceControl: nativeRelease nativeObject e[537628422400]
08-24 14:43:47.241  4226  5359 I SurfaceFlinger: id=88514 createSurf (0x0),-1 flag=24000, Surface(name=a71bb8f NavigationBar0)/@0x8f38906 - animation-leash#1
08-24 14:43:47.242  4226  5359 I Layer   : id=88500 removeFromCurrentState Surface(name=e455c2d StatusBar)/@0x2f65071 - animation-leash#0 (78)
08-24 14:43:47.242  4226  5359 I Layer   : id=88501 removeFromCurrentState Surface(name=a71bb8f NavigationBar0)/@0x8f38906 - animation-leash#0 (78)
08-24 14:43:47.242  4226  5359 I Layer   : id=26 removeFromCurrentState a71bb8f NavigationBar0#0 (78)
08-24 14:43:47.242  4226  5359 I Layer   : id=36 removeFromCurrentState NavigationBar0$_4896#0 (78)
08-24 14:43:47.242  4226  5359 I Layer   : id=26 addToCurrentState a71bb8f NavigationBar0#0 (78)
08-24 14:43:47.243  4226  5359 I Layer   : id=36 addToCurrentState NavigationBar0$_4896#0 (78)
08-24 14:43:47.244  4585  7044 V WindowManager: Relayout Window{911a194 u0 com.google.android.youtube/com.google.android.apps.youtube.app.watchwhile.WatchWhileActivity}: viewVisibility=8 req=1080x2340
08-24 14:43:47.250  4226  4226 I Layer   : id=88504[1] Destroyed Background for -SurfaceView - com.google.android.youtube/com.google.android.apps.youtube.app.watchwhile.WatchWhileActivity@c9edee9@11#0
08-24 14:43:47.253  4585  7044 V WindowManager: Relayout hash=911a194, pid=21625: mAttrs={(0,0)(fillxfill) sim={adjust=resize} layoutInDisplayCutoutMode=shortEdges ty=BASE_APPLICATION fmt=TRANSLUCENT wanim=0x1030304 sysuil=true
08-24 14:43:47.253  4585  7044 V WindowManager:   fl=81810100
08-24 14:43:47.253  4585  7044 V WindowManager:   pfl=12020000
08-24 14:43:47.253  4585  7044 V WindowManager:   vsysui=3710
08-24 14:43:47.253  4585  7044 V WindowManager:   apr=LIGHT_STATUS_BARS LIGHT_NAVIGATION_BARS
08-24 14:43:47.253  4585  7044 V WindowManager:   bhv=SHOW_TRANSIENT_BARS_BY_SWIPE
08-24 14:43:47.253  4585  7044 V WindowManager:   fitSides= naviIconColor=0}
08-24 14:43:47.257  4226  4226 D SurfaceFlinger: Display 0 HWC layers:
08-24 14:43:47.257  4226  4226 D SurfaceFlinger:      DEVICE | 0x77ce815b80 | 0002 | RGBA_8888    |    0.0    0.0 1080.0 2340.0 |    0    0 1080 2340 | Splash Screen com.example.dogglers#0
08-24 14:43:47.257  4226  4226 D SurfaceFlinger:      DEVICE | 0x77ce815e00 | 0000 | RGBA_8888    |    0.0    0.0 1080.0   83.0 |    0    0 1080   83 | StatusBar$_4896#0
08-24 14:43:47.257  4226  4226 D SurfaceFlinger:      DEVICE | 0x77ce8157c0 | 0000 | RGBA_8888    |    0.0    0.0   67.0  342.0 |    0  746   67 1088 | com.samsung.android.app.cocktailbars[...]arservice.CocktailBarService$_9865#0
08-24 14:43:47.257  4226  4226 D SurfaceFlinger:      DEVICE | 0x7851238200 | 0000 | RGBA_8888    |    0.0    0.0  388.0   39.0 |  692 2301 1080 2340 | SGestureOverlayWindow$_5408#0
08-24 14:43:47.257  4226  4226 D SurfaceFlinger:      DEVICE | 0x77ce815f40 | 0000 | RGBA_8888    |    0.0    0.0 1080.0  126.0 |    0 2214 1080 2340 | NavigationBar0$_4896#0
08-24 14:43:47.257  4226  4226 D SurfaceFlinger:      DEVICE | 0x77ce814b40 | 0000 | RGBA_8888    |    0.0    0.0 1080.0  151.0 |    0    0 1080  151 | ScreenDecorOverlay$_4896#0
08-24 14:43:47.257  4226  4226 D SurfaceFlinger:      DEVICE | 0x77ce817d40 | 0000 | RGBA_8888    |    0.0    0.0 1080.0  151.0 |    0 2189 1080 2340 | ScreenDecorOverlayBottom$_4896#0
08-24 14:43:47.257  4226  4226 D SurfaceFlinger:
08-24 14:43:47.257 21625 21625 I SurfaceControl: nativeRelease nativeObject s[537816938592]
08-24 14:43:47.257 21625 21625 I SurfaceControl: nativeRelease nativeObject e[537816938592]
08-24 14:43:47.257 21625 21625 I SurfaceControl: assignNativeObject: nativeObject = 0 Surface(name=null)/@0x10ea726 / android.view.SurfaceControl.readFromParcel:1117 android.view.IWindowSession$Stub$Proxy.relayout:1810 android.view.ViewRootImpl.relayoutWindow:9005 android.view.ViewRootImpl.performTraversals:3360 android.view.ViewRootImpl.doTraversal:2618 android.view.ViewRootImpl$TraversalRunnable.run:9971 android.view.Choreographer$CallbackRecord.run:1010 android.view.Choreographer.doCallbacks:809 android.view.Choreographer.doFrame:744 android.view.Choreographer$FrameDisplayEventReceiver.run:995
08-24 14:43:47.257 21625 21625 I SurfaceControl: assignNativeObject: nativeObject = 0 Surface(name=null)/@0x3a5f6d6 / android.view.SurfaceControl.readFromParcel:1117 android.view.IWindowSession$Stub$Proxy.relayout:1820 android.view.ViewRootImpl.relayoutWindow:9005 android.view.ViewRootImpl.performTraversals:3360 android.view.ViewRootImpl.doTraversal:2618 android.view.ViewRootImpl$TraversalRunnable.run:9971 android.view.Choreographer$CallbackRecord.run:1010 android.view.Choreographer.doCallbacks:809 android.view.Choreographer.doFrame:744 android.view.Choreographer$FrameDisplayEventReceiver.run:995
08-24 14:43:47.258 21625 21625 I SurfaceControl: nativeRelease nativeObject s[537714017344]
08-24 14:43:47.258 21625 21625 I SurfaceControl: nativeRelease nativeObject e[537714017344]
08-24 14:43:47.258  4226  5359 I SurfaceFlinger: id=88502 Removed Bounds for - com.google.android.youtube/com.google.android.apps.youtube.app.watchwhile.WatchWhileActivity@11#0 (77)
08-24 14:43:47.260 21625 21625 I SurfaceControl: nativeRelease nativeObject s[537830787520]
08-24 14:43:47.260 21625 21625 I SurfaceControl: nativeRelease nativeObject e[537830787520]
08-24 14:43:47.260 21625 21625 I SurfaceControl: nativeRelease nativeObject s[537830787424]
08-24 14:43:47.260 21625 21625 I SurfaceControl: nativeRelease nativeObject e[537830787424]
08-24 14:43:47.260 21625 21625 I SurfaceControl: nativeRelease nativeObject s[535043876768]
08-24 14:43:47.260  4226  4601 I SurfaceFlinger: id=88501 Removed Surface(name=a71bb8f NavigationBar0)/@0x8f38906 - animation-leash#0 (77)
08-24 14:43:47.260 21625 21625 I SurfaceControl: nativeRelease nativeObject e[535043876768]
08-24 14:43:47.260  4226  5359 I SurfaceFlinger: id=88500 Removed Surface(name=e455c2d StatusBar)/@0x2f65071 - animation-leash#0 (77)
08-24 14:43:47.260 21625 21625 I ViewRootImpl@b7edacd[WatchWhileActivity]: Relayout returned: old=(0,0,1080,2340) new=(0,0,1080,2340) req=(1080,2340)8 dur=22 res=0x5 s={false 0} ch=true fn=19
08-24 14:43:47.260 21625 21625 I SurfaceView: windowStopped(true) false android.view.SurfaceView{c9edee9 V.E...... ......ID 0,0-1080,607} of ViewRootImpl@b7edacd[WatchWhileActivity]
08-24 14:43:47.262 21625 21625 I SurfaceControl: nativeRelease nativeObject s[537816938592]
08-24 14:43:47.262 21625 21625 I SurfaceControl: nativeRelease nativeObject e[537816938592]
08-24 14:43:47.263  4226  4226 I Layer   : id=88500[1] Destroyed Surface(name=e455c2d StatusBar)/@0x2f65071 - animation-leash#0
08-24 14:43:47.263  4226  4226 I Layer   : id=88501[1] Destroyed Surface(name=a71bb8f NavigationBar0)/@0x8f38906 - animation-leash#0
08-24 14:43:47.263  4585  4613 I ViewRootImpl@f3f89ec[dogglers]: MSG_RESIZED_REPORT: frame=(0,0,1080,2340) ci=(0,83,0,39) vi=(0,83,0,39) or=1
08-24 14:43:47.263  4585  4613 I ViewRootImpl@f3f89ec[dogglers]: [DP] dp(1) 1 android.view.ViewRootImpl.reportNextDraw:10957 android.view.ViewRootImpl.access$1200:256 android.view.ViewRootImpl$ViewRootHandler.handleMessage:6101
08-24 14:43:47.264 24159 24159 D LifecycleMonitor: Lifecycle status change: com.example.dogglers.HorizontalListActivity@6518e15 in: PRE_ON_CREATE
08-24 14:43:47.265 24159 24159 V ActivityScenario: Activity lifecycle changed event received but ignored because the reported transition was not ON_CREATE while the last known transition was PRE_ON_CREATE
08-24 14:43:47.272  9865  9865 I TrayStateController: systemUiVisibilityChanged : 0 0
08-24 14:43:47.274  4896  4896 D NavigationBar: onSystemBarAppearanceChanged() -  displayId:0, appearance:16 (APPEARANCE_LIGHT_NAVIGATION_BARS ), navbarColorManagedByIme:false
08-24 14:43:47.275  4896  4896 D SecStatusBarMobileView: setStaticDrawableColor:
08-24 14:43:47.275  4896  4896 D SecStatusBarMobileView: setStaticDrawableColor:
08-24 14:43:47.276  4896  4896 D SecLightBarControlHelper: updateStatus(WHITE icon) NumLightStacks:0, NumStacks:1, IndexLightStack:-1, StatusBarMode:0, StatusBarState:SHD, NeedDarkFontFromWallpaper:false, isWhiteKeyguardStatusBarBySettings:false
08-24 14:43:47.277 15874 15932 I Rubin   : [164608] ExercisingWithCmhMonitor.isSatisfiedByCmh(ExercisingWithCmhMonitor.java:119) : isSatisfiedByCmh is false
08-24 14:43:47.278  4149  4184 D audio_hw_primary: device-adev_set_parameters: enter with key(audioHDR=0)
08-24 14:43:47.278 21625 21625 I ViewRootImpl@b7edacd[WatchWhileActivity]: stopped(true) old=false
08-24 14:43:47.280  4585  4613 V WindowManager: Relayout Window{29bd1b5 u0 Splash Screen com.example.dogglers}: viewVisibility=0 req=1080x2340
08-24 14:43:47.280  4896  4896 D SecStatusBarMobileView: setStaticDrawableColor:
08-24 14:43:47.280  4896  4896 D SecStatusBarMobileView: setStaticDrawableColor:
08-24 14:43:47.282 24159 24159 I DecorView: [INFO] isPopOver=false, config=true
08-24 14:43:47.282 24159 24159 I DecorView: updateCaptionType >> DecorView@4541f82[], isFloating=false, isApplication=true, hasWindowDecorCaption=false, hasWindowControllerCallback=true
08-24 14:43:47.282 24159 24159 D DecorView: setCaptionType = 0, this = DecorView@4541f82[]
08-24 14:43:47.283  4585  4613 I SurfaceControl: nativeRelease nativeObject s[535556328032]
08-24 14:43:47.283  4585  4613 I SurfaceControl: nativeRelease nativeObject e[535556328032]
08-24 14:43:47.289  4585  4613 V WindowManager: Relayout hash=29bd1b5, pid=4585: mAttrs={(0,0)(fillxfill) sim={adjust=pan} layoutInDisplayCutoutMode=shortEdges ty=APPLICATION_STARTING wanim=0x1030001
08-24 14:43:47.289  4585  4613 V WindowManager:   fl=1830118
08-24 14:43:47.289  4585  4613 V WindowManager:   pfl=12020011
08-24 14:43:47.289  4585  4613 V WindowManager:   apr=LIGHT_NAVIGATION_BARS
08-24 14:43:47.289  4585  4613 V WindowManager:   fitSides= naviIconColor=0
08-24 14:43:47.289  4585  4613 V WindowManager:   sfl=100000}
08-24 14:43:47.289  4585  4613 I SurfaceControl: nativeRelease nativeObject s[537628422400]
08-24 14:43:47.289  4585  4613 I SurfaceControl: nativeRelease nativeObject e[537628422400]
08-24 14:43:47.289  4585  4613 I SurfaceControl: nativeRelease nativeObject s[537628422016]
08-24 14:43:47.289  4585  4613 I SurfaceControl: nativeRelease nativeObject e[537628422016]
08-24 14:43:47.289  4585  4613 I ViewRootImpl@f3f89ec[dogglers]: Relayout returned: old=(0,0,1080,2340) new=(0,0,1080,2340) req=(1080,2340)0 dur=10 res=0x1 s={true 535581126656} ch=false fn=2
08-24 14:43:47.290  4159 17194 D gralloc : [mali_gralloc_allocate] begin
08-24 14:43:47.290  4159 17194 D gralloc : buffer_descriptor: wh(1080 2340) usage_pc(0x966 0x906) hal_format(0x1) layer_count(1) sizes(0 0 0) strde(0) byte_stride(0) alloc_wh(0 0) internal_format(0x0) alloc_format(0x0) fd_count(1) plane_count(0)
08-24 14:43:47.292  4159 17194 D gralloc : [mali_gralloc_allocate] allocation successful
08-24 14:43:47.303  4585  7096 V WindowManager: Relayout Window{d095a7c u0 NotificationShade}: viewVisibility=4 req=1080x2340
08-24 14:43:47.307  4585  7096 V WindowManager: Relayout hash=d095a7c, pid=4896: mAttrs={(0,0)(fillxfill) gr=TOP CENTER_VERTICAL sim={adjust=resize} layoutInDisplayCutoutMode=always ty=2040 fmt=TRANSLUCENT
08-24 14:43:47.307  4585  7096 V WindowManager:   fl=81840048
08-24 14:43:47.307  4585  7096 V WindowManager:   pfl=1b000000
08-24 14:43:47.307  4585  7096 V WindowManager:   bhv=SHOW_TRANSIENT_BARS_BY_SWIPE naviIconColor=0
08-24 14:43:47.307  4585  7096 V WindowManager:   sfl=40000}
08-24 14:43:47.309  4896  4896 I SurfaceControl: assignNativeObject: nativeObject = 0 Surface(name=null)/@0x79cdca4 / android.view.SurfaceControl.readFromParcel:1117 android.view.IWindowSession$Stub$Proxy.relayout:1810 android.view.ViewRootImpl.relayoutWindow:9005 android.view.ViewRootImpl.performTraversals:3360 android.view.ViewRootImpl.doTraversal:2618 android.view.ViewRootImpl$TraversalRunnable.run:9971 android.view.Choreographer$CallbackRecord.run:1010 android.view.Choreographer.doCallbacks:809 android.view.Choreographer.doFrame:744 android.view.Choreographer$FrameDisplayEventReceiver.run:995
08-24 14:43:47.309 24159 24159 D LifecycleMonitor: Lifecycle status change: com.example.dogglers.HorizontalListActivity@6518e15 in: CREATED
08-24 14:43:47.309  4896  4896 I SurfaceControl: assignNativeObject: nativeObject = 0 Surface(name=null)/@0xd3c9bb / android.view.SurfaceControl.readFromParcel:1117 android.view.IWindowSession$Stub$Proxy.relayout:1820 android.view.ViewRootImpl.relayoutWindow:9005 android.view.ViewRootImpl.performTraversals:3360 android.view.ViewRootImpl.doTraversal:2618 android.view.ViewRootImpl$TraversalRunnable.run:9971 android.view.Choreographer$CallbackRecord.run:1010 android.view.Choreographer.doCallbacks:809 android.view.Choreographer.doFrame:744 android.view.Choreographer$FrameDisplayEventReceiver.run:995
08-24 14:43:47.310 24159 24159 V ActivityScenario: Update currentActivityStage to CREATED, currentActivity=com.example.dogglers.HorizontalListActivity@6518e15
08-24 14:43:47.313 24159 24159 D LifecycleMonitor: Lifecycle status change: com.example.dogglers.HorizontalListActivity@6518e15 in: STARTED
08-24 14:43:47.313 24159 24159 V ActivityScenario: Update currentActivityStage to STARTED, currentActivity=com.example.dogglers.HorizontalListActivity@6518e15
08-24 14:43:47.312  4896  4896 I ViewRootImpl@b9c0f52[NotificationShade]: Relayout returned: old=(0,0,1080,2340) new=(0,0,1080,2340) req=(1080,2340)4 dur=8 res=0x1 s={false 0} ch=false fn=-1
08-24 14:43:47.315 24159 24159 D LifecycleMonitor: Lifecycle status change: com.example.dogglers.HorizontalListActivity@6518e15 in: RESUMED
08-24 14:43:47.315 24159 24159 V ActivityScenario: Update currentActivityStage to RESUMED, currentActivity=com.example.dogglers.HorizontalListActivity@6518e15
08-24 14:43:47.317  4585  4613 I ViewRootImpl@f3f89ec[dogglers]: [DP] pdf(0) 1 android.view.ViewRootImpl.performDraw:4809 android.view.ViewRootImpl.performTraversals:3866 android.view.ViewRootImpl.doTraversal:2618
08-24 14:43:47.317  4585  4613 I ViewRootImpl@f3f89ec[dogglers]: [DP] rdf()
08-24 14:43:47.320  4585  7044 D InputTransport: Input channel constructed: '8c43876', fd=685
08-24 14:43:47.320  4585  7044 D InputTransport: Input channel constructed: '8c43876', fd=687
08-24 14:43:47.321  4226  5359 I SurfaceFlinger: id=88515 createSurf (0x0),-1 flag=80004, 8c43876 com.example.dogglers/com.example.dogglers.HorizontalListActivity#0
08-24 14:43:47.321  4896  4896 D KeyguardBottomAreaShortcutView: updateCameraVisibility isCameraDisabled:false visible:true
08-24 14:43:47.321  4585  7044 D WindowManager: isScreenshotDisabledLocked - win: Window{8c43876 u0 com.example.dogglers/com.example.dogglers.HorizontalListActivity}
08-24 14:43:47.321  4585  7044 D WindowManager: isScreenshotDisabledLocked: userId = 0, disabled =false
08-24 14:43:47.321  4896  4896 D KeyguardBottomAreaShortcutView: mIndicationArea margin start : 158, end : 158, bottom : 145
08-24 14:43:47.322  4585  7044 D InputTransport: Input channel destroyed: '8c43876', fd=687
08-24 14:43:47.322 24159 24159 D InputTransport: Input channel constructed: '8c43876', fd=80
08-24 14:43:47.324 24159 24159 I ViewRootImpl@16f1439[HorizontalListActivity]: setView = com.android.internal.policy.DecorView@4541f82 TM=true
08-24 14:43:47.325  4896  4896 D SecStatusBarMobileView: setStaticDrawableColor:
08-24 14:43:47.325  4896  4896 D SecStatusBarMobileView: setStaticDrawableColor:
08-24 14:43:47.326 24159 24159 D LifecycleMonitor: Lifecycle status change: androidx.test.core.app.InstrumentationActivityInvoker$BootstrapActivity@2cc9dd2 in: STOPPED
08-24 14:43:47.326 24159 24159 V ActivityScenario: Activity lifecycle changed event received but ignored because the intent does not match. startActivityIntent=Intent { act=android.intent.action.MAIN cat=[android.intent.category.LAUNCHER] cmp=com.example.dogglers/.HorizontalListActivity }, activity.getIntent()=Intent { act=android.intent.action.MAIN cat=[android.intent.category.LAUNCHER] flg=0x10008000 cmp=com.example.dogglers/androidx.test.core.app.InstrumentationActivityInvoker$BootstrapActivity (has extras) }, activity=androidx.test.core.app.InstrumentationActivityInvoker$BootstrapActivity@2cc9dd2
08-24 14:43:47.336  4217  4605 V APM_AudioPolicyManager: setAppState(portId:11856, state:1)
08-24 14:43:47.337  4217  4605 V APM_AudioPolicyManager: setAppState(portId:11883, state:2)
08-24 14:43:47.338  4217  4605 V APM_AudioPolicyManager: setAppState(portId:11856, state:1)
08-24 14:43:47.344  4217  4605 V APM_AudioPolicyManager: setAppState(portId:11883, state:2)
08-24 14:43:47.344 21625 21625 W YTPL.mediasession: MediaSession setActive(false)
08-24 14:43:47.345  4896  4896 D SecStatusBarMobileView: setStaticDrawableColor:
08-24 14:43:47.345  4896  4896 D SecStatusBarMobileView: setStaticDrawableColor:
08-24 14:43:47.347 21625 21625 W YT.mlplayer: Stayawake OFF
08-24 14:43:47.349 21625 21625 W YTPL.mediasession: MediaSession setActive(false)
08-24 14:43:47.356  4585  8021 D SensorService: removeConnection, index : 0, size : 1
08-24 14:43:47.356  4585  8021 D SensorService: # removeConnection, index : 0, size : 0
08-24 14:43:47.357  4585  8021 D SensorService: Calling activate off 1
08-24 14:43:47.357  4166  4166 I SensorsHub: activate: handle 1 enable 0
08-24 14:43:47.357  4166  4166 I SensorsHub: type : 1, enable : 0
08-24 14:43:47.357  4585  7044 V WindowManager: Relayout Window{8c43876 u0 com.example.dogglers/com.example.dogglers.HorizontalListActivity}: viewVisibility=0 req=1080x2340
08-24 14:43:47.358 21625 21625 D SensorManager: unregisterListener :: android.view.OrientationEventListener$SensorEventListenerImpl@99504
08-24 14:43:47.359  4585  7044 D WindowManager: isScreenshotDisabledLocked - win: Window{8c43876 u0 com.example.dogglers/com.example.dogglers.HorizontalListActivity}
08-24 14:43:47.360  4585  7044 D WindowManager: isScreenshotDisabledLocked: userId = 0, disabled =false
08-24 14:43:47.360  4226  4601 I SurfaceFlinger: id=88516 createSurf (1080x2340),1 flag=404, com.example.dogglers/com.example.dogglers.HorizontalListActivity$_24159#0
08-24 14:43:47.362  4585  7044 I SurfaceControl: nativeRelease nativeObject s[535556333792]
08-24 14:43:47.362  4585  7044 I SurfaceControl: nativeRelease nativeObject e[535556333792]
08-24 14:43:47.362  9865  9865 I TrayStateController: systemUiVisibilityChanged : 0 0
08-24 14:43:47.363  4226  5359 I SurfaceFlinger: id=88517 createSurf (0x0),-1 flag=24000, Surface(name=e455c2d StatusBar)/@0x2f65071 - animation-leash#0
08-24 14:43:47.365  4585  7044 I SurfaceControl: nativeRelease nativeObject s[535557021120]
08-24 14:43:47.365  4585  7044 I SurfaceControl: nativeRelease nativeObject e[535557021120]
08-24 14:43:47.365  4226  5359 I SurfaceFlinger: id=88518 createSurf (0x0),-1 flag=24000, Surface(name=a71bb8f NavigationBar0)/@0x8f38906 - animation-leash#0
08-24 14:43:47.367  4585  7044 V WindowManager: Relayout hash=8c43876, pid=24159: mAttrs={(0,0)(fillxfill) sim={adjust=resize forwardNavigation} ty=BASE_APPLICATION wanim=0x1030304
08-24 14:43:47.367  4585  7044 V WindowManager:   fl=81810100
08-24 14:43:47.367  4585  7044 V WindowManager:   pfl=12020000
08-24 14:43:47.367  4585  7044 V WindowManager:   apr=LIGHT_NAVIGATION_BARS
08-24 14:43:47.367  4585  7044 V WindowManager:   fitSides= naviIconColor=0
08-24 14:43:47.367  4585  7044 V WindowManager:   sfl=100000}
08-24 14:43:47.368  4585  7044 I SurfaceControl: nativeRelease nativeObject s[537628420672]
08-24 14:43:47.368  4585  7044 I SurfaceControl: nativeRelease nativeObject e[537628420672]
08-24 14:43:47.368  4896  4896 D FaceWidgetMediaSessionManager: onPlaybackStateChanged() state = PlaybackState {state=1, position=0, buffered position=0, speed=1.0, updated=1322767920, actions=8192, custom actions=[], active item id=-1, error=null}
08-24 14:43:47.368  4896  4896 I PluginFaceWidgetMediaDataFactory: getBitmapFromMetadata null
08-24 14:43:47.368  4896  4896 D PluginFaceWidgetMediaDataFactory: Elapsed Time : 0
08-24 14:43:47.369 24159 24159 I SurfaceControl: assignNativeObject: nativeObject = 0 Surface(name=null)/@0x5e9c4eb / android.view.SurfaceControl.readFromParcel:1117 android.view.IWindowSession$Stub$Proxy.relayout:1820 android.view.ViewRootImpl.relayoutWindow:9005 android.view.ViewRootImpl.performTraversals:3360 android.view.ViewRootImpl.doTraversal:2618 android.view.ViewRootImpl$TraversalRunnable.run:9971 android.view.Choreographer$CallbackRecord.run:1010 android.view.Choreographer.doCallbacks:809 android.view.Choreographer.doFrame:744 android.view.Choreographer$FrameDisplayEventReceiver.run:995
08-24 14:43:47.369  4896  4896 D FaceWidgetMediaDataRepository: [update] key : com.google.android.youtube|0|192289192, oldKey : com.google.android.youtube|0|192289192, media : com.google.android.youtube, sourceType : SESSION
08-24 14:43:47.370 24159 24159 I ViewRootImpl@16f1439[HorizontalListActivity]: Relayout returned: old=(0,0,1080,2340) new=(0,0,1080,2340) req=(1080,2340)0 dur=12 res=0x7 s={true 535654928384} ch=true fn=-1
08-24 14:43:47.372  4896  4896 D FaceWidgetMediaDataRepository: PlaybackState and Metadata is null. :: com.google.android.youtube
08-24 14:43:47.372  4896  4896 D FaceWidgetMediaSessionManager: onMetadataChanged() metadata = null
08-24 14:43:47.373  4896  4896 I PluginFaceWidgetMediaDataFactory: getBitmapFromMetadata null
08-24 14:43:47.373  4896  4896 D PluginFaceWidgetMediaDataFactory: Elapsed Time : 1
08-24 14:43:47.373  4159 17194 D gralloc : [mali_gralloc_allocate] begin
08-24 14:43:47.373  4159 17194 D gralloc : buffer_descriptor: wh(1080 2340) usage_pc(0x40000000000b00 0x40000000000b00) hal_format(0x1) layer_count(1) sizes(0 0 0) strde(0) byte_stride(0) alloc_wh(0 0) internal_format(0x0) alloc_format(0x0) fd_count(1) plane_count(0)
08-24 14:43:47.374  4896  4896 D FaceWidgetMediaDataRepository: [update] key : com.google.android.youtube|0|192289192, oldKey : com.google.android.youtube|0|192289192, media : com.google.android.youtube, sourceType : SESSION
08-24 14:43:47.374  4159 17194 D gralloc : [mali_gralloc_allocate] allocation successful
08-24 14:43:47.375  4159 17194 D gralloc : [mali_gralloc_allocate] begin
08-24 14:43:47.375  4159 17194 D gralloc : buffer_descriptor: wh(1080 2340) usage_pc(0x40000000000b00 0x40000000000b00) hal_format(0x1) layer_count(1) sizes(0 0 0) strde(0) byte_stride(0) alloc_wh(0 0) internal_format(0x0) alloc_format(0x0) fd_count(1) plane_count(0)
08-24 14:43:47.376 24159 24159 I ViewRootImpl@16f1439[HorizontalListActivity]: [DP] dp(1) 1 android.view.ViewRootImpl.reportNextDraw:10957 android.view.ViewRootImpl.performTraversals:3845 android.view.ViewRootImpl.doTraversal:2618
08-24 14:43:47.376 24159 24159 I ViewRootImpl@16f1439[HorizontalListActivity]: [DP] pd() Asnyc report
08-24 14:43:47.377  4159 17194 D gralloc : [mali_gralloc_allocate] allocation successful
08-24 14:43:47.378  4159 17194 D gralloc : [mali_gralloc_allocate] begin
08-24 14:43:47.378  4159 17194 D gralloc : buffer_descriptor: wh(1080 2340) usage_pc(0x40000000000b00 0x40000000000b00) hal_format(0x1) layer_count(1) sizes(0 0 0) strde(0) byte_stride(0) alloc_wh(0 0) internal_format(0x0) alloc_format(0x0) fd_count(1) plane_count(0)
08-24 14:43:47.381  4226  4248 I Layer   : id=88514 removeFromCurrentState Surface(name=a71bb8f NavigationBar0)/@0x8f38906 - animation-leash#1 (79)
08-24 14:43:47.382  4226  4248 I Layer   : id=26 removeFromCurrentState a71bb8f NavigationBar0#0 (79)
08-24 14:43:47.382  4226  4248 I Layer   : id=36 removeFromCurrentState NavigationBar0$_4896#0 (79)
08-24 14:43:47.382  4226  4248 I Layer   : id=88513 removeFromCurrentState Surface(name=e455c2d StatusBar)/@0x2f65071 - animation-leash#1 (79)
08-24 14:43:47.382  4226  4248 I Layer   : id=26 addToCurrentState a71bb8f NavigationBar0#0 (79)
08-24 14:43:47.382  4226  4248 I Layer   : id=36 addToCurrentState NavigationBar0$_4896#0 (79)
08-24 14:43:47.383  4896  4896 D FaceWidgetMediaDataRepository: PlaybackState and Metadata is null. :: com.google.android.youtube
08-24 14:43:47.383  4159 17194 D gralloc : [mali_gralloc_allocate] allocation successful
08-24 14:43:47.383  4896  4896 D FaceWidgetMediaSessionManager: onPlaybackStateChanged() state = PlaybackState {state=1, position=0, buffered position=0, speed=1.0, updated=1322767920, actions=8192, custom actions=[], active item id=-1, error=null}
08-24 14:43:47.384  4896  4896 I PluginFaceWidgetMediaDataFactory: getBitmapFromMetadata null
08-24 14:43:47.384  4896  4896 D PluginFaceWidgetMediaDataFactory: Elapsed Time : 1
08-24 14:43:47.386  4585  4613 I SurfaceControl: nativeRelease nativeObject s[535579927264]
08-24 14:43:47.386  4585  4613 I SurfaceControl: nativeRelease nativeObject e[535579927264]
08-24 14:43:47.386  4585  4613 I SurfaceControl: nativeRelease nativeObject s[535556328032]
08-24 14:43:47.386  4585  4613 I SurfaceControl: nativeRelease nativeObject e[535556328032]
08-24 14:43:47.387  4226  5357 I SurfaceFlinger: id=88514 Removed Surface(name=a71bb8f NavigationBar0)/@0x8f38906 - animation-leash#1 (79)
08-24 14:43:47.387  4226  5357 I SurfaceFlinger: id=88513 Removed Surface(name=e455c2d StatusBar)/@0x2f65071 - animation-leash#1 (79)
08-24 14:43:47.387 24159 24159 I ViewRootImpl@16f1439[HorizontalListActivity]: [DP] pdf(0) 1 android.view.ViewRootImpl.lambda$performDraw$1$ViewRootImpl:4668 android.view.-$$Lambda$ViewRootImpl$DJd0VUYJgsebcnSohO6h8zc_ONI.run:6 android.os.Handler.handleCallback:938
08-24 14:43:47.387 24159 24159 I ViewRootImpl@16f1439[HorizontalListActivity]: [DP] rdf()
08-24 14:43:47.389 21625 21625 W YTPL.mediasession: MediaSession setActive(false)
08-24 14:43:47.393  4585  4613 D PkgPredictorService: pkg:com.example.dogglers activity:com.example.dogglers.HorizontalListActivity thisTime:365
08-24 14:43:47.393  4585  4613 D PkgPredictorService-Collector: update activity launch time: HorizontalListActivity : 365
08-24 14:43:47.393  4585  4613 I SemDvfsHyPerManager: acquire hyper - AMS_RESUME_TAIL/4585@18, type = -999
08-24 14:43:47.394  4585  4613 I SemDvfsHyPerManager: acquire hyper - AMS_ACT_LAZY/4585@19, type = -999
08-24 14:43:47.394  4896  4896 D FaceWidgetMediaDataRepository: [update] key : com.google.android.youtube|0|192289192, oldKey : com.google.android.youtube|0|192289192, media : com.google.android.youtube, sourceType : SESSION
08-24 14:43:47.394  4175  4211 I HYPER-HAL: [RequestManager.cpp]acquire(): Acquired ID : 10596124  [4585 / 18]    HINT : AMS_RESUME_TAIL    list :
08-24 14:43:47.394  4175  4211 I HYPER-HAL: [ResourceManager.cpp]updateResource(): [CPUMinFreq] UpdateResource Request ID : 10596124    Value : 1768000
08-24 14:43:47.395  4175  4211 I HYPER-HAL: [RequestManager.cpp]acquire(): Acquired ID : 10600729  [4585 / 19]    HINT :      list :
08-24 14:43:47.395  4896  4896 D FaceWidgetMediaDataRepository: PlaybackState and Metadata is null. :: com.google.android.youtube
08-24 14:43:47.395  4175  4211 E HYPER-HAL: [Request.cpp]acquire(): Request:: id : 10600729, No Resource to set
08-24 14:43:47.396  4175  4211 I HYPER-HAL: [ResourceManager.cpp]removeResource(): [CPUMinFreq] RemoveResource Request ID : 10651450
08-24 14:43:47.396  4175  4211 I HYPER-HAL: [RequestManager.cpp]releaseLocked(): Released ID : 10651450
08-24 14:43:47.397  4585  4617 D ArtManagerInternalImpl: /data/misc/iorapd/com.example.dogglers/1/com.example.dogglers.HorizontalListActivity/compiled_traces/compiled_trace.pb doesn't exist
08-24 14:43:47.397  4896  4896 D SecStatusBarMobileView: setStaticDrawableColor:
08-24 14:43:47.397  4896  4896 D SecStatusBarMobileView: setStaticDrawableColor:
08-24 14:43:47.398  4226  4226 I Layer   : id=88513[1] Destroyed Surface(name=e455c2d StatusBar)/@0x2f65071 - animation-leash#1
08-24 14:43:47.398  4226  4226 I Layer   : id=88514[1] Destroyed Surface(name=a71bb8f NavigationBar0)/@0x8f38906 - animation-leash#1
08-24 14:43:47.400  4585  7034 I InputDispatcher: Focus entered window (24159): 8c43876 in display 0 0
08-24 14:43:47.403  4896  4896 D FaceWidgetMusicViewModel: onChanged :: NULL
08-24 14:43:47.404  4896  4896 I FaceWidgetMusicViewModel: getMediaButtonReceiverPackageName() - soundAssistant : com.google.android.youtube, Settings : org.telegram.plus/org.telegram.messenger.voip.VoIPMediaButtonReceiver,0,1
08-24 14:43:47.405  4585  4613 D ViewRootImpl@f3f89ec[dogglers]: dispatchDetachedFromWindow: reset blurmask
08-24 14:43:47.405  4585  4613 I ViewRootImpl@f3f89ec[dogglers]: dispatchDetachedFromWindow
08-24 14:43:47.406  4585  4613 I SurfaceControl: nativeRelease nativeObject s[537628419424]
08-24 14:43:47.406  4585  4613 I SurfaceControl: nativeRelease nativeObject e[537628419424]
08-24 14:43:47.406  4585  4613 D InputTransport: Input channel destroyed: '29bd1b5', fd=676
08-24 14:43:47.408  4585  4617 I ActivityTaskManager: Displayed com.example.dogglers/.HorizontalListActivity: +365ms
08-24 14:43:47.408  4226  5359 I SurfaceFlinger: id=88519 createSurf (0x0),-1 flag=24000, Surface(name=29bd1b5 Splash Screen com.example.dogglers)/@0x24affa - animation-leash#0
08-24 14:43:47.411  4896  4896 D FaceWidgetMediaDataDAO: launch package intent
08-24 14:43:47.412  4896  4896 D FaceWidgetViewModel: onChanged
08-24 14:43:47.412  4896  4896 D FaceWidgetViewModel: updateMusicPageShownState() show = false, reattach = false, reason = clear
08-24 14:43:47.412  4896  4896 D FaceWidgetViewModel: skip to show media panel
08-24 14:43:47.412  4896  4896 D FaceWidgetMediaSessionManager: onPlaybackStateChanged() state = PlaybackState {state=1, position=0, buffered position=0, speed=1.0, updated=1322767960, actions=8192, custom actions=[], active item id=-1, error=null}
08-24 14:43:47.413  4896  4896 I PluginFaceWidgetMediaDataFactory: getBitmapFromMetadata null
08-24 14:43:47.413  4896  4896 D PluginFaceWidgetMediaDataFactory: Elapsed Time : 1
08-24 14:43:47.415  4896  4896 D FaceWidgetMediaDataRepository: [update] key : com.google.android.youtube|0|192289192, oldKey : com.google.android.youtube|0|192289192, media : com.google.android.youtube, sourceType : SESSION
08-24 14:43:47.416  4585  4613 D InputTransport: Input channel destroyed: '29bd1b5', fd=678
08-24 14:43:47.425  4896  4896 D FaceWidgetMediaDataRepository: PlaybackState and Metadata is null. :: com.google.android.youtube
08-24 14:43:47.425  4896  4896 D FaceWidgetMediaSessionManager: onMetadataChanged() metadata = null
08-24 14:43:47.426  4896  4896 I PluginFaceWidgetMediaDataFactory: getBitmapFromMetadata null
08-24 14:43:47.426  4896  4896 D PluginFaceWidgetMediaDataFactory: Elapsed Time : 1
08-24 14:43:47.428  4896  4896 D FaceWidgetMediaDataRepository: [update] key : com.google.android.youtube|0|192289192, oldKey : com.google.android.youtube|0|192289192, media : com.google.android.youtube, sourceType : SESSION
08-24 14:43:47.432  4896  4896 D FaceWidgetMediaDataRepository: PlaybackState and Metadata is null. :: com.google.android.youtube
08-24 14:43:47.434  4896  4896 D SecStatusBarMobileView: setStaticDrawableColor:
08-24 14:43:47.434  4896  4896 D SecStatusBarMobileView: setStaticDrawableColor:
08-24 14:43:47.443 24159 24159 I ViewRootImpl@16f1439[HorizontalListActivity]: MSG_WINDOW_FOCUS_CHANGED 1 1
08-24 14:43:47.443 24159 24159 D InputMethodManager: prepareNavigationBarInfo() DecorView@4541f82[HorizontalListActivity]
08-24 14:43:47.443 24159 24159 D InputMethodManager: getNavigationBarColor() -855310
08-24 14:43:47.445 24159 24159 D InputMethodManager: prepareNavigationBarInfo() DecorView@4541f82[HorizontalListActivity]
08-24 14:43:47.445 24159 24159 D InputMethodManager: getNavigationBarColor() -855310
08-24 14:43:47.445 24159 24159 V InputMethodManager: Starting input: tba=com.example.dogglers ic=null mNaviBarColor -855310 mIsGetNaviBarColorSuccess true , NavVisible : true , NavTrans : false
08-24 14:43:47.446 24159 24159 D InputMethodManager: startInputInner - Id : 0
08-24 14:43:47.446 24159 24159 I InputMethodManager: startInputInner - mService.startInputOrWindowGainedFocus
08-24 14:43:47.447  4585  8021 D InputMethodManagerService: mSecureKeypadEnabled = false
08-24 14:43:47.447  4585  8021 V InputMethodManagerService: hideCurrentInputLocked : shouldHideSoftInput is false
08-24 14:43:47.447  4585  8021 D InputMethodManagerService: mDesktopModeManager null!
