08-24 14:43:45.139  4226  4248 I SurfaceFlinger: id=88452 createSurf (0x0),-1 flag=80004, ActivityRecord{5730ce3 u0 com.example.dogglers/androidx.test.core.app.InstrumentationActivityInvoker$EmptyActivity t1569}#0
08-24 14:43:45.139  4175  4211 I HYPER-HAL: [ResourceManager.cpp]updateResource(): [CPUMinFreq] UpdateResource Request ID : 10586917    Value : 2314000
08-24 14:43:45.139 24159 24159 D LifecycleMonitor: Lifecycle status change: com.example.dogglers.GridListActivity@77ee9de in: STOPPED
08-24 14:43:45.140 24159 24159 V ActivityScenario: Update currentActivityStage to STOPPED, currentActivity=com.example.dogglers.GridListActivity@77ee9de
08-24 14:43:45.142 24159 24159 D LifecycleMonitor: Lifecycle status change: com.example.dogglers.GridListActivity@77ee9de in: DESTROYED
08-24 14:43:45.143 24159 24159 V ActivityScenario: Update currentActivityStage to DESTROYED, currentActivity=null
08-24 14:43:45.147 24159 24159 I ViewRootImpl@a4225f2[GridListActivity]: dispatchDetachedFromWindow
08-24 14:43:45.148  4585  7040 D InputTransport: Input channel destroyed: '6fa658f', fd=710
08-24 14:43:45.149  4585  7040 I SurfaceControl: nativeRelease nativeObject s[535579926880]
08-24 14:43:45.149  4585  7040 I SurfaceControl: nativeRelease nativeObject e[535579926880]
08-24 14:43:45.149  4585  7040 D WindowManager: isScreenshotDisabledLocked - win: Window{6fa658f u0 com.example.dogglers/com.example.dogglers.GridListActivity}
08-24 14:43:45.149  4585  7040 D WindowManager: isScreenshotDisabledLocked: userId = 0, disabled =false
08-24 14:43:45.149  4585  7040 I SurfaceControl: nativeRelease nativeObject s[535556336288]
08-24 14:43:45.149  4585  7040 I SurfaceControl: nativeRelease nativeObject e[535556336288]
08-24 14:43:45.149  4226  4601 I SurfaceFlinger: id=88453 createSurf (0x0),-1 flag=24004, Surface(name=a3a0629 InputMethod)/@0x54f474f - animation-leash#0
08-24 14:43:45.150  4585  7040 I SurfaceControl: nativeRelease nativeObject s[535567044576]
08-24 14:43:45.150  4585  7040 I SurfaceControl: nativeRelease nativeObject e[535567044576]
08-24 14:43:45.150  4226  4601 I Layer   : id=88442 removeFromCurrentState com.example.dogglers/com.example.dogglers.GridListActivity$_24159#0 (79)
08-24 14:43:45.151  4226  4601 I SurfaceFlinger: id=88442 Removed com.example.dogglers/com.example.dogglers.GridListActivity$_24159#0 (79)
08-24 14:43:45.152  4226  4601 I Layer   : id=88441 removeFromCurrentState 6fa658f com.example.dogglers/com.example.dogglers.GridListActivity#0 (79)
08-24 14:43:45.152  4226  4601 I Layer   : id=88446 removeFromCurrentState Surface(name=a3a0629 InputMethod)/@0x54f474f - animation-leash#1 (79)
08-24 14:43:45.153  4226  4601 I SurfaceFlinger: id=88441 Removed 6fa658f com.example.dogglers/com.example.dogglers.GridListActivity#0 (79)
08-24 14:43:45.153 24159 24159 D InputTransport: Input channel destroyed: '6fa658f', fd=80
08-24 14:43:45.155  4585  7112 I SurfaceControl: nativeRelease nativeObject s[535556337248]
08-24 14:43:45.155  4585  7112 I SurfaceControl: nativeRelease nativeObject e[535556337248]
08-24 14:43:45.158  4226  4601 I Layer   : id=88440 removeFromCurrentState ActivityRecord{7466a4a u0 com.example.dogglers/.GridListActivity t1569}#0 (79)
08-24 14:43:45.158  4226  4601 I SurfaceFlinger: id=88440 Removed ActivityRecord{7466a4a u0 com.example.dogglers/.GridListActivity t1569}#0 (79)
08-24 14:43:45.159  4226  4226 I Layer   : id=88440[1] Destroyed ActivityRecord{7466a4a u0 com.example.dogglers/.GridListActivity t1569}#0
08-24 14:43:45.159  4226  4226 I Layer   : id=88441[1] Destroyed 6fa658f com.example.dogglers/com.example.dogglers.GridListActivity#0
08-24 14:43:45.159 24159 24159 I ViewRootImpl@a42df91[InstrumentationActivityInvoker$EmptyActivity]: MSG_WINDOW_FOCUS_CHANGED 1 1
08-24 14:43:45.159  4226  4226 I Layer   : id=88442[1] Destroyed com.example.dogglers/com.example.dogglers.GridListActivity$_24159#0
08-24 14:43:45.159 24159 24159 D InputMethodManager: prepareNavigationBarInfo() DecorView@d21fa2a[InstrumentationActivityInvoker$EmptyActivity]
08-24 14:43:45.159 24159 24159 D InputMethodManager: getNavigationBarColor() -855310
08-24 14:43:45.160 24159 24159 D InputMethodManager: prepareNavigationBarInfo() DecorView@d21fa2a[InstrumentationActivityInvoker$EmptyActivity]
08-24 14:43:45.160 24159 24159 D InputMethodManager: getNavigationBarColor() -855310
08-24 14:43:45.160 24159 24159 V InputMethodManager: Starting input: tba=com.example.dogglers ic=null mNaviBarColor -855310 mIsGetNaviBarColorSuccess true , NavVisible : true , NavTrans : false
08-24 14:43:45.160 24159 24159 D InputMethodManager: startInputInner - Id : 0
08-24 14:43:45.160 24159 24159 I InputMethodManager: startInputInner - mService.startInputOrWindowGainedFocus
08-24 14:43:45.161  4585  7096 D InputMethodManagerService: mSecureKeypadEnabled = false
08-24 14:43:45.161  4585  7096 V InputMethodManagerService: hideCurrentInputLocked : shouldHideSoftInput is false
08-24 14:43:45.162  4585  7096 D InputMethodManagerService: mDesktopModeManager null!
08-24 14:43:45.162  4585  7096 V InputMethodManagerService: getDisplayIdOfInputMethodWindowToBeAdded : 0
08-24 14:43:45.162  4585  7096 D InputMethodManagerService: checkDisplayOfStartInputAndUpdateKeyboard display Id 0last 0
08-24 14:43:45.162  4585  7096 D InputTransport: Input channel constructed: 'ClientS', fd=710
08-24 14:43:45.162  4585  7096 D InputTransport: Input channel destroyed: 'ClientS', fd=710
08-24 14:43:45.163 24159 24159 D InputTransport: Input channel constructed: 'ClientS', fd=80
08-24 14:43:45.163 24159 24159 D InputTransport: Input channel destroyed: 'ClientS', fd=89
08-24 14:43:45.165 24159 24159 D LifecycleMonitor: Lifecycle status change: androidx.test.core.app.InstrumentationActivityInvoker$EmptyActivity@a2f364b in: PAUSED
08-24 14:43:45.166 24159 24159 V ActivityScenario: Activity lifecycle changed event received but ignored because the intent does not match. startActivityIntent=Intent { act=android.intent.action.MAIN cat=[android.intent.category.LAUNCHER] cmp=com.example.dogglers/.GridListActivity }, activity.getIntent()=Intent { act=android.intent.action.MAIN cat=[android.intent.category.LAUNCHER] flg=0x10000000 cmp=com.example.dogglers/androidx.test.core.app.InstrumentationActivityInvoker$EmptyActivity }, activity=androidx.test.core.app.InstrumentationActivityInvoker$EmptyActivity@a2f364b
08-24 14:43:45.167  4585  7112 I SurfaceControl: nativeRelease nativeObject s[535556864160]
08-24 14:43:45.167  4585  7112 I SurfaceControl: nativeRelease nativeObject e[535556864160]
08-24 14:43:45.167  4226  4601 I SurfaceFlinger: id=88454 createSurf (0x0),-1 flag=24004, Surface(name=a3a0629 InputMethod)/@0x54f474f - animation-leash#1
08-24 14:43:45.169  7388  7388 I HBD     : HoneyBoardService onFinishInput
08-24 14:43:45.170  4585  7096 V WindowOrientationListener: getProposedRotation: -1
08-24 14:43:45.170  4585  7096 V WindowOrientationListener: getProposedRotation: -1
08-24 14:43:45.170  7388  7388 I HBD     : a IC have been unbinded,  InputConnectionWrapper{idHash=#fc8e0b1 mMissingMethods=}
08-24 14:43:45.171  7388  7388 I HBD     : HoneyBoardService [PF_CL][onFinishInput]  1773000 ns
08-24 14:43:45.171  7388  7388 I HBD     : HoneyBoardService [IMI] onStartInput - caller pid : 24159 , caller uid : 10574
08-24 14:43:45.171  7388  7388 I HBD     : i updateConfigs
08-24 14:43:45.171  7388  7388 I HBD     : i isEnabledNightMode : false
08-24 14:43:45.171  4585  7096 V WindowOrientationListener: getProposedRotation: -1
08-24 14:43:45.171  7388  7388 I HBD     : a IC have been binded, InputConnectionWrapper{idHash=#fc8e0b1 mMissingMethods=}
08-24 14:43:45.171  7388  7388 I HBD     : h [EditorInputType]setPrivateImeOptionsToTable privateImeOptions ( null )
08-24 14:43:45.172  7388  7388 I HBD     : b incognitoMode : false
08-24 14:43:45.172  7388  7388 I HBD     : a needOff = true , isForceOff = false, isNullInputClass : true
08-24 14:43:45.173  7388  7388 I HBD     : h getDefaultInputRange : UNKNOWN
08-24 14:43:45.173  4585  7096 D InputDispatcher: Focused application set to (0): 5730ce3
08-24 14:43:45.173  7388  7388 I HBD     : h getDefaultInputRange : UNKNOWN
08-24 14:43:45.173  7388  7388 I HBD     : h getDefaultInputRange : UNKNOWN
08-24 14:43:45.179  4226  5359 I Layer   : id=88453 removeFromCurrentState Surface(name=a3a0629 InputMethod)/@0x54f474f - animation-leash#0 (77)
08-24 14:43:45.179  4585  7112 D SdpManagerService: Not an enterprise user : 0
08-24 14:43:45.179  4585  7112 D SdpManagerService: Not an enterprise user : 0
08-24 14:43:45.185 24159 24159 D LifecycleMonitor: Lifecycle status change: androidx.test.core.app.InstrumentationActivityInvoker$BootstrapActivity@c4266c7 in: DESTROYED
08-24 14:43:45.186 24159 24159 V ActivityScenario: Activity lifecycle changed event received but ignored because the intent does not match. startActivityIntent=Intent { act=android.intent.action.MAIN cat=[android.intent.category.LAUNCHER] cmp=com.example.dogglers/.GridListActivity }, activity.getIntent()=Intent { act=android.intent.action.MAIN cat=[android.intent.category.LAUNCHER] flg=0x10008000 cmp=com.example.dogglers/androidx.test.core.app.InstrumentationActivityInvoker$BootstrapActivity (has extras) }, activity=androidx.test.core.app.InstrumentationActivityInvoker$BootstrapActivity@c4266c7
08-24 14:43:45.187  4585  7112 I SurfaceControl: nativeRelease nativeObject s[535558903808]
08-24 14:43:45.187  4585  7112 I SurfaceControl: nativeRelease nativeObject e[535558903808]
08-24 14:43:45.191  4226  5359 I Layer   : id=88430 removeFromCurrentState ActivityRecord{7e5ff00 u0 com.example.dogglers/androidx.test.core.app.InstrumentationActivityInvoker$BootstrapActivity t1569}#0 (77)
08-24 14:43:45.191  4226  5359 I SurfaceFlinger: id=88430 Removed ActivityRecord{7e5ff00 u0 com.example.dogglers/androidx.test.core.app.InstrumentationActivityInvoker$BootstrapActivity t1569}#0 (77)
08-24 14:43:45.193  4226  4226 I Layer   : id=88430[1] Destroyed ActivityRecord{7e5ff00 u0 com.example.dogglers/androidx.test.core.app.InstrumentationActivityInvoker$BootstrapActivity t1569}#0
08-24 14:43:45.194  4585  7113 I InputDispatcher: Focus left window (24159): 83ca829 in display 0 0
08-24 14:43:45.196  7388  7388 I HBD     : h getDefaultInputRange : UNKNOWN
08-24 14:43:45.196 24159 24159 D LifecycleMonitor: Lifecycle status change: androidx.test.core.app.InstrumentationActivityInvoker$EmptyActivity@fa8efc9 in: PRE_ON_CREATE
08-24 14:43:45.196  7388  7388 I HBD     : a currentState : 0
08-24 14:43:45.196 24159 24159 V ActivityScenario: Activity lifecycle changed event received but ignored because the intent does not match. startActivityIntent=Intent { act=android.intent.action.MAIN cat=[android.intent.category.LAUNCHER] cmp=com.example.dogglers/.GridListActivity }, activity.getIntent()=Intent { act=android.intent.action.MAIN cat=[android.intent.category.LAUNCHER] flg=0x10000000 cmp=com.example.dogglers/androidx.test.core.app.InstrumentationActivityInvoker$EmptyActivity }, activity=androidx.test.core.app.InstrumentationActivityInvoker$EmptyActivity@fa8efc9
08-24 14:43:45.198  7388  7388 I HBD     : h load selected json info : {"version":"1.0","currentLanguageOrder":0,"selected":[{"activeOptionList":["auto_replace","auto_spacing"],"engName":"Russian","id":3342336,"inputType":"qwerty","isUsed":true},{"activeOptionList":["auto_replace","auto_spacing"],"engName":"English","id":65537,"inputType":"qwerty","isUsed":true}]}
08-24 14:43:45.199  7388  7388 I HBD     : a [UpdatePolicy] [post] a: 0 cl: 3342336 kit: [0/0] vt: 0 ir: 1
08-24 14:43:45.200  7388  7388 I HBD     : HoneyBoardService [PF_OP][onStartInput]  29280730 ns
08-24 14:43:45.207 24159 24159 I DecorView: [INFO] isPopOver=false, config=true
08-24 14:43:45.207 24159 24159 I DecorView: updateCaptionType >> DecorView@f9759ef[], isFloating=false, isApplication=true, hasWindowDecorCaption=false, hasWindowControllerCallback=true
08-24 14:43:45.207 24159 24159 D DecorView: setCaptionType = 0, this = DecorView@f9759ef[]
08-24 14:43:45.215 24159 24159 D LifecycleMonitor: Lifecycle status change: androidx.test.core.app.InstrumentationActivityInvoker$EmptyActivity@fa8efc9 in: CREATED
08-24 14:43:45.215 24159 24159 V ActivityScenario: Activity lifecycle changed event received but ignored because the intent does not match. startActivityIntent=Intent { act=android.intent.action.MAIN cat=[android.intent.category.LAUNCHER] cmp=com.example.dogglers/.GridListActivity }, activity.getIntent()=Intent { act=android.intent.action.MAIN cat=[android.intent.category.LAUNCHER] flg=0x10000000 cmp=com.example.dogglers/androidx.test.core.app.InstrumentationActivityInvoker$EmptyActivity }, activity=androidx.test.core.app.InstrumentationActivityInvoker$EmptyActivity@fa8efc9
08-24 14:43:45.218 24159 24159 D LifecycleMonitor: Lifecycle status change: androidx.test.core.app.InstrumentationActivityInvoker$EmptyActivity@fa8efc9 in: STARTED
08-24 14:43:45.218 24159 24159 V ActivityScenario: Activity lifecycle changed event received but ignored because the intent does not match. startActivityIntent=Intent { act=android.intent.action.MAIN cat=[android.intent.category.LAUNCHER] cmp=com.example.dogglers/.GridListActivity }, activity.getIntent()=Intent { act=android.intent.action.MAIN cat=[android.intent.category.LAUNCHER] flg=0x10000000 cmp=com.example.dogglers/androidx.test.core.app.InstrumentationActivityInvoker$EmptyActivity }, activity=androidx.test.core.app.InstrumentationActivityInvoker$EmptyActivity@fa8efc9
08-24 14:43:45.237 24159 24159 D LifecycleMonitor: Lifecycle status change: androidx.test.core.app.InstrumentationActivityInvoker$EmptyActivity@fa8efc9 in: RESUMED
08-24 14:43:45.238 24159 24159 V ActivityScenario: Activity lifecycle changed event received but ignored because the intent does not match. startActivityIntent=Intent { act=android.intent.action.MAIN cat=[android.intent.category.LAUNCHER] cmp=com.example.dogglers/.GridListActivity }, activity.getIntent()=Intent { act=android.intent.action.MAIN cat=[android.intent.category.LAUNCHER] flg=0x10000000 cmp=com.example.dogglers/androidx.test.core.app.InstrumentationActivityInvoker$EmptyActivity }, activity=androidx.test.core.app.InstrumentationActivityInvoker$EmptyActivity@fa8efc9
08-24 14:43:45.242  4585  7113 D InputTransport: Input channel constructed: '98c0b2f', fd=724
08-24 14:43:45.242  4585  7113 D InputTransport: Input channel constructed: '98c0b2f', fd=726
08-24 14:43:45.242  4226  5359 I SurfaceFlinger: id=88455 createSurf (0x0),-1 flag=80004, 98c0b2f com.example.dogglers/androidx.test.core.app.InstrumentationActivityInvoker$EmptyActivity#0
08-24 14:43:45.243  4585  7113 D WindowManager: isScreenshotDisabledLocked - win: Window{98c0b2f u0 com.example.dogglers/androidx.test.core.app.InstrumentationActivityInvoker$EmptyActivity}
08-24 14:43:45.243  4585  7113 D WindowManager: isScreenshotDisabledLocked: userId = 0, disabled =false
08-24 14:43:45.244  4585  7113 D InputTransport: Input channel destroyed: '98c0b2f', fd=726
08-24 14:43:45.244 24159 24159 D InputTransport: Input channel constructed: '98c0b2f', fd=89
08-24 14:43:45.246 24159 24159 I ViewRootImpl@cc541da[InstrumentationActivityInvoker$EmptyActivity]: setView = com.android.internal.policy.DecorView@f9759ef TM=true
08-24 14:43:45.249  4585  7113 D SamsungIMMSHWKeyboard: isConnectedDexOnPC false
08-24 14:43:45.249 24159 24159 I SurfaceControl: nativeRelease nativeObject s[537816936672]
08-24 14:43:45.249 24159 24159 I SurfaceControl: nativeRelease nativeObject e[537816936672]
08-24 14:43:45.250 24159 24159 I SurfaceControl: nativeRelease nativeObject s[536151026432]
08-24 14:43:45.250 24159 24159 I SurfaceControl: nativeRelease nativeObject e[536151026432]
08-24 14:43:45.250  4585  7113 D InputMethodManagerService: isImeSwitcherDisabledPackage : false
08-24 14:43:45.254  4585  7112 V WindowManager: Relayout Window{98c0b2f u0 com.example.dogglers/androidx.test.core.app.InstrumentationActivityInvoker$EmptyActivity}: viewVisibility=0 req=1080x2340
08-24 14:43:45.257  4585  7112 D WindowManager: isScreenshotDisabledLocked - win: Window{98c0b2f u0 com.example.dogglers/androidx.test.core.app.InstrumentationActivityInvoker$EmptyActivity}
08-24 14:43:45.257  4585  7112 D WindowManager: isScreenshotDisabledLocked: userId = 0, disabled =false
08-24 14:43:45.257  4226  4601 I SurfaceFlinger: id=88456 createSurf (1080x2340),1 flag=404, com.example.dogglers/androidx.test.core.app.InstrumentationActivityInvoker$EmptyActivity$_24159#1
08-24 14:43:45.261  4585  7112 I SurfaceControl: nativeRelease nativeObject s[535557020160]
08-24 14:43:45.261  4585  7112 I SurfaceControl: nativeRelease nativeObject e[535557020160]
08-24 14:43:45.263  4226  4601 I SurfaceFlinger: id=88457 createSurf (0x0),-1 flag=24000, Surface(name=e455c2d StatusBar)/@0x2f65071 - animation-leash#0
08-24 14:43:45.264  9865  9865 I TrayStateController: systemUiVisibilityChanged : 0 0
08-24 14:43:45.264  4585  7112 I SurfaceControl: nativeRelease nativeObject s[535557020448]
08-24 14:43:45.264  4585  7112 I SurfaceControl: nativeRelease nativeObject e[535557020448]
08-24 14:43:45.264  4226  4601 I SurfaceFlinger: id=88458 createSurf (0x0),-1 flag=24000, Surface(name=a71bb8f NavigationBar0)/@0x8f38906 - animation-leash#0
08-24 14:43:45.271  4585  7112 V WindowManager: Relayout hash=98c0b2f, pid=24159: mAttrs={(0,0)(fillxfill) sim={adjust=pan forwardNavigation} ty=BASE_APPLICATION wanim=0x1030001
08-24 14:43:45.271  4585  7112 V WindowManager:   fl=1810100
08-24 14:43:45.271  4585  7112 V WindowManager:   pfl=12020000
08-24 14:43:45.271  4585  7112 V WindowManager:   apr=LIGHT_NAVIGATION_BARS
08-24 14:43:45.271  4585  7112 V WindowManager:   fitSides= naviIconColor=0
08-24 14:43:45.271  4585  7112 V WindowManager:   sfl=100000}
08-24 14:43:45.272  4585  7112 I SurfaceControl: nativeRelease nativeObject s[535581077856]
08-24 14:43:45.272  4585  7112 I SurfaceControl: nativeRelease nativeObject e[535581077856]
08-24 14:43:45.272  4226  5359 I Layer   : id=88450 removeFromCurrentState Surface(name=e455c2d StatusBar)/@0x2f65071 - animation-leash#1 (80)
08-24 14:43:45.273  4226  5359 I Layer   : id=88451 removeFromCurrentState Surface(name=a71bb8f NavigationBar0)/@0x8f38906 - animation-leash#1 (80)
08-24 14:43:45.273 24159 24159 I SurfaceControl: assignNativeObject: nativeObject = 0 Surface(name=null)/@0x2a9a60b / android.view.SurfaceControl.readFromParcel:1117 android.view.IWindowSession$Stub$Proxy.relayout:1820 android.view.ViewRootImpl.relayoutWindow:9005 android.view.ViewRootImpl.performTraversals:3360 android.view.ViewRootImpl.doTraversal:2618 android.view.ViewRootImpl$TraversalRunnable.run:9971 android.view.Choreographer$CallbackRecord.run:1010 android.view.Choreographer.doCallbacks:809 android.view.Choreographer.doFrame:744 android.view.Choreographer$FrameDisplayEventReceiver.run:995
08-24 14:43:45.274 24159 24159 I ViewRootImpl@cc541da[InstrumentationActivityInvoker$EmptyActivity]: Relayout returned: old=(0,0,1080,2340) new=(0,0,1080,2340) req=(1080,2340)0 dur=19 res=0x7 s={true 535692890112} ch=true fn=-1
08-24 14:43:45.280 24159 24159 I ViewRootImpl@cc541da[InstrumentationActivityInvoker$EmptyActivity]: [DP] dp(1) 1 android.view.ViewRootImpl.reportNextDraw:10957 android.view.ViewRootImpl.performTraversals:3845 android.view.ViewRootImpl.doTraversal:2618
08-24 14:43:45.280 24159 24159 I ViewRootImpl@cc541da[InstrumentationActivityInvoker$EmptyActivity]: [DP] pd() Asnyc report
08-24 14:43:45.281  4159 17194 D gralloc : [mali_gralloc_allocate] begin
08-24 14:43:45.282  4159 17194 D gralloc : buffer_descriptor: wh(1080 2340) usage_pc(0x40000000000b00 0x40000000000b00) hal_format(0x1) layer_count(1) sizes(0 0 0) strde(0) byte_stride(0) alloc_wh(0 0) internal_format(0x0) alloc_format(0x0) fd_count(1) plane_count(0)
08-24 14:43:45.288  4159 17194 D gralloc : [mali_gralloc_allocate] allocation successful
08-24 14:43:45.290  4159 17194 D gralloc : [mali_gralloc_allocate] begin
08-24 14:43:45.290  4159 17194 D gralloc : buffer_descriptor: wh(1080 2340) usage_pc(0x40000000000b00 0x40000000000b00) hal_format(0x1) layer_count(1) sizes(0 0 0) strde(0) byte_stride(0) alloc_wh(0 0) internal_format(0x0) alloc_format(0x0) fd_count(1) plane_count(0)
08-24 14:43:45.294 24159 24159 I ViewRootImpl@cc541da[InstrumentationActivityInvoker$EmptyActivity]: [DP] pdf(0) 1 android.view.ViewRootImpl.lambda$performDraw$1$ViewRootImpl:4668 android.view.-$$Lambda$ViewRootImpl$DJd0VUYJgsebcnSohO6h8zc_ONI.run:6 android.os.Handler.handleCallback:938
08-24 14:43:45.294 24159 24159 I ViewRootImpl@cc541da[InstrumentationActivityInvoker$EmptyActivity]: [DP] rdf()
08-24 14:43:45.295 24159 24159 I ViewRootImpl@a42df91[InstrumentationActivityInvoker$EmptyActivity]: MSG_WINDOW_FOCUS_CHANGED 0 1
08-24 14:43:45.297  4159 17194 D gralloc : [mali_gralloc_allocate] allocation successful
08-24 14:43:45.298  4159 17194 D gralloc : [mali_gralloc_allocate] begin
08-24 14:43:45.299  4159 17194 D gralloc : buffer_descriptor: wh(1080 2340) usage_pc(0x40000000000b00 0x40000000000b00) hal_format(0x1) layer_count(1) sizes(0 0 0) strde(0) byte_stride(0) alloc_wh(0 0) internal_format(0x0) alloc_format(0x0) fd_count(1) plane_count(0)
08-24 14:43:45.300  4585  4613 D PkgPredictorService: pkg:com.example.dogglers activity:androidx.test.core.app.InstrumentationActivityInvoker$EmptyActivity thisTime:163
08-24 14:43:45.302  4585  4613 I SemDvfsHyPerManager: acquire hyper - AMS_RESUME_TAIL/4585@18, type = -999
08-24 14:43:45.302  4585  4613 I SemDvfsHyPerManager: acquire hyper - AMS_ACT_LAZY/4585@19, type = -999
08-24 14:43:45.304  4159 17194 D gralloc : [mali_gralloc_allocate] allocation successful
08-24 14:43:45.305  4175  4211 I HYPER-HAL: [RequestManager.cpp]acquire(): Acquired ID : 10596124  [4585 / 18]    HINT : AMS_RESUME_TAIL    list :
08-24 14:43:45.305  4175  4211 I HYPER-HAL: [ResourceManager.cpp]updateResource(): [CPUMinFreq] UpdateResource Request ID : 10596124    Value : 1768000
08-24 14:43:45.306  4175  4211 I HYPER-HAL: [RequestManager.cpp]acquire(): Acquired ID : 10600729  [4585 / 19]    HINT :      list :
08-24 14:43:45.306  4175  4211 E HYPER-HAL: [Request.cpp]acquire(): Request:: id : 10600729, No Resource to set
08-24 14:43:45.306  4175  4211 I HYPER-HAL: [ResourceManager.cpp]removeResource(): [CPUMinFreq] RemoveResource Request ID : 10586917
08-24 14:43:45.306  4175  4211 I HYPER-HAL: [RequestManager.cpp]releaseLocked(): Released ID : 10586917
08-24 14:43:45.309  4585  4617 I ActivityTaskManager: Displayed com.example.dogglers/androidx.test.core.app.InstrumentationActivityInvoker$EmptyActivity: +163ms
08-24 14:43:45.310  4585  7096 I InputDispatcher: Focus entered window (24159): 98c0b2f in display 0 0
08-24 14:43:45.310 24159 24159 I SurfaceControl: nativeRelease nativeObject s[537830057024]
08-24 14:43:45.310 24159 24159 I SurfaceControl: nativeRelease nativeObject e[537830057024]
08-24 14:43:45.310 24159 24159 I SurfaceControl: nativeRelease nativeObject s[537830056640]
08-24 14:43:45.310 24159 24159 I SurfaceControl: nativeRelease nativeObject e[537830056640]
08-24 14:43:45.310 24159 24159 I SurfaceControl: nativeRelease nativeObject s[537830060000]
08-24 14:43:45.310 24159 24159 I SurfaceControl: nativeRelease nativeObject e[537830060000]
08-24 14:43:45.311  4226  4251 I SurfaceFlinger: id=88451 Removed Surface(name=a71bb8f NavigationBar0)/@0x8f38906 - animation-leash#1 (80)
08-24 14:43:45.311  4226  4251 I SurfaceFlinger: id=88450 Removed Surface(name=e455c2d StatusBar)/@0x2f65071 - animation-leash#1 (80)
08-24 14:43:45.317  4226  4226 D SurfaceFlinger: Display 0 HWC layers:
08-24 14:43:45.317  4226  4226 D SurfaceFlinger:      DEVICE | 0x77ce817700 | 0002 | RGBA_8888    |    0.0    0.0 1080.0 2340.0 |    0    0 1080 2340 | com.example.dogglers/androidx.test.c[...]tivityInvoker$EmptyActivity$_24159#1
08-24 14:43:45.317  4226  4226 D SurfaceFlinger:      DEVICE | 0x77ce815e00 | 0000 | RGBA_8888    |    0.0    0.0 1080.0   83.0 |    0    0 1080   83 | StatusBar$_4896#0
08-24 14:43:45.317  4226  4226 D SurfaceFlinger:      DEVICE | 0x77ce8157c0 | 0000 | RGBA_8888    |    0.0    0.0   67.0  342.0 |    0  746   67 1088 | com.samsung.android.app.cocktailbars[...]arservice.CocktailBarService$_9865#0
08-24 14:43:45.317  4226  4226 D SurfaceFlinger:      DEVICE | 0x7851238200 | 0000 | RGBA_8888    |    0.0    0.0  388.0   39.0 |  692 2301 1080 2340 | SGestureOverlayWindow$_5408#0
08-24 14:43:45.317  4226  4226 D SurfaceFlinger:      DEVICE | 0x77ce816800 | 0000 | RGBA_8888    |    0.0    0.0 1080.0  126.0 |    0 2214 1080 2340 | NavigationBar0$_4896#0
08-24 14:43:45.317  4226  4226 D SurfaceFlinger:      DEVICE | 0x77ce814b40 | 0000 | RGBA_8888    |    0.0    0.0 1080.0  151.0 |    0    0 1080  151 | ScreenDecorOverlay$_4896#0
08-24 14:43:45.317  4226  4226 D SurfaceFlinger:      DEVICE | 0x77ce817d40 | 0000 | RGBA_8888    |    0.0    0.0 1080.0  151.0 |    0 2189 1080 2340 | ScreenDecorOverlayBottom$_
08-24 14:43:45.317  4226  4226 D SurfaceFlinger: 4896#0
08-24 14:43:45.317  4226  4226 D SurfaceFlinger:
08-24 14:43:45.326  4226  4226 I Layer   : id=88450[1] Destroyed Surface(name=e455c2d StatusBar)/@0x2f65071 - animation-leash#1
08-24 14:43:45.326  4226  4226 I Layer   : id=88451[1] Destroyed Surface(name=a71bb8f NavigationBar0)/@0x8f38906 - animation-leash#1
08-24 14:43:45.330  4226  5359 E BufferQueueProducer: [com.example.dogglers/androidx.test.core.app.InstrumentationActivityInvoker$EmptyActivity$_24159#0](id:108200004952,api:0,p:-1,c:4226) disconnect: not connected (req=1)
08-24 14:43:45.331 24159 24214 W libEGL  : EGLNativeWindowType 0x7cb779b010 disconnect failed
08-24 14:43:45.332  4585  7112 V WindowManager: Relayout Window{83ca829 u0 com.example.dogglers/androidx.test.core.app.InstrumentationActivityInvoker$EmptyActivity}: viewVisibility=8 req=1080x2340
08-24 14:43:45.336  4585  7112 V WindowManager: Relayout hash=83ca829, pid=24159: mAttrs={(0,0)(fillxfill) sim={adjust=pan forwardNavigation} ty=BASE_APPLICATION wanim=0x1030001
08-24 14:43:45.336  4585  7112 V WindowManager:   fl=1810100
08-24 14:43:45.336  4585  7112 V WindowManager:   pfl=12020000
08-24 14:43:45.336  4585  7112 V WindowManager:   apr=LIGHT_NAVIGATION_BARS
08-24 14:43:45.336  4585  7112 V WindowManager:   fitSides= naviIconColor=0
08-24 14:43:45.336  4585  7112 V WindowManager:   sfl=100000}
08-24 14:43:45.337 24159 24159 I SurfaceControl: nativeRelease nativeObject s[535648690368]
08-24 14:43:45.337 24159 24159 I SurfaceControl: nativeRelease nativeObject e[535648690368]
08-24 14:43:45.338 24159 24159 I SurfaceControl: assignNativeObject: nativeObject = 0 Surface(name=null)/@0xa553ce8 / android.view.SurfaceControl.readFromParcel:1117 android.view.IWindowSession$Stub$Proxy.relayout:1810 android.view.ViewRootImpl.relayoutWindow:9005 android.view.ViewRootImpl.performTraversals:3360 android.view.ViewRootImpl.doTraversal:2618 android.view.ViewRootImpl$TraversalRunnable.run:9971 android.view.Choreographer$CallbackRecord.run:1010 android.view.Choreographer.doCallbacks:809 android.view.Choreographer.doFrame:744 android.view.Choreographer$FrameDisplayEventReceiver.run:995
08-24 14:43:45.338 24159 24159 I SurfaceControl: assignNativeObject: nativeObject = 0 Surface(name=null)/@0x9bd8ef6 / android.view.SurfaceControl.readFromParcel:1117 android.view.IWindowSession$Stub$Proxy.relayout:1820 android.view.ViewRootImpl.relayoutWindow:9005 android.view.ViewRootImpl.performTraversals:3360 android.view.ViewRootImpl.doTraversal:2618 android.view.ViewRootImpl$TraversalRunnable.run:9971 android.view.Choreographer$CallbackRecord.run:1010 android.view.Choreographer.doCallbacks:809 android.view.Choreographer.doFrame:744 android.view.Choreographer$FrameDisplayEventReceiver.run:995
08-24 14:43:45.339 24159 24159 I SurfaceControl: nativeRelease nativeObject s[537816936768]
08-24 14:43:45.339 24159 24159 I SurfaceControl: nativeRelease nativeObject e[537816936768]
08-24 14:43:45.339 24159 24159 I ViewRootImpl@a42df91[InstrumentationActivityInvoker$EmptyActivity]: Relayout returned: old=(0,0,1080,2340) new=(0,0,1080,2340) req=(1080,2340)8 dur=7 res=0x5 s={false 0} ch=true fn=2
08-24 14:43:45.353 24159 24159 I ViewRootImpl@cc541da[InstrumentationActivityInvoker$EmptyActivity]: MSG_WINDOW_FOCUS_CHANGED 1 1
08-24 14:43:45.353 24159 24159 D InputMethodManager: prepareNavigationBarInfo() DecorView@f9759ef[InstrumentationActivityInvoker$EmptyActivity]
08-24 14:43:45.353 24159 24159 D InputMethodManager: getNavigationBarColor() -855310
08-24 14:43:45.354 24159 24159 D InputMethodManager: prepareNavigationBarInfo() DecorView@f9759ef[InstrumentationActivityInvoker$EmptyActivity]
08-24 14:43:45.354 24159 24159 D InputMethodManager: getNavigationBarColor() -855310
08-24 14:43:45.354 24159 24159 V InputMethodManager: Starting input: tba=com.example.dogglers ic=null mNaviBarColor -855310 mIsGetNaviBarColorSuccess true , NavVisible : true , NavTrans : false
08-24 14:43:45.354 24159 24159 D InputMethodManager: startInputInner - Id : 0
08-24 14:43:45.354 24159 24159 I InputMethodManager: startInputInner - mService.startInputOrWindowGainedFocus
08-24 14:43:45.355  4585  7112 D InputMethodManagerService: mSecureKeypadEnabled = false
08-24 14:43:45.356  4585  7112 V InputMethodManagerService: hideCurrentInputLocked : shouldHideSoftInput is false
08-24 14:43:45.356  4585  7112 D InputMethodManagerService: mDesktopModeManager null!
08-24 14:43:45.356  4585  7112 V InputMethodManagerService: getDisplayIdOfInputMethodWindowToBeAdded : 0
08-24 14:43:45.356  4585  7112 D InputMethodManagerService: checkDisplayOfStartInputAndUpdateKeyboard display Id 0last 0
08-24 14:43:45.356  4585  7112 D InputTransport: Input channel constructed: 'ClientS', fd=717
08-24 14:43:45.357  4585  7112 D InputTransport: Input channel destroyed: 'ClientS', fd=717
08-24 14:43:45.357 24159 24159 D InputTransport: Input channel constructed: 'ClientS', fd=93
08-24 14:43:45.357 24159 24159 D InputTransport: Input channel destroyed: 'ClientS', fd=80
08-24 14:43:45.358 24159 24159 I ViewRootImpl@a42df91[InstrumentationActivityInvoker$EmptyActivity]: stopped(true) old=false
08-24 14:43:45.358 24159 24159 D LifecycleMonitor: Lifecycle status change: androidx.test.core.app.InstrumentationActivityInvoker$EmptyActivity@a2f364b in: STOPPED
08-24 14:43:45.359 24159 24159 V ActivityScenario: Activity lifecycle changed event received but ignored because the intent does not match. startActivityIntent=Intent { act=android.intent.action.MAIN cat=[android.intent.category.LAUNCHER] cmp=com.example.dogglers/.GridListActivity }, activity.getIntent()=Intent { act=android.intent.action.MAIN cat=[android.intent.category.LAUNCHER] flg=0x10000000 cmp=com.example.dogglers/androidx.test.core.app.InstrumentationActivityInvoker$EmptyActivity }, activity=androidx.test.core.app.InstrumentationActivityInvoker$EmptyActivity@a2f364b
08-24 14:43:45.359  4585  7112 I SurfaceControl: nativeRelease nativeObject s[535567039680]
08-24 14:43:45.359  4585  7112 I SurfaceControl: nativeRelease nativeObject e[535567039680]
08-24 14:43:45.360  4226  5357 I SurfaceFlinger: id=88459 createSurf (0x0),-1 flag=24004, Surface(name=a3a0629 InputMethod)/@0x54f474f - animation-leash#0
08-24 14:43:45.361  4585  7040 I InputDispatcher: Focus left window (24159): 98c0b2f in display 0 0
08-24 14:43:45.361 24159 24159 D LifecycleMonitor: Lifecycle status change: androidx.test.core.app.InstrumentationActivityInvoker$EmptyActivity@a2f364b in: DESTROYED
08-24 14:43:45.362 24159 24159 V ActivityScenario: Activity lifecycle changed event received but ignored because the intent does not match. startActivityIntent=Intent { act=android.intent.action.MAIN cat=[android.intent.category.LAUNCHER] cmp=com.example.dogglers/.GridListActivity }, activity.getIntent()=Intent { act=android.intent.action.MAIN cat=[android.intent.category.LAUNCHER] flg=0x10000000 cmp=com.example.dogglers/androidx.test.core.app.InstrumentationActivityInvoker$EmptyActivity }, activity=androidx.test.core.app.InstrumentationActivityInvoker$EmptyActivity@a2f364b
08-24 14:43:45.362  7388  7388 I HBD     : HoneyBoardService onFinishInput
08-24 14:43:45.362  4226  5359 I Layer   : id=88454 removeFromCurrentState Surface(name=a3a0629 InputMethod)/@0x54f474f - animation-leash#1 (79)
08-24 14:43:45.363  7388  7388 I HBD     : a IC have been unbinded,  InputConnectionWrapper{idHash=#fc8e0b1 mMissingMethods=}
08-24 14:43:45.363 24159 24159 I ViewRootImpl@a42df91[InstrumentationActivityInvoker$EmptyActivity]: dispatchDetachedFromWindow
08-24 14:43:45.363  7388  7388 I HBD     : HoneyBoardService [PF_CL][onFinishInput]  483423 ns
08-24 14:43:45.364  4585  7112 D InputTransport: Input channel destroyed: '83ca829', fd=696
08-24 14:43:45.364  4585  7112 I SurfaceControl: nativeRelease nativeObject s[535556330240]
08-24 14:43:45.364  4585  7112 I SurfaceControl: nativeRelease nativeObject e[535556330240]
08-24 14:43:45.364  4585  7112 D WindowManager: isScreenshotDisabledLocked - win: Window{83ca829 u0 com.example.dogglers/androidx.test.core.app.InstrumentationActivityInvoker$EmptyActivity}
08-24 14:43:45.364  4585  7112 D WindowManager: isScreenshotDisabledLocked: userId = 0, disabled =false
08-24 14:43:45.365  4585  7112 I SurfaceControl: nativeRelease nativeObject s[535556872992]
08-24 14:43:45.365  4585  7112 I SurfaceControl: nativeRelease nativeObject e[535556872992]
08-24 14:43:45.365  4226  5359 I Layer   : id=88449 removeFromCurrentState com.example.dogglers/androidx.test.core.app.InstrumentationActivityInvoker$EmptyActivity$_24159#0 (79)
08-24 14:43:45.365  4226  5357 I SurfaceFlinger: id=88449 Removed com.example.dogglers/androidx.test.core.app.InstrumentationActivityInvoker$EmptyActivity$_24159#0 (79)
08-24 14:43:45.363  7388  7388 I HBD     : HoneyBoardService [IMI] onStartInput - caller pid : 24159 , caller uid : 10574
08-24 14:43:45.366  7388  7388 I HBD     : i updateConfigs
08-24 14:43:45.367  7388  7388 I HBD     : i isEnabledNightMode : false
08-24 14:43:45.367  7388  7388 I HBD     : a IC have been binded, InputConnectionWrapper{idHash=#fc8e0b1 mMissingMethods=}
08-24 14:43:45.367  7388  7388 I HBD     : h [EditorInputType]setPrivateImeOptionsToTable privateImeOptions ( null )
08-24 14:43:45.367  7388  7388 I HBD     : b incognitoMode : false
08-24 14:43:45.367  4226  5357 I Layer   : id=88448 removeFromCurrentState 83ca829 com.example.dogglers/androidx.test.core.app.InstrumentationActivityInvoker$EmptyActivity#0 (79)
08-24 14:43:45.367  7388  7388 I HBD     : a needOff = true , isForceOff = false, isNullInputClass : true
08-24 14:43:45.368  7388  7388 I HBD     : h getDefaultInputRange : UNKNOWN
08-24 14:43:45.368  7388  7388 I HBD     : h getDefaultInputRange : UNKNOWN
08-24 14:43:45.368  7388  7388 I HBD     : h getDefaultInputRange : UNKNOWN
08-24 14:43:45.369  4585  7040 D SdpManagerService: Not an enterprise user : 0
08-24 14:43:45.369  4585  7040 D SdpManagerService: Not an enterprise user : 0
08-24 14:43:45.369  4226  5357 I SurfaceFlinger: id=88448 Removed 83ca829 com.example.dogglers/androidx.test.core.app.InstrumentationActivityInvoker$EmptyActivity#0 (79)
08-24 14:43:45.369 24159 24159 D InputTransport: Input channel destroyed: '83ca829', fd=92
08-24 14:43:45.370  7388  7388 I HBD     : h getDefaultInputRange : UNKNOWN
08-24 14:43:45.370  7388  7388 I HBD     : a currentState : 0
08-24 14:43:45.371  4585  7113 I SurfaceControl: nativeRelease nativeObject s[535556872416]
08-24 14:43:45.371  4585  7113 I SurfaceControl: nativeRelease nativeObject e[535556872416]
08-24 14:43:45.372  7388  7388 I HBD     : h load selected json info : {"version":"1.0","currentLanguageOrder":0,"selected":[{"activeOptionList":["auto_replace","auto_spacing"],"engName":"Russian","id":3342336,"inputType":"qwerty","isUsed":true},{"activeOptionList":["auto_replace","auto_spacing"],"engName":"English","id":65537,"inputType":"qwerty","isUsed":true}]}
08-24 14:43:45.373 24159 24159 D LifecycleMonitor: Lifecycle status change: androidx.test.core.app.InstrumentationActivityInvoker$EmptyActivity@fa8efc9 in: PAUSED
08-24 14:43:45.373 24159 24159 V ActivityScenario: Activity lifecycle changed event received but ignored because the intent does not match. startActivityIntent=Intent { act=android.intent.action.MAIN cat=[android.intent.category.LAUNCHER] cmp=com.example.dogglers/.GridListActivity }, activity.getIntent()=Intent { act=android.intent.action.MAIN cat=[android.intent.category.LAUNCHER] flg=0x10000000 cmp=com.example.dogglers/androidx.test.core.app.InstrumentationActivityInvoker$EmptyActivity }, activity=androidx.test.core.app.InstrumentationActivityInvoker$EmptyActivity@fa8efc9
08-24 14:43:45.373  7388  7388 I HBD     : a [UpdatePolicy] [post] a: 0 cl: 3342336 kit: [0/0] vt: 0 ir: 1
08-24 14:43:45.374  7388  7388 I HBD     : HoneyBoardService [PF_OP][onStartInput]  11044923 ns
08-24 14:43:45.375  4585  7112 I SemDvfsHyPerManager: acquire hyper - AMS_ACT_RESUME/4585@33, type = -999
08-24 14:43:45.375  4175  4211 I HYPER-HAL: [RequestManager.cpp]acquire(): Acquired ID : 10665304  [4585 / 33]    HINT : AMS_ACT_RESUME    list :
08-24 14:43:45.376  4226  4226 I Layer   : id=88448[1] Destroyed 83ca829 com.example.dogglers/androidx.test.core.app.InstrumentationActivityInvoker$EmptyActivity#0
08-24 14:43:45.376  4585  7112 D InputDispatcher: Focused application set to (0): 3890c50
08-24 14:43:45.377  4175  4211 I HYPER-HAL: [ResourceManager.cpp]updateResource(): [CPUMinFreq] UpdateResource Request ID : 10665304    Value : 1664000
08-24 14:43:45.377  4226  4226 I Layer   : id=88449[1] Destroyed com.example.dogglers/androidx.test.core.app.InstrumentationActivityInvoker$EmptyActivity$_24159#0
08-24 14:43:45.378  4585  7112 V WindowOrientationListener: getProposedRotation: -1
08-24 14:43:45.378  4585  7112 V WindowOrientationListener: getProposedRotation: -1
08-24 14:43:45.379  4140  4146 E statsd  : Predicate -7037417284711607308 dropping data for dimension key (10)0x2010101->10574[I] (10)0x30000->*launch*[S]
08-24 14:43:45.379  4585  7112 V WindowOrientationListener: getProposedRotation: -1
08-24 14:43:45.379  4140  4146 E statsd  : Predicate 5980654721335871649 dropping data for dimension key (10)0x2010101->10574[I] (10)0x30000->*launch*[S]
08-24 14:43:45.384  4226  5359 I Layer   : id=88447 removeFromCurrentState ActivityRecord{e15d7b u0 com.example.dogglers/androidx.test.core.app.InstrumentationActivityInvoker$EmptyActivity t1569}#0 (77)
08-24 14:43:45.387  4226  5357 I SurfaceFlinger: id=88447 Removed ActivityRecord{e15d7b u0 com.example.dogglers/androidx.test.core.app.InstrumentationActivityInvoker$EmptyActivity t1569}#0 (77)
08-24 14:43:45.388  4585  7112 D SamsungIMMSHWKeyboard: isConnectedDexOnPC false
08-24 14:43:45.388 24159 24159 I SurfaceControl: nativeRelease nativeObject s[535692235520]
08-24 14:43:45.388 24159 24159 I SurfaceControl: nativeRelease nativeObject e[535692235520]
08-24 14:43:45.388 24159 24159 I SurfaceControl: nativeRelease nativeObject s[535692235424]
08-24 14:43:45.388 24159 24159 I SurfaceControl: nativeRelease nativeObject e[535692235424]
08-24 14:43:45.388  4585  7112 D InputMethodManagerService: isImeSwitcherDisabledPackage : false
08-24 14:43:45.389 24159 24159 I SurfaceControl: nativeRelease nativeObject s[535648690368]
08-24 14:43:45.389 24159 24159 I SurfaceControl: nativeRelease nativeObject e[535648690368]
08-24 14:43:45.389 24159 24159 I ViewRootImpl@cc541da[InstrumentationActivityInvoker$EmptyActivity]: MSG_WINDOW_FOCUS_CHANGED 0 1
08-24 14:43:45.390 24159 24204 I TestRunner: finished: grid_list_content_at_last_position(com.example.dogglers.GridListTests)
