08-24 14:43:30.148  7388  7388 I HBD     : a [UpdatePolicy] [post] a: 0 cl: 3342336 kit: [0/0] vt: 0 ir: 1
08-24 14:43:30.171  7388  7388 I HBD     : HoneyBoardService [PF_OP][onStartInput]  311712961 ns
08-24 14:43:30.171  4585  4585 D WifiP2pService: GopsReceiver : received : com.samsung.intent.action.CHECK_SIOP_LEVEL
08-24 14:43:30.171  4585  4585 I WifiP2pService: siop_level = 4
08-24 14:43:30.173  4585  7044 I SurfaceControl: nativeRelease nativeObject s[537628423264]
08-24 14:43:30.173  4585  7044 I SurfaceControl: nativeRelease nativeObject e[537628423264]
08-24 14:43:30.173  4585  4585 D WifiP2pService: GopsReceiver : received : com.samsung.intent.action.CHECK_SIOP_LEVEL time : 2ms
08-24 14:43:30.173 10292 10326 I SystemBroadcastReceiver: [#CMH#] onReceive completed :  0
08-24 14:43:30.173  4226  4248 I SurfaceFlinger: id=88055 createSurf (0x0),-1 flag=24004, Surface(name=a3a0629 InputMethod)/@0x54f474f - animation-leash#0
08-24 14:43:30.174 10292 10292 I PolicyManager: [#CMH#] onReceive action = EVENT_SIOP
08-24 14:43:30.175 10292 10292 I PolicyManager: [#CMH#] SIOP level is high = 4
08-24 14:43:30.175  7388  7388 I HBD     : HoneyBoardService onFinishInput
08-24 14:43:30.177  7388  7388 I HBD     : a IC have been unbinded,  InputConnectionWrapper{idHash=#5747729 mMissingMethods=}
08-24 14:43:30.177  7388  7388 I HBD     : HoneyBoardService [PF_CL][onFinishInput]  1476577 ns
08-24 14:43:30.178  7388  7388 I HBD     : HoneyBoardService [IMI] onStartInput - caller pid : 24159 , caller uid : 10574
08-24 14:43:30.178  7388  7388 I HBD     : i updateConfigs
08-24 14:43:30.179  7388  7388 I HBD     : i isEnabledNightMode : false
08-24 14:43:30.179  7388  7388 I HBD     : a IC have been binded, InputConnectionWrapper{idHash=#5747729 mMissingMethods=}
08-24 14:43:30.179  7388  7388 I HBD     : h [EditorInputType]setPrivateImeOptionsToTable privateImeOptions ( null )
08-24 14:43:30.180  7388  7388 I HBD     : b incognitoMode : false
08-24 14:43:30.180 24159 24159 I DecorView: [INFO] isPopOver=false, config=true
08-24 14:43:30.180 24159 24159 I DecorView: updateCaptionType >> DecorView@2cdcaaa[], isFloating=false, isApplication=true, hasWindowDecorCaption=false, hasWindowControllerCallback=true
08-24 14:43:30.180  7388  7388 I HBD     : a needOff = true , isForceOff = false, isNullInputClass : true
08-24 14:43:30.180  7388  7388 I HBD     : h getDefaultInputRange : UNKNOWN
08-24 14:43:30.181  7388  7388 I HBD     : h getDefaultInputRange : UNKNOWN
08-24 14:43:30.181  7388  7388 I HBD     : h getDefaultInputRange : UNKNOWN
08-24 14:43:30.181  4226  4248 I Layer   : id=88054 removeFromCurrentState Surface(name=a3a0629 InputMethod)/@0x54f474f - animation-leash#1 (71)
08-24 14:43:30.181 24159 24159 D DecorView: setCaptionType = 0, this = DecorView@2cdcaaa[]
08-24 14:43:30.182  4585  5789 D SdpManagerService: Not an enterprise user : 0
08-24 14:43:30.182  4585  5789 D SdpManagerService: Not an enterprise user : 0
08-24 14:43:30.189 24159 24159 D LifecycleMonitor: Lifecycle status change: androidx.test.core.app.InstrumentationActivityInvoker$EmptyActivity@b4f554c in: CREATED
08-24 14:43:30.189 24159 24159 V ActivityScenario: Activity lifecycle changed event received but ignored because the intent does not match. startActivityIntent=Intent { act=android.intent.action.MAIN cat=[android.intent.category.LAUNCHER] cmp=com.example.dogglers/.MainActivity }, activity.getIntent()=Intent { act=android.intent.action.MAIN cat=[android.intent.category.LAUNCHER] flg=0x10000000 cmp=com.example.dogglers/androidx.test.core.app.InstrumentationActivityInvoker$EmptyActivity }, activity=androidx.test.core.app.InstrumentationActivityInvoker$EmptyActivity@b4f554c
08-24 14:43:30.193 24159 24159 D LifecycleMonitor: Lifecycle status change: androidx.test.core.app.InstrumentationActivityInvoker$EmptyActivity@b4f554c in: STARTED
08-24 14:43:30.193 24159 24159 V ActivityScenario: Activity lifecycle changed event received but ignored because the intent does not match. startActivityIntent=Intent { act=android.intent.action.MAIN cat=[android.intent.category.LAUNCHER] cmp=com.example.dogglers/.MainActivity }, activity.getIntent()=Intent { act=android.intent.action.MAIN cat=[android.intent.category.LAUNCHER] flg=0x10000000 cmp=com.example.dogglers/androidx.test.core.app.InstrumentationActivityInvoker$EmptyActivity }, activity=androidx.test.core.app.InstrumentationActivityInvoker$EmptyActivity@b4f554c
08-24 14:43:30.198 24159 24159 D LifecycleMonitor: Lifecycle status change: androidx.test.core.app.InstrumentationActivityInvoker$EmptyActivity@b4f554c in: RESUMED
08-24 14:43:30.199 24159 24159 V ActivityScenario: Activity lifecycle changed event received but ignored because the intent does not match. startActivityIntent=Intent { act=android.intent.action.MAIN cat=[android.intent.category.LAUNCHER] cmp=com.example.dogglers/.MainActivity }, activity.getIntent()=Intent { act=android.intent.action.MAIN cat=[android.intent.category.LAUNCHER] flg=0x10000000 cmp=com.example.dogglers/androidx.test.core.app.InstrumentationActivityInvoker$EmptyActivity }, activity=androidx.test.core.app.InstrumentationActivityInvoker$EmptyActivity@b4f554c
08-24 14:43:30.204  4585  7044 D InputTransport: Input channel constructed: '98e4be ', fd=674
08-24 14:43:30.204  4585  7044 D InputTransport: Input channel constructed: '98e4be ', fd=675
08-24 14:43:30.205  4226  5357 I SurfaceFlinger: id=88056 createSurf (0x0),-1 flag=80004, 98e4be com.example.dogglers/androidx.test.core.app.InstrumentationActivityInvoker$EmptyActivity#0
08-24 14:43:30.205  4585  7044 D WindowManager: isScreenshotDisabledLocked - win: Window{98e4be u0 com.example.dogglers/androidx.test.core.app.InstrumentationActivityInvoker$EmptyActivity}
08-24 14:43:30.205  4585  7044 D WindowManager: isScreenshotDisabledLocked: userId = 0, disabled =false
08-24 14:43:30.206  4585  7044 D InputTransport: Input channel destroyed: '98e4be ', fd=675
08-24 14:43:30.206 24159 24159 D InputTransport: Input channel constructed: '98e4be ', fd=84
08-24 14:43:30.209 24159 24159 I ViewRootImpl@85b4a11[InstrumentationActivityInvoker$EmptyActivity]: setView = com.android.internal.policy.DecorView@2cdcaaa TM=true
08-24 14:43:30.209 24102 24122 I .callbgprovide: WaitForGcToComplete blocked ProfileSaver on AddRemoveAppImageSpace for 124.352ms
08-24 14:43:30.213 24159 24159 I SurfaceControl: nativeRelease nativeObject s[536151022880]
08-24 14:43:30.213 24159 24159 I SurfaceControl: nativeRelease nativeObject e[536151022880]
08-24 14:43:30.213 24159 24159 I SurfaceControl: nativeRelease nativeObject s[536151022784]
08-24 14:43:30.213 24159 24159 I SurfaceControl: nativeRelease nativeObject e[536151022784]
08-24 14:43:30.215  4585  5789 D SamsungIMMSHWKeyboard: isConnectedDexOnPC false
08-24 14:43:30.216  4585  5789 D InputMethodManagerService: isImeSwitcherDisabledPackage : false
08-24 14:43:30.222  4585  7044 V WindowManager: Relayout Window{98e4be u0 com.example.dogglers/androidx.test.core.app.InstrumentationActivityInvoker$EmptyActivity}: viewVisibility=0 req=1080x2340
08-24 14:43:30.224  4585  7044 D WindowManager: isScreenshotDisabledLocked - win: Window{98e4be u0 com.example.dogglers/androidx.test.core.app.InstrumentationActivityInvoker$EmptyActivity}
08-24 14:43:30.224  4585  7044 D WindowManager: isScreenshotDisabledLocked: userId = 0, disabled =false
08-24 14:43:30.225  4226  5357 I SurfaceFlinger: id=88057 createSurf (1080x2340),1 flag=404, com.example.dogglers/androidx.test.core.app.InstrumentationActivityInvoker$EmptyActivity$_24159#1
08-24 14:43:30.227  4585  7044 I SurfaceControl: nativeRelease nativeObject s[537628425280]
08-24 14:43:30.227  4585  7044 I SurfaceControl: nativeRelease nativeObject e[537628425280]
08-24 14:43:30.227  4226  5357 I SurfaceFlinger: id=88058 createSurf (0x0),-1 flag=24000, Surface(name=e455c2d StatusBar)/@0x2f65071 - animation-leash#1
08-24 14:43:30.227  9865  9865 I TrayStateController: systemUiVisibilityChanged : 0 0
08-24 14:43:30.229  4585  7044 I SurfaceControl: nativeRelease nativeObject s[537628425568]
08-24 14:43:30.229  4585  7044 I SurfaceControl: nativeRelease nativeObject e[537628425568]
08-24 14:43:30.230  4226  5357 I SurfaceFlinger: id=88059 createSurf (0x0),-1 flag=24000, Surface(name=a71bb8f NavigationBar0)/@0x8f38906 - animation-leash#1
08-24 14:43:30.232  4585  7044 V WindowManager: Relayout hash=98e4be, pid=24159: mAttrs={(0,0)(fillxfill) sim={adjust=pan forwardNavigation} ty=BASE_APPLICATION wanim=0x1030001
08-24 14:43:30.232  4585  7044 V WindowManager:   fl=1810100
08-24 14:43:30.232  4585  7044 V WindowManager:   pfl=12020000
08-24 14:43:30.232  4585  7044 V WindowManager:   apr=LIGHT_NAVIGATION_BARS
08-24 14:43:30.232  4585  7044 V WindowManager:   fitSides= naviIconColor=0
08-24 14:43:30.232  4585  7044 V WindowManager:   sfl=100000}
08-24 14:43:30.233  4585  7044 I SurfaceControl: nativeRelease nativeObject s[535579926880]
08-24 14:43:30.233  4585  7044 I SurfaceControl: nativeRelease nativeObject e[535579926880]
08-24 14:43:30.235  4226  4248 I Layer   : id=88051 removeFromCurrentState Surface(name=e455c2d StatusBar)/@0x2f65071 - animation-leash#0 (75)
08-24 14:43:30.235  4226  4248 I Layer   : id=88052 removeFromCurrentState Surface(name=a71bb8f NavigationBar0)/@0x8f38906 - animation-leash#0 (75)
08-24 14:43:30.236 24159 24159 I SurfaceControl: assignNativeObject: nativeObject = 0 Surface(name=null)/@0x995e776 / android.view.SurfaceControl.readFromParcel:1117 android.view.IWindowSession$Stub$Proxy.relayout:1820 android.view.ViewRootImpl.relayoutWindow:9005 android.view.ViewRootImpl.performTraversals:3360 android.view.ViewRootImpl.doTraversal:2618 android.view.ViewRootImpl$TraversalRunnable.run:9971 android.view.Choreographer$CallbackRecord.run:1010 android.view.Choreographer.doCallbacks:809 android.view.Choreographer.doFrame:744 android.view.Choreographer$FrameDisplayEventReceiver.run:995
08-24 14:43:30.238 24159 24159 I ViewRootImpl@85b4a11[InstrumentationActivityInvoker$EmptyActivity]: Relayout returned: old=(0,0,1080,2340) new=(0,0,1080,2340) req=(1080,2340)0 dur=15 res=0x7 s={true 537832099840} ch=true fn=-1
08-24 14:43:30.242  4159 17194 D gralloc : [mali_gralloc_allocate] begin
08-24 14:43:30.242  4159 17194 D gralloc : buffer_descriptor: wh(1080 2340) usage_pc(0x40000000000b00 0x40000000000b00) hal_format(0x1) layer_count(1) sizes(0 0 0) strde(0) byte_stride(0) alloc_wh(0 0) internal_format(0x0) alloc_format(0x0) fd_count(1) plane_count(0)
08-24 14:43:30.243 24159 24159 I ViewRootImpl@85b4a11[InstrumentationActivityInvoker$EmptyActivity]: [DP] dp(1) 1 android.view.ViewRootImpl.reportNextDraw:10957 android.view.ViewRootImpl.performTraversals:3845 android.view.ViewRootImpl.doTraversal:2618
08-24 14:43:30.243 24159 24159 I ViewRootImpl@85b4a11[InstrumentationActivityInvoker$EmptyActivity]: [DP] pd() Asnyc report
08-24 14:43:30.243  4159 17194 D gralloc : [mali_gralloc_allocate] allocation successful
08-24 14:43:30.244  4159 17194 D gralloc : [mali_gralloc_allocate] begin
08-24 14:43:30.244  4159 17194 D gralloc : buffer_descriptor: wh(1080 2340) usage_pc(0x40000000000b00 0x40000000000b00) hal_format(0x1) layer_count(1) sizes(0 0 0) strde(0) byte_stride(0) alloc_wh(0 0) internal_format(0x0) alloc_format(0x0) fd_count(1) plane_count(0)
08-24 14:43:30.247  4159 17194 D gralloc : [mali_gralloc_allocate] allocation successful
08-24 14:43:30.248  4159 17194 D gralloc : [mali_gralloc_allocate] begin
08-24 14:43:30.248  4159 17194 D gralloc : buffer_descriptor: wh(1080 2340) usage_pc(0x40000000000b00 0x40000000000b00) hal_format(0x1) layer_count(1) sizes(0 0 0) strde(0) byte_stride(0) alloc_wh(0 0) internal_format(0x0) alloc_format(0x0) fd_count(1) plane_count(0)
08-24 14:43:30.251  4159 17194 D gralloc : [mali_gralloc_allocate] allocation successful
08-24 14:43:30.251  7388  7388 I HBD     : h getDefaultInputRange : UNKNOWN
08-24 14:43:30.251  7388  7388 I HBD     : a currentState : 0
08-24 14:43:30.255 24159 24159 I ViewRootImpl@85b4a11[InstrumentationActivityInvoker$EmptyActivity]: [DP] pdf(0) 1 android.view.ViewRootImpl.lambda$performDraw$1$ViewRootImpl:4668 android.view.-$$Lambda$ViewRootImpl$DJd0VUYJgsebcnSohO6h8zc_ONI.run:6 android.os.Handler.handleCallback:938
08-24 14:43:30.255 24159 24159 I ViewRootImpl@85b4a11[InstrumentationActivityInvoker$EmptyActivity]: [DP] rdf()
08-24 14:43:30.255  7388  7388 I HBD     : h load selected json info : {"version":"1.0","currentLanguageOrder":0,"selected":[{"activeOptionList":["auto_replace","auto_spacing"],"engName":"Russian","id":3342336,"inputType":"qwerty","isUsed":true},{"activeOptionList":["auto_replace","auto_spacing"],"engName":"English","id":65537,"inputType":"qwerty","isUsed":true}]}
08-24 14:43:30.256 24159 24159 I ViewRootImpl@784dbdd[InstrumentationActivityInvoker$EmptyActivity]: MSG_WINDOW_FOCUS_CHANGED 0 1
08-24 14:43:30.256  7388  7388 I HBD     : a [UpdatePolicy] [post] a: 0 cl: 3342336 kit: [0/0] vt: 0 ir: 1
08-24 14:43:30.258  7388  7388 I HBD     : HoneyBoardService [PF_OP][onStartInput]  79686538 ns
08-24 14:43:30.259  4585  4613 D PkgPredictorService: pkg:com.example.dogglers activity:androidx.test.core.app.InstrumentationActivityInvoker$EmptyActivity thisTime:200
08-24 14:43:30.260  4585  4613 I SemDvfsHyPerManager: acquire hyper - AMS_RESUME_TAIL/4585@18, type = -999
08-24 14:43:30.261  4585  4617 I ActivityTaskManager: Displayed com.example.dogglers/androidx.test.core.app.InstrumentationActivityInvoker$EmptyActivity: +200ms
08-24 14:43:30.261  4585  4613 I SemDvfsHyPerManager: acquire hyper - AMS_ACT_LAZY/4585@19, type = -999
08-24 14:43:30.261  4175  4211 I HYPER-HAL: [RequestManager.cpp]acquire(): Acquired ID : 10596124  [4585 / 18]    HINT : AMS_RESUME_TAIL    list :
08-24 14:43:30.262  4175  4211 I HYPER-HAL: [ResourceManager.cpp]updateResource(): [CPUMinFreq] UpdateResource Request ID : 10596124    Value : 1768000
08-24 14:43:30.262  4175  4211 I HYPER-HAL: [RequestManager.cpp]acquire(): Acquired ID : 10600729  [4585 / 19]    HINT :      list :
08-24 14:43:30.263  4175  4211 E HYPER-HAL: [Request.cpp]acquire(): Request:: id : 10600729, No Resource to set
08-24 14:43:30.263  4175  4211 I HYPER-HAL: [ResourceManager.cpp]removeResource(): [CPUMinFreq] RemoveResource Request ID : 10586917
08-24 14:43:30.264  4175  4211 I HYPER-HAL: [RequestManager.cpp]releaseLocked(): Released ID : 10586917
08-24 14:43:30.265 21625 21828 W android.youtub: Long monitor contention with owner BG Thread #6 (21823) at void yiy.g(aftq)(PG:4) waiters=0 in void yiy.b() for 267ms
08-24 14:43:30.266 24159 24159 I SurfaceControl: nativeRelease nativeObject s[537816934464]
08-24 14:43:30.266 24159 24159 I SurfaceControl: nativeRelease nativeObject e[537816934464]
08-24 14:43:30.267 24159 24159 I SurfaceControl: nativeRelease nativeObject s[537816933888]
08-24 14:43:30.267 24159 24159 I SurfaceControl: nativeRelease nativeObject e[537816933888]
08-24 14:43:30.267 24159 24159 I SurfaceControl: nativeRelease nativeObject s[537816933696]
08-24 14:43:30.267  4226  4601 I SurfaceFlinger: id=88052 Removed Surface(name=a71bb8f NavigationBar0)/@0x8f38906 - animation-leash#0 (75)
08-24 14:43:30.267 24159 24159 I SurfaceControl: nativeRelease nativeObject e[537816933696]
08-24 14:43:30.267  4226  4601 I SurfaceFlinger: id=88051 Removed Surface(name=e455c2d StatusBar)/@0x2f65071 - animation-leash#0 (75)
08-24 14:43:30.278  4226  4226 I Layer   : id=88051[1] Destroyed Surface(name=e455c2d StatusBar)/@0x2f65071 - animation-leash#0
08-24 14:43:30.278  4226  4226 I Layer   : id=88052[1] Destroyed Surface(name=a71bb8f NavigationBar0)/@0x8f38906 - animation-leash#0
08-24 14:43:30.281  4226  4601 E BufferQueueProducer: [com.example.dogglers/androidx.test.core.app.InstrumentationActivityInvoker$EmptyActivity$_24159#0](id:108200004918,api:0,p:-1,c:4226) disconnect: not connected (req=1)
08-24 14:43:30.281 24159 24214 W libEGL  : EGLNativeWindowType 0x7d394a7010 disconnect failed
08-24 14:43:30.282  4585  7124 V WindowManager: Relayout Window{4d49d55 u0 com.example.dogglers/androidx.test.core.app.InstrumentationActivityInvoker$EmptyActivity}: viewVisibility=8 req=1080x2340
08-24 14:43:30.283  4585  5789 I InputDispatcher: Focus entered window (24159): 98e4be  in display 0 0
08-24 14:43:30.285  4226  4226 D SurfaceFlinger: Display 0 HWC layers:
08-24 14:43:30.285  4226  4226 D SurfaceFlinger:      DEVICE | 0x77ce817980 | 0002 | RGBA_8888    |    0.0    0.0 1080.0 2340.0 |    0    0 1080 2340 | com.example.dogglers/androidx.test.c[...]tivityInvoker$EmptyActivity$_24159#1
08-24 14:43:30.285  4226  4226 D SurfaceFlinger:      DEVICE | 0x77ce814dc0 | 0000 | RGBA_8888    |    0.0    0.0 1080.0   83.0 |    0    0 1080   83 | StatusBar$_4896#0
08-24 14:43:30.285  4226  4226 D SurfaceFlinger:      DEVICE | 0x77ce8157c0 | 0000 | RGBA_8888    |    0.0    0.0   67.0  342.0 |    0  746   67 1088 | com.samsung.android.app.cocktailbars[...]arservice.CocktailBarService$_9865#0
08-24 14:43:30.285  4226  4226 D SurfaceFlinger:      DEVICE | 0x7851238200 | 0000 | RGBA_8888    |    0.0    0.0  388.0   39.0 |  692 2301 1080 2340 | SGestureOverlayWindow$_5408#0
08-24 14:43:30.285  4226  4226 D SurfaceFlinger:      DEVICE | 0x77ce816a80 | 0000 | RGBA_8888    |    0.0    0.0 1080.0  126.0 |    0 2214 1080 2340 | NavigationBar0$_4896#0
08-24 14:43:30.285  4226  4226 D SurfaceFlinger:      DEVICE | 0x77ce814b40 | 0000 | RGBA_8888    |    0.0    0.0 1080.0  151.0 |    0    0 1080  151 | ScreenDecorOverlay$_4896#0
08-24 14:43:30.285  4226  4226 D SurfaceFlinger:      DEVICE | 0x77ce817d40 | 0000 | RGBA_8888    |    0.0    0.0 1080.0  151.0 |    0 2189 1080 2340 | ScreenDecorOverlayBottom$_
08-24 14:43:30.285  4226  4226 D SurfaceFlinger: 4896#0
08-24 14:43:30.285  4226  4226 D SurfaceFlinger:
08-24 14:43:30.288  4585  7124 V WindowManager: Relayout hash=4d49d55, pid=24159: mAttrs={(0,0)(fillxfill) sim={adjust=pan forwardNavigation} ty=BASE_APPLICATION wanim=0x1030001
08-24 14:43:30.288  4585  7124 V WindowManager:   fl=1810100
08-24 14:43:30.288  4585  7124 V WindowManager:   pfl=12020000
08-24 14:43:30.288  4585  7124 V WindowManager:   apr=LIGHT_NAVIGATION_BARS
08-24 14:43:30.288  4585  7124 V WindowManager:   fitSides= naviIconColor=0
08-24 14:43:30.288  4585  7124 V WindowManager:   sfl=100000}
08-24 14:43:30.291 24159 24159 I SurfaceControl: nativeRelease nativeObject s[537830054816]
08-24 14:43:30.291 24159 24159 I SurfaceControl: nativeRelease nativeObject e[537830054816]
08-24 14:43:30.291 24159 24159 I SurfaceControl: assignNativeObject: nativeObject = 0 Surface(name=null)/@0xc9db177 / android.view.SurfaceControl.readFromParcel:1117 android.view.IWindowSession$Stub$Proxy.relayout:1810 android.view.ViewRootImpl.relayoutWindow:9005 android.view.ViewRootImpl.performTraversals:3360 android.view.ViewRootImpl.doTraversal:2618 android.view.ViewRootImpl$TraversalRunnable.run:9971 android.view.Choreographer$CallbackRecord.run:1010 android.view.Choreographer.doCallbacks:809 android.view.Choreographer.doFrame:744 android.view.Choreographer$FrameDisplayEventReceiver.run:995
08-24 14:43:30.292 24159 24159 I SurfaceControl: assignNativeObject: nativeObject = 0 Surface(name=null)/@0x87d2352 / android.view.SurfaceControl.readFromParcel:1117 android.view.IWindowSession$Stub$Proxy.relayout:1820 android.view.ViewRootImpl.relayoutWindow:9005 android.view.ViewRootImpl.performTraversals:3360 android.view.ViewRootImpl.doTraversal:2618 android.view.ViewRootImpl$TraversalRunnable.run:9971 android.view.Choreographer$CallbackRecord.run:1010 android.view.Choreographer.doCallbacks:809 android.view.Choreographer.doFrame:744 android.view.Choreographer$FrameDisplayEventReceiver.run:995
08-24 14:43:30.293 24159 24159 I SurfaceControl: nativeRelease nativeObject s[537816934752]
08-24 14:43:30.294 24159 24159 I SurfaceControl: nativeRelease nativeObject e[537816934752]
08-24 14:43:30.294 24159 24159 I ViewRootImpl@784dbdd[InstrumentationActivityInvoker$EmptyActivity]: Relayout returned: old=(0,0,1080,2340) new=(0,0,1080,2340) req=(1080,2340)8 dur=11 res=0x5 s={false 0} ch=true fn=2
08-24 14:43:30.301  4585  5789 D SensorService: removeConnection, index : 0, size : 1
08-24 14:43:30.301  4585  5789 D SensorService: # removeConnection, index : 0, size : 0
08-24 14:43:30.301  4585  5789 D SensorService: Calling activate off 1
08-24 14:43:30.302  4166  4166 I SensorsHub: activate: handle 1 enable 0
08-24 14:43:30.302  4166  4166 I SensorsHub: type : 1, enable : 0
08-24 14:43:30.303 21625 21625 D SensorManager: unregisterListener :: android.view.OrientationEventListener$SensorEventListenerImpl@99504
08-24 14:43:30.309 24159 24159 I ViewRootImpl@85b4a11[InstrumentationActivityInvoker$EmptyActivity]: MSG_WINDOW_FOCUS_CHANGED 1 1
08-24 14:43:30.310 24159 24159 D InputMethodManager: prepareNavigationBarInfo() DecorView@2cdcaaa[InstrumentationActivityInvoker$EmptyActivity]
08-24 14:43:30.310 24159 24159 D InputMethodManager: getNavigationBarColor() -855310
08-24 14:43:30.310 24159 24159 D InputMethodManager: prepareNavigationBarInfo() DecorView@2cdcaaa[InstrumentationActivityInvoker$EmptyActivity]
08-24 14:43:30.310 24159 24159 D InputMethodManager: getNavigationBarColor() -855310
08-24 14:43:30.310 24159 24159 V InputMethodManager: Starting input: tba=com.example.dogglers ic=null mNaviBarColor -855310 mIsGetNaviBarColorSuccess true , NavVisible : true , NavTrans : false
08-24 14:43:30.311 24159 24159 D InputMethodManager: startInputInner - Id : 0
08-24 14:43:30.311 24159 24159 I InputMethodManager: startInputInner - mService.startInputOrWindowGainedFocus
08-24 14:43:30.312  4585  5789 D InputMethodManagerService: mSecureKeypadEnabled = false
08-24 14:43:30.313  4585  5789 V InputMethodManagerService: hideCurrentInputLocked : shouldHideSoftInput is false
08-24 14:43:30.313  4585  5789 D InputMethodManagerService: mDesktopModeManager null!
08-24 14:43:30.313  4585  5789 V InputMethodManagerService: getDisplayIdOfInputMethodWindowToBeAdded : 0
08-24 14:43:30.313  4585  5789 D InputMethodManagerService: checkDisplayOfStartInputAndUpdateKeyboard display Id 0last 0
08-24 14:43:30.313  4585  5789 D InputTransport: Input channel constructed: 'ClientS', fd=675
08-24 14:43:30.313  4585  5789 D InputTransport: Input channel destroyed: 'ClientS', fd=675
08-24 14:43:30.314 24159 24159 D InputTransport: Input channel constructed: 'ClientS', fd=90
08-24 14:43:30.314 24159 24159 D InputTransport: Input channel destroyed: 'ClientS', fd=80
08-24 14:43:30.315 24159 24159 I ViewRootImpl@784dbdd[InstrumentationActivityInvoker$EmptyActivity]: stopped(true) old=false
08-24 14:43:30.317 24159 24159 D LifecycleMonitor: Lifecycle status change: androidx.test.core.app.InstrumentationActivityInvoker$EmptyActivity@3bd3f08 in: STOPPED
08-24 14:43:30.317 24159 24159 V ActivityScenario: Activity lifecycle changed event received but ignored because the intent does not match. startActivityIntent=Intent { act=android.intent.action.MAIN cat=[android.intent.category.LAUNCHER] cmp=com.example.dogglers/.MainActivity }, activity.getIntent()=Intent { act=android.intent.action.MAIN cat=[android.intent.category.LAUNCHER] flg=0x10000000 cmp=com.example.dogglers/androidx.test.core.app.InstrumentationActivityInvoker$EmptyActivity }, activity=androidx.test.core.app.InstrumentationActivityInvoker$EmptyActivity@3bd3f08
08-24 14:43:30.319  4585  5789 I SurfaceControl: nativeRelease nativeObject s[535579927168]
08-24 14:43:30.319  4585  5789 I SurfaceControl: nativeRelease nativeObject e[535579927168]
08-24 14:43:30.320  4226  5357 I SurfaceFlinger: id=88060 createSurf (0x0),-1 flag=24004, Surface(name=a3a0629 InputMethod)/@0x54f474f - animation-leash#1
08-24 14:43:30.320 24159 24159 D LifecycleMonitor: Lifecycle status change: androidx.test.core.app.InstrumentationActivityInvoker$EmptyActivity@3bd3f08 in: DESTROYED
08-24 14:43:30.320 24159 24159 V ActivityScenario: Activity lifecycle changed event received but ignored because the intent does not match. startActivityIntent=Intent { act=android.intent.action.MAIN cat=[android.intent.category.LAUNCHER] cmp=com.example.dogglers/.MainActivity }, activity.getIntent()=Intent { act=android.intent.action.MAIN cat=[android.intent.category.LAUNCHER] flg=0x10000000 cmp=com.example.dogglers/androidx.test.core.app.InstrumentationActivityInvoker$EmptyActivity }, activity=androidx.test.core.app.InstrumentationActivityInvoker$EmptyActivity@3bd3f08
08-24 14:43:30.321 24159 24159 I ViewRootImpl@784dbdd[InstrumentationActivityInvoker$EmptyActivity]: dispatchDetachedFromWindow
08-24 14:43:30.322  4585  5789 D InputTransport: Input channel destroyed: '4d49d55', fd=621
08-24 14:43:30.322  4585  5789 I SurfaceControl: nativeRelease nativeObject s[537628418848]
08-24 14:43:30.322  4585  5789 I SurfaceControl: nativeRelease nativeObject e[537628418848]
08-24 14:43:30.322  4585  5789 D WindowManager: isScreenshotDisabledLocked - win: Window{4d49d55 u0 com.example.dogglers/androidx.test.core.app.InstrumentationActivityInvoker$EmptyActivity}
08-24 14:43:30.322  4585  5789 D WindowManager: isScreenshotDisabledLocked: userId = 0, disabled =false
08-24 14:43:30.323  4585  5789 I SurfaceControl: nativeRelease nativeObject s[537628421056]
08-24 14:43:30.323  4585  5789 I SurfaceControl: nativeRelease nativeObject e[537628421056]
08-24 14:43:30.323  4226  5357 I Layer   : id=88050 removeFromCurrentState com.example.dogglers/androidx.test.core.app.InstrumentationActivityInvoker$EmptyActivity$_24159#0 (74)
08-24 14:43:30.323  4226  5357 I SurfaceFlinger: id=88050 Removed com.example.dogglers/androidx.test.core.app.InstrumentationActivityInvoker$EmptyActivity$_24159#0 (74)
08-24 14:43:30.325  4226  5357 I Layer   : id=88055 removeFromCurrentState Surface(name=a3a0629 InputMethod)/@0x54f474f - animation-leash#0 (74)
08-24 14:43:30.325  4226  5357 I Layer   : id=88049 removeFromCurrentState 4d49d55 com.example.dogglers/androidx.test.core.app.InstrumentationActivityInvoker$EmptyActivity#0 (74)
08-24 14:43:30.325  7388  7388 I HBD     : HoneyBoardService onFinishInput
08-24 14:43:30.326  4226  5357 I SurfaceFlinger: id=88049 Removed 4d49d55 com.example.dogglers/androidx.test.core.app.InstrumentationActivityInvoker$EmptyActivity#0 (74)
08-24 14:43:30.328 24159 24159 D InputTransport: Input channel destroyed: '4d49d55', fd=95
08-24 14:43:30.328  4226  4226 I Layer   : id=88049[1] Destroyed 4d49d55 com.example.dogglers/androidx.test.core.app.InstrumentationActivityInvoker$EmptyActivity#0
08-24 14:43:30.329  4226  4226 I Layer   : id=88050[1] Destroyed com.example.dogglers/androidx.test.core.app.InstrumentationActivityInvoker$EmptyActivity$_24159#0
08-24 14:43:30.330  4585  7034 I InputDispatcher: Focus left window (24159): 98e4be  in display 0 0
08-24 14:43:30.331 24159 24159 D LifecycleMonitor: Lifecycle status change: androidx.test.core.app.InstrumentationActivityInvoker$EmptyActivity@b4f554c in: PAUSED
08-24 14:43:30.331 24159 24159 V ActivityScenario: Activity lifecycle changed event received but ignored because the intent does not match. startActivityIntent=Intent { act=android.intent.action.MAIN cat=[android.intent.category.LAUNCHER] cmp=com.example.dogglers/.MainActivity }, activity.getIntent()=Intent { act=android.intent.action.MAIN cat=[android.intent.category.LAUNCHER] flg=0x10000000 cmp=com.example.dogglers/androidx.test.core.app.InstrumentationActivityInvoker$EmptyActivity }, activity=androidx.test.core.app.InstrumentationActivityInvoker$EmptyActivity@b4f554c
08-24 14:43:30.337 24137 24137 D EdgeLightingSettingManager: write default enable app list... My Files,Ucell,sk.inlogic.chessbattle,com.hdwallpaper.wallpaper,YT Studio,Oxford Dictionary,Namoz (),com.onceupon.pomodoro,VideoShow,Vimeo,SmartinternzOne,com.google.firebase.example.fireeats,com.foosegames.brasiltuning2,Zombie Catchers,Bixby Voice,Tip Time,com.apparent.playwell,SQLDatabase,AndroidExample,Hemis,com.gvapps.psychologyfacts,com.my.newproject13,Retouch,Slides,Musixmatch,Photos,com.flashkeyboard.leds,Clock, ,Payg'ambarlar qissasi 4-qism,Tips,up.uzsmart.ru.AOVFWERFKESEXIFAW,kr.konami.we2012,com.SGS.DrivingSchoolGames.RealCarParkingSimulator,Discord,Lotus,KISAAN Market,Dogglers,com.huawei.appmarket,Maps,Duo,pomodoro,mening.dasturim.cloudfirestore,Zoom,FloatingActionButton2,Chess Club,LDOCE 5,com.faststudioz.raufshahzad,com.trello,EvenAround,Contacts,Google,Shazam,Lemonade,com.abgroup.hemsstudentsms,com.crazylabs.rubber.band.asmr.cut,Email,Uzbek English Dictionary,Traffic and Driving Simulator,YanzhikaiTextPathView,Eventbrite,IdrokTalimApp,OneDrive,pomodoro,Yandex.Disk,com.honeygain.make.money,AliExpress,Facebook,Reminder,ButtomAppBar,MyWebView,com.ForgeGames.SpecialForcesGroup2,Calendar,hh ,Crypto.com,RBK-Mobile,uz.uztelecom.telecom,YoutobeToast,BroadcastSend,com.example.myhemis,ru.more.play,Mental care,Gallery,iLearningX,Radio,Settings,com.miniclip.soccerstars,Video Compressor,social.tsu.android,Samsung Pass,Teams,Messages,com.dropbox.paper,LinkedIn,BabyApp,Payme,ATTO,Camera,Coursera,Affirmations,AR Zone,mening.dasturim.textpath,Device care,GuideMe,com.crazylabs.soap.cutting,TakeAway,Lamp,Learning,com.gif.gifmaker,Google Play Store,tic tac toe,by.kos.pomodoro,Notification,Plus,QuizApp,Chrome,com.pingapp.app,ru.ivi.client,com.pixelkraft.edgelighting,Humans,com.edgeround.lightingcolors.rgb,Drive,com.crazylabs.tie.dye.art,YouTube,Samsung Notes,Calculator,Hizmat,com.example.restapi,com.netflix.mediaclient,com.ea.gp.fifamobile,Reddit,rsschool2021-Android-task-randomizer,JPG to PDF Converter,HUMANS,com.venomplay.venom,com.oppanagames.car.simulator,Phone,com.adfree.superdownloader,Quiz,mening.dasturim.smssend,com.my.newproject4,WhatsAppBusiness,ECTACO Text Translation,Google TV,Office, ,Voice Recorder,Samsung Internet,com.tinder,mening.dasturim.myapplication,mening.dasturim.arrays,USSD,com.thsoft.electric.live.wallpaper,com.yumy.live,Bixby Vision,com.cutestudio.neonledkeyboard,WPS Office,Tashxis,Google Cloud,com.playit.videoplayer,Galaxy Store,artarmin.android.scrum.poker,OLX.uz,uz.programmer.telegramda_bot_yaratish,Gmail,Medium,Samsung Members,com.omnewgentechnologies.vottak,BabyCare
08-24 14:43:30.337  4585  7124 I SemDvfsHyPerManager: acquire hyper - AMS_ACT_RESUME/4585@33, type = -999
08-24 14:43:30.338  4175  4211 I HYPER-HAL: [RequestManager.cpp]acquire(): Acquired ID : 10665304  [4585 / 33]    HINT : AMS_ACT_RESUME    list :
08-24 14:43:30.338  4175  4211 I HYPER-HAL: [ResourceManager.cpp]updateResource(): [CPUMinFreq] UpdateResource Request ID : 10665304    Value : 1664000
08-24 14:43:30.339  4140  4146 E statsd  : Predicate -7037417284711607308 dropping data for dimension key (10)0x2010101->10574[I] (10)0x30000->*launch*[S]
08-24 14:43:30.340  4140  4146 E statsd  : Predicate 5980654721335871649 dropping data for dimension key (10)0x2010101->10574[I] (10)0x30000->*launch*[S]
08-24 14:43:30.340  4585  7124 D InputDispatcher: Focused application set to (0): 3890c50
08-24 14:43:30.342  4585  7124 V WindowOrientationListener: getProposedRotation: -1
08-24 14:43:30.342  4585  7124 V WindowOrientationListener: getProposedRotation: -1
08-24 14:43:30.343  4585  7124 V WindowOrientationListener: getProposedRotation: -1
08-24 14:43:30.352  4585  5789 I SurfaceControl: nativeRelease nativeObject s[535556322560]
08-24 14:43:30.352  4585  5789 I SurfaceControl: nativeRelease nativeObject e[535556322560]
08-24 14:43:30.352  4585  7124 D SamsungIMMSHWKeyboard: isConnectedDexOnPC false
08-24 14:43:30.353 24159 24159 I SurfaceControl: nativeRelease nativeObject s[536151022016]
08-24 14:43:30.353 24159 24159 I SurfaceControl: nativeRelease nativeObject e[536151022016]
08-24 14:43:30.353 24159 24159 I SurfaceControl: nativeRelease nativeObject s[536151022976]
08-24 14:43:30.353 24159 24159 I SurfaceControl: nativeRelease nativeObject e[536151022976]
08-24 14:43:30.355 24159 24204 I TestRunner: finished: grid_list_button_is_displayed(com.example.dogglers.ButtonTests)
