08-24 14:43:46.513  7388  7388 I HBD     : HoneyBoardService [PF_CL][onFinishInput]  419462 ns
08-24 14:43:46.514  7388  7388 I HBD     : HoneyBoardService [IMI] onStartInput - caller pid : 24159 , caller uid : 10574
08-24 14:43:46.514  7388  7388 I HBD     : i updateConfigs
08-24 14:43:46.514  7388  7388 I HBD     : i isEnabledNightMode : false
08-24 14:43:46.514  7388  7388 I HBD     : a IC have been binded, InputConnectionWrapper{idHash=#bf9cfb3 mMissingMethods=}
08-24 14:43:46.515  7388  7388 I HBD     : h [EditorInputType]setPrivateImeOptionsToTable privateImeOptions ( null )
08-24 14:43:46.515  4226  5359 I Layer   : id=88475 removeFromCurrentState ActivityRecord{be5b060 u0 com.example.dogglers/.GridListActivity t1570}#0 (73)
08-24 14:43:46.516  4226  5359 I Layer   : id=88492 removeFromCurrentState Surface(name=a3a0629 InputMethod)/@0x54f474f - animation-leash#1 (73)
08-24 14:43:46.515  7388  7388 I HBD     : b incognitoMode : false
08-24 14:43:46.516  4226  5359 I SurfaceFlinger: id=88475 Removed ActivityRecord{be5b060 u0 com.example.dogglers/.GridListActivity t1570}#0 (73)
08-24 14:43:46.517  7388  7388 I HBD     : a needOff = true , isForceOff = false, isNullInputClass : true
08-24 14:43:46.518  7388  7388 I HBD     : h getDefaultInputRange : UNKNOWN
08-24 14:43:46.518  7388  7388 I HBD     : h getDefaultInputRange : UNKNOWN
08-24 14:43:46.518 24159 24159 D LifecycleMonitor: Lifecycle status change: androidx.test.core.app.InstrumentationActivityInvoker$EmptyActivity@f91e9ca in: PAUSED
08-24 14:43:46.518  7388  7388 I HBD     : h getDefaultInputRange : UNKNOWN
08-24 14:43:46.518 24159 24159 V ActivityScenario: Activity lifecycle changed event received but ignored because the intent does not match. startActivityIntent=Intent { act=android.intent.action.MAIN cat=[android.intent.category.LAUNCHER] cmp=com.example.dogglers/.GridListActivity }, activity.getIntent()=Intent { act=android.intent.action.MAIN cat=[android.intent.category.LAUNCHER] flg=0x10000000 cmp=com.example.dogglers/androidx.test.core.app.InstrumentationActivityInvoker$EmptyActivity }, activity=androidx.test.core.app.InstrumentationActivityInvoker$EmptyActivity@f91e9ca
08-24 14:43:46.519  4585  7034 D SdpManagerService: Not an enterprise user : 0
08-24 14:43:46.519  4585  7034 D SdpManagerService: Not an enterprise user : 0
08-24 14:43:46.521  4585  7040 V WindowOrientationListener: getProposedRotation: -1
08-24 14:43:46.521  4585  7040 V WindowOrientationListener: getProposedRotation: -1
08-24 14:43:46.521  7388  7388 I HBD     : h getDefaultInputRange : UNKNOWN
08-24 14:43:46.521  7388  7388 I HBD     : a currentState : 0
08-24 14:43:46.522  4585  7040 V WindowOrientationListener: getProposedRotation: -1
08-24 14:43:46.523  7388  7388 I HBD     : h load selected json info : {"version":"1.0","currentLanguageOrder":0,"selected":[{"activeOptionList":["auto_replace","auto_spacing"],"engName":"Russian","id":3342336,"inputType":"qwerty","isUsed":true},{"activeOptionList":["auto_replace","auto_spacing"],"engName":"English","id":65537,"inputType":"qwerty","isUsed":true}]}
08-24 14:43:46.523  4585  7040 D InputDispatcher: Focused application set to (0): c3037b3
08-24 14:43:46.525 21625 21625 I SurfaceControl: nativeRelease nativeObject s[537816938592]
08-24 14:43:46.525 21625 21625 I SurfaceControl: nativeRelease nativeObject e[537816938592]
08-24 14:43:46.525  7388  7388 I HBD     : a [UpdatePolicy] [post] a: 0 cl: 3342336 kit: [0/0] vt: 0 ir: 1
08-24 14:43:46.528  4226  4226 I Layer   : id=88475[1] Destroyed ActivityRecord{be5b060 u0 com.example.dogglers/.GridListActivity t1570}#0
08-24 14:43:46.528  7388  7388 I HBD     : HoneyBoardService [PF_OP][onStartInput]  14204923 ns
08-24 14:43:46.536 24159 24159 D LifecycleMonitor: Lifecycle status change: androidx.test.core.app.InstrumentationActivityInvoker$BootstrapActivity@cb53f94 in: DESTROYED
08-24 14:43:46.536 24159 24159 V ActivityScenario: Activity lifecycle changed event received but ignored because the intent does not match. startActivityIntent=Intent { act=android.intent.action.MAIN cat=[android.intent.category.LAUNCHER] cmp=com.example.dogglers/.GridListActivity }, activity.getIntent()=Intent { act=android.intent.action.MAIN cat=[android.intent.category.LAUNCHER] flg=0x10008000 cmp=com.example.dogglers/androidx.test.core.app.InstrumentationActivityInvoker$BootstrapActivity (has extras) }, activity=androidx.test.core.app.InstrumentationActivityInvoker$BootstrapActivity@cb53f94
08-24 14:43:46.537  4585  7034 I SurfaceControl: nativeRelease nativeObject s[535558904384]
08-24 14:43:46.537  4585  7034 I SurfaceControl: nativeRelease nativeObject e[535558904384]
08-24 14:43:46.538  4585  8021 D SamsungIMMSHWKeyboard: isConnectedDexOnPC false
08-24 14:43:46.538 24159 24159 I SurfaceControl: nativeRelease nativeObject s[536151023552]
08-24 14:43:46.538 24159 24159 I SurfaceControl: nativeRelease nativeObject e[536151023552]
08-24 14:43:46.538 24159 24159 I SurfaceControl: nativeRelease nativeObject s[536151023456]
08-24 14:43:46.538 24159 24159 I SurfaceControl: nativeRelease nativeObject e[536151023456]
08-24 14:43:46.539  4585  8021 D InputMethodManagerService: isImeSwitcherDisabledPackage : false
08-24 14:43:46.540  4226  5359 I Layer   : id=88469 removeFromCurrentState ActivityRecord{7512c93 u0 com.example.dogglers/androidx.test.core.app.InstrumentationActivityInvoker$BootstrapActivity t1570}#0 (72)
08-24 14:43:46.540  4226  5359 I SurfaceFlinger: id=88469 Removed ActivityRecord{7512c93 u0 com.example.dogglers/androidx.test.core.app.InstrumentationActivityInvoker$BootstrapActivity t1570}#0 (72)
08-24 14:43:46.545  4226  4226 I Layer   : id=88469[1] Destroyed ActivityRecord{7512c93 u0 com.example.dogglers/androidx.test.core.app.InstrumentationActivityInvoker$BootstrapActivity t1570}#0
08-24 14:43:46.546  4585  8021 I InputDispatcher: Focus left window (24159): 7c4c772 in display 0 0
08-24 14:43:46.547 24159 24159 D LifecycleMonitor: Lifecycle status change: androidx.test.core.app.InstrumentationActivityInvoker$EmptyActivity@3ae646e in: PRE_ON_CREATE
08-24 14:43:46.547 24159 24159 V ActivityScenario: Activity lifecycle changed event received but ignored because the intent does not match. startActivityIntent=Intent { act=android.intent.action.MAIN cat=[android.intent.category.LAUNCHER] cmp=com.example.dogglers/.GridListActivity }, activity.getIntent()=Intent { act=android.intent.action.MAIN cat=[android.intent.category.LAUNCHER] flg=0x10000000 cmp=com.example.dogglers/androidx.test.core.app.InstrumentationActivityInvoker$EmptyActivity }, activity=androidx.test.core.app.InstrumentationActivityInvoker$EmptyActivity@3ae646e
08-24 14:43:46.589 24159 24159 I DecorView: [INFO] isPopOver=false, config=true
08-24 14:43:46.589 24159 24159 I DecorView: updateCaptionType >> DecorView@869739c[], isFloating=false, isApplication=true, hasWindowDecorCaption=false, hasWindowControllerCallback=true
08-24 14:43:46.589 24159 24159 D DecorView: setCaptionType = 0, this = DecorView@869739c[]
08-24 14:43:46.594 24159 24159 D LifecycleMonitor: Lifecycle status change: androidx.test.core.app.InstrumentationActivityInvoker$EmptyActivity@3ae646e in: CREATED
08-24 14:43:46.594 24159 24159 V ActivityScenario: Activity lifecycle changed event received but ignored because the intent does not match. startActivityIntent=Intent { act=android.intent.action.MAIN cat=[android.intent.category.LAUNCHER] cmp=com.example.dogglers/.GridListActivity }, activity.getIntent()=Intent { act=android.intent.action.MAIN cat=[android.intent.category.LAUNCHER] flg=0x10000000 cmp=com.example.dogglers/androidx.test.core.app.InstrumentationActivityInvoker$EmptyActivity }, activity=androidx.test.core.app.InstrumentationActivityInvoker$EmptyActivity@3ae646e
08-24 14:43:46.596 24159 24159 D LifecycleMonitor: Lifecycle status change: androidx.test.core.app.InstrumentationActivityInvoker$EmptyActivity@3ae646e in: STARTED
08-24 14:43:46.597 24159 24159 V ActivityScenario: Activity lifecycle changed event received but ignored because the intent does not match. startActivityIntent=Intent { act=android.intent.action.MAIN cat=[android.intent.category.LAUNCHER] cmp=com.example.dogglers/.GridListActivity }, activity.getIntent()=Intent { act=android.intent.action.MAIN cat=[android.intent.category.LAUNCHER] flg=0x10000000 cmp=com.example.dogglers/androidx.test.core.app.InstrumentationActivityInvoker$EmptyActivity }, activity=androidx.test.core.app.InstrumentationActivityInvoker$EmptyActivity@3ae646e
08-24 14:43:46.599 24159 24159 D LifecycleMonitor: Lifecycle status change: androidx.test.core.app.InstrumentationActivityInvoker$EmptyActivity@3ae646e in: RESUMED
08-24 14:43:46.599 24159 24159 V ActivityScenario: Activity lifecycle changed event received but ignored because the intent does not match. startActivityIntent=Intent { act=android.intent.action.MAIN cat=[android.intent.category.LAUNCHER] cmp=com.example.dogglers/.GridListActivity }, activity.getIntent()=Intent { act=android.intent.action.MAIN cat=[android.intent.category.LAUNCHER] flg=0x10000000 cmp=com.example.dogglers/androidx.test.core.app.InstrumentationActivityInvoker$EmptyActivity }, activity=androidx.test.core.app.InstrumentationActivityInvoker$EmptyActivity@3ae646e
08-24 14:43:46.604  4585  8021 D InputTransport: Input channel constructed: 'a869e1e', fd=675
08-24 14:43:46.604  4585  8021 D InputTransport: Input channel constructed: 'a869e1e', fd=676
08-24 14:43:46.605  4226  5359 I SurfaceFlinger: id=88494 createSurf (0x0),-1 flag=80004, a869e1e com.example.dogglers/androidx.test.core.app.InstrumentationActivityInvoker$EmptyActivity#0
08-24 14:43:46.605  4585  8021 D WindowManager: isScreenshotDisabledLocked - win: Window{a869e1e u0 com.example.dogglers/androidx.test.core.app.InstrumentationActivityInvoker$EmptyActivity}
08-24 14:43:46.605  4585  8021 D WindowManager: isScreenshotDisabledLocked: userId = 0, disabled =false
08-24 14:43:46.605  4585  8021 D InputTransport: Input channel destroyed: 'a869e1e', fd=676
08-24 14:43:46.606 24159 24159 D InputTransport: Input channel constructed: 'a869e1e', fd=89
08-24 14:43:46.607 24159 24159 I ViewRootImpl@da5752b[InstrumentationActivityInvoker$EmptyActivity]: setView = com.android.internal.policy.DecorView@869739c TM=true
08-24 14:43:46.616  4585  8021 V WindowManager: Relayout Window{a869e1e u0 com.example.dogglers/androidx.test.core.app.InstrumentationActivityInvoker$EmptyActivity}: viewVisibility=0 req=1080x2340
08-24 14:43:46.618  4585  8021 D WindowManager: isScreenshotDisabledLocked - win: Window{a869e1e u0 com.example.dogglers/androidx.test.core.app.InstrumentationActivityInvoker$EmptyActivity}
08-24 14:43:46.618  4585  8021 D WindowManager: isScreenshotDisabledLocked: userId = 0, disabled =false
08-24 14:43:46.619  4226  4601 I SurfaceFlinger: id=88495 createSurf (1080x2340),1 flag=404, com.example.dogglers/androidx.test.core.app.InstrumentationActivityInvoker$EmptyActivity$_24159#1
08-24 14:43:46.621  4585  8021 I SurfaceControl: nativeRelease nativeObject s[537628419424]
08-24 14:43:46.621  4585  8021 I SurfaceControl: nativeRelease nativeObject e[537628419424]
08-24 14:43:46.621  9865  9865 I TrayStateController: systemUiVisibilityChanged : 0 0
08-24 14:43:46.621  4226  4601 I SurfaceFlinger: id=88496 createSurf (0x0),-1 flag=24000, Surface(name=e455c2d StatusBar)/@0x2f65071 - animation-leash#1
08-24 14:43:46.622  4585  8021 I SurfaceControl: nativeRelease nativeObject s[537628414624]
08-24 14:43:46.622  4585  8021 I SurfaceControl: nativeRelease nativeObject e[537628414624]
08-24 14:43:46.622  4226  4601 I SurfaceFlinger: id=88497 createSurf (0x0),-1 flag=24000, Surface(name=a71bb8f NavigationBar0)/@0x8f38906 - animation-leash#1
08-24 14:43:46.624  4585  8021 V WindowManager: Relayout hash=a869e1e, pid=24159: mAttrs={(0,0)(fillxfill) sim={adjust=pan forwardNavigation} ty=BASE_APPLICATION wanim=0x1030001
08-24 14:43:46.624  4585  8021 V WindowManager:   fl=1810100
08-24 14:43:46.624  4585  8021 V WindowManager:   pfl=12020000
08-24 14:43:46.624  4585  8021 V WindowManager:   apr=LIGHT_NAVIGATION_BARS
08-24 14:43:46.624  4585  8021 V WindowManager:   fitSides= naviIconColor=0
08-24 14:43:46.624  4585  8021 V WindowManager:   sfl=100000}
08-24 14:43:46.625  4585  8021 I SurfaceControl: nativeRelease nativeObject s[537816940032]
08-24 14:43:46.625  4585  8021 I SurfaceControl: nativeRelease nativeObject e[537816940032]
08-24 14:43:46.626 24159 24159 I SurfaceControl: assignNativeObject: nativeObject = 0 Surface(name=null)/@0x3682d88 / android.view.SurfaceControl.readFromParcel:1117 android.view.IWindowSession$Stub$Proxy.relayout:1820 android.view.ViewRootImpl.relayoutWindow:9005 android.view.ViewRootImpl.performTraversals:3360 android.view.ViewRootImpl.doTraversal:2618 android.view.ViewRootImpl$TraversalRunnable.run:9971 android.view.Choreographer$CallbackRecord.run:1010 android.view.Choreographer.doCallbacks:809 android.view.Choreographer.doFrame:744 android.view.Choreographer$FrameDisplayEventReceiver.run:995
08-24 14:43:46.627 24159 24159 I ViewRootImpl@da5752b[InstrumentationActivityInvoker$EmptyActivity]: Relayout returned: old=(0,0,1080,2340) new=(0,0,1080,2340) req=(1080,2340)0 dur=11 res=0x7 s={true 535654928384} ch=true fn=-1
08-24 14:43:46.630  4226  5359 I Layer   : id=88489 removeFromCurrentState Surface(name=e455c2d StatusBar)/@0x2f65071 - animation-leash#0 (75)
08-24 14:43:46.630  4226  5359 I Layer   : id=88490 removeFromCurrentState Surface(name=a71bb8f NavigationBar0)/@0x8f38906 - animation-leash#0 (75)
08-24 14:43:46.632 24159 24159 I ViewRootImpl@da5752b[InstrumentationActivityInvoker$EmptyActivity]: [DP] dp(1) 1 android.view.ViewRootImpl.reportNextDraw:10957 android.view.ViewRootImpl.performTraversals:3845 android.view.ViewRootImpl.doTraversal:2618
08-24 14:43:46.632 24159 24159 I ViewRootImpl@da5752b[InstrumentationActivityInvoker$EmptyActivity]: [DP] pd() Asnyc report
08-24 14:43:46.632  4159 16850 D gralloc : [mali_gralloc_allocate] begin
08-24 14:43:46.632  4159 16850 D gralloc : buffer_descriptor: wh(1080 2340) usage_pc(0x40000000000b00 0x40000000000b00) hal_format(0x1) layer_count(1) sizes(0 0 0) strde(0) byte_stride(0) alloc_wh(0 0) internal_format(0x0) alloc_format(0x0) fd_count(1) plane_count(0)
08-24 14:43:46.635  4159 16850 D gralloc : [mali_gralloc_allocate] allocation successful
08-24 14:43:46.635  4159 16850 D gralloc : [mali_gralloc_allocate] begin
08-24 14:43:46.636  4159 16850 D gralloc : buffer_descriptor: wh(1080 2340) usage_pc(0x40000000000b00 0x40000000000b00) hal_format(0x1) layer_count(1) sizes(0 0 0) strde(0) byte_stride(0) alloc_wh(0 0) internal_format(0x0) alloc_format(0x0) fd_count(1) plane_count(0)
08-24 14:43:46.637  4159 16850 D gralloc : [mali_gralloc_allocate] allocation successful
08-24 14:43:46.639  4159 16850 D gralloc : [mali_gralloc_allocate] begin
08-24 14:43:46.639  4159 16850 D gralloc : buffer_descriptor: wh(1080 2340) usage_pc(0x40000000000b00 0x40000000000b00) hal_format(0x1) layer_count(1) sizes(0 0 0) strde(0) byte_stride(0) alloc_wh(0 0) internal_format(0x0) alloc_format(0x0) fd_count(1) plane_count(0)
08-24 14:43:46.639 24159 24159 I ViewRootImpl@da5752b[InstrumentationActivityInvoker$EmptyActivity]: [DP] pdf(0) 1 android.view.ViewRootImpl.lambda$performDraw$1$ViewRootImpl:4668 android.view.-$$Lambda$ViewRootImpl$DJd0VUYJgsebcnSohO6h8zc_ONI.run:6 android.os.Handler.handleCallback:938
08-24 14:43:46.639 24159 24159 I ViewRootImpl@da5752b[InstrumentationActivityInvoker$EmptyActivity]: [DP] rdf()
08-24 14:43:46.640 24159 24159 I ViewRootImpl@33a1c17[InstrumentationActivityInvoker$EmptyActivity]: MSG_WINDOW_FOCUS_CHANGED 0 1
08-24 14:43:46.641  4159 16850 D gralloc : [mali_gralloc_allocate] allocation successful
08-24 14:43:46.644  4585  4613 D PkgPredictorService: pkg:com.example.dogglers activity:androidx.test.core.app.InstrumentationActivityInvoker$EmptyActivity thisTime:156
08-24 14:43:46.648  4585  4613 I SemDvfsHyPerManager: acquire hyper - AMS_RESUME_TAIL/4585@18, type = -999
08-24 14:43:46.648  4585  4617 I ActivityTaskManager: Displayed com.example.dogglers/androidx.test.core.app.InstrumentationActivityInvoker$EmptyActivity: +156ms
08-24 14:43:46.648  4585  4613 I SemDvfsHyPerManager: acquire hyper - AMS_ACT_LAZY/4585@19, type = -999
08-24 14:43:46.649  4175  4211 I HYPER-HAL: [RequestManager.cpp]acquire(): Acquired ID : 10596124  [4585 / 18]    HINT : AMS_RESUME_TAIL    list :
08-24 14:43:46.649  4175  4211 I HYPER-HAL: [ResourceManager.cpp]updateResource(): [CPUMinFreq] UpdateResource Request ID : 10596124    Value : 1768000
08-24 14:43:46.649  4175  4211 I HYPER-HAL: [RequestManager.cpp]acquire(): Acquired ID : 10600729  [4585 / 19]    HINT :      list :
08-24 14:43:46.650  4175  4211 E HYPER-HAL: [Request.cpp]acquire(): Request:: id : 10600729, No Resource to set
08-24 14:43:46.650  4175  4211 I HYPER-HAL: [ResourceManager.cpp]removeResource(): [CPUMinFreq] RemoveResource Request ID : 10586917
08-24 14:43:46.650  4175  4211 I HYPER-HAL: [RequestManager.cpp]releaseLocked(): Released ID : 10586917
08-24 14:43:46.654 24159 24159 I SurfaceControl: nativeRelease nativeObject s[536151021440]
08-24 14:43:46.654 24159 24159 I SurfaceControl: nativeRelease nativeObject e[536151021440]
08-24 14:43:46.654 24159 24159 I SurfaceControl: nativeRelease nativeObject s[536151022976]
08-24 14:43:46.654 24159 24159 I SurfaceControl: nativeRelease nativeObject e[536151022976]
08-24 14:43:46.654 24159 24159 I SurfaceControl: nativeRelease nativeObject s[536151022784]
08-24 14:43:46.654 24159 24159 I SurfaceControl: nativeRelease nativeObject e[536151022784]
08-24 14:43:46.654  4226  4248 I SurfaceFlinger: id=88490 Removed Surface(name=a71bb8f NavigationBar0)/@0x8f38906 - animation-leash#0 (75)
08-24 14:43:46.654  4226  4248 I SurfaceFlinger: id=88489 Removed Surface(name=e455c2d StatusBar)/@0x2f65071 - animation-leash#0 (75)
08-24 14:43:46.662  4226  4226 I Layer   : id=88489[1] Destroyed Surface(name=e455c2d StatusBar)/@0x2f65071 - animation-leash#0
08-24 14:43:46.662  4226  4226 I Layer   : id=88490[1] Destroyed Surface(name=a71bb8f NavigationBar0)/@0x8f38906 - animation-leash#0
08-24 14:43:46.663  4585  7044 I InputDispatcher: Focus entered window (24159): a869e1e in display 0 0
08-24 14:43:46.664  4226  4601 E BufferQueueProducer: [com.example.dogglers/androidx.test.core.app.InstrumentationActivityInvoker$EmptyActivity$_24159#0](id:108200004958,api:0,p:-1,c:4226) disconnect: not connected (req=1)
08-24 14:43:46.664 24159 24214 W libEGL  : EGLNativeWindowType 0x7cb779b010 disconnect failed
08-24 14:43:46.665  4585  7044 V WindowManager: Relayout Window{7c4c772 u0 com.example.dogglers/androidx.test.core.app.InstrumentationActivityInvoker$EmptyActivity}: viewVisibility=8 req=1080x2340
08-24 14:43:46.668  4226  4226 D SurfaceFlinger: Display 0 HWC layers:
08-24 14:43:46.668  4226  4226 D SurfaceFlinger:      DEVICE | 0x7851238700 | 0002 | RGBA_8888    |    0.0    0.0 1080.0 2340.0 |    0    0 1080 2340 | com.example.dogglers/androidx.test.c[...]tivityInvoker$EmptyActivity$_24159#1
08-24 14:43:46.668  4226  4226 D SurfaceFlinger:      DEVICE | 0x77ce816940 | 0000 | RGBA_8888    |    0.0    0.0 1080.0   83.0 |    0    0 1080   83 | StatusBar$_4896#0
08-24 14:43:46.668  4226  4226 D SurfaceFlinger:      DEVICE | 0x77ce8157c0 | 0000 | RGBA_8888    |    0.0    0.0   67.0  342.0 |    0  746   67 1088 | com.samsung.android.app.cocktailbars[...]arservice.CocktailBarService$_9865#0
08-24 14:43:46.668  4226  4226 D SurfaceFlinger:      DEVICE | 0x7851238200 | 0000 | RGBA_8888    |    0.0    0.0  388.0   39.0 |  692 2301 1080 2340 | SGestureOverlayWindow$_5408#0
08-24 14:43:46.668  4226  4226 D SurfaceFlinger:      DEVICE | 0x77ce815f40 | 0000 | RGBA_8888    |    0.0    0.0 1080.0  126.0 |    0 2214 1080 2340 | NavigationBar0$_4896#0
08-24 14:43:46.668  4226  4226 D SurfaceFlinger:      DEVICE | 0x77ce814b40 | 0000 | RGBA_8888    |    0.0    0.0 1080.0  151.0 |    0    0 1080  151 | ScreenDecorOverlay$_4896#0
08-24 14:43:46.668  4226  4226 D SurfaceFlinger:      DEVICE | 0x77ce817d40 | 0000 | RGBA_8888    |    0.0    0.0 1080.0  151.0 |    0 2189 1080 2340 | ScreenDecorOverlayBottom$_
08-24 14:43:46.668  4226  4226 D SurfaceFlinger: 4896#0
08-24 14:43:46.668  4226  4226 D SurfaceFlinger:
08-24 14:43:46.669  4585  7044 V WindowManager: Relayout hash=7c4c772, pid=24159: mAttrs={(0,0)(fillxfill) sim={adjust=pan forwardNavigation} ty=BASE_APPLICATION wanim=0x1030001
08-24 14:43:46.669  4585  7044 V WindowManager:   fl=1810100
08-24 14:43:46.669  4585  7044 V WindowManager:   pfl=12020000
08-24 14:43:46.669  4585  7044 V WindowManager:   apr=LIGHT_NAVIGATION_BARS
08-24 14:43:46.669  4585  7044 V WindowManager:   fitSides= naviIconColor=0
08-24 14:43:46.669  4585  7044 V WindowManager:   sfl=100000}
08-24 14:43:46.671 24159 24159 I SurfaceControl: nativeRelease nativeObject s[535648697664]
08-24 14:43:46.671 24159 24159 I SurfaceControl: nativeRelease nativeObject e[535648697664]
08-24 14:43:46.671 24159 24159 I SurfaceControl: assignNativeObject: nativeObject = 0 Surface(name=null)/@0x6b0321 / android.view.SurfaceControl.readFromParcel:1117 android.view.IWindowSession$Stub$Proxy.relayout:1810 android.view.ViewRootImpl.relayoutWindow:9005 android.view.ViewRootImpl.performTraversals:3360 android.view.ViewRootImpl.doTraversal:2618 android.view.ViewRootImpl$TraversalRunnable.run:9971 android.view.Choreographer$CallbackRecord.run:1010 android.view.Choreographer.doCallbacks:809 android.view.Choreographer.doFrame:744 android.view.Choreographer$FrameDisplayEventReceiver.run:995
08-24 14:43:46.672 24159 24159 I SurfaceControl: assignNativeObject: nativeObject = 0 Surface(name=null)/@0x5172804 / android.view.SurfaceControl.readFromParcel:1117 android.view.IWindowSession$Stub$Proxy.relayout:1820 android.view.ViewRootImpl.relayoutWindow:9005 android.view.ViewRootImpl.performTraversals:3360 android.view.ViewRootImpl.doTraversal:2618 android.view.ViewRootImpl$TraversalRunnable.run:9971 android.view.Choreographer$CallbackRecord.run:1010 android.view.Choreographer.doCallbacks:809 android.view.Choreographer.doFrame:744 android.view.Choreographer$FrameDisplayEventReceiver.run:995
08-24 14:43:46.672  4226  4226 I SurfaceFlinger: SFWD update time=571764008525193
08-24 14:43:46.673 24159 24159 I SurfaceControl: nativeRelease nativeObject s[536151023744]
08-24 14:43:46.673 24159 24159 I SurfaceControl: nativeRelease nativeObject e[536151023744]
08-24 14:43:46.673 24159 24159 I ViewRootImpl@33a1c17[InstrumentationActivityInvoker$EmptyActivity]: Relayout returned: old=(0,0,1080,2340) new=(0,0,1080,2340) req=(1080,2340)8 dur=8 res=0x5 s={false 0} ch=true fn=2
08-24 14:43:46.684  4585  4839 D SemWifiApTrafficPoller: received START_TRAFFIC_CHECK
08-24 14:43:46.685 24159 24159 I ViewRootImpl@da5752b[InstrumentationActivityInvoker$EmptyActivity]: MSG_WINDOW_FOCUS_CHANGED 1 1
08-24 14:43:46.685 24159 24159 D InputMethodManager: prepareNavigationBarInfo() DecorView@869739c[InstrumentationActivityInvoker$EmptyActivity]
08-24 14:43:46.685 24159 24159 D InputMethodManager: getNavigationBarColor() -855310
08-24 14:43:46.686 24159 24159 D InputMethodManager: prepareNavigationBarInfo() DecorView@869739c[InstrumentationActivityInvoker$EmptyActivity]
08-24 14:43:46.686 24159 24159 D InputMethodManager: getNavigationBarColor() -855310
08-24 14:43:46.686 24159 24159 V InputMethodManager: Starting input: tba=com.example.dogglers ic=null mNaviBarColor -855310 mIsGetNaviBarColorSuccess true , NavVisible : true , NavTrans : false
08-24 14:43:46.686 24159 24159 D InputMethodManager: startInputInner - Id : 0
08-24 14:43:46.686 24159 24159 I InputMethodManager: startInputInner - mService.startInputOrWindowGainedFocus
08-24 14:43:46.687  4585  7044 D InputMethodManagerService: mSecureKeypadEnabled = false
08-24 14:43:46.687  4585  7044 V InputMethodManagerService: hideCurrentInputLocked : shouldHideSoftInput is false
08-24 14:43:46.687  4585  7044 D InputMethodManagerService: mDesktopModeManager null!
08-24 14:43:46.687  4585  7044 V InputMethodManagerService: getDisplayIdOfInputMethodWindowToBeAdded : 0
08-24 14:43:46.688  4585  7044 D InputMethodManagerService: checkDisplayOfStartInputAndUpdateKeyboard display Id 0last 0
08-24 14:43:46.688  4585  7044 D InputTransport: Input channel constructed: 'ClientS', fd=674
08-24 14:43:46.688  4585  7044 D InputTransport: Input channel destroyed: 'ClientS', fd=674
08-24 14:43:46.688 24159 24159 D InputTransport: Input channel constructed: 'ClientS', fd=93
08-24 14:43:46.688 24159 24159 D InputTransport: Input channel destroyed: 'ClientS', fd=80
08-24 14:43:46.689  4585  7044 I SurfaceControl: nativeRelease nativeObject s[535558903904]
08-24 14:43:46.689  4585  7044 I SurfaceControl: nativeRelease nativeObject e[535558903904]
08-24 14:43:46.689 24159 24159 I ViewRootImpl@33a1c17[InstrumentationActivityInvoker$EmptyActivity]: stopped(true) old=false
08-24 14:43:46.689  4226  4601 I SurfaceFlinger: id=88498 createSurf (0x0),-1 flag=24004, Surface(name=a3a0629 InputMethod)/@0x54f474f - animation-leash#1
08-24 14:43:46.690 24159 24159 D LifecycleMonitor: Lifecycle status change: androidx.test.core.app.InstrumentationActivityInvoker$EmptyActivity@f91e9ca in: STOPPED
08-24 14:43:46.690 24159 24159 V ActivityScenario: Activity lifecycle changed event received but ignored because the intent does not match. startActivityIntent=Intent { act=android.intent.action.MAIN cat=[android.intent.category.LAUNCHER] cmp=com.example.dogglers/.GridListActivity }, activity.getIntent()=Intent { act=android.intent.action.MAIN cat=[android.intent.category.LAUNCHER] flg=0x10000000 cmp=com.example.dogglers/androidx.test.core.app.InstrumentationActivityInvoker$EmptyActivity }, activity=androidx.test.core.app.InstrumentationActivityInvoker$EmptyActivity@f91e9ca
08-24 14:43:46.691  7388  7388 I HBD     : HoneyBoardService onFinishInput
08-24 14:43:46.691  7388  7388 I HBD     : a IC have been unbinded,  InputConnectionWrapper{idHash=#bf9cfb3 mMissingMethods=}
08-24 14:43:46.691  7388  7388 I HBD     : HoneyBoardService [PF_CL][onFinishInput]  436693 ns
08-24 14:43:46.692  7388  7388 I HBD     : HoneyBoardService [IMI] onStartInput - caller pid : 24159 , caller uid : 10574
08-24 14:43:46.692  7388  7388 I HBD     : i updateConfigs
08-24 14:43:46.692  7388  7388 I HBD     : i isEnabledNightMode : false
08-24 14:43:46.692  7388  7388 I HBD     : a IC have been binded, InputConnectionWrapper{idHash=#bf9cfb3 mMissingMethods=}
08-24 14:43:46.693  7388  7388 I HBD     : h [EditorInputType]setPrivateImeOptionsToTable privateImeOptions ( null )
08-24 14:43:46.693  7388  7388 I HBD     : b incognitoMode : false
08-24 14:43:46.693  7388  7388 I HBD     : a needOff = true , isForceOff = false, isNullInputClass : true
08-24 14:43:46.694  7388  7388 I HBD     : h getDefaultInputRange : UNKNOWN
08-24 14:43:46.694  7388  7388 I HBD     : h getDefaultInputRange : UNKNOWN
08-24 14:43:46.694  7388  7388 I HBD     : h getDefaultInputRange : UNKNOWN
08-24 14:43:46.696  4226  4601 I Layer   : id=88493 removeFromCurrentState Surface(name=a3a0629 InputMethod)/@0x54f474f - animation-leash#0 (74)
08-24 14:43:46.696  4585  8021 I InputDispatcher: Focus left window (24159): a869e1e in display 0 0
08-24 14:43:46.696  4585  7044 D SdpManagerService: Not an enterprise user : 0
08-24 14:43:46.696  4585  7044 D SdpManagerService: Not an enterprise user : 0
08-24 14:43:46.698  7388  7388 I HBD     : h getDefaultInputRange : UNKNOWN
08-24 14:43:46.698  7388  7388 I HBD     : a currentState : 0
08-24 14:43:46.700  7388  7388 I HBD     : h load selected json info : {"version":"1.0","currentLanguageOrder":0,"selected":[{"activeOptionList":["auto_replace","auto_spacing"],"engName":"Russian","id":3342336,"inputType":"qwerty","isUsed":true},{"activeOptionList":["auto_replace","auto_spacing"],"engName":"English","id":65537,"inputType":"qwerty","isUsed":true}]}
08-24 14:43:46.701  7388  7388 I HBD     : a [UpdatePolicy] [post] a: 0 cl: 3342336 kit: [0/0] vt: 0 ir: 1
08-24 14:43:46.703  7388  7388 I HBD     : HoneyBoardService [PF_OP][onStartInput]  10621461 ns
08-24 14:43:46.708 24159 24159 D LifecycleMonitor: Lifecycle status change: androidx.test.core.app.InstrumentationActivityInvoker$EmptyActivity@f91e9ca in: DESTROYED
08-24 14:43:46.708 24159 24159 V ActivityScenario: Activity lifecycle changed event received but ignored because the intent does not match. startActivityIntent=Intent { act=android.intent.action.MAIN cat=[android.intent.category.LAUNCHER] cmp=com.example.dogglers/.GridListActivity }, activity.getIntent()=Intent { act=android.intent.action.MAIN cat=[android.intent.category.LAUNCHER] flg=0x10000000 cmp=com.example.dogglers/androidx.test.core.app.InstrumentationActivityInvoker$EmptyActivity }, activity=androidx.test.core.app.InstrumentationActivityInvoker$EmptyActivity@f91e9ca
08-24 14:43:46.708 24159 24159 I ViewRootImpl@33a1c17[InstrumentationActivityInvoker$EmptyActivity]: dispatchDetachedFromWindow
08-24 14:43:46.709  4585  7040 D InputTransport: Input channel destroyed: '7c4c772', fd=651
08-24 14:43:46.709  4585  7040 I SurfaceControl: nativeRelease nativeObject s[537816938688]
08-24 14:43:46.709  4585  7040 I SurfaceControl: nativeRelease nativeObject e[537816938688]
08-24 14:43:46.709  4585  7040 D WindowManager: isScreenshotDisabledLocked - win: Window{7c4c772 u0 com.example.dogglers/androidx.test.core.app.InstrumentationActivityInvoker$EmptyActivity}
08-24 14:43:46.709  4585  7040 D WindowManager: isScreenshotDisabledLocked: userId = 0, disabled =false
08-24 14:43:46.710  4585  7040 I SurfaceControl: nativeRelease nativeObject s[535556872992]
08-24 14:43:46.710  4585  7040 I SurfaceControl: nativeRelease nativeObject e[535556872992]
08-24 14:43:46.710  4226  4601 I Layer   : id=88488 removeFromCurrentState com.example.dogglers/androidx.test.core.app.InstrumentationActivityInvoker$EmptyActivity$_24159#0 (74)
08-24 14:43:46.710  4226  4601 I SurfaceFlinger: id=88488 Removed com.example.dogglers/androidx.test.core.app.InstrumentationActivityInvoker$EmptyActivity$_24159#0 (74)
08-24 14:43:46.712  4226  4226 I Layer   : id=88488[1] Destroyed com.example.dogglers/androidx.test.core.app.InstrumentationActivityInvoker$EmptyActivity$_24159#0
08-24 14:43:46.712  4226  4601 I Layer   : id=88487 removeFromCurrentState 7c4c772 com.example.dogglers/androidx.test.core.app.InstrumentationActivityInvoker$EmptyActivity#0 (73)
08-24 14:43:46.714  4226  4601 I SurfaceFlinger: id=88487 Removed 7c4c772 com.example.dogglers/androidx.test.core.app.InstrumentationActivityInvoker$EmptyActivity#0 (73)
08-24 14:43:46.714 24159 24159 D InputTransport: Input channel destroyed: '7c4c772', fd=92
08-24 14:43:46.715  4585  8021 I SurfaceControl: nativeRelease nativeObject s[535556864160]
08-24 14:43:46.716  4585  8021 I SurfaceControl: nativeRelease nativeObject e[535556864160]
08-24 14:43:46.718 24159 24159 D LifecycleMonitor: Lifecycle status change: androidx.test.core.app.InstrumentationActivityInvoker$EmptyActivity@3ae646e in: PAUSED
08-24 14:43:46.718  4226  4601 I Layer   : id=88486 removeFromCurrentState ActivityRecord{bd8e83c u0 com.example.dogglers/androidx.test.core.app.InstrumentationActivityInvoker$EmptyActivity t1570}#0 (73)
08-24 14:43:46.718  4226  4601 I SurfaceFlinger: id=88486 Removed ActivityRecord{bd8e83c u0 com.example.dogglers/androidx.test.core.app.InstrumentationActivityInvoker$EmptyActivity t1570}#0 (73)
08-24 14:43:46.718 24159 24159 V ActivityScenario: Activity lifecycle changed event received but ignored because the intent does not match. startActivityIntent=Intent { act=android.intent.action.MAIN cat=[android.intent.category.LAUNCHER] cmp=com.example.dogglers/.GridListActivity }, activity.getIntent()=Intent { act=android.intent.action.MAIN cat=[android.intent.category.LAUNCHER] flg=0x10000000 cmp=com.example.dogglers/androidx.test.core.app.InstrumentationActivityInvoker$EmptyActivity }, activity=androidx.test.core.app.InstrumentationActivityInvoker$EmptyActivity@3ae646e
08-24 14:43:46.720  4585  7034 I SemDvfsHyPerManager: acquire hyper - AMS_ACT_RESUME/4585@33, type = -999
08-24 14:43:46.721  4585  7034 D InputDispatcher: Focused application set to (0): 3890c50
08-24 14:43:46.722  4140  4146 E statsd  : Predicate -7037417284711607308 dropping data for dimension key (10)0x2010101->10574[I] (10)0x30000->*launch*[S]
08-24 14:43:46.722  4140  4146 E statsd  : Predicate 5980654721335871649 dropping data for dimension key (10)0x2010101->10574[I] (10)0x30000->*launch*[S]
08-24 14:43:46.722  4175  4211 I HYPER-HAL: [RequestManager.cpp]acquire(): Acquired ID : 10665304  [4585 / 33]    HINT : AMS_ACT_RESUME    list :
08-24 14:43:46.723  4585  7034 V WindowOrientationListener: getProposedRotation: -1
08-24 14:43:46.723  4585  7034 V WindowOrientationListener: getProposedRotation: -1
08-24 14:43:46.723  4175  4211 I HYPER-HAL: [ResourceManager.cpp]updateResource(): [CPUMinFreq] UpdateResource Request ID : 10665304    Value : 1664000
08-24 14:43:46.724  4585  7034 V WindowOrientationListener: getProposedRotation: -1
08-24 14:43:46.728 24159 24159 I SurfaceControl: nativeRelease nativeObject s[535648697664]
08-24 14:43:46.728 24159 24159 I SurfaceControl: nativeRelease nativeObject e[535648697664]
08-24 14:43:46.729 21625 21625 I SurfaceView: onWindowVisibilityChanged(4) false android.view.SurfaceView{c9edee9 V.E...... ......ID 0,0-1080,607} of ViewRootImpl@b7edacd[WatchWhileActivity]
08-24 14:43:46.729  4226  4226 I Layer   : id=88486[1] Destroyed ActivityRecord{bd8e83c u0 com.example.dogglers/androidx.test.core.app.InstrumentationActivityInvoker$EmptyActivity t1570}#0
08-24 14:43:46.729  4226  4226 I Layer   : id=88487[1] Destroyed 7c4c772 com.example.dogglers/androidx.test.core.app.InstrumentationActivityInvoker$EmptyActivity#0
08-24 14:43:46.731  4585  8021 V WindowManager: Relayout Window{911a194 u0 com.google.android.youtube/com.google.android.apps.youtube.app.watchwhile.WatchWhileActivity}: viewVisibility=4 req=1080x2340
08-24 14:43:46.732 24159 24159 I SurfaceControl: nativeRelease nativeObject s[536151021920]
08-24 14:43:46.732 24159 24159 I SurfaceControl: nativeRelease nativeObject e[536151021920]
08-24 14:43:46.732 24159 24159 I SurfaceControl: nativeRelease nativeObject s[536151021536]
08-24 14:43:46.732 24159 24159 I SurfaceControl: nativeRelease nativeObject e[536151021536]
08-24 14:43:46.732  4585  7034 D SamsungIMMSHWKeyboard: isConnectedDexOnPC false
08-24 14:43:46.732 24159 24159 I ViewRootImpl@da5752b[InstrumentationActivityInvoker$EmptyActivity]: MSG_WINDOW_FOCUS_CHANGED 0 1
08-24 14:43:46.734 24159 24204 E TestRunner: failed: grid_list_content_at_first_position(com.example.dogglers.GridListTests)
08-24 14:43:46.734 24159 24204 E TestRunner: ----- begin exception -----
08-24 14:43:46.735  4585  8021 V WindowManager: Relayout hash=911a194, pid=21625: mAttrs={(0,0)(fillxfill) sim={adjust=resize} layoutInDisplayCutoutMode=shortEdges ty=BASE_APPLICATION fmt=TRANSLUCENT wanim=0x1030304 sysuil=true
08-24 14:43:46.735  4585  8021 V WindowManager:   fl=81810100
08-24 14:43:46.735  4585  8021 V WindowManager:   pfl=12020000
08-24 14:43:46.735  4585  8021 V WindowManager:   vsysui=3710
08-24 14:43:46.735  4585  8021 V WindowManager:   apr=LIGHT_STATUS_BARS LIGHT_NAVIGATION_BARS
08-24 14:43:46.735  4585  8021 V WindowManager:   bhv=SHOW_TRANSIENT_BARS_BY_SWIPE
08-24 14:43:46.735  4585  8021 V WindowManager:   fitSides= naviIconColor=0}
08-24 14:43:46.735 24159 24204 E TestRunner: androidx.test.espresso.NoMatchingViewException: No views in hierarchy found matching: an instance of android.widget.TextView and view.getText() with or without transformation to match: is "sunbathing"
08-24 14:43:46.735 24159 24204 E TestRunner:
08-24 14:43:46.735 24159 24204 E TestRunner: View Hierarchy:
08-24 14:43:46.735 24159 24204 E TestRunner: +>DecorView{id=-1, visibility=VISIBLE, width=1080, height=2340, has-focus=false, has-focusable=true, has-window-focus=true, is-clickable=false, is-enabled=true, is-focused=false, is-focusable=false, is-layout-requested=false, is-selected=false, layout-params={(0,0)(fillxfill) ty=BASE_APPLICATION wanim=0x1030304
08-24 14:43:46.735 24159 24204 E TestRunner:   fl=81810100
08-24 14:43:46.735 24159 24204 E TestRunner:   pfl=10020000
08-24 14:43:46.735 24159 24204 E TestRunner:   fitSides= naviIconColor=0
08-24 14:43:46.735 24159 24204 E TestRunner:   sfl=100000}, tag=null, root-is-layout-requested=false, has-input-connection=false, x=0.0, y=0.0, child-count=3}
08-24 14:43:46.735 24159 24204 E TestRunner: |
08-24 14:43:46.735 24159 24204 E TestRunner: +->LinearLayout{id=-1, visibility=VISIBLE, width=1080, height=2301, has-focus=false, has-focusable=true, has-window-focus=true, is-clickable=false, is-enabled=true, is-focused=false, is-focusable=false, is-layout-requested=false, is-selected=false, layout-params=android.widget.FrameLayout$LayoutParams@a6fba81, tag=null, root-is-layout-requested=false, has-input-connection=false, x=0.0, y=0.0, child-count=2}
08-24 14:43:46.735 24159 24204 E TestRunner: |
08-24 14:43:46.735 24159 24204 E TestRunner: +-->ViewStub{id=16908721, res-name=action_mode_bar_stub, visibility=GONE, width=0, height=0, has-focus=false, has-focusable=false, has-window-focus=true, is-clickable=false, is-enabled=true, is-focused=false, is-focusable=false, is-layout-requested=true, is-selected=false, layout-params=android.widget.LinearLayout$LayoutParams@d2be726, tag=null, root-is-layout-requested=false, has-input-connection=false, x=0.0, y=0.0}
08-24 14:43:46.735 24159 24204 E TestRunner: |
08-24 14:43:46.735 24159 24204 E TestRunner: +-->FrameLayout{id=-1, visibility=VISIBLE, width=1080, height=2218, has-focus=false, has-focusable=true, has-window-focus=true, is-clickable=false, is-enabled=true, is-focused=false, is-focusable=false, is-layout-requested=false, is-selected=false, layout-params=android.widget.LinearLayout$LayoutParams@5f6c114, tag=null, root-is-layout-requested=false, has-input-connection=false, x=0.0, y=83.0, child-count=1}
08-24 14:43:46.735 24159 24204 E TestRunner: |
08-24 14:43:46.735 24159 24204 E TestRunner: +--->ActionBarOverlayLayout{id=2131230866, res-name=decor_content_parent, visibility=VISIBLE, width=1080, height=2218, has-focus=false, has-focusable=true, has-window-focus=true, is-clickable=false, is-enabled=true, is-focused=false, is-focusable=false, is-layout-requested=false, is-selected=false, layout-params=android.widget.FrameLayout$LayoutParams@b095b03, tag=null, root-is-layout-requested=false, has-input-connection=false, x=0.0, y=0.0, child-count=2}
08-24 14:43:46.735 24159 24204 E TestRunner: |
08-24 14:43:46.735 24159 24204 E TestRunner: +---->ContentFrameLayout{id=16908290, res-name=content, visibility=VISIBLE, width=1080, height=2071, has-focus=false, has-focusable=true, has-window-focus=true, is-clickable=false, is-enabled=true, is-focused=false, is-focusable=false, is-layout-requested=false, is-selected=false, layout-params=androidx.appcompat.widget.ActionBarOverlayLayout$LayoutParams@95838b9, tag=null, root-is-layout-requested=false, has-input-connection=false, x=0.0, y=147.0, child-count=1}
08-24 14:43:46.735 24159 24204 E TestRunner: |
08-24 14:43:46.735 24159 24204 E TestRunner: +----->FrameLayout{id=-1, visibility=VISIBLE, width=1080, height=2071, has-focus=false, has-focusable=true, has-window-focus=true, is-clickable=false, is-enabled=true, is-focused=false, is-focusable=false, is-layout-requested=false, is-selected=false, layout-params=android.widget.FrameLayout$LayoutParams@23ca45f, tag=null, root-is-layout-requested=false, has-input-connection=false, x=0.0, y=0.0, child-count=1}
08-24 14:43:46.735 24159 24204 E TestRunner: |
08-24 14:43:46.735 24159 24204 E TestRunner: +------>RecyclerView{id=2131230933, res-name=grid_recycler_view, visibility=VISIBLE, width=1080, height=2071, has-focus=false, has-focusable=true, has-window-focus=true, is-clickable=false, is-enabled=true, is-focused=false, is-focusable=true, is-layout-requested=false, is-selected=false, layout-params=android.widget.FrameLayout$LayoutParams@9177998, tag=null, root-is-layout-requested=false, has-input-connection=false, x=0.0, y=0.0, child-count=4}
08-24 14:43:46.735 24159 24204 E TestRunner: |
08-24 14:43:46.735 24159 24204 E TestRunner: +------->MaterialCardView{id=-1, visibility=VISIBLE, width=498, height=1043, has-focus=false, has-focusable=false, has-window-focus=true, is-clickable=false, is-enabled=true, is-focused=false, is-focusable=false, is-layout-requested=false, is-selected=false, layout-params=androidx.recyclerview.widget.GridLayoutManager$LayoutParams@fd265d6, tag=null, root-is-layout-requested=false, has-input-connection=false, x=21.0, y=21.0, is-checked=false, child-count=1}
08-24 14:43:46.735 24159 24204 E TestRunner: |
08-24 14:43:46.735 24159 24204 E TestRunner: +-------->ConstraintLayout{id=-1, visibility=VISIBLE, width=498, height=907, has-focus=false, has-focusable=false, has-window-focus=true, is-clickable=false, is-enabled=true, is-focused=false, is-focusable=false, is-layout-requested=false, is-selected=false, layout-params=android.widget.FrameLayout$LayoutParams@d070af3, tag=null, root-is-layout-requested=false, has-input-connection=false, x=0.0, y=0.0, child-count=4}
08-24 14:43:46.735 24159 24204 E TestRunner: |
08-24 14:43:46.735 24159 24204 E TestRunner: +--------->AppCompatImageView{id=2131230963, res-name=iv_dog, visibility=VISIBLE, width=498, height=509, has-focus=false, has-focusable=false, has-window-focus=true, is-clickable=false, is-enabled=true, is-focused=false, is-focusable=false, is-layout-requested=false, is-selected=false, layout-params=androidx.constraintlayout.widget.ConstraintLayout$LayoutParams@c47e3b0, tag=null, root-is-layout-requested=false, has-input-connection=false, x=0.0, y=0.0}
08-24 14:43:46.735 24159 24204 E TestRunner: |
08-24 14:43:46.735 24159 24204 E TestRunner: +--------->MaterialTextView{id=2131231198, res-name=tv_name, visibility=VISIBLE, width=498, height=110, has-focus=false, has-focusable=false, has-window-focus=true, is-clickable=false, is-enabled=true, is-focused=false, is-focusable=false, is-layout-requested=false, is-selected=false, layout-params=androidx.constraintlayout.widget.ConstraintLayout$LayoutParams@c1bc229, tag=null, root-is-layout-requested=false, has-input-connection=false, x=0.0, y=509.0, text=Tzeitel, input-type=0, ime-target=false, has-links=false}
08-24 14:43:46.735 24159 24204 E TestRunner: |
08-24 14:43:46.735 24159 24204 E TestRunner: +--------->MaterialTextView{id=2131231196, res-name=tv_dog_age, visibility=VISIBLE, width=498, height=110, has-focus=false, has-focusable=false, has-window-focus=true, is-clickable=false, is-enabled=true, is-focused=false, is-focusable=false, is-layout-requested=false, is-selected=false, layout-params=androidx.constraintlayout.widget.ConstraintLayout$LayoutParams@1b059ae, tag=null, root-is-layout-requested=false, has-input-connection=false, x=0.0, y=619.0, text=7, input-type=0, ime-target=false, has-links=false}
08-24 14:43:46.735 24159 24204 E TestRunner: |
08-24 14:43:46.735 24159 24204 E TestRunner: +--------->MaterialTextView{id=2131231197, res-name=tv_dog_hobby, visibility=VISIBLE, width=498, height=178, has-focus=false, has-focusable=false, has-window-focus=true, is-clickable=false, is-enabled=true, is-focused=false, is-focusable=false, is-layout-requested=false, is-selected=false, layout-params=androidx.constraintlayout.widget.ConstraintLayout$LayoutParams@dfd634f, tag=null, root-is-layout-requested=false, has-input-connection=false, x=0.0, y=729.0, text=Hobbies: sunbathing, input-type=0, ime-target=false, has-links=false}
08-24 14:43:46.735 24159 24204 E TestRunner: |
08-24 14:43:46.735 24159 24204 E TestRunner: +------->MaterialCardView{id=-1, visibility=VISIBLE, width=498, height=1043, has-focus=false, has-focusable=false, has-window-focus=true, is-clickable=false, is-enabled=true, is-focused=false, is-focusable=false, is-layout-requested=false, is-selected=false, layout-params=androidx.recyclerview.widget.GridLayoutManager$LayoutParams@48557e5, tag=null, root-is-layout-requested=false, has-input-connection=false, x=561.0, y=21.0, is-checked=false, child-count=1}
08-24 14:43:46.735 24159 24204 E TestRunner: |
08-24 14:43:46.735 24159 24204 E TestRunner: +-------->ConstraintLayout{id=-1, visibility=VISIBLE, width=498, height=1043, has-focus=false, has-focusable=false, has-window-focus=true, is-clickable=false, is-enabled=true, is-focused=false, is-focusable=false, is-layout-requested=false, is-selected=false, layout-params=android.widget.FrameLayout$LayoutParams@2df086, tag=null, root-is-layout-requested=false, has-input-connection=false, x=0.0, y=0.0, child-count=4}
08-24 14:43:46.735 24159 24204 E TestRunner: |
08-24 14:43:46.735 24159 24204 E TestRunner: +--------->AppCompatImageView{id=2131230963, res-name=iv_dog, visibility=VISIBLE, width=498, height=509, has-focus=false, has-focusable=false, has-window-focus=true, is-clickable=false, is-enabled=true, is-focused=false, is-focusable=false, is-layout-requested=false, is-selected=false, layout-params=androidx.constraintlayout.widget.ConstraintLayout$LayoutParams@7c6d47, tag=null, root-is-layout-requested=false, has-input-connection=false, x=0.0, y=0.0}
08-24 14:43:46.735 24159 24204 E TestRunner: |
08-24 14:43:46.735 24159 24204 E TestRunner: +--------->MaterialTextView{id=2131231198, res-name=tv_name, visibility=VISIBLE, width=498, height=110, has-focus=false, has-focusable=false, has-window-focus=true, is-clickable=false, is-enabled=true, is-focused=false, is-focusable=false, is-layout-requested=false, is-selected=false, layout-params=androidx.constraintlayout.widget.ConstraintLayout$LayoutParams@a305974, tag=null, root-is-layout-requested=false, has-input-connection=false, x=0.0, y=509.0, text=Leroy, input-type=0, ime-target=false, has-links=false}
08-24 14:43:46.735 24159 24204 E TestRunner: |
08-24 14:43:46.735 24159 24204 E TestRunner: +--------->MaterialTextView{id=2131231196, res-name=tv_dog_age, visibility=VISIBLE, width=498, height=110, has-focus=false, has-focusable=false, has-window-focus=true, is-clickable=false, is-enabled=true, is-focused=false, is-focusable=false, is-layout-requested=false, is-selected=false, layout-params=androidx.constraintlayout.widget.ConstraintLayout$LayoutParams@58f9e9d, tag=null, root-is-layout-requested=false, has-input-connection=false, x=0.0, y=619.0, text=4, input-type=0, ime-target=false, has-links=false}
08-24 14:43:46.735 24159 24204 E TestRunner: |
08-24 14:43:46.735 24159 24204 E TestRunner: +--------->MaterialTextView{id=2131231197, res-name=tv_dog_hobby, visibility=VISIBLE, width=498, height=314, has-focus=false, has-focusable=false, has-window-focus=true, is-clickable=false, is-enabled=true, is-focused=false, is-focusable=false, is-layout-requested=false, is-selected=false, layout-params=androidx.constraintlayout.widget.ConstraintLayout$LayoutParams@ae88f12, tag=null, root-is-layout-requested=false, has-input-connection=false, x=0.0, y=729.0, text=Hobbies: sleeping in dangerous places, input-type=0, ime-target=false, has-links=false}
08-24 14:43:46.735 24159 24204 E TestRunner: |
08-24 14:43:46.735 24159 24204 E TestRunner: +------->MaterialCardView{id=-1, visibility=VISIBLE, width=498, height=975, has-focus=false, has-focusable=false, has-window-focus=true, is-clickable=false, is-enabled=true, is-focused=false, is-focusable=false, is-layout-requested=false, is-selected=false, layout-params=androidx.recyclerview.widget.GridLayoutManager$LayoutParams@b398e0, tag=null, root-is-layout-requested=false, has-input-connection=false, x=21.0, y=1106.0, is-checked=false, child-count=1}
08-24 14:43:46.735 24159 24204 E TestRunner: |
08-24 14:43:46.735 24159 24204 E TestRunner: +-------->ConstraintLayout{id=-1, visibility=VISIBLE, width=498, height=907, has-focus=false, has-focusable=false, has-window-focus=true, is-clickable=false, is-enabled=true, is-focused=false, is-focusable=false, is-layout-requested=false, is-selected=false, layout-params=android.widget.FrameLayout$LayoutParams@550455, tag=null, root-is-layout-requested=false, has-input-connection=false, x=0.0, y=0.0, child-count=4}
08-24 14:43:46.735 24159 24204 E TestRunner: |
08-24 14:43:46.735 24159 24204 E TestRunner: +--------->AppCompatImageView{id=2131230963, res-name=iv_dog, visibility=VISIBLE, width=498, height=509, has-focus=false, has-focusable=false, has-window-focus=true, is-clickable=false, is-enabled=true, is-focused=false, is-focusable=false, is-layout-requested=false, is-selected=false, layout-params=androidx.constraintlayout.widget.ConstraintLayout$LayoutParams@a42ee6a, tag=null, root-is-layout-requested=false, has-input-connection=false, x=0.0, y=0.0}
08-24 14:43:46.735 24159 24204 E TestRunner: |
08-24 14:43:46.735 24159 24204 E TestRunner: +--------->MaterialTextView{id=2131231198, res-name=tv_name, visibility=VISIBLE, width=498, height=110, has-focus=false, has-focusable=false, has-window-focus=true, is-clickable=false, is-enabled=true, is-focused=false, is-focusable=false, is-layout-requested=false, is-selected=false, layout-params=androidx.constraintlayout.widget.ConstraintLayout$LayoutParams@31fff5b, tag=null, root-is-layout-requested=false, has-input-connection=false, x=0.0, y=509.0, text=Frankie, input-type=0, ime-target=false, has-links=false}
08-24 14:43:46.735 24159 24204 E TestRunner: |
08-24 14:43:46.735 24159 24204 E TestRunner: +--------->MaterialTextView{id=2131231196, res-name=tv_dog_age, visibility=VISIBLE, width=498, height=110, has-focus=false, has-focusable=false, has-window-focus=true, is-clickable=false, is-enabled=true, is-focused=false, is-focusable=false, is-layout-requested=false, is-selected=false, layout-params=androidx.constraintlayout.widget.ConstraintLayout$LayoutParams@fcfa3f8, tag=null, root-is-layout-requested=false, has-input-connection=false, x=0.0, y=619.0, text=2, input-type=0, ime-target=false, has-links=false}
