08-24 14:43:46.242  4585  4613 D PkgPredictorService: pkg:com.example.dogglers activity:com.example.dogglers.GridListActivity thisTime:501
08-24 14:43:46.242  4585  4613 D PkgPredictorService-Collector: update activity launch time: GridListActivity : 501
08-24 14:43:46.242  4585  4613 I SemDvfsHyPerManager: acquire hyper - AMS_RESUME_TAIL/4585@18, type = -999
08-24 14:43:46.242  4585  4613 I SemDvfsHyPerManager: acquire hyper - AMS_ACT_LAZY/4585@19, type = -999
08-24 14:43:46.244  4175  4211 I HYPER-HAL: [RequestManager.cpp]acquire(): Acquired ID : 10596124  [4585 / 18]    HINT : AMS_RESUME_TAIL    list :
08-24 14:43:46.246  4585  7112 I InputDispatcher: Focus entered window (24159): c302026 in display 0 0
08-24 14:43:46.247  4585  4617 I ActivityTaskManager: Displayed com.example.dogglers/.GridListActivity: +501ms
08-24 14:43:46.247 24159 24159 D RootViewPicker: Root not ready - waiting: 10ms for one to appear.
08-24 14:43:46.249  4175  4211 I HYPER-HAL: [ResourceManager.cpp]updateResource(): [CPUMinFreq] UpdateResource Request ID : 10596124    Value : 1768000
08-24 14:43:46.249  4175  4211 I HYPER-HAL: [RequestManager.cpp]acquire(): Acquired ID : 10600729  [4585 / 19]    HINT :      list :
08-24 14:43:46.250  4175  4211 E HYPER-HAL: [Request.cpp]acquire(): Request:: id : 10600729, No Resource to set
08-24 14:43:46.250  4896  4896 D FaceWidgetMediaDataRepository: [update] key : com.google.android.youtube|0|192289192, oldKey : com.google.android.youtube|0|192289192, media : com.google.android.youtube, sourceType : SESSION
08-24 14:43:46.250  4175  4211 I HYPER-HAL: [ResourceManager.cpp]removeResource(): [CPUMinFreq] RemoveResource Request ID : 10651450
08-24 14:43:46.251  4175  4211 I HYPER-HAL: [RequestManager.cpp]releaseLocked(): Released ID : 10651450
08-24 14:43:46.251  4585  4613 D ViewRootImpl@25eada[dogglers]: dispatchDetachedFromWindow: reset blurmask
08-24 14:43:46.251  4585  4613 I ViewRootImpl@25eada[dogglers]: dispatchDetachedFromWindow
08-24 14:43:46.252 24159 24159 I ViewRootImpl@7204763[GridListActivity]: MSG_WINDOW_FOCUS_CHANGED 1 1
08-24 14:43:46.252 24159 24159 D InputMethodManager: prepareNavigationBarInfo() DecorView@471b5c4[GridListActivity]
08-24 14:43:46.252 24159 24159 D InputMethodManager: getNavigationBarColor() -855310
08-24 14:43:46.254 24159 24159 D InputMethodManager: prepareNavigationBarInfo() DecorView@471b5c4[GridListActivity]
08-24 14:43:46.254 24159 24159 D InputMethodManager: getNavigationBarColor() -855310
08-24 14:43:46.254  4896  4896 D FaceWidgetMediaDataRepository: PlaybackState and Metadata is null. :: com.google.android.youtube
08-24 14:43:46.254 24159 24159 V InputMethodManager: Starting input: tba=com.example.dogglers ic=null mNaviBarColor -855310 mIsGetNaviBarColorSuccess true , NavVisible : true , NavTrans : false
08-24 14:43:46.254 24159 24159 D InputMethodManager: startInputInner - Id : 0
08-24 14:43:46.254 24159 24159 I InputMethodManager: startInputInner - mService.startInputOrWindowGainedFocus
08-24 14:43:46.254  4896  4896 D FaceWidgetMediaSessionManager: onMetadataChanged() metadata = null
08-24 14:43:46.254  4896  4896 I PluginFaceWidgetMediaDataFactory: getBitmapFromMetadata null
08-24 14:43:46.254  4896  4896 D PluginFaceWidgetMediaDataFactory: Elapsed Time : 0
08-24 14:43:46.255  4585  8021 D InputMethodManagerService: mSecureKeypadEnabled = false
08-24 14:43:46.255  4585  4613 I SurfaceControl: nativeRelease nativeObject s[537628425088]
08-24 14:43:46.255  4585  4613 I SurfaceControl: nativeRelease nativeObject e[537628425088]
08-24 14:43:46.255  4585  8021 V InputMethodManagerService: hideCurrentInputLocked : shouldHideSoftInput is false
08-24 14:43:46.255  4585  4613 D InputTransport: Input channel destroyed: 'c4f9b0b', fd=724
08-24 14:43:46.255  4585  8021 D InputMethodManagerService: mDesktopModeManager null!
08-24 14:43:46.255  4585  8021 V InputMethodManagerService: getDisplayIdOfInputMethodWindowToBeAdded : 0
08-24 14:43:46.255 21625 21625 W YT.mlplayer: Stayawake OFF
08-24 14:43:46.256  4585  8021 D SamsungIMMSHWKeyboard: isConnectedDexOnPC false
08-24 14:43:46.257  4226  4601 I SurfaceFlinger: id=88484 createSurf (0x0),-1 flag=24000, Surface(name=c4f9b0b Splash Screen com.example.dogglers)/@0x6c98919 - animation-leash#0
08-24 14:43:46.258 21625 21625 W YTPL.mediasession: MediaSession setActive(false)
08-24 14:43:46.260  4585  4613 D InputTransport: Input channel destroyed: 'c4f9b0b', fd=728
08-24 14:43:46.260  4585  8021 D InputMethodManagerService: isImeSwitcherDisabledPackage : false
08-24 14:43:46.261  4585  8021 D InputMethodManagerService: checkDisplayOfStartInputAndUpdateKeyboard display Id 0last 0
08-24 14:43:46.261  4585  8021 D InputTransport: Input channel constructed: 'ClientS', fd=652
08-24 14:43:46.261  4585  8021 D InputTransport: Input channel destroyed: 'ClientS', fd=652
08-24 14:43:46.262 24159 24159 D InputTransport: Input channel constructed: 'ClientS', fd=93
08-24 14:43:46.264  4896  4896 D FaceWidgetMediaDataRepository: [update] key : com.google.android.youtube|0|192289192, oldKey : com.google.android.youtube|0|192289192, media : com.google.android.youtube, sourceType : SESSION
08-24 14:43:46.267  4896  4896 D FaceWidgetMediaDataRepository: PlaybackState and Metadata is null. :: com.google.android.youtube
08-24 14:43:46.270  4896  4896 D FaceWidgetMusicViewModel: onChanged :: NULL
08-24 14:43:46.271 24159 24159 I ViewInteraction: Checking 'MatchesViewAssertion{viewMatcher=(view has effective visibility <VISIBLE> and view.getGlobalVisibleRect() to return non-empty rectangle)}' assertion on view an instance of android.widget.TextView and view.getText() with or without transformation to match: is "Tzeitel"
08-24 14:43:46.271  4896  4896 I FaceWidgetMusicViewModel: getMediaButtonReceiverPackageName() - soundAssistant : com.google.android.youtube, Settings : org.telegram.plus/org.telegram.messenger.voip.VoIPMediaButtonReceiver,0,1
08-24 14:43:46.274  4140  4146 E statsd  : Predicate -7037417284711607308 dropping data for dimension key (10)0x2010101->10574[I] (10)0x30000->*launch*[S]
08-24 14:43:46.275 24159 24159 I ViewInteraction: Checking 'MatchesViewAssertion{viewMatcher=(view has effective visibility <VISIBLE> and view.getGlobalVisibleRect() to return non-empty rectangle)}' assertion on view an instance of android.widget.TextView and view.getText() with or without transformation to match: is "7"
08-24 14:43:46.275  4140  4146 E statsd  : Predicate 5980654721335871649 dropping data for dimension key (10)0x2010101->10574[I] (10)0x30000->*launch*[S]
08-24 14:43:46.279 18667 18855 I AsyncCachedReader: Ph_[increasing RB:, c.c.c.a.b[pos=19800320 lim=21720320 cap=1920000] inner::java.nio.HeapByteBuffer[pos=600320 lim=1920000 cap=1920000]] [VF-ATP-2]
08-24 14:43:46.281  4896  4896 D FaceWidgetMediaDataDAO: launch package intent
08-24 14:43:46.282  4896  4896 D FaceWidgetViewModel: onChanged
08-24 14:43:46.282  4896  4896 D FaceWidgetViewModel: updateMusicPageShownState() show = false, reattach = false, reason = clear
08-24 14:43:46.282  4896  4896 D FaceWidgetViewModel: skip to show media panel
08-24 14:43:46.283  4896  4896 D FaceWidgetMediaSessionManager: onPlaybackStateChanged() state = PlaybackState {state=1, position=0, buffered position=0, speed=1.0, updated=1322766829, actions=8192, custom actions=[], active item id=-1, error=null}
08-24 14:43:46.284  4896  4896 I PluginFaceWidgetMediaDataFactory: getBitmapFromMetadata null
08-24 14:43:46.284  4896  4896 D PluginFaceWidgetMediaDataFactory: Elapsed Time : 1
08-24 14:43:46.286  4896  4896 D FaceWidgetMediaDataRepository: [update] key : com.google.android.youtube|0|192289192, oldKey : com.google.android.youtube|0|192289192, media : com.google.android.youtube, sourceType : SESSION
08-24 14:43:46.289  4896  4896 D FaceWidgetMediaDataRepository: PlaybackState and Metadata is null. :: com.google.android.youtube
08-24 14:43:46.292  4896  4896 D FaceWidgetMusicPageObserver: [EXPAND] onChanged :: PluginFaceWidgetMediaData{[NULL]} showingLastPlayed : true
08-24 14:43:46.292  4896  4896 D FaceWidgetMediaDataDAO: controller is null
08-24 14:43:46.292  4896  4896 D FaceWidgetMediaDataDAO: controller is null
08-24 14:43:46.292  4896  4896 D FaceWidgetMediaDataDAO: controller is null
08-24 14:43:46.292  4896  4896 D FaceWidgetMediaDataDAO: controller is null
08-24 14:43:46.292  4896  4896 D FaceWidgetMediaDataDAO: controller is null
08-24 14:43:46.292  4896  4896 D FaceWidgetMediaDataDAO: controller is null
08-24 14:43:46.292  4896  4896 D FaceWidgetMediaDataDAO: controller is null
08-24 14:43:46.292  4896  4896 D FaceWidgetMediaDataDAO: controller is null
08-24 14:43:46.293  4896  4896 D FaceWidgetMusicPageObserver: last played. show tap to play last song. : com.google.android.youtube
08-24 14:43:46.293  4896  4896 D FaceWidgetMusicViewModel: onChanged :: NULL
08-24 14:43:46.296  4585  4613 I SurfaceControl: nativeRelease nativeObject s[535558904096]
08-24 14:43:46.296  4585  4613 I SurfaceControl: nativeRelease nativeObject e[535558904096]
08-24 14:43:46.296  4896  4896 I FaceWidgetMusicViewModel: getMediaButtonReceiverPackageName() - soundAssistant : com.google.android.youtube, Settings : org.telegram.plus/org.telegram.messenger.voip.VoIPMediaButtonReceiver,0,1
08-24 14:43:46.297  4585  7044 D SensorService: removeConnection, index : 0, size : 1
08-24 14:43:46.297  4585  7044 D SensorService: # removeConnection, index : 0, size : 0
08-24 14:43:46.297  4585  7044 D SensorService: Calling activate off 1
08-24 14:43:46.297  4166  4166 I SensorsHub: activate: handle 1 enable 0
08-24 14:43:46.298  4166  4166 I SensorsHub: type : 1, enable : 0
08-24 14:43:46.299  4896  4896 D FaceWidgetMediaDataDAO: launch package intent
08-24 14:43:46.299 21625 21625 D SensorManager: unregisterListener :: android.view.OrientationEventListener$SensorEventListenerImpl@99504
08-24 14:43:46.301  4896  4896 D FaceWidgetViewModel: onChanged
08-24 14:43:46.301  4896  4896 D FaceWidgetViewModel: updateMusicPageShownState() show = false, reattach = false, reason = clear
08-24 14:43:46.301  4896  4896 D FaceWidgetViewModel: skip to show media panel
08-24 14:43:46.303  4226  4226 D SurfaceFlinger: Display 0 HWC layers:
08-24 14:43:46.303  4226  4226 D SurfaceFlinger:      DEVICE | 0x77ae646640 | 0002 | RGBA_8888    |    0.0    0.0 1080.0 2340.0 |    0    0 1080 2340 | com.example.dogglers/com.example.dogglers.GridListActivity$_24159#0
08-24 14:43:46.303  4226  4226 D SurfaceFlinger:      DEVICE | 0x77ce818380 | 0002 | RGBA_8888    |    0.0    0.0 1080.0 2340.0 |    0    0 1080 2340 | Splash Screen com.example.dogglers#0
08-24 14:43:46.303  4226  4226 D SurfaceFlinger:      DEVICE | 0x77ce816940 | 0000 | RGBA_8888    |    0.0    0.0 1080.0   83.0 |    0    0 1080   83 | StatusBar$_4896#0
08-24 14:43:46.303  4226  4226 D SurfaceFlinger:      DEVICE | 0x77ce8157c0 | 0000 | RGBA_8888    |    0.0    0.0   67.0  342.0 |    0  746   67 1088 | com.samsung.android.app.cocktailbars[...]arservice.CocktailBarService$_9865#0
08-24 14:43:46.303  4226  4226 D SurfaceFlinger:      DEVICE | 0x7851238200 | 0000 | RGBA_8888    |    0.0    0.0  388.0   39.0 |  692 2301 1080 2340 | SGestureOverlayWindow$_5408#0
08-24 14:43:46.303  4226  4226 D SurfaceFlinger:      DEVICE | 0x77ce816800 | 0000 | RGBA_8888    |    0.0    0.0 1080.0  126.0 |    0 2214 1080 2340 | NavigationBar0$_4896#0
08-24 14:43:46.303  4226  4226 D SurfaceFlinger:      DEVICE | 0x77ce814b40 | 0000 | RGBA_8888    |    0.0    0.0 1080.0  151.0 |    0    0 1080  151 | ScreenDecorOverlay$_4896#0
08-24 14:43:46.303  4226  4226 D SurfaceFlinger:
08-24 14:43:46.303  4226  4226 D SurfaceFlinger:      DEVICE | 0x77ce817d40 | 0000 | RGBA_8888    |    0.0    0.0 1080.0  151.0 |    0 2189 1080 2340 | ScreenDecorOverlayBottom$_4896#0
08-24 14:43:46.303  4226  4226 D SurfaceFlinger:
08-24 14:43:46.305  4896  4896 D FaceWidgetMusicPageObserver: [EXPAND] onChanged :: PluginFaceWidgetMediaData{[NULL]} showingLastPlayed : true
08-24 14:43:46.306  4896  4896 D FaceWidgetMediaDataDAO: controller is null
08-24 14:43:46.306  4896  4896 D FaceWidgetMediaDataDAO: controller is null
08-24 14:43:46.306  4896  4896 D FaceWidgetMediaDataDAO: controller is null
08-24 14:43:46.306  4896  4896 D FaceWidgetMediaDataDAO: controller is null
08-24 14:43:46.306  4896  4896 D FaceWidgetMediaDataDAO: controller is null
08-24 14:43:46.306  4896  4896 D FaceWidgetMediaDataDAO: controller is null
08-24 14:43:46.306  4896  4896 D FaceWidgetMediaDataDAO: controller is null
08-24 14:43:46.306  4896  4896 D FaceWidgetMediaDataDAO: controller is null
08-24 14:43:46.306  4896  4896 D FaceWidgetMusicPageObserver: last played. show tap to play last song. : com.google.android.youtube
08-24 14:43:46.316  4226  4248 I Layer   : id=88478 removeFromCurrentState Surface(name=Dim Layer for - Task=1570 - animating-dim)/@0xd1a4251 - animation-leash#0 (77)
08-24 14:43:46.316  4585  4613 I SurfaceControl: nativeRelease nativeObject s[535565834048]
08-24 14:43:46.316  4585  4613 I SurfaceControl: nativeRelease nativeObject e[535565834048]
08-24 14:43:46.317  4585  4613 I SurfaceControl: nativeRelease nativeObject s[535557020544]
08-24 14:43:46.317  4585  4613 I SurfaceControl: nativeRelease nativeObject e[535557020544]
08-24 14:43:46.317  4226  4251 I Layer   : id=88471 removeFromCurrentState Splash Screen com.example.dogglers#0 (77)
08-24 14:43:46.317  4226  4248 I SurfaceFlinger: id=88478 Removed Surface(name=Dim Layer for - Task=1570 - animating-dim)/@0xd1a4251 - animation-leash#0 (77)
08-24 14:43:46.318  4585  4613 I SurfaceControl: nativeRelease nativeObject s[535556864448]
08-24 14:43:46.318  4585  4613 I SurfaceControl: nativeRelease nativeObject e[535556864448]
08-24 14:43:46.320  4226  4601 I Layer   : id=88470 removeFromCurrentState c4f9b0b Splash Screen com.example.dogglers#0 (77)
08-24 14:43:46.320  4226  4601 I Layer   : id=88484 removeFromCurrentState Surface(name=c4f9b0b Splash Screen com.example.dogglers)/@0x6c98919 - animation-leash#0 (77)
08-24 14:43:46.320  4226  4601 I SurfaceFlinger: id=88470 Removed c4f9b0b Splash Screen com.example.dogglers#0 (77)
08-24 14:43:46.320  4226  4601 I SurfaceFlinger: id=88484 Removed Surface(name=c4f9b0b Splash Screen com.example.dogglers)/@0x6c98919 - animation-leash#0 (77)
08-24 14:43:46.320  4226  4601 I SurfaceFlinger: id=88471 Removed Splash Screen com.example.dogglers#0 (77)
08-24 14:43:46.327 21625 21625 D InputTransport: Input channel destroyed: 'ClientS', fd=123
08-24 14:43:46.328  4226  4226 I Layer   : id=88484[1] Destroyed Surface(name=c4f9b0b Splash Screen com.example.dogglers)/@0x6c98919 - animation-leash#0
08-24 14:43:46.328 24159 24159 I ViewInteraction: Checking 'MatchesViewAssertion{viewMatcher=(view has effective visibility <VISIBLE> and view.getGlobalVisibleRect() to return non-empty rectangle)}' assertion on view an instance of android.widget.TextView and view.getText() with or without transformation to match: is "sunbathing"
08-24 14:43:46.329  4226  4226 I Layer   : id=88470[1] Destroyed c4f9b0b Splash Screen com.example.dogglers#0
08-24 14:43:46.329  4226  4226 I Layer   : id=88478[1] Destroyed Surface(name=Dim Layer for - Task=1570 - animating-dim)/@0xd1a4251 - animation-leash#0
08-24 14:43:46.329 24159 24159 E ViewAssertions: '(view has effective visibility <VISIBLE> and view.getGlobalVisibleRect() to return non-empty rectangle)' check could not be performed because view 'an instance of android.widget.TextView and view.getText() with or without transformation to match: is "sunbathing"' was not found.
08-24 14:43:46.332  4226  4226 I Layer   : id=88471[1] Destroyed Splash Screen com.example.dogglers#0
08-24 14:43:46.337  4226  4226 D SurfaceFlinger: Display 0 HWC layers:
08-24 14:43:46.337  4226  4226 D SurfaceFlinger:      DEVICE | 0x77ae646640 | 0002 | RGBA_8888    |    0.0    0.0 1080.0 2340.0 |    0    0 1080 2340 | com.example.dogglers/com.example.dogglers.GridListActivity$_24159#0
08-24 14:43:46.337  4226  4226 D SurfaceFlinger:      DEVICE | 0x77ce816940 | 0000 | RGBA_8888    |    0.0    0.0 1080.0   83.0 |    0    0 1080   83 | StatusBar$_4896#0
08-24 14:43:46.337  4226  4226 D SurfaceFlinger:      DEVICE | 0x77ce8157c0 | 0000 | RGBA_8888    |    0.0    0.0   67.0  342.0 |    0  746   67 1088 | com.samsung.android.app.cocktailbars[...]arservice.CocktailBarService$_9865#0
08-24 14:43:46.337  4226  4226 D SurfaceFlinger:      DEVICE | 0x7851238200 | 0000 | RGBA_8888    |    0.0    0.0  388.0   39.0 |  692 2301 1080 2340 | SGestureOverlayWindow$_5408#0
08-24 14:43:46.337  4226  4226 D SurfaceFlinger:      DEVICE | 0x77ce816a80 | 0000 | RGBA_8888    |    0.0    0.0 1080.0  126.0 |    0 2214 1080 2340 | NavigationBar0$_4896#0
08-24 14:43:46.337  4226  4226 D SurfaceFlinger:      DEVICE | 0x77ce814b40 | 0000 | RGBA_8888    |    0.0    0.0 1080.0  151.0 |    0    0 1080  151 | ScreenDecorOverlay$_4896#0
08-24 14:43:46.337  4226  4226 D SurfaceFlinger:      DEVICE | 0x77ce817d40 | 0000 | RGBA_8888    |    0.0    0.0 1080.0  151.0 |    0 2189 1080 2340 | ScreenDecorOverlayBottom$_4896#0
08-24 14:43:46.337  4226  4226 D SurfaceFlinger:
08-24 14:43:46.347  4585  8021 I SurfaceControl: nativeRelease nativeObject s[535556872416]
08-24 14:43:46.347  4585  8021 I SurfaceControl: nativeRelease nativeObject e[535556872416]
08-24 14:43:46.347  4226  5359 I SurfaceFlinger: id=88485 createSurf (0x0),-1 flag=24004, Surface(name=a3a0629 InputMethod)/@0x54f474f - animation-leash#0
08-24 14:43:46.348 15874 15932 I Rubin   : [164608] ExercisingWithCmhMonitor.isSatisfiedByCmh(ExercisingWithCmhMonitor.java:119) : isSatisfiedByCmh is false
08-24 14:43:46.351  4585  7044 I SemDvfsHyPerManager: acquire hyper - AMS_ACT_START/4585@16, type = -999
08-24 14:43:46.352  4175  4211 I HYPER-HAL: [RequestManager.cpp]acquire(): Acquired ID : 10586917  [4585 / 16]    HINT : AMS_ACT_START    list :
08-24 14:43:46.352  4175  4211 I HYPER-HAL: [ResourceManager.cpp]updateResource(): [CPUMinFreq] UpdateResource Request ID : 10586917    Value : 2314000
08-24 14:43:46.355  4226  4248 I SurfaceFlinger: id=88486 createSurf (0x0),-1 flag=80004, ActivityRecord{bd8e83c u0 com.example.dogglers/androidx.test.core.app.InstrumentationActivityInvoker$EmptyActivity t1570}#0
08-24 14:43:46.358 21625 21625 W YTPL.mediasession: MediaSession setActive(false)
08-24 14:43:46.359  4140  4146 E statsd  : Predicate -7037417284711607308 dropping data for dimension key (10)0x2010101->10574[I] (10)0x30000->*launch*[S]
08-24 14:43:46.359  4896  4896 D FaceWidgetMediaSessionManager: onPlaybackStateChanged() state = PlaybackState {state=1, position=0, buffered position=0, speed=1.0, updated=1322766930, actions=8192, custom actions=[], active item id=-1, error=null}
08-24 14:43:46.359  4140  4146 E statsd  : Predicate 5980654721335871649 dropping data for dimension key (10)0x2010101->10574[I] (10)0x30000->*launch*[S]
08-24 14:43:46.360  4896  4896 I PluginFaceWidgetMediaDataFactory: getBitmapFromMetadata null
08-24 14:43:46.360  4896  4896 D PluginFaceWidgetMediaDataFactory: Elapsed Time : 1
08-24 14:43:46.360  4226  4248 I Layer   : id=88467 removeFromCurrentState Surface(name=a3a0629 InputMethod)/@0x54f474f - animation-leash#1 (75)
08-24 14:43:46.361  4896  4896 D FaceWidgetMediaDataRepository: [update] key : com.google.android.youtube|0|192289192, oldKey : com.google.android.youtube|0|192289192, media : com.google.android.youtube, sourceType : SESSION
08-24 14:43:46.363 24159 24159 D LifecycleMonitor: Lifecycle status change: com.example.dogglers.GridListActivity@7789cdf in: PAUSED
08-24 14:43:46.364 24159 24159 V ActivityScenario: Update currentActivityStage to PAUSED, currentActivity=com.example.dogglers.GridListActivity@7789cdf
08-24 14:43:46.367  4585  7034 V WindowOrientationListener: getProposedRotation: -1
08-24 14:43:46.367  4585  7034 V WindowOrientationListener: getProposedRotation: -1
08-24 14:43:46.368  4585  7034 V WindowOrientationListener: getProposedRotation: -1
08-24 14:43:46.370  4896  4896 D FaceWidgetMediaDataRepository: PlaybackState and Metadata is null. :: com.google.android.youtube
08-24 14:43:46.370  4585  7034 D InputDispatcher: Focused application set to (0): bd8e83c
08-24 14:43:46.370  4896  4896 D FaceWidgetMediaSessionManager: onMetadataChanged() metadata = null
08-24 14:43:46.370  4896  4896 I PluginFaceWidgetMediaDataFactory: getBitmapFromMetadata null
08-24 14:43:46.370  4896  4896 D PluginFaceWidgetMediaDataFactory: Elapsed Time : 0
08-24 14:43:46.371  4896  4896 D FaceWidgetMediaDataRepository: [update] key : com.google.android.youtube|0|192289192, oldKey : com.google.android.youtube|0|192289192, media : com.google.android.youtube, sourceType : SESSION
08-24 14:43:46.373  4896  4896 D FaceWidgetMediaDataRepository: PlaybackState and Metadata is null. :: com.google.android.youtube
08-24 14:43:46.375  7388  7388 I HBD     : HoneyBoardService onFinishInput
08-24 14:43:46.376  7388  7388 I HBD     : a IC have been unbinded,  InputConnectionWrapper{idHash=#c59d6ed mMissingMethods=}
08-24 14:43:46.376  7388  7388 I HBD     : HoneyBoardService [PF_CL][onFinishInput]  727346 ns
08-24 14:43:46.377  7388  7388 I HBD     : HoneyBoardService [IMI] onStartInput - caller pid : 24159 , caller uid : 10574
08-24 14:43:46.377  7388  7388 I HBD     : i updateConfigs
08-24 14:43:46.377  7388  7388 I HBD     : i isEnabledNightMode : false
08-24 14:43:46.377  4585  7034 D SamsungIMMSHWKeyboard: isConnectedDexOnPC false
08-24 14:43:46.377  7388  7388 I HBD     : a IC have been binded, InputConnectionWrapper{idHash=#bf9cfb3 mMissingMethods=}
08-24 14:43:46.377  7388  7388 I HBD     : h [EditorInputType]setPrivateImeOptionsToTable privateImeOptions ( null )
08-24 14:43:46.378  7388  7388 I HBD     : b incognitoMode : false
08-24 14:43:46.378 24159 24159 I SurfaceControl: nativeRelease nativeObject s[537816934752]
08-24 14:43:46.378 24159 24159 I SurfaceControl: nativeRelease nativeObject e[537816934752]
08-24 14:43:46.378  7388  7388 I HBD     : a needOff = true , isForceOff = false, isNullInputClass : true
08-24 14:43:46.378 24159 24159 I SurfaceControl: nativeRelease nativeObject s[537816934560]
08-24 14:43:46.378 24159 24159 I SurfaceControl: nativeRelease nativeObject e[537816934560]
08-24 14:43:46.378  7388  7388 I HBD     : h getDefaultInputRange : UNKNOWN
08-24 14:43:46.378  7388  7388 I HBD     : h getDefaultInputRange : UNKNOWN
08-24 14:43:46.378  7388  7388 I HBD     : h getDefaultInputRange : UNKNOWN
08-24 14:43:46.379  4585  7044 I SurfaceControl: nativeRelease nativeObject s[535557020928]
08-24 14:43:46.379  4585  7044 I SurfaceControl: nativeRelease nativeObject e[535557020928]
08-24 14:43:46.379  4585  7113 D SdpManagerService: Not an enterprise user : 0
08-24 14:43:46.379  4585  7113 D SdpManagerService: Not an enterprise user : 0
08-24 14:43:46.379  4226  4251 I Layer   : id=88460 removeFromCurrentState com.google.android.youtube/com.google.android.apps.youtube.app.watchwhile.WatchWhileActivity$_21625#0 (75)
08-24 14:43:46.379  4226  4251 I Layer   : id=88463 removeFromCurrentState Bounds for - com.google.android.youtube/com.google.android.apps.youtube.app.watchwhile.WatchWhileActivity@10#0 (75)
08-24 14:43:46.379  4226  4251 I Layer   : id=88464 removeFromCurrentState SurfaceView - com.google.android.youtube/com.google.android.apps.youtube.app.watchwhile.WatchWhileActivity@c9edee9@10#0 (75)
08-24 14:43:46.381  4896  4896 D FaceWidgetMusicViewModel: onChanged :: NULL
08-24 14:43:46.383  4226  4248 I SurfaceFlinger: id=88460 Removed com.google.android.youtube/com.google.android.apps.youtube.app.watchwhile.WatchWhileActivity$_21625#0 (75)
08-24 14:43:46.383  4585  7034 D InputMethodManagerService: isImeSwitcherDisabledPackage : false
08-24 14:43:46.383  4585  4613 I SurfaceControl: nativeRelease nativeObject s[535556872704]
08-24 14:43:46.383  4585  4613 I SurfaceControl: nativeRelease nativeObject e[535556872704]
08-24 14:43:46.383  4896  4896 I FaceWidgetMusicViewModel: getMediaButtonReceiverPackageName() - soundAssistant : com.google.android.youtube, Settings : org.telegram.plus/org.telegram.messenger.voip.VoIPMediaButtonReceiver,0,1
08-24 14:43:46.383  4585  4613 I SurfaceControl: nativeRelease nativeObject s[535558904000]
08-24 14:43:46.383  4585  4613 I SurfaceControl: nativeRelease nativeObject e[535558904000]
08-24 14:43:46.385  4226  4226 I Layer   : id=88460[1] Destroyed com.google.android.youtube/com.google.android.apps.youtube.app.watchwhile.WatchWhileActivity$_21625#0
08-24 14:43:46.385  4226  4226 I Layer   : id=88463[1] Destroyed Bounds for - com.google.android.youtube/com.google.android.apps.youtube.app.watchwhile.WatchWhileActivity@10#0
08-24 14:43:46.385  4226  4226 I Layer   : id=88464[1] Destroyed SurfaceView - com.google.android.youtube/com.google.android.apps.youtube.app.watchwhile.WatchWhileActivity@c9edee9@10#0
08-24 14:43:46.386 24159 24159 D LifecycleMonitor: Lifecycle status change: androidx.test.core.app.InstrumentationActivityInvoker$EmptyActivity@f91e9ca in: PRE_ON_CREATE
08-24 14:43:46.387 24159 24159 V ActivityScenario: Activity lifecycle changed event received but ignored because the intent does not match. startActivityIntent=Intent { act=android.intent.action.MAIN cat=[android.intent.category.LAUNCHER] cmp=com.example.dogglers/.GridListActivity }, activity.getIntent()=Intent { act=android.intent.action.MAIN cat=[android.intent.category.LAUNCHER] flg=0x10000000 cmp=com.example.dogglers/androidx.test.core.app.InstrumentationActivityInvoker$EmptyActivity }, activity=androidx.test.core.app.InstrumentationActivityInvoker$EmptyActivity@f91e9ca
08-24 14:43:46.387  4585  7040 I InputDispatcher: Focus left window (24159): c302026 in display 0 0
08-24 14:43:46.388  4896  4896 D FaceWidgetMediaDataDAO: launch package intent
08-24 14:43:46.390  4896  4896 D FaceWidgetViewModel: onChanged
08-24 14:43:46.390  4896  4896 D FaceWidgetViewModel: updateMusicPageShownState() show = false, reattach = false, reason = clear
08-24 14:43:46.390  4896  4896 D FaceWidgetViewModel: skip to show media panel
08-24 14:43:46.392  4585  4635 D FastTrack: setFastTrackState: pid = 21625 ;tid= 21625 ;value= 0
08-24 14:43:46.392  4585  4635 D FastTrack: setFastTrackState: pid = 21625 ;tid= 21862 ;value= 0
08-24 14:43:46.395  4896  4896 D FaceWidgetMusicPageObserver: [EXPAND] onChanged :: PluginFaceWidgetMediaData{[NULL]} showingLastPlayed : true
08-24 14:43:46.395  4896  4896 D FaceWidgetMediaDataDAO: controller is null
08-24 14:43:46.395  4896  4896 D FaceWidgetMediaDataDAO: controller is null
08-24 14:43:46.395  4896  4896 D FaceWidgetMediaDataDAO: controller is null
08-24 14:43:46.395  4896  4896 D FaceWidgetMediaDataDAO: controller is null
08-24 14:43:46.395  4896  4896 D FaceWidgetMediaDataDAO: controller is null
08-24 14:43:46.395  4896  4896 D FaceWidgetMediaDataDAO: controller is null
08-24 14:43:46.395  4896  4896 D FaceWidgetMediaDataDAO: controller is null
08-24 14:43:46.395  4896  4896 D FaceWidgetMediaDataDAO: controller is null
08-24 14:43:46.395  4896  4896 D FaceWidgetMusicPageObserver: last played. show tap to play last song. : com.google.android.youtube
08-24 14:43:46.396  4226  4248 I Layer   : id=88476 removeFromCurrentState Surface(name=ActivityRecord{7512c93 u0 com.example.dogglers/androidx.test.core.app.InstrumentationActivityInvoker$BootstrapActivity t1570})/@0x5f849ea - animation-leash#0 (72)
08-24 14:43:46.396  4226  4248 I Layer   : id=88479 removeFromCurrentState Surface(name=ActivityRecord{7512c93 u0 com.example.dogglers/androidx.test.core.app.InstrumentationActivityInvoker$BootstrapActivity t1570})/@0x5f849ea - animation-bounds#0 (72)
08-24 14:43:46.396  4226  4248 I SurfaceFlinger: id=88476 Removed Surface(name=ActivityRecord{7512c93 u0 com.example.dogglers/androidx.test.core.app.InstrumentationActivityInvoker$BootstrapActivity t1570})/@0x5f849ea - animation-leash#0 (72)
08-24 14:43:46.396  4226  4248 I SurfaceFlinger: id=88479 Removed Surface(name=ActivityRecord{7512c93 u0 com.example.dogglers/androidx.test.core.app.InstrumentationActivityInvoker$BootstrapActivity t1570})/@0x5f849ea - animation-bounds#0 (72)
08-24 14:43:46.398 24159 24159 I DecorView: [INFO] isPopOver=false, config=true
08-24 14:43:46.398 24159 24159 I DecorView: updateCaptionType >> DecorView@32c7e58[], isFloating=false, isApplication=true, hasWindowDecorCaption=false, hasWindowControllerCallback=true
08-24 14:43:46.398 24159 24159 D DecorView: setCaptionType = 0, this = DecorView@32c7e58[]
08-24 14:43:46.402  7388  7388 I HBD     : h getDefaultInputRange : UNKNOWN
08-24 14:43:46.403  4585  4610 D SehCodecSolutionService: Update top [com.example.dogglers]
08-24 14:43:46.405 24159 24159 D LifecycleMonitor: Lifecycle status change: androidx.test.core.app.InstrumentationActivityInvoker$EmptyActivity@f91e9ca in: CREATED
08-24 14:43:46.405 24159 24159 V ActivityScenario: Activity lifecycle changed event received but ignored because the intent does not match. startActivityIntent=Intent { act=android.intent.action.MAIN cat=[android.intent.category.LAUNCHER] cmp=com.example.dogglers/.GridListActivity }, activity.getIntent()=Intent { act=android.intent.action.MAIN cat=[android.intent.category.LAUNCHER] flg=0x10000000 cmp=com.example.dogglers/androidx.test.core.app.InstrumentationActivityInvoker$EmptyActivity }, activity=androidx.test.core.app.InstrumentationActivityInvoker$EmptyActivity@f91e9ca
08-24 14:43:46.408 24159 24159 D LifecycleMonitor: Lifecycle status change: androidx.test.core.app.InstrumentationActivityInvoker$EmptyActivity@f91e9ca in: STARTED
08-24 14:43:46.408 24159 24159 V ActivityScenario: Activity lifecycle changed event received but ignored because the intent does not match. startActivityIntent=Intent { act=android.intent.action.MAIN cat=[android.intent.category.LAUNCHER] cmp=com.example.dogglers/.GridListActivity }, activity.getIntent()=Intent { act=android.intent.action.MAIN cat=[android.intent.category.LAUNCHER] flg=0x10000000 cmp=com.example.dogglers/androidx.test.core.app.InstrumentationActivityInvoker$EmptyActivity }, activity=androidx.test.core.app.InstrumentationActivityInvoker$EmptyActivity@f91e9ca
08-24 14:43:46.403  7388  7388 I HBD     : a currentState : 0
08-24 14:43:46.411 24159 24159 D LifecycleMonitor: Lifecycle status change: androidx.test.core.app.InstrumentationActivityInvoker$EmptyActivity@f91e9ca in: RESUMED
08-24 14:43:46.411 24159 24159 V ActivityScenario: Activity lifecycle changed event received but ignored because the intent does not match. startActivityIntent=Intent { act=android.intent.action.MAIN cat=[android.intent.category.LAUNCHER] cmp=com.example.dogglers/.GridListActivity }, activity.getIntent()=Intent { act=android.intent.action.MAIN cat=[android.intent.category.LAUNCHER] flg=0x10000000 cmp=com.example.dogglers/androidx.test.core.app.InstrumentationActivityInvoker$EmptyActivity }, activity=androidx.test.core.app.InstrumentationActivityInvoker$EmptyActivity@f91e9ca
08-24 14:43:46.412  4226  4226 I Layer   : id=88479[1] Destroyed Surface(name=ActivityRecord{7512c93 u0 com.example.dogglers/androidx.test.core.app.InstrumentationActivityInvoker$BootstrapActivity t1570})/@0x5f849ea - animation-bounds#0
08-24 14:43:46.412  4226  4226 I Layer   : id=88476[1] Destroyed Surface(name=ActivityRecord{7512c93 u0 com.example.dogglers/androidx.test.core.app.InstrumentationActivityInvoker$BootstrapActivity t1570})/@0x5f849ea - animation-leash#0
08-24 14:43:46.417  4585  8021 D InputTransport: Input channel constructed: '7c4c772', fd=651
08-24 14:43:46.417  4585  8021 D InputTransport: Input channel constructed: '7c4c772', fd=652
08-24 14:43:46.418  4226  4251 I SurfaceFlinger: id=88487 createSurf (0x0),-1 flag=80004, 7c4c772 com.example.dogglers/androidx.test.core.app.InstrumentationActivityInvoker$EmptyActivity#0
08-24 14:43:46.418  4585  8021 D WindowManager: isScreenshotDisabledLocked - win: Window{7c4c772 u0 com.example.dogglers/androidx.test.core.app.InstrumentationActivityInvoker$EmptyActivity}
08-24 14:43:46.418  4585  8021 D WindowManager: isScreenshotDisabledLocked: userId = 0, disabled =false
08-24 14:43:46.419  4585  8021 D InputTransport: Input channel destroyed: '7c4c772', fd=652
08-24 14:43:46.420 24159 24159 D InputTransport: Input channel constructed: '7c4c772', fd=92
08-24 14:43:46.422 24159 24159 I ViewRootImpl@33a1c17[InstrumentationActivityInvoker$EmptyActivity]: setView = com.android.internal.policy.DecorView@32c7e58 TM=true
08-24 14:43:46.425 24159 24159 D LifecycleMonitor: Lifecycle status change: androidx.test.core.app.InstrumentationActivityInvoker$BootstrapActivity@cb53f94 in: STOPPED
08-24 14:43:46.426 24159 24159 V ActivityScenario: Activity lifecycle changed event received but ignored because the intent does not match. startActivityIntent=Intent { act=android.intent.action.MAIN cat=[android.intent.category.LAUNCHER] cmp=com.example.dogglers/.GridListActivity }, activity.getIntent()=Intent { act=android.intent.action.MAIN cat=[android.intent.category.LAUNCHER] flg=0x10008000 cmp=com.example.dogglers/androidx.test.core.app.InstrumentationActivityInvoker$BootstrapActivity (has extras) }, activity=androidx.test.core.app.InstrumentationActivityInvoker$BootstrapActivity@cb53f94
08-24 14:43:46.429  4896  4908 I ndroid.systemu: NativeAlloc concurrent copying GC freed 16541(661KB) AllocSpace objects, 0(0B) LOS objects, 50% free, 19MB/38MB, paused 306us total 274.763ms
08-24 14:43:46.430  7388  7388 I HBD     : h load selected json info : {"version":"1.0","currentLanguageOrder":0,"selected":[{"activeOptionList":["auto_replace","auto_spacing"],"engName":"Russian","id":3342336,"inputType":"qwerty","isUsed":true},{"activeOptionList":["auto_replace","auto_spacing"],"engName":"English","id":65537,"inputType":"qwerty","isUsed":true}]}
08-24 14:43:46.433  4585  7112 V WindowManager: Relayout Window{7c4c772 u0 com.example.dogglers/androidx.test.core.app.InstrumentationActivityInvoker$EmptyActivity}: viewVisibility=0 req=1080x2340
08-24 14:43:46.434  7388  7388 I HBD     : a [UpdatePolicy] [post] a: 0 cl: 3342336 kit: [0/0] vt: 0 ir: 1
08-24 14:43:46.435  7388  7388 I HBD     : HoneyBoardService [PF_OP][onStartInput]  57996000 ns
08-24 14:43:46.435  4585  7112 D WindowManager: isScreenshotDisabledLocked - win: Window{7c4c772 u0 com.example.dogglers/androidx.test.core.app.InstrumentationActivityInvoker$EmptyActivity}
08-24 14:43:46.435  4585  7112 D WindowManager: isScreenshotDisabledLocked: userId = 0, disabled =false
08-24 14:43:46.436  4226  4251 I SurfaceFlinger: id=88488 createSurf (1080x2340),1 flag=404, com.example.dogglers/androidx.test.core.app.InstrumentationActivityInvoker$EmptyActivity$_24159#0
08-24 14:43:46.438  4585  7112 I SurfaceControl: nativeRelease nativeObject s[537628415776]
08-24 14:43:46.438  4585  7112 I SurfaceControl: nativeRelease nativeObject e[537628415776]
08-24 14:43:46.438  9865  9865 I TrayStateController: systemUiVisibilityChanged : 0 0
08-24 14:43:46.438  4226  5357 I SurfaceFlinger: id=88489 createSurf (0x0),-1 flag=24000, Surface(name=e455c2d StatusBar)/@0x2f65071 - animation-leash#0
08-24 14:43:46.439  4585  7112 I SurfaceControl: nativeRelease nativeObject s[537628418080]
08-24 14:43:46.439  4585  7112 I SurfaceControl: nativeRelease nativeObject e[537628418080]
08-24 14:43:46.440  4226  5357 I SurfaceFlinger: id=88490 createSurf (0x0),-1 flag=24000, Surface(name=a71bb8f NavigationBar0)/@0x8f38906 - animation-leash#0
08-24 14:43:46.441  4585  7112 V WindowManager: Relayout hash=7c4c772, pid=24159: mAttrs={(0,0)(fillxfill) sim={adjust=pan forwardNavigation} ty=BASE_APPLICATION wanim=0x1030001
08-24 14:43:46.441  4585  7112 V WindowManager:   fl=1810100
08-24 14:43:46.441  4585  7112 V WindowManager:   pfl=12020000
08-24 14:43:46.441  4585  7112 V WindowManager:   apr=LIGHT_NAVIGATION_BARS
08-24 14:43:46.441  4585  7112 V WindowManager:   fitSides= naviIconColor=0
08-24 14:43:46.441  4585  7112 V WindowManager:   sfl=100000}
08-24 14:43:46.442  4585  7112 I SurfaceControl: nativeRelease nativeObject s[535567039680]
08-24 14:43:46.442  4585  7112 I SurfaceControl: nativeRelease nativeObject e[535567039680]
08-24 14:43:46.443 24159 24159 I SurfaceControl: assignNativeObject: nativeObject = 0 Surface(name=null)/@0x5172804 / android.view.SurfaceControl.readFromParcel:1117 android.view.IWindowSession$Stub$Proxy.relayout:1820 android.view.ViewRootImpl.relayoutWindow:9005 android.view.ViewRootImpl.performTraversals:3360 android.view.ViewRootImpl.doTraversal:2618 android.view.ViewRootImpl$TraversalRunnable.run:9971 android.view.Choreographer$CallbackRecord.run:1010 android.view.Choreographer.doCallbacks:809 android.view.Choreographer.doFrame:744 android.view.Choreographer$FrameDisplayEventReceiver.run:995
08-24 14:43:46.444 24159 24159 I ViewRootImpl@33a1c17[InstrumentationActivityInvoker$EmptyActivity]: Relayout returned: old=(0,0,1080,2340) new=(0,0,1080,2340) req=(1080,2340)0 dur=11 res=0x7 s={true 535654150144} ch=true fn=-1
08-24 14:43:46.447  4159 16850 D gralloc : [mali_gralloc_allocate] begin
08-24 14:43:46.447  4159 16850 D gralloc : buffer_descriptor: wh(1080 2340) usage_pc(0x40000000000b00 0x40000000000b00) hal_format(0x1) layer_count(1) sizes(0 0 0) strde(0) byte_stride(0) alloc_wh(0 0) internal_format(0x0) alloc_format(0x0) fd_count(1) plane_count(0)
08-24 14:43:46.448  4226  5359 I Layer   : id=88482 removeFromCurrentState Surface(name=e455c2d StatusBar)/@0x2f65071 - animation-leash#1 (74)
08-24 14:43:46.448  4226  5359 I Layer   : id=88483 removeFromCurrentState Surface(name=a71bb8f NavigationBar0)/@0x8f38906 - animation-leash#1 (74)
08-24 14:43:46.450 24159 24159 I ViewRootImpl@33a1c17[InstrumentationActivityInvoker$EmptyActivity]: [DP] dp(1) 1 android.view.ViewRootImpl.reportNextDraw:10957 android.view.ViewRootImpl.performTraversals:3845 android.view.ViewRootImpl.doTraversal:2618
08-24 14:43:46.451 24159 24159 I ViewRootImpl@33a1c17[InstrumentationActivityInvoker$EmptyActivity]: [DP] pd() Asnyc report
08-24 14:43:46.452  4159 16850 D gralloc : [mali_gralloc_allocate] allocation successful
08-24 14:43:46.454  4159 16850 D gralloc : [mali_gralloc_allocate] begin
08-24 14:43:46.454  4159 16850 D gralloc : buffer_descriptor: wh(1080 2340) usage_pc(0x40000000000b00 0x40000000000b00) hal_format(0x1) layer_count(1) sizes(0 0 0) strde(0) byte_stride(0) alloc_wh(0 0) internal_format(0x0) alloc_format(0x0) fd_count(1) plane_count(0)
08-24 14:43:46.456  4159 16850 D gralloc : [mali_gralloc_allocate] allocation successful
08-24 14:43:46.457  4159 16850 D gralloc : [mali_gralloc_allocate] begin
08-24 14:43:46.457  4159 16850 D gralloc : buffer_descriptor: wh(1080 2340) usage_pc(0x40000000000b00 0x40000000000b00) hal_format(0x1) layer_count(1) sizes(0 0 0) strde(0) byte_stride(0) alloc_wh(0 0) internal_format(0x0) alloc_format(0x0) fd_count(1) plane_count(0)
08-24 14:43:46.458 24159 24159 I ViewRootImpl@33a1c17[InstrumentationActivityInvoker$EmptyActivity]: [DP] pdf(0) 1 android.view.ViewRootImpl.lambda$performDraw$1$ViewRootImpl:4668 android.view.-$$Lambda$ViewRootImpl$DJd0VUYJgsebcnSohO6h8zc_ONI.run:6 android.os.Handler.handleCallback:938
08-24 14:43:46.458 24159 24159 I ViewRootImpl@33a1c17[InstrumentationActivityInvoker$EmptyActivity]: [DP] rdf()
08-24 14:43:46.459 24159 24159 I ViewRootImpl@7204763[GridListActivity]: MSG_WINDOW_FOCUS_CHANGED 0 1
08-24 14:43:46.459  4159 16850 D gralloc : [mali_gralloc_allocate] allocation successful
08-24 14:43:46.462  4585  4613 D PkgPredictorService: pkg:com.example.dogglers activity:androidx.test.core.app.InstrumentationActivityInvoker$EmptyActivity thisTime:118
08-24 14:43:46.464  4585  4613 I SemDvfsHyPerManager: acquire hyper - AMS_RESUME_TAIL/4585@18, type = -999
08-24 14:43:46.464  4585  4613 I SemDvfsHyPerManager: acquire hyper - AMS_ACT_LAZY/4585@19, type = -999
08-24 14:43:46.464  4175  4211 I HYPER-HAL: [RequestManager.cpp]acquire(): Acquired ID : 10596124  [4585 / 18]    HINT : AMS_RESUME_TAIL    list :
08-24 14:43:46.465  4175  4211 I HYPER-HAL: [ResourceManager.cpp]updateResource(): [CPUMinFreq] UpdateResource Request ID : 10596124    Value : 1768000
08-24 14:43:46.465  4175  4211 I HYPER-HAL: [RequestManager.cpp]acquire(): Acquired ID : 10600729  [4585 / 19]    HINT :      list :
08-24 14:43:46.466  4175  4211 E HYPER-HAL: [Request.cpp]acquire(): Request:: id : 10600729, No Resource to set
08-24 14:43:46.466  4175  4211 I HYPER-HAL: [ResourceManager.cpp]removeResource(): [CPUMinFreq] RemoveResource Request ID : 10586917
08-24 14:43:46.467  4175  4211 I HYPER-HAL: [RequestManager.cpp]releaseLocked(): Released ID : 10586917
08-24 14:43:46.467  4585  4617 I ActivityTaskManager: Displayed com.example.dogglers/androidx.test.core.app.InstrumentationActivityInvoker$EmptyActivity: +118ms
08-24 14:43:46.475 24159 24159 I SurfaceControl: nativeRelease nativeObject s[536151022400]
08-24 14:43:46.475 24159 24159 I SurfaceControl: nativeRelease nativeObject e[536151022400]
08-24 14:43:46.475 24159 24159 I SurfaceControl: nativeRelease nativeObject s[536151022112]
08-24 14:43:46.475 24159 24159 I SurfaceControl: nativeRelease nativeObject e[536151022112]
08-24 14:43:46.475 24159 24159 I SurfaceControl: nativeRelease nativeObject s[537816934848]
08-24 14:43:46.475 24159 24159 I SurfaceControl: nativeRelease nativeObject e[537816934848]
08-24 14:43:46.475  4226  4601 I SurfaceFlinger: id=88483 Removed Surface(name=a71bb8f NavigationBar0)/@0x8f38906 - animation-leash#1 (74)
08-24 14:43:46.475  4226  4601 I SurfaceFlinger: id=88482 Removed Surface(name=e455c2d StatusBar)/@0x2f65071 - animation-leash#1 (74)
08-24 14:43:46.478  4226  4226 I Layer   : id=88482[1] Destroyed Surface(name=e455c2d StatusBar)/@0x2f65071 - animation-leash#1
08-24 14:43:46.478  4226  4226 I Layer   : id=88483[1] Destroyed Surface(name=a71bb8f NavigationBar0)/@0x8f38906 - animation-leash#1
08-24 14:43:46.479  4585  8021 I InputDispatcher: Focus entered window (24159): 7c4c772 in display 0 0
08-24 14:43:46.482 24159 24159 I ViewRootImpl@7204763[GridListActivity]: stopped(true) old=false
08-24 14:43:46.485 24159 24159 I SurfaceControl: nativeRelease nativeObject s[535648690656]
08-24 14:43:46.485 24159 24159 I SurfaceControl: nativeRelease nativeObject e[535648690656]
08-24 14:43:46.485 24159 24159 D LifecycleMonitor: Lifecycle status change: com.example.dogglers.GridListActivity@7789cdf in: STOPPED
08-24 14:43:46.486 24159 24159 V ActivityScenario: Update currentActivityStage to STOPPED, currentActivity=com.example.dogglers.GridListActivity@7789cdf
08-24 14:43:46.486  4226  4226 D SurfaceFlinger: Display 0 HWC layers:
08-24 14:43:46.486  4226  4226 D SurfaceFlinger:      DEVICE | 0x77ce815cc0 | 0002 | RGBA_8888    |    0.0    0.0 1080.0 2340.0 |    0    0 1080 2340 | com.example.dogglers/androidx.test.c[...]tivityInvoker$EmptyActivity$_24159#0
08-24 14:43:46.486  4226  4226 D SurfaceFlinger:      DEVICE | 0x77ce816940 | 0000 | RGBA_8888    |    0.0    0.0 1080.0   83.0 |    0    0 1080   83 | StatusBar$_4896#0
08-24 14:43:46.486  4226  4226 D SurfaceFlinger:      DEVICE | 0x77ce8157c0 | 0000 | RGBA_8888    |    0.0    0.0   67.0  342.0 |    0  746   67 1088 | com.samsung.android.app.cocktailbars[...]arservice.CocktailBarService$_9865#0
08-24 14:43:46.486  4226  4226 D SurfaceFlinger:      DEVICE | 0x7851238200 | 0000 | RGBA_8888    |    0.0    0.0  388.0   39.0 |  692 2301 1080 2340 | SGestureOverlayWindow$_5408#0
08-24 14:43:46.486  4226  4226 D SurfaceFlinger:      DEVICE | 0x77ce816a80 | 0000 | RGBA_8888    |    0.0    0.0 1080.0  126.0 |    0 2214 1080 2340 | NavigationBar0$_4896#0
08-24 14:43:46.486  4226  4226 D SurfaceFlinger:      DEVICE | 0x77ce814b40 | 0000 | RGBA_8888    |    0.0    0.0 1080.0  151.0 |    0    0 1080  151 | ScreenDecorOverlay$_4896#0
08-24 14:43:46.486  4226  4226 D SurfaceFlinger:      DEVICE | 0x77ce817d40 | 0000 | RGBA_8888    |    0.0    0.0 1080.0  151.0 |    0 2189 1080 2340 | ScreenDecorOverlayBottom$_
08-24 14:43:46.486  4226  4226 D SurfaceFlinger: 4896#0
08-24 14:43:46.486  4226  4226 D SurfaceFlinger:
08-24 14:43:46.488 24159 24159 D LifecycleMonitor: Lifecycle status change: com.example.dogglers.GridListActivity@7789cdf in: DESTROYED
08-24 14:43:46.489 24159 24159 V ActivityScenario: Update currentActivityStage to DESTROYED, currentActivity=null
08-24 14:43:46.489  4585  7040 I SemDvfsHyPerManager: acquire hyper - AMS_ACT_START/4585@16, type = -999
08-24 14:43:46.490  4175  4211 I HYPER-HAL: [RequestManager.cpp]acquire(): Acquired ID : 10586917  [4585 / 16]    HINT : AMS_ACT_START    list :
08-24 14:43:46.490  4175  4211 I HYPER-HAL: [ResourceManager.cpp]updateResource(): [CPUMinFreq] UpdateResource Request ID : 10586917    Value : 2314000
08-24 14:43:46.491  4226  4601 I SurfaceFlinger: id=88491 createSurf (0x0),-1 flag=80004, ActivityRecord{c3037b3 u0 com.example.dogglers/androidx.test.core.app.InstrumentationActivityInvoker$EmptyActivity t1570}#0
08-24 14:43:46.493  4226  4601 E BufferQueueProducer: [com.example.dogglers/com.example.dogglers.GridListActivity$_24159#0](id:108200004957,api:0,p:-1,c:4226) disconnect: not connected (req=1)
08-24 14:43:46.493 24159 24214 W libEGL  : EGLNativeWindowType 0x7cb9c8d010 disconnect failed
08-24 14:43:46.494 24159 24159 I ViewRootImpl@7204763[GridListActivity]: dispatchDetachedFromWindow
08-24 14:43:46.499  4585  7034 D InputTransport: Input channel destroyed: 'c302026', fd=657
08-24 14:43:46.499  4585  7034 I SurfaceControl: nativeRelease nativeObject s[535579927456]
08-24 14:43:46.499  4585  7034 I SurfaceControl: nativeRelease nativeObject e[535579927456]
08-24 14:43:46.499  4585  7034 D WindowManager: isScreenshotDisabledLocked - win: Window{c302026 u0 com.example.dogglers/com.example.dogglers.GridListActivity}
08-24 14:43:46.499  4585  7034 D WindowManager: isScreenshotDisabledLocked: userId = 0, disabled =false
08-24 14:43:46.499  4585  7034 I SurfaceControl: nativeRelease nativeObject s[535558903904]
08-24 14:43:46.499  4585  7034 I SurfaceControl: nativeRelease nativeObject e[535558903904]
08-24 14:43:46.500  4226  4601 I SurfaceFlinger: id=88492 createSurf (0x0),-1 flag=24004, Surface(name=a3a0629 InputMethod)/@0x54f474f - animation-leash#1
08-24 14:43:46.501  4585  7034 I SurfaceControl: nativeRelease nativeObject s[535556330240]
08-24 14:43:46.501  4585  7034 I SurfaceControl: nativeRelease nativeObject e[535556330240]
08-24 14:43:46.501  4226  4601 I Layer   : id=88481 removeFromCurrentState com.example.dogglers/com.example.dogglers.GridListActivity$_24159#0 (74)
08-24 14:43:46.501  4226  4601 I SurfaceFlinger: id=88481 Removed com.example.dogglers/com.example.dogglers.GridListActivity$_24159#0 (74)
08-24 14:43:46.503  4226  4601 I Layer   : id=88480 removeFromCurrentState c302026 com.example.dogglers/com.example.dogglers.GridListActivity#0 (74)
08-24 14:43:46.503  4226  4601 I Layer   : id=88485 removeFromCurrentState Surface(name=a3a0629 InputMethod)/@0x54f474f - animation-leash#0 (74)
08-24 14:43:46.503  4226  4601 I SurfaceFlinger: id=88480 Removed c302026 com.example.dogglers/com.example.dogglers.GridListActivity#0 (74)
08-24 14:43:46.504 24159 24159 D InputTransport: Input channel destroyed: 'c302026', fd=80
08-24 14:43:46.505 24159 24159 I ViewRootImpl@33a1c17[InstrumentationActivityInvoker$EmptyActivity]: MSG_WINDOW_FOCUS_CHANGED 1 1
08-24 14:43:46.505 24159 24159 D InputMethodManager: prepareNavigationBarInfo() DecorView@32c7e58[InstrumentationActivityInvoker$EmptyActivity]
08-24 14:43:46.505 24159 24159 D InputMethodManager: getNavigationBarColor() -855310
08-24 14:43:46.506 24159 24159 D InputMethodManager: prepareNavigationBarInfo() DecorView@32c7e58[InstrumentationActivityInvoker$EmptyActivity]
08-24 14:43:46.506 24159 24159 D InputMethodManager: getNavigationBarColor() -855310
08-24 14:43:46.506 24159 24159 V InputMethodManager: Starting input: tba=com.example.dogglers ic=null mNaviBarColor -855310 mIsGetNaviBarColorSuccess true , NavVisible : true , NavTrans : false
08-24 14:43:46.506 24159 24159 D InputMethodManager: startInputInner - Id : 0
08-24 14:43:46.506 24159 24159 I InputMethodManager: startInputInner - mService.startInputOrWindowGainedFocus
08-24 14:43:46.507  4585  7034 D InputMethodManagerService: mSecureKeypadEnabled = false
08-24 14:43:46.507  4585  7034 V InputMethodManagerService: hideCurrentInputLocked : shouldHideSoftInput is false
08-24 14:43:46.507  4585  7034 D InputMethodManagerService: mDesktopModeManager null!
08-24 14:43:46.507  4585  7034 V InputMethodManagerService: getDisplayIdOfInputMethodWindowToBeAdded : 0
08-24 14:43:46.507  4585  7034 D InputMethodManagerService: checkDisplayOfStartInputAndUpdateKeyboard display Id 0last 0
08-24 14:43:46.507  4585  7034 D InputTransport: Input channel constructed: 'ClientS', fd=657
08-24 14:43:46.507  4585  7034 D InputTransport: Input channel destroyed: 'ClientS', fd=657
08-24 14:43:46.508 24159 24159 D InputTransport: Input channel constructed: 'ClientS', fd=80
08-24 14:43:46.508 24159 24159 D InputTransport: Input channel destroyed: 'ClientS', fd=93
08-24 14:43:46.508  4585  7040 I SurfaceControl: nativeRelease nativeObject s[535556874144]
08-24 14:43:46.508  4585  7040 I SurfaceControl: nativeRelease nativeObject e[535556874144]
08-24 14:43:46.510  4585  7034 I SurfaceControl: nativeRelease nativeObject s[535557017856]
08-24 14:43:46.510  4585  7034 I SurfaceControl: nativeRelease nativeObject e[535557017856]
08-24 14:43:46.510  4226  4601 I SurfaceFlinger: id=88493 createSurf (0x0),-1 flag=24004, Surface(name=a3a0629 InputMethod)/@0x54f474f - animation-leash#0
08-24 14:43:46.511  4226  4226 I Layer   : id=88480[1] Destroyed c302026 com.example.dogglers/com.example.dogglers.GridListActivity#0
08-24 14:43:46.512  4226  4226 I Layer   : id=88481[1] Destroyed com.example.dogglers/com.example.dogglers.GridListActivity$_24159#0
08-24 14:43:46.513  7388  7388 I HBD     : HoneyBoardService onFinishInput
08-24 14:43:46.513  7388  7388 I HBD     : a IC have been unbinded,  InputConnectionWrapper{idHash=#bf9cfb3 mMissingMethods=}
