08-24 14:43:38.690  4585  5390 D SdpManagerService: Not an enterprise user : 0
08-24 14:43:38.690  4585  5390 D SdpManagerService: Not an enterprise user : 0
08-24 14:43:38.692  7388  7388 I HBD     : h getDefaultInputRange : UNKNOWN
08-24 14:43:38.693  7388  7388 I HBD     : a currentState : 0
08-24 14:43:38.694  7388  7388 I HBD     : h load selected json info : {"version":"1.0","currentLanguageOrder":0,"selected":[{"activeOptionList":["auto_replace","auto_spacing"],"engName":"Russian","id":3342336,"inputType":"qwerty","isUsed":true},{"activeOptionList":["auto_replace","auto_spacing"],"engName":"English","id":65537,"inputType":"qwerty","isUsed":true}]}
08-24 14:43:38.695  7388  7388 I HBD     : a [UpdatePolicy] [post] a: 0 cl: 3342336 kit: [0/0] vt: 0 ir: 1
08-24 14:43:38.696  4226  4248 I Layer   : id=88259 removeFromCurrentState Surface(name=a3a0629 InputMethod)/@0x54f474f - animation-leash#0 (73)
08-24 14:43:38.696  7388  7388 I HBD     : HoneyBoardService [PF_OP][onStartInput]  9286538 ns
08-24 14:43:38.697 21167 21167 I Finsky  : [2] ContentSyncJob.v(3): [ContentSync] job started
08-24 14:43:38.704 24159 24159 I DecorView: [INFO] isPopOver=false, config=true
08-24 14:43:38.704 24159 24159 I DecorView: updateCaptionType >> DecorView@650c1f[], isFloating=false, isApplication=true, hasWindowDecorCaption=false, hasWindowControllerCallback=true
08-24 14:43:38.704 24159 24159 D DecorView: setCaptionType = 0, this = DecorView@650c1f[]
08-24 14:43:38.708 24159 24159 D LifecycleMonitor: Lifecycle status change: androidx.test.core.app.InstrumentationActivityInvoker$EmptyActivity@2faea79 in: CREATED
08-24 14:43:38.709 24159 24159 V ActivityScenario: Activity lifecycle changed event received but ignored because the intent does not match. startActivityIntent=Intent { act=android.intent.action.MAIN cat=[android.intent.category.LAUNCHER] cmp=com.example.dogglers/.MainActivity }, activity.getIntent()=Intent { act=android.intent.action.MAIN cat=[android.intent.category.LAUNCHER] flg=0x10000000 cmp=com.example.dogglers/androidx.test.core.app.InstrumentationActivityInvoker$EmptyActivity }, activity=androidx.test.core.app.InstrumentationActivityInvoker$EmptyActivity@2faea79
08-24 14:43:38.711 24159 24159 D LifecycleMonitor: Lifecycle status change: androidx.test.core.app.InstrumentationActivityInvoker$EmptyActivity@2faea79 in: STARTED
08-24 14:43:38.711 24159 24159 V ActivityScenario: Activity lifecycle changed event received but ignored because the intent does not match. startActivityIntent=Intent { act=android.intent.action.MAIN cat=[android.intent.category.LAUNCHER] cmp=com.example.dogglers/.MainActivity }, activity.getIntent()=Intent { act=android.intent.action.MAIN cat=[android.intent.category.LAUNCHER] flg=0x10000000 cmp=com.example.dogglers/androidx.test.core.app.InstrumentationActivityInvoker$EmptyActivity }, activity=androidx.test.core.app.InstrumentationActivityInvoker$EmptyActivity@2faea79
08-24 14:43:38.713 24159 24159 D LifecycleMonitor: Lifecycle status change: androidx.test.core.app.InstrumentationActivityInvoker$EmptyActivity@2faea79 in: RESUMED
08-24 14:43:38.714 24159 24159 V ActivityScenario: Activity lifecycle changed event received but ignored because the intent does not match. startActivityIntent=Intent { act=android.intent.action.MAIN cat=[android.intent.category.LAUNCHER] cmp=com.example.dogglers/.MainActivity }, activity.getIntent()=Intent { act=android.intent.action.MAIN cat=[android.intent.category.LAUNCHER] flg=0x10000000 cmp=com.example.dogglers/androidx.test.core.app.InstrumentationActivityInvoker$EmptyActivity }, activity=androidx.test.core.app.InstrumentationActivityInvoker$EmptyActivity@2faea79
08-24 14:43:38.718  4585  7096 D InputTransport: Input channel constructed: '962e15e', fd=675
08-24 14:43:38.718  4585  7096 D InputTransport: Input channel constructed: '962e15e', fd=676
08-24 14:43:38.718  4226  4601 I SurfaceFlinger: id=88261 createSurf (0x0),-1 flag=80004, 962e15e com.example.dogglers/androidx.test.core.app.InstrumentationActivityInvoker$EmptyActivity#0
08-24 14:43:38.719  4585  7096 D WindowManager: isScreenshotDisabledLocked - win: Window{962e15e u0 com.example.dogglers/androidx.test.core.app.InstrumentationActivityInvoker$EmptyActivity}
08-24 14:43:38.719  4585  7096 D WindowManager: isScreenshotDisabledLocked: userId = 0, disabled =false
08-24 14:43:38.719  4585  7096 D InputTransport: Input channel destroyed: '962e15e', fd=676
08-24 14:43:38.719 24159 24159 D InputTransport: Input channel constructed: '962e15e', fd=89
08-24 14:43:38.721 24159 24159 I ViewRootImpl@e7f7dca[InstrumentationActivityInvoker$EmptyActivity]: setView = com.android.internal.policy.DecorView@650c1f TM=true
08-24 14:43:38.726  4585  7096 V WindowManager: Relayout Window{962e15e u0 com.example.dogglers/androidx.test.core.app.InstrumentationActivityInvoker$EmptyActivity}: viewVisibility=0 req=1080x2340
08-24 14:43:38.728  4585  7096 D WindowManager: isScreenshotDisabledLocked - win: Window{962e15e u0 com.example.dogglers/androidx.test.core.app.InstrumentationActivityInvoker$EmptyActivity}
08-24 14:43:38.728  4585  7096 D WindowManager: isScreenshotDisabledLocked: userId = 0, disabled =false
08-24 14:43:38.729  4226  4601 I SurfaceFlinger: id=88262 createSurf (1080x2340),1 flag=404, com.example.dogglers/androidx.test.core.app.InstrumentationActivityInvoker$EmptyActivity$_24159#1
08-24 14:43:38.731  4585  7096 I SurfaceControl: nativeRelease nativeObject s[537628415776]
08-24 14:43:38.731  4585  7096 I SurfaceControl: nativeRelease nativeObject e[537628415776]
08-24 14:43:38.731  9865  9865 I TrayStateController: systemUiVisibilityChanged : 0 0
08-24 14:43:38.732  4226  4601 I SurfaceFlinger: id=88263 createSurf (0x0),-1 flag=24000, Surface(name=e455c2d StatusBar)/@0x2f65071 - animation-leash#1
08-24 14:43:38.732  4585  7096 I SurfaceControl: nativeRelease nativeObject s[537628420768]
08-24 14:43:38.732  4585  7096 I SurfaceControl: nativeRelease nativeObject e[537628420768]
08-24 14:43:38.732  4226  4601 I SurfaceFlinger: id=88264 createSurf (0x0),-1 flag=24000, Surface(name=a71bb8f NavigationBar0)/@0x8f38906 - animation-leash#1
08-24 14:43:38.734  4585  7096 V WindowManager: Relayout hash=962e15e, pid=24159: mAttrs={(0,0)(fillxfill) sim={adjust=pan forwardNavigation} ty=BASE_APPLICATION wanim=0x1030001
08-24 14:43:38.734  4585  7096 V WindowManager:   fl=1810100
08-24 14:43:38.734  4585  7096 V WindowManager:   pfl=12020000
08-24 14:43:38.734  4585  7096 V WindowManager:   apr=LIGHT_NAVIGATION_BARS
08-24 14:43:38.734  4585  7096 V WindowManager:   fitSides= naviIconColor=0
08-24 14:43:38.734  4585  7096 V WindowManager:   sfl=100000}
08-24 14:43:38.734  4585  7096 I SurfaceControl: nativeRelease nativeObject s[535556334176]
08-24 14:43:38.734  4585  7096 I SurfaceControl: nativeRelease nativeObject e[535556334176]
08-24 14:43:38.735  4226  4601 I Layer   : id=88256 removeFromCurrentState Surface(name=e455c2d StatusBar)/@0x2f65071 - animation-leash#0 (77)
08-24 14:43:38.735  4226  4601 I Layer   : id=88257 removeFromCurrentState Surface(name=a71bb8f NavigationBar0)/@0x8f38906 - animation-leash#0 (77)
08-24 14:43:38.735  4226  4601 I Layer   : id=26 removeFromCurrentState a71bb8f NavigationBar0#0 (77)
08-24 14:43:38.735  4226  4601 I Layer   : id=36 removeFromCurrentState NavigationBar0$_4896#0 (77)
08-24 14:43:38.735  4226  4601 I Layer   : id=26 addToCurrentState a71bb8f NavigationBar0#0 (77)
08-24 14:43:38.735  4226  4601 I Layer   : id=36 addToCurrentState NavigationBar0$_4896#0 (77)
08-24 14:43:38.736 24159 24159 I SurfaceControl: assignNativeObject: nativeObject = 0 Surface(name=null)/@0x8d84b3b / android.view.SurfaceControl.readFromParcel:1117 android.view.IWindowSession$Stub$Proxy.relayout:1820 android.view.ViewRootImpl.relayoutWindow:9005 android.view.ViewRootImpl.performTraversals:3360 android.view.ViewRootImpl.doTraversal:2618 android.view.ViewRootImpl$TraversalRunnable.run:9971 android.view.Choreographer$CallbackRecord.run:1010 android.view.Choreographer.doCallbacks:809 android.view.Choreographer.doFrame:744 android.view.Choreographer$FrameDisplayEventReceiver.run:995
08-24 14:43:38.737 24159 24159 I ViewRootImpl@e7f7dca[InstrumentationActivityInvoker$EmptyActivity]: Relayout returned: old=(0,0,1080,2340) new=(0,0,1080,2340) req=(1080,2340)0 dur=10 res=0x7 s={true 536236204032} ch=true fn=-1
08-24 14:43:38.739  4159 16850 D gralloc : [mali_gralloc_allocate] begin
08-24 14:43:38.739  4159 16850 D gralloc : buffer_descriptor: wh(1080 2340) usage_pc(0x40000000000b00 0x40000000000b00) hal_format(0x1) layer_count(1) sizes(0 0 0) strde(0) byte_stride(0) alloc_wh(0 0) internal_format(0x0) alloc_format(0x0) fd_count(1) plane_count(0)
08-24 14:43:38.740 24159 24159 I ViewRootImpl@e7f7dca[InstrumentationActivityInvoker$EmptyActivity]: [DP] dp(1) 1 android.view.ViewRootImpl.reportNextDraw:10957 android.view.ViewRootImpl.performTraversals:3845 android.view.ViewRootImpl.doTraversal:2618
08-24 14:43:38.740 24159 24159 I ViewRootImpl@e7f7dca[InstrumentationActivityInvoker$EmptyActivity]: [DP] pd() Asnyc report
08-24 14:43:38.741  4159 16850 D gralloc : [mali_gralloc_allocate] allocation successful
08-24 14:43:38.742  4159 16850 D gralloc : [mali_gralloc_allocate] begin
08-24 14:43:38.742  4159 16850 D gralloc : buffer_descriptor: wh(1080 2340) usage_pc(0x40000000000b00 0x40000000000b00) hal_format(0x1) layer_count(1) sizes(0 0 0) strde(0) byte_stride(0) alloc_wh(0 0) internal_format(0x0) alloc_format(0x0) fd_count(1) plane_count(0)
08-24 14:43:38.743  4159 16850 D gralloc : [mali_gralloc_allocate] allocation successful
08-24 14:43:38.744  4159 16850 D gralloc : [mali_gralloc_allocate] begin
08-24 14:43:38.744  4159 16850 D gralloc : buffer_descriptor: wh(1080 2340) usage_pc(0x40000000000b00 0x40000000000b00) hal_format(0x1) layer_count(1) sizes(0 0 0) strde(0) byte_stride(0) alloc_wh(0 0) internal_format(0x0) alloc_format(0x0) fd_count(1) plane_count(0)
08-24 14:43:38.746 24159 24159 I ViewRootImpl@e7f7dca[InstrumentationActivityInvoker$EmptyActivity]: [DP] pdf(0) 1 android.view.ViewRootImpl.lambda$performDraw$1$ViewRootImpl:4668 android.view.-$$Lambda$ViewRootImpl$DJd0VUYJgsebcnSohO6h8zc_ONI.run:6 android.os.Handler.handleCallback:938
08-24 14:43:38.746 24159 24159 I ViewRootImpl@e7f7dca[InstrumentationActivityInvoker$EmptyActivity]: [DP] rdf()
08-24 14:43:38.746  4159 16850 D gralloc : [mali_gralloc_allocate] allocation successful
08-24 14:43:38.749  4585  8021 D SamsungIMMSHWKeyboard: isConnectedDexOnPC false
08-24 14:43:38.749 24159 24159 I SurfaceControl: nativeRelease nativeObject s[537816935136]
08-24 14:43:38.749 24159 24159 I SurfaceControl: nativeRelease nativeObject e[537816935136]
08-24 14:43:38.749 24159 24159 I SurfaceControl: nativeRelease nativeObject s[537816935040]
08-24 14:43:38.749 24159 24159 I SurfaceControl: nativeRelease nativeObject e[537816935040]
08-24 14:43:38.750 24159 24159 I ViewRootImpl@65cf441[InstrumentationActivityInvoker$EmptyActivity]: MSG_WINDOW_FOCUS_CHANGED 0 1
08-24 14:43:38.751  4585  4613 D PkgPredictorService: pkg:com.example.dogglers activity:androidx.test.core.app.InstrumentationActivityInvoker$EmptyActivity thisTime:125
08-24 14:43:38.753  4585  4613 I SemDvfsHyPerManager: acquire hyper - AMS_RESUME_TAIL/4585@18, type = -999
08-24 14:43:38.753  4585  4617 I ActivityTaskManager: Displayed com.example.dogglers/androidx.test.core.app.InstrumentationActivityInvoker$EmptyActivity: +125ms
08-24 14:43:38.753  4585  4613 I SemDvfsHyPerManager: acquire hyper - AMS_ACT_LAZY/4585@19, type = -999
08-24 14:43:38.753 24159 24159 I SurfaceControl: nativeRelease nativeObject s[536151022112]
08-24 14:43:38.753 24159 24159 I SurfaceControl: nativeRelease nativeObject e[536151022112]
08-24 14:43:38.753 24159 24159 I SurfaceControl: nativeRelease nativeObject s[537816936576]
08-24 14:43:38.753 24159 24159 I SurfaceControl: nativeRelease nativeObject e[537816936576]
08-24 14:43:38.753 24159 24159 I SurfaceControl: nativeRelease nativeObject s[537816936480]
08-24 14:43:38.754 24159 24159 I SurfaceControl: nativeRelease nativeObject e[537816936480]
08-24 14:43:38.753  4175  4211 I HYPER-HAL: [RequestManager.cpp]acquire(): Acquired ID : 10596124  [4585 / 18]    HINT : AMS_RESUME_TAIL    list :
08-24 14:43:38.754  4226  4248 I SurfaceFlinger: id=88257 Removed Surface(name=a71bb8f NavigationBar0)/@0x8f38906 - animation-leash#0 (77)
08-24 14:43:38.754  4226  4601 I SurfaceFlinger: id=88256 Removed Surface(name=e455c2d StatusBar)/@0x2f65071 - animation-leash#0 (77)
08-24 14:43:38.754  4175  4211 I HYPER-HAL: [ResourceManager.cpp]updateResource(): [CPUMinFreq] UpdateResource Request ID : 10596124    Value : 1768000
08-24 14:43:38.754  4175  4211 I HYPER-HAL: [RequestManager.cpp]acquire(): Acquired ID : 10600729  [4585 / 19]    HINT :      list :
08-24 14:43:38.755  4175  4211 E HYPER-HAL: [Request.cpp]acquire(): Request:: id : 10600729, No Resource to set
08-24 14:43:38.755  4175  4211 I HYPER-HAL: [ResourceManager.cpp]removeResource(): [CPUMinFreq] RemoveResource Request ID : 10586917
08-24 14:43:38.755  4175  4211 I HYPER-HAL: [RequestManager.cpp]releaseLocked(): Released ID : 10586917
08-24 14:43:38.757  4585  8021 D InputMethodManagerService: isImeSwitcherDisabledPackage : false
08-24 14:43:38.762  4226  4226 I Layer   : id=88256[1] Destroyed Surface(name=e455c2d StatusBar)/@0x2f65071 - animation-leash#0
08-24 14:43:38.762  4226  4226 I Layer   : id=88257[1] Destroyed Surface(name=a71bb8f NavigationBar0)/@0x8f38906 - animation-leash#0
08-24 14:43:38.763  4585  5087 I InputDispatcher: Focus entered window (24159): 962e15e in display 0 0
08-24 14:43:38.765  4226  4248 E BufferQueueProducer: [com.example.dogglers/androidx.test.core.app.InstrumentationActivityInvoker$EmptyActivity$_24159#0](id:108200004934,api:0,p:-1,c:4226) disconnect: not connected (req=1)
08-24 14:43:38.765 24159 24214 W libEGL  : EGLNativeWindowType 0x7cdb5da010 disconnect failed
08-24 14:43:38.766  4585  5087 V WindowManager: Relayout Window{5dd8bfe u0 com.example.dogglers/androidx.test.core.app.InstrumentationActivityInvoker$EmptyActivity}: viewVisibility=8 req=1080x2340
08-24 14:43:38.767  4226  4226 D SurfaceFlinger: Display 0 HWC layers:
08-24 14:43:38.767  4226  4226 D SurfaceFlinger:      DEVICE | 0x77ce818240 | 0002 | RGBA_8888    |    0.0    0.0 1080.0 2340.0 |    0    0 1080 2340 | com.example.dogglers/androidx.test.c[...]tivityInvoker$EmptyActivity$_24159#1
08-24 14:43:38.767  4226  4226 D SurfaceFlinger:      DEVICE | 0x77ce816940 | 0000 | RGBA_8888    |    0.0    0.0 1080.0   83.0 |    0    0 1080   83 | StatusBar$_4896#0
08-24 14:43:38.767  4226  4226 D SurfaceFlinger:      DEVICE | 0x77ce8157c0 | 0000 | RGBA_8888    |    0.0    0.0   67.0  342.0 |    0  746   67 1088 | com.samsung.android.app.cocktailbars[...]arservice.CocktailBarService$_9865#0
08-24 14:43:38.767  4226  4226 D SurfaceFlinger:      DEVICE | 0x7851238200 | 0000 | RGBA_8888    |    0.0    0.0  388.0   39.0 |  692 2301 1080 2340 | SGestureOverlayWindow$_5408#0
08-24 14:43:38.767  4226  4226 D SurfaceFlinger:      DEVICE | 0x77ce816800 | 0000 | RGBA_8888    |    0.0    0.0 1080.0  126.0 |    0 2214 1080 2340 | NavigationBar0$_4896#0
08-24 14:43:38.767  4226  4226 D SurfaceFlinger:      DEVICE | 0x77ce814b40 | 0000 | RGBA_8888    |    0.0    0.0 1080.0  151.0 |    0    0 1080  151 | ScreenDecorOverlay$_4896#0
08-24 14:43:38.767  4226  4226 D SurfaceFlinger:      DEVICE | 0x77ce817d40 | 0000 | RGBA_8888    |    0.0    0.0 1080.0  151.0 |    0 2189 1080 2340 | ScreenDecorOverlayBottom$_
08-24 14:43:38.768  4226  4226 D SurfaceFlinger: 4896#0
08-24 14:43:38.768  4226  4226 D SurfaceFlinger:
08-24 14:43:38.769  4585  5087 V WindowManager: Relayout hash=5dd8bfe, pid=24159: mAttrs={(0,0)(fillxfill) sim={adjust=pan forwardNavigation} ty=BASE_APPLICATION wanim=0x1030001
08-24 14:43:38.769  4585  5087 V WindowManager:   fl=1810100
08-24 14:43:38.769  4585  5087 V WindowManager:   pfl=12020000
08-24 14:43:38.769  4585  5087 V WindowManager:   apr=LIGHT_NAVIGATION_BARS
08-24 14:43:38.769  4585  5087 V WindowManager:   fitSides= naviIconColor=0
08-24 14:43:38.769  4585  5087 V WindowManager:   sfl=100000}
08-24 14:43:38.770 24159 24159 I SurfaceControl: nativeRelease nativeObject s[536236746496]
08-24 14:43:38.770 24159 24159 I SurfaceControl: nativeRelease nativeObject e[536236746496]
08-24 14:43:38.771 24159 24159 I SurfaceControl: assignNativeObject: nativeObject = 0 Surface(name=null)/@0x5a63258 / android.view.SurfaceControl.readFromParcel:1117 android.view.IWindowSession$Stub$Proxy.relayout:1810 android.view.ViewRootImpl.relayoutWindow:9005 android.view.ViewRootImpl.performTraversals:3360 android.view.ViewRootImpl.doTraversal:2618 android.view.ViewRootImpl$TraversalRunnable.run:9971 android.view.Choreographer$CallbackRecord.run:1010 android.view.Choreographer.doCallbacks:809 android.view.Choreographer.doFrame:744 android.view.Choreographer$FrameDisplayEventReceiver.run:995
08-24 14:43:38.771 24159 24159 I SurfaceControl: assignNativeObject: nativeObject = 0 Surface(name=null)/@0x345fde6 / android.view.SurfaceControl.readFromParcel:1117 android.view.IWindowSession$Stub$Proxy.relayout:1820 android.view.ViewRootImpl.relayoutWindow:9005 android.view.ViewRootImpl.performTraversals:3360 android.view.ViewRootImpl.doTraversal:2618 android.view.ViewRootImpl$TraversalRunnable.run:9971 android.view.Choreographer$CallbackRecord.run:1010 android.view.Choreographer.doCallbacks:809 android.view.Choreographer.doFrame:744 android.view.Choreographer$FrameDisplayEventReceiver.run:995
08-24 14:43:38.772 24159 24159 I SurfaceControl: nativeRelease nativeObject s[537830060672]
08-24 14:43:38.772 24159 24159 I SurfaceControl: nativeRelease nativeObject e[537830060672]
08-24 14:43:38.772 24159 24159 I ViewRootImpl@65cf441[InstrumentationActivityInvoker$EmptyActivity]: Relayout returned: old=(0,0,1080,2340) new=(0,0,1080,2340) req=(1080,2340)8 dur=6 res=0x5 s={false 0} ch=true fn=2
08-24 14:43:38.780 24159 24159 I ViewRootImpl@e7f7dca[InstrumentationActivityInvoker$EmptyActivity]: MSG_WINDOW_FOCUS_CHANGED 1 1
08-24 14:43:38.781 24159 24159 D InputMethodManager: prepareNavigationBarInfo() DecorView@650c1f[InstrumentationActivityInvoker$EmptyActivity]
08-24 14:43:38.781 24159 24159 D InputMethodManager: getNavigationBarColor() -855310
08-24 14:43:38.782 24159 24159 D InputMethodManager: prepareNavigationBarInfo() DecorView@650c1f[InstrumentationActivityInvoker$EmptyActivity]
08-24 14:43:38.782 24159 24159 D InputMethodManager: getNavigationBarColor() -855310
08-24 14:43:38.782 24159 24159 V InputMethodManager: Starting input: tba=com.example.dogglers ic=null mNaviBarColor -855310 mIsGetNaviBarColorSuccess true , NavVisible : true , NavTrans : false
08-24 14:43:38.782 24159 24159 D InputMethodManager: startInputInner - Id : 0
08-24 14:43:38.782 24159 24159 I InputMethodManager: startInputInner - mService.startInputOrWindowGainedFocus
08-24 14:43:38.783  4585  8021 D InputMethodManagerService: mSecureKeypadEnabled = false
08-24 14:43:38.783  4585  8021 V InputMethodManagerService: hideCurrentInputLocked : shouldHideSoftInput is false
08-24 14:43:38.783  4585  8021 D InputMethodManagerService: mDesktopModeManager null!
08-24 14:43:38.783  4585  8021 V InputMethodManagerService: getDisplayIdOfInputMethodWindowToBeAdded : 0
08-24 14:43:38.783  4585  8021 D InputMethodManagerService: checkDisplayOfStartInputAndUpdateKeyboard display Id 0last 0
08-24 14:43:38.784  4585  8021 D InputTransport: Input channel constructed: 'ClientS', fd=676
08-24 14:43:38.784  4585  8021 D InputTransport: Input channel destroyed: 'ClientS', fd=676
08-24 14:43:38.784 24159 24159 D InputTransport: Input channel constructed: 'ClientS', fd=93
08-24 14:43:38.784 24159 24159 D InputTransport: Input channel destroyed: 'ClientS', fd=80
08-24 14:43:38.785 24159 24159 I ViewRootImpl@65cf441[InstrumentationActivityInvoker$EmptyActivity]: stopped(true) old=false
08-24 14:43:38.785 24159 24159 D LifecycleMonitor: Lifecycle status change: androidx.test.core.app.InstrumentationActivityInvoker$EmptyActivity@ad31b3c in: STOPPED
08-24 14:43:38.785 24159 24159 V ActivityScenario: Activity lifecycle changed event received but ignored because the intent does not match. startActivityIntent=Intent { act=android.intent.action.MAIN cat=[android.intent.category.LAUNCHER] cmp=com.example.dogglers/.MainActivity }, activity.getIntent()=Intent { act=android.intent.action.MAIN cat=[android.intent.category.LAUNCHER] flg=0x10000000 cmp=com.example.dogglers/androidx.test.core.app.InstrumentationActivityInvoker$EmptyActivity }, activity=androidx.test.core.app.InstrumentationActivityInvoker$EmptyActivity@ad31b3c
08-24 14:43:38.786  4585  5087 I SurfaceControl: nativeRelease nativeObject s[535557015840]
08-24 14:43:38.786  4585  5087 I SurfaceControl: nativeRelease nativeObject e[535557015840]
08-24 14:43:38.787  4226  4248 I SurfaceFlinger: id=88265 createSurf (0x0),-1 flag=24004, Surface(name=a3a0629 InputMethod)/@0x54f474f - animation-leash#0
08-24 14:43:38.788 24159 24159 D LifecycleMonitor: Lifecycle status change: androidx.test.core.app.InstrumentationActivityInvoker$EmptyActivity@ad31b3c in: DESTROYED
08-24 14:43:38.788  7388  7388 I HBD     : HoneyBoardService onFinishInput
08-24 14:43:38.788 24159 24159 V ActivityScenario: Activity lifecycle changed event received but ignored because the intent does not match. startActivityIntent=Intent { act=android.intent.action.MAIN cat=[android.intent.category.LAUNCHER] cmp=com.example.dogglers/.MainActivity }, activity.getIntent()=Intent { act=android.intent.action.MAIN cat=[android.intent.category.LAUNCHER] flg=0x10000000 cmp=com.example.dogglers/androidx.test.core.app.InstrumentationActivityInvoker$EmptyActivity }, activity=androidx.test.core.app.InstrumentationActivityInvoker$EmptyActivity@ad31b3c
08-24 14:43:38.788  7388  7388 I HBD     : a IC have been unbinded,  InputConnectionWrapper{idHash=#984e0d mMissingMethods=}
08-24 14:43:38.789  7388  7388 I HBD     : HoneyBoardService [PF_CL][onFinishInput]  428961 ns
08-24 14:43:38.789  7388  7388 I HBD     : HoneyBoardService [IMI] onStartInput - caller pid : 24159 , caller uid : 10574
08-24 14:43:38.789  7388  7388 I HBD     : i updateConfigs
08-24 14:43:38.789 24159 24159 I ViewRootImpl@65cf441[InstrumentationActivityInvoker$EmptyActivity]: dispatchDetachedFromWindow
08-24 14:43:38.789  7388  7388 I HBD     : i isEnabledNightMode : false
08-24 14:43:38.790  7388  7388 I HBD     : a IC have been binded, InputConnectionWrapper{idHash=#984e0d mMissingMethods=}
08-24 14:43:38.790  4585  5087 D InputTransport: Input channel destroyed: '5dd8bfe', fd=672
08-24 14:43:38.790  7388  7388 I HBD     : h [EditorInputType]setPrivateImeOptionsToTable privateImeOptions ( null )
08-24 14:43:38.790  4585  5087 I SurfaceControl: nativeRelease nativeObject s[537817684832]
08-24 14:43:38.790  4585  5087 I SurfaceControl: nativeRelease nativeObject e[537817684832]
08-24 14:43:38.790  4585  5087 D WindowManager: isScreenshotDisabledLocked - win: Window{5dd8bfe u0 com.example.dogglers/androidx.test.core.app.InstrumentationActivityInvoker$EmptyActivity}
08-24 14:43:38.790  7388  7388 I HBD     : b incognitoMode : false
08-24 14:43:38.790  4585  5087 D WindowManager: isScreenshotDisabledLocked: userId = 0, disabled =false
08-24 14:43:38.790  7388  7388 I HBD     : a needOff = true , isForceOff = false, isNullInputClass : true
08-24 14:43:38.790  4585  5087 I SurfaceControl: nativeRelease nativeObject s[535567044576]
08-24 14:43:38.790  4585  5087 I SurfaceControl: nativeRelease nativeObject e[535567044576]
08-24 14:43:38.791  7388  7388 I HBD     : h getDefaultInputRange : UNKNOWN
08-24 14:43:38.791  7388  7388 I HBD     : h getDefaultInputRange : UNKNOWN
08-24 14:43:38.791  4226  4248 I Layer   : id=88255 removeFromCurrentState com.example.dogglers/androidx.test.core.app.InstrumentationActivityInvoker$EmptyActivity$_24159#0 (76)
08-24 14:43:38.791  7388  7388 I HBD     : h getDefaultInputRange : UNKNOWN
08-24 14:43:38.791  4226  4248 I SurfaceFlinger: id=88255 Removed com.example.dogglers/androidx.test.core.app.InstrumentationActivityInvoker$EmptyActivity$_24159#0 (76)
08-24 14:43:38.791  4585  7096 D SdpManagerService: Not an enterprise user : 0
08-24 14:43:38.792  4585  7096 D SdpManagerService: Not an enterprise user : 0
08-24 14:43:38.793  4226  4248 I Layer   : id=88260 removeFromCurrentState Surface(name=a3a0629 InputMethod)/@0x54f474f - animation-leash#1 (76)
08-24 14:43:38.793  4226  4248 I Layer   : id=88254 removeFromCurrentState 5dd8bfe com.example.dogglers/androidx.test.core.app.InstrumentationActivityInvoker$EmptyActivity#0 (76)
08-24 14:43:38.794  4226  4248 I SurfaceFlinger: id=88254 Removed 5dd8bfe com.example.dogglers/androidx.test.core.app.InstrumentationActivityInvoker$EmptyActivity#0 (76)
08-24 14:43:38.795 24159 24159 D InputTransport: Input channel destroyed: '5dd8bfe', fd=92
08-24 14:43:38.796  7388  7388 I HBD     : h getDefaultInputRange : UNKNOWN
08-24 14:43:38.796  7388  7388 I HBD     : a currentState : 0
08-24 14:43:38.796  4226  4226 I Layer   : id=88254[1] Destroyed 5dd8bfe com.example.dogglers/androidx.test.core.app.InstrumentationActivityInvoker$EmptyActivity#0
08-24 14:43:38.796  4226  4226 I Layer   : id=88255[1] Destroyed com.example.dogglers/androidx.test.core.app.InstrumentationActivityInvoker$EmptyActivity$_24159#0
08-24 14:43:38.797  4585  5087 I SurfaceControl: nativeRelease nativeObject s[535579919968]
08-24 14:43:38.797  4585  5087 I SurfaceControl: nativeRelease nativeObject e[535579919968]
08-24 14:43:38.797  4585  7096 I InputDispatcher: Focus left window (24159): 962e15e in display 0 0
08-24 14:43:38.798  7388  7388 I HBD     : h load selected json info : {"version":"1.0","currentLanguageOrder":0,"selected":[{"activeOptionList":["auto_replace","auto_spacing"],"engName":"Russian","id":3342336,"inputType":"qwerty","isUsed":true},{"activeOptionList":["auto_replace","auto_spacing"],"engName":"English","id":65537,"inputType":"qwerty","isUsed":true}]}
08-24 14:43:38.798  7388  7388 I HBD     : a [UpdatePolicy] [post] a: 0 cl: 3342336 kit: [0/0] vt: 0 ir: 1
08-24 14:43:38.799 24159 24159 D LifecycleMonitor: Lifecycle status change: androidx.test.core.app.InstrumentationActivityInvoker$EmptyActivity@2faea79 in: PAUSED
08-24 14:43:38.799 24159 24159 V ActivityScenario: Activity lifecycle changed event received but ignored because the intent does not match. startActivityIntent=Intent { act=android.intent.action.MAIN cat=[android.intent.category.LAUNCHER] cmp=com.example.dogglers/.MainActivity }, activity.getIntent()=Intent { act=android.intent.action.MAIN cat=[android.intent.category.LAUNCHER] flg=0x10000000 cmp=com.example.dogglers/androidx.test.core.app.InstrumentationActivityInvoker$EmptyActivity }, activity=androidx.test.core.app.InstrumentationActivityInvoker$EmptyActivity@2faea79
08-24 14:43:38.800  7388  7388 I HBD     : HoneyBoardService [PF_OP][onStartInput]  10362424 ns
08-24 14:43:38.801  4585  5390 I SemDvfsHyPerManager: acquire hyper - AMS_ACT_RESUME/4585@33, type = -999
08-24 14:43:38.801  4175  4211 I HYPER-HAL: [RequestManager.cpp]acquire(): Acquired ID : 10665304  [4585 / 33]    HINT : AMS_ACT_RESUME    list :
08-24 14:43:38.802  4175  4211 I HYPER-HAL: [ResourceManager.cpp]updateResource(): [CPUMinFreq] UpdateResource Request ID : 10665304    Value : 1664000
08-24 14:43:38.803  4585  5390 D InputDispatcher: Focused application set to (0): 3890c50
08-24 14:43:38.804  4140  4146 E statsd  : Predicate -7037417284711607308 dropping data for dimension key (10)0x2010101->10574[I] (10)0x30000->*launch*[S]
08-24 14:43:38.804  4585  5390 V WindowOrientationListener: getProposedRotation: -1
08-24 14:43:38.805  4140  4146 E statsd  : Predicate 5980654721335871649 dropping data for dimension key (10)0x2010101->10574[I] (10)0x30000->*launch*[S]
08-24 14:43:38.805  4585  5390 V WindowOrientationListener: getProposedRotation: -1
08-24 14:43:38.805  4585  5390 V WindowOrientationListener: getProposedRotation: -1
08-24 14:43:38.809  4226  4248 I Layer   : id=88253 removeFromCurrentState ActivityRecord{aac408b u0 com.example.dogglers/androidx.test.core.app.InstrumentationActivityInvoker$EmptyActivity t1564}#0 (74)
08-24 14:43:38.810  4226  4601 I SurfaceFlinger: id=88253 Removed ActivityRecord{aac408b u0 com.example.dogglers/androidx.test.core.app.InstrumentationActivityInvoker$EmptyActivity t1564}#0 (74)
08-24 14:43:38.811  4585  5087 D SamsungIMMSHWKeyboard: isConnectedDexOnPC false
08-24 14:43:38.812 24159 24159 I SurfaceControl: nativeRelease nativeObject s[536151022784]
08-24 14:43:38.812 24159 24159 I SurfaceControl: nativeRelease nativeObject e[536151022784]
08-24 14:43:38.812 24159 24159 I SurfaceControl: nativeRelease nativeObject s[536151022592]
08-24 14:43:38.812 24159 24159 I SurfaceControl: nativeRelease nativeObject e[536151022592]
08-24 14:43:38.812  4585  5087 D InputMethodManagerService: isImeSwitcherDisabledPackage : false
08-24 14:43:38.812  4226  4226 I Layer   : id=88253[1] Destroyed ActivityRecord{aac408b u0 com.example.dogglers/androidx.test.core.app.InstrumentationActivityInvoker$EmptyActivity t1564}#0
08-24 14:43:38.812 21625 21625 I SurfaceView: onWindowVisibilityChanged(4) false android.view.SurfaceView{c9edee9 V.E...... ......ID 0,0-1080,607} of ViewRootImpl@b7edacd[WatchWhileActivity]
08-24 14:43:38.813 24159 24159 I ViewRootImpl@e7f7dca[InstrumentationActivityInvoker$EmptyActivity]: MSG_WINDOW_FOCUS_CHANGED 0 1
08-24 14:43:38.814 24159 24204 I TestRunner: finished: horizontal_list_button_is_displayed(com.example.dogglers.ButtonTests)
