08-24 14:43:33.676 24159 24204 I TestRunner: started: clicking_grid_list_button_displays_grid_list(com.example.dogglers.ButtonTests)
08-24 14:43:33.681  4585  5087 I SurfaceControl: nativeRelease nativeObject s[535581077856]
08-24 14:43:33.681  4585  5087 I SurfaceControl: nativeRelease nativeObject e[535581077856]
08-24 14:43:33.681 24416 24416 D NetworkSecurityConfig: No Network Security Config specified, using platform default
08-24 14:43:33.681  4585  5087 I SurfaceControl: nativeRelease nativeObject s[537816935808]
08-24 14:43:33.681  4585  5087 I SurfaceControl: nativeRelease nativeObject e[537816935808]
08-24 14:43:33.685  4226  4226 I Layer   : id=88087[1] Destroyed aed7693 com.example.dogglers/com.example.dogglers.HorizontalListActivity#0
08-24 14:43:33.685  4226  4226 I Layer   : id=88110[1] Destroyed com.example.dogglers/com.example.dogglers.HorizontalListActivity$_24159#0
08-24 14:43:33.688 24159 24204 W Settings: Setting always_finish_activities has moved from android.provider.Settings.System to android.provider.Settings.Global, returning read-only value.
08-24 14:43:33.688  9865  9865 I Utils   : isCurrentUser current = 0, ownerId = 0
08-24 14:43:33.689  9865  9865 I TrayVisibilityController: getComputedTrayVisible : keyguardState = 1
08-24 14:43:33.689  9865  9865 I TrayVisibilityController: updateTrayVisible: State=1 visible=1 mCurrentVisible=1 specificMode=0
08-24 14:43:33.689  9865  9865 I TrayStateController: onNotifyUpdateTray: 0 to need to visible? true
08-24 14:43:33.691  4226  4251 I Layer   : id=88086 removeFromCurrentState ActivityRecord{9867907 u0 com.example.dogglers/.HorizontalListActivity t1561}#0 (69)
08-24 14:43:33.691  4226  4251 I Layer   : id=88068 removeFromCurrentState Task=1561#0 (69)
08-24 14:43:33.693  4226  4251 I SurfaceFlinger: id=88086 Removed ActivityRecord{9867907 u0 com.example.dogglers/.HorizontalListActivity t1561}#0 (69)
08-24 14:43:33.693  4226  4251 I SurfaceFlinger: id=88068 Removed Task=1561#0 (69)
08-24 14:43:33.700  4585  5732 I SemDvfsHyPerManager: acquire hyper - AMS_APP_SWITCH/4585@30, type = -999
08-24 14:43:33.701  4175  4211 I HYPER-HAL: [RequestManager.cpp]acquire(): Acquired ID : 10651450  [4585 / 30]    HINT : AMS_APP_SWITCH    list :
08-24 14:43:33.702  4226  4226 I Layer   : id=88068[1] Destroyed Task=1561#0
08-24 14:43:33.702  4226  4226 I Layer   : id=88086[1] Destroyed ActivityRecord{9867907 u0 com.example.dogglers/.HorizontalListActivity t1561}#0
08-24 14:43:33.702  4226  4251 I SurfaceFlinger: id=88124 createSurf (0x0),-1 flag=24004, Task=1562#0
08-24 14:43:33.702  4175  4211 I HYPER-HAL: [ResourceManager.cpp]updateResource(): [CPUMinFreq] UpdateResource Request ID : 10651450    Value : 2314000
08-24 14:43:33.702  7134  7134 I SemDvfsHyPerManager: acquire hyper - com.sec.android.sdhms/7134@9, type = -999
08-24 14:43:33.703  4175  4211 I HYPER-HAL: [RequestManager.cpp]acquire(): Acquired ID : 25514805  [7134 / 9]    HINT : APP_START    list :
08-24 14:43:33.703  4175  4211 E HYPER-HAL: [HandlerSysfs.cpp]doResourceHandling(): Couldn't Open Sysfs - /sys/kernel/mm/vmscan/am_app_launch
08-24 14:43:33.703  4175  4211 I HYPER-HAL: [ResourceManager.cpp]updateResource(): [CPUMaxFreq] UpdateResource Request ID : 25514805    Value : 2314000
08-24 14:43:33.706  4226  4251 I SurfaceFlinger: id=88125 createSurf (0x0),-1 flag=80004, ActivityRecord{5fbf6e9 u0 com.example.dogglers/androidx.test.core.app.InstrumentationActivityInvoker$BootstrapActivity t1562}#0
08-24 14:43:33.709  4585  7034 V WindowOrientationListener: getProposedRotation: -1
08-24 14:43:33.711  4140  4146 E statsd  : Predicate -7037417284711607308 dropping data for dimension key (10)0x2010101->10574[I] (10)0x30000->*launch*[S]
08-24 14:43:33.712  4140  4146 E statsd  : Predicate 5980654721335871649 dropping data for dimension key (10)0x2010101->10574[I] (10)0x30000->*launch*[S]
08-24 14:43:33.713  4585  7034 I SemDvfsHyPerManager: acquire hyper - AMS_APP_LAUNCH/4585@17, type = -999
08-24 14:43:33.714  4175  4211 I HYPER-HAL: [RequestManager.cpp]acquire(): Acquired ID : 10591520  [4585 / 17]    HINT : AMS_APP_LAUNCH    list :
08-24 14:43:33.714  4175  4211 I HYPER-HAL: [ResourceManager.cpp]updateResource(): [CPUMinFreq] UpdateResource Request ID : 10591520    Value : 2314000
08-24 14:43:33.719  4585  5087 V WindowOrientationListener: getProposedRotation: -1
08-24 14:43:33.719  4585  5087 V WindowOrientationListener: getProposedRotation: -1
08-24 14:43:33.720  4585  5087 V WindowOrientationListener: getProposedRotation: -1
08-24 14:43:33.721 24391 24391 I DIAGMON_SDK[605045]: DiagMonAgent type: 2
08-24 14:43:33.722 24391 24391 I DIAGMON_SDK[605045][dc60qlc6ri] : generated SR object
08-24 14:43:33.723  4585  5087 D InputDispatcher: Focused application set to (0): 5fbf6e9
08-24 14:43:33.734 24416 24416 D NetworkSecurityConfig: No Network Security Config specified, using platform default
08-24 14:43:33.738  4585  4635 D FastTrack: setFastTrackState: pid = 24159 ;tid= 24159 ;value= 1
08-24 14:43:33.738  4585  4635 D FastTrack: setFastTrackState: pid = 24159 ;tid= 24214 ;value= 1
08-24 14:43:33.739  4585  4613 D InputTransport: Input channel constructed: '5f79030', fd=623
08-24 14:43:33.739  4585  4613 D InputTransport: Input channel constructed: '5f79030', fd=646
08-24 14:43:33.740  4226  4251 I SurfaceFlinger: id=88126 createSurf (0x0),-1 flag=80004, 5f79030 Splash Screen com.example.dogglers#0
08-24 14:43:33.741 24159 24159 D LifecycleMonitor: Lifecycle status change: androidx.test.core.app.InstrumentationActivityInvoker$BootstrapActivity@b29901c in: PRE_ON_CREATE
08-24 14:43:33.742 24159 24159 V ActivityScenario: Activity lifecycle changed event received but ignored because the intent does not match. startActivityIntent=Intent { act=android.intent.action.MAIN cat=[android.intent.category.LAUNCHER] cmp=com.example.dogglers/.MainActivity }, activity.getIntent()=Intent { act=android.intent.action.MAIN cat=[android.intent.category.LAUNCHER] flg=0x10008000 cmp=com.example.dogglers/androidx.test.core.app.InstrumentationActivityInvoker$BootstrapActivity (has extras) }, activity=androidx.test.core.app.InstrumentationActivityInvoker$BootstrapActivity@b29901c
08-24 14:43:33.743  4585  4811 I System.out: (HTTPLog)-Static: isSBSettingEnabled false
08-24 14:43:33.743  4585  4811 I System.out: (HTTPLog)-Static: isSBSettingEnabled false
08-24 14:43:33.744  4585  4613 I ViewRootImpl@b2f9973[dogglers]: setView = com.android.internal.policy.DecorView@8657265 TM=true
08-24 14:43:33.745 24416 24416 I GservicesProvider: Gservices pushing to system: true; secure/global: true
08-24 14:43:33.745  4141  4260 E Netd    : getNetworkForDns: getNetId from enterpriseCtrl is netid 0
08-24 14:43:33.753  4585  7112 I InputDispatcher: Focus left window (21625): 911a194 in display 0 0
08-24 14:43:33.755 24159 24159 I DecorView: [INFO] isPopOver=false, config=true
08-24 14:43:33.756 24159 24159 I DecorView: updateCaptionType >> DecorView@25109fa[], isFloating=false, isApplication=true, hasWindowDecorCaption=false, hasWindowControllerCallback=true
08-24 14:43:33.756 24159 24159 D DecorView: setCaptionType = 0, this = DecorView@25109fa[]
08-24 14:43:33.756 21625 21625 I ViewRootImpl@b7edacd[WatchWhileActivity]: MSG_WINDOW_FOCUS_CHANGED 0 1
08-24 14:43:33.756  4585  7034 D NetdEventListenerService: DNS Requested by : 866, 1000
08-24 14:43:33.760  4141  4265 E Netd    : getNetworkForDns: getNetId from enterpriseCtrl is netid 0
08-24 14:43:33.761  4585  4613 V WindowManager: Relayout Window{5f79030 u0 Splash Screen com.example.dogglers}: viewVisibility=0 req=1080x2340
08-24 14:43:33.764  4585  4613 D WindowManager: isScreenshotDisabledLocked - win: Window{5f79030 u0 Splash Screen com.example.dogglers}
08-24 14:43:33.764  4585  4613 D WindowManager: isScreenshotDisabledLocked: userId = 0, disabled =false
08-24 14:43:33.764  4226  4251 I SurfaceFlinger: id=88127 createSurf (1080x2340),1 flag=404, Splash Screen com.example.dogglers#0
08-24 14:43:33.765 24159 24159 D LifecycleMonitor: Lifecycle status change: androidx.test.core.app.InstrumentationActivityInvoker$BootstrapActivity@b29901c in: CREATED
08-24 14:43:33.765 24159 24159 V ActivityScenario: Activity lifecycle changed event received but ignored because the intent does not match. startActivityIntent=Intent { act=android.intent.action.MAIN cat=[android.intent.category.LAUNCHER] cmp=com.example.dogglers/.MainActivity }, activity.getIntent()=Intent { act=android.intent.action.MAIN cat=[android.intent.category.LAUNCHER] flg=0x10008000 cmp=com.example.dogglers/androidx.test.core.app.InstrumentationActivityInvoker$BootstrapActivity (has extras) }, activity=androidx.test.core.app.InstrumentationActivityInvoker$BootstrapActivity@b29901c
08-24 14:43:33.767  4585  4613 V WindowManager: Relayout hash=5f79030, pid=4585: mAttrs={(0,0)(fillxfill) sim={adjust=pan} layoutInDisplayCutoutMode=shortEdges ty=APPLICATION_STARTING wanim=0x1030001
08-24 14:43:33.767  4585  4613 V WindowManager:   fl=1830118
08-24 14:43:33.767  4585  4613 V WindowManager:   pfl=12020011
08-24 14:43:33.767  4585  4613 V WindowManager:   apr=LIGHT_NAVIGATION_BARS
08-24 14:43:33.767  4585  4613 V WindowManager:   fitSides= naviIconColor=0
08-24 14:43:33.767  4585  4613 V WindowManager:   sfl=100000}
08-24 14:43:33.767  4585  4613 I ViewRootImpl@b2f9973[dogglers]: Relayout returned: old=(0,0,1080,2340) new=(0,0,1080,2340) req=(1080,2340)0 dur=6 res=0x7 s={true 535581126656} ch=true fn=-1
08-24 14:43:33.768 24159 24159 D LifecycleMonitor: Lifecycle status change: androidx.test.core.app.InstrumentationActivityInvoker$BootstrapActivity@b29901c in: STARTED
08-24 14:43:33.768  4585  4613 I ViewRootImpl@b2f9973[dogglers]: [DP] dp(1) 1 android.view.ViewRootImpl.reportNextDraw:10957 android.view.ViewRootImpl.performTraversals:3845 android.view.ViewRootImpl.doTraversal:2618
08-24 14:43:33.769 24159 24159 V ActivityScenario: Activity lifecycle changed event received but ignored because the intent does not match. startActivityIntent=Intent { act=android.intent.action.MAIN cat=[android.intent.category.LAUNCHER] cmp=com.example.dogglers/.MainActivity }, activity.getIntent()=Intent { act=android.intent.action.MAIN cat=[android.intent.category.LAUNCHER] flg=0x10008000 cmp=com.example.dogglers/androidx.test.core.app.InstrumentationActivityInvoker$BootstrapActivity (has extras) }, activity=androidx.test.core.app.InstrumentationActivityInvoker$BootstrapActivity@b29901c
08-24 14:43:33.769  4159 17194 D gralloc : [mali_gralloc_allocate] begin
08-24 14:43:33.769  4159 17194 D gralloc : buffer_descriptor: wh(1080 2340) usage_pc(0x966 0x906) hal_format(0x1) layer_count(1) sizes(0 0 0) strde(0) byte_stride(0) alloc_wh(0 0) internal_format(0x0) alloc_format(0x0) fd_count(1) plane_count(0)
08-24 14:43:33.773 18667 18855 I AsyncCachedReader: Ph_[increasing RB:, c.c.c.a.b[pos=19400320 lim=21320320 cap=1920000] inner::java.nio.HeapByteBuffer[pos=200320 lim=1920000 cap=1920000]] [VF-ATP-2]
08-24 14:43:33.776  4159 17194 D gralloc : [mali_gralloc_allocate] allocation successful
08-24 14:43:33.786  4142  4142 I Zygote  : Process 23835 exited due to signal 9 (Killed)
08-24 14:43:33.788  4585  4613 I ViewRootImpl@b2f9973[dogglers]: [DP] pdf(0) 1 android.view.ViewRootImpl.performDraw:4809 android.view.ViewRootImpl.performTraversals:3866 android.view.ViewRootImpl.doTraversal:2618
08-24 14:43:33.788  4585  4613 I ViewRootImpl@b2f9973[dogglers]: [DP] rdf()
08-24 14:43:33.794  4585  4613 D WindowManager: isScreenshotDisabledLocked - win: Window{a3a0629 u0 InputMethod}
08-24 14:43:33.795  4585  4613 D WindowManager: isScreenshotDisabledLocked: userId = 0, disabled =false
08-24 14:43:33.795  4585  4613 D WindowManager: isScreenshotDisabledLocked - win: Window{911a194 u0 com.google.android.youtube/com.google.android.apps.youtube.app.watchwhile.WatchWhileActivity}
08-24 14:43:33.795  4585  4613 D WindowManager: isScreenshotDisabledLocked: userId = 0, disabled =false
08-24 14:43:33.795  4159 17194 D gralloc : [mali_gralloc_allocate] begin
08-24 14:43:33.795  4159 17194 D gralloc : buffer_descriptor: wh(1080 2340) usage_pc(0x366 0x306) hal_format(0x1) layer_count(1) sizes(0 0 0) strde(0) byte_stride(0) alloc_wh(0 0) internal_format(0x0) alloc_format(0x0) fd_count(1) plane_count(0)
08-24 14:43:33.796  4159 17194 D gralloc : [mali_gralloc_allocate] allocation successful
08-24 14:43:33.800  4226  4226 I Layer   : id=88128[0] Destroyed Screenshot Parent
08-24 14:43:33.802 21625 21625 I SurfaceView: onWindowVisibilityChanged(8) false android.view.SurfaceView{c9edee9 V.E...... ......ID 0,0-1080,607} of ViewRootImpl@b7edacd[WatchWhileActivity]
08-24 14:43:33.804 21625 21625 I SurfaceView: surfaceDestroyed callback.size 1 #2 android.view.SurfaceView{c9edee9 V.E...... ......ID 0,0-1080,607}
08-24 14:43:33.804 21625 21625 I SurfaceView: remove() android.view.SurfaceView{c9edee9 V.E...... ......ID 0,0-1080,607} Surface(name=SurfaceView - com.google.android.youtube/com.google.android.apps.youtube.app.watchwhile.WatchWhileActivity@c9edee9@2)/@0xd6c256e
08-24 14:43:33.804 21625 21625 I SurfaceControl: nativeRelease nativeObject s[537714023104]
08-24 14:43:33.804 21625 21625 I SurfaceControl: nativeRelease nativeObject e[537714023104]
08-24 14:43:33.805 21625 21625 I SurfaceControl: nativeRelease nativeObject s[537714023392]
08-24 14:43:33.805 21625 21625 I SurfaceControl: nativeRelease nativeObject e[537714023392]
08-24 14:43:33.805  4226  5359 I Layer   : id=88119 removeFromCurrentState Background for -SurfaceView - com.google.android.youtube/com.google.android.apps.youtube.app.watchwhile.WatchWhileActivity@c9edee9@2#0 (71)
08-24 14:43:33.806  4226  4251 I SurfaceFlinger: id=88118 Removed SurfaceView - com.google.android.youtube/com.google.android.apps.youtube.app.watchwhile.WatchWhileActivity@c9edee9@2#0 (71)
08-24 14:43:33.806  4585  4613 I SurfaceControl: nativeRelease nativeObject s[535557019200]
08-24 14:43:33.806  4585  4613 I SurfaceControl: nativeRelease nativeObject e[535557019200]
08-24 14:43:33.806  4226  5359 I SurfaceFlinger: id=88119 Removed Background for -SurfaceView - com.google.android.youtube/com.google.android.apps.youtube.app.watchwhile.WatchWhileActivity@c9edee9@2#0 (71)
08-24 14:43:33.807  4226  5357 I SurfaceFlinger: id=88129 createSurf (0x0),-1 flag=24000, Surface(name=e455c2d StatusBar)/@0x2f65071 - animation-leash#0
08-24 14:43:33.807  9865  9865 I TrayStateController: systemUiVisibilityChanged : 2 0
08-24 14:43:33.808  4585  4613 I SurfaceControl: nativeRelease nativeObject s[535557019296]
08-24 14:43:33.808  4585  4613 I SurfaceControl: nativeRelease nativeObject e[535557019296]
08-24 14:43:33.809  4226  5359 E BufferQueueProducer: [com.google.android.youtube/com.google.android.apps.youtube.app.watchwhile.WatchWhileActivity$_21625#0](id:108200004921,api:0,p:-1,c:4226) disconnect: not connected (req=1)
08-24 14:43:33.809 21625 21862 W libEGL  : EGLNativeWindowType 0x7c930a9010 disconnect failed
08-24 14:43:33.810  4226  5357 I SurfaceFlinger: id=88130 createSurf (0x0),-1 flag=24000, Surface(name=a71bb8f NavigationBar0)/@0x8f38906 - animation-leash#0
08-24 14:43:33.812  4226  5357 I Layer   : id=88116 removeFromCurrentState Surface(name=a71bb8f NavigationBar0)/@0x8f38906 - animation-leash#1 (73)
08-24 14:43:33.812  4226  5357 I Layer   : id=26 removeFromCurrentState a71bb8f NavigationBar0#0 (73)
08-24 14:43:33.812  4226  5357 I Layer   : id=36 removeFromCurrentState NavigationBar0$_4896#0 (73)
08-24 14:43:33.812  4226  5357 I Layer   : id=88115 removeFromCurrentState Surface(name=e455c2d StatusBar)/@0x2f65071 - animation-leash#1 (73)
08-24 14:43:33.812  4226  5357 I Layer   : id=26 addToCurrentState a71bb8f NavigationBar0#0 (73)
08-24 14:43:33.812  4226  5357 I Layer   : id=36 addToCurrentState NavigationBar0$_4896#0 (73)
08-24 14:43:33.813  4585  5087 V WindowManager: Relayout Window{911a194 u0 com.google.android.youtube/com.google.android.apps.youtube.app.watchwhile.WatchWhileActivity}: viewVisibility=8 req=1080x2340
08-24 14:43:33.817  4585  5087 V WindowManager: Relayout hash=911a194, pid=21625: mAttrs={(0,0)(fillxfill) sim={adjust=resize} layoutInDisplayCutoutMode=shortEdges ty=BASE_APPLICATION fmt=TRANSLUCENT wanim=0x1030304 sysuil=true
08-24 14:43:33.817  4585  5087 V WindowManager:   fl=81810100
08-24 14:43:33.817  4585  5087 V WindowManager:   pfl=12020000
08-24 14:43:33.817  4585  5087 V WindowManager:   vsysui=3710
08-24 14:43:33.817  4585  5087 V WindowManager:   apr=LIGHT_STATUS_BARS LIGHT_NAVIGATION_BARS
08-24 14:43:33.817  4585  5087 V WindowManager:   bhv=SHOW_TRANSIENT_BARS_BY_SWIPE
08-24 14:43:33.817  4585  5087 V WindowManager:   fitSides= naviIconColor=0}
08-24 14:43:33.818 21625 21625 I SurfaceControl: nativeRelease nativeObject s[537714020128]
08-24 14:43:33.818 21625 21625 I SurfaceControl: nativeRelease nativeObject e[537714020128]
08-24 14:43:33.818 21625 21625 I SurfaceControl: assignNativeObject: nativeObject = 0 Surface(name=null)/@0x10ea726 / android.view.SurfaceControl.readFromParcel:1117 android.view.IWindowSession$Stub$Proxy.relayout:1810 android.view.ViewRootImpl.relayoutWindow:9005 android.view.ViewRootImpl.performTraversals:3360 android.view.ViewRootImpl.doTraversal:2618 android.view.ViewRootImpl$TraversalRunnable.run:9971 android.view.Choreographer$CallbackRecord.run:1010 android.view.Choreographer.doCallbacks:809 android.view.Choreographer.doFrame:744 android.view.Choreographer$FrameDisplayEventReceiver.run:995
08-24 14:43:33.818 21625 21625 I SurfaceControl: assignNativeObject: nativeObject = 0 Surface(name=null)/@0x3a5f6d6 / android.view.SurfaceControl.readFromParcel:1117 android.view.IWindowSession$Stub$Proxy.relayout:1820 android.view.ViewRootImpl.relayoutWindow:9005 android.view.ViewRootImpl.performTraversals:3360 android.view.ViewRootImpl.doTraversal:2618 android.view.ViewRootImpl$TraversalRunnable.run:9971 android.view.Choreographer$CallbackRecord.run:1010 android.view.Choreographer.doCallbacks:809 android.view.Choreographer.doFrame:744 android.view.Choreographer$FrameDisplayEventReceiver.run:995
08-24 14:43:33.818 21625 21625 I SurfaceControl: nativeRelease nativeObject s[537714021568]
08-24 14:43:33.818 21625 21625 I SurfaceControl: nativeRelease nativeObject e[537714021568]
08-24 14:43:33.819 21625 21625 I SurfaceControl: nativeRelease nativeObject s[537816932928]
08-24 14:43:33.819 21625 21625 I SurfaceControl: nativeRelease nativeObject e[537816932928]
08-24 14:43:33.819 21625 21625 I SurfaceControl: nativeRelease nativeObject s[537816932832]
08-24 14:43:33.819 21625 21625 I SurfaceControl: nativeRelease nativeObject e[537816932832]
08-24 14:43:33.819 21625 21625 I SurfaceControl: nativeRelease nativeObject s[537816932736]
08-24 14:43:33.819  4226  4251 I SurfaceFlinger: id=88117 Removed Bounds for - com.google.android.youtube/com.google.android.apps.youtube.app.watchwhile.WatchWhileActivity@2#0 (73)
08-24 14:43:33.820 21625 21625 I SurfaceControl: nativeRelease nativeObject e[537816932736]
08-24 14:43:33.820  4226  4251 I SurfaceFlinger: id=88116 Removed Surface(name=a71bb8f NavigationBar0)/@0x8f38906 - animation-leash#1 (73)
08-24 14:43:33.821 21625 21625 I ViewRootImpl@b7edacd[WatchWhileActivity]: Relayout returned: old=(0,0,1080,2340) new=(0,0,1080,2340) req=(1080,2340)8 dur=9 res=0x5 s={false 0} ch=true fn=27
08-24 14:43:33.821  4226  5357 I SurfaceFlinger: id=88115 Removed Surface(name=e455c2d StatusBar)/@0x2f65071 - animation-leash#1 (73)
08-24 14:43:33.821 21625 21625 I SurfaceView: windowStopped(true) false android.view.SurfaceView{c9edee9 V.E...... ......ID 0,0-1080,607} of ViewRootImpl@b7edacd[WatchWhileActivity]
08-24 14:43:33.822  4226  4226 I Layer   : id=88119[1] Destroyed Background for -SurfaceView - com.google.android.youtube/com.google.android.apps.youtube.app.watchwhile.WatchWhileActivity@c9edee9@2#0
08-24 14:43:33.823 21625 21625 I SurfaceControl: nativeRelease nativeObject s[537714020128]
08-24 14:43:33.823 21625 21625 I SurfaceControl: nativeRelease nativeObject e[537714020128]
08-24 14:43:33.829  4226  4226 D SurfaceFlinger: Display 0 HWC layers:
08-24 14:43:33.829  4226  4226 D SurfaceFlinger:      DEVICE | 0x77ce816580 | 0002 | RGBA_8888    |    0.0    0.0 1080.0 2340.0 |    0    0 1080 2340 | Splash Screen com.example.dogglers#0
08-24 14:43:33.829  4226  4226 D SurfaceFlinger:      DEVICE | 0x77ce814dc0 | 0000 | RGBA_8888    |    0.0    0.0 1080.0   83.0 |    0    0 1080   83 | StatusBar$_4896#0
08-24 14:43:33.829  4226  4226 D SurfaceFlinger:      DEVICE | 0x77ce8157c0 | 0000 | RGBA_8888    |    0.0    0.0   67.0  342.0 |    0  746   67 1088 | com.samsung.android.app.cocktailbars[...]arservice.CocktailBarService$_9865#0
08-24 14:43:33.829  4226  4226 D SurfaceFlinger:      DEVICE | 0x7851238200 | 0000 | RGBA_8888    |    0.0    0.0  388.0   39.0 |  692 2301 1080 2340 | SGestureOverlayWindow$_5408#0
08-24 14:43:33.829  4226  4226 D SurfaceFlinger:      DEVICE | 0x77ce815f40 | 0000 | RGBA_8888    |    0.0    0.0 1080.0  126.0 |    0 2214 1080 2340 | NavigationBar0$_4896#0
08-24 14:43:33.829  4226  4226 D SurfaceFlinger:      DEVICE | 0x77ce814b40 | 0000 | RGBA_8888    |    0.0    0.0 1080.0  151.0 |    0    0 1080  151 | ScreenDecorOverlay$_4896#0
08-24 14:43:33.829  4226  4226 D SurfaceFlinger:      DEVICE | 0x77ce817d40 | 0000 | RGBA_8888    |    0.0    0.0 1080.0  151.0 |    0 2189 1080 2340 | ScreenDecorOverlayBottom$_4896#0
08-24 14:43:33.829  4226  4226 D SurfaceFlinger:
08-24 14:43:33.835  4226  4226 I Layer   : id=88115[1] Destroyed Surface(name=e455c2d StatusBar)/@0x2f65071 - animation-leash#1
08-24 14:43:33.835  4226  4226 I Layer   : id=88116[1] Destroyed Surface(name=a71bb8f NavigationBar0)/@0x8f38906 - animation-leash#1
08-24 14:43:33.851  4149  4184 D audio_hw_primary: device-adev_set_parameters: enter with key(audioHDR=0)
08-24 14:43:33.857  4226  5357 I SurfaceFlinger: id=88131 createSurf (0x0),-1 flag=80004, ActivityRecord{60a16f2 u0 com.example.dogglers/.MainActivity t1562}#0
08-24 14:43:33.862 24159 24159 D LifecycleMonitor: Lifecycle status change: androidx.test.core.app.InstrumentationActivityInvoker$BootstrapActivity@b29901c in: RESUMED
08-24 14:43:33.863  4585  4613 I ViewRootImpl@b2f9973[dogglers]: MSG_RESIZED_REPORT: frame=(0,0,1080,2340) ci=(0,83,0,39) vi=(0,83,0,39) or=1
08-24 14:43:33.863  4585  4613 I ViewRootImpl@b2f9973[dogglers]: [DP] dp(1) 1 android.view.ViewRootImpl.reportNextDraw:10957 android.view.ViewRootImpl.access$1200:256 android.view.ViewRootImpl$ViewRootHandler.handleMessage:6101
08-24 14:43:33.863 24159 24159 V ActivityScenario: Activity lifecycle changed event received but ignored because the intent does not match. startActivityIntent=Intent { act=android.intent.action.MAIN cat=[android.intent.category.LAUNCHER] cmp=com.example.dogglers/.MainActivity }, activity.getIntent()=Intent { act=android.intent.action.MAIN cat=[android.intent.category.LAUNCHER] flg=0x10008000 cmp=com.example.dogglers/androidx.test.core.app.InstrumentationActivityInvoker$BootstrapActivity (has extras) }, activity=androidx.test.core.app.InstrumentationActivityInvoker$BootstrapActivity@b29901c
08-24 14:43:33.866 24159 24159 D LifecycleMonitor: Lifecycle status change: androidx.test.core.app.InstrumentationActivityInvoker$BootstrapActivity@b29901c in: PAUSED
08-24 14:43:33.866 24159 24159 V ActivityScenario: Activity lifecycle changed event received but ignored because the intent does not match. startActivityIntent=Intent { act=android.intent.action.MAIN cat=[android.intent.category.LAUNCHER] cmp=com.example.dogglers/.MainActivity }, activity.getIntent()=Intent { act=android.intent.action.MAIN cat=[android.intent.category.LAUNCHER] flg=0x10008000 cmp=com.example.dogglers/androidx.test.core.app.InstrumentationActivityInvoker$BootstrapActivity (has extras) }, activity=androidx.test.core.app.InstrumentationActivityInvoker$BootstrapActivity@b29901c
08-24 14:43:33.870  4585  7096 V WindowOrientationListener: getProposedRotation: -1
08-24 14:43:33.873  4585  7096 D InputDispatcher: Focused application set to (0): 60a16f2
08-24 14:43:33.879  4226  5357 I SurfaceFlinger: id=88132 createSurf (0x0),-1 flag=24000, Surface(name=ActivityRecord{5fbf6e9 u0 com.example.dogglers/androidx.test.core.app.InstrumentationActivityInvoker$BootstrapActivity t1562})/@0x1259ad8 - animation-leash#0
08-24 14:43:33.880  4226  5357 I SurfaceFlinger: id=88133 createSurf (0x0),-1 flag=20004, Dim Layer for - Task=1562 - animating-dim#0
08-24 14:43:33.881  4226  5357 I SurfaceFlinger: id=88134 createSurf (0x0),-1 flag=24000, Surface(name=Dim Layer for - Task=1562 - animating-dim)/@0x2c58c84 - animation-leash#0
08-24 14:43:33.882  4226  5357 I SurfaceFlinger: id=88135 createSurf (0x0),-1 flag=80004, Surface(name=ActivityRecord{5fbf6e9 u0 com.example.dogglers/androidx.test.core.app.InstrumentationActivityInvoker$BootstrapActivity t1562})/@0x1259ad8 - animation-bounds#0
08-24 14:43:33.883  4585  7096 I SurfaceControl: nativeRelease nativeObject s[535556317664]
08-24 14:43:33.883  4585  7096 I SurfaceControl: nativeRelease nativeObject e[535556317664]
08-24 14:43:33.885  4226  5357 I Layer   : id=88133 removeFromCurrentState Dim Layer for - Task=1562 - animating-dim#0 (75)
08-24 14:43:33.887  4585  4613 V WindowManager: Relayout Window{5f79030 u0 Splash Screen com.example.dogglers}: viewVisibility=0 req=1080x2340
08-24 14:43:33.887  4226  4251 I SurfaceFlinger: id=88133 Removed Dim Layer for - Task=1562 - animating-dim#0 (75)
08-24 14:43:33.890  4585  4613 I SurfaceControl: nativeRelease nativeObject s[535581063168]
08-24 14:43:33.890  4585  4613 I SurfaceControl: nativeRelease nativeObject e[535581063168]
08-24 14:43:33.891  4585  4613 V WindowManager: Relayout hash=5f79030, pid=4585: mAttrs={(0,0)(fillxfill) sim={adjust=pan} layoutInDisplayCutoutMode=shortEdges ty=APPLICATION_STARTING wanim=0x1030001
08-24 14:43:33.891  4585  4613 V WindowManager:   fl=1830118
08-24 14:43:33.891  4585  4613 V WindowManager:   pfl=12020011
08-24 14:43:33.891  4585  4613 V WindowManager:   apr=LIGHT_NAVIGATION_BARS
08-24 14:43:33.891  4585  4613 V WindowManager:   fitSides= naviIconColor=0
08-24 14:43:33.891  4585  4613 V WindowManager:   sfl=100000}
08-24 14:43:33.892  4585  4613 I SurfaceControl: nativeRelease nativeObject s[535557019200]
08-24 14:43:33.892  4585  4613 I SurfaceControl: nativeRelease nativeObject e[535557019200]
08-24 14:43:33.892  4585  4613 I SurfaceControl: nativeRelease nativeObject s[535557019296]
08-24 14:43:33.892  4585  4613 I SurfaceControl: nativeRelease nativeObject e[535557019296]
08-24 14:43:33.892  4585  4613 I ViewRootImpl@b2f9973[dogglers]: Relayout returned: old=(0,0,1080,2340) new=(0,0,1080,2340) req=(1080,2340)0 dur=20 res=0x1 s={true 535581126656} ch=false fn=2
08-24 14:43:33.892  4159 17194 D gralloc : [mali_gralloc_allocate] begin
08-24 14:43:33.893  4159 17194 D gralloc : buffer_descriptor: wh(1080 2340) usage_pc(0x966 0x906) hal_format(0x1) layer_count(1) sizes(0 0 0) strde(0) byte_stride(0) alloc_wh(0 0) internal_format(0x0) alloc_format(0x0) fd_count(1) plane_count(0)
08-24 14:43:33.896  4159 17194 D gralloc : [mali_gralloc_allocate] allocation successful
08-24 14:43:33.900 24159 24159 D LifecycleMonitor: Lifecycle status change: com.example.dogglers.MainActivity@a024787 in: PRE_ON_CREATE
08-24 14:43:33.900 24159 24159 V ActivityScenario: Activity lifecycle changed event received but ignored because the reported transition was not ON_CREATE while the last known transition was PRE_ON_CREATE
08-24 14:43:33.902  4226  4226 I Layer   : id=88133[1] Destroyed Dim Layer for - Task=1562 - animating-dim#0
08-24 14:43:33.908  4585  4820 D PkgPredictorService: com.example.dogglers go to foreground!
08-24 14:43:33.908  4585  4820 E PkgPredictorService-Collector: record changed bt=0  wifi=0 screen=0
08-24 14:43:33.908  4585  4820 D PkgPredictorService: previous pkgs: com.example.dogglers,com.google.android.youtube,com.example.dogglers running pkg: com.example.dogglers, uid: 0 is system: false
08-24 14:43:33.909  4585  4820 D PkgPredictorService-Collector: save record...
08-24 14:43:33.909  4585  4820 D PkgPredictorService-Collector:  (hour:14 day:4 previous:[com.example.dogglers, com.google.android.youtube, com.example.dogglers] activityName:unknown running:com.example.dogglers userId:0 screenOrientation:0 wifi:0 bt:0 predictTime:1 apkVersion:1.0 consumeTime:-1 preloaded:false>)
08-24 14:43:33.909  4585  4820 D PkgPredictorService-NapPreloadController: User using: com.example.dogglers
08-24 14:43:33.909  4585  4820 I PkgPredictorService-NapClassifier: RF predict version:1661289077471
08-24 14:43:33.910  4585  4820 D PkgPredictorService-NapClassifier: Predict result: 144.0,146.0,166.0, - [0_&_org.telegram.plus, 0_&_com.google.android.youtube, 0_&_com.samsung.android.app.contacts]
08-24 14:43:33.911  4585  4613 I ViewRootImpl@b2f9973[dogglers]: [DP] pdf(0) 1 android.view.ViewRootImpl.performDraw:4809 android.view.ViewRootImpl.performTraversals:3866 android.view.ViewRootImpl.doTraversal:2618
08-24 14:43:33.911  4585  4613 I ViewRootImpl@b2f9973[dogglers]: [DP] rdf()
08-24 14:43:33.912  4585  4610 D SehCodecSolutionService: Update top [com.example.dogglers]
08-24 14:43:33.916 15874 15932 I Rubin   : [164608] LoggingEventHelper.notifyUpdatedWithValue(LoggingEventHelper.java:58) : Notify AppUsageLogger's database is updated.
08-24 14:43:33.921  4217  4353 V APM_AudioPolicyManager: setAppState(portId:11856, state:1)
08-24 14:43:33.921  4217  4353 V APM_AudioPolicyManager: setAppState(portId:11883, state:2)
08-24 14:43:33.926  4283  7270 I CameraService: UidPolicy: No processes running for a uid=5022 disabled=0
08-24 14:43:33.927 24391 24391 I SB_Receiver: action : com.samsung.android.sm.security.service.ACTION_SERVICE_STATUS_CHANGED
08-24 14:43:33.937  4896  4896 D NavigationBar: onSystemBarAppearanceChanged() -  displayId:0, appearance:16 (APPEARANCE_LIGHT_NAVIGATION_BARS ), navbarColorManagedByIme:false
08-24 14:43:33.938  4896  4896 D SecStatusBarMobileView: setStaticDrawableColor:
08-24 14:43:33.938  4896  4896 D SecStatusBarMobileView: setStaticDrawableColor:
08-24 14:43:33.939  4896  4896 D SecLightBarControlHelper: updateStatus(WHITE icon) NumLightStacks:0, NumStacks:1, IndexLightStack:-1, StatusBarMode:0, StatusBarState:SHD, NeedDarkFontFromWallpaper:false, isWhiteKeyguardStatusBarBySettings:false
08-24 14:43:33.941  9865  9865 I TrayStateController: systemUiVisibilityChanged : 0 0
08-24 14:43:33.946 21625 21625 I ViewRootImpl@b7edacd[WatchWhileActivity]: stopped(true) old=false
08-24 14:43:33.953  4896  4896 D SecStatusBarMobileView: setStaticDrawableColor:
08-24 14:43:33.953  4896  4896 D SecStatusBarMobileView: setStaticDrawableColor:
08-24 14:43:33.954 24159 24159 I DecorView: [INFO] isPopOver=false, config=true
08-24 14:43:33.954 24159 24159 I DecorView: updateCaptionType >> DecorView@49e40ba[], isFloating=false, isApplication=true, hasWindowDecorCaption=false, hasWindowControllerCallback=true
08-24 14:43:33.954 24159 24159 D DecorView: setCaptionType = 0, this = DecorView@49e40ba[]
08-24 14:43:33.955 15874 15932 I Rubin   : [164608] ExercisingWithCmhMonitor.isSatisfiedByCmh(ExercisingWithCmhMonitor.java:119) : isSatisfiedByCmh is false
08-24 14:43:33.972  4217  4353 V APM_AudioPolicyManager: setAppState(portId:11856, state:1)
08-24 14:43:33.972  4217  4353 V APM_AudioPolicyManager: setAppState(portId:11883, state:2)
08-24 14:43:33.972  4217  4353 V APM_AudioPolicyManager: setAppState(portId:11856, state:1)
08-24 14:43:33.972  4217  4353 V APM_AudioPolicyManager: setAppState(portId:11883, state:2)
08-24 14:43:33.983  4585  7096 V WindowManager: Relayout Window{d095a7c u0 NotificationShade}: viewVisibility=4 req=1080x2340
08-24 14:43:33.988  4585  7096 V WindowManager: Relayout hash=d095a7c, pid=4896: mAttrs={(0,0)(fillxfill) gr=TOP CENTER_VERTICAL sim={adjust=resize} layoutInDisplayCutoutMode=always ty=2040 fmt=TRANSLUCENT
08-24 14:43:33.988  4585  7096 V WindowManager:   fl=81840048
08-24 14:43:33.988  4585  7096 V WindowManager:   pfl=1b000000
08-24 14:43:33.988  4585  7096 V WindowManager:   bhv=SHOW_TRANSIENT_BARS_BY_SWIPE naviIconColor=0
08-24 14:43:33.988  4585  7096 V WindowManager:   sfl=40000}
08-24 14:43:33.989 24159 24159 D LifecycleMonitor: Lifecycle status change: com.example.dogglers.MainActivity@a024787 in: CREATED
08-24 14:43:33.989  4896  4896 I SurfaceControl: assignNativeObject: nativeObject = 0 Surface(name=null)/@0x79cdca4 / android.view.SurfaceControl.readFromParcel:1117 android.view.IWindowSession$Stub$Proxy.relayout:1810 android.view.ViewRootImpl.relayoutWindow:9005 android.view.ViewRootImpl.performTraversals:3360 android.view.ViewRootImpl.doTraversal:2618 android.view.ViewRootImpl$TraversalRunnable.run:9971 android.view.Choreographer$CallbackRecord.run:1010 android.view.Choreographer.doCallbacks:809 android.view.Choreographer.doFrame:744 android.view.Choreographer$FrameDisplayEventReceiver.run:995
08-24 14:43:33.989 24159 24159 V ActivityScenario: Update currentActivityStage to CREATED, currentActivity=com.example.dogglers.MainActivity@a024787
08-24 14:43:33.989  4896  4896 I SurfaceControl: assignNativeObject: nativeObject = 0 Surface(name=null)/@0xd3c9bb / android.view.SurfaceControl.readFromParcel:1117 android.view.IWindowSession$Stub$Proxy.relayout:1820 android.view.ViewRootImpl.relayoutWindow:9005 android.view.ViewRootImpl.performTraversals:3360 android.view.ViewRootImpl.doTraversal:2618 android.view.ViewRootImpl$TraversalRunnable.run:9971 android.view.Choreographer$CallbackRecord.run:1010 android.view.Choreographer.doCallbacks:809 android.view.Choreographer.doFrame:744 android.view.Choreographer$FrameDisplayEventReceiver.run:995
08-24 14:43:33.991  4896  4896 I ViewRootImpl@b9c0f52[NotificationShade]: Relayout returned: old=(0,0,1080,2340) new=(0,0,1080,2340) req=(1080,2340)4 dur=7 res=0x1 s={false 0} ch=false fn=-1
08-24 14:43:33.992 24391 24391 I SB_Receiver: action : com.samsung.android.sm.security.service.ACTION_SERVICE_STATUS_CHANGED
08-24 14:43:33.993 24159 24159 D LifecycleMonitor: Lifecycle status change: com.example.dogglers.MainActivity@a024787 in: STARTED
08-24 14:43:33.993 24159 24159 V ActivityScenario: Update currentActivityStage to STARTED, currentActivity=com.example.dogglers.MainActivity@a024787
08-24 14:43:33.993 24391 24464 I SB_Processor: action : com.samsung.android.sm.security.service.ACTION_SERVICE_STATUS_CHANGED
08-24 14:43:33.993 24391 24464 I SB_BgScanServiceCompleted : name : background_scan, status  : started
08-24 14:43:33.995 24159 24159 D LifecycleMonitor: Lifecycle status change: com.example.dogglers.MainActivity@a024787 in: RESUMED
08-24 14:43:33.996 24159 24159 V ActivityScenario: Update currentActivityStage to RESUMED, currentActivity=com.example.dogglers.MainActivity@a024787
08-24 14:43:34.000  4896  4896 D KeyguardBottomAreaShortcutView: updateCameraVisibility isCameraDisabled:false visible:true
08-24 14:43:34.000  4896  4896 D KeyguardBottomAreaShortcutView: mIndicationArea margin start : 158, end : 158, bottom : 145
08-24 14:43:34.003  4896  4896 D SecStatusBarMobileView: setStaticDrawableColor:
08-24 14:43:34.004  4896  4896 D SecStatusBarMobileView: setStaticDrawableColor:
08-24 14:43:34.004  4585  4606 D InputTransport: Input channel constructed: 'c1387d9', fd=652
08-24 14:43:34.004  4585  4606 D InputTransport: Input channel constructed: 'c1387d9', fd=659
08-24 14:43:34.005  4226  5357 I SurfaceFlinger: id=88136 createSurf (0x0),-1 flag=80004, c1387d9 com.example.dogglers/com.example.dogglers.MainActivity#0
08-24 14:43:34.005  4585  4606 D WindowManager: isScreenshotDisabledLocked - win: Window{c1387d9 u0 com.example.dogglers/com.example.dogglers.MainActivity}
08-24 14:43:34.005  4585  4606 D WindowManager: isScreenshotDisabledLocked: userId = 0, disabled =false
08-24 14:43:34.006  4585  4606 D InputTransport: Input channel destroyed: 'c1387d9', fd=659
08-24 14:43:34.007 24159 24159 D InputTransport: Input channel constructed: 'c1387d9', fd=80
08-24 14:43:34.009 24159 24159 I ViewRootImpl@3af31f8[MainActivity]: setView = com.android.internal.policy.DecorView@49e40ba TM=true
08-24 14:43:34.020  4896  4896 D SecStatusBarMobileView: setStaticDrawableColor:
08-24 14:43:34.021  4896  4896 D SecStatusBarMobileView: setStaticDrawableColor:
08-24 14:43:34.033  4585  4606 V WindowManager: Relayout Window{c1387d9 u0 com.example.dogglers/com.example.dogglers.MainActivity}: viewVisibility=0 req=1080x2340
08-24 14:43:34.035  4585  4606 D WindowManager: isScreenshotDisabledLocked - win: Window{c1387d9 u0 com.example.dogglers/com.example.dogglers.MainActivity}
08-24 14:43:34.035  4585  4606 D WindowManager: isScreenshotDisabledLocked: userId = 0, disabled =false
08-24 14:43:34.035  4226  4601 I SurfaceFlinger: id=88137 createSurf (1080x2340),1 flag=404, com.example.dogglers/com.example.dogglers.MainActivity$_24159#0
08-24 14:43:34.036  4896  4896 D SecStatusBarMobileView: setStaticDrawableColor:
08-24 14:43:34.036  4896  4896 D SecStatusBarMobileView: setStaticDrawableColor:
08-24 14:43:34.038  4585  4606 I SurfaceControl: nativeRelease nativeObject s[537628422016]
08-24 14:43:34.038  4585  4606 I SurfaceControl: nativeRelease nativeObject e[537628422016]
08-24 14:43:34.038  9865  9865 I TrayStateController: systemUiVisibilityChanged : 0 0
08-24 14:43:34.041  4226  4601 I SurfaceFlinger: id=88138 createSurf (0x0),-1 flag=24000, Surface(name=e455c2d StatusBar)/@0x2f65071 - animation-leash#1
08-24 14:43:34.042  4585  4606 I SurfaceControl: nativeRelease nativeObject s[537628421920]
08-24 14:43:34.042  4585  4606 I SurfaceControl: nativeRelease nativeObject e[537628421920]
08-24 14:43:34.042  4226  5357 I SurfaceFlinger: id=88139 createSurf (0x0),-1 flag=24000, Surface(name=a71bb8f NavigationBar0)/@0x8f38906 - animation-leash#1
08-24 14:43:34.044  4585  4606 V WindowManager: Relayout hash=c1387d9, pid=24159: mAttrs={(0,0)(fillxfill) sim={adjust=pan forwardNavigation} ty=BASE_APPLICATION wanim=0x1030304
08-24 14:43:34.044  4585  4606 V WindowManager:   fl=81810100
08-24 14:43:34.044  4585  4606 V WindowManager:   pfl=12020000
08-24 14:43:34.044  4585  4606 V WindowManager:   apr=LIGHT_NAVIGATION_BARS
08-24 14:43:34.044  4585  4606 V WindowManager:   fitSides= naviIconColor=0
08-24 14:43:34.044  4585  4606 V WindowManager:   sfl=100000}
08-24 14:43:34.045  4585  4606 I SurfaceControl: nativeRelease nativeObject s[537817684832]
08-24 14:43:34.045  4585  4606 I SurfaceControl: nativeRelease nativeObject e[537817684832]
08-24 14:43:34.046  4226  5357 I Layer   : id=88129 removeFromCurrentState Surface(name=e455c2d StatusBar)/@0x2f65071 - animation-leash#0 (78)
08-24 14:43:34.047  4226  5357 I Layer   : id=88130 removeFromCurrentState Surface(name=a71bb8f NavigationBar0)/@0x8f38906 - animation-leash#0 (78)
08-24 14:43:34.047 24159 24159 I SurfaceControl: assignNativeObject: nativeObject = 0 Surface(name=null)/@0x75dbf09 / android.view.SurfaceControl.readFromParcel:1117 android.view.IWindowSession$Stub$Proxy.relayout:1820 android.view.ViewRootImpl.relayoutWindow:9005 android.view.ViewRootImpl.performTraversals:3360 android.view.ViewRootImpl.doTraversal:2618 android.view.ViewRootImpl$TraversalRunnable.run:9971 android.view.Choreographer$CallbackRecord.run:1010 android.view.Choreographer.doCallbacks:809 android.view.Choreographer.doFrame:744 android.view.Choreographer$FrameDisplayEventReceiver.run:995
08-24 14:43:34.048  4585  4613 I SurfaceControl: nativeRelease nativeObject s[537628422496]
08-24 14:43:34.048  4585  4613 I SurfaceControl: nativeRelease nativeObject e[537628422496]
08-24 14:43:34.048  4585  4613 I SurfaceControl: nativeRelease nativeObject s[535581063168]
08-24 14:43:34.048  4585  4613 I SurfaceControl: nativeRelease nativeObject e[535581063168]
08-24 14:43:34.049 24159 24159 I ViewRootImpl@3af31f8[MainActivity]: Relayout returned: old=(0,0,1080,2340) new=(0,0,1080,2340) req=(1080,2340)0 dur=16 res=0x7 s={true 536236204032} ch=true fn=-1
08-24 14:43:34.053  4159 17194 D gralloc : [mali_gralloc_allocate] begin
08-24 14:43:34.054  4159 17194 D gralloc : buffer_descriptor: wh(1080 2340) usage_pc(0x40000000000b00 0x40000000000b00) hal_format(0x1) layer_count(1) sizes(0 0 0) strde(0) byte_stride(0) alloc_wh(0 0) internal_format(0x0) alloc_format(0x0) fd_count(1) plane_count(0)
08-24 14:43:34.054  4896  4896 D SecStatusBarMobileView: setStaticDrawableColor:
08-24 14:43:34.054  4896  4896 D SecStatusBarMobileView: setStaticDrawableColor:
08-24 14:43:34.056  4159 17194 D gralloc : [mali_gralloc_allocate] allocation successful
08-24 14:43:34.058  4159 17194 D gralloc : [mali_gralloc_allocate] begin
08-24 14:43:34.059  4159 17194 D gralloc : buffer_descriptor: wh(1080 2340) usage_pc(0x40000000000b00 0x40000000000b00) hal_format(0x1) layer_count(1) sizes(0 0 0) strde(0) byte_stride(0) alloc_wh(0 0) internal_format(0x0) alloc_format(0x0) fd_count(1) plane_count(0)
08-24 14:43:34.059  4226  5357 I SurfaceFlinger: id=88129 Removed Surface(name=e455c2d StatusBar)/@0x2f65071 - animation-leash#0 (78)
08-24 14:43:34.059  4226  5357 I SurfaceFlinger: id=88130 Removed Surface(name=a71bb8f NavigationBar0)/@0x8f38906 - animation-leash#0 (78)
08-24 14:43:34.061 24159 24159 I ViewRootImpl@3af31f8[MainActivity]: [DP] dp(1) 1 android.view.ViewRootImpl.reportNextDraw:10957 android.view.ViewRootImpl.performTraversals:3845 android.view.ViewRootImpl.doTraversal:2618
08-24 14:43:34.061  4159 17194 D gralloc : [mali_gralloc_allocate] allocation successful
08-24 14:43:34.061 24159 24159 I ViewRootImpl@3af31f8[MainActivity]: [DP] pd() Asnyc report
08-24 14:43:34.062  4159 17194 D gralloc : [mali_gralloc_allocate] begin
08-24 14:43:34.062  4159 17194 D gralloc : buffer_descriptor: wh(1080 2340) usage_pc(0x40000000000b00 0x40000000000b00) hal_format(0x1) layer_count(1) sizes(0 0 0) strde(0) byte_stride(0) alloc_wh(0 0) internal_format(0x0) alloc_format(0x0) fd_count(1) plane_count(0)
08-24 14:43:34.068 24137 24137 D EdgeLightingReceiver: com.samsung.android.app.edgelighting.PACKAGE_ADDED com.example.dogglers
08-24 14:43:34.069  4226  4226 I Layer   : id=88129[1] Destroyed Surface(name=e455c2d StatusBar)/@0x2f65071 - animation-leash#0
08-24 14:43:34.069  4226  4226 I Layer   : id=88130[1] Destroyed Surface(name=a71bb8f NavigationBar0)/@0x8f38906 - animation-leash#0
08-24 14:43:34.073  4159 17194 D gralloc : [mali_gralloc_allocate] allocation successful
08-24 14:43:34.074  4896  4896 D SecStatusBarMobileView: setStaticDrawableColor:
08-24 14:43:34.074  4896  4896 D SecStatusBarMobileView: setStaticDrawableColor:
08-24 14:43:34.074 24137 24137 D EdgeLightingSettingManager: addSilentInstalledPackage : on, packageName = com.example.dogglers
08-24 14:43:34.078 21625 21625 W YTPL.mediasession: MediaSession setActive(false)
08-24 14:43:34.081 21625 21625 W YT.mlplayer: Stayawake OFF
08-24 14:43:34.082 21625 21625 W YTPL.mediasession: MediaSession setActive(false)
08-24 14:43:34.083  4585  5087 D SecContentProvider: query(), uri = 17 selection = isSettingsChangesAllowed
08-24 14:43:34.086 24159 24159 I ViewRootImpl@3af31f8[MainActivity]: [DP] pdf(0) 1 android.view.ViewRootImpl.lambda$performDraw$1$ViewRootImpl:4668 android.view.-$$Lambda$ViewRootImpl$DJd0VUYJgsebcnSohO6h8zc_ONI.run:6 android.os.Handler.handleCallback:938
08-24 14:43:34.086 24159 24159 I ViewRootImpl@3af31f8[MainActivity]: [DP] rdf()
08-24 14:43:34.086 27924 24024 W AdaptiveDiscoveryWorker: Exiting Adaptive Discovery. Current NetworkInfo is NULL.
08-24 14:43:34.088  4585  5087 D SensorService: removeConnection, index : 0, size : 1
08-24 14:43:34.088  4585  5087 D SensorService: # removeConnection, index : 0, size : 0
08-24 14:43:34.088  4585  5087 D SensorService: Calling activate off 1
08-24 14:43:34.089 24137 24137 I ELPolicyManager:  update Policy : 18
08-24 14:43:34.089  4166  4166 I SensorsHub: activate: handle 1 enable 0
08-24 14:43:34.089  4166  4166 I SensorsHub: type : 1, enable : 0
08-24 14:43:34.092 21625 21625 D SensorManager: unregisterListener :: android.view.OrientationEventListener$SensorEventListenerImpl@99504
08-24 14:43:34.095  4585  4613 D PkgPredictorService: pkg:com.example.dogglers activity:com.example.dogglers.MainActivity thisTime:395
08-24 14:43:34.095  4585  4613 D PkgPredictorService-Collector: update activity launch time: MainActivity : 395
08-24 14:43:34.096  4585  4613 I SemDvfsHyPerManager: acquire hyper - AMS_RESUME_TAIL/4585@18, type = -999
08-24 14:43:34.096  4585  4613 I SemDvfsHyPerManager: acquire hyper - AMS_ACT_LAZY/4585@19, type = -999
08-24 14:43:34.097  4175  4211 I HYPER-HAL: [RequestManager.cpp]acquire(): Acquired ID : 10596124  [4585 / 18]    HINT : AMS_RESUME_TAIL    list :
08-24 14:43:34.097  4585  4617 D ArtManagerInternalImpl: /data/misc/iorapd/com.example.dogglers/1/com.example.dogglers.MainActivity/compiled_traces/compiled_trace.pb doesn't exist
08-24 14:43:34.098  4175  4211 I HYPER-HAL: [ResourceManager.cpp]updateResource(): [CPUMinFreq] UpdateResource Request ID : 10596124    Value : 1768000
08-24 14:43:34.098  4175  4211 I HYPER-HAL: [RequestManager.cpp]acquire(): Acquired ID : 10600729  [4585 / 19]    HINT :      list :
08-24 14:43:34.098  4175  4211 E HYPER-HAL: [Request.cpp]acquire(): Request:: id : 10600729, No Resource to set
08-24 14:43:34.099  4585  4613 D ViewRootImpl@b2f9973[dogglers]: dispatchDetachedFromWindow: reset blurmask
08-24 14:43:34.099  4585  4613 I ViewRootImpl@b2f9973[dogglers]: dispatchDetachedFromWindow
08-24 14:43:34.099  4175  4211 I HYPER-HAL: [ResourceManager.cpp]removeResource(): [CPUMinFreq] RemoveResource Request ID : 10651450
08-24 14:43:34.099  4175  4211 I HYPER-HAL: [RequestManager.cpp]releaseLocked(): Released ID : 10651450
08-24 14:43:34.100  4585  4613 I SurfaceControl: nativeRelease nativeObject s[535556867616]
08-24 14:43:34.100  4585  4613 I SurfaceControl: nativeRelease nativeObject e[535556867616]
08-24 14:43:34.100  4585  4613 D InputTransport: Input channel destroyed: '5f79030', fd=623
08-24 14:43:34.104  4585  4617 I ActivityTaskManager: Displayed com.example.dogglers/.MainActivity: +395ms
08-24 14:43:34.104  4226  4248 I SurfaceFlinger: id=88140 createSurf (0x0),-1 flag=24000, Surface(name=5f79030 Splash Screen com.example.dogglers)/@0x675b143 - animation-leash#0
08-24 14:43:34.111 24159 24159 D RootViewPicker: Root not ready - waiting: 10ms for one to appear.
08-24 14:43:34.112 21625 21625 W YTPL.mediasession: MediaSession setActive(false)
08-24 14:43:34.113  4585  4854 I InputDispatcher: Focus entered window (24159): c1387d9 in display 0 0
08-24 14:43:34.114  4585  4613 D InputTransport: Input channel destroyed: '5f79030', fd=646
08-24 14:43:34.114  4896  4896 D FaceWidgetMediaSessionManager: onPlaybackStateChanged() state = PlaybackState {state=1, position=0, buffered position=0, speed=1.0, updated=1322754650, actions=8192, custom actions=[], active item id=-1, error=null}
08-24 14:43:34.114  4896  4896 I PluginFaceWidgetMediaDataFactory: getBitmapFromMetadata null
08-24 14:43:34.115  4896  4896 D PluginFaceWidgetMediaDataFactory: Elapsed Time : 0
08-24 14:43:34.117  4896  4896 D FaceWidgetMediaDataRepository: [update] key : com.google.android.youtube|0|192289192, oldKey : com.google.android.youtube|0|192289192, media : com.google.android.youtube, sourceType : SESSION
08-24 14:43:34.117  4140  4146 E statsd  : Predicate -7037417284711607308 dropping data for dimension key (10)0x2010101->10574[I] (10)0x30000->*launch*[S]
08-24 14:43:34.118  4140  4146 E statsd  : Predicate 5980654721335871649 dropping data for dimension key (10)0x2010101->10574[I] (10)0x30000->*launch*[S]
08-24 14:43:34.118 24159 24159 I ViewRootImpl@3af31f8[MainActivity]: MSG_WINDOW_FOCUS_CHANGED 1 1
08-24 14:43:34.119 24159 24159 D InputMethodManager: prepareNavigationBarInfo() DecorView@49e40ba[MainActivity]
08-24 14:43:34.119 24159 24159 D InputMethodManager: getNavigationBarColor() -855310
08-24 14:43:34.122 24159 24159 D InputMethodManager: prepareNavigationBarInfo() DecorView@49e40ba[MainActivity]
08-24 14:43:34.122 24159 24159 D InputMethodManager: getNavigationBarColor() -855310
08-24 14:43:34.122  4585  7112 I SurfaceControl: nativeRelease nativeObject s[535557016416]
08-24 14:43:34.122 24159 24159 V InputMethodManager: Starting input: tba=com.example.dogglers ic=null mNaviBarColor -855310 mIsGetNaviBarColorSuccess true , NavVisible : true , NavTrans : false
08-24 14:43:34.123  4585  7112 I SurfaceControl: nativeRelease nativeObject e[535557016416]
08-24 14:43:34.123 24159 24159 D InputMethodManager: startInputInner - Id : 0
08-24 14:43:34.123 24159 24159 I InputMethodManager: startInputInner - mService.startInputOrWindowGainedFocus
08-24 14:43:34.124  4226  4251 I Layer   : id=88114 removeFromCurrentState com.google.android.youtube/com.google.android.apps.youtube.app.watchwhile.WatchWhileActivity$_21625#0 (77)
08-24 14:43:34.124  4226  4251 I Layer   : id=88117 removeFromCurrentState Bounds for - com.google.android.youtube/com.google.android.apps.youtube.app.watchwhile.WatchWhileActivity@2#0 (77)
08-24 14:43:34.124  4226  4251 I Layer   : id=88118 removeFromCurrentState SurfaceView - com.google.android.youtube/com.google.android.apps.youtube.app.watchwhile.WatchWhileActivity@c9edee9@2#0 (77)
08-24 14:43:34.124  4585  8021 D InputMethodManagerService: mSecureKeypadEnabled = false
08-24 14:43:34.124  4585  8021 V InputMethodManagerService: hideCurrentInputLocked : shouldHideSoftInput is false
08-24 14:43:34.124  4585  8021 D InputMethodManagerService: mDesktopModeManager null!
08-24 14:43:34.124  4585  8021 V InputMethodManagerService: getDisplayIdOfInputMethodWindowToBeAdded : 0
08-24 14:43:34.125  4585  8021 D SamsungIMMSHWKeyboard: isConnectedDexOnPC false
08-24 14:43:34.125  4585  8021 D InputMethodManagerService: isImeSwitcherDisabledPackage : false
08-24 14:43:34.126  4585  8021 D InputMethodManagerService: checkDisplayOfStartInputAndUpdateKeyboard display Id 0last 0
08-24 14:43:34.126  4585  8021 D InputTransport: Input channel constructed: 'ClientS', fd=623
