08-24 14:43:40.700 21625 21625 I SurfaceView: onWindowVisibilityChanged(8) false android.view.SurfaceView{c9edee9 V.E...... ......ID 0,0-1080,607} of ViewRootImpl@b7edacd[WatchWhileActivity]
08-24 14:43:40.701  4226  4226 I Layer   : id=88317[1] Destroyed Dim Layer for - DefaultTaskDisplayArea - animating-dim#0
08-24 14:43:40.701  4226  4226 I Layer   : id=88316[1] Destroyed Surface(name=Task=1559)/@0xb313bde - animation-leash#0
08-24 14:43:40.701  4226  4226 I Layer   : id=88319[1] Destroyed Surface(name=Task=1566)/@0x196e4f5 - animation-leash#0
08-24 14:43:40.702 21625 21625 I SurfaceView: surfaceDestroyed callback.size 1 #2 android.view.SurfaceView{c9edee9 V.E...... ......ID 0,0-1080,607}
08-24 14:43:40.703 21625 21625 I SurfaceView: remove() android.view.SurfaceView{c9edee9 V.E...... ......ID 0,0-1080,607} Surface(name=SurfaceView - com.google.android.youtube/com.google.android.apps.youtube.app.watchwhile.WatchWhileActivity@c9edee9@6)/@0xacde03d
08-24 14:43:40.703 21625 21625 I SurfaceControl: nativeRelease nativeObject s[537816942528]
08-24 14:43:40.703 21625 21625 I SurfaceControl: nativeRelease nativeObject e[537816942528]
08-24 14:43:40.703 21625 21625 I SurfaceControl: nativeRelease nativeObject s[537816942624]
08-24 14:43:40.703 21625 21625 I SurfaceControl: nativeRelease nativeObject e[537816942624]
08-24 14:43:40.703 24159 24159 I ViewInteraction: Checking 'com.example.dogglers.BaseTest$DrawableMatcher$RecyclerViewAssertion@11898d4' assertion on view view.getId() is <2131230933/com.example.dogglers:id/grid_recycler_view>
08-24 14:43:40.703  4226  4251 I Layer   : id=88309 removeFromCurrentState Background for -SurfaceView - com.google.android.youtube/com.google.android.apps.youtube.app.watchwhile.WatchWhileActivity@c9edee9@6#0 (84)
08-24 14:43:40.704  4226  4601 I SurfaceFlinger: id=88309 Removed Background for -SurfaceView - com.google.android.youtube/com.google.android.apps.youtube.app.watchwhile.WatchWhileActivity@c9edee9@6#0 (84)
08-24 14:43:40.704  4226  4601 I SurfaceFlinger: id=88308 Removed SurfaceView - com.google.android.youtube/com.google.android.apps.youtube.app.watchwhile.WatchWhileActivity@c9edee9@6#0 (84)
08-24 14:43:40.712  4226  5357 E BufferQueueProducer: [com.google.android.youtube/com.google.android.apps.youtube.app.watchwhile.WatchWhileActivity$_21625#0](id:10820000493c,api:0,p:-1,c:4226) disconnect: not connected (req=1)
08-24 14:43:40.712 21625 21862 W libEGL  : EGLNativeWindowType 0x7c930a9010 disconnect failed
08-24 14:43:40.712  4226  4226 D SurfaceFlinger: Display 0 HWC layers:
08-24 14:43:40.712  4226  4226 D SurfaceFlinger:      DEVICE | 0x77ce817700 | 0002 | RGBA_8888    |    0.0    0.0 1080.0 2340.0 |    0    0 1080 2340 | com.example.dogglers/com.example.dogglers.GridListActivity$_24159#0
08-24 14:43:40.712  4226  4226 D SurfaceFlinger:      DEVICE | 0x77ce817840 | 0002 | RGBA_8888    |    0.0    0.0 1080.0 2340.0 |    0    0 1080 2340 | Splash Screen com.example.dogglers#0
08-24 14:43:40.712  4226  4226 D SurfaceFlinger:      DEVICE | 0x77ce816940 | 0000 | RGBA_8888    |    0.0    0.0 1080.0   83.0 |    0    0 1080   83 | StatusBar$_4896#0
08-24 14:43:40.712  4226  4226 D SurfaceFlinger:      DEVICE | 0x77ce8157c0 | 0000 | RGBA_8888    |    0.0    0.0   67.0  342.0 |    0  746   67 1088 | com.samsung.android.app.cocktailbars[...]arservice.CocktailBarService$_9865#0
08-24 14:43:40.712  4226  4226 D SurfaceFlinger:      DEVICE | 0x7851238200 | 0000 | RGBA_8888    |    0.0    0.0  388.0   39.0 |  692 2301 1080 2340 | SGestureOverlayWindow$_5408#0
08-24 14:43:40.712  4226  4226 D SurfaceFlinger:      DEVICE | 0x77ce816800 | 0000 | RGBA_8888    |    0.0    0.0 1080.0  126.0 |    0 2214 1080 2340 | NavigationBar0$_4896#0
08-24 14:43:40.712  4226  4226 D SurfaceFlinger:      DEVICE | 0x77ce814b40 | 0000 | RGBA_8888    |    0.0    0.0 1080.0  151.0 |    0    0 1080  151 | ScreenDecorOverlay$_4896#0
08-24 14:43:40.712  4226  4226 D SurfaceFlinger:
08-24 14:43:40.712  4226  4226 D SurfaceFlinger:      DEVICE | 0x77ce817d40 | 0000 | RGBA_8888    |    0.0    0.0 1080.0  151.0 |    0 2189 1080 2340 | ScreenDecorOverlayBottom$_4896#0
08-24 14:43:40.712  4226  4226 D SurfaceFlinger:
08-24 14:43:40.713  4585  7034 V WindowManager: Relayout Window{911a194 u0 com.google.android.youtube/com.google.android.apps.youtube.app.watchwhile.WatchWhileActivity}: viewVisibility=8 req=1080x2340
08-24 14:43:40.717  4226  4226 I Layer   : id=88309[1] Destroyed Background for -SurfaceView - com.google.android.youtube/com.google.android.apps.youtube.app.watchwhile.WatchWhileActivity@c9edee9@6#0
08-24 14:43:40.720  4585  4613 I SurfaceControl: nativeRelease nativeObject s[535581379360]
08-24 14:43:40.720  4585  4613 I SurfaceControl: nativeRelease nativeObject e[535581379360]
08-24 14:43:40.720  4585  7034 V WindowManager: Relayout hash=911a194, pid=21625: mAttrs={(0,0)(fillxfill) sim={adjust=resize} layoutInDisplayCutoutMode=shortEdges ty=BASE_APPLICATION fmt=TRANSLUCENT wanim=0x1030304 sysuil=true
08-24 14:43:40.720  4585  7034 V WindowManager:   fl=81810100
08-24 14:43:40.720  4585  7034 V WindowManager:   pfl=12020000
08-24 14:43:40.720  4585  7034 V WindowManager:   vsysui=3710
08-24 14:43:40.720  4585  7034 V WindowManager:   apr=LIGHT_STATUS_BARS LIGHT_NAVIGATION_BARS
08-24 14:43:40.720  4585  7034 V WindowManager:   bhv=SHOW_TRANSIENT_BARS_BY_SWIPE
08-24 14:43:40.720  4585  7034 V WindowManager:   fitSides= naviIconColor=0}
08-24 14:43:40.722 21625 21625 I SurfaceControl: nativeRelease nativeObject s[537816941088]
08-24 14:43:40.722 21625 21625 I SurfaceControl: nativeRelease nativeObject e[537816941088]
08-24 14:43:40.724 21625 21625 I SurfaceControl: assignNativeObject: nativeObject = 0 Surface(name=null)/@0x10ea726 / android.view.SurfaceControl.readFromParcel:1117 android.view.IWindowSession$Stub$Proxy.relayout:1810 android.view.ViewRootImpl.relayoutWindow:9005 android.view.ViewRootImpl.performTraversals:3360 android.view.ViewRootImpl.doTraversal:2618 android.view.ViewRootImpl$TraversalRunnable.run:9971 android.view.Choreographer$CallbackRecord.run:1010 android.view.Choreographer.doCallbacks:809 android.view.Choreographer.doFrame:744 android.view.Choreographer$FrameDisplayEventReceiver.run:995
08-24 14:43:40.724  4585  4613 I SurfaceControl: nativeRelease nativeObject s[535579918912]
08-24 14:43:40.725  4585  4613 I SurfaceControl: nativeRelease nativeObject e[535579918912]
08-24 14:43:40.725 21625 21625 I SurfaceControl: assignNativeObject: nativeObject = 0 Surface(name=null)/@0x3a5f6d6 / android.view.SurfaceControl.readFromParcel:1117 android.view.IWindowSession$Stub$Proxy.relayout:1820 android.view.ViewRootImpl.relayoutWindow:9005 android.view.ViewRootImpl.performTraversals:3360 android.view.ViewRootImpl.doTraversal:2618 android.view.ViewRootImpl$TraversalRunnable.run:9971 android.view.Choreographer$CallbackRecord.run:1010 android.view.Choreographer.doCallbacks:809 android.view.Choreographer.doFrame:744 android.view.Choreographer$FrameDisplayEventReceiver.run:995
08-24 14:43:40.725 21625 21625 I SurfaceControl: nativeRelease nativeObject s[537816940896]
08-24 14:43:40.725 21625 21625 I SurfaceControl: nativeRelease nativeObject e[537816940896]
08-24 14:43:40.725  4226  4251 I Layer   : id=88315 removeFromCurrentState Splash Screen com.example.dogglers#0 (83)
08-24 14:43:40.725  4226  4251 I SurfaceFlinger: id=88307 Removed Bounds for - com.google.android.youtube/com.google.android.apps.youtube.app.watchwhile.WatchWhileActivity@6#0 (83)
08-24 14:43:40.725  4585  4613 I SurfaceControl: nativeRelease nativeObject s[537628425856]
08-24 14:43:40.725  4585  4613 I SurfaceControl: nativeRelease nativeObject e[537628425856]
08-24 14:43:40.726 21625 21625 I SurfaceControl: nativeRelease nativeObject s[537816937440]
08-24 14:43:40.726 21625 21625 I SurfaceControl: nativeRelease nativeObject e[537816937440]
08-24 14:43:40.726 21625 21625 I ViewRootImpl@b7edacd[WatchWhileActivity]: Relayout returned: old=(0,0,1080,2340) new=(0,0,1080,2340) req=(1080,2340)8 dur=12 res=0x5 s={false 0} ch=true fn=29
08-24 14:43:40.726 21625 21625 I SurfaceView: windowStopped(true) false android.view.SurfaceView{c9edee9 V.E...... ......ID 0,0-1080,607} of ViewRootImpl@b7edacd[WatchWhileActivity]
08-24 14:43:40.731  4226  4601 I Layer   : id=88314 removeFromCurrentState 1c9bab8 Splash Screen com.example.dogglers#0 (83)
08-24 14:43:40.731  4896  4908 I ndroid.systemu: NativeAlloc concurrent copying GC freed 13367(564KB) AllocSpace objects, 0(0B) LOS objects, 49% free, 19MB/38MB, paused 304us total 234.455ms
08-24 14:43:40.731  4226  4601 I Layer   : id=88328 removeFromCurrentState Surface(name=1c9bab8 Splash Screen com.example.dogglers)/@0x9fa47b7 - animation-leash#0 (83)
08-24 14:43:40.731  4226  4601 I SurfaceFlinger: id=88315 Removed Splash Screen com.example.dogglers#0 (83)
08-24 14:43:40.731  4226  4251 I SurfaceFlinger: id=88314 Removed 1c9bab8 Splash Screen com.example.dogglers#0 (83)
08-24 14:43:40.731  4226  4601 I SurfaceFlinger: id=88328 Removed Surface(name=1c9bab8 Splash Screen com.example.dogglers)/@0x9fa47b7 - animation-leash#0 (83)
08-24 14:43:40.733  4226  4226 I Layer   : id=88328[1] Destroyed Surface(name=1c9bab8 Splash Screen com.example.dogglers)/@0x9fa47b7 - animation-leash#0
08-24 14:43:40.733  4226  4226 I Layer   : id=88314[1] Destroyed 1c9bab8 Splash Screen com.example.dogglers#0
08-24 14:43:40.735  4226  4226 I Layer   : id=88315[1] Destroyed Splash Screen com.example.dogglers#0
08-24 14:43:40.736 24159 24159 D LifecycleMonitor: Lifecycle status change: androidx.test.core.app.InstrumentationActivityInvoker$BootstrapActivity@cced216 in: STOPPED
08-24 14:43:40.737 24159 24159 V ActivityScenario: Activity lifecycle changed event received but ignored because the intent does not match. startActivityIntent=Intent { act=android.intent.action.MAIN cat=[android.intent.category.LAUNCHER] cmp=com.example.dogglers/.GridListActivity }, activity.getIntent()=Intent { act=android.intent.action.MAIN cat=[android.intent.category.LAUNCHER] flg=0x10008000 cmp=com.example.dogglers/androidx.test.core.app.InstrumentationActivityInvoker$BootstrapActivity (has extras) }, activity=androidx.test.core.app.InstrumentationActivityInvoker$BootstrapActivity@cced216
08-24 14:43:40.738  4226  4226 D SurfaceFlinger: Display 0 HWC layers:
08-24 14:43:40.738  4226  4226 D SurfaceFlinger:      DEVICE | 0x77ce817700 | 0002 | RGBA_8888    |    0.0    0.0 1080.0 2340.0 |    0    0 1080 2340 | com.example.dogglers/com.example.dogglers.GridListActivity$_24159#0
08-24 14:43:40.738  4226  4226 D SurfaceFlinger:      DEVICE | 0x77ce816940 | 0000 | RGBA_8888    |    0.0    0.0 1080.0   83.0 |    0    0 1080   83 | StatusBar$_4896#0
08-24 14:43:40.738  4226  4226 D SurfaceFlinger:      DEVICE | 0x77ce8157c0 | 0000 | RGBA_8888    |    0.0    0.0   67.0  342.0 |    0  746   67 1088 | com.samsung.android.app.cocktailbars[...]arservice.CocktailBarService$_9865#0
08-24 14:43:40.738  4226  4226 D SurfaceFlinger:      DEVICE | 0x7851238200 | 0000 | RGBA_8888    |    0.0    0.0  388.0   39.0 |  692 2301 1080 2340 | SGestureOverlayWindow$_5408#0
08-24 14:43:40.738  4226  4226 D SurfaceFlinger:      DEVICE | 0x77ce816a80 | 0000 | RGBA_8888    |    0.0    0.0 1080.0  126.0 |    0 2214 1080 2340 | NavigationBar0$_4896#0
08-24 14:43:40.738  4226  4226 D SurfaceFlinger:      DEVICE | 0x77ce814b40 | 0000 | RGBA_8888    |    0.0    0.0 1080.0  151.0 |    0    0 1080  151 | ScreenDecorOverlay$_4896#0
08-24 14:43:40.738  4226  4226 D SurfaceFlinger:      DEVICE | 0x77ce817d40 | 0000 | RGBA_8888    |    0.0    0.0 1080.0  151.0 |    0 2189 1080 2340 | ScreenDecorOverlayBottom$_4896#0
08-24 14:43:40.738  4226  4226 D SurfaceFlinger:
08-24 14:43:40.739  4585  7096 I SurfaceControl: nativeRelease nativeObject s[535557016128]
08-24 14:43:40.739  4585  7096 I SurfaceControl: nativeRelease nativeObject e[535557016128]
08-24 14:43:40.740  4226  4601 I SurfaceFlinger: id=88329 createSurf (0x0),-1 flag=24004, Surface(name=a3a0629 InputMethod)/@0x54f474f - animation-leash#0
08-24 14:43:40.743 21625 21625 I ViewRootImpl@b7edacd[WatchWhileActivity]: stopped(true) old=false
08-24 14:43:40.743  7388  7388 I HBD     : HoneyBoardService onFinishInput
08-24 14:43:40.744  7388  7388 I HBD     : a IC have been unbinded,  InputConnectionWrapper{idHash=#b71024b mMissingMethods=}
08-24 14:43:40.744  4226  5357 I Layer   : id=88311 removeFromCurrentState Surface(name=a3a0629 InputMethod)/@0x54f474f - animation-leash#1 (81)
08-24 14:43:40.744  7388  7388 I HBD     : HoneyBoardService [PF_CL][onFinishInput]  1258807 ns
08-24 14:43:40.745  7388  7388 I HBD     : HoneyBoardService [IMI] onStartInput - caller pid : 24159 , caller uid : 10574
08-24 14:43:40.745  7388  7388 I HBD     : i updateConfigs
08-24 14:43:40.745  7388  7388 I HBD     : i isEnabledNightMode : false
08-24 14:43:40.745  7388  7388 I HBD     : a IC have been binded, InputConnectionWrapper{idHash=#a0d2541 mMissingMethods=}
08-24 14:43:40.745  7388  7388 I HBD     : h [EditorInputType]setPrivateImeOptionsToTable privateImeOptions ( null )
08-24 14:43:40.745  7388  7388 I HBD     : b incognitoMode : false
08-24 14:43:40.746  7388  7388 I HBD     : a needOff = true , isForceOff = false, isNullInputClass : true
08-24 14:43:40.746  7388  7388 I HBD     : h getDefaultInputRange : UNKNOWN
08-24 14:43:40.746  7388  7388 I HBD     : h getDefaultInputRange : UNKNOWN
08-24 14:43:40.746  7388  7388 I HBD     : h getDefaultInputRange : UNKNOWN
08-24 14:43:40.747  4585  8021 D SdpManagerService: Not an enterprise user : 0
08-24 14:43:40.747  4585  8021 D SdpManagerService: Not an enterprise user : 0
08-24 14:43:40.749  4585  5390 I SemDvfsHyPerManager: acquire hyper - AMS_ACT_START/4585@16, type = -999
08-24 14:43:40.749 21167 24529 I Finsky  : [164996] sim.a(16): SCH: job service finished with id 9193.
08-24 14:43:40.749  4175  4211 I HYPER-HAL: [RequestManager.cpp]acquire(): Acquired ID : 10586917  [4585 / 16]    HINT : AMS_ACT_START    list :
08-24 14:43:40.751  4175  4211 I HYPER-HAL: [ResourceManager.cpp]updateResource(): [CPUMinFreq] UpdateResource Request ID : 10586917    Value : 2314000
08-24 14:43:40.752  4226  5357 I SurfaceFlinger: id=88330 createSurf (0x0),-1 flag=80004, ActivityRecord{7abebe4 u0 com.example.dogglers/androidx.test.core.app.InstrumentationActivityInvoker$EmptyActivity t1566}#0
08-24 14:43:40.756  7388  7388 I HBD     : h getDefaultInputRange : UNKNOWN
08-24 14:43:40.757  7388  7388 I HBD     : a currentState : 0
08-24 14:43:40.759  7388  7388 I HBD     : h load selected json info : {"version":"1.0","currentLanguageOrder":0,"selected":[{"activeOptionList":["auto_replace","auto_spacing"],"engName":"Russian","id":3342336,"inputType":"qwerty","isUsed":true},{"activeOptionList":["auto_replace","auto_spacing"],"engName":"English","id":65537,"inputType":"qwerty","isUsed":true}]}
08-24 14:43:40.762  4140  4146 E statsd  : Predicate -7037417284711607308 dropping data for dimension key (10)0x2010101->10574[I] (10)0x30000->*launch*[S]
08-24 14:43:40.763  4140  4146 E statsd  : Predicate 5980654721335871649 dropping data for dimension key (10)0x2010101->10574[I] (10)0x30000->*launch*[S]
08-24 14:43:40.765 24159 24159 I SurfaceControl: nativeRelease nativeObject s[536236741216]
08-24 14:43:40.765 24159 24159 I SurfaceControl: nativeRelease nativeObject e[536236741216]
08-24 14:43:40.765 24159 24159 I SurfaceControl: nativeRelease nativeObject s[536236741312]
08-24 14:43:40.765 24159 24159 I SurfaceControl: nativeRelease nativeObject e[536236741312]
08-24 14:43:40.768 24159 24159 D LifecycleMonitor: Lifecycle status change: com.example.dogglers.GridListActivity@d629f69 in: PAUSED
08-24 14:43:40.768 24159 24159 V ActivityScenario: Update currentActivityStage to PAUSED, currentActivity=com.example.dogglers.GridListActivity@d629f69
08-24 14:43:40.770  7388  7388 I HBD     : a [UpdatePolicy] [post] a: 0 cl: 3342336 kit: [0/0] vt: 0 ir: 1
08-24 14:43:40.772  4585  5390 V WindowOrientationListener: getProposedRotation: -1
08-24 14:43:40.772  4585  5390 V WindowOrientationListener: getProposedRotation: -1
08-24 14:43:40.773  4585  5390 V WindowOrientationListener: getProposedRotation: -1
08-24 14:43:40.774  4585  7096 D SamsungIMMSHWKeyboard: isConnectedDexOnPC false
08-24 14:43:40.774  7388  7388 I HBD     : HoneyBoardService [PF_OP][onStartInput]  29154770 ns
08-24 14:43:40.775  4585  5390 D InputDispatcher: Focused application set to (0): 7abebe4
08-24 14:43:40.780  4585  7096 D InputMethodManagerService: isImeSwitcherDisabledPackage : false
08-24 14:43:40.784  4217  4353 V APM_AudioPolicyManager: setAppState(portId:11856, state:1)
08-24 14:43:40.784  4217  4353 V APM_AudioPolicyManager: setAppState(portId:11883, state:2)
08-24 14:43:40.784  4217  4353 V APM_AudioPolicyManager: setAppState(portId:11856, state:1)
08-24 14:43:40.784  4217  4353 V APM_AudioPolicyManager: setAppState(portId:11883, state:2)
08-24 14:43:40.784  4217  4353 V APM_AudioPolicyManager: setAppState(portId:11856, state:1)
08-24 14:43:40.784  4217  4353 V APM_AudioPolicyManager: setAppState(portId:11883, state:2)
08-24 14:43:40.790 24159 24159 D LifecycleMonitor: Lifecycle status change: androidx.test.core.app.InstrumentationActivityInvoker$EmptyActivity@4d6a179 in: PRE_ON_CREATE
08-24 14:43:40.791 24159 24159 V ActivityScenario: Activity lifecycle changed event received but ignored because the intent does not match. startActivityIntent=Intent { act=android.intent.action.MAIN cat=[android.intent.category.LAUNCHER] cmp=com.example.dogglers/.GridListActivity }, activity.getIntent()=Intent { act=android.intent.action.MAIN cat=[android.intent.category.LAUNCHER] flg=0x10000000 cmp=com.example.dogglers/androidx.test.core.app.InstrumentationActivityInvoker$EmptyActivity }, activity=androidx.test.core.app.InstrumentationActivityInvoker$EmptyActivity@4d6a179
08-24 14:43:40.799 24159 24159 I DecorView: [INFO] isPopOver=false, config=true
08-24 14:43:40.800 24159 24159 I DecorView: updateCaptionType >> DecorView@d991b1f[], isFloating=false, isApplication=true, hasWindowDecorCaption=false, hasWindowControllerCallback=true
08-24 14:43:40.800 24159 24159 D DecorView: setCaptionType = 0, this = DecorView@d991b1f[]
08-24 14:43:40.801  4585  5087 I InputDispatcher: Focus left window (24159): cd476af in display 0 0
08-24 14:43:40.807 24159 24159 D LifecycleMonitor: Lifecycle status change: androidx.test.core.app.InstrumentationActivityInvoker$EmptyActivity@4d6a179 in: CREATED
08-24 14:43:40.808 24159 24159 V ActivityScenario: Activity lifecycle changed event received but ignored because the intent does not match. startActivityIntent=Intent { act=android.intent.action.MAIN cat=[android.intent.category.LAUNCHER] cmp=com.example.dogglers/.GridListActivity }, activity.getIntent()=Intent { act=android.intent.action.MAIN cat=[android.intent.category.LAUNCHER] flg=0x10000000 cmp=com.example.dogglers/androidx.test.core.app.InstrumentationActivityInvoker$EmptyActivity }, activity=androidx.test.core.app.InstrumentationActivityInvoker$EmptyActivity@4d6a179
08-24 14:43:40.810 24159 24159 D LifecycleMonitor: Lifecycle status change: androidx.test.core.app.InstrumentationActivityInvoker$EmptyActivity@4d6a179 in: STARTED
08-24 14:43:40.811 24159 24159 V ActivityScenario: Activity lifecycle changed event received but ignored because the intent does not match. startActivityIntent=Intent { act=android.intent.action.MAIN cat=[android.intent.category.LAUNCHER] cmp=com.example.dogglers/.GridListActivity }, activity.getIntent()=Intent { act=android.intent.action.MAIN cat=[android.intent.category.LAUNCHER] flg=0x10000000 cmp=com.example.dogglers/androidx.test.core.app.InstrumentationActivityInvoker$EmptyActivity }, activity=androidx.test.core.app.InstrumentationActivityInvoker$EmptyActivity@4d6a179
08-24 14:43:40.834 24159 24159 D LifecycleMonitor: Lifecycle status change: androidx.test.core.app.InstrumentationActivityInvoker$EmptyActivity@4d6a179 in: RESUMED
08-24 14:43:40.834 24159 24159 V ActivityScenario: Activity lifecycle changed event received but ignored because the intent does not match. startActivityIntent=Intent { act=android.intent.action.MAIN cat=[android.intent.category.LAUNCHER] cmp=com.example.dogglers/.GridListActivity }, activity.getIntent()=Intent { act=android.intent.action.MAIN cat=[android.intent.category.LAUNCHER] flg=0x10000000 cmp=com.example.dogglers/androidx.test.core.app.InstrumentationActivityInvoker$EmptyActivity }, activity=androidx.test.core.app.InstrumentationActivityInvoker$EmptyActivity@4d6a179
08-24 14:43:40.837 21625 21625 W YTPL.mediasession: MediaSession setActive(false)
08-24 14:43:40.839  4896  4896 D FaceWidgetMediaSessionManager: onPlaybackStateChanged() state = PlaybackState {state=1, position=0, buffered position=0, speed=1.0, updated=1322761409, actions=8192, custom actions=[], active item id=-1, error=null}
08-24 14:43:40.839  4896  4896 I PluginFaceWidgetMediaDataFactory: getBitmapFromMetadata null
08-24 14:43:40.839  4896  4896 D PluginFaceWidgetMediaDataFactory: Elapsed Time : 0
08-24 14:43:40.840  4585  5087 D InputTransport: Input channel constructed: '482be8b', fd=710
08-24 14:43:40.840  4585  5087 D InputTransport: Input channel constructed: '482be8b', fd=718
08-24 14:43:40.840  4896  4896 D FaceWidgetMediaDataRepository: [update] key : com.google.android.youtube|0|192289192, oldKey : com.google.android.youtube|0|192289192, media : com.google.android.youtube, sourceType : SESSION
08-24 14:43:40.840  4226  5357 I SurfaceFlinger: id=88331 createSurf (0x0),-1 flag=80004, 482be8b com.example.dogglers/androidx.test.core.app.InstrumentationActivityInvoker$EmptyActivity#0
08-24 14:43:40.840 21625 21625 W YT.mlplayer: Stayawake OFF
08-24 14:43:40.841  4585  5087 D WindowManager: isScreenshotDisabledLocked - win: Window{482be8b u0 com.example.dogglers/androidx.test.core.app.InstrumentationActivityInvoker$EmptyActivity}
08-24 14:43:40.841  4585  5087 D WindowManager: isScreenshotDisabledLocked: userId = 0, disabled =false
08-24 14:43:40.841  4585  5087 D InputTransport: Input channel destroyed: '482be8b', fd=718
08-24 14:43:40.842 24159 24159 D InputTransport: Input channel constructed: '482be8b', fd=93
08-24 14:43:40.842 21625 21625 W YTPL.mediasession: MediaSession setActive(false)
08-24 14:43:40.842  4896  4896 D FaceWidgetMediaDataRepository: PlaybackState and Metadata is null. :: com.google.android.youtube
08-24 14:43:40.843  4896  4896 D FaceWidgetMediaSessionManager: onMetadataChanged() metadata = null
08-24 14:43:40.843  4896  4896 I PluginFaceWidgetMediaDataFactory: getBitmapFromMetadata null
08-24 14:43:40.843  4896  4896 D PluginFaceWidgetMediaDataFactory: Elapsed Time : 0
08-24 14:43:40.843 24159 24159 I ViewRootImpl@25218ca[InstrumentationActivityInvoker$EmptyActivity]: setView = com.android.internal.policy.DecorView@d991b1f TM=true
08-24 14:43:40.844  4896  4896 D FaceWidgetMediaDataRepository: [update] key : com.google.android.youtube|0|192289192, oldKey : com.google.android.youtube|0|192289192, media : com.google.android.youtube, sourceType : SESSION
08-24 14:43:40.845  4896  4896 D FaceWidgetMediaDataRepository: PlaybackState and Metadata is null. :: com.google.android.youtube
08-24 14:43:40.845  4896  4896 D FaceWidgetMusicViewModel: onChanged :: NULL
08-24 14:43:40.845  4896  4896 I FaceWidgetMusicViewModel: getMediaButtonReceiverPackageName() - soundAssistant : com.google.android.youtube, Settings : org.telegram.plus/org.telegram.messenger.voip.VoIPMediaButtonReceiver,0,1
08-24 14:43:40.847  4896  4896 D FaceWidgetMediaDataDAO: launch package intent
08-24 14:43:40.847  4896  4896 D FaceWidgetViewModel: onChanged
08-24 14:43:40.847  4896  4896 D FaceWidgetViewModel: updateMusicPageShownState() show = false, reattach = false, reason = clear
08-24 14:43:40.847  4896  4896 D FaceWidgetViewModel: skip to show media panel
08-24 14:43:40.847  4896  4896 D FaceWidgetMediaSessionManager: onPlaybackStateChanged() state = PlaybackState {state=1, position=0, buffered position=0, speed=1.0, updated=1322761414, actions=8192, custom actions=[], active item id=-1, error=null}
08-24 14:43:40.848  4585  7034 D SensorService: removeConnection, index : 0, size : 1
08-24 14:43:40.848  4585  7034 D SensorService: # removeConnection, index : 0, size : 0
08-24 14:43:40.848  4585  7034 D SensorService: Calling activate off 1
08-24 14:43:40.848  4896  4896 I PluginFaceWidgetMediaDataFactory: getBitmapFromMetadata null
08-24 14:43:40.848  4166  4166 I SensorsHub: activate: handle 1 enable 0
08-24 14:43:40.848  4896  4896 D PluginFaceWidgetMediaDataFactory: Elapsed Time : 0
08-24 14:43:40.848  4166  4166 I SensorsHub: type : 1, enable : 0
08-24 14:43:40.849  4896  4896 D FaceWidgetMediaDataRepository: [update] key : com.google.android.youtube|0|192289192, oldKey : com.google.android.youtube|0|192289192, media : com.google.android.youtube, sourceType : SESSION
08-24 14:43:40.849 21625 21625 D SensorManager: unregisterListener :: android.view.OrientationEventListener$SensorEventListenerImpl@99504
08-24 14:43:40.851  4585  5390 V WindowManager: Relayout Window{482be8b u0 com.example.dogglers/androidx.test.core.app.InstrumentationActivityInvoker$EmptyActivity}: viewVisibility=0 req=1080x2340
08-24 14:43:40.854  4585  5390 D WindowManager: isScreenshotDisabledLocked - win: Window{482be8b u0 com.example.dogglers/androidx.test.core.app.InstrumentationActivityInvoker$EmptyActivity}
08-24 14:43:40.854  4585  5390 D WindowManager: isScreenshotDisabledLocked: userId = 0, disabled =false
08-24 14:43:40.854  4896  4896 D FaceWidgetMediaDataRepository: PlaybackState and Metadata is null. :: com.google.android.youtube
08-24 14:43:40.854  4896  4896 D FaceWidgetMusicPageObserver: [EXPAND] onChanged :: PluginFaceWidgetMediaData{[NULL]} showingLastPlayed : true
08-24 14:43:40.854  4896  4896 D FaceWidgetMediaDataDAO: controller is null
08-24 14:43:40.854  4896  4896 D FaceWidgetMediaDataDAO: controller is null
08-24 14:43:40.854  4896  4896 D FaceWidgetMediaDataDAO: controller is null
08-24 14:43:40.854  4896  4896 D FaceWidgetMediaDataDAO: controller is null
08-24 14:43:40.854  4896  4896 D FaceWidgetMediaDataDAO: controller is null
08-24 14:43:40.854  4896  4896 D FaceWidgetMediaDataDAO: controller is null
08-24 14:43:40.854  4896  4896 D FaceWidgetMediaDataDAO: controller is null
08-24 14:43:40.854  4896  4896 D FaceWidgetMediaDataDAO: controller is null
08-24 14:43:40.854  4226  5357 I SurfaceFlinger: id=88332 createSurf (1080x2340),1 flag=404, com.example.dogglers/androidx.test.core.app.InstrumentationActivityInvoker$EmptyActivity$_24159#0
08-24 14:43:40.855  4896  4896 D FaceWidgetMusicPageObserver: last played. show tap to play last song. : com.google.android.youtube
08-24 14:43:40.855  9865  9865 I Utils   : isCurrentUser current = 0, ownerId = 0
08-24 14:43:40.856  9865  9865 I TrayVisibilityController: getComputedTrayVisible : keyguardState = 1
08-24 14:43:40.857  9865  9865 I TrayVisibilityController: updateTrayVisible: State=1 visible=1 mCurrentVisible=1 specificMode=0
08-24 14:43:40.857  9865  9865 I TrayStateController: onNotifyUpdateTray: 0 to need to visible? true
08-24 14:43:40.857  4585  5390 I SurfaceControl: nativeRelease nativeObject s[535557016800]
08-24 14:43:40.857  4585  5390 I SurfaceControl: nativeRelease nativeObject e[535557016800]
08-24 14:43:40.857  9865  9865 I TrayStateController: systemUiVisibilityChanged : 0 0
08-24 14:43:40.857  4896  4896 D FaceWidgetMusicViewModel: onChanged :: NULL
08-24 14:43:40.857  4226  4601 I SurfaceFlinger: id=88333 createSurf (0x0),-1 flag=24000, Surface(name=e455c2d StatusBar)/@0x2f65071 - animation-leash#0
08-24 14:43:40.858  4585  5390 I SurfaceControl: nativeRelease nativeObject s[535557016896]
08-24 14:43:40.858  4585  5390 I SurfaceControl: nativeRelease nativeObject e[535557016896]
08-24 14:43:40.858  4226  5357 I SurfaceFlinger: id=88334 createSurf (0x0),-1 flag=24000, Surface(name=a71bb8f NavigationBar0)/@0x8f38906 - animation-leash#0
08-24 14:43:40.860  4585  5390 V WindowManager: Relayout hash=482be8b, pid=24159: mAttrs={(0,0)(fillxfill) sim={adjust=pan forwardNavigation} ty=BASE_APPLICATION wanim=0x1030001
08-24 14:43:40.860  4585  5390 V WindowManager:   fl=1810100
08-24 14:43:40.860  4585  5390 V WindowManager:   pfl=12020000
08-24 14:43:40.860  4585  5390 V WindowManager:   apr=LIGHT_NAVIGATION_BARS
08-24 14:43:40.860  4585  5390 V WindowManager:   fitSides= naviIconColor=0
08-24 14:43:40.860  4585  5390 V WindowManager:   sfl=100000}
08-24 14:43:40.860  4585  5390 I SurfaceControl: nativeRelease nativeObject s[535557016704]
08-24 14:43:40.860  4585  5390 I SurfaceControl: nativeRelease nativeObject e[535557016704]
08-24 14:43:40.861 21625 21625 I SurfaceControl: nativeRelease nativeObject s[537816941088]
08-24 14:43:40.861 21625 21625 I SurfaceControl: nativeRelease nativeObject e[537816941088]
08-24 14:43:40.862 24159 24159 I SurfaceControl: assignNativeObject: nativeObject = 0 Surface(name=null)/@0x6be4a3b / android.view.SurfaceControl.readFromParcel:1117 android.view.IWindowSession$Stub$Proxy.relayout:1820 android.view.ViewRootImpl.relayoutWindow:9005 android.view.ViewRootImpl.performTraversals:3360 android.view.ViewRootImpl.doTraversal:2618 android.view.ViewRootImpl$TraversalRunnable.run:9971 android.view.Choreographer$CallbackRecord.run:1010 android.view.Choreographer.doCallbacks:809 android.view.Choreographer.doFrame:744 android.view.Choreographer$FrameDisplayEventReceiver.run:995
08-24 14:43:40.863 24159 24159 I ViewRootImpl@25218ca[InstrumentationActivityInvoker$EmptyActivity]: Relayout returned: old=(0,0,1080,2340) new=(0,0,1080,2340) req=(1080,2340)0 dur=11 res=0x7 s={true 535692267520} ch=true fn=-1
08-24 14:43:40.864  4896  4896 I FaceWidgetMusicViewModel: getMediaButtonReceiverPackageName() - soundAssistant : com.google.android.youtube, Settings : org.telegram.plus/org.telegram.messenger.voip.VoIPMediaButtonReceiver,0,1
08-24 14:43:40.867 24159 24159 I ViewRootImpl@25218ca[InstrumentationActivityInvoker$EmptyActivity]: [DP] dp(1) 1 android.view.ViewRootImpl.reportNextDraw:10957 android.view.ViewRootImpl.performTraversals:3845 android.view.ViewRootImpl.doTraversal:2618
08-24 14:43:40.867 24159 24159 I ViewRootImpl@25218ca[InstrumentationActivityInvoker$EmptyActivity]: [DP] pd() Asnyc report
08-24 14:43:40.867  4159 17194 D gralloc : [mali_gralloc_allocate] begin
08-24 14:43:40.867  4159 17194 D gralloc : buffer_descriptor: wh(1080 2340) usage_pc(0x40000000000b00 0x40000000000b00) hal_format(0x1) layer_count(1) sizes(0 0 0) strde(0) byte_stride(0) alloc_wh(0 0) internal_format(0x0) alloc_format(0x0) fd_count(1) plane_count(0)
08-24 14:43:40.869  4159 17194 D gralloc : [mali_gralloc_allocate] allocation successful
08-24 14:43:40.870  4159 17194 D gralloc : [mali_gralloc_allocate] begin
08-24 14:43:40.870  4159 17194 D gralloc : buffer_descriptor: wh(1080 2340) usage_pc(0x40000000000b00 0x40000000000b00) hal_format(0x1) layer_count(1) sizes(0 0 0) strde(0) byte_stride(0) alloc_wh(0 0) internal_format(0x0) alloc_format(0x0) fd_count(1) plane_count(0)
08-24 14:43:40.870  4896  4896 D FaceWidgetMediaDataDAO: launch package intent
08-24 14:43:40.871  4226  5357 I Layer   : id=88326 removeFromCurrentState Surface(name=e455c2d StatusBar)/@0x2f65071 - animation-leash#1 (86)
08-24 14:43:40.871  4226  5357 I Layer   : id=32 removeFromCurrentState e455c2d StatusBar#0 (86)
08-24 14:43:40.871  4226  5357 I Layer   : id=42 removeFromCurrentState StatusBar$_4896#0 (86)
08-24 14:43:40.871  4896  4896 D FaceWidgetViewModel: onChanged
08-24 14:43:40.871  4226  5357 I Layer   : id=32 addToCurrentState e455c2d StatusBar#0 (86)
08-24 14:43:40.871  4896  4896 D FaceWidgetViewModel: updateMusicPageShownState() show = false, reattach = false, reason = clear
08-24 14:43:40.871  4226  5357 I Layer   : id=42 addToCurrentState StatusBar$_4896#0 (86)
08-24 14:43:40.871  4896  4896 D FaceWidgetViewModel: skip to show media panel
08-24 14:43:40.871  4226  5357 I Layer   : id=88327 removeFromCurrentState Surface(name=a71bb8f NavigationBar0)/@0x8f38906 - animation-leash#1 (86)
08-24 14:43:40.873  4896  4896 D FaceWidgetMusicPageObserver: [EXPAND] onChanged :: PluginFaceWidgetMediaData{[NULL]} showingLastPlayed : true
08-24 14:43:40.873  4896  4896 D FaceWidgetMediaDataDAO: controller is null
08-24 14:43:40.873  4896  4896 D FaceWidgetMediaDataDAO: controller is null
08-24 14:43:40.873  4896  4896 D FaceWidgetMediaDataDAO: controller is null
08-24 14:43:40.874  4896  4896 D FaceWidgetMediaDataDAO: controller is null
08-24 14:43:40.874  4896  4896 D FaceWidgetMediaDataDAO: controller is null
08-24 14:43:40.874  4896  4896 D FaceWidgetMediaDataDAO: controller is null
08-24 14:43:40.874  4896  4896 D FaceWidgetMediaDataDAO: controller is null
08-24 14:43:40.874  4896  4896 D FaceWidgetMediaDataDAO: controller is null
08-24 14:43:40.874  4896  4896 D FaceWidgetMusicPageObserver: last played. show tap to play last song. : com.google.android.youtube
08-24 14:43:40.875  4217  4605 V APM_AudioPolicyManager: setAppState(portId:11856, state:1)
08-24 14:43:40.875  4217  4605 V APM_AudioPolicyManager: setAppState(portId:11883, state:2)
08-24 14:43:40.875 24159 24159 I ViewRootImpl@25218ca[InstrumentationActivityInvoker$EmptyActivity]: [DP] pdf(0) 1 android.view.ViewRootImpl.lambda$performDraw$1$ViewRootImpl:4668 android.view.-$$Lambda$ViewRootImpl$DJd0VUYJgsebcnSohO6h8zc_ONI.run:6 android.os.Handler.handleCallback:938
08-24 14:43:40.875 24159 24159 I ViewRootImpl@25218ca[InstrumentationActivityInvoker$EmptyActivity]: [DP] rdf()
08-24 14:43:40.876 21625 21625 W YTPL.mediasession: MediaSession setActive(false)
08-24 14:43:40.877 24159 24159 I ViewRootImpl@46f924d[GridListActivity]: MSG_WINDOW_FOCUS_CHANGED 0 1
08-24 14:43:40.879 24159 24159 I SurfaceControl: nativeRelease nativeObject s[536236741984]
08-24 14:43:40.880 24159 24159 I SurfaceControl: nativeRelease nativeObject e[536236741984]
08-24 14:43:40.880  4585  4613 D PkgPredictorService: pkg:com.example.dogglers activity:androidx.test.core.app.InstrumentationActivityInvoker$EmptyActivity thisTime:136
08-24 14:43:40.880 24159 24159 I SurfaceControl: nativeRelease nativeObject s[536236741888]
08-24 14:43:40.880 24159 24159 I SurfaceControl: nativeRelease nativeObject e[536236741888]
08-24 14:43:40.880 24159 24159 I SurfaceControl: nativeRelease nativeObject s[536236741792]
08-24 14:43:40.880 24159 24159 I SurfaceControl: nativeRelease nativeObject e[536236741792]
08-24 14:43:40.880  4226  4601 I SurfaceFlinger: id=88327 Removed Surface(name=a71bb8f NavigationBar0)/@0x8f38906 - animation-leash#1 (86)
08-24 14:43:40.880  4226  4601 I SurfaceFlinger: id=88326 Removed Surface(name=e455c2d StatusBar)/@0x2f65071 - animation-leash#1 (86)
08-24 14:43:40.881  4159 17194 D gralloc : [mali_gralloc_allocate] allocation successful
08-24 14:43:40.881  4585  4617 I ActivityTaskManager: Displayed com.example.dogglers/androidx.test.core.app.InstrumentationActivityInvoker$EmptyActivity: +136ms
08-24 14:43:40.882  4585  4613 I SemDvfsHyPerManager: acquire hyper - AMS_RESUME_TAIL/4585@18, type = -999
08-24 14:43:40.882  4585  4613 I SemDvfsHyPerManager: acquire hyper - AMS_ACT_LAZY/4585@19, type = -999
08-24 14:43:40.882  4175  4211 I HYPER-HAL: [RequestManager.cpp]acquire(): Acquired ID : 10596124  [4585 / 18]    HINT : AMS_RESUME_TAIL    list :
08-24 14:43:40.882  4896  4896 D FaceWidgetMediaSessionManager: onPlaybackStateChanged() state = PlaybackState {state=1, position=0, buffered position=0, speed=1.0, updated=1322761448, actions=8192, custom actions=[], active item id=-1, error=null}
08-24 14:43:40.883  4896  4896 I PluginFaceWidgetMediaDataFactory: getBitmapFromMetadata null
08-24 14:43:40.883  4896  4896 D PluginFaceWidgetMediaDataFactory: Elapsed Time : 1
08-24 14:43:40.883  4175  4211 I HYPER-HAL: [ResourceManager.cpp]updateResource(): [CPUMinFreq] UpdateResource Request ID : 10596124    Value : 1768000
08-24 14:43:40.883  4175  4211 I HYPER-HAL: [RequestManager.cpp]acquire(): Acquired ID : 10600729  [4585 / 19]    HINT :      list :
08-24 14:43:40.883  4226  4226 I Layer   : id=88326[1] Destroyed Surface(name=e455c2d StatusBar)/@0x2f65071 - animation-leash#1
08-24 14:43:40.883  4226  4226 I Layer   : id=88327[1] Destroyed Surface(name=a71bb8f NavigationBar0)/@0x8f38906 - animation-leash#1
08-24 14:43:40.884  4175  4211 E HYPER-HAL: [Request.cpp]acquire(): Request:: id : 10600729, No Resource to set
08-24 14:43:40.885  4175  4211 I HYPER-HAL: [ResourceManager.cpp]removeResource(): [CPUMinFreq] RemoveResource Request ID : 10586917
08-24 14:43:40.885  4175  4211 I HYPER-HAL: [RequestManager.cpp]releaseLocked(): Released ID : 10586917
08-24 14:43:40.882  4159 17194 D gralloc : [mali_gralloc_allocate] begin
08-24 14:43:40.886  4159 17194 D gralloc : buffer_descriptor: wh(1080 2340) usage_pc(0x40000000000b00 0x40000000000b00) hal_format(0x1) layer_count(1) sizes(0 0 0) strde(0) byte_stride(0) alloc_wh(0 0) internal_format(0x0) alloc_format(0x0) fd_count(1) plane_count(0)
08-24 14:43:40.887  4896  4896 D FaceWidgetMediaDataRepository: [update] key : com.google.android.youtube|0|192289192, oldKey : com.google.android.youtube|0|192289192, media : com.google.android.youtube, sourceType : SESSION
08-24 14:43:40.890  4896  4896 D FaceWidgetMediaDataRepository: PlaybackState and Metadata is null. :: com.google.android.youtube
08-24 14:43:40.890  4585  7034 I SurfaceControl: nativeRelease nativeObject s[535556338112]
08-24 14:43:40.890  4585  7034 I SurfaceControl: nativeRelease nativeObject e[535556338112]
08-24 14:43:40.890  4896  4896 D FaceWidgetMediaSessionManager: onMetadataChanged() metadata = null
08-24 14:43:40.890  4226  5359 I Layer   : id=88304 removeFromCurrentState com.google.android.youtube/com.google.android.apps.youtube.app.watchwhile.WatchWhileActivity$_21625#0 (84)
08-24 14:43:40.890  4226  5359 I Layer   : id=88307 removeFromCurrentState Bounds for - com.google.android.youtube/com.google.android.apps.youtube.app.watchwhile.WatchWhileActivity@6#0 (84)
08-24 14:43:40.890  4896  4896 I PluginFaceWidgetMediaDataFactory: getBitmapFromMetadata null
08-24 14:43:40.890  4226  5359 I Layer   : id=88308 removeFromCurrentState SurfaceView - com.google.android.youtube/com.google.android.apps.youtube.app.watchwhile.WatchWhileActivity@c9edee9@6#0 (84)
08-24 14:43:40.890  4896  4896 D PluginFaceWidgetMediaDataFactory: Elapsed Time : 0
08-24 14:43:40.891  4896  4896 D FaceWidgetMediaDataRepository: [update] key : com.google.android.youtube|0|192289192, oldKey : com.google.android.youtube|0|192289192, media : com.google.android.youtube, sourceType : SESSION
08-24 14:43:40.893  4896  4896 D FaceWidgetMediaDataRepository: PlaybackState and Metadata is null. :: com.google.android.youtube
08-24 14:43:40.893  4226  5359 I SurfaceFlinger: id=88304 Removed com.google.android.youtube/com.google.android.apps.youtube.app.watchwhile.WatchWhileActivity$_21625#0 (84)
08-24 14:43:40.895  4896  4896 D FaceWidgetMusicViewModel: onChanged :: NULL
08-24 14:43:40.895  4159 17194 D gralloc : [mali_gralloc_allocate] allocation successful
08-24 14:43:40.896  4896  4896 I FaceWidgetMusicViewModel: getMediaButtonReceiverPackageName() - soundAssistant : com.google.android.youtube, Settings : org.telegram.plus/org.telegram.messenger.voip.VoIPMediaButtonReceiver,0,1
08-24 14:43:40.898  4896  4896 D FaceWidgetMediaDataDAO: launch package intent
08-24 14:43:40.898  4896  4896 D FaceWidgetViewModel: onChanged
08-24 14:43:40.898  4896  4896 D FaceWidgetViewModel: updateMusicPageShownState() show = false, reattach = false, reason = clear
08-24 14:43:40.898  4896  4896 D FaceWidgetViewModel: skip to show media panel
08-24 14:43:40.898  4896  4896 D FaceWidgetMusicPageObserver: [EXPAND] onChanged :: PluginFaceWidgetMediaData{[NULL]} showingLastPlayed : true
08-24 14:43:40.899  4896  4896 D FaceWidgetMediaDataDAO: controller is null
08-24 14:43:40.899  4896  4896 D FaceWidgetMediaDataDAO: controller is null
08-24 14:43:40.899  4896  4896 D FaceWidgetMediaDataDAO: controller is null
08-24 14:43:40.899  4896  4896 D FaceWidgetMediaDataDAO: controller is null
08-24 14:43:40.899  4896  4896 D FaceWidgetMediaDataDAO: controller is null
08-24 14:43:40.899  4896  4896 D FaceWidgetMediaDataDAO: controller is null
08-24 14:43:40.899  4896  4896 D FaceWidgetMediaDataDAO: controller is null
08-24 14:43:40.899  4896  4896 D FaceWidgetMediaDataDAO: controller is null
08-24 14:43:40.899  4896  4896 D FaceWidgetMusicPageObserver: last played. show tap to play last song. : com.google.android.youtube
08-24 14:43:40.900  4226  4226 I Layer   : id=88304[1] Destroyed com.google.android.youtube/com.google.android.apps.youtube.app.watchwhile.WatchWhileActivity$_21625#0
08-24 14:43:40.900  4226  4226 I Layer   : id=88307[1] Destroyed Bounds for - com.google.android.youtube/com.google.android.apps.youtube.app.watchwhile.WatchWhileActivity@6#0
08-24 14:43:40.900  4226  4226 I Layer   : id=88308[1] Destroyed SurfaceView - com.google.android.youtube/com.google.android.apps.youtube.app.watchwhile.WatchWhileActivity@c9edee9@6#0
08-24 14:43:40.902  4585  5390 I InputDispatcher: Focus entered window (24159): 482be8b in display 0 0
08-24 14:43:40.903  4226  4251 E BufferQueueProducer: [com.example.dogglers/com.example.dogglers.GridListActivity$_24159#0](id:10820000493f,api:0,p:-1,c:4226) disconnect: not connected (req=1)
08-24 14:43:40.903 24159 24214 W libEGL  : EGLNativeWindowType 0x7cda2b2010 disconnect failed
08-24 14:43:40.904  4585  4635 D FastTrack: setFastTrackState: pid = 21625 ;tid= 21625 ;value= 0
08-24 14:43:40.904  4585  5390 V WindowManager: Relayout Window{cd476af u0 com.example.dogglers/com.example.dogglers.GridListActivity}: viewVisibility=8 req=1080x2340
08-24 14:43:40.908  4585  4635 D FastTrack: setFastTrackState: pid = 21625 ;tid= 21862 ;value= 0
08-24 14:43:40.908  4585  5390 V WindowManager: Relayout hash=cd476af, pid=24159: mAttrs={(0,0)(fillxfill) sim={adjust=resize forwardNavigation} ty=BASE_APPLICATION wanim=0x1030304
08-24 14:43:40.908  4585  5390 V WindowManager:   fl=81810100
08-24 14:43:40.908  4585  5390 V WindowManager:   pfl=12020000
08-24 14:43:40.908  4585  5390 V WindowManager:   apr=LIGHT_NAVIGATION_BARS
08-24 14:43:40.908  4585  5390 V WindowManager:   fitSides= naviIconColor=0
08-24 14:43:40.908  4585  5390 V WindowManager:   sfl=100000}
08-24 14:43:40.909  4226  4226 D SurfaceFlinger: Display 0 HWC layers:
08-24 14:43:40.909  4226  4226 D SurfaceFlinger:      DEVICE | 0x77ae646280 | 0002 | RGBA_8888    |    0.0    0.0 1080.0 2340.0 |    0    0 1080 2340 | com.example.dogglers/androidx.test.c[...]tivityInvoker$EmptyActivity$_24159#0
08-24 14:43:40.909  4226  4226 D SurfaceFlinger:      DEVICE | 0x77ce816940 | 0000 | RGBA_8888    |    0.0    0.0 1080.0   83.0 |    0    0 1080   83 | StatusBar$_4896#0
08-24 14:43:40.909  4226  4226 D SurfaceFlinger:      DEVICE | 0x77ce8157c0 | 0000 | RGBA_8888    |    0.0    0.0   67.0  342.0 |    0  746   67 1088 | com.samsung.android.app.cocktailbars[...]arservice.CocktailBarService$_9865#0
08-24 14:43:40.909  4226  4226 D SurfaceFlinger:      DEVICE | 0x7851238200 | 0000 | RGBA_8888    |    0.0    0.0  388.0   39.0 |  692 2301 1080 2340 | SGestureOverlayWindow$_5408#0
08-24 14:43:40.909  4226  4226 D SurfaceFlinger:      DEVICE | 0x77ce816800 | 0000 | RGBA_8888    |    0.0    0.0 1080.0  126.0 |    0 2214 1080 2340 | NavigationBar0$_4896#0
08-24 14:43:40.909  4226  4226 D SurfaceFlinger:      DEVICE | 0x77ce814b40 | 0000 | RGBA_8888    |    0.0    0.0 1080.0  151.0 |    0    0 1080  151 | ScreenDecorOverlay$_4896#0
08-24 14:43:40.909  4226  4226 D SurfaceFlinger:      DEVICE | 0x77ce817d40 | 0000 | RGBA_8888    |    0.0    0.0 1080.0  151.0 |    0 2189 1080 2340 | ScreenDecorOverlayBottom$_
08-24 14:43:40.909  4226  4226 D SurfaceFlinger: 4896#0
08-24 14:43:40.909  4226  4226 D SurfaceFlinger:
08-24 14:43:40.909 24159 24159 I SurfaceControl: nativeRelease nativeObject s[536236748416]
08-24 14:43:40.909 24159 24159 I SurfaceControl: nativeRelease nativeObject e[536236748416]
08-24 14:43:40.910 24159 24159 I SurfaceControl: assignNativeObject: nativeObject = 0 Surface(name=null)/@0xfe606b1 / android.view.SurfaceControl.readFromParcel:1117 android.view.IWindowSession$Stub$Proxy.relayout:1810 android.view.ViewRootImpl.relayoutWindow:9005 android.view.ViewRootImpl.performTraversals:3360 android.view.ViewRootImpl.doTraversal:2618 android.view.ViewRootImpl$TraversalRunnable.run:9971 android.view.Choreographer$CallbackRecord.run:1010 android.view.Choreographer.doCallbacks:809 android.view.Choreographer.doFrame:744 android.view.Choreographer$FrameDisplayEventReceiver.run:995
08-24 14:43:40.910 24159 24159 I SurfaceControl: assignNativeObject: nativeObject = 0 Surface(name=null)/@0x6a2f102 / android.view.SurfaceControl.readFromParcel:1117 android.view.IWindowSession$Stub$Proxy.relayout:1820 android.view.ViewRootImpl.relayoutWindow:9005 android.view.ViewRootImpl.performTraversals:3360 android.view.ViewRootImpl.doTraversal:2618 android.view.ViewRootImpl$TraversalRunnable.run:9971 android.view.Choreographer$CallbackRecord.run:1010 android.view.Choreographer.doCallbacks:809 android.view.Choreographer.doFrame:744 android.view.Choreographer$FrameDisplayEventReceiver.run:995
08-24 14:43:40.911 24159 24159 I SurfaceControl: nativeRelease nativeObject s[536151022592]
08-24 14:43:40.911 24159 24159 I SurfaceControl: nativeRelease nativeObject e[536151022592]
08-24 14:43:40.913 24159 24159 I ViewRootImpl@46f924d[GridListActivity]: Relayout returned: old=(0,0,1080,2340) new=(0,0,1080,2340) req=(1080,2340)8 dur=6 res=0x5 s={false 0} ch=true fn=5
08-24 14:43:40.914 24159 24159 I ViewRootImpl@46f924d[GridListActivity]: stopped(true) old=false
08-24 14:43:40.914  4585  5390 I SemDvfsHyPerManager: acquire hyper - AMS_ACT_START/4585@16, type = -999
08-24 14:43:40.915  4175  4211 I HYPER-HAL: [RequestManager.cpp]acquire(): Acquired ID : 10586917  [4585 / 16]    HINT : AMS_ACT_START    list :
08-24 14:43:40.915 24159 24159 D LifecycleMonitor: Lifecycle status change: com.example.dogglers.GridListActivity@d629f69 in: STOPPED
08-24 14:43:40.915 24159 24159 V ActivityScenario: Update currentActivityStage to STOPPED, currentActivity=com.example.dogglers.GridListActivity@d629f69
08-24 14:43:40.916  4175  4211 I HYPER-HAL: [ResourceManager.cpp]updateResource(): [CPUMinFreq] UpdateResource Request ID : 10586917    Value : 2314000
08-24 14:43:40.916  4226  4251 I SurfaceFlinger: id=88335 createSurf (0x0),-1 flag=80004, ActivityRecord{6f2f875 u0 com.example.dogglers/androidx.test.core.app.InstrumentationActivityInvoker$EmptyActivity t1566}#0
08-24 14:43:40.918 24159 24159 D LifecycleMonitor: Lifecycle status change: com.example.dogglers.GridListActivity@d629f69 in: DESTROYED
08-24 14:43:40.918 24159 24159 V ActivityScenario: Update currentActivityStage to DESTROYED, currentActivity=null
08-24 14:43:40.923 24159 24159 I ViewRootImpl@46f924d[GridListActivity]: dispatchDetachedFromWindow
08-24 14:43:40.925  4585  8021 D InputTransport: Input channel destroyed: 'cd476af', fd=708
08-24 14:43:40.925  4585  8021 I SurfaceControl: nativeRelease nativeObject s[535556872704]
08-24 14:43:40.925  4585  8021 I SurfaceControl: nativeRelease nativeObject e[535556872704]
08-24 14:43:40.926  4585  8021 D WindowManager: isScreenshotDisabledLocked - win: Window{cd476af u0 com.example.dogglers/com.example.dogglers.GridListActivity}
08-24 14:43:40.926  4585  8021 D WindowManager: isScreenshotDisabledLocked: userId = 0, disabled =false
08-24 14:43:40.926  4585  8021 I SurfaceControl: nativeRelease nativeObject s[535556336480]
08-24 14:43:40.926  4585  8021 I SurfaceControl: nativeRelease nativeObject e[535556336480]
08-24 14:43:40.926  4226  5357 I SurfaceFlinger: id=88336 createSurf (0x0),-1 flag=24004, Surface(name=a3a0629 InputMethod)/@0x54f474f - animation-leash#1
08-24 14:43:40.927  4585  8021 I SurfaceControl: nativeRelease nativeObject s[535556871264]
08-24 14:43:40.927  4585  8021 I SurfaceControl: nativeRelease nativeObject e[535556871264]
08-24 14:43:40.927  4226  4251 I Layer   : id=88325 removeFromCurrentState com.example.dogglers/com.example.dogglers.GridListActivity$_24159#0 (83)
08-24 14:43:40.928  4226  4251 I SurfaceFlinger: id=88325 Removed com.example.dogglers/com.example.dogglers.GridListActivity$_24159#0 (83)
08-24 14:43:40.929  4226  4251 I Layer   : id=88324 removeFromCurrentState cd476af com.example.dogglers/com.example.dogglers.GridListActivity#0 (83)
08-24 14:43:40.929  4226  4251 I Layer   : id=88329 removeFromCurrentState Surface(name=a3a0629 InputMethod)/@0x54f474f - animation-leash#0 (83)
08-24 14:43:40.929  4226  4251 I Layer   : id=78 removeFromCurrentState a3a0629 InputMethod#0 (83)
08-24 14:43:40.930  4226  4251 I Layer   : id=78 addToCurrentState a3a0629 InputMethod#0 (83)
08-24 14:43:40.930  4226  4251 I SurfaceFlinger: id=88324 Removed cd476af com.example.dogglers/com.example.dogglers.GridListActivity#0 (83)
08-24 14:43:40.931 24159 24159 D InputTransport: Input channel destroyed: 'cd476af', fd=80
08-24 14:43:40.931  4585  4610 D SehCodecSolutionService: Update top [com.example.dogglers]
08-24 14:43:40.933  4226  4226 I Layer   : id=88324[1] Destroyed cd476af com.example.dogglers/com.example.dogglers.GridListActivity#0
08-24 14:43:40.934  4226  4226 I Layer   : id=88325[1] Destroyed com.example.dogglers/com.example.dogglers.GridListActivity$_24159#0
08-24 14:43:40.937 24159 24159 I ViewRootImpl@25218ca[InstrumentationActivityInvoker$EmptyActivity]: MSG_WINDOW_FOCUS_CHANGED 1 1
08-24 14:43:40.938 24159 24159 D InputMethodManager: prepareNavigationBarInfo() DecorView@d991b1f[InstrumentationActivityInvoker$EmptyActivity]
08-24 14:43:40.938 24159 24159 D InputMethodManager: getNavigationBarColor() -855310
08-24 14:43:40.939 24159 24159 D InputMethodManager: prepareNavigationBarInfo() DecorView@d991b1f[InstrumentationActivityInvoker$EmptyActivity]
08-24 14:43:40.939 24159 24159 D InputMethodManager: getNavigationBarColor() -855310
