08-24 14:43:28.247 24159 24204 I TestRunner: started: grid_list_button_is_displayed(com.example.dogglers.ButtonTests)
08-24 14:43:28.264 24159 24204 W Settings: Setting always_finish_activities has moved from android.provider.Settings.System to android.provider.Settings.Global, returning read-only value.
08-24 14:43:28.304  4896  5121 D NetworkController.SecMobileSignalController(0/5): onSignalStrengthsChanged level=3
08-24 14:43:28.304  4896  5121 D MobileSignalIconsSelector: getDataIconGroup(): 13
08-24 14:43:28.310  4585  5732 I SemDvfsHyPerManager: acquire hyper - AMS_APP_SWITCH/4585@30, type = -999
08-24 14:43:28.311  4175  4211 I HYPER-HAL: [RequestManager.cpp]acquire(): Acquired ID : 10651450  [4585 / 30]    HINT : AMS_APP_SWITCH    list :
08-24 14:43:28.312  7134  7134 I SemDvfsHyPerManager: acquire hyper - com.sec.android.sdhms/7134@9, type = -999
08-24 14:43:28.313  4175  4211 I HYPER-HAL: [ResourceManager.cpp]updateResource(): [CPUMinFreq] UpdateResource Request ID : 10651450    Value : 2314000
08-24 14:43:28.314  4175  4211 I HYPER-HAL: [RequestManager.cpp]acquire(): Acquired ID : 25514805  [7134 / 9]    HINT : APP_START    list :
08-24 14:43:28.316  4175  4211 E HYPER-HAL: [HandlerSysfs.cpp]doResourceHandling(): Couldn't Open Sysfs - /sys/kernel/mm/vmscan/am_app_launch
08-24 14:43:28.317  4175  4211 I HYPER-HAL: [ResourceManager.cpp]updateResource(): [CPUMaxFreq] UpdateResource Request ID : 25514805    Value : 2314000
08-24 14:43:28.324  4226  4251 I SurfaceFlinger: id=88030 createSurf (0x0),-1 flag=24004, Task=1560#0
08-24 14:43:28.334  4226  5359 I SurfaceFlinger: id=88031 createSurf (0x0),-1 flag=80004, ActivityRecord{88d1f2a u0 com.example.dogglers/androidx.test.core.app.InstrumentationActivityInvoker$BootstrapActivity t1560}#0
08-24 14:43:28.348  4585  5789 V WindowOrientationListener: getProposedRotation: -1
08-24 14:43:28.352  4140  4146 E statsd  : Predicate -7037417284711607308 dropping data for dimension key (10)0x2010101->10574[I] (10)0x30000->*launch*[S]
08-24 14:43:28.353  4140  4146 E statsd  : Predicate 5980654721335871649 dropping data for dimension key (10)0x2010101->10574[I] (10)0x30000->*launch*[S]
08-24 14:43:28.355  4585  5789 I SemDvfsHyPerManager: acquire hyper - AMS_APP_LAUNCH/4585@17, type = -999
08-24 14:43:28.356  4175  4211 I HYPER-HAL: [RequestManager.cpp]acquire(): Acquired ID : 10591520  [4585 / 17]    HINT : AMS_APP_LAUNCH    list :
08-24 14:43:28.357  4175  4211 I HYPER-HAL: [ResourceManager.cpp]updateResource(): [CPUMinFreq] UpdateResource Request ID : 10591520    Value : 2314000
08-24 14:43:28.372  4585  4727 D InputReader: Btn_touch(5): value=0 when=571745.708054
08-24 14:43:28.372  4585  4727 I InputReader: Touch event's action is 0x1 (id=4, t=0) [pCnt=1, s=] when=571745.708054
08-24 14:43:28.373  4585  4726 I InputDispatcher: Delivering touch to (21625): action: 0x1, f=0x0, d=0, '911a194', t=1
08-24 14:43:28.373  5408  5408 W TouchInteractionService: reset
08-24 14:43:28.376  4585  4585 I SemDvfsHyPerManager: acquire hyper - GESTURE_DETECTED/4585@22, type = -999
08-24 14:43:28.376  4175  4211 I HYPER-HAL: [RequestManager.cpp]acquire(): Acquired ID : 10614550  [4585 / 22]    HINT : GESTURE_DETECTED    list : [TIMEOUT / 358]
08-24 14:43:28.377  4585  4585 I SemDvfsHyPerManager: acquire hyper - GESTURE_DETECTED/4585@22, type = -999
08-24 14:43:28.378  4175  4211 I HYPER-HAL: [ResourceManager.cpp]updateResource(): [CPUMinFreq] UpdateResource Request ID : 10614550    Value : 936000
08-24 14:43:28.378  4175  4211 I HYPER-HAL: [RequestManager.cpp]acquire(): Acquired ID : 10614550  [4585 / 22]    HINT : GESTURE_DETECTED    list : [TIMEOUT / 358]
08-24 14:43:28.378  4175  4211 I HYPER-HAL: [ResourceManager.cpp]updateResource(): [CPUMinFreq] UpdateResource Request ID : 10614550    Value : 936000
08-24 14:43:28.381  4585  4613 D InputTransport: Input channel constructed: 'fc3a6da', fd=619
08-24 14:43:28.381  4585  4613 D InputTransport: Input channel constructed: 'fc3a6da', fd=621
08-24 14:43:28.383  4226  4251 I SurfaceFlinger: id=88032 createSurf (0x0),-1 flag=80004, fc3a6da Splash Screen com.example.dogglers#0
08-24 14:43:28.385  4585  4613 I ViewRootImpl@e5c9885[dogglers]: setView = com.android.internal.policy.DecorView@74556a6 TM=true
08-24 14:43:28.444  4585  4606 V WindowOrientationListener: getProposedRotation: -1
08-24 14:43:28.444  4585  4606 V WindowOrientationListener: getProposedRotation: -1
08-24 14:43:28.448  4585  4606 V WindowOrientationListener: getProposedRotation: -1
08-24 14:43:28.450  4585  4606 D InputDispatcher: Focused application set to (0): 88d1f2a
08-24 14:43:28.464  4585  4613 V WindowManager: Relayout Window{fc3a6da u0 Splash Screen com.example.dogglers}: viewVisibility=0 req=1080x2340
08-24 14:43:28.465 21625 21625 I ViewRootImpl@b7edacd[WatchWhileActivity]: ViewPostIme pointer 1
08-24 14:43:28.468  4585  4613 D WindowManager: isScreenshotDisabledLocked - win: Window{fc3a6da u0 Splash Screen com.example.dogglers}
08-24 14:43:28.468  4585  4613 D WindowManager: isScreenshotDisabledLocked: userId = 0, disabled =false
08-24 14:43:28.470  4226  4251 I SurfaceFlinger: id=88033 createSurf (1080x2340),1 flag=404, Splash Screen com.example.dogglers#0
08-24 14:43:28.473  4585  4613 V WindowManager: Relayout hash=fc3a6da, pid=4585: mAttrs={(0,0)(fillxfill) sim={adjust=pan} layoutInDisplayCutoutMode=shortEdges ty=APPLICATION_STARTING wanim=0x1030001
08-24 14:43:28.473  4585  4613 V WindowManager:   fl=1830118
08-24 14:43:28.473  4585  4613 V WindowManager:   pfl=12020011
08-24 14:43:28.473  4585  4613 V WindowManager:   apr=LIGHT_NAVIGATION_BARS
08-24 14:43:28.473  4585  4613 V WindowManager:   fitSides= naviIconColor=0
08-24 14:43:28.473  4585  4613 V WindowManager:   sfl=100000}
08-24 14:43:28.473  4585  4613 I ViewRootImpl@e5c9885[dogglers]: Relayout returned: old=(0,0,1080,2340) new=(0,0,1080,2340) req=(1080,2340)0 dur=76 res=0x7 s={true 535581126656} ch=true fn=-1
08-24 14:43:28.475  4585  4811 I System.out: (HTTPLog)-Static: isSBSettingEnabled false
08-24 14:43:28.475  4585  4811 I System.out: (HTTPLog)-Static: isSBSettingEnabled false
08-24 14:43:28.476  4141  4260 E Netd    : getNetworkForDns: getNetId from enterpriseCtrl is netid 0
08-24 14:43:28.477  4585  4613 I ViewRootImpl@e5c9885[dogglers]: [DP] dp(1) 1 android.view.ViewRootImpl.reportNextDraw:10957 android.view.ViewRootImpl.performTraversals:3845 android.view.ViewRootImpl.doTraversal:2618
08-24 14:43:28.481  4159 17194 D gralloc : [mali_gralloc_allocate] begin
08-24 14:43:28.482  4159 17194 D gralloc : buffer_descriptor: wh(1080 2340) usage_pc(0x966 0x906) hal_format(0x1) layer_count(1) sizes(0 0 0) strde(0) byte_stride(0) alloc_wh(0 0) internal_format(0x0) alloc_format(0x0) fd_count(1) plane_count(0)
08-24 14:43:28.482  4585  5789 D NetdEventListenerService: DNS Requested by : 866, 1000
08-24 14:43:28.484  4141  4265 E Netd    : getNetworkForDns: getNetId from enterpriseCtrl is netid 0
08-24 14:43:28.486  4585  4635 D FastTrack: setFastTrackState: pid = 24159 ;tid= 24159 ;value= 1
08-24 14:43:28.488  4159 17194 D gralloc : [mali_gralloc_allocate] allocation successful
08-24 14:43:28.503  4585  4613 I ViewRootImpl@e5c9885[dogglers]: [DP] pdf(0) 1 android.view.ViewRootImpl.performDraw:4809 android.view.ViewRootImpl.performTraversals:3866 android.view.ViewRootImpl.doTraversal:2618
08-24 14:43:28.503  4585  4613 I ViewRootImpl@e5c9885[dogglers]: [DP] rdf()
08-24 14:43:28.505 11821 11821 D BoundBrokerSvc: onBind: Intent { act=com.google.android.gms.measurement.START pkg=com.google.android.gms }
08-24 14:43:28.505 11821 11821 D BoundBrokerSvc: Loading bound service for intent: Intent { act=com.google.android.gms.measurement.START pkg=com.google.android.gms }
08-24 14:43:28.524  4226  4251 I SurfaceFlinger: id=88034 createSurf (0x0),-1 flag=24000, Surface(name=Task=1559)/@0xb313bde - animation-leash#0
08-24 14:43:28.525  4585  7044 I InputDispatcher: Focus left window (21625): 911a194 in display 0 0
08-24 14:43:28.526  4226  4601 I SurfaceFlinger: id=88035 createSurf (0x0),-1 flag=20004, Dim Layer for - DefaultTaskDisplayArea - animating-dim#0
08-24 14:43:28.528  4226  4601 I SurfaceFlinger: id=88036 createSurf (0x0),-1 flag=24000, Surface(name=Dim Layer for - DefaultTaskDisplayArea - animating-dim)/@0x149a7bf - animation-leash#0
08-24 14:43:28.534  4226  4601 I SurfaceFlinger: id=88037 createSurf (0x0),-1 flag=24004, Surface(name=Task=1560)/@0x2726324 - animation-leash#0
08-24 14:43:28.538  4585  4613 D WindowManager: isScreenshotDisabledLocked - win: Window{a3a0629 u0 InputMethod}
08-24 14:43:28.538  4585  4613 D WindowManager: isScreenshotDisabledLocked: userId = 0, disabled =false
08-24 14:43:28.538  4585  4613 D WindowManager: isScreenshotDisabledLocked - win: Window{911a194 u0 com.google.android.youtube/com.google.android.apps.youtube.app.watchwhile.WatchWhileActivity}
08-24 14:43:28.538  4585  4613 D WindowManager: isScreenshotDisabledLocked: userId = 0, disabled =false
08-24 14:43:28.540  4159 17194 D gralloc : [mali_gralloc_allocate] begin
08-24 14:43:28.540  4159 17194 D gralloc : buffer_descriptor: wh(1080 2340) usage_pc(0x366 0x306) hal_format(0x1) layer_count(1) sizes(0 0 0) strde(0) byte_stride(0) alloc_wh(0 0) internal_format(0x0) alloc_format(0x0) fd_count(1) plane_count(0)
08-24 14:43:28.546  4159 17194 D gralloc : [mali_gralloc_allocate] allocation successful
08-24 14:43:28.552  4226  4226 I Layer   : id=88038[0] Destroyed Screenshot Parent
08-24 14:43:28.561  4585  4613 I SurfaceControl: nativeRelease nativeObject s[537817679168]
08-24 14:43:28.561  4585  4613 I SurfaceControl: nativeRelease nativeObject e[537817679168]
08-24 14:43:28.563  9865  9865 I TrayStateController: systemUiVisibilityChanged : 2 0
08-24 14:43:28.564  4226  5357 I SurfaceFlinger: id=88039 createSurf (0x0),-1 flag=24000, Surface(name=e455c2d StatusBar)/@0x2f65071 - animation-leash#0
08-24 14:43:28.564  4585  4613 I SurfaceControl: nativeRelease nativeObject s[537817679648]
08-24 14:43:28.564  4585  4613 I SurfaceControl: nativeRelease nativeObject e[537817679648]
08-24 14:43:28.565  4226  5357 I SurfaceFlinger: id=88040 createSurf (0x0),-1 flag=24000, Surface(name=a71bb8f NavigationBar0)/@0x8f38906 - animation-leash#0
08-24 14:43:28.567  4226  5357 I Layer   : id=88019 removeFromCurrentState Surface(name=a71bb8f NavigationBar0)/@0x8f38906 - animation-leash#1 (75)
08-24 14:43:28.567  4226  5357 I Layer   : id=26 removeFromCurrentState a71bb8f NavigationBar0#0 (75)
08-24 14:43:28.567  4226  5357 I Layer   : id=36 removeFromCurrentState NavigationBar0$_4896#0 (75)
08-24 14:43:28.567  4226  5357 I Layer   : id=88018 removeFromCurrentState Surface(name=e455c2d StatusBar)/@0x2f65071 - animation-leash#1 (75)
08-24 14:43:28.567  4226  5357 I Layer   : id=26 addToCurrentState a71bb8f NavigationBar0#0 (75)
08-24 14:43:28.567  4226  5357 I Layer   : id=36 addToCurrentState NavigationBar0$_4896#0 (75)
08-24 14:43:28.569 24159 24159 D LifecycleMonitor: Lifecycle status change: androidx.test.core.app.InstrumentationActivityInvoker$BootstrapActivity@921d109 in: PRE_ON_CREATE
08-24 14:43:28.570 21625 21625 I SurfaceControl: nativeRelease nativeObject s[533410484416]
08-24 14:43:28.570 21625 21625 I SurfaceControl: nativeRelease nativeObject e[533410484416]
08-24 14:43:28.570 21625 21625 I SurfaceControl: nativeRelease nativeObject s[533407215520]
08-24 14:43:28.570 21625 21625 I SurfaceControl: nativeRelease nativeObject e[533407215520]
08-24 14:43:28.570 21625 21625 I SurfaceControl: nativeRelease nativeObject s[533412275936]
08-24 14:43:28.570  4226  5357 I SurfaceFlinger: id=88019 Removed Surface(name=a71bb8f NavigationBar0)/@0x8f38906 - animation-leash#1 (75)
08-24 14:43:28.570 21625 21625 I SurfaceControl: nativeRelease nativeObject e[533412275936]
08-24 14:43:28.570  4226  5357 I SurfaceFlinger: id=88018 Removed Surface(name=e455c2d StatusBar)/@0x2f65071 - animation-leash#1 (75)
08-24 14:43:28.570 24159 24159 V ActivityScenario: Activity lifecycle changed event received but ignored because the intent does not match. startActivityIntent=Intent { act=android.intent.action.MAIN cat=[android.intent.category.LAUNCHER] cmp=com.example.dogglers/.MainActivity }, activity.getIntent()=Intent { act=android.intent.action.MAIN cat=[android.intent.category.LAUNCHER] flg=0x10008000 cmp=com.example.dogglers/androidx.test.core.app.InstrumentationActivityInvoker$BootstrapActivity (has extras) }, activity=androidx.test.core.app.InstrumentationActivityInvoker$BootstrapActivity@921d109
08-24 14:43:28.571 21625 21625 I ViewRootImpl@b7edacd[WatchWhileActivity]: MSG_WINDOW_FOCUS_CHANGED 0 1
08-24 14:43:28.575  4226  4226 I Layer   : id=88018[1] Destroyed Surface(name=e455c2d StatusBar)/@0x2f65071 - animation-leash#1
08-24 14:43:28.575  4226  4226 I Layer   : id=88019[1] Destroyed Surface(name=a71bb8f NavigationBar0)/@0x8f38906 - animation-leash#1
08-24 14:43:28.598  4585  4839 D SemWifiApTrafficPoller: received START_TRAFFIC_CHECK
08-24 14:43:28.602  4226  4226 D SurfaceFlinger: Display 0 HWC layers:
08-24 14:43:28.602  4226  4226 D SurfaceFlinger:      DEVICE | 0x77ae646000 | 0002 | 0x0000105    |    0.0    0.0  426.0  240.0 |    0  886 1080 1493 | SurfaceView - com.google.android.you[...]while.WatchWhileActivity@c9edee9@0#0
08-24 14:43:28.602  4226  4226 D SurfaceFlinger:      DEVICE | 0x77ce815540 | 0000 | RGBA_8888    |    0.0   31.0 1080.0 2340.0 |    0    0 1080 2309 | com.google.android.youtube/com.googl[...]tchwhile.WatchWhileActivity$_21625#0
08-24 14:43:28.602  4226  4226 D SurfaceFlinger:  SOLID_COLOR |              | 0000 |  Unknown  |    0.0    0.0    0.0    0.0 |    0    0 1080 2340 | Dim Layer for - DefaultTaskDisplayArea - animating-dim#0
08-24 14:43:28.602  4226  4226 D SurfaceFlinger:      DEVICE | 0x7851239b00 | 0002 | RGBA_8888    |    0.0    0.0 1080.0 2094.0 |    0  246 1080 2340 | Splash Screen com.example.dogglers#0
08-24 14:43:28.602  4226  4226 D SurfaceFlinger:      DEVICE | 0x77ce815e00 | 0000 | RGBA_8888    |    0.0    0.0 1080.0   83.0 |    0    0 1080   83 | StatusBar$_4896#0
08-24 14:43:28.602  4226  4226 D SurfaceFlinger:      DEVICE | 0x77ce8157c0 | 0000 | RGBA_8888    |    0.0    0.0   67.0  342.0 |    0  746   67 1088 | com.samsung.android.app.cocktailbars[...]arservice.CocktailBarService$_9865#0
08-24 14:43:28.602  4226  4226 D SurfaceFlinger:      DEVICE | 0x7851238200 | 0000 | RGB
08-24 14:43:28.602  4226  4226 D SurfaceFlinger: A_8888    |    0.0    0.0  388.0   39.0 |  692 2301 1080 2340 | SGestureOverlayWindow$_5408#0
08-24 14:43:28.602  4226  4226 D SurfaceFlinger:      DEVICE | 0x77ce816a80 | 0000 | RGBA_8888    |    0.0    0.0 1080.0  126.0 |    0 2214 1080 2340 | NavigationBar0$_4896#0
08-24 14:43:28.602  4226  4226 D SurfaceFlinger:      DEVICE | 0x77ce814b40 | 0000 | RGBA_8888    |    0.0    0.0 1080.0  151.0 |    0    0 1080  151 | ScreenDecorOverlay$_4896#0
08-24 14:43:28.602  4226  4226 D SurfaceFlinger:      DEVICE | 0x77ce817d40 | 0000 | RGBA_8888    |    0.0    0.0 1080.0  151.0 |    0 2189 1080 2340 | ScreenDecorOverlayBottom$_4896#0
08-24 14:43:28.602  4226  4226 D SurfaceFlinger:
08-24 14:43:28.625 24159 24159 I DecorView: [INFO] isPopOver=false, config=true
08-24 14:43:28.625 24159 24159 I DecorView: updateCaptionType >> DecorView@c8d74c5[], isFloating=false, isApplication=true, hasWindowDecorCaption=false, hasWindowControllerCallback=true
08-24 14:43:28.625 24159 24159 D DecorView: setCaptionType = 0, this = DecorView@c8d74c5[]
08-24 14:43:28.652  4226  4226 D SurfaceFlinger: Display 0 HWC layers:
08-24 14:43:28.652  4226  4226 D SurfaceFlinger:      DEVICE | 0x77ce815540 | 0000 | RGBA_8888    |    0.0   52.0 1080.0 2340.0 |    0    0 1080 2288 | com.google.android.youtube/com.googl[...]tchwhile.WatchWhileActivity$_21625#0
08-24 14:43:28.652  4226  4226 D SurfaceFlinger:  SOLID_COLOR |              | 0000 |  Unknown  |    0.0    0.0    0.0    0.0 |    0    0 1080 2340 | Dim Layer for - DefaultTaskDisplayArea - animating-dim#0
08-24 14:43:28.652  4226  4226 D SurfaceFlinger:      DEVICE | 0x7851239b00 | 0002 | RGBA_8888    |    0.0    0.0 1080.0 2233.0 |    0  107 1080 2340 | Splash Screen com.example.dogglers#0
08-24 14:43:28.652  4226  4226 D SurfaceFlinger:      DEVICE | 0x77ce815e00 | 0000 | RGBA_8888    |    0.0    0.0 1080.0   83.0 |    0    0 1080   83 | StatusBar$_4896#0
08-24 14:43:28.652  4226  4226 D SurfaceFlinger:      DEVICE | 0x77ce8157c0 | 0000 | RGBA_8888    |    0.0    0.0   67.0  342.0 |    0  746   67 1088 | com.samsung.android.app.cocktailbars[...]arservice.CocktailBarService$_9865#0
08-24 14:43:28.652  4226  4226 D SurfaceFlinger:      DEVICE | 0x7851238200 | 0000 | RGBA_8888    |    0.0    0.0  388.0   39.0 |  692 2301 1080 2340 | SGestureOverlayWindow$_5408#0
08-24 14:43:28.652  4226  4226 D SurfaceFlinger:      DEVICE | 0x77ce816a80 | 0000 | RGBA_8888    |    0.0    0.0 1080.0  126.0 |    0 2
08-24 14:43:28.652  4226  4226 D SurfaceFlinger: 214 1080 2340 | NavigationBar0$_4896#0
08-24 14:43:28.652  4226  4226 D SurfaceFlinger:      DEVICE | 0x77ce814b40 | 0000 | RGBA_8888    |    0.0    0.0 1080.0  151.0 |    0    0 1080  151 | ScreenDecorOverlay$_4896#0
08-24 14:43:28.652  4226  4226 D SurfaceFlinger:      DEVICE | 0x77ce817d40 | 0000 | RGBA_8888    |    0.0    0.0 1080.0  151.0 |    0 2189 1080 2340 | ScreenDecorOverlayBottom$_4896#0
08-24 14:43:28.652  4226  4226 D SurfaceFlinger:
08-24 14:43:28.653 24159 24159 D LifecycleMonitor: Lifecycle status change: androidx.test.core.app.InstrumentationActivityInvoker$BootstrapActivity@921d109 in: CREATED
08-24 14:43:28.654 24159 24159 V ActivityScenario: Activity lifecycle changed event received but ignored because the intent does not match. startActivityIntent=Intent { act=android.intent.action.MAIN cat=[android.intent.category.LAUNCHER] cmp=com.example.dogglers/.MainActivity }, activity.getIntent()=Intent { act=android.intent.action.MAIN cat=[android.intent.category.LAUNCHER] flg=0x10008000 cmp=com.example.dogglers/androidx.test.core.app.InstrumentationActivityInvoker$BootstrapActivity (has extras) }, activity=androidx.test.core.app.InstrumentationActivityInvoker$BootstrapActivity@921d109
08-24 14:43:28.658 24159 24159 D LifecycleMonitor: Lifecycle status change: androidx.test.core.app.InstrumentationActivityInvoker$BootstrapActivity@921d109 in: STARTED
08-24 14:43:28.659 24159 24159 V ActivityScenario: Activity lifecycle changed event received but ignored because the intent does not match. startActivityIntent=Intent { act=android.intent.action.MAIN cat=[android.intent.category.LAUNCHER] cmp=com.example.dogglers/.MainActivity }, activity.getIntent()=Intent { act=android.intent.action.MAIN cat=[android.intent.category.LAUNCHER] flg=0x10008000 cmp=com.example.dogglers/androidx.test.core.app.InstrumentationActivityInvoker$BootstrapActivity (has extras) }, activity=androidx.test.core.app.InstrumentationActivityInvoker$BootstrapActivity@921d109
08-24 14:43:28.666  4585  4610 D SehCodecSolutionService: Update top [com.example.dogglers]
08-24 14:43:28.671  4585  4820 D PkgPredictorService: com.example.dogglers go to foreground!
08-24 14:43:28.674  4226  4601 I SurfaceFlinger: id=88041 createSurf (0x0),-1 flag=80004, ActivityRecord{2f8e1d8 u0 com.example.dogglers/.MainActivity t1560}#0
08-24 14:43:28.678  4217   666 V APM_AudioPolicyManager: setAppState(portId:11856, state:1)
08-24 14:43:28.678  4217   666 V APM_AudioPolicyManager: setAppState(portId:11883, state:2)
08-24 14:43:28.679  4217   666 V APM_AudioPolicyManager: setAppState(portId:11856, state:1)
08-24 14:43:28.679  4217   666 V APM_AudioPolicyManager: setAppState(portId:11883, state:2)
08-24 14:43:28.683  9865  9865 I TrayStateController: systemUiVisibilityChanged : 0 0
08-24 14:43:28.686  4585  4820 E PkgPredictorService-Collector: record changed bt=0  wifi=0 screen=0
08-24 14:43:28.686  4585  4820 D PkgPredictorService: previous pkgs: com.example.dogglers,com.google.android.youtube,org.telegram.plus running pkg: com.example.dogglers, uid: 0 is system: false
08-24 14:43:28.686  4585  4820 D PkgPredictorService-Collector: save record...
08-24 14:43:28.686  4585  4820 D PkgPredictorService-Collector:  (hour:14 day:4 previous:[com.example.dogglers, com.google.android.youtube, org.telegram.plus] activityName:unknown running:com.example.dogglers userId:0 screenOrientation:0 wifi:0 bt:0 predictTime:2 apkVersion:1.0 consumeTime:-1 preloaded:false>)
08-24 14:43:28.687  4585  4820 D PkgPredictorService-NapPreloadController: User using: com.example.dogglers
08-24 14:43:28.688  4896  4896 D NavigationBar: onSystemBarAppearanceChanged() -  displayId:0, appearance:16 (APPEARANCE_LIGHT_NAVIGATION_BARS ), navbarColorManagedByIme:false
08-24 14:43:28.688  4896  4896 D SecLightBarControlHelper: updateStatus(WHITE icon) NumLightStacks:0, NumStacks:1, IndexLightStack:-1, StatusBarMode:0, StatusBarState:SHD, NeedDarkFontFromWallpaper:false, isWhiteKeyguardStatusBarBySettings:false
08-24 14:43:28.689  4585  4820 I PkgPredictorService-NapClassifier: RF predict version:1661289077471
08-24 14:43:28.690 24159 24159 D LifecycleMonitor: Lifecycle status change: androidx.test.core.app.InstrumentationActivityInvoker$BootstrapActivity@921d109 in: RESUMED
08-24 14:43:28.690 24159 24159 V ActivityScenario: Activity lifecycle changed event received but ignored because the intent does not match. startActivityIntent=Intent { act=android.intent.action.MAIN cat=[android.intent.category.LAUNCHER] cmp=com.example.dogglers/.MainActivity }, activity.getIntent()=Intent { act=android.intent.action.MAIN cat=[android.intent.category.LAUNCHER] flg=0x10008000 cmp=com.example.dogglers/androidx.test.core.app.InstrumentationActivityInvoker$BootstrapActivity (has extras) }, activity=androidx.test.core.app.InstrumentationActivityInvoker$BootstrapActivity@921d109
08-24 14:43:28.697  4585  4613 I ViewRootImpl@e5c9885[dogglers]: MSG_RESIZED_REPORT: frame=(0,0,1080,2340) ci=(0,83,0,39) vi=(0,83,0,39) or=1
08-24 14:43:28.697  4585  4613 I ViewRootImpl@e5c9885[dogglers]: [DP] dp(1) 1 android.view.ViewRootImpl.reportNextDraw:10957 android.view.ViewRootImpl.access$1200:256 android.view.ViewRootImpl$ViewRootHandler.handleMessage:6101
08-24 14:43:28.702  4585  4820 D PkgPredictorService-NapClassifier: Predict result: 144.0,146.0,166.0, - [0_&_org.telegram.plus, 0_&_com.google.android.youtube, 0_&_com.samsung.android.app.contacts]
08-24 14:43:28.702  4585  4606 V WindowManager: Relayout Window{d095a7c u0 NotificationShade}: viewVisibility=4 req=1080x2340
08-24 14:43:28.703 24159 24159 D LifecycleMonitor: Lifecycle status change: androidx.test.core.app.InstrumentationActivityInvoker$BootstrapActivity@921d109 in: PAUSED
08-24 14:43:28.703 24159 24159 V ActivityScenario: Activity lifecycle changed event received but ignored because the intent does not match. startActivityIntent=Intent { act=android.intent.action.MAIN cat=[android.intent.category.LAUNCHER] cmp=com.example.dogglers/.MainActivity }, activity.getIntent()=Intent { act=android.intent.action.MAIN cat=[android.intent.category.LAUNCHER] flg=0x10008000 cmp=com.example.dogglers/androidx.test.core.app.InstrumentationActivityInvoker$BootstrapActivity (has extras) }, activity=androidx.test.core.app.InstrumentationActivityInvoker$BootstrapActivity@921d109
08-24 14:43:28.707  4585  5789 V WindowOrientationListener: getProposedRotation: -1
08-24 14:43:28.712  4585  5789 D InputDispatcher: Focused application set to (0): 2f8e1d8
08-24 14:43:28.723  4585  4606 V WindowManager: Relayout hash=d095a7c, pid=4896: mAttrs={(0,0)(fillxfill) gr=TOP CENTER_VERTICAL sim={adjust=resize} layoutInDisplayCutoutMode=always ty=2040 fmt=TRANSLUCENT
08-24 14:43:28.723  4585  4606 V WindowManager:   fl=81840048
08-24 14:43:28.723  4585  4606 V WindowManager:   pfl=1b000000
08-24 14:43:28.723  4585  4606 V WindowManager:   bhv=SHOW_TRANSIENT_BARS_BY_SWIPE naviIconColor=0
08-24 14:43:28.723  4585  4606 V WindowManager:   sfl=40000}
08-24 14:43:28.724  4896  4896 I SurfaceControl: assignNativeObject: nativeObject = 0 Surface(name=null)/@0x79cdca4 / android.view.SurfaceControl.readFromParcel:1117 android.view.IWindowSession$Stub$Proxy.relayout:1810 android.view.ViewRootImpl.relayoutWindow:9005 android.view.ViewRootImpl.performTraversals:3360 android.view.ViewRootImpl.doTraversal:2618 android.view.ViewRootImpl$TraversalRunnable.run:9971 android.view.Choreographer$CallbackRecord.run:1010 android.view.Choreographer.doCallbacks:809 android.view.Choreographer.doFrame:744 android.view.Choreographer$FrameDisplayEventReceiver.run:995
08-24 14:43:28.726  4896  4896 I SurfaceControl: assignNativeObject: nativeObject = 0 Surface(name=null)/@0xd3c9bb / android.view.SurfaceControl.readFromParcel:1117 android.view.IWindowSession$Stub$Proxy.relayout:1820 android.view.ViewRootImpl.relayoutWindow:9005 android.view.ViewRootImpl.performTraversals:3360 android.view.ViewRootImpl.doTraversal:2618 android.view.ViewRootImpl$TraversalRunnable.run:9971 android.view.Choreographer$CallbackRecord.run:1010 android.view.Choreographer.doCallbacks:809 android.view.Choreographer.doFrame:744 android.view.Choreographer$FrameDisplayEventReceiver.run:995
08-24 14:43:28.728  4896  4896 I ViewRootImpl@b9c0f52[NotificationShade]: Relayout returned: old=(0,0,1080,2340) new=(0,0,1080,2340) req=(1080,2340)4 dur=32 res=0x1 s={false 0} ch=false fn=-1
08-24 14:43:28.735  4896  4896 D KeyguardBottomAreaShortcutView: updateCameraVisibility isCameraDisabled:false visible:true
08-24 14:43:28.736  4896  4896 D KeyguardBottomAreaShortcutView: mIndicationArea margin start : 158, end : 158, bottom : 145
08-24 14:43:28.737  4175 24209 I HYPER-HAL: [ResourceManager.cpp]removeResource(): [CPUMinFreq] RemoveResource Request ID : 10614550
08-24 14:43:28.738  4175 24209 I HYPER-HAL: [RequestManager.cpp]releaseLocked(): Released ID : 10614550
08-24 14:43:28.740 15874 15932 I Rubin   : [164608] LoggingEventHelper.notifyUpdatedWithValue(LoggingEventHelper.java:58) : Notify AppUsageLogger's database is updated.
08-24 14:43:28.747  4896  4896 D SecStatusBarMobileView: setStaticDrawableColor:
08-24 14:43:28.747  4896  4896 D SecStatusBarMobileView: setStaticDrawableColor:
08-24 14:43:28.749  4585  4613 V WindowManager: Relayout Window{fc3a6da u0 Splash Screen com.example.dogglers}: viewVisibility=0 req=1080x2340
08-24 14:43:28.751  4585  4613 I SurfaceControl: nativeRelease nativeObject s[535405121824]
08-24 14:43:28.751  4585  4613 I SurfaceControl: nativeRelease nativeObject e[535405121824]
08-24 14:43:28.753  4585  4613 V WindowManager: Relayout hash=fc3a6da, pid=4585: mAttrs={(0,0)(fillxfill) sim={adjust=pan} layoutInDisplayCutoutMode=shortEdges ty=APPLICATION_STARTING wanim=0x1030001
08-24 14:43:28.753  4585  4613 V WindowManager:   fl=1830118
08-24 14:43:28.753  4585  4613 V WindowManager:   pfl=12020011
08-24 14:43:28.753  4585  4613 V WindowManager:   apr=LIGHT_NAVIGATION_BARS
08-24 14:43:28.753  4585  4613 V WindowManager:   fitSides= naviIconColor=0
08-24 14:43:28.753  4585  4613 V WindowManager:   sfl=100000}
08-24 14:43:28.753  4585  4613 I SurfaceControl: nativeRelease nativeObject s[537817679648]
08-24 14:43:28.753  4585  4613 I SurfaceControl: nativeRelease nativeObject e[537817679648]
08-24 14:43:28.753  4585  4613 I SurfaceControl: nativeRelease nativeObject s[537817679168]
08-24 14:43:28.753  4585  4613 I SurfaceControl: nativeRelease nativeObject e[537817679168]
08-24 14:43:28.753  4585  4613 I ViewRootImpl@e5c9885[dogglers]: Relayout returned: old=(0,0,1080,2340) new=(0,0,1080,2340) req=(1080,2340)0 dur=45 res=0x1 s={true 535581126656} ch=false fn=2
08-24 14:43:28.755  4159 17194 D gralloc : [mali_gralloc_allocate] begin
08-24 14:43:28.755  4159 17194 D gralloc : buffer_descriptor: wh(1080 2340) usage_pc(0x966 0x906) hal_format(0x1) layer_count(1) sizes(0 0 0) strde(0) byte_stride(0) alloc_wh(0 0) internal_format(0x0) alloc_format(0x0) fd_count(1) plane_count(0)
08-24 14:43:28.760  4159 17194 D gralloc : [mali_gralloc_allocate] allocation successful
08-24 14:43:28.796  4585  4613 I ViewRootImpl@e5c9885[dogglers]: [DP] pdf(0) 1 android.view.ViewRootImpl.performDraw:4809 android.view.ViewRootImpl.performTraversals:3866 android.view.ViewRootImpl.doTraversal:2618
08-24 14:43:28.796  4585  4613 I ViewRootImpl@e5c9885[dogglers]: [DP] rdf()
08-24 14:43:28.818  4896  4896 D SecStatusBarMobileView: setStaticDrawableColor:
08-24 14:43:28.818  4896  4896 D SecStatusBarMobileView: setStaticDrawableColor:
08-24 14:43:28.827 24159 24159 D LifecycleMonitor: Lifecycle status change: com.example.dogglers.MainActivity@82b6f40 in: PRE_ON_CREATE
08-24 14:43:28.828 24159 24159 V ActivityScenario: Activity lifecycle changed event received but ignored because the reported transition was not ON_CREATE while the last known transition was PRE_ON_CREATE
08-24 14:43:28.840  4896  4896 D SecStatusBarMobileView: setStaticDrawableColor:
08-24 14:43:28.840  4896  4896 D SecStatusBarMobileView: setStaticDrawableColor:
08-24 14:43:28.843  4585  4613 I SurfaceControl: nativeRelease nativeObject s[537628422592]
08-24 14:43:28.843  4585  4613 I SurfaceControl: nativeRelease nativeObject e[537628422592]
08-24 14:43:28.862  4226  4248 I Layer   : id=88036 removeFromCurrentState Surface(name=Dim Layer for - DefaultTaskDisplayArea - animating-dim)/@0x149a7bf - animation-leash#0 (74)
08-24 14:43:28.864  4226  4248 I SurfaceFlinger: id=88036 Removed Surface(name=Dim Layer for - DefaultTaskDisplayArea - animating-dim)/@0x149a7bf - animation-leash#0 (74)
08-24 14:43:28.870  4896  4896 D SecStatusBarMobileView: setStaticDrawableColor:
08-24 14:43:28.870  4896  4896 D SecStatusBarMobileView: setStaticDrawableColor:
08-24 14:43:28.876  4226  4226 I Layer   : id=88036[1] Destroyed Surface(name=Dim Layer for - DefaultTaskDisplayArea - animating-dim)/@0x149a7bf - animation-leash#0
08-24 14:43:28.926  4585  4613 I SurfaceControl: nativeRelease nativeObject s[535567040736]
08-24 14:43:28.926  4585  4613 I SurfaceControl: nativeRelease nativeObject e[535567040736]
08-24 14:43:28.927  4585  4613 I SurfaceControl: nativeRelease nativeObject s[537628422496]
08-24 14:43:28.927  4585  4613 I SurfaceControl: nativeRelease nativeObject e[537628422496]
08-24 14:43:28.934 15874 15932 I Rubin   : [164608] ExercisingWithCmhMonitor.isSatisfiedByCmh(ExercisingWithCmhMonitor.java:119) : isSatisfiedByCmh is false
08-24 14:43:28.934  4226  4226 D SurfaceFlinger: Display 0 HWC layers:
08-24 14:43:28.934  4226  4226 D SurfaceFlinger:      DEVICE | 0x7851239880 | 0002 | RGBA_8888    |    0.0    0.0 1080.0 2340.0 |    0    0 1080 2340 | Splash Screen com.example.dogglers#0
08-24 14:43:28.934  4226  4226 D SurfaceFlinger:      DEVICE | 0x77ce814dc0 | 0000 | RGBA_8888    |    0.0    0.0 1080.0   83.0 |    0    0 1080   83 | StatusBar$_4896#0
08-24 14:43:28.934  4226  4226 D SurfaceFlinger:      DEVICE | 0x77ce8157c0 | 0000 | RGBA_8888    |    0.0    0.0   67.0  342.0 |    0  746   67 1088 | com.samsung.android.app.cocktailbars[...]arservice.CocktailBarService$_9865#0
08-24 14:43:28.934  4226  4226 D SurfaceFlinger:      DEVICE | 0x7851238200 | 0000 | RGBA_8888    |    0.0    0.0  388.0   39.0 |  692 2301 1080 2340 | SGestureOverlayWindow$_5408#0
08-24 14:43:28.934  4226  4226 D SurfaceFlinger:      DEVICE | 0x77ce816a80 | 0000 | RGBA_8888    |    0.0    0.0 1080.0  126.0 |    0 2214 1080 2340 | NavigationBar0$_4896#0
08-24 14:43:28.934  4226  4226 D SurfaceFlinger:      DEVICE | 0x77ce814b40 | 0000 | RGBA_8888    |    0.0    0.0 1080.0  151.0 |    0    0 1080  151 | ScreenDecorOverlay$_4896#0
08-24 14:43:28.934  4226  4226 D SurfaceFlinger:      DEVICE | 0x77ce817d40 | 0000 | RGBA_8888    |    0.0    0.0 1080.0  151.0 |    0 2189 1080 2340 | ScreenDecorOverlayBottom$_4896#0
08-24 14:43:28.934  4226  4226 D SurfaceFlinger:
08-24 14:43:28.954  4149  4541 D audio_hw_primary: device-adev_set_parameters: enter with key(audioHDR=0)
08-24 14:43:28.959 21625 21625 I SurfaceView: onWindowVisibilityChanged(8) false android.view.SurfaceView{c9edee9 V.E...... ........ 0,0-1080,607} of ViewRootImpl@b7edacd[WatchWhileActivity]
08-24 14:43:28.960 21625 21625 I SurfaceView: surfaceDestroyed callback.size 1 #2 android.view.SurfaceView{c9edee9 V.E...... ........ 0,0-1080,607}
08-24 14:43:28.964 21625 21625 I SurfaceView: remove() android.view.SurfaceView{c9edee9 V.E...... ........ 0,0-1080,607} Surface(name=SurfaceView - com.google.android.youtube/com.google.android.apps.youtube.app.watchwhile.WatchWhileActivity@c9edee9@0)/@0xd94361c
08-24 14:43:28.964 21625 21625 I SurfaceControl: nativeRelease nativeObject s[533413547008]
08-24 14:43:28.964 21625 21625 I SurfaceControl: nativeRelease nativeObject e[533413547008]
08-24 14:43:28.964 21625 21625 I SurfaceControl: nativeRelease nativeObject s[533413547104]
08-24 14:43:28.964 21625 21625 I SurfaceControl: nativeRelease nativeObject e[533413547104]
08-24 14:43:28.964  4226  4248 I Layer   : id=88024 removeFromCurrentState Background for -SurfaceView - com.google.android.youtube/com.google.android.apps.youtube.app.watchwhile.WatchWhileActivity@c9edee9@0#0 (73)
08-24 14:43:28.964  4226  4248 I Layer   : id=88023 removeFromCurrentState SurfaceView - com.google.android.youtube/com.google.android.apps.youtube.app.watchwhile.WatchWhileActivity@c9edee9@0#0 (73)
08-24 14:43:28.972  4226  4601 I SurfaceFlinger: id=88024 Removed Background for -SurfaceView - com.google.android.youtube/com.google.android.apps.youtube.app.watchwhile.WatchWhileActivity@c9edee9@0#0 (73)
08-24 14:43:28.972  4226  4601 I SurfaceFlinger: id=88023 Removed SurfaceView - com.google.android.youtube/com.google.android.apps.youtube.app.watchwhile.WatchWhileActivity@c9edee9@0#0 (73)
08-24 14:43:28.976  4226  4601 E BufferQueueProducer: [com.google.android.youtube/com.google.android.apps.youtube.app.watchwhile.WatchWhileActivity$_21625#0](id:108200004912,api:0,p:-1,c:4226) disconnect: not connected (req=1)
08-24 14:43:28.976 21625 21862 W libEGL  : EGLNativeWindowType 0x7c5be95010 disconnect failed
08-24 14:43:28.977  4226  4226 I Layer   : id=88023[1] Destroyed SurfaceView - com.google.android.youtube/com.google.android.apps.youtube.app.watchwhile.WatchWhileActivity@c9edee9@0#0
08-24 14:43:28.977  4226  4226 I Layer   : id=88024[1] Destroyed Background for -SurfaceView - com.google.android.youtube/com.google.android.apps.youtube.app.watchwhile.WatchWhileActivity@c9edee9@0#0
08-24 14:43:28.985  4226  4248 I Layer   : id=88034 removeFromCurrentState Surface(name=Task=1559)/@0xb313bde - animation-leash#0 (71)
08-24 14:43:28.985  4226  4248 I Layer   : id=88035 removeFromCurrentState Dim Layer for - DefaultTaskDisplayArea - animating-dim#0 (71)
08-24 14:43:28.987  4585  8022 V WindowManager: Relayout Window{911a194 u0 com.google.android.youtube/com.google.android.apps.youtube.app.watchwhile.WatchWhileActivity}: viewVisibility=8 req=1080x2340
08-24 14:43:28.987  4226  4248 I SurfaceFlinger: id=88034 Removed Surface(name=Task=1559)/@0xb313bde - animation-leash#0 (71)
08-24 14:43:28.987  4226  4248 I SurfaceFlinger: id=88035 Removed Dim Layer for - DefaultTaskDisplayArea - animating-dim#0 (71)
08-24 14:43:28.991  4585  8022 V WindowManager: Relayout hash=911a194, pid=21625: mAttrs={(0,0)(fillxfill) sim={adjust=resize} layoutInDisplayCutoutMode=shortEdges ty=BASE_APPLICATION fmt=TRANSLUCENT wanim=0x1030304 sysuil=true
08-24 14:43:28.991  4585  8022 V WindowManager:   fl=81810100
08-24 14:43:28.991  4585  8022 V WindowManager:   pfl=12020000
08-24 14:43:28.991  4585  8022 V WindowManager:   vsysui=3710
08-24 14:43:28.991  4585  8022 V WindowManager:   apr=LIGHT_STATUS_BARS LIGHT_NAVIGATION_BARS
08-24 14:43:28.991  4585  8022 V WindowManager:   bhv=SHOW_TRANSIENT_BARS_BY_SWIPE
08-24 14:43:28.991  4585  8022 V WindowManager:   fitSides= naviIconColor=0}
08-24 14:43:28.992  4585  4613 I SurfaceControl: nativeRelease nativeObject s[537628425280]
08-24 14:43:28.992  4585  4613 I SurfaceControl: nativeRelease nativeObject e[537628425280]
08-24 14:43:28.992 21625 21625 I SurfaceControl: nativeRelease nativeObject s[537830551712]
08-24 14:43:28.992 21625 21625 I SurfaceControl: nativeRelease nativeObject e[537830551712]
08-24 14:43:28.993  4226  4226 I Layer   : id=88035[1] Destroyed Dim Layer for - DefaultTaskDisplayArea - animating-dim#0
08-24 14:43:28.993 21625 21625 I SurfaceControl: assignNativeObject: nativeObject = 0 Surface(name=null)/@0x10ea726 / android.view.SurfaceControl.readFromParcel:1117 android.view.IWindowSession$Stub$Proxy.relayout:1810 android.view.ViewRootImpl.relayoutWindow:9005 android.view.ViewRootImpl.performTraversals:3360 android.view.ViewRootImpl.doTraversal:2618 android.view.ViewRootImpl$TraversalRunnable.run:9971 android.view.Choreographer$CallbackRecord.run:1010 android.view.Choreographer.doCallbacks:809 android.view.Choreographer.doFrame:744 android.view.Choreographer$FrameDisplayEventReceiver.run:995
08-24 14:43:28.993  4226  4226 I Layer   : id=88034[1] Destroyed Surface(name=Task=1559)/@0xb313bde - animation-leash#0
08-24 14:43:28.993 21625 21625 I SurfaceControl: assignNativeObject: nativeObject = 0 Surface(name=null)/@0x3a5f6d6 / android.view.SurfaceControl.readFromParcel:1117 android.view.IWindowSession$Stub$Proxy.relayout:1820 android.view.ViewRootImpl.relayoutWindow:9005 android.view.ViewRootImpl.performTraversals:3360 android.view.ViewRootImpl.doTraversal:2618 android.view.ViewRootImpl$TraversalRunnable.run:9971 android.view.Choreographer$CallbackRecord.run:1010 android.view.Choreographer.doCallbacks:809 android.view.Choreographer.doFrame:744 android.view.Choreographer$FrameDisplayEventReceiver.run:995
08-24 14:43:28.993 21625 21625 I SurfaceControl: nativeRelease nativeObject s[533413546912]
08-24 14:43:28.993 21625 21625 I SurfaceControl: nativeRelease nativeObject e[533413546912]
08-24 14:43:28.994  4226  4601 I SurfaceFlinger: id=88022 Removed Bounds for - com.google.android.youtube/com.google.android.apps.youtube.app.watchwhile.WatchWhileActivity@0#0 (69)
08-24 14:43:28.995 21625 21625 I SurfaceControl: nativeRelease nativeObject s[535043873696]
08-24 14:43:28.995 21625 21625 I SurfaceControl: nativeRelease nativeObject e[535043873696]
08-24 14:43:28.996  4226  4601 I Layer   : id=88037 removeFromCurrentState Surface(name=Task=1560)/@0x2726324 - animation-leash#0 (69)
08-24 14:43:28.998 21625 21625 I ViewRootImpl@b7edacd[WatchWhileActivity]: Relayout returned: old=(0,0,1080,2340) new=(0,0,1080,2340) req=(1080,2340)8 dur=16 res=0x5 s={false 0} ch=true fn=20374
08-24 14:43:28.999 21625 21625 I SurfaceView: windowStopped(true) false android.view.SurfaceView{c9edee9 V.E...... ........ 0,0-1080,607} of ViewRootImpl@b7edacd[WatchWhileActivity]
08-24 14:43:29.000  4226  4248 I SurfaceFlinger: id=88037 Removed Surface(name=Task=1560)/@0x2726324 - animation-leash#0 (69)
08-24 14:43:29.009  4226  4226 I Layer   : id=88037[1] Destroyed Surface(name=Task=1560)/@0x2726324 - animation-leash#0
08-24 14:43:29.075 24159 24159 I DecorView: [INFO] isPopOver=false, config=true
08-24 14:43:29.076 24159 24159 I DecorView: updateCaptionType >> DecorView@d5667de[], isFloating=false, isApplication=true, hasWindowDecorCaption=false, hasWindowControllerCallback=true
08-24 14:43:29.076 24159 24159 D DecorView: setCaptionType = 0, this = DecorView@d5667de[]
08-24 14:43:29.118 27924 24024 W NetworkScheduler: Error inserting flex_time=3220000 job_id=-1 period=6441000 source=16 requires_charging=0 preferred_network_type=1 target_class=com.google.android.gms.measurement.PackageMeasurementTaskService user_id=0 target_package=com.google.android.gms tag=Measurement.PackageMeasurementTaskService.UPLOAD_TASK_TAG task_type=0 required_idleness_state=0 service_kind=0 source_version=222615000 persistence_level=1 preferred_charging_state=1 required_network_type=0 runtime=1661334209084 retry_strategy={"maximum_backoff_seconds":{"3600":0},"initial_backoff_seconds":{"30":0},"retry_policy":{"0":0}} last_runtime=0 [CONTEXT service_id=218 ]
08-24 14:43:29.118 27924 24024 W NetworkScheduler: android.database.sqlite.SQLiteConstraintException: UNIQUE constraint failed: pending_ops.tag, pending_ops.target_class, pending_ops.target_package, pending_ops.user_id (code 2067 SQLITE_CONSTRAINT_UNIQUE[2067])
08-24 14:43:29.118 27924 24024 W NetworkScheduler: 	at android.database.sqlite.SQLiteConnection.nativeExecuteForLastInsertedRowId(Native Method)
08-24 14:43:29.118 27924 24024 W NetworkScheduler: 	at android.database.sqlite.SQLiteConnection.executeForLastInsertedRowId(SQLiteConnection.java:1217)
08-24 14:43:29.118 27924 24024 W NetworkScheduler: 	at android.database.sqlite.SQLiteSession.executeForLastInsertedRowId(SQLiteSession.java:790)
08-24 14:43:29.118 27924 24024 W NetworkScheduler: 	at android.database.sqlite.SQLiteStatement.executeInsert(SQLiteStatement.java:88)
08-24 14:43:29.118 27924 24024 W NetworkScheduler: 	at android.database.sqlite.SQLiteDatabase.insertWithOnConflict(SQLiteDatabase.java:2219)
08-24 14:43:29.118 27924 24024 W NetworkScheduler: 	at android.database.sqlite.SQLiteDatabase.insertOrThrow(SQLiteDatabase.java:2114)
08-24 14:43:29.118 27924 24024 W NetworkScheduler: 	at bexn.g(:com.google.android.gms@222615037@22.26.15 (150400-461192076):52)
08-24 14:43:29.118 27924 24024 W NetworkScheduler: 	at bewg.n(:com.google.android.gms@222615037@22.26.15 (150400-461192076):3)
08-24 14:43:29.118 27924 24024 W NetworkScheduler: 	at bewg.u(:com.google.android.gms@222615037@22.26.15 (150400-461192076):20)
08-24 14:43:29.118 27924 24024 W NetworkScheduler: 	at bewg.h(:com.google.android.gms@222615037@22.26.15 (150400-461192076):3)
08-24 14:43:29.118 27924 24024 W NetworkScheduler: 	at berx.run(:com.google.android.gms@222615037@22.26.15 (150400-461192076):9)
08-24 14:43:29.118 27924 24024 W NetworkScheduler: 	at xoc.c(:com.google.android.gms@222615037@22.26.15 (150400-461192076):6)
08-24 14:43:29.118 27924 24024 W NetworkScheduler: 	at xoc.run(:com.google.android.gms@222615037@22.26.15 (150400-461192076):7)
08-24 14:43:29.118 27924 24024 W NetworkScheduler: 	at java.util.concurrent.ThreadPoolExecutor.runWorker(ThreadPoolExecutor.java:1167)
08-24 14:43:29.118 27924 24024 W NetworkScheduler: 	at java.util.concurrent.ThreadPoolExecutor$Worker.run(ThreadPoolExecutor.java:641)
08-24 14:43:29.118 27924 24024 W NetworkScheduler: 	at xth.run(:com.google.android.gms@222615037@22.26.15 (150400-461192076):0)
08-24 14:43:29.118 27924 24024 W NetworkScheduler: 	at java.lang.Thread.run(Thread.java:923)
08-24 14:43:29.156  9865  9865 I Utils   : isCurrentUser current = 0, ownerId = 0
08-24 14:43:29.158  9865  9865 I TrayVisibilityController: getComputedTrayVisible : keyguardState = 1
08-24 14:43:29.158  9865  9865 I TrayVisibilityController: updateTrayVisible: State=1 visible=1 mCurrentVisible=1 specificMode=0
08-24 14:43:29.159  9865  9865 I TrayStateController: onNotifyUpdateTray: 0 to need to visible? true
08-24 14:43:29.168 24159 24159 W xample.doggler: Accessing hidden method Landroid/view/View;->computeFitSystemWindows(Landroid/graphics/Rect;Landroid/graphics/Rect;)Z (greylist, reflection, allowed)
08-24 14:43:29.170 24159 24159 W xample.doggler: Accessing hidden method Landroid/view/ViewGroup;->makeOptionalFitsSystemWindows()V (greylist, reflection, allowed)
08-24 14:43:29.174  4896  4908 I ndroid.systemu: NativeAlloc concurrent copying GC freed 296924(12MB) AllocSpace objects, 31(620KB) LOS objects, 49% free, 19MB/38MB, paused 315us total 500.375ms
08-24 14:43:29.188 24159 24159 D LifecycleMonitor: Lifecycle status change: com.example.dogglers.MainActivity@82b6f40 in: CREATED
08-24 14:43:29.189 24159 24159 V ActivityScenario: Update currentActivityStage to CREATED, currentActivity=com.example.dogglers.MainActivity@82b6f40
08-24 14:43:29.194 24159 24159 D LifecycleMonitor: Lifecycle status change: com.example.dogglers.MainActivity@82b6f40 in: STARTED
08-24 14:43:29.194 24159 24159 V ActivityScenario: Update currentActivityStage to STARTED, currentActivity=com.example.dogglers.MainActivity@82b6f40
08-24 14:43:29.198 24159 24159 D LifecycleMonitor: Lifecycle status change: com.example.dogglers.MainActivity@82b6f40 in: RESUMED
08-24 14:43:29.198 24159 24159 V ActivityScenario: Update currentActivityStage to RESUMED, currentActivity=com.example.dogglers.MainActivity@82b6f40
08-24 14:43:29.225  4585  4635 D FastTrack: setFastTrackState: pid = 24159 ;tid= 24214 ;value= 1
08-24 14:43:29.234  4585  8022 D InputTransport: Input channel constructed: 'e51d3e4', fd=675
08-24 14:43:29.234  4585  8022 D InputTransport: Input channel constructed: 'e51d3e4', fd=676
08-24 14:43:29.235  4226  4601 I SurfaceFlinger: id=88042 createSurf (0x0),-1 flag=80004, e51d3e4 com.example.dogglers/com.example.dogglers.MainActivity#0
08-24 14:43:29.235  4585  8022 D WindowManager: isScreenshotDisabledLocked - win: Window{e51d3e4 u0 com.example.dogglers/com.example.dogglers.MainActivity}
08-24 14:43:29.235  4585  8022 D WindowManager: isScreenshotDisabledLocked: userId = 0, disabled =false
08-24 14:43:29.236  4585  8022 D InputTransport: Input channel destroyed: 'e51d3e4', fd=676
08-24 14:43:29.237 24159 24159 D InputTransport: Input channel constructed: 'e51d3e4', fd=80
08-24 14:43:29.245 24159 24204 D EventInjectionStrategy: Creating injection strategy with input manager.
08-24 14:43:29.246 24159 24204 W xample.doggler: Accessing hidden method Landroid/hardware/input/InputManager;->getInstance()Landroid/hardware/input/InputManager; (greylist, reflection, allowed)
08-24 14:43:29.248 24159 24204 W xample.doggler: Accessing hidden method Landroid/hardware/input/InputManager;->injectInputEvent(Landroid/view/InputEvent;I)Z (greylist, reflection, allowed)
08-24 14:43:29.248 24159 24204 W xample.doggler: Accessing hidden field Landroid/hardware/input/InputManager;->INJECT_INPUT_EVENT_MODE_WAIT_FOR_FINISH:I (greylist, reflection, allowed)
08-24 14:43:29.250 24159 24159 I ViewRootImpl@43e4ca8[MainActivity]: setView = com.android.internal.policy.DecorView@d5667de TM=true
08-24 14:43:29.296 27924 15403 I FontLog : Received query Noto Color Emoji Compat, URI content://com.google.android.gms.fonts [CONTEXT service_id=132 ]
08-24 14:43:29.298 27924 15403 I FontLog : Query [emojicompat-emoji-font] resolved to {Noto Color Emoji Compat, wdth 100.0, wght 400, ital 0.0, bestEffort false} [CONTEXT service_id=132 ]
08-24 14:43:29.306  4585  7124 V WindowManager: Relayout Window{e51d3e4 u0 com.example.dogglers/com.example.dogglers.MainActivity}: viewVisibility=0 req=1080x2340
08-24 14:43:29.308  4585  7124 D WindowManager: isScreenshotDisabledLocked - win: Window{e51d3e4 u0 com.example.dogglers/com.example.dogglers.MainActivity}
08-24 14:43:29.309  4585  7124 D WindowManager: isScreenshotDisabledLocked: userId = 0, disabled =false
08-24 14:43:29.309  4226  4601 I SurfaceFlinger: id=88043 createSurf (1080x2340),1 flag=404, com.example.dogglers/com.example.dogglers.MainActivity$_24159#0
08-24 14:43:29.312 27924 15403 I FontLog : Fetch {Noto Color Emoji Compat, wdth 100.0, wght 400, ital 0.0, bestEffort false} end status Status{statusCode=SUCCESS, resolution=null} [CONTEXT service_id=132 ]
08-24 14:43:29.319  4585  7124 I SurfaceControl: nativeRelease nativeObject s[537628425568]
08-24 14:43:29.319  4585  7124 I SurfaceControl: nativeRelease nativeObject e[537628425568]
08-24 14:43:29.319  9865  9865 I TrayStateController: systemUiVisibilityChanged : 0 0
08-24 14:43:29.320  4226  4251 I SurfaceFlinger: id=88044 createSurf (0x0),-1 flag=24000, Surface(name=e455c2d StatusBar)/@0x2f65071 - animation-leash#1
08-24 14:43:29.320  4585  7124 I SurfaceControl: nativeRelease nativeObject s[537628425856]
08-24 14:43:29.320  4585  7124 I SurfaceControl: nativeRelease nativeObject e[537628425856]
08-24 14:43:29.321  4226  4251 I SurfaceFlinger: id=88045 createSurf (0x0),-1 flag=24000, Surface(name=a71bb8f NavigationBar0)/@0x8f38906 - animation-leash#1
08-24 14:43:29.323  4585  7124 V WindowManager: Relayout hash=e51d3e4, pid=24159: mAttrs={(0,0)(fillxfill) sim={adjust=pan forwardNavigation} ty=BASE_APPLICATION wanim=0x1030304
08-24 14:43:29.323  4585  7124 V WindowManager:   fl=81810100
08-24 14:43:29.323  4585  7124 V WindowManager:   pfl=12020000
08-24 14:43:29.323  4585  7124 V WindowManager:   apr=LIGHT_NAVIGATION_BARS
08-24 14:43:29.323  4585  7124 V WindowManager:   fitSides= naviIconColor=0
08-24 14:43:29.323  4585  7124 V WindowManager:   sfl=100000}
08-24 14:43:29.323  4585  7124 I SurfaceControl: nativeRelease nativeObject s[535556322560]
08-24 14:43:29.323  4585  7124 I SurfaceControl: nativeRelease nativeObject e[535556322560]
08-24 14:43:29.328 24159 24159 I SurfaceControl: assignNativeObject: nativeObject = 0 Surface(name=null)/@0x506acb5 / android.view.SurfaceControl.readFromParcel:1117 android.view.IWindowSession$Stub$Proxy.relayout:1820 android.view.ViewRootImpl.relayoutWindow:9005 android.view.ViewRootImpl.performTraversals:3360 android.view.ViewRootImpl.doTraversal:2618 android.view.ViewRootImpl$TraversalRunnable.run:9971 android.view.Choreographer$CallbackRecord.run:1010 android.view.Choreographer.doCallbacks:809 android.view.Choreographer.doFrame:744 android.view.Choreographer$FrameDisplayEventReceiver.run:995
08-24 14:43:29.331  4226  4248 I Layer   : id=88039 removeFromCurrentState Surface(name=e455c2d StatusBar)/@0x2f65071 - animation-leash#0 (72)
08-24 14:43:29.331  4226  4248 I Layer   : id=88040 removeFromCurrentState Surface(name=a71bb8f NavigationBar0)/@0x8f38906 - animation-leash#0 (72)
08-24 14:43:29.332 24159 24159 I ViewRootImpl@43e4ca8[MainActivity]: Relayout returned: old=(0,0,1080,2340) new=(0,0,1080,2340) req=(1080,2340)0 dur=22 res=0x7 s={true 537831387136} ch=true fn=-1
08-24 14:43:29.333  4585  4613 I SurfaceControl: nativeRelease nativeObject s[537628426144]
08-24 14:43:29.333  4585  4613 I SurfaceControl: nativeRelease nativeObject e[537628426144]
08-24 14:43:29.333  4585  4613 I SurfaceControl: nativeRelease nativeObject s[535405121824]
08-24 14:43:29.333  4585  4613 I SurfaceControl: nativeRelease nativeObject e[535405121824]
