08-24 14:43:54.857  4585  5390 I SemDvfsHyPerManager: acquire hyper - AMS_ACT_START/4585@16, type = -999
08-24 14:43:54.857 24159 24214 W libEGL  : EGLNativeWindowType 0x7cb79f3010 disconnect failed
08-24 14:43:54.857 24159 24159 I ViewRootImpl@f78ec56[VerticalListActivity]: dispatchDetachedFromWindow
08-24 14:43:54.857  4175  4211 I HYPER-HAL: [RequestManager.cpp]acquire(): Acquired ID : 10586917  [4585 / 16]    HINT : AMS_ACT_START    list :
08-24 14:43:54.858  4175  4211 I HYPER-HAL: [ResourceManager.cpp]updateResource(): [CPUMinFreq] UpdateResource Request ID : 10586917    Value : 2314000
08-24 14:43:54.858  4226  4601 I SurfaceFlinger: id=88755 createSurf (0x0),-1 flag=80004, ActivityRecord{eec707 u0 com.example.dogglers/androidx.test.core.app.InstrumentationActivityInvoker$EmptyActivity t1577}#0
08-24 14:43:54.867  4585  5087 D InputTransport: Input channel destroyed: '2edce57', fd=677
08-24 14:43:54.867  4585  5087 I SurfaceControl: nativeRelease nativeObject s[535567374400]
08-24 14:43:54.867  4585  5087 I SurfaceControl: nativeRelease nativeObject e[535567374400]
08-24 14:43:54.868  4585  5087 D WindowManager: isScreenshotDisabledLocked - win: Window{2edce57 u0 com.example.dogglers/com.example.dogglers.VerticalListActivity}
08-24 14:43:54.868  4585  5087 D WindowManager: isScreenshotDisabledLocked: userId = 0, disabled =false
08-24 14:43:54.868  4585  5087 I SurfaceControl: nativeRelease nativeObject s[535581062592]
08-24 14:43:54.868  4585  5087 I SurfaceControl: nativeRelease nativeObject e[535581062592]
08-24 14:43:54.869  4226  5357 I SurfaceFlinger: id=88756 createSurf (0x0),-1 flag=24004, Surface(name=a3a0629 InputMethod)/@0x54f474f - animation-leash#1
08-24 14:43:54.870  4585  5087 I SurfaceControl: nativeRelease nativeObject s[535567374304]
08-24 14:43:54.870  4585  5087 I SurfaceControl: nativeRelease nativeObject e[535567374304]
08-24 14:43:54.870  4226  5357 I Layer   : id=88745 removeFromCurrentState com.example.dogglers/com.example.dogglers.VerticalListActivity$_24159#0 (78)
08-24 14:43:54.870  4226  5357 I SurfaceFlinger: id=88745 Removed com.example.dogglers/com.example.dogglers.VerticalListActivity$_24159#0 (78)
08-24 14:43:54.872  4226  5357 I Layer   : id=88744 removeFromCurrentState 2edce57 com.example.dogglers/com.example.dogglers.VerticalListActivity#0 (78)
08-24 14:43:54.873  4226  5357 I Layer   : id=88749 removeFromCurrentState Surface(name=a3a0629 InputMethod)/@0x54f474f - animation-leash#0 (78)
08-24 14:43:54.873  4226  5357 I SurfaceFlinger: id=88744 Removed 2edce57 com.example.dogglers/com.example.dogglers.VerticalListActivity#0 (78)
08-24 14:43:54.874 24159 24159 D InputTransport: Input channel destroyed: '2edce57', fd=80
08-24 14:43:54.876  4585  5087 I SurfaceControl: nativeRelease nativeObject s[537628417312]
08-24 14:43:54.876  4585  5087 I SurfaceControl: nativeRelease nativeObject e[537628417312]
08-24 14:43:54.879  4226  4226 I Layer   : id=88744[1] Destroyed 2edce57 com.example.dogglers/com.example.dogglers.VerticalListActivity#0
08-24 14:43:54.880  4226  4226 I Layer   : id=88745[1] Destroyed com.example.dogglers/com.example.dogglers.VerticalListActivity$_24159#0
08-24 14:43:54.881 24159 24159 D LifecycleMonitor: Lifecycle status change: androidx.test.core.app.InstrumentationActivityInvoker$EmptyActivity@5a660fe in: PAUSED
08-24 14:43:54.881  4226  5357 I Layer   : id=88743 removeFromCurrentState ActivityRecord{1d0738b u0 com.example.dogglers/.VerticalListActivity t1577}#0 (76)
08-24 14:43:54.882 24159 24159 V ActivityScenario: Activity lifecycle changed event received but ignored because the intent does not match. startActivityIntent=Intent { act=android.intent.action.MAIN cat=[android.intent.category.LAUNCHER] cmp=com.example.dogglers/.VerticalListActivity }, activity.getIntent()=Intent { act=android.intent.action.MAIN cat=[android.intent.category.LAUNCHER] flg=0x10000000 cmp=com.example.dogglers/androidx.test.core.app.InstrumentationActivityInvoker$EmptyActivity }, activity=androidx.test.core.app.InstrumentationActivityInvoker$EmptyActivity@5a660fe
08-24 14:43:54.882  4226  5357 I SurfaceFlinger: id=88743 Removed ActivityRecord{1d0738b u0 com.example.dogglers/.VerticalListActivity t1577}#0 (76)
08-24 14:43:54.885  4585  4606 V WindowOrientationListener: getProposedRotation: -1
08-24 14:43:54.885  4585  4606 V WindowOrientationListener: getProposedRotation: -1
08-24 14:43:54.886  4585  4606 V WindowOrientationListener: getProposedRotation: -1
08-24 14:43:54.888  4585  4606 D InputDispatcher: Focused application set to (0): eec707
08-24 14:43:54.894 24159 24159 I ViewRootImpl@b55237b[InstrumentationActivityInvoker$EmptyActivity]: MSG_WINDOW_FOCUS_CHANGED 1 1
08-24 14:43:54.894 24159 24159 D InputMethodManager: prepareNavigationBarInfo() DecorView@82eaaac[InstrumentationActivityInvoker$EmptyActivity]
08-24 14:43:54.894 24159 24159 D InputMethodManager: getNavigationBarColor() -855310
08-24 14:43:54.894 24159 24159 D InputMethodManager: prepareNavigationBarInfo() DecorView@82eaaac[InstrumentationActivityInvoker$EmptyActivity]
08-24 14:43:54.895 24159 24159 D InputMethodManager: getNavigationBarColor() -855310
08-24 14:43:54.895 24159 24159 V InputMethodManager: Starting input: tba=com.example.dogglers ic=null mNaviBarColor -855310 mIsGetNaviBarColorSuccess true , NavVisible : true , NavTrans : false
08-24 14:43:54.895 24159 24159 D InputMethodManager: startInputInner - Id : 0
08-24 14:43:54.895 24159 24159 I InputMethodManager: startInputInner - mService.startInputOrWindowGainedFocus
08-24 14:43:54.895  4585  4606 D InputMethodManagerService: mSecureKeypadEnabled = false
08-24 14:43:54.896  4585  4606 V InputMethodManagerService: hideCurrentInputLocked : shouldHideSoftInput is false
08-24 14:43:54.896  4585  4606 D InputMethodManagerService: mDesktopModeManager null!
08-24 14:43:54.896  4585  4606 V InputMethodManagerService: getDisplayIdOfInputMethodWindowToBeAdded : 0
08-24 14:43:54.896  4226  4226 I Layer   : id=88743[1] Destroyed ActivityRecord{1d0738b u0 com.example.dogglers/.VerticalListActivity t1577}#0
08-24 14:43:54.896  4585  4606 D InputMethodManagerService: checkDisplayOfStartInputAndUpdateKeyboard display Id 0last 0
08-24 14:43:54.896  4585  4606 D InputTransport: Input channel constructed: 'ClientS', fd=661
08-24 14:43:54.896  4585  4606 D InputTransport: Input channel destroyed: 'ClientS', fd=661
08-24 14:43:54.897 24159 24159 D InputTransport: Input channel constructed: 'ClientS', fd=80
08-24 14:43:54.897 24159 24159 D InputTransport: Input channel destroyed: 'ClientS', fd=89
08-24 14:43:54.897  4585  4606 I SurfaceControl: nativeRelease nativeObject s[535556339360]
08-24 14:43:54.897  4585  4606 I SurfaceControl: nativeRelease nativeObject e[535556339360]
08-24 14:43:54.898  4226  5357 I SurfaceFlinger: id=88757 createSurf (0x0),-1 flag=24004, Surface(name=a3a0629 InputMethod)/@0x54f474f - animation-leash#0
08-24 14:43:54.899  7388  7388 I HBD     : HoneyBoardService onFinishInput
08-24 14:43:54.900 24159 24159 D LifecycleMonitor: Lifecycle status change: androidx.test.core.app.InstrumentationActivityInvoker$BootstrapActivity@5ea7c1b in: DESTROYED
08-24 14:43:54.900 24159 24159 V ActivityScenario: Activity lifecycle changed event received but ignored because the intent does not match. startActivityIntent=Intent { act=android.intent.action.MAIN cat=[android.intent.category.LAUNCHER] cmp=com.example.dogglers/.VerticalListActivity }, activity.getIntent()=Intent { act=android.intent.action.MAIN cat=[android.intent.category.LAUNCHER] flg=0x10008000 cmp=com.example.dogglers/androidx.test.core.app.InstrumentationActivityInvoker$BootstrapActivity (has extras) }, activity=androidx.test.core.app.InstrumentationActivityInvoker$BootstrapActivity@5ea7c1b
08-24 14:43:54.901  7388  7388 I HBD     : a IC have been unbinded,  InputConnectionWrapper{idHash=#295ab85 mMissingMethods=}
08-24 14:43:54.902  7388  7388 I HBD     : HoneyBoardService [PF_CL][onFinishInput]  2314039 ns
08-24 14:43:54.903  4585  4606 I SurfaceControl: nativeRelease nativeObject s[537628414144]
08-24 14:43:54.903  4585  4606 I SurfaceControl: nativeRelease nativeObject e[537628414144]
08-24 14:43:54.904  7388  7388 I HBD     : HoneyBoardService [IMI] onStartInput - caller pid : 24159 , caller uid : 10574
08-24 14:43:54.905  7388  7388 I HBD     : i updateConfigs
08-24 14:43:54.905  7388  7388 I HBD     : i isEnabledNightMode : false
08-24 14:43:54.905  7388  7388 I HBD     : a IC have been binded, InputConnectionWrapper{idHash=#295ab85 mMissingMethods=}
08-24 14:43:54.905  7388  7388 I HBD     : h [EditorInputType]setPrivateImeOptionsToTable privateImeOptions ( null )
08-24 14:43:54.905  7388  7388 I HBD     : b incognitoMode : false
08-24 14:43:54.905  7388  7388 I HBD     : a needOff = true , isForceOff = false, isNullInputClass : true
08-24 14:43:54.905  7388  7388 I HBD     : h getDefaultInputRange : UNKNOWN
08-24 14:43:54.905  7388  7388 I HBD     : h getDefaultInputRange : UNKNOWN
08-24 14:43:54.906  7388  7388 I HBD     : h getDefaultInputRange : UNKNOWN
08-24 14:43:54.906  4226  5357 I Layer   : id=88756 removeFromCurrentState Surface(name=a3a0629 InputMethod)/@0x54f474f - animation-leash#1 (76)
08-24 14:43:54.906  4226  5357 I Layer   : id=88733 removeFromCurrentState ActivityRecord{42df78e u0 com.example.dogglers/androidx.test.core.app.InstrumentationActivityInvoker$BootstrapActivity t1577}#0 (76)
08-24 14:43:54.906  4585  4606 D SdpManagerService: Not an enterprise user : 0
08-24 14:43:54.906  4585  4606 D SdpManagerService: Not an enterprise user : 0
08-24 14:43:54.906  4226  5357 I SurfaceFlinger: id=88733 Removed ActivityRecord{42df78e u0 com.example.dogglers/androidx.test.core.app.InstrumentationActivityInvoker$BootstrapActivity t1577}#0 (76)
08-24 14:43:54.907  7388  7388 I HBD     : h getDefaultInputRange : UNKNOWN
08-24 14:43:54.907  7388  7388 I HBD     : a currentState : 0
08-24 14:43:54.908 24159 24159 D LifecycleMonitor: Lifecycle status change: androidx.test.core.app.InstrumentationActivityInvoker$EmptyActivity@34ef562 in: PRE_ON_CREATE
08-24 14:43:54.908 24159 24159 V ActivityScenario: Activity lifecycle changed event received but ignored because the intent does not match. startActivityIntent=Intent { act=android.intent.action.MAIN cat=[android.intent.category.LAUNCHER] cmp=com.example.dogglers/.VerticalListActivity }, activity.getIntent()=Intent { act=android.intent.action.MAIN cat=[android.intent.category.LAUNCHER] flg=0x10000000 cmp=com.example.dogglers/androidx.test.core.app.InstrumentationActivityInvoker$EmptyActivity }, activity=androidx.test.core.app.InstrumentationActivityInvoker$EmptyActivity@34ef562
08-24 14:43:54.909  7388  7388 I HBD     : h load selected json info : {"version":"1.0","currentLanguageOrder":0,"selected":[{"activeOptionList":["auto_replace","auto_spacing"],"engName":"Russian","id":3342336,"inputType":"qwerty","isUsed":true},{"activeOptionList":["auto_replace","auto_spacing"],"engName":"English","id":65537,"inputType":"qwerty","isUsed":true}]}
08-24 14:43:54.910  7388  7388 I HBD     : a [UpdatePolicy] [post] a: 0 cl: 3342336 kit: [0/0] vt: 0 ir: 1
08-24 14:43:54.911  7388  7388 I HBD     : HoneyBoardService [PF_OP][onStartInput]  6242962 ns
08-24 14:43:54.913  4226  4226 I Layer   : id=88733[1] Destroyed ActivityRecord{42df78e u0 com.example.dogglers/androidx.test.core.app.InstrumentationActivityInvoker$BootstrapActivity t1577}#0
08-24 14:43:54.914  4585  5390 I InputDispatcher: Focus left window (24159): e850b3  in display 0 0
08-24 14:43:54.916 24159 24159 I DecorView: [INFO] isPopOver=false, config=true
08-24 14:43:54.916 24159 24159 I DecorView: updateCaptionType >> DecorView@adfafb0[], isFloating=false, isApplication=true, hasWindowDecorCaption=false, hasWindowControllerCallback=true
08-24 14:43:54.916 24159 24159 D DecorView: setCaptionType = 0, this = DecorView@adfafb0[]
08-24 14:43:54.921 24159 24159 D LifecycleMonitor: Lifecycle status change: androidx.test.core.app.InstrumentationActivityInvoker$EmptyActivity@34ef562 in: CREATED
08-24 14:43:54.922 24159 24159 V ActivityScenario: Activity lifecycle changed event received but ignored because the intent does not match. startActivityIntent=Intent { act=android.intent.action.MAIN cat=[android.intent.category.LAUNCHER] cmp=com.example.dogglers/.VerticalListActivity }, activity.getIntent()=Intent { act=android.intent.action.MAIN cat=[android.intent.category.LAUNCHER] flg=0x10000000 cmp=com.example.dogglers/androidx.test.core.app.InstrumentationActivityInvoker$EmptyActivity }, activity=androidx.test.core.app.InstrumentationActivityInvoker$EmptyActivity@34ef562
08-24 14:43:54.924 24159 24159 D LifecycleMonitor: Lifecycle status change: androidx.test.core.app.InstrumentationActivityInvoker$EmptyActivity@34ef562 in: STARTED
08-24 14:43:54.924 24159 24159 V ActivityScenario: Activity lifecycle changed event received but ignored because the intent does not match. startActivityIntent=Intent { act=android.intent.action.MAIN cat=[android.intent.category.LAUNCHER] cmp=com.example.dogglers/.VerticalListActivity }, activity.getIntent()=Intent { act=android.intent.action.MAIN cat=[android.intent.category.LAUNCHER] flg=0x10000000 cmp=com.example.dogglers/androidx.test.core.app.InstrumentationActivityInvoker$EmptyActivity }, activity=androidx.test.core.app.InstrumentationActivityInvoker$EmptyActivity@34ef562
08-24 14:43:54.943 24159 24159 D LifecycleMonitor: Lifecycle status change: androidx.test.core.app.InstrumentationActivityInvoker$EmptyActivity@34ef562 in: RESUMED
08-24 14:43:54.944 24159 24159 V ActivityScenario: Activity lifecycle changed event received but ignored because the intent does not match. startActivityIntent=Intent { act=android.intent.action.MAIN cat=[android.intent.category.LAUNCHER] cmp=com.example.dogglers/.VerticalListActivity }, activity.getIntent()=Intent { act=android.intent.action.MAIN cat=[android.intent.category.LAUNCHER] flg=0x10000000 cmp=com.example.dogglers/androidx.test.core.app.InstrumentationActivityInvoker$EmptyActivity }, activity=androidx.test.core.app.InstrumentationActivityInvoker$EmptyActivity@34ef562
08-24 14:43:54.948  4585  5390 D InputTransport: Input channel constructed: 'b42493 ', fd=680
08-24 14:43:54.948  4585  5390 D InputTransport: Input channel constructed: 'b42493 ', fd=685
08-24 14:43:54.949  4226  5359 I SurfaceFlinger: id=88758 createSurf (0x0),-1 flag=80004, b42493 com.example.dogglers/androidx.test.core.app.InstrumentationActivityInvoker$EmptyActivity#0
08-24 14:43:54.949  4585  5390 D WindowManager: isScreenshotDisabledLocked - win: Window{b42493 u0 com.example.dogglers/androidx.test.core.app.InstrumentationActivityInvoker$EmptyActivity}
08-24 14:43:54.950  4585  5390 D WindowManager: isScreenshotDisabledLocked: userId = 0, disabled =false
08-24 14:43:54.950  4585  5390 D InputTransport: Input channel destroyed: 'b42493 ', fd=685
08-24 14:43:54.951 24159 24159 D InputTransport: Input channel constructed: 'b42493 ', fd=89
08-24 14:43:54.952 24159 24159 I ViewRootImpl@5209f4f[InstrumentationActivityInvoker$EmptyActivity]: setView = com.android.internal.policy.DecorView@adfafb0 TM=true
08-24 14:43:54.954  4585  5390 D SamsungIMMSHWKeyboard: isConnectedDexOnPC false
08-24 14:43:54.954 24159 24159 I SurfaceControl: nativeRelease nativeObject s[537816934848]
08-24 14:43:54.954 24159 24159 I SurfaceControl: nativeRelease nativeObject e[537816934848]
08-24 14:43:54.954  4585  5390 D InputMethodManagerService: isImeSwitcherDisabledPackage : false
08-24 14:43:54.954 24159 24159 I SurfaceControl: nativeRelease nativeObject s[537816934560]
08-24 14:43:54.954 24159 24159 I SurfaceControl: nativeRelease nativeObject e[537816934560]
08-24 14:43:54.966  4585  5390 V WindowManager: Relayout Window{b42493 u0 com.example.dogglers/androidx.test.core.app.InstrumentationActivityInvoker$EmptyActivity}: viewVisibility=0 req=1080x2340
08-24 14:43:54.968  4585  5390 D WindowManager: isScreenshotDisabledLocked - win: Window{b42493 u0 com.example.dogglers/androidx.test.core.app.InstrumentationActivityInvoker$EmptyActivity}
08-24 14:43:54.968  4585  5390 D WindowManager: isScreenshotDisabledLocked: userId = 0, disabled =false
08-24 14:43:54.969  4226  4601 I SurfaceFlinger: id=88759 createSurf (1080x2340),1 flag=404, com.example.dogglers/androidx.test.core.app.InstrumentationActivityInvoker$EmptyActivity$_24159#1
08-24 14:43:54.971  4585  5390 I SurfaceControl: nativeRelease nativeObject s[537628421920]
08-24 14:43:54.971  4585  5390 I SurfaceControl: nativeRelease nativeObject e[537628421920]
08-24 14:43:54.971  9865  9865 I TrayStateController: systemUiVisibilityChanged : 0 0
08-24 14:43:54.971  4226  4601 I SurfaceFlinger: id=88760 createSurf (0x0),-1 flag=24000, Surface(name=e455c2d StatusBar)/@0x2f65071 - animation-leash#0
08-24 14:43:54.972  4585  5390 I SurfaceControl: nativeRelease nativeObject s[535565840000]
08-24 14:43:54.972  4585  5390 I SurfaceControl: nativeRelease nativeObject e[535565840000]
08-24 14:43:54.972  4226  4601 I SurfaceFlinger: id=88761 createSurf (0x0),-1 flag=24000, Surface(name=a71bb8f NavigationBar0)/@0x8f38906 - animation-leash#0
08-24 14:43:54.974  4585  5390 V WindowManager: Relayout hash=b42493, pid=24159: mAttrs={(0,0)(fillxfill) sim={adjust=pan forwardNavigation} ty=BASE_APPLICATION wanim=0x1030001
08-24 14:43:54.974  4585  5390 V WindowManager:   fl=1810100
08-24 14:43:54.974  4585  5390 V WindowManager:   pfl=12020000
08-24 14:43:54.974  4585  5390 V WindowManager:   apr=LIGHT_NAVIGATION_BARS
08-24 14:43:54.974  4585  5390 V WindowManager:   fitSides= naviIconColor=0
08-24 14:43:54.974  4585  5390 V WindowManager:   sfl=100000}
08-24 14:43:54.974  4585  5390 I SurfaceControl: nativeRelease nativeObject s[535556863680]
08-24 14:43:54.974  4585  5390 I SurfaceControl: nativeRelease nativeObject e[535556863680]
08-24 14:43:54.975 24159 24159 I SurfaceControl: assignNativeObject: nativeObject = 0 Surface(name=null)/@0x58816dc / android.view.SurfaceControl.readFromParcel:1117 android.view.IWindowSession$Stub$Proxy.relayout:1820 android.view.ViewRootImpl.relayoutWindow:9005 android.view.ViewRootImpl.performTraversals:3360 android.view.ViewRootImpl.doTraversal:2618 android.view.ViewRootImpl$TraversalRunnable.run:9971 android.view.Choreographer$CallbackRecord.run:1010 android.view.Choreographer.doCallbacks:809 android.view.Choreographer.doFrame:744 android.view.Choreographer$FrameDisplayEventReceiver.run:995
08-24 14:43:54.976 24159 24159 I ViewRootImpl@5209f4f[InstrumentationActivityInvoker$EmptyActivity]: Relayout returned: old=(0,0,1080,2340) new=(0,0,1080,2340) req=(1080,2340)0 dur=10 res=0x7 s={true 537790054400} ch=true fn=-1
08-24 14:43:54.979 24159 24159 I ViewRootImpl@5209f4f[InstrumentationActivityInvoker$EmptyActivity]: [DP] dp(1) 1 android.view.ViewRootImpl.reportNextDraw:10957 android.view.ViewRootImpl.performTraversals:3845 android.view.ViewRootImpl.doTraversal:2618
08-24 14:43:54.979  4159 16850 D gralloc : [mali_gralloc_allocate] begin
08-24 14:43:54.979  4159 16850 D gralloc : buffer_descriptor: wh(1080 2340) usage_pc(0x40000000000b00 0x40000000000b00) hal_format(0x1) layer_count(1) sizes(0 0 0) strde(0) byte_stride(0) alloc_wh(0 0) internal_format(0x0) alloc_format(0x0) fd_count(1) plane_count(0)
08-24 14:43:54.979 24159 24159 I ViewRootImpl@5209f4f[InstrumentationActivityInvoker$EmptyActivity]: [DP] pd() Asnyc report
08-24 14:43:54.981  4226  4601 I Layer   : id=88753 removeFromCurrentState Surface(name=e455c2d StatusBar)/@0x2f65071 - animation-leash#1 (79)
08-24 14:43:54.981  4226  4601 I Layer   : id=88754 removeFromCurrentState Surface(name=a71bb8f NavigationBar0)/@0x8f38906 - animation-leash#1 (79)
08-24 14:43:54.981  4159 16850 D gralloc : [mali_gralloc_allocate] allocation successful
08-24 14:43:54.983  4159 16850 D gralloc : [mali_gralloc_allocate] begin
08-24 14:43:54.983  4159 16850 D gralloc : buffer_descriptor: wh(1080 2340) usage_pc(0x40000000000b00 0x40000000000b00) hal_format(0x1) layer_count(1) sizes(0 0 0) strde(0) byte_stride(0) alloc_wh(0 0) internal_format(0x0) alloc_format(0x0) fd_count(1) plane_count(0)
08-24 14:43:54.986  4159 16850 D gralloc : [mali_gralloc_allocate] allocation successful
08-24 14:43:54.987 24159 24159 I ViewRootImpl@5209f4f[InstrumentationActivityInvoker$EmptyActivity]: [DP] pdf(0) 1 android.view.ViewRootImpl.lambda$performDraw$1$ViewRootImpl:4668 android.view.-$$Lambda$ViewRootImpl$DJd0VUYJgsebcnSohO6h8zc_ONI.run:6 android.os.Handler.handleCallback:938
08-24 14:43:54.987 24159 24159 I ViewRootImpl@5209f4f[InstrumentationActivityInvoker$EmptyActivity]: [DP] rdf()
08-24 14:43:54.987  4159 16850 D gralloc : [mali_gralloc_allocate] begin
08-24 14:43:54.987  4159 16850 D gralloc : buffer_descriptor: wh(1080 2340) usage_pc(0x40000000000b00 0x40000000000b00) hal_format(0x1) layer_count(1) sizes(0 0 0) strde(0) byte_stride(0) alloc_wh(0 0) internal_format(0x0) alloc_format(0x0) fd_count(1) plane_count(0)
08-24 14:43:54.988 24159 24159 I ViewRootImpl@b55237b[InstrumentationActivityInvoker$EmptyActivity]: MSG_WINDOW_FOCUS_CHANGED 0 1
08-24 14:43:54.989  4159 16850 D gralloc : [mali_gralloc_allocate] allocation successful
08-24 14:43:54.990  4585  4613 D PkgPredictorService: pkg:com.example.dogglers activity:androidx.test.core.app.InstrumentationActivityInvoker$EmptyActivity thisTime:140
08-24 14:43:54.992  4585  4613 I SemDvfsHyPerManager: acquire hyper - AMS_RESUME_TAIL/4585@18, type = -999
08-24 14:43:54.992  4585  4617 I ActivityTaskManager: Displayed com.example.dogglers/androidx.test.core.app.InstrumentationActivityInvoker$EmptyActivity: +140ms
08-24 14:43:54.992  4175  4211 I HYPER-HAL: [RequestManager.cpp]acquire(): Acquired ID : 10596124  [4585 / 18]    HINT : AMS_RESUME_TAIL    list :
08-24 14:43:54.992  4585  4613 I SemDvfsHyPerManager: acquire hyper - AMS_ACT_LAZY/4585@19, type = -999
08-24 14:43:54.992  4175  4211 I HYPER-HAL: [ResourceManager.cpp]updateResource(): [CPUMinFreq] UpdateResource Request ID : 10596124    Value : 1768000
08-24 14:43:54.992  4175  4211 I HYPER-HAL: [RequestManager.cpp]acquire(): Acquired ID : 10600729  [4585 / 19]    HINT :      list :
08-24 14:43:54.993  4175  4211 E HYPER-HAL: [Request.cpp]acquire(): Request:: id : 10600729, No Resource to set
08-24 14:43:54.993  4175  4211 I HYPER-HAL: [ResourceManager.cpp]removeResource(): [CPUMinFreq] RemoveResource Request ID : 10586917
08-24 14:43:54.993  4175  4211 I HYPER-HAL: [RequestManager.cpp]releaseLocked(): Released ID : 10586917
08-24 14:43:54.995 24159 24159 I SurfaceControl: nativeRelease nativeObject s[536151024128]
08-24 14:43:54.995 24159 24159 I SurfaceControl: nativeRelease nativeObject e[536151024128]
08-24 14:43:54.995 24159 24159 I SurfaceControl: nativeRelease nativeObject s[536151024032]
08-24 14:43:54.995 24159 24159 I SurfaceControl: nativeRelease nativeObject e[536151024032]
08-24 14:43:54.996 24159 24159 I SurfaceControl: nativeRelease nativeObject s[537816936768]
08-24 14:43:54.996 24159 24159 I SurfaceControl: nativeRelease nativeObject e[537816936768]
08-24 14:43:54.997  4226  5357 I SurfaceFlinger: id=88754 Removed Surface(name=a71bb8f NavigationBar0)/@0x8f38906 - animation-leash#1 (79)
08-24 14:43:54.997  4226  5357 I SurfaceFlinger: id=88753 Removed Surface(name=e455c2d StatusBar)/@0x2f65071 - animation-leash#1 (79)
08-24 14:43:54.998  4585  7096 I InputDispatcher: Focus entered window (24159): b42493  in display 0 0
08-24 14:43:55.004  4226  4226 D SurfaceFlinger: Display 0 HWC layers:
08-24 14:43:55.004  4226  4226 D SurfaceFlinger:      DEVICE | 0x77ce818240 | 0002 | RGBA_8888    |    0.0    0.0 1080.0 2340.0 |    0    0 1080 2340 | com.example.dogglers/androidx.test.c[...]tivityInvoker$EmptyActivity$_24159#1
08-24 14:43:55.004  4226  4226 D SurfaceFlinger:      DEVICE | 0x77ce814dc0 | 0000 | RGBA_8888    |    0.0    0.0 1080.0   83.0 |    0    0 1080   83 | StatusBar$_4896#0
08-24 14:43:55.004  4226  4226 D SurfaceFlinger:      DEVICE | 0x77ce8157c0 | 0000 | RGBA_8888    |    0.0    0.0   67.0  342.0 |    0  746   67 1088 | com.samsung.android.app.cocktailbars[...]arservice.CocktailBarService$_9865#0
08-24 14:43:55.004  4226  4226 D SurfaceFlinger:      DEVICE | 0x7851238200 | 0000 | RGBA_8888    |    0.0    0.0  388.0   39.0 |  692 2301 1080 2340 | SGestureOverlayWindow$_5408#0
08-24 14:43:55.004  4226  4226 D SurfaceFlinger:      DEVICE | 0x77ce816a80 | 0000 | RGBA_8888    |    0.0    0.0 1080.0  126.0 |    0 2214 1080 2340 | NavigationBar0$_4896#0
08-24 14:43:55.004  4226  4226 D SurfaceFlinger:      DEVICE | 0x77ce814b40 | 0000 | RGBA_8888    |    0.0    0.0 1080.0  151.0 |    0    0 1080  151 | ScreenDecorOverlay$_4896#0
08-24 14:43:55.004  4226  4226 D SurfaceFlinger:      DEVICE | 0x77ce817d40 | 0000 | RGBA_8888    |    0.0    0.0 1080.0  151.0 |    0 2189 1080 2340 | ScreenDecorOverlayBottom$_
08-24 14:43:55.004  4226  4226 D SurfaceFlinger: 4896#0
08-24 14:43:55.004  4226  4226 D SurfaceFlinger:
08-24 14:43:55.013  4226  4226 I Layer   : id=88753[1] Destroyed Surface(name=e455c2d StatusBar)/@0x2f65071 - animation-leash#1
08-24 14:43:55.013  4226  4226 I Layer   : id=88754[1] Destroyed Surface(name=a71bb8f NavigationBar0)/@0x8f38906 - animation-leash#1
08-24 14:43:55.015  4226  5357 E BufferQueueProducer: [com.example.dogglers/androidx.test.core.app.InstrumentationActivityInvoker$EmptyActivity$_24159#0](id:108200004982,api:0,p:-1,c:4226) disconnect: not connected (req=1)
08-24 14:43:55.015 24159 24214 W libEGL  : EGLNativeWindowType 0x7d36c8e010 disconnect failed
08-24 14:43:55.017  4585  4606 V WindowManager: Relayout Window{e850b3 u0 com.example.dogglers/androidx.test.core.app.InstrumentationActivityInvoker$EmptyActivity}: viewVisibility=8 req=1080x2340
08-24 14:43:55.022  4585  4606 V WindowManager: Relayout hash=e850b3, pid=24159: mAttrs={(0,0)(fillxfill) sim={adjust=pan forwardNavigation} ty=BASE_APPLICATION wanim=0x1030001
08-24 14:43:55.022  4585  4606 V WindowManager:   fl=1810100
08-24 14:43:55.022  4585  4606 V WindowManager:   pfl=12020000
08-24 14:43:55.022  4585  4606 V WindowManager:   apr=LIGHT_NAVIGATION_BARS
08-24 14:43:55.022  4585  4606 V WindowManager:   fitSides= naviIconColor=0
08-24 14:43:55.022  4585  4606 V WindowManager:   sfl=100000}
08-24 14:43:55.023 24159 24159 I SurfaceControl: nativeRelease nativeObject s[537785869376]
08-24 14:43:55.023 24159 24159 I SurfaceControl: nativeRelease nativeObject e[537785869376]
08-24 14:43:55.023 24159 24159 I SurfaceControl: assignNativeObject: nativeObject = 0 Surface(name=null)/@0xc10f3e5 / android.view.SurfaceControl.readFromParcel:1117 android.view.IWindowSession$Stub$Proxy.relayout:1810 android.view.ViewRootImpl.relayoutWindow:9005 android.view.ViewRootImpl.performTraversals:3360 android.view.ViewRootImpl.doTraversal:2618 android.view.ViewRootImpl$TraversalRunnable.run:9971 android.view.Choreographer$CallbackRecord.run:1010 android.view.Choreographer.doCallbacks:809 android.view.Choreographer.doFrame:744 android.view.Choreographer$FrameDisplayEventReceiver.run:995
08-24 14:43:55.024 24159 24159 I SurfaceControl: assignNativeObject: nativeObject = 0 Surface(name=null)/@0x31c598 / android.view.SurfaceControl.readFromParcel:1117 android.view.IWindowSession$Stub$Proxy.relayout:1820 android.view.ViewRootImpl.relayoutWindow:9005 android.view.ViewRootImpl.performTraversals:3360 android.view.ViewRootImpl.doTraversal:2618 android.view.ViewRootImpl$TraversalRunnable.run:9971 android.view.Choreographer$CallbackRecord.run:1010 android.view.Choreographer.doCallbacks:809 android.view.Choreographer.doFrame:744 android.view.Choreographer$FrameDisplayEventReceiver.run:995
08-24 14:43:55.025 24159 24159 I SurfaceControl: nativeRelease nativeObject s[536151024224]
08-24 14:43:55.025 24159 24159 I SurfaceControl: nativeRelease nativeObject e[536151024224]
08-24 14:43:55.025 24159 24159 I ViewRootImpl@b55237b[InstrumentationActivityInvoker$EmptyActivity]: Relayout returned: old=(0,0,1080,2340) new=(0,0,1080,2340) req=(1080,2340)8 dur=8 res=0x5 s={false 0} ch=true fn=2
08-24 14:43:55.026 24159 24159 I ViewRootImpl@b55237b[InstrumentationActivityInvoker$EmptyActivity]: stopped(true) old=false
08-24 14:43:55.026 24159 24159 D LifecycleMonitor: Lifecycle status change: androidx.test.core.app.InstrumentationActivityInvoker$EmptyActivity@5a660fe in: STOPPED
08-24 14:43:55.026 24159 24159 V ActivityScenario: Activity lifecycle changed event received but ignored because the intent does not match. startActivityIntent=Intent { act=android.intent.action.MAIN cat=[android.intent.category.LAUNCHER] cmp=com.example.dogglers/.VerticalListActivity }, activity.getIntent()=Intent { act=android.intent.action.MAIN cat=[android.intent.category.LAUNCHER] flg=0x10000000 cmp=com.example.dogglers/androidx.test.core.app.InstrumentationActivityInvoker$EmptyActivity }, activity=androidx.test.core.app.InstrumentationActivityInvoker$EmptyActivity@5a660fe
08-24 14:43:55.028 24159 24159 D LifecycleMonitor: Lifecycle status change: androidx.test.core.app.InstrumentationActivityInvoker$EmptyActivity@5a660fe in: DESTROYED
08-24 14:43:55.028 24159 24159 V ActivityScenario: Activity lifecycle changed event received but ignored because the intent does not match. startActivityIntent=Intent { act=android.intent.action.MAIN cat=[android.intent.category.LAUNCHER] cmp=com.example.dogglers/.VerticalListActivity }, activity.getIntent()=Intent { act=android.intent.action.MAIN cat=[android.intent.category.LAUNCHER] flg=0x10000000 cmp=com.example.dogglers/androidx.test.core.app.InstrumentationActivityInvoker$EmptyActivity }, activity=androidx.test.core.app.InstrumentationActivityInvoker$EmptyActivity@5a660fe
08-24 14:43:55.029 24159 24159 I ViewRootImpl@b55237b[InstrumentationActivityInvoker$EmptyActivity]: dispatchDetachedFromWindow
08-24 14:43:55.030  4585  5087 I InputDispatcher: Focus left window (24159): b42493  in display 0 0
08-24 14:43:55.031  4585  4606 D InputTransport: Input channel destroyed: 'e850b3 ', fd=679
08-24 14:43:55.031  4585  4606 I SurfaceControl: nativeRelease nativeObject s[537628418176]
08-24 14:43:55.031  4585  4606 I SurfaceControl: nativeRelease nativeObject e[537628418176]
08-24 14:43:55.031  4585  4606 D WindowManager: isScreenshotDisabledLocked - win: Window{e850b3 u0 com.example.dogglers/androidx.test.core.app.InstrumentationActivityInvoker$EmptyActivity}
08-24 14:43:55.031  4585  4606 D WindowManager: isScreenshotDisabledLocked: userId = 0, disabled =false
08-24 14:43:55.031  4585  4606 I SurfaceControl: nativeRelease nativeObject s[535558903424]
08-24 14:43:55.031  4585  4606 I SurfaceControl: nativeRelease nativeObject e[535558903424]
08-24 14:43:55.032  4226  5359 I SurfaceFlinger: id=88762 createSurf (0x0),-1 flag=24004, Surface(name=a3a0629 InputMethod)/@0x54f474f - animation-leash#1
08-24 14:43:55.033  4585  4606 I SurfaceControl: nativeRelease nativeObject s[535565839904]
08-24 14:43:55.033  4585  4606 I SurfaceControl: nativeRelease nativeObject e[535565839904]
08-24 14:43:55.034  4226  5359 I Layer   : id=88752 removeFromCurrentState com.example.dogglers/androidx.test.core.app.InstrumentationActivityInvoker$EmptyActivity$_24159#0 (78)
08-24 14:43:55.035  4226  5359 I SurfaceFlinger: id=88752 Removed com.example.dogglers/androidx.test.core.app.InstrumentationActivityInvoker$EmptyActivity$_24159#0 (78)
08-24 14:43:55.036  4226  5357 I Layer   : id=88751 removeFromCurrentState e850b3 com.example.dogglers/androidx.test.core.app.InstrumentationActivityInvoker$EmptyActivity#0 (78)
08-24 14:43:55.037  4226  5357 I Layer   : id=88757 removeFromCurrentState Surface(name=a3a0629 InputMethod)/@0x54f474f - animation-leash#0 (78)
08-24 14:43:55.037  4226  5359 I SurfaceFlinger: id=88751 Removed e850b3 com.example.dogglers/androidx.test.core.app.InstrumentationActivityInvoker$EmptyActivity#0 (78)
08-24 14:43:55.038 24159 24159 D InputTransport: Input channel destroyed: 'e850b3 ', fd=93
08-24 14:43:55.039 24159 24159 I ViewRootImpl@5209f4f[InstrumentationActivityInvoker$EmptyActivity]: MSG_WINDOW_FOCUS_CHANGED 0 1
08-24 14:43:55.039  4585  4606 I SurfaceControl: nativeRelease nativeObject s[535567043328]
08-24 14:43:55.039  4585  4606 I SurfaceControl: nativeRelease nativeObject e[535567043328]
08-24 14:43:55.041 24159 24159 D LifecycleMonitor: Lifecycle status change: androidx.test.core.app.InstrumentationActivityInvoker$EmptyActivity@34ef562 in: PAUSED
08-24 14:43:55.041 24159 24159 V ActivityScenario: Activity lifecycle changed event received but ignored because the intent does not match. startActivityIntent=Intent { act=android.intent.action.MAIN cat=[android.intent.category.LAUNCHER] cmp=com.example.dogglers/.VerticalListActivity }, activity.getIntent()=Intent { act=android.intent.action.MAIN cat=[android.intent.category.LAUNCHER] flg=0x10000000 cmp=com.example.dogglers/androidx.test.core.app.InstrumentationActivityInvoker$EmptyActivity }, activity=androidx.test.core.app.InstrumentationActivityInvoker$EmptyActivity@34ef562
08-24 14:43:55.042  4585  5087 I SemDvfsHyPerManager: acquire hyper - AMS_ACT_RESUME/4585@33, type = -999
08-24 14:43:55.043  4585  5087 D InputDispatcher: Focused application set to (0): 3890c50
08-24 14:43:55.043  4140  4146 E statsd  : Predicate -7037417284711607308 dropping data for dimension key (10)0x2010101->10574[I] (10)0x30000->*launch*[S]
08-24 14:43:55.044  4140  4146 E statsd  : Predicate 5980654721335871649 dropping data for dimension key (10)0x2010101->10574[I] (10)0x30000->*launch*[S]
08-24 14:43:55.044  4175  4211 I HYPER-HAL: [RequestManager.cpp]acquire(): Acquired ID : 10665304  [4585 / 33]    HINT : AMS_ACT_RESUME    list :
08-24 14:43:55.045  4585  5087 V WindowOrientationListener: getProposedRotation: -1
08-24 14:43:55.045  4585  5087 V WindowOrientationListener: getProposedRotation: -1
08-24 14:43:55.045  4175  4211 I HYPER-HAL: [ResourceManager.cpp]updateResource(): [CPUMinFreq] UpdateResource Request ID : 10665304    Value : 1664000
08-24 14:43:55.045  4585  5087 V WindowOrientationListener: getProposedRotation: -1
08-24 14:43:55.046 21625 21625 I SurfaceView: onWindowVisibilityChanged(4) false android.view.SurfaceView{c9edee9 V.E...... ......ID 0,0-1080,607} of ViewRootImpl@b7edacd[WatchWhileActivity]
08-24 14:43:55.046  4226  4226 I Layer   : id=88751[1] Destroyed e850b3 com.example.dogglers/androidx.test.core.app.InstrumentationActivityInvoker$EmptyActivity#0
08-24 14:43:55.046  4226  4226 I Layer   : id=88752[1] Destroyed com.example.dogglers/androidx.test.core.app.InstrumentationActivityInvoker$EmptyActivity$_24159#0
08-24 14:43:55.049  4226  5359 I Layer   : id=88750 removeFromCurrentState ActivityRecord{c938d6c u0 com.example.dogglers/androidx.test.core.app.InstrumentationActivityInvoker$EmptyActivity t1577}#0 (76)
08-24 14:43:55.052 24159 24159 I ViewRootImpl@5209f4f[InstrumentationActivityInvoker$EmptyActivity]: MSG_WINDOW_FOCUS_CHANGED 0 1
08-24 14:43:55.052  4226  5359 I SurfaceFlinger: id=88750 Removed ActivityRecord{c938d6c u0 com.example.dogglers/androidx.test.core.app.InstrumentationActivityInvoker$EmptyActivity t1577}#0 (76)
08-24 14:43:55.053  4585  4606 V WindowManager: Relayout Window{911a194 u0 com.google.android.youtube/com.google.android.apps.youtube.app.watchwhile.WatchWhileActivity}: viewVisibility=4 req=1080x2340
08-24 14:43:55.053 24159 24204 I TestRunner: finished: vertical_scrolling(com.example.dogglers.VerticalListTests)
