08-24 14:43:35.074 24159 24159 V ActivityScenario: Activity lifecycle changed event received but ignored because the intent does not match. startActivityIntent=Intent { act=android.intent.action.MAIN cat=[android.intent.category.LAUNCHER] cmp=com.example.dogglers/.MainActivity }, activity.getIntent()=Intent { act=android.intent.action.MAIN cat=[android.intent.category.LAUNCHER] flg=0x10000000 cmp=com.example.dogglers/androidx.test.core.app.InstrumentationActivityInvoker$EmptyActivity }, activity=androidx.test.core.app.InstrumentationActivityInvoker$EmptyActivity@7bff2a8
08-24 14:43:35.075 24159 24159 I ViewRootImpl@64ea8fd[InstrumentationActivityInvoker$EmptyActivity]: dispatchDetachedFromWindow
08-24 14:43:35.076  4585  7040 D InputTransport: Input channel destroyed: 'ebf1e22', fd=678
08-24 14:43:35.076  4585  7040 I SurfaceControl: nativeRelease nativeObject s[535556339552]
08-24 14:43:35.076  4585  7040 I SurfaceControl: nativeRelease nativeObject e[535556339552]
08-24 14:43:35.076  4585  7040 D WindowManager: isScreenshotDisabledLocked - win: Window{ebf1e22 u0 com.example.dogglers/androidx.test.core.app.InstrumentationActivityInvoker$EmptyActivity}
08-24 14:43:35.076  4585  7040 D WindowManager: isScreenshotDisabledLocked: userId = 0, disabled =false
08-24 14:43:35.076  4585  7040 I SurfaceControl: nativeRelease nativeObject s[535556867808]
08-24 14:43:35.076  4585  7040 I SurfaceControl: nativeRelease nativeObject e[535556867808]
08-24 14:43:35.077  4226  5359 I SurfaceFlinger: id=88165 createSurf (0x0),-1 flag=24004, Surface(name=a3a0629 InputMethod)/@0x54f474f - animation-leash#0
08-24 14:43:35.078  4585  7040 I SurfaceControl: nativeRelease nativeObject s[535556331392]
08-24 14:43:35.078  4585  7040 I SurfaceControl: nativeRelease nativeObject e[535556331392]
08-24 14:43:35.078  4226  5359 I Layer   : id=88156 removeFromCurrentState com.example.dogglers/androidx.test.core.app.InstrumentationActivityInvoker$EmptyActivity$_24159#0 (78)
08-24 14:43:35.078  4226  5359 I SurfaceFlinger: id=88156 Removed com.example.dogglers/androidx.test.core.app.InstrumentationActivityInvoker$EmptyActivity$_24159#0 (78)
08-24 14:43:35.079  4226  5359 I Layer   : id=88155 removeFromCurrentState ebf1e22 com.example.dogglers/androidx.test.core.app.InstrumentationActivityInvoker$EmptyActivity#0 (78)
08-24 14:43:35.080  4226  5359 I Layer   : id=88160 removeFromCurrentState Surface(name=a3a0629 InputMethod)/@0x54f474f - animation-leash#1 (78)
08-24 14:43:35.080  4226  5359 I SurfaceFlinger: id=88155 Removed ebf1e22 com.example.dogglers/androidx.test.core.app.InstrumentationActivityInvoker$EmptyActivity#0 (78)
08-24 14:43:35.081 24159 24159 D InputTransport: Input channel destroyed: 'ebf1e22', fd=100
08-24 14:43:35.082  4585  7040 I SurfaceControl: nativeRelease nativeObject s[535557014496]
08-24 14:43:35.082  4585  7040 I SurfaceControl: nativeRelease nativeObject e[535557014496]
08-24 14:43:35.084 24159 24159 D LifecycleMonitor: Lifecycle status change: androidx.test.core.app.InstrumentationActivityInvoker$EmptyActivity@361d7f9 in: PAUSED
08-24 14:43:35.085 24159 24159 V ActivityScenario: Activity lifecycle changed event received but ignored because the intent does not match. startActivityIntent=Intent { act=android.intent.action.MAIN cat=[android.intent.category.LAUNCHER] cmp=com.example.dogglers/.MainActivity }, activity.getIntent()=Intent { act=android.intent.action.MAIN cat=[android.intent.category.LAUNCHER] flg=0x10000000 cmp=com.example.dogglers/androidx.test.core.app.InstrumentationActivityInvoker$EmptyActivity }, activity=androidx.test.core.app.InstrumentationActivityInvoker$EmptyActivity@361d7f9
08-24 14:43:35.086  4585  8021 I SemDvfsHyPerManager: acquire hyper - AMS_ACT_RESUME/4585@33, type = -999
08-24 14:43:35.088  4226  4226 I Layer   : id=88155[1] Destroyed ebf1e22 com.example.dogglers/androidx.test.core.app.InstrumentationActivityInvoker$EmptyActivity#0
08-24 14:43:35.088  4226  4226 I Layer   : id=88156[1] Destroyed com.example.dogglers/androidx.test.core.app.InstrumentationActivityInvoker$EmptyActivity$_24159#0
08-24 14:43:35.088  4175  4211 I HYPER-HAL: [RequestManager.cpp]acquire(): Acquired ID : 10665304  [4585 / 33]    HINT : AMS_ACT_RESUME    list :
08-24 14:43:35.089  4175  4211 I HYPER-HAL: [ResourceManager.cpp]updateResource(): [CPUMinFreq] UpdateResource Request ID : 10665304    Value : 1664000
08-24 14:43:35.089  4585  8021 D InputDispatcher: Focused application set to (0): f5910dc
08-24 14:43:35.090  4585  8021 V WindowOrientationListener: getProposedRotation: -1
08-24 14:43:35.090  4585  8021 V WindowOrientationListener: getProposedRotation: -1
08-24 14:43:35.091  4585  8021 V WindowOrientationListener: getProposedRotation: -1
08-24 14:43:35.097  4226  5359 I Layer   : id=88154 removeFromCurrentState ActivityRecord{5ad5d6c u0 com.example.dogglers/androidx.test.core.app.InstrumentationActivityInvoker$EmptyActivity t1562}#0 (76)
08-24 14:43:35.098  4226  5359 I SurfaceFlinger: id=88154 Removed ActivityRecord{5ad5d6c u0 com.example.dogglers/androidx.test.core.app.InstrumentationActivityInvoker$EmptyActivity t1562}#0 (76)
08-24 14:43:35.098 24159 24159 I ViewRootImpl@752154a[InstrumentationActivityInvoker$EmptyActivity]: MSG_WINDOW_FOCUS_CHANGED 0 1
08-24 14:43:35.099 24159 24159 I ViewRootImpl@752154a[InstrumentationActivityInvoker$EmptyActivity]: MSG_WINDOW_FOCUS_CHANGED 0 1
08-24 14:43:35.101  4585  7040 V WindowManager: Relayout Window{7c54512 u0 com.example.dogglers/com.example.dogglers.GridListActivity}: viewVisibility=0 req=1080x2340
08-24 14:43:35.105  4226  4226 I Layer   : id=88154[1] Destroyed ActivityRecord{5ad5d6c u0 com.example.dogglers/androidx.test.core.app.InstrumentationActivityInvoker$EmptyActivity t1562}#0
08-24 14:43:35.106  4585  7040 I SurfaceControl: nativeRelease nativeObject s[535556863488]
08-24 14:43:35.106  4585  7040 I SurfaceControl: nativeRelease nativeObject e[535556863488]
08-24 14:43:35.106  9865  9865 I TrayStateController: systemUiVisibilityChanged : 0 0
08-24 14:43:35.107  4226  5359 I SurfaceFlinger: id=88166 createSurf (0x0),-1 flag=24000, Surface(name=e455c2d StatusBar)/@0x2f65071 - animation-leash#1
08-24 14:43:35.108  4585  7040 I SurfaceControl: nativeRelease nativeObject s[535556863584]
08-24 14:43:35.108  4585  7040 I SurfaceControl: nativeRelease nativeObject e[535556863584]
08-24 14:43:35.108  4226  5359 I SurfaceFlinger: id=88167 createSurf (0x0),-1 flag=24000, Surface(name=a71bb8f NavigationBar0)/@0x8f38906 - animation-leash#1
08-24 14:43:35.110  4585  7040 V WindowManager: Relayout hash=7c54512, pid=24159: mAttrs={(0,0)(fillxfill) sim={adjust=resize forwardNavigation} ty=BASE_APPLICATION wanim=0x1030304
08-24 14:43:35.110  4585  7040 V WindowManager:   fl=81810100
08-24 14:43:35.110  4585  7040 V WindowManager:   pfl=12020000
08-24 14:43:35.110  4585  7040 V WindowManager:   apr=LIGHT_NAVIGATION_BARS
08-24 14:43:35.110  4585  7040 V WindowManager:   fitSides= naviIconColor=0
08-24 14:43:35.110  4585  7040 V WindowManager:   sfl=100000}
08-24 14:43:35.111  4226  5359 I Layer   : id=88163 removeFromCurrentState Surface(name=e455c2d StatusBar)/@0x2f65071 - animation-leash#0 (77)
08-24 14:43:35.111  4226  5359 I Layer   : id=88164 removeFromCurrentState Surface(name=a71bb8f NavigationBar0)/@0x8f38906 - animation-leash#0 (77)
08-24 14:43:35.111  4585  7040 I SurfaceControl: nativeRelease nativeObject s[535565840288]
08-24 14:43:35.111  4585  7040 I SurfaceControl: nativeRelease nativeObject e[535565840288]
08-24 14:43:35.113 24159 24159 I SurfaceControl: assignNativeObject: nativeObject = 0 Surface(name=null)/@0xc58ab59 / android.view.SurfaceControl.readFromParcel:1117 android.view.IWindowSession$Stub$Proxy.relayout:1820 android.view.ViewRootImpl.relayoutWindow:9005 android.view.ViewRootImpl.performTraversals:3360 android.view.ViewRootImpl.doTraversal:2618 android.view.ViewRootImpl$TraversalRunnable.run:9971 android.view.Choreographer$CallbackRecord.run:1010 android.view.Choreographer.doCallbacks:809 android.view.Choreographer.doFrame:744 android.view.Choreographer$FrameDisplayEventReceiver.run:995
08-24 14:43:35.114 24159 24159 I ViewRootImpl@20ef3a0[GridListActivity]: Relayout returned: old=(0,0,1080,2340) new=(0,0,1080,2340) req=(1080,2340)0 dur=12 res=0x3 s={true 536236187648} ch=true fn=-1
08-24 14:43:35.116 24159 24159 I ViewRootImpl@20ef3a0[GridListActivity]: [DP] dp(1) 1 android.view.ViewRootImpl.reportNextDraw:10957 android.view.ViewRootImpl.performTraversals:3845 android.view.ViewRootImpl.doTraversal:2618
08-24 14:43:35.116 24159 24159 I ViewRootImpl@20ef3a0[GridListActivity]: [DP] pd() Asnyc report
08-24 14:43:35.119  4159 17194 D gralloc : [mali_gralloc_allocate] begin
08-24 14:43:35.119  4159 17194 D gralloc : buffer_descriptor: wh(1080 2340) usage_pc(0x40000000000b00 0x40000000000b00) hal_format(0x1) layer_count(1) sizes(0 0 0) strde(0) byte_stride(0) alloc_wh(0 0) internal_format(0x0) alloc_format(0x0) fd_count(1) plane_count(0)
08-24 14:43:35.122  4159 17194 D gralloc : [mali_gralloc_allocate] allocation successful
08-24 14:43:35.124  4159 17194 D gralloc : [mali_gralloc_allocate] begin
08-24 14:43:35.124  4159 17194 D gralloc : buffer_descriptor: wh(1080 2340) usage_pc(0x40000000000b00 0x40000000000b00) hal_format(0x1) layer_count(1) sizes(0 0 0) strde(0) byte_stride(0) alloc_wh(0 0) internal_format(0x0) alloc_format(0x0) fd_count(1) plane_count(0)
08-24 14:43:35.127  4159 17194 D gralloc : [mali_gralloc_allocate] allocation successful
08-24 14:43:35.128  4159 17194 D gralloc : [mali_gralloc_allocate] begin
08-24 14:43:35.128  4159 17194 D gralloc : buffer_descriptor: wh(1080 2340) usage_pc(0x40000000000b00 0x40000000000b00) hal_format(0x1) layer_count(1) sizes(0 0 0) strde(0) byte_stride(0) alloc_wh(0 0) internal_format(0x0) alloc_format(0x0) fd_count(1) plane_count(0)
08-24 14:43:35.131  4159 17194 D gralloc : [mali_gralloc_allocate] allocation successful
08-24 14:43:35.154 24159 24159 I ViewRootImpl@20ef3a0[GridListActivity]: [DP] pdf(0) 1 android.view.ViewRootImpl.lambda$performDraw$1$ViewRootImpl:4668 android.view.-$$Lambda$ViewRootImpl$DJd0VUYJgsebcnSohO6h8zc_ONI.run:6 android.os.Handler.handleCallback:938
08-24 14:43:35.154 24159 24159 I ViewRootImpl@20ef3a0[GridListActivity]: [DP] rdf()
08-24 14:43:35.156 24159 24159 I ViewRootImpl@20ef3a0[GridListActivity]: stopped(false) old=false
08-24 14:43:35.157 24159 24159 D LifecycleMonitor: Lifecycle status change: com.example.dogglers.GridListActivity@57d056c in: RESUMED
08-24 14:43:35.158 24159 24159 V ActivityScenario: Activity lifecycle changed event received but ignored because the intent does not match. startActivityIntent=Intent { act=android.intent.action.MAIN cat=[android.intent.category.LAUNCHER] cmp=com.example.dogglers/.MainActivity }, activity.getIntent()=Intent { cmp=com.example.dogglers/.GridListActivity }, activity=com.example.dogglers.GridListActivity@57d056c
08-24 14:43:35.162  4585  4613 D PkgPredictorService: pkg:com.example.dogglers activity:com.example.dogglers.GridListActivity thisTime:-1
08-24 14:43:35.166  4175  4211 I HYPER-HAL: [ResourceManager.cpp]removeResource(): [CPUMinFreq] RemoveResource Request ID : 10665304
08-24 14:43:35.166  4175  4211 I HYPER-HAL: [RequestManager.cpp]releaseLocked(): Released ID : 10665304
08-24 14:43:35.169 24159 24159 I ViewRootImpl@20ef3a0[GridListActivity]: MSG_RESIZED_REPORT: frame=(0,0,1080,2340) ci=(0,83,0,39) vi=(0,83,0,39) or=1
08-24 14:43:35.169 24159 24159 I ViewRootImpl@20ef3a0[GridListActivity]: [DP] dp(1) 1 android.view.ViewRootImpl.reportNextDraw:10957 android.view.ViewRootImpl.access$1200:256 android.view.ViewRootImpl$ViewRootHandler.handleMessage:6101
08-24 14:43:35.170 24159 24159 I SurfaceControl: nativeRelease nativeObject s[536151030272]
08-24 14:43:35.170 24159 24159 I SurfaceControl: nativeRelease nativeObject e[536151030272]
08-24 14:43:35.171 24159 24159 I SurfaceControl: nativeRelease nativeObject s[536151030176]
08-24 14:43:35.171 24159 24159 I SurfaceControl: nativeRelease nativeObject e[536151030176]
08-24 14:43:35.172  4226  5359 I SurfaceFlinger: id=88164 Removed Surface(name=a71bb8f NavigationBar0)/@0x8f38906 - animation-leash#0 (77)
08-24 14:43:35.172  4226  5359 I SurfaceFlinger: id=88163 Removed Surface(name=e455c2d StatusBar)/@0x2f65071 - animation-leash#0 (77)
08-24 14:43:35.173  4585  7112 I InputDispatcher: Focus entered window (24159): 7c54512 in display 0 0
08-24 14:43:35.176  4585  7112 V WindowManager: Relayout Window{7c54512 u0 com.example.dogglers/com.example.dogglers.GridListActivity}: viewVisibility=0 req=1080x2340
08-24 14:43:35.179  4226  4226 D SurfaceFlinger: Display 0 HWC layers:
08-24 14:43:35.179  4226  4226 D SurfaceFlinger:      DEVICE | 0x77ce817840 | 0002 | RGBA_8888    |    0.0    0.0 1080.0 2340.0 |    0    0 1080 2340 | com.example.dogglers/com.example.dogglers.GridListActivity$_24159#0
08-24 14:43:35.179  4226  4226 D SurfaceFlinger:      DEVICE | 0x77ce816940 | 0000 | RGBA_8888    |    0.0    0.0 1080.0   83.0 |    0    0 1080   83 | StatusBar$_4896#0
08-24 14:43:35.179  4226  4226 D SurfaceFlinger:      DEVICE | 0x77ce8157c0 | 0000 | RGBA_8888    |    0.0    0.0   67.0  342.0 |    0  746   67 1088 | com.samsung.android.app.cocktailbars[...]arservice.CocktailBarService$_9865#0
08-24 14:43:35.179  4226  4226 D SurfaceFlinger:      DEVICE | 0x7851238200 | 0000 | RGBA_8888    |    0.0    0.0  388.0   39.0 |  692 2301 1080 2340 | SGestureOverlayWindow$_5408#0
08-24 14:43:35.179  4226  4226 D SurfaceFlinger:      DEVICE | 0x77ce815f40 | 0000 | RGBA_8888    |    0.0    0.0 1080.0  126.0 |    0 2214 1080 2340 | NavigationBar0$_4896#0
08-24 14:43:35.179  4226  4226 D SurfaceFlinger:      DEVICE | 0x77ce814b40 | 0000 | RGBA_8888    |    0.0    0.0 1080.0  151.0 |    0    0 1080  151 | ScreenDecorOverlay$_4896#0
08-24 14:43:35.179  4226  4226 D SurfaceFlinger:      DEVICE | 0x77ce817d40 | 0000 | RGBA_8888    |    0.0    0.0 1080.0  151.0 |    0 2189 1080 2340 | ScreenDecorOverlayBottom$_4896#0
08-24 14:43:35.179  4226  4226 D SurfaceFlinger:
08-24 14:43:35.181  4585  7112 V WindowManager: Relayout hash=7c54512, pid=24159: mAttrs={(0,0)(fillxfill) sim={adjust=resize forwardNavigation} ty=BASE_APPLICATION wanim=0x1030304
08-24 14:43:35.181  4585  7112 V WindowManager:   fl=81810100
08-24 14:43:35.181  4585  7112 V WindowManager:   pfl=12020000
08-24 14:43:35.181  4585  7112 V WindowManager:   apr=LIGHT_NAVIGATION_BARS
08-24 14:43:35.181  4585  7112 V WindowManager:   fitSides= naviIconColor=0
08-24 14:43:35.181  4585  7112 V WindowManager:   sfl=100000}
08-24 14:43:35.181  4585  7112 I SurfaceControl: nativeRelease nativeObject s[535557016416]
08-24 14:43:35.181  4585  7112 I SurfaceControl: nativeRelease nativeObject e[535557016416]
08-24 14:43:35.183 24159 24159 I SurfaceControl: nativeRelease nativeObject s[536151029120]
08-24 14:43:35.183 24159 24159 I SurfaceControl: nativeRelease nativeObject e[536151029120]
08-24 14:43:35.184 24159 24159 I SurfaceControl: assignNativeObject: nativeObject = 0 Surface(name=null)/@0xc58ab59 / android.view.SurfaceControl.readFromParcel:1117 android.view.IWindowSession$Stub$Proxy.relayout:1820 android.view.ViewRootImpl.relayoutWindow:9005 android.view.ViewRootImpl.performTraversals:3360 android.view.ViewRootImpl.doTraversal:2618 android.view.ViewRootImpl$TraversalRunnable.run:9971 android.view.Choreographer$CallbackRecord.run:1010 android.view.Choreographer.doCallbacks:809 android.view.Choreographer.doFrame:744 android.view.Choreographer$FrameDisplayEventReceiver.run:995
08-24 14:43:35.185 24159 24159 I SurfaceControl: nativeRelease nativeObject s[537816935040]
08-24 14:43:35.185 24159 24159 I SurfaceControl: nativeRelease nativeObject e[537816935040]
08-24 14:43:35.185 24159 24159 I SurfaceControl: nativeRelease nativeObject s[536151029216]
08-24 14:43:35.185 24159 24159 I SurfaceControl: nativeRelease nativeObject e[536151029216]
08-24 14:43:35.185 24159 24159 I ViewRootImpl@20ef3a0[GridListActivity]: Relayout returned: old=(0,0,1080,2340) new=(0,0,1080,2340) req=(1080,2340)0 dur=10 res=0x1 s={true 536236187648} ch=false fn=6
08-24 14:43:35.185 24159 24159 I ViewRootImpl@20ef3a0[GridListActivity]: [DP] pd() Asnyc report
08-24 14:43:35.187  4226  5359 E BufferQueueProducer: [com.example.dogglers/com.example.dogglers.GridListActivity$_24159#0](id:108200004925,api:0,p:-1,c:4226) disconnect: not connected (req=1)
08-24 14:43:35.187 24159 24214 W libEGL  : EGLNativeWindowType 0x7cda2ae010 disconnect failed
08-24 14:43:35.188  4226  4226 I Layer   : id=88164[1] Destroyed Surface(name=a71bb8f NavigationBar0)/@0x8f38906 - animation-leash#0
08-24 14:43:35.189  4226  4226 I Layer   : id=88163[1] Destroyed Surface(name=e455c2d StatusBar)/@0x2f65071 - animation-leash#0
08-24 14:43:35.190  4159 17194 D gralloc : [mali_gralloc_allocate] begin
08-24 14:43:35.190  4159 17194 D gralloc : buffer_descriptor: wh(1080 2340) usage_pc(0x40000000000b00 0x40000000000b00) hal_format(0x1) layer_count(1) sizes(0 0 0) strde(0) byte_stride(0) alloc_wh(0 0) internal_format(0x0) alloc_format(0x0) fd_count(1) plane_count(0)
08-24 14:43:35.193  4159 17194 D gralloc : [mali_gralloc_allocate] allocation successful
08-24 14:43:35.202  4226  4248 E BufferQueueProducer: [com.example.dogglers/androidx.test.core.app.InstrumentationActivityInvoker$EmptyActivity$_24159#1](id:108200004927,api:0,p:-1,c:4226) disconnect: not connected (req=1)
08-24 14:43:35.202 24159 24214 W libEGL  : EGLNativeWindowType 0x7cdb1e9010 disconnect failed
08-24 14:43:35.203  4585  7040 V WindowManager: Relayout Window{4aa8ff7 u0 com.example.dogglers/androidx.test.core.app.InstrumentationActivityInvoker$EmptyActivity}: viewVisibility=8 req=1080x2340
08-24 14:43:35.213  4585  7040 V WindowManager: Relayout hash=4aa8ff7, pid=24159: mAttrs={(0,0)(fillxfill) sim={adjust=pan forwardNavigation} ty=BASE_APPLICATION wanim=0x1030001
08-24 14:43:35.213  4585  7040 V WindowManager:   fl=1810100
08-24 14:43:35.213  4585  7040 V WindowManager:   pfl=12020000
08-24 14:43:35.213  4585  7040 V WindowManager:   apr=LIGHT_NAVIGATION_BARS
08-24 14:43:35.213  4585  7040 V WindowManager:   fitSides= naviIconColor=0
08-24 14:43:35.213  4585  7040 V WindowManager:   sfl=100000}
08-24 14:43:35.215 24159 24159 I SurfaceControl: nativeRelease nativeObject s[536151029024]
08-24 14:43:35.215 24159 24159 I SurfaceControl: nativeRelease nativeObject e[536151029024]
08-24 14:43:35.215 24159 24159 I SurfaceControl: assignNativeObject: nativeObject = 0 Surface(name=null)/@0x680cb6d / android.view.SurfaceControl.readFromParcel:1117 android.view.IWindowSession$Stub$Proxy.relayout:1810 android.view.ViewRootImpl.relayoutWindow:9005 android.view.ViewRootImpl.performTraversals:3360 android.view.ViewRootImpl.doTraversal:2618 android.view.ViewRootImpl$TraversalRunnable.run:9971 android.view.Choreographer$CallbackRecord.run:1010 android.view.Choreographer.doCallbacks:809 android.view.Choreographer.doFrame:744 android.view.Choreographer$FrameDisplayEventReceiver.run:995
08-24 14:43:35.216 24159 24159 I SurfaceControl: assignNativeObject: nativeObject = 0 Surface(name=null)/@0x1abccbb / android.view.SurfaceControl.readFromParcel:1117 android.view.IWindowSession$Stub$Proxy.relayout:1820 android.view.ViewRootImpl.relayoutWindow:9005 android.view.ViewRootImpl.performTraversals:3360 android.view.ViewRootImpl.doTraversal:2618 android.view.ViewRootImpl$TraversalRunnable.run:9971 android.view.Choreographer$CallbackRecord.run:1010 android.view.Choreographer.doCallbacks:809 android.view.Choreographer.doFrame:744 android.view.Choreographer$FrameDisplayEventReceiver.run:995
08-24 14:43:35.217 24159 24159 I ViewRootImpl@752154a[InstrumentationActivityInvoker$EmptyActivity]: Relayout returned: old=(0,0,1080,2340) new=(0,0,1080,2340) req=(1080,2340)8 dur=14 res=0x5 s={false 0} ch=true fn=2
08-24 14:43:35.218 24159 24159 I ViewRootImpl@20ef3a0[GridListActivity]: [DP] pdf(0) 1 android.view.ViewRootImpl.lambda$performDraw$1$ViewRootImpl:4668 android.view.-$$Lambda$ViewRootImpl$DJd0VUYJgsebcnSohO6h8zc_ONI.run:6 android.os.Handler.handleCallback:938
08-24 14:43:35.218 24159 24159 I ViewRootImpl@20ef3a0[GridListActivity]: [DP] rdf()
08-24 14:43:35.220 24159 24159 I ViewRootImpl@20ef3a0[GridListActivity]: MSG_WINDOW_FOCUS_CHANGED 1 1
08-24 14:43:35.220 24159 24159 D InputMethodManager: prepareNavigationBarInfo() DecorView@97d47ed[GridListActivity]
08-24 14:43:35.220 24159 24159 D InputMethodManager: getNavigationBarColor() -855310
08-24 14:43:35.222 24159 24159 D InputMethodManager: prepareNavigationBarInfo() DecorView@97d47ed[GridListActivity]
08-24 14:43:35.223 24159 24159 D InputMethodManager: getNavigationBarColor() -855310
08-24 14:43:35.223 24159 24159 V InputMethodManager: Starting input: tba=com.example.dogglers ic=null mNaviBarColor -855310 mIsGetNaviBarColorSuccess true , NavVisible : true , NavTrans : false
08-24 14:43:35.223 24159 24159 D InputMethodManager: startInputInner - Id : 0
08-24 14:43:35.223 24159 24159 I InputMethodManager: startInputInner - mService.startInputOrWindowGainedFocus
08-24 14:43:35.224  4585  7040 D InputMethodManagerService: mSecureKeypadEnabled = false
08-24 14:43:35.224  4585  7040 V InputMethodManagerService: hideCurrentInputLocked : shouldHideSoftInput is false
08-24 14:43:35.224  4585  7040 D InputMethodManagerService: mDesktopModeManager null!
08-24 14:43:35.224  4585  7040 V InputMethodManagerService: getDisplayIdOfInputMethodWindowToBeAdded : 0
08-24 14:43:35.225  4585  7040 D InputMethodManagerService: checkDisplayOfStartInputAndUpdateKeyboard display Id 0last 0
08-24 14:43:35.225  4585  7040 D InputTransport: Input channel constructed: 'ClientS', fd=694
08-24 14:43:35.225  4585  7040 D InputTransport: Input channel destroyed: 'ClientS', fd=694
08-24 14:43:35.225 24159 24159 D InputTransport: Input channel constructed: 'ClientS', fd=89
08-24 14:43:35.226 24159 24159 D InputTransport: Input channel destroyed: 'ClientS', fd=101
08-24 14:43:35.228  4585  7112 I SurfaceControl: nativeRelease nativeObject s[535556333984]
08-24 14:43:35.229  4585  7112 I SurfaceControl: nativeRelease nativeObject e[535556333984]
08-24 14:43:35.229  4226  4248 I SurfaceFlinger: id=88168 createSurf (0x0),-1 flag=24004, Surface(name=a3a0629 InputMethod)/@0x54f474f - animation-leash#1
08-24 14:43:35.230  7388  7388 I HBD     : HoneyBoardService onFinishInput
08-24 14:43:35.231  7388  7388 I HBD     : a IC have been unbinded,  InputConnectionWrapper{idHash=#60843e3 mMissingMethods=}
08-24 14:43:35.231  7388  7388 I HBD     : HoneyBoardService [PF_CL][onFinishInput]  483154 ns
08-24 14:43:35.232  7388  7388 I HBD     : HoneyBoardService [IMI] onStartInput - caller pid : 24159 , caller uid : 10574
08-24 14:43:35.232  7388  7388 I HBD     : i updateConfigs
08-24 14:43:35.232  7388  7388 I HBD     : i isEnabledNightMode : false
08-24 14:43:35.232  7388  7388 I HBD     : a IC have been binded, InputConnectionWrapper{idHash=#60843e3 mMissingMethods=}
08-24 14:43:35.232  7388  7388 I HBD     : h [EditorInputType]setPrivateImeOptionsToTable privateImeOptions ( null )
08-24 14:43:35.232  7388  7388 I HBD     : b incognitoMode : false
08-24 14:43:35.233  7388  7388 I HBD     : a needOff = true , isForceOff = false, isNullInputClass : true
08-24 14:43:35.233  7388  7388 I HBD     : h getDefaultInputRange : UNKNOWN
08-24 14:43:35.233  7388  7388 I HBD     : h getDefaultInputRange : UNKNOWN
08-24 14:43:35.233  7388  7388 I HBD     : h getDefaultInputRange : UNKNOWN
08-24 14:43:35.234  4585  7040 D SdpManagerService: Not an enterprise user : 0
08-24 14:43:35.234  4585  7040 D SdpManagerService: Not an enterprise user : 0
08-24 14:43:35.235  7388  7388 I HBD     : h getDefaultInputRange : UNKNOWN
08-24 14:43:35.235  7388  7388 I HBD     : a currentState : 0
08-24 14:43:35.237  7388  7388 I HBD     : h load selected json info : {"version":"1.0","currentLanguageOrder":0,"selected":[{"activeOptionList":["auto_replace","auto_spacing"],"engName":"Russian","id":3342336,"inputType":"qwerty","isUsed":true},{"activeOptionList":["auto_replace","auto_spacing"],"engName":"English","id":65537,"inputType":"qwerty","isUsed":true}]}
08-24 14:43:35.238  7388  7388 I HBD     : a [UpdatePolicy] [post] a: 0 cl: 3342336 kit: [0/0] vt: 0 ir: 1
08-24 14:43:35.239  4226  4248 I Layer   : id=88165 removeFromCurrentState Surface(name=a3a0629 InputMethod)/@0x54f474f - animation-leash#0 (76)
08-24 14:43:35.239  7388  7388 I HBD     : HoneyBoardService [PF_OP][onStartInput]  7554577 ns
08-24 14:43:35.240  4159 17194 D gralloc : [mali_gralloc_allocate] begin
08-24 14:43:35.240  4159 17194 D gralloc : buffer_descriptor: wh(1080 2340) usage_pc(0x40000000000b00 0x40000000000b00) hal_format(0x1) layer_count(1) sizes(0 0 0) strde(0) byte_stride(0) alloc_wh(0 0) internal_format(0x0) alloc_format(0x0) fd_count(1) plane_count(0)
08-24 14:43:35.242  4159 17194 D gralloc : [mali_gralloc_allocate] allocation successful
08-24 14:43:35.243 24159 24159 I SurfaceControl: nativeRelease nativeObject s[536151030272]
08-24 14:43:35.243  4140  4146 E statsd  : Predicate -7037417284711607308 dropping data for dimension key (10)0x2010101->10574[I] (10)0x30000->*launch*[S]
08-24 14:43:35.244 24159 24159 I SurfaceControl: nativeRelease nativeObject e[536151030272]
08-24 14:43:35.244 24159 24159 I SurfaceControl: nativeRelease nativeObject s[536151029120]
08-24 14:43:35.244 24159 24159 I SurfaceControl: nativeRelease nativeObject e[536151029120]
08-24 14:43:35.244  4140  4146 E statsd  : Predicate 5980654721335871649 dropping data for dimension key (10)0x2010101->10574[I] (10)0x30000->*launch*[S]
08-24 14:43:35.246  4585  5390 D SamsungIMMSHWKeyboard: isConnectedDexOnPC false
08-24 14:43:35.246  4585  5390 D InputMethodManagerService: isImeSwitcherDisabledPackage : false
08-24 14:43:35.246 24159 24159 I ViewRootImpl@752154a[InstrumentationActivityInvoker$EmptyActivity]: stopped(true) old=false
08-24 14:43:35.248 24159 24159 D LifecycleMonitor: Lifecycle status change: androidx.test.core.app.InstrumentationActivityInvoker$EmptyActivity@361d7f9 in: STOPPED
08-24 14:43:35.249 24159 24159 V ActivityScenario: Activity lifecycle changed event received but ignored because the intent does not match. startActivityIntent=Intent { act=android.intent.action.MAIN cat=[android.intent.category.LAUNCHER] cmp=com.example.dogglers/.MainActivity }, activity.getIntent()=Intent { act=android.intent.action.MAIN cat=[android.intent.category.LAUNCHER] flg=0x10000000 cmp=com.example.dogglers/androidx.test.core.app.InstrumentationActivityInvoker$EmptyActivity }, activity=androidx.test.core.app.InstrumentationActivityInvoker$EmptyActivity@361d7f9
08-24 14:43:35.251 24159 24159 D LifecycleMonitor: Lifecycle status change: androidx.test.core.app.InstrumentationActivityInvoker$EmptyActivity@361d7f9 in: DESTROYED
08-24 14:43:35.252 24159 24159 V ActivityScenario: Activity lifecycle changed event received but ignored because the intent does not match. startActivityIntent=Intent { act=android.intent.action.MAIN cat=[android.intent.category.LAUNCHER] cmp=com.example.dogglers/.MainActivity }, activity.getIntent()=Intent { act=android.intent.action.MAIN cat=[android.intent.category.LAUNCHER] flg=0x10000000 cmp=com.example.dogglers/androidx.test.core.app.InstrumentationActivityInvoker$EmptyActivity }, activity=androidx.test.core.app.InstrumentationActivityInvoker$EmptyActivity@361d7f9
08-24 14:43:35.253 24159 24159 I ViewRootImpl@752154a[InstrumentationActivityInvoker$EmptyActivity]: dispatchDetachedFromWindow
08-24 14:43:35.253  4585  5390 D InputTransport: Input channel destroyed: '4aa8ff7', fd=681
08-24 14:43:35.253  4585  5390 I SurfaceControl: nativeRelease nativeObject s[535556340800]
08-24 14:43:35.253  4585  5390 I SurfaceControl: nativeRelease nativeObject e[535556340800]
08-24 14:43:35.254  4585  5390 D WindowManager: isScreenshotDisabledLocked - win: Window{4aa8ff7 u0 com.example.dogglers/androidx.test.core.app.InstrumentationActivityInvoker$EmptyActivity}
08-24 14:43:35.254  4585  5390 D WindowManager: isScreenshotDisabledLocked: userId = 0, disabled =false
08-24 14:43:35.254  4585  5390 I SurfaceControl: nativeRelease nativeObject s[535556341088]
08-24 14:43:35.254  4585  5390 I SurfaceControl: nativeRelease nativeObject e[535556341088]
08-24 14:43:35.254  4226  4251 I Layer   : id=88162 removeFromCurrentState com.example.dogglers/androidx.test.core.app.InstrumentationActivityInvoker$EmptyActivity$_24159#1 (76)
08-24 14:43:35.255  4226  4251 I SurfaceFlinger: id=88162 Removed com.example.dogglers/androidx.test.core.app.InstrumentationActivityInvoker$EmptyActivity$_24159#1 (76)
08-24 14:43:35.255  4226  4226 I Layer   : id=88162[1] Destroyed com.example.dogglers/androidx.test.core.app.InstrumentationActivityInvoker$EmptyActivity$_24159#1
08-24 14:43:35.256  4226  4251 I Layer   : id=88161 removeFromCurrentState 4aa8ff7 com.example.dogglers/androidx.test.core.app.InstrumentationActivityInvoker$EmptyActivity#0 (75)
08-24 14:43:35.257  4226  4251 I SurfaceFlinger: id=88161 Removed 4aa8ff7 com.example.dogglers/androidx.test.core.app.InstrumentationActivityInvoker$EmptyActivity#0 (75)
08-24 14:43:35.258 24159 24159 D InputTransport: Input channel destroyed: '4aa8ff7', fd=97
08-24 14:43:35.259 24159 24159 I ViewRootImpl@3af31f8[MainActivity]: stopped(true) old=false
08-24 14:43:35.260 24159 24159 D LifecycleMonitor: Lifecycle status change: com.example.dogglers.MainActivity@a024787 in: STOPPED
08-24 14:43:35.260  4585  5390 I SurfaceControl: nativeRelease nativeObject s[535556867712]
08-24 14:43:35.260  4585  5390 I SurfaceControl: nativeRelease nativeObject e[535556867712]
08-24 14:43:35.260 24159 24159 V ActivityScenario: Update currentActivityStage to STOPPED, currentActivity=com.example.dogglers.MainActivity@a024787
08-24 14:43:35.263 24159 24159 D LifecycleMonitor: Lifecycle status change: com.example.dogglers.MainActivity@a024787 in: DESTROYED
08-24 14:43:35.263 24159 24159 V ActivityScenario: Update currentActivityStage to DESTROYED, currentActivity=null
08-24 14:43:35.264 24159 24204 I TestRunner: finished: clicking_grid_list_button_displays_grid_list(com.example.dogglers.ButtonTests)
