08-24 14:43:42.752 24159 24204 I TestRunner: started: vertical_scrolling(com.example.dogglers.GridListTests)
08-24 14:43:42.753  4585  5390 D InputMethodManagerService: isImeSwitcherDisabledPackage : false
08-24 14:43:42.754  7388  7388 I HBD     : h getDefaultInputRange : UNKNOWN
08-24 14:43:42.755  7388  7388 I HBD     : a currentState : 0
08-24 14:43:42.757  7388  7388 I HBD     : h load selected json info : {"version":"1.0","currentLanguageOrder":0,"selected":[{"activeOptionList":["auto_replace","auto_spacing"],"engName":"Russian","id":3342336,"inputType":"qwerty","isUsed":true},{"activeOptionList":["auto_replace","auto_spacing"],"engName":"English","id":65537,"inputType":"qwerty","isUsed":true}]}
08-24 14:43:42.758  7388  7388 I HBD     : a [UpdatePolicy] [post] a: 0 cl: 3342336 kit: [0/0] vt: 0 ir: 1
08-24 14:43:42.760  7388  7388 I HBD     : HoneyBoardService [PF_OP][onStartInput]  16475923 ns
08-24 14:43:42.760  4585  4635 D FastTrack: setFastTrackState: pid = 24159 ;tid= 24159 ;value= 0
08-24 14:43:42.761  4585  4635 D FastTrack: setFastTrackState: pid = 24159 ;tid= 24214 ;value= 0
08-24 14:43:42.766  4585  7096 V WindowManager: Relayout hash=d095a7c, pid=4896: mAttrs={(0,0)(fillxfill) gr=TOP CENTER_VERTICAL sim={adjust=resize} layoutInDisplayCutoutMode=always ty=2040 fmt=TRANSLUCENT
08-24 14:43:42.766  4585  7096 V WindowManager:   fl=81840048
08-24 14:43:42.766  4585  7096 V WindowManager:   pfl=1b000000
08-24 14:43:42.766  4585  7096 V WindowManager:   vsysui=2000
08-24 14:43:42.766  4585  7096 V WindowManager:   apr=LIGHT_STATUS_BARS
08-24 14:43:42.766  4585  7096 V WindowManager:   bhv=SHOW_TRANSIENT_BARS_BY_SWIPE naviIconColor=0
08-24 14:43:42.766  4585  7096 V WindowManager:   sfl=40000}
08-24 14:43:42.767 24159 24159 D LifecycleMonitor: Lifecycle status change: androidx.test.core.app.InstrumentationActivityInvoker$EmptyActivity@9150387 in: DESTROYED
08-24 14:43:42.768  4896  4896 I SurfaceControl: assignNativeObject: nativeObject = 0 Surface(name=null)/@0x79cdca4 / android.view.SurfaceControl.readFromParcel:1117 android.view.IWindowSession$Stub$Proxy.relayout:1810 android.view.ViewRootImpl.relayoutWindow:9005 android.view.ViewRootImpl.performTraversals:3360 android.view.ViewRootImpl.doTraversal:2618 android.view.ViewRootImpl$TraversalRunnable.run:9971 android.view.Choreographer$CallbackRecord.run:1010 android.view.Choreographer.doCallbacks:809 android.view.Choreographer.doFrame:744 android.view.Choreographer$FrameDisplayEventReceiver.run:995
08-24 14:43:42.768  4896  4896 I SurfaceControl: assignNativeObject: nativeObject = 0 Surface(name=null)/@0xd3c9bb / android.view.SurfaceControl.readFromParcel:1117 android.view.IWindowSession$Stub$Proxy.relayout:1820 android.view.ViewRootImpl.relayoutWindow:9005 android.view.ViewRootImpl.performTraversals:3360 android.view.ViewRootImpl.doTraversal:2618 android.view.ViewRootImpl$TraversalRunnable.run:9971 android.view.Choreographer$CallbackRecord.run:1010 android.view.Choreographer.doCallbacks:809 android.view.Choreographer.doFrame:744 android.view.Choreographer$FrameDisplayEventReceiver.run:995
08-24 14:43:42.769 24159 24159 I ViewRootImpl@5916620[InstrumentationActivityInvoker$EmptyActivity]: dispatchDetachedFromWindow
08-24 14:43:42.769  4585  4610 D SehCodecSolutionService: Update top [com.google.android.youtube]
08-24 14:43:42.770  4896  4896 I ViewRootImpl@b9c0f52[NotificationShade]: Relayout returned: old=(0,0,1080,2340) new=(0,0,1080,2340) req=(1080,2340)4 dur=41 res=0x1 s={false 0} ch=false fn=-1
08-24 14:43:42.773  4585  7044 D InputTransport: Input channel destroyed: 'bb1ad2b', fd=678
08-24 14:43:42.773  4585  7044 I SurfaceControl: nativeRelease nativeObject s[535581377632]
08-24 14:43:42.773  4585  7044 I SurfaceControl: nativeRelease nativeObject e[535581377632]
08-24 14:43:42.773  4585  7044 D WindowManager: isScreenshotDisabledLocked - win: Window{bb1ad2b u0 com.example.dogglers/androidx.test.core.app.InstrumentationActivityInvoker$EmptyActivity}
08-24 14:43:42.773  4585  7044 D WindowManager: isScreenshotDisabledLocked: userId = 0, disabled =false
08-24 14:43:42.774  4585  7044 I SurfaceControl: nativeRelease nativeObject s[535567039488]
08-24 14:43:42.774  4585  7044 I SurfaceControl: nativeRelease nativeObject e[535567039488]
08-24 14:43:42.774  4226  4601 I Layer   : id=88378 removeFromCurrentState com.example.dogglers/androidx.test.core.app.InstrumentationActivityInvoker$EmptyActivity$_24159#1 (85)
08-24 14:43:42.778  4896  4896 D KeyguardBottomAreaShortcutView: updateCameraVisibility isCameraDisabled:false visible:true
08-24 14:43:42.778  4896  4896 D KeyguardBottomAreaShortcutView: mIndicationArea margin start : 158, end : 158, bottom : 145
08-24 14:43:42.779  4226  5357 I SurfaceFlinger: id=88378 Removed com.example.dogglers/androidx.test.core.app.InstrumentationActivityInvoker$EmptyActivity$_24159#1 (85)
08-24 14:43:42.779  4226  4601 I Layer   : id=88377 removeFromCurrentState bb1ad2b com.example.dogglers/androidx.test.core.app.InstrumentationActivityInvoker$EmptyActivity#0 (85)
08-24 14:43:42.781  4226  5359 I SurfaceFlinger: id=88377 Removed bb1ad2b com.example.dogglers/androidx.test.core.app.InstrumentationActivityInvoker$EmptyActivity#0 (85)
08-24 14:43:42.782 24159 24159 D InputTransport: Input channel destroyed: 'bb1ad2b', fd=89
08-24 14:43:42.783  4585  7034 I SurfaceControl: nativeRelease nativeObject s[537817686848]
08-24 14:43:42.783 24159 24159 D InputTransport: Input channel destroyed: 'ClientS', fd=80
08-24 14:43:42.783  4585  7034 I SurfaceControl: nativeRelease nativeObject e[537817686848]
08-24 14:43:42.784  4585  7034 I SurfaceControl: nativeRelease nativeObject s[535556334848]
08-24 14:43:42.784  4585  7034 I SurfaceControl: nativeRelease nativeObject e[535556334848]
08-24 14:43:42.786  4896  4896 D SecStatusBarMobileView: setStaticDrawableColor:
08-24 14:43:42.786  4896  4896 D SecStatusBarMobileView: setStaticDrawableColor:
08-24 14:43:42.787  4226  5357 I Layer   : id=88374 removeFromCurrentState ActivityRecord{644c935 u0 com.example.dogglers/androidx.test.core.app.InstrumentationActivityInvoker$EmptyActivity t1567}#0 (85)
08-24 14:43:42.787  4226  5357 I Layer   : id=88351 removeFromCurrentState Task=1567#0 (85)
08-24 14:43:42.788  4226  4226 I Layer   : id=88378[1] Destroyed com.example.dogglers/androidx.test.core.app.InstrumentationActivityInvoker$EmptyActivity$_24159#1
08-24 14:43:42.788  4226  4226 I Layer   : id=88377[1] Destroyed bb1ad2b com.example.dogglers/androidx.test.core.app.InstrumentationActivityInvoker$EmptyActivity#0
08-24 14:43:42.790  4226  4601 I SurfaceFlinger: id=88374 Removed ActivityRecord{644c935 u0 com.example.dogglers/androidx.test.core.app.InstrumentationActivityInvoker$EmptyActivity t1567}#0 (83)
08-24 14:43:42.790  4226  4601 I SurfaceFlinger: id=88351 Removed Task=1567#0 (83)
08-24 14:43:42.804  4226  4226 I Layer   : id=88374[1] Destroyed ActivityRecord{644c935 u0 com.example.dogglers/androidx.test.core.app.InstrumentationActivityInvoker$EmptyActivity t1567}#0
08-24 14:43:42.804  4226  4226 I Layer   : id=88351[1] Destroyed Task=1567#0
08-24 14:43:42.812  4896  4896 D SecStatusBarMobileView: setStaticDrawableColor:
08-24 14:43:42.812  4896  4896 D SecStatusBarMobileView: setStaticDrawableColor:
08-24 14:43:42.822  4896  4896 D SecStatusBarMobileView: setStaticDrawableColor:
08-24 14:43:42.822  4896  4896 D SecStatusBarMobileView: setStaticDrawableColor:
08-24 14:43:42.836 24159 24204 W Settings: Setting always_finish_activities has moved from android.provider.Settings.System to android.provider.Settings.Global, returning read-only value.
08-24 14:43:42.856  4585  5732 I SemDvfsHyPerManager: acquire hyper - AMS_APP_SWITCH/4585@30, type = -999
08-24 14:43:42.856  4175  4211 I HYPER-HAL: [RequestManager.cpp]acquire(): Acquired ID : 10651450  [4585 / 30]    HINT : AMS_APP_SWITCH    list :
08-24 14:43:42.857  4226  5357 I SurfaceFlinger: id=88390 createSurf (0x0),-1 flag=24004, Task=1568#0
08-24 14:43:42.858  7134  7134 I SemDvfsHyPerManager: acquire hyper - com.sec.android.sdhms/7134@9, type = -999
08-24 14:43:42.858  4175  4211 I HYPER-HAL: [ResourceManager.cpp]updateResource(): [CPUMinFreq] UpdateResource Request ID : 10651450    Value : 2314000
08-24 14:43:42.858  4175  4211 I HYPER-HAL: [RequestManager.cpp]acquire(): Acquired ID : 25514805  [7134 / 9]    HINT : APP_START    list :
08-24 14:43:42.859  4175  4211 E HYPER-HAL: [HandlerSysfs.cpp]doResourceHandling(): Couldn't Open Sysfs - /sys/kernel/mm/vmscan/am_app_launch
08-24 14:43:42.859  4175  4211 I HYPER-HAL: [ResourceManager.cpp]updateResource(): [CPUMaxFreq] UpdateResource Request ID : 25514805    Value : 2314000
08-24 14:43:42.861  4226  4251 I SurfaceFlinger: id=88391 createSurf (0x0),-1 flag=80004, ActivityRecord{6edfceb u0 com.example.dogglers/androidx.test.core.app.InstrumentationActivityInvoker$BootstrapActivity t1568}#0
08-24 14:43:42.864  4585  7113 V WindowOrientationListener: getProposedRotation: -1
08-24 14:43:42.866  4140  4146 E statsd  : Predicate -7037417284711607308 dropping data for dimension key (10)0x2010101->10574[I] (10)0x30000->*launch*[S]
08-24 14:43:42.866  4140  4146 E statsd  : Predicate 5980654721335871649 dropping data for dimension key (10)0x2010101->10574[I] (10)0x30000->*launch*[S]
08-24 14:43:42.868  4585  7113 I SemDvfsHyPerManager: acquire hyper - AMS_APP_LAUNCH/4585@17, type = -999
08-24 14:43:42.868  4175  4211 I HYPER-HAL: [RequestManager.cpp]acquire(): Acquired ID : 10591520  [4585 / 17]    HINT : AMS_APP_LAUNCH    list :
08-24 14:43:42.869  4175  4211 I HYPER-HAL: [ResourceManager.cpp]updateResource(): [CPUMinFreq] UpdateResource Request ID : 10591520    Value : 2314000
08-24 14:43:42.873  4585  7113 V WindowOrientationListener: getProposedRotation: -1
08-24 14:43:42.874  4585  7113 V WindowOrientationListener: getProposedRotation: -1
08-24 14:43:42.876  9865  9865 I Utils   : isCurrentUser current = 0, ownerId = 0
08-24 14:43:42.877  4585  7113 V WindowOrientationListener: getProposedRotation: -1
08-24 14:43:42.879  4585  7113 D InputDispatcher: Focused application set to (0): 6edfceb
08-24 14:43:42.880  9865  9865 I TrayVisibilityController: getComputedTrayVisible : keyguardState = 1
08-24 14:43:42.880  9865  9865 I TrayVisibilityController: updateTrayVisible: State=1 visible=1 mCurrentVisible=1 specificMode=0
08-24 14:43:42.880  9865  9865 I TrayStateController: onNotifyUpdateTray: 0 to need to visible? true
08-24 14:43:42.895 24159 24159 D LifecycleMonitor: Lifecycle status change: androidx.test.core.app.InstrumentationActivityInvoker$BootstrapActivity@9c051aa in: PRE_ON_CREATE
08-24 14:43:42.895 24159 24159 V ActivityScenario: Activity lifecycle changed event received but ignored because the intent does not match. startActivityIntent=Intent { act=android.intent.action.MAIN cat=[android.intent.category.LAUNCHER] cmp=com.example.dogglers/.GridListActivity }, activity.getIntent()=Intent { act=android.intent.action.MAIN cat=[android.intent.category.LAUNCHER] flg=0x10008000 cmp=com.example.dogglers/androidx.test.core.app.InstrumentationActivityInvoker$BootstrapActivity (has extras) }, activity=androidx.test.core.app.InstrumentationActivityInvoker$BootstrapActivity@9c051aa
08-24 14:43:42.896  4585  4613 D InputTransport: Input channel constructed: 'c4cf2f4', fd=677
08-24 14:43:42.896  4585  4613 D InputTransport: Input channel constructed: 'c4cf2f4', fd=678
08-24 14:43:42.897  4226  4251 I SurfaceFlinger: id=88392 createSurf (0x0),-1 flag=80004, c4cf2f4 Splash Screen com.example.dogglers#0
08-24 14:43:42.899  4585  4613 I ViewRootImpl@42d7cc7[dogglers]: setView = com.android.internal.policy.DecorView@ffa8492 TM=true
08-24 14:43:42.903  4585  4635 D FastTrack: setFastTrackState: pid = 24159 ;tid= 24159 ;value= 1
08-24 14:43:42.904  4585  4635 D FastTrack: setFastTrackState: pid = 24159 ;tid= 24214 ;value= 1
08-24 14:43:42.907  4585  4613 V WindowManager: Relayout Window{c4cf2f4 u0 Splash Screen com.example.dogglers}: viewVisibility=0 req=1080x2340
08-24 14:43:42.911  4585  4613 D WindowManager: isScreenshotDisabledLocked - win: Window{c4cf2f4 u0 Splash Screen com.example.dogglers}
08-24 14:43:42.911  4585  4613 D WindowManager: isScreenshotDisabledLocked: userId = 0, disabled =false
08-24 14:43:42.912  4226  4601 I SurfaceFlinger: id=88393 createSurf (1080x2340),1 flag=404, Splash Screen com.example.dogglers#0
08-24 14:43:42.916  4585  4613 V WindowManager: Relayout hash=c4cf2f4, pid=4585: mAttrs={(0,0)(fillxfill) sim={adjust=pan} layoutInDisplayCutoutMode=shortEdges ty=APPLICATION_STARTING wanim=0x1030001
08-24 14:43:42.916  4585  4613 V WindowManager:   fl=1830118
08-24 14:43:42.916  4585  4613 V WindowManager:   pfl=12020011
08-24 14:43:42.916  4585  4613 V WindowManager:   apr=LIGHT_NAVIGATION_BARS
08-24 14:43:42.916  4585  4613 V WindowManager:   fitSides= naviIconColor=0
08-24 14:43:42.916  4585  4613 V WindowManager:   sfl=100000}
08-24 14:43:42.917  4585  4613 I ViewRootImpl@42d7cc7[dogglers]: Relayout returned: old=(0,0,1080,2340) new=(0,0,1080,2340) req=(1080,2340)0 dur=9 res=0x7 s={true 535581126656} ch=true fn=-1
08-24 14:43:42.919  4149  4184 D audio_hw_primary: device-adev_set_parameters: enter with key(audioHDR=0)
08-24 14:43:42.923  4585  7034 I InputDispatcher: Focus left window (21625): 911a194 in display 0 0
08-24 14:43:42.924 21625 21625 I ViewRootImpl@b7edacd[WatchWhileActivity]: MSG_WINDOW_FOCUS_CHANGED 0 1
08-24 14:43:42.926  4585  4613 I ViewRootImpl@42d7cc7[dogglers]: [DP] dp(1) 1 android.view.ViewRootImpl.reportNextDraw:10957 android.view.ViewRootImpl.performTraversals:3845 android.view.ViewRootImpl.doTraversal:2618
08-24 14:43:42.930 24159 24159 I DecorView: [INFO] isPopOver=false, config=true
08-24 14:43:42.930 24159 24159 I DecorView: updateCaptionType >> DecorView@671d938[], isFloating=false, isApplication=true, hasWindowDecorCaption=false, hasWindowControllerCallback=true
08-24 14:43:42.930 24159 24159 D DecorView: setCaptionType = 0, this = DecorView@671d938[]
08-24 14:43:42.937 24159 24159 D LifecycleMonitor: Lifecycle status change: androidx.test.core.app.InstrumentationActivityInvoker$BootstrapActivity@9c051aa in: CREATED
08-24 14:43:42.937 24159 24159 V ActivityScenario: Activity lifecycle changed event received but ignored because the intent does not match. startActivityIntent=Intent { act=android.intent.action.MAIN cat=[android.intent.category.LAUNCHER] cmp=com.example.dogglers/.GridListActivity }, activity.getIntent()=Intent { act=android.intent.action.MAIN cat=[android.intent.category.LAUNCHER] flg=0x10008000 cmp=com.example.dogglers/androidx.test.core.app.InstrumentationActivityInvoker$BootstrapActivity (has extras) }, activity=androidx.test.core.app.InstrumentationActivityInvoker$BootstrapActivity@9c051aa
08-24 14:43:42.940  4159 16850 D gralloc : [mali_gralloc_allocate] begin
08-24 14:43:42.940  4159 16850 D gralloc : buffer_descriptor: wh(1080 2340) usage_pc(0x966 0x906) hal_format(0x1) layer_count(1) sizes(0 0 0) strde(0) byte_stride(0) alloc_wh(0 0) internal_format(0x0) alloc_format(0x0) fd_count(1) plane_count(0)
08-24 14:43:42.940 24159 24159 D LifecycleMonitor: Lifecycle status change: androidx.test.core.app.InstrumentationActivityInvoker$BootstrapActivity@9c051aa in: STARTED
08-24 14:43:42.941 24159 24159 V ActivityScenario: Activity lifecycle changed event received but ignored because the intent does not match. startActivityIntent=Intent { act=android.intent.action.MAIN cat=[android.intent.category.LAUNCHER] cmp=com.example.dogglers/.GridListActivity }, activity.getIntent()=Intent { act=android.intent.action.MAIN cat=[android.intent.category.LAUNCHER] flg=0x10008000 cmp=com.example.dogglers/androidx.test.core.app.InstrumentationActivityInvoker$BootstrapActivity (has extras) }, activity=androidx.test.core.app.InstrumentationActivityInvoker$BootstrapActivity@9c051aa
08-24 14:43:42.942  4159 16850 D gralloc : [mali_gralloc_allocate] allocation successful
08-24 14:43:42.954  4585  4613 I ViewRootImpl@42d7cc7[dogglers]: [DP] pdf(0) 1 android.view.ViewRootImpl.performDraw:4809 android.view.ViewRootImpl.performTraversals:3866 android.view.ViewRootImpl.doTraversal:2618
08-24 14:43:42.954  4585  4613 I ViewRootImpl@42d7cc7[dogglers]: [DP] rdf()
08-24 14:43:42.961  4585  4613 D WindowManager: isScreenshotDisabledLocked - win: Window{a3a0629 u0 InputMethod}
08-24 14:43:42.961  4585  4613 D WindowManager: isScreenshotDisabledLocked: userId = 0, disabled =false
08-24 14:43:42.961  4585  4613 D WindowManager: isScreenshotDisabledLocked - win: Window{911a194 u0 com.google.android.youtube/com.google.android.apps.youtube.app.watchwhile.WatchWhileActivity}
08-24 14:43:42.961  4585  4613 D WindowManager: isScreenshotDisabledLocked: userId = 0, disabled =false
08-24 14:43:42.962  4159 16850 D gralloc : [mali_gralloc_allocate] begin
08-24 14:43:42.962  4159 16850 D gralloc : buffer_descriptor: wh(1080 2340) usage_pc(0x366 0x306) hal_format(0x1) layer_count(1) sizes(0 0 0) strde(0) byte_stride(0) alloc_wh(0 0) internal_format(0x0) alloc_format(0x0) fd_count(1) plane_count(0)
08-24 14:43:42.963  4159 16850 D gralloc : [mali_gralloc_allocate] allocation successful
08-24 14:43:42.966  4226  4226 I Layer   : id=88394[0] Destroyed Screenshot Parent
08-24 14:43:42.971 21625 21625 I SurfaceView: onWindowVisibilityChanged(8) false android.view.SurfaceView{c9edee9 V.E...... ......ID 0,0-1080,607} of ViewRootImpl@b7edacd[WatchWhileActivity]
08-24 14:43:42.971  4585  4613 I SurfaceControl: nativeRelease nativeObject s[537628420672]
08-24 14:43:42.971  4585  4613 I SurfaceControl: nativeRelease nativeObject e[537628420672]
08-24 14:43:42.972  4226  4251 I SurfaceFlinger: id=88395 createSurf (0x0),-1 flag=24000, Surface(name=e455c2d StatusBar)/@0x2f65071 - animation-leash#0
08-24 14:43:42.972 21625 21625 I SurfaceView: surfaceDestroyed callback.size 1 #2 android.view.SurfaceView{c9edee9 V.E...... ......ID 0,0-1080,607}
08-24 14:43:42.973  4585  4613 I SurfaceControl: nativeRelease nativeObject s[537628420768]
08-24 14:43:42.973  4585  4613 I SurfaceControl: nativeRelease nativeObject e[537628420768]
08-24 14:43:42.973  9865  9865 I TrayStateController: systemUiVisibilityChanged : 2 0
08-24 14:43:42.973 21625 21625 I SurfaceView: remove() android.view.SurfaceView{c9edee9 V.E...... ......ID 0,0-1080,607} Surface(name=SurfaceView - com.google.android.youtube/com.google.android.apps.youtube.app.watchwhile.WatchWhileActivity@c9edee9@8)/@0xea42258
08-24 14:43:42.973  4226  4251 I SurfaceFlinger: id=88396 createSurf (0x0),-1 flag=24000, Surface(name=a71bb8f NavigationBar0)/@0x8f38906 - animation-leash#0
08-24 14:43:42.976 21625 21625 I SurfaceControl: nativeRelease nativeObject s[537816933408]
08-24 14:43:42.976 21625 21625 I SurfaceControl: nativeRelease nativeObject e[537816933408]
08-24 14:43:42.976 21625 21625 I SurfaceControl: nativeRelease nativeObject s[537816935424]
08-24 14:43:42.976 21625 21625 I SurfaceControl: nativeRelease nativeObject e[537816935424]
08-24 14:43:42.977  4226  4251 I Layer   : id=88383 removeFromCurrentState Surface(name=e455c2d StatusBar)/@0x2f65071 - animation-leash#1 (87)
08-24 14:43:42.977  4226  4251 I Layer   : id=88384 removeFromCurrentState Surface(name=a71bb8f NavigationBar0)/@0x8f38906 - animation-leash#1 (87)
08-24 14:43:42.978  4226  4601 I Layer   : id=88387 removeFromCurrentState Background for -SurfaceView - com.google.android.youtube/com.google.android.apps.youtube.app.watchwhile.WatchWhileActivity@c9edee9@8#0 (87)
08-24 14:43:42.980  4226  4601 I SurfaceFlinger: id=88387 Removed Background for -SurfaceView - com.google.android.youtube/com.google.android.apps.youtube.app.watchwhile.WatchWhileActivity@c9edee9@8#0 (87)
08-24 14:43:42.980  4226  4601 I SurfaceFlinger: id=88386 Removed SurfaceView - com.google.android.youtube/com.google.android.apps.youtube.app.watchwhile.WatchWhileActivity@c9edee9@8#0 (87)
08-24 14:43:42.984  4226  5357 E BufferQueueProducer: [com.google.android.youtube/com.google.android.apps.youtube.app.watchwhile.WatchWhileActivity$_21625#0](id:108200004948,api:0,p:-1,c:4226) disconnect: not connected (req=1)
08-24 14:43:42.984 21625 21862 W libEGL  : EGLNativeWindowType 0x7c930a9010 disconnect failed
08-24 14:43:42.985  4585  7096 V WindowManager: Relayout Window{911a194 u0 com.google.android.youtube/com.google.android.apps.youtube.app.watchwhile.WatchWhileActivity}: viewVisibility=8 req=1080x2340
08-24 14:43:42.990  4226  4226 I Layer   : id=88387[1] Destroyed Background for -SurfaceView - com.google.android.youtube/com.google.android.apps.youtube.app.watchwhile.WatchWhileActivity@c9edee9@8#0
08-24 14:43:42.991  4585  7096 V WindowManager: Relayout hash=911a194, pid=21625: mAttrs={(0,0)(fillxfill) sim={adjust=resize} layoutInDisplayCutoutMode=shortEdges ty=BASE_APPLICATION fmt=TRANSLUCENT wanim=0x1030304 sysuil=true
08-24 14:43:42.991  4585  7096 V WindowManager:   fl=81810100
08-24 14:43:42.991  4585  7096 V WindowManager:   pfl=12020000
08-24 14:43:42.991  4585  7096 V WindowManager:   vsysui=3710
08-24 14:43:42.991  4585  7096 V WindowManager:   apr=LIGHT_STATUS_BARS LIGHT_NAVIGATION_BARS
08-24 14:43:42.991  4585  7096 V WindowManager:   bhv=SHOW_TRANSIENT_BARS_BY_SWIPE
08-24 14:43:42.991  4585  7096 V WindowManager:   fitSides= naviIconColor=0}
08-24 14:43:42.992 21625 21625 I SurfaceControl: nativeRelease nativeObject s[537830551712]
08-24 14:43:42.992 21625 21625 I SurfaceControl: nativeRelease nativeObject e[537830551712]
08-24 14:43:42.993 21625 21625 I SurfaceControl: assignNativeObject: nativeObject = 0 Surface(name=null)/@0x10ea726 / android.view.SurfaceControl.readFromParcel:1117 android.view.IWindowSession$Stub$Proxy.relayout:1810 android.view.ViewRootImpl.relayoutWindow:9005 android.view.ViewRootImpl.performTraversals:3360 android.view.ViewRootImpl.doTraversal:2618 android.view.ViewRootImpl$TraversalRunnable.run:9971 android.view.Choreographer$CallbackRecord.run:1010 android.view.Choreographer.doCallbacks:809 android.view.Choreographer.doFrame:744 android.view.Choreographer$FrameDisplayEventReceiver.run:995
08-24 14:43:42.993 21625 21625 I SurfaceControl: assignNativeObject: nativeObject = 0 Surface(name=null)/@0x3a5f6d6 / android.view.SurfaceControl.readFromParcel:1117 android.view.IWindowSession$Stub$Proxy.relayout:1820 android.view.ViewRootImpl.relayoutWindow:9005 android.view.ViewRootImpl.performTraversals:3360 android.view.ViewRootImpl.doTraversal:2618 android.view.ViewRootImpl$TraversalRunnable.run:9971 android.view.Choreographer$CallbackRecord.run:1010 android.view.Choreographer.doCallbacks:809 android.view.Choreographer.doFrame:744 android.view.Choreographer$FrameDisplayEventReceiver.run:995
08-24 14:43:42.994 21625 21625 I SurfaceControl: nativeRelease nativeObject s[537816941088]
08-24 14:43:42.994 21625 21625 I SurfaceControl: nativeRelease nativeObject e[537816941088]
08-24 14:43:42.994  4226  5357 I SurfaceFlinger: id=88385 Removed Bounds for - com.google.android.youtube/com.google.android.apps.youtube.app.watchwhile.WatchWhileActivity@8#0 (86)
08-24 14:43:42.995 21625 21625 I SurfaceControl: nativeRelease nativeObject s[537816937440]
08-24 14:43:42.996 21625 21625 I SurfaceControl: nativeRelease nativeObject e[537816937440]
08-24 14:43:42.996 21625 21625 I SurfaceControl: nativeRelease nativeObject s[537816942432]
08-24 14:43:42.996 21625 21625 I SurfaceControl: nativeRelease nativeObject e[537816942432]
08-24 14:43:42.996 21625 21625 I SurfaceControl: nativeRelease nativeObject s[537816941664]
08-24 14:43:42.996 21625 21625 I SurfaceControl: nativeRelease nativeObject e[537816941664]
08-24 14:43:42.996 21625 21625 I ViewRootImpl@b7edacd[WatchWhileActivity]: Relayout returned: old=(0,0,1080,2340) new=(0,0,1080,2340) req=(1080,2340)8 dur=9 res=0x5 s={false 0} ch=true fn=19
08-24 14:43:42.996  4226  4251 I SurfaceFlinger: id=88384 Removed Surface(name=a71bb8f NavigationBar0)/@0x8f38906 - animation-leash#1 (86)
08-24 14:43:42.996  4226  4251 I SurfaceFlinger: id=88383 Removed Surface(name=e455c2d StatusBar)/@0x2f65071 - animation-leash#1 (86)
08-24 14:43:42.996 21625 21625 I SurfaceView: windowStopped(true) false android.view.SurfaceView{c9edee9 V.E...... ......ID 0,0-1080,607} of ViewRootImpl@b7edacd[WatchWhileActivity]
08-24 14:43:42.997  4226  4226 D SurfaceFlinger: Display 0 HWC layers:
08-24 14:43:42.997  4226  4226 D SurfaceFlinger:      DEVICE | 0x77ce814640 | 0002 | RGBA_8888    |    0.0    0.0 1080.0 2340.0 |    0    0 1080 2340 | Splash Screen com.example.dogglers#0
08-24 14:43:42.997  4226  4226 D SurfaceFlinger:      DEVICE | 0x77ce815e00 | 0000 | RGBA_8888    |    0.0    0.0 1080.0   83.0 |    0    0 1080   83 | StatusBar$_4896#0
08-24 14:43:42.997  4226  4226 D SurfaceFlinger:      DEVICE | 0x77ce8157c0 | 0000 | RGBA_8888    |    0.0    0.0   67.0  342.0 |    0  746   67 1088 | com.samsung.android.app.cocktailbars[...]arservice.CocktailBarService$_9865#0
08-24 14:43:42.997  4226  4226 D SurfaceFlinger:      DEVICE | 0x7851238200 | 0000 | RGBA_8888    |    0.0    0.0  388.0   39.0 |  692 2301 1080 2340 | SGestureOverlayWindow$_5408#0
08-24 14:43:42.997  4226  4226 D SurfaceFlinger:      DEVICE | 0x77ce816800 | 0000 | RGBA_8888    |    0.0    0.0 1080.0  126.0 |    0 2214 1080 2340 | NavigationBar0$_4896#0
08-24 14:43:42.997  4226  4226 D SurfaceFlinger:      DEVICE | 0x77ce814b40 | 0000 | RGBA_8888    |    0.0    0.0 1080.0  151.0 |    0    0 1080  151 | ScreenDecorOverlay$_4896#0
08-24 14:43:42.997  4226  4226 D SurfaceFlinger:      DEVICE | 0x77ce817d40 | 0000 | RGBA_8888    |    0.0    0.0 1080.0  151.0 |    0 2189 1080 2340 | ScreenDecorOverlayBottom$_4896#0
08-24 14:43:42.997  4226  4226 D SurfaceFlinger:
08-24 14:43:42.999 21625 21625 I SurfaceControl: nativeRelease nativeObject s[537830551712]
08-24 14:43:42.999 21625 21625 I SurfaceControl: nativeRelease nativeObject e[537830551712]
08-24 14:43:43.005  4226  4226 I Layer   : id=88383[1] Destroyed Surface(name=e455c2d StatusBar)/@0x2f65071 - animation-leash#1
08-24 14:43:43.005  4226  4226 I Layer   : id=88384[1] Destroyed Surface(name=a71bb8f NavigationBar0)/@0x8f38906 - animation-leash#1
08-24 14:43:43.013  4896  4908 I ndroid.systemu: NativeAlloc concurrent copying GC freed 15870(634KB) AllocSpace objects, 0(0B) LOS objects, 49% free, 19MB/38MB, paused 295us total 198.280ms
08-24 14:43:43.014  4896  4910 W System  : A resource failed to call release.
08-24 14:43:43.014  4896  4910 I SurfaceControl: nativeRelease nativeObject s[537714018592]
08-24 14:43:43.014  4896  4910 I SurfaceControl: nativeRelease nativeObject e[537714018592]
08-24 14:43:43.014  4896  4910 W System  : A resource failed to call release.
08-24 14:43:43.014  4226  4251 I SurfaceFlinger: id=88375 Removed Surface(name=a3a0629 InputMethod)/@0x54f474f - animation-leash#0 (84)
08-24 14:43:43.014  4896  4910 I SurfaceControl: nativeRelease nativeObject s[535634141088]
08-24 14:43:43.014  4896  4910 I SurfaceControl: nativeRelease nativeObject e[535634141088]
08-24 14:43:43.015  4226  4251 I SurfaceFlinger: id=88336 Removed Surface(name=a3a0629 InputMethod)/@0x54f474f - animation-leash#1 (84)
08-24 14:43:43.021  4226  4226 I Layer   : id=88375[1] Destroyed Surface(name=a3a0629 InputMethod)/@0x54f474f - animation-leash#0
08-24 14:43:43.021  4226  4226 I Layer   : id=88336[1] Destroyed Surface(name=a3a0629 InputMethod)/@0x54f474f - animation-leash#1
08-24 14:43:43.022  4226  4251 I SurfaceFlinger: id=88397 createSurf (0x0),-1 flag=80004, ActivityRecord{d3c9fd8 u0 com.example.dogglers/.GridListActivity t1568}#0
08-24 14:43:43.027 24159 24159 D LifecycleMonitor: Lifecycle status change: androidx.test.core.app.InstrumentationActivityInvoker$BootstrapActivity@9c051aa in: RESUMED
08-24 14:43:43.028  4585  4613 I ViewRootImpl@42d7cc7[dogglers]: MSG_RESIZED_REPORT: frame=(0,0,1080,2340) ci=(0,83,0,39) vi=(0,83,0,39) or=1
08-24 14:43:43.028 24159 24159 V ActivityScenario: Activity lifecycle changed event received but ignored because the intent does not match. startActivityIntent=Intent { act=android.intent.action.MAIN cat=[android.intent.category.LAUNCHER] cmp=com.example.dogglers/.GridListActivity }, activity.getIntent()=Intent { act=android.intent.action.MAIN cat=[android.intent.category.LAUNCHER] flg=0x10008000 cmp=com.example.dogglers/androidx.test.core.app.InstrumentationActivityInvoker$BootstrapActivity (has extras) }, activity=androidx.test.core.app.InstrumentationActivityInvoker$BootstrapActivity@9c051aa
08-24 14:43:43.028  4585  4613 I ViewRootImpl@42d7cc7[dogglers]: [DP] dp(1) 1 android.view.ViewRootImpl.reportNextDraw:10957 android.view.ViewRootImpl.access$1200:256 android.view.ViewRootImpl$ViewRootHandler.handleMessage:6101
08-24 14:43:43.031 24159 24159 D LifecycleMonitor: Lifecycle status change: androidx.test.core.app.InstrumentationActivityInvoker$BootstrapActivity@9c051aa in: PAUSED
08-24 14:43:43.031  4585  4820 D PkgPredictorService: com.example.dogglers go to foreground!
08-24 14:43:43.032  4585  4610 D SehCodecSolutionService: Update top [com.example.dogglers]
08-24 14:43:43.032  4585  4820 E PkgPredictorService-Collector: record changed bt=0  wifi=0 screen=0
08-24 14:43:43.032  4585  4820 D PkgPredictorService: previous pkgs: com.example.dogglers,com.google.android.youtube,com.example.dogglers running pkg: com.example.dogglers, uid: 0 is system: false
08-24 14:43:43.032 24159 24159 V ActivityScenario: Activity lifecycle changed event received but ignored because the intent does not match. startActivityIntent=Intent { act=android.intent.action.MAIN cat=[android.intent.category.LAUNCHER] cmp=com.example.dogglers/.GridListActivity }, activity.getIntent()=Intent { act=android.intent.action.MAIN cat=[android.intent.category.LAUNCHER] flg=0x10008000 cmp=com.example.dogglers/androidx.test.core.app.InstrumentationActivityInvoker$BootstrapActivity (has extras) }, activity=androidx.test.core.app.InstrumentationActivityInvoker$BootstrapActivity@9c051aa
08-24 14:43:43.032  4585  4820 D PkgPredictorService-Collector: save record...
08-24 14:43:43.032  4585  4820 D PkgPredictorService-Collector:  (hour:14 day:4 previous:[com.example.dogglers, com.google.android.youtube, com.example.dogglers] activityName:unknown running:com.example.dogglers userId:0 screenOrientation:0 wifi:0 bt:0 predictTime:3 apkVersion:1.0 consumeTime:-1 preloaded:false>)
08-24 14:43:43.032  4585  4820 D PkgPredictorService-NapPreloadController: User using: com.example.dogglers
08-24 14:43:43.032  4585  4820 I PkgPredictorService-NapClassifier: RF predict version:1661289077471
08-24 14:43:43.033  4585  4820 D PkgPredictorService-NapClassifier: Predict result: 144.0,146.0,166.0, - [0_&_org.telegram.plus, 0_&_com.google.android.youtube, 0_&_com.samsung.android.app.contacts]
08-24 14:43:43.034  4585  7112 V WindowOrientationListener: getProposedRotation: -1
08-24 14:43:43.034  4149  4184 D audio_hw_primary: device-adev_set_parameters: enter with key(audioHDR=0)
08-24 14:43:43.036  4585  7112 D InputDispatcher: Focused application set to (0): d3c9fd8
08-24 14:43:43.042  4226  4251 I SurfaceFlinger: id=88398 createSurf (0x0),-1 flag=24000, Surface(name=ActivityRecord{6edfceb u0 com.example.dogglers/androidx.test.core.app.InstrumentationActivityInvoker$BootstrapActivity t1568})/@0x6a391f0 - animation-leash#0
08-24 14:43:43.043  4226  4251 I SurfaceFlinger: id=88399 createSurf (0x0),-1 flag=20004, Dim Layer for - Task=1568 - animating-dim#0
08-24 14:43:43.044  4226  4251 I SurfaceFlinger: id=88400 createSurf (0x0),-1 flag=24000, Surface(name=Dim Layer for - Task=1568 - animating-dim)/@0xa06968f - animation-leash#0
08-24 14:43:43.044  4226  4251 I SurfaceFlinger: id=88401 createSurf (0x0),-1 flag=80004, Surface(name=ActivityRecord{6edfceb u0 com.example.dogglers/androidx.test.core.app.InstrumentationActivityInvoker$BootstrapActivity t1568})/@0x6a391f0 - animation-bounds#0
08-24 14:43:43.045  4585  7112 I SurfaceControl: nativeRelease nativeObject s[535579927648]
08-24 14:43:43.045  4585  7112 I SurfaceControl: nativeRelease nativeObject e[535579927648]
08-24 14:43:43.047  4226  4251 I Layer   : id=88399 removeFromCurrentState Dim Layer for - Task=1568 - animating-dim#0 (87)
08-24 14:43:43.047  4226  4251 I SurfaceFlinger: id=88399 Removed Dim Layer for - Task=1568 - animating-dim#0 (87)
08-24 14:43:43.047  4585  4613 V WindowManager: Relayout Window{c4cf2f4 u0 Splash Screen com.example.dogglers}: viewVisibility=0 req=1080x2340
08-24 14:43:43.049 15874 15932 I Rubin   : [164608] LoggingEventHelper.notifyUpdatedWithValue(LoggingEventHelper.java:58) : Notify AppUsageLogger's database is updated.
08-24 14:43:43.049  4585  4613 I SurfaceControl: nativeRelease nativeObject s[535567040544]
08-24 14:43:43.049  4585  4613 I SurfaceControl: nativeRelease nativeObject e[535567040544]
08-24 14:43:43.051  4585  4613 V WindowManager: Relayout hash=c4cf2f4, pid=4585: mAttrs={(0,0)(fillxfill) sim={adjust=pan} layoutInDisplayCutoutMode=shortEdges ty=APPLICATION_STARTING wanim=0x1030001
08-24 14:43:43.051  4585  4613 V WindowManager:   fl=1830118
08-24 14:43:43.051  4585  4613 V WindowManager:   pfl=12020011
08-24 14:43:43.051  4585  4613 V WindowManager:   apr=LIGHT_NAVIGATION_BARS
08-24 14:43:43.051  4585  4613 V WindowManager:   fitSides= naviIconColor=0
08-24 14:43:43.051  4585  4613 V WindowManager:   sfl=100000}
08-24 14:43:43.051  4585  4613 I SurfaceControl: nativeRelease nativeObject s[537628420672]
08-24 14:43:43.051  4585  4613 I SurfaceControl: nativeRelease nativeObject e[537628420672]
08-24 14:43:43.051  4585  4613 I SurfaceControl: nativeRelease nativeObject s[537628420768]
08-24 14:43:43.051  4585  4613 I SurfaceControl: nativeRelease nativeObject e[537628420768]
08-24 14:43:43.051  4585  4613 I ViewRootImpl@42d7cc7[dogglers]: Relayout returned: old=(0,0,1080,2340) new=(0,0,1080,2340) req=(1080,2340)0 dur=13 res=0x1 s={true 535581126656} ch=false fn=2
08-24 14:43:43.051  4159 16850 D gralloc : [mali_gralloc_allocate] begin
08-24 14:43:43.052  4159 16850 D gralloc : buffer_descriptor: wh(1080 2340) usage_pc(0x966 0x906) hal_format(0x1) layer_count(1) sizes(0 0 0) strde(0) byte_stride(0) alloc_wh(0 0) internal_format(0x0) alloc_format(0x0) fd_count(1) plane_count(0)
08-24 14:43:43.055  4226  4226 I Layer   : id=88399[1] Destroyed Dim Layer for - Task=1568 - animating-dim#0
08-24 14:43:43.059 24159 24159 D LifecycleMonitor: Lifecycle status change: com.example.dogglers.GridListActivity@1b194d in: PRE_ON_CREATE
08-24 14:43:43.059  4159 16850 D gralloc : [mali_gralloc_allocate] allocation successful
08-24 14:43:43.059 24159 24159 V ActivityScenario: Activity lifecycle changed event received but ignored because the reported transition was not ON_CREATE while the last known transition was PRE_ON_CREATE
08-24 14:43:43.070  4585  4613 I ViewRootImpl@42d7cc7[dogglers]: [DP] pdf(0) 1 android.view.ViewRootImpl.performDraw:4809 android.view.ViewRootImpl.performTraversals:3866 android.view.ViewRootImpl.doTraversal:2618
08-24 14:43:43.070  4585  4613 I ViewRootImpl@42d7cc7[dogglers]: [DP] rdf()
08-24 14:43:43.076 24159 24159 I DecorView: [INFO] isPopOver=false, config=true
08-24 14:43:43.076 24159 24159 I DecorView: updateCaptionType >> DecorView@f68795a[], isFloating=false, isApplication=true, hasWindowDecorCaption=false, hasWindowControllerCallback=true
08-24 14:43:43.076 24159 24159 D DecorView: setCaptionType = 0, this = DecorView@f68795a[]
08-24 14:43:43.091  4217 27777 V APM_AudioPolicyManager: setAppState(portId:11856, state:1)
08-24 14:43:43.091  4217 27777 V APM_AudioPolicyManager: setAppState(portId:11883, state:2)
08-24 14:43:43.101  9865  9865 I TrayStateController: systemUiVisibilityChanged : 0 0
08-24 14:43:43.104  4896  4896 D NavigationBar: onSystemBarAppearanceChanged() -  displayId:0, appearance:16 (APPEARANCE_LIGHT_NAVIGATION_BARS ), navbarColorManagedByIme:false
08-24 14:43:43.106 24159 24159 D LifecycleMonitor: Lifecycle status change: com.example.dogglers.GridListActivity@1b194d in: CREATED
08-24 14:43:43.106 24159 24159 V ActivityScenario: Update currentActivityStage to CREATED, currentActivity=com.example.dogglers.GridListActivity@1b194d
08-24 14:43:43.109 24159 24159 D LifecycleMonitor: Lifecycle status change: com.example.dogglers.GridListActivity@1b194d in: STARTED
08-24 14:43:43.109 24159 24159 V ActivityScenario: Update currentActivityStage to STARTED, currentActivity=com.example.dogglers.GridListActivity@1b194d
08-24 14:43:43.111  4896  4896 D SecStatusBarMobileView: setStaticDrawableColor:
08-24 14:43:43.111  4896  4896 D SecStatusBarMobileView: setStaticDrawableColor:
08-24 14:43:43.111  4896  4896 D SecLightBarControlHelper: updateStatus(WHITE icon) NumLightStacks:0, NumStacks:1, IndexLightStack:-1, StatusBarMode:0, StatusBarState:SHD, NeedDarkFontFromWallpaper:false, isWhiteKeyguardStatusBarBySettings:false
08-24 14:43:43.112 24159 24159 D LifecycleMonitor: Lifecycle status change: com.example.dogglers.GridListActivity@1b194d in: RESUMED
08-24 14:43:43.112 24159 24159 V ActivityScenario: Update currentActivityStage to RESUMED, currentActivity=com.example.dogglers.GridListActivity@1b194d
08-24 14:43:43.117 21625 21625 I ViewRootImpl@b7edacd[WatchWhileActivity]: stopped(true) old=false
08-24 14:43:43.118  4585  7034 D InputTransport: Input channel constructed: '31c08d9', fd=696
08-24 14:43:43.118  4585  7034 D InputTransport: Input channel constructed: '31c08d9', fd=697
08-24 14:43:43.119 15874 15932 I Rubin   : [164608] ExercisingWithCmhMonitor.isSatisfiedByCmh(ExercisingWithCmhMonitor.java:119) : isSatisfiedByCmh is false
08-24 14:43:43.119  4226  4251 I SurfaceFlinger: id=88402 createSurf (0x0),-1 flag=80004, 31c08d9 com.example.dogglers/com.example.dogglers.GridListActivity#0
08-24 14:43:43.119  4585  7034 D WindowManager: isScreenshotDisabledLocked - win: Window{31c08d9 u0 com.example.dogglers/com.example.dogglers.GridListActivity}
08-24 14:43:43.119  4585  7034 D WindowManager: isScreenshotDisabledLocked: userId = 0, disabled =false
08-24 14:43:43.120  4585  7034 D InputTransport: Input channel destroyed: '31c08d9', fd=697
08-24 14:43:43.120 24159 24159 D InputTransport: Input channel constructed: '31c08d9', fd=80
08-24 14:43:43.122  4896  4896 D SecStatusBarMobileView: setStaticDrawableColor:
08-24 14:43:43.122  4896  4896 D SecStatusBarMobileView: setStaticDrawableColor:
08-24 14:43:43.122 24159 24159 I ViewRootImpl@b5617f1[GridListActivity]: setView = com.android.internal.policy.DecorView@f68795a TM=true
08-24 14:43:43.133  4585  5390 V WindowManager: Relayout Window{31c08d9 u0 com.example.dogglers/com.example.dogglers.GridListActivity}: viewVisibility=0 req=1080x2340
08-24 14:43:43.134  4585  5390 D WindowManager: isScreenshotDisabledLocked - win: Window{31c08d9 u0 com.example.dogglers/com.example.dogglers.GridListActivity}
08-24 14:43:43.135  4585  5390 D WindowManager: isScreenshotDisabledLocked: userId = 0, disabled =false
08-24 14:43:43.135  4226  5359 I SurfaceFlinger: id=88403 createSurf (1080x2340),1 flag=404, com.example.dogglers/com.example.dogglers.GridListActivity$_24159#0
08-24 14:43:43.137  4585  5390 I SurfaceControl: nativeRelease nativeObject s[537628425664]
08-24 14:43:43.138  4585  5390 I SurfaceControl: nativeRelease nativeObject e[537628425664]
08-24 14:43:43.138  9865  9865 I TrayStateController: systemUiVisibilityChanged : 0 0
08-24 14:43:43.139  4226  4251 I SurfaceFlinger: id=88404 createSurf (0x0),-1 flag=24000, Surface(name=e455c2d StatusBar)/@0x2f65071 - animation-leash#1
08-24 14:43:43.139  4585  5390 I SurfaceControl: nativeRelease nativeObject s[537628425088]
08-24 14:43:43.139  4585  5390 I SurfaceControl: nativeRelease nativeObject e[537628425088]
08-24 14:43:43.140  4226  4251 I SurfaceFlinger: id=88405 createSurf (0x0),-1 flag=24000, Surface(name=a71bb8f NavigationBar0)/@0x8f38906 - animation-leash#1
08-24 14:43:43.142  4585  5390 V WindowManager: Relayout hash=31c08d9, pid=24159: mAttrs={(0,0)(fillxfill) sim={adjust=resize forwardNavigation} ty=BASE_APPLICATION wanim=0x1030304
08-24 14:43:43.142  4585  5390 V WindowManager:   fl=81810100
08-24 14:43:43.142  4585  5390 V WindowManager:   pfl=12020000
08-24 14:43:43.142  4585  5390 V WindowManager:   apr=LIGHT_NAVIGATION_BARS
08-24 14:43:43.142  4585  5390 V WindowManager:   fitSides= naviIconColor=0
08-24 14:43:43.142  4585  5390 V WindowManager:   sfl=100000}
08-24 14:43:43.143  4585  5390 I SurfaceControl: nativeRelease nativeObject s[535558905536]
08-24 14:43:43.143  4585  5390 I SurfaceControl: nativeRelease nativeObject e[535558905536]
08-24 14:43:43.145 24159 24159 I SurfaceControl: assignNativeObject: nativeObject = 0 Surface(name=null)/@0x459cfd6 / android.view.SurfaceControl.readFromParcel:1117 android.view.IWindowSession$Stub$Proxy.relayout:1820 android.view.ViewRootImpl.relayoutWindow:9005 android.view.ViewRootImpl.performTraversals:3360 android.view.ViewRootImpl.doTraversal:2618 android.view.ViewRootImpl$TraversalRunnable.run:9971 android.view.Choreographer$CallbackRecord.run:1010 android.view.Choreographer.doCallbacks:809 android.view.Choreographer.doFrame:744 android.view.Choreographer$FrameDisplayEventReceiver.run:995
08-24 14:43:43.145  4226  5359 I Layer   : id=88395 removeFromCurrentState Surface(name=e455c2d StatusBar)/@0x2f65071 - animation-leash#0 (90)
08-24 14:43:43.145  4226  5359 I Layer   : id=88396 removeFromCurrentState Surface(name=a71bb8f NavigationBar0)/@0x8f38906 - animation-leash#0 (90)
08-24 14:43:43.146 24159 24159 I ViewRootImpl@b5617f1[GridListActivity]: Relayout returned: old=(0,0,1080,2340) new=(0,0,1080,2340) req=(1080,2340)0 dur=13 res=0x7 s={true 535692890112} ch=true fn=-1
08-24 14:43:43.147  4585  4613 I SurfaceControl: nativeRelease nativeObject s[535579927456]
08-24 14:43:43.147  4585  4613 I SurfaceControl: nativeRelease nativeObject e[535579927456]
08-24 14:43:43.147  4585  4613 I SurfaceControl: nativeRelease nativeObject s[535567040544]
08-24 14:43:43.147  4585  4613 I SurfaceControl: nativeRelease nativeObject e[535567040544]
08-24 14:43:43.147  4226  5359 I SurfaceFlinger: id=88395 Removed Surface(name=e455c2d StatusBar)/@0x2f65071 - animation-leash#0 (90)
08-24 14:43:43.147  4226  5359 I SurfaceFlinger: id=88396 Removed Surface(name=a71bb8f NavigationBar0)/@0x8f38906 - animation-leash#0 (90)
08-24 14:43:43.148  4585  5390 V WindowManager: Relayout Window{d095a7c u0 NotificationShade}: viewVisibility=4 req=1080x2340
08-24 14:43:43.150  4159 16850 D gralloc : [mali_gralloc_allocate] begin
08-24 14:43:43.151  4159 16850 D gralloc : buffer_descriptor: wh(1080 2340) usage_pc(0x40000000000b00 0x40000000000b00) hal_format(0x1) layer_count(1) sizes(0 0 0) strde(0) byte_stride(0) alloc_wh(0 0) internal_format(0x0) alloc_format(0x0) fd_count(1) plane_count(0)
08-24 14:43:43.152  4585  5390 V WindowManager: Relayout hash=d095a7c, pid=4896: mAttrs={(0,0)(fillxfill) gr=TOP CENTER_VERTICAL sim={adjust=resize} layoutInDisplayCutoutMode=always ty=2040 fmt=TRANSLUCENT
08-24 14:43:43.152  4585  5390 V WindowManager:   fl=81840048
08-24 14:43:43.152  4585  5390 V WindowManager:   pfl=1b000000
08-24 14:43:43.152  4585  5390 V WindowManager:   bhv=SHOW_TRANSIENT_BARS_BY_SWIPE naviIconColor=0
08-24 14:43:43.152  4585  5390 V WindowManager:   sfl=40000}
08-24 14:43:43.152  4159 16850 D gralloc : [mali_gralloc_allocate] allocation successful
08-24 14:43:43.154  4896  4896 I SurfaceControl: assignNativeObject: nativeObject = 0 Surface(name=null)/@0x79cdca4 / android.view.SurfaceControl.readFromParcel:1117 android.view.IWindowSession$Stub$Proxy.relayout:1810 android.view.ViewRootImpl.relayoutWindow:9005 android.view.ViewRootImpl.performTraversals:3360 android.view.ViewRootImpl.doTraversal:2618 android.view.ViewRootImpl$TraversalRunnable.run:9971 android.view.Choreographer$CallbackRecord.run:1010 android.view.Choreographer.doCallbacks:809 android.view.Choreographer.doFrame:744 android.view.Choreographer$FrameDisplayEventReceiver.run:995
08-24 14:43:43.155  4896  4896 I SurfaceControl: assignNativeObject: nativeObject = 0 Surface(name=null)/@0xd3c9bb / android.view.SurfaceControl.readFromParcel:1117 android.view.IWindowSession$Stub$Proxy.relayout:1820 android.view.ViewRootImpl.relayoutWindow:9005 android.view.ViewRootImpl.performTraversals:3360 android.view.ViewRootImpl.doTraversal:2618 android.view.ViewRootImpl$TraversalRunnable.run:9971 android.view.Choreographer$CallbackRecord.run:1010 android.view.Choreographer.doCallbacks:809 android.view.Choreographer.doFrame:744 android.view.Choreographer$FrameDisplayEventReceiver.run:995
08-24 14:43:43.155  4159 16850 D gralloc : [mali_gralloc_allocate] begin
08-24 14:43:43.155  4159 16850 D gralloc : buffer_descriptor: wh(1080 2340) usage_pc(0x40000000000b00 0x40000000000b00) hal_format(0x1) layer_count(1) sizes(0 0 0) strde(0) byte_stride(0) alloc_wh(0 0) internal_format(0x0) alloc_format(0x0) fd_count(1) plane_count(0)
08-24 14:43:43.155  4226  4226 I Layer   : id=88395[1] Destroyed Surface(name=e455c2d StatusBar)/@0x2f65071 - animation-leash#0
08-24 14:43:43.155  4226  4226 I Layer   : id=88396[1] Destroyed Surface(name=a71bb8f NavigationBar0)/@0x8f38906 - animation-leash#0
08-24 14:43:43.156  4896  4896 I ViewRootImpl@b9c0f52[NotificationShade]: Relayout returned: old=(0,0,1080,2340) new=(0,0,1080,2340) req=(1080,2340)4 dur=9 res=0x1 s={false 0} ch=false fn=-1
08-24 14:43:43.161  4159 16850 D gralloc : [mali_gralloc_allocate] allocation successful
08-24 14:43:43.163  4159 16850 D gralloc : [mali_gralloc_allocate] begin
08-24 14:43:43.163  4159 16850 D gralloc : buffer_descriptor: wh(1080 2340) usage_pc(0x40000000000b00 0x40000000000b00) hal_format(0x1) layer_count(1) sizes(0 0 0) strde(0) byte_stride(0) alloc_wh(0 0) internal_format(0x0) alloc_format(0x0) fd_count(1) plane_count(0)
08-24 14:43:43.165  4217 27777 V APM_AudioPolicyManager: setAppState(portId:11856, state:1)
08-24 14:43:43.166  4217 27777 V APM_AudioPolicyManager: setAppState(portId:11883, state:2)
08-24 14:43:43.166  4217 27777 V APM_AudioPolicyManager: setAppState(portId:11856, state:1)
08-24 14:43:43.166  4217 27777 V APM_AudioPolicyManager: setAppState(portId:11883, state:2)
08-24 14:43:43.170  4159 16850 D gralloc : [mali_gralloc_allocate] allocation successful
08-24 14:43:43.175 21625 21625 W YTPL.mediasession: MediaSession setActive(false)
08-24 14:43:43.179 21625 21625 W YT.mlplayer: Stayawake OFF
08-24 14:43:43.179  4896  4896 D KeyguardBottomAreaShortcutView: updateCameraVisibility isCameraDisabled:false visible:true
08-24 14:43:43.179  4896  4896 D KeyguardBottomAreaShortcutView: mIndicationArea margin start : 158, end : 158, bottom : 145
08-24 14:43:43.180 21625 21625 W YTPL.mediasession: MediaSession setActive(false)
08-24 14:43:43.183  4896  4896 D SecStatusBarMobileView: setStaticDrawableColor:
08-24 14:43:43.183  4896  4896 D SecStatusBarMobileView: setStaticDrawableColor:
08-24 14:43:43.185  4585  5390 D SensorService: removeConnection, index : 0, size : 1
08-24 14:43:43.185  4585  5390 D SensorService: # removeConnection, index : 0, size : 0
08-24 14:43:43.185  4585  5390 D SensorService: Calling activate off 1
08-24 14:43:43.185  4166  4166 I SensorsHub: activate: handle 1 enable 0
08-24 14:43:43.185  4166  4166 I SensorsHub: type : 1, enable : 0
08-24 14:43:43.186 21625 21625 D SensorManager: unregisterListener :: android.view.OrientationEventListener$SensorEventListenerImpl@99504
08-24 14:43:43.196  4896  4896 D FaceWidgetMediaSessionManager: onPlaybackStateChanged() state = PlaybackState {state=1, position=0, buffered position=0, speed=1.0, updated=1322763747, actions=8192, custom actions=[], active item id=-1, error=null}
08-24 14:43:43.200  4896  4896 I PluginFaceWidgetMediaDataFactory: getBitmapFromMetadata null
08-24 14:43:43.200  4896  4896 D PluginFaceWidgetMediaDataFactory: Elapsed Time : 4
08-24 14:43:43.201  4896  4896 D FaceWidgetMediaDataRepository: [update] key : com.google.android.youtube|0|192289192, oldKey : com.google.android.youtube|0|192289192, media : com.google.android.youtube, sourceType : SESSION
08-24 14:43:43.202 21625 21625 W YTPL.mediasession: MediaSession setActive(false)
08-24 14:43:43.203  4896  4896 D FaceWidgetMediaDataRepository: PlaybackState and Metadata is null. :: com.google.android.youtube
08-24 14:43:43.203  4896  4896 D FaceWidgetMediaSessionManager: onMetadataChanged() metadata = null
08-24 14:43:43.203  4896  4896 I PluginFaceWidgetMediaDataFactory: getBitmapFromMetadata null
08-24 14:43:43.203  4896  4896 D PluginFaceWidgetMediaDataFactory: Elapsed Time : 0
08-24 14:43:43.204  4896  4896 D FaceWidgetMediaDataRepository: [update] key : com.google.android.youtube|0|192289192, oldKey : com.google.android.youtube|0|192289192, media : com.google.android.youtube, sourceType : SESSION
08-24 14:43:43.211  4585  7112 I SurfaceControl: nativeRelease nativeObject s[535567039680]
08-24 14:43:43.211  4585  7112 I SurfaceControl: nativeRelease nativeObject e[535567039680]
08-24 14:43:43.211  4226  4601 I Layer   : id=88382 removeFromCurrentState com.google.android.youtube/com.google.android.apps.youtube.app.watchwhile.WatchWhileActivity$_21625#0 (88)
08-24 14:43:43.211  4226  4601 I Layer   : id=88385 removeFromCurrentState Bounds for - com.google.android.youtube/com.google.android.apps.youtube.app.watchwhile.WatchWhileActivity@8#0 (88)
08-24 14:43:43.211  4226  4601 I Layer   : id=88386 removeFromCurrentState SurfaceView - com.google.android.youtube/com.google.android.apps.youtube.app.watchwhile.WatchWhileActivity@c9edee9@8#0 (88)
08-24 14:43:43.214  4896  4896 D FaceWidgetMediaDataRepository: PlaybackState and Metadata is null. :: com.google.android.youtube
08-24 14:43:43.214  4896  4896 D FaceWidgetMediaSessionManager: onPlaybackStateChanged() state = PlaybackState {state=1, position=0, buffered position=0, speed=1.0, updated=1322763751, actions=8192, custom actions=[], active item id=-1, error=null}
08-24 14:43:43.215  4585  4635 D FastTrack: setFastTrackState: pid = 21625 ;tid= 21625 ;value= 0
