08-24 14:43:37.932 24159 24204 I TestRunner: started: horizontal_list_button_is_displayed(com.example.dogglers.ButtonTests)
08-24 14:43:37.939 24159 24159 I ViewRootImpl@ad18ccc[VerticalListActivity]: dispatchDetachedFromWindow
08-24 14:43:37.940  4585  5390 D InputTransport: Input channel destroyed: '7a9a62a', fd=691
08-24 14:43:37.941  4585  5390 I SurfaceControl: nativeRelease nativeObject s[535557017472]
08-24 14:43:37.941  4585  5390 I SurfaceControl: nativeRelease nativeObject e[535557017472]
08-24 14:43:37.941  4585  5390 D WindowManager: isScreenshotDisabledLocked - win: Window{7a9a62a u0 com.example.dogglers/com.example.dogglers.VerticalListActivity}
08-24 14:43:37.941  4585  5390 D WindowManager: isScreenshotDisabledLocked: userId = 0, disabled =false
08-24 14:43:37.941  4585  5390 I SurfaceControl: nativeRelease nativeObject s[537628420288]
08-24 14:43:37.941  4585  5390 I SurfaceControl: nativeRelease nativeObject e[537628420288]
08-24 14:43:37.942  4226  4251 I Layer   : id=88221 removeFromCurrentState com.example.dogglers/com.example.dogglers.VerticalListActivity$_24159#0 (77)
08-24 14:43:37.942  4226  4251 I SurfaceFlinger: id=88221 Removed com.example.dogglers/com.example.dogglers.VerticalListActivity$_24159#0 (77)
08-24 14:43:37.945  4226  4226 I Layer   : id=88221[1] Destroyed com.example.dogglers/com.example.dogglers.VerticalListActivity$_24159#0
08-24 14:43:37.947  4226  4251 I Layer   : id=88198 removeFromCurrentState 7a9a62a com.example.dogglers/com.example.dogglers.VerticalListActivity#0 (76)
08-24 14:43:37.948  4226  4251 I SurfaceFlinger: id=88198 Removed 7a9a62a com.example.dogglers/com.example.dogglers.VerticalListActivity#0 (76)
08-24 14:43:37.948 24159 24159 D InputTransport: Input channel destroyed: '7a9a62a', fd=89
08-24 14:43:37.951  4585  7040 I SurfaceControl: nativeRelease nativeObject s[535556321696]
08-24 14:43:37.952  4585  7040 I SurfaceControl: nativeRelease nativeObject e[535556321696]
08-24 14:43:37.953  4585  7040 I SurfaceControl: nativeRelease nativeObject s[537628419808]
08-24 14:43:37.953  4585  7040 I SurfaceControl: nativeRelease nativeObject e[537628419808]
08-24 14:43:37.961  4226  4226 I Layer   : id=88198[1] Destroyed 7a9a62a com.example.dogglers/com.example.dogglers.VerticalListActivity#0
08-24 14:43:37.961 24159 24204 W Settings: Setting always_finish_activities has moved from android.provider.Settings.System to android.provider.Settings.Global, returning read-only value.
08-24 14:43:37.963  4226  4251 I Layer   : id=88197 removeFromCurrentState ActivityRecord{3cd455d u0 com.example.dogglers/.VerticalListActivity t1563}#0 (75)
08-24 14:43:37.963  4226  4251 I Layer   : id=88179 removeFromCurrentState Task=1563#0 (75)
08-24 14:43:37.964  4226  4251 I SurfaceFlinger: id=88197 Removed ActivityRecord{3cd455d u0 com.example.dogglers/.VerticalListActivity t1563}#0 (75)
08-24 14:43:37.964  4226  4251 I SurfaceFlinger: id=88179 Removed Task=1563#0 (75)
08-24 14:43:37.978  4226  4226 I Layer   : id=88179[1] Destroyed Task=1563#0
08-24 14:43:37.978  4226  4226 I Layer   : id=88197[1] Destroyed ActivityRecord{3cd455d u0 com.example.dogglers/.VerticalListActivity t1563}#0
08-24 14:43:37.988  4585  5732 I SemDvfsHyPerManager: acquire hyper - AMS_APP_SWITCH/4585@30, type = -999
08-24 14:43:37.989  4175  4211 I HYPER-HAL: [RequestManager.cpp]acquire(): Acquired ID : 10651450  [4585 / 30]    HINT : AMS_APP_SWITCH    list :
08-24 14:43:37.990  4175  4211 I HYPER-HAL: [ResourceManager.cpp]updateResource(): [CPUMinFreq] UpdateResource Request ID : 10651450    Value : 2314000
08-24 14:43:37.991  7134  7134 I SemDvfsHyPerManager: acquire hyper - com.sec.android.sdhms/7134@9, type = -999
08-24 14:43:37.991  4226  4251 I SurfaceFlinger: id=88235 createSurf (0x0),-1 flag=24004, Task=1564#0
08-24 14:43:37.991  4175  4211 I HYPER-HAL: [RequestManager.cpp]acquire(): Acquired ID : 25514805  [7134 / 9]    HINT : APP_START    list :
08-24 14:43:37.991  4175  4211 E HYPER-HAL: [HandlerSysfs.cpp]doResourceHandling(): Couldn't Open Sysfs - /sys/kernel/mm/vmscan/am_app_launch
08-24 14:43:37.991  4175  4211 I HYPER-HAL: [ResourceManager.cpp]updateResource(): [CPUMaxFreq] UpdateResource Request ID : 25514805    Value : 2314000
08-24 14:43:37.995  4226  4251 I SurfaceFlinger: id=88236 createSurf (0x0),-1 flag=80004, ActivityRecord{688bad3 u0 com.example.dogglers/androidx.test.core.app.InstrumentationActivityInvoker$BootstrapActivity t1564}#0
08-24 14:43:38.000  4175 24500 I HYPER-HAL: [ResourceManager.cpp]removeResource(): [CPUMinFreq] RemoveResource Request ID : 10596124
08-24 14:43:38.000  4175 24500 I HYPER-HAL: [RequestManager.cpp]releaseLocked(): Released ID : 10596124
08-24 14:43:38.028  4585  7040 V WindowOrientationListener: getProposedRotation: -1
08-24 14:43:38.030  4140  4146 E statsd  : Predicate -7037417284711607308 dropping data for dimension key (10)0x2010101->10574[I] (10)0x30000->*launch*[S]
08-24 14:43:38.031  4140  4146 E statsd  : Predicate 5980654721335871649 dropping data for dimension key (10)0x2010101->10574[I] (10)0x30000->*launch*[S]
08-24 14:43:38.035  4585  7040 I SemDvfsHyPerManager: acquire hyper - AMS_APP_LAUNCH/4585@17, type = -999
08-24 14:43:38.035  4175  4211 I HYPER-HAL: [RequestManager.cpp]acquire(): Acquired ID : 10591520  [4585 / 17]    HINT : AMS_APP_LAUNCH    list :
08-24 14:43:38.036  4175  4211 I HYPER-HAL: [ResourceManager.cpp]updateResource(): [CPUMinFreq] UpdateResource Request ID : 10591520    Value : 2314000
08-24 14:43:38.041  4585  5390 V WindowOrientationListener: getProposedRotation: -1
08-24 14:43:38.042  4585  5390 V WindowOrientationListener: getProposedRotation: -1
08-24 14:43:38.043  4585  5390 V WindowOrientationListener: getProposedRotation: -1
08-24 14:43:38.047  4585  5390 D InputDispatcher: Focused application set to (0): 688bad3
08-24 14:43:38.056  4585  4635 D FastTrack: setFastTrackState: pid = 24159 ;tid= 24159 ;value= 1
08-24 14:43:38.057  4585  4635 D FastTrack: setFastTrackState: pid = 24159 ;tid= 24214 ;value= 1
08-24 14:43:38.067 24159 24159 D LifecycleMonitor: Lifecycle status change: androidx.test.core.app.InstrumentationActivityInvoker$BootstrapActivity@998fea2 in: PRE_ON_CREATE
08-24 14:43:38.067 24159 24159 V ActivityScenario: Activity lifecycle changed event received but ignored because the intent does not match. startActivityIntent=Intent { act=android.intent.action.MAIN cat=[android.intent.category.LAUNCHER] cmp=com.example.dogglers/.MainActivity }, activity.getIntent()=Intent { act=android.intent.action.MAIN cat=[android.intent.category.LAUNCHER] flg=0x10008000 cmp=com.example.dogglers/androidx.test.core.app.InstrumentationActivityInvoker$BootstrapActivity (has extras) }, activity=androidx.test.core.app.InstrumentationActivityInvoker$BootstrapActivity@998fea2
08-24 14:43:38.070  4585  4613 D InputTransport: Input channel constructed: 'ce91727', fd=691
08-24 14:43:38.070  4585  4613 D InputTransport: Input channel constructed: 'ce91727', fd=731
08-24 14:43:38.070  4585  4594 I system_server: NativeAlloc concurrent copying GC freed 461055(21MB) AllocSpace objects, 140(4280KB) LOS objects, 21% free, 85MB/109MB, paused 479us total 633.934ms
08-24 14:43:38.071  4585  4820 D PkgPredictorService: com.example.dogglers go to foreground!
08-24 14:43:38.071  4585  4820 E PkgPredictorService-Collector: record changed bt=0  wifi=0 screen=0
08-24 14:43:38.071  4585  4820 D PkgPredictorService: previous pkgs: com.example.dogglers,com.google.android.youtube,com.example.dogglers running pkg: com.example.dogglers, uid: 0 is system: false
08-24 14:43:38.072  4585  4820 D PkgPredictorService-Collector: save record...
08-24 14:43:38.072  4585  4820 D PkgPredictorService-Collector:  (hour:14 day:4 previous:[com.example.dogglers, com.google.android.youtube, com.example.dogglers] activityName:unknown running:com.example.dogglers userId:0 screenOrientation:0 wifi:0 bt:0 predictTime:2 apkVersion:1.0 consumeTime:-1 preloaded:false>)
08-24 14:43:38.072  4226  5359 I SurfaceFlinger: id=88237 createSurf (0x0),-1 flag=80004, ce91727 Splash Screen com.example.dogglers#0
08-24 14:43:38.072  4585  4820 D PkgPredictorService-NapPreloadController: User using: com.example.dogglers
08-24 14:43:38.072  4585  4820 I PkgPredictorService-NapClassifier: RF predict version:1661289077471
08-24 14:43:38.074  4585  4613 I ViewRootImpl@9dd95e6[dogglers]: setView = com.android.internal.policy.DecorView@4a2236c TM=true
08-24 14:43:38.075  4585  4820 D PkgPredictorService-NapClassifier: Predict result: 144.0,146.0,166.0, - [0_&_org.telegram.plus, 0_&_com.google.android.youtube, 0_&_com.samsung.android.app.contacts]
08-24 14:43:38.076  4585  4610 D SehCodecSolutionService: Update top [com.example.dogglers]
08-24 14:43:38.077 15874 15932 I Rubin   : [164608] LoggingEventHelper.notifyUpdatedWithValue(LoggingEventHelper.java:58) : Notify AppUsageLogger's database is updated.
08-24 14:43:38.079 24159 24159 I DecorView: [INFO] isPopOver=false, config=true
08-24 14:43:38.079 24159 24159 I DecorView: updateCaptionType >> DecorView@34dfaf0[], isFloating=false, isApplication=true, hasWindowDecorCaption=false, hasWindowControllerCallback=true
08-24 14:43:38.079 24159 24159 D DecorView: setCaptionType = 0, this = DecorView@34dfaf0[]
08-24 14:43:38.083  4585  4613 V WindowManager: Relayout Window{ce91727 u0 Splash Screen com.example.dogglers}: viewVisibility=0 req=1080x2340
08-24 14:43:38.085  4585  4596 W System  : A resource failed to call release.
08-24 14:43:38.085  4585  4596 I SurfaceControl: nativeRelease nativeObject s[537628423264]
08-24 14:43:38.085  4585  4596 I SurfaceControl: nativeRelease nativeObject e[537628423264]
08-24 14:43:38.085  4585  4613 D WindowManager: isScreenshotDisabledLocked - win: Window{ce91727 u0 Splash Screen com.example.dogglers}
08-24 14:43:38.085  4585  4613 D WindowManager: isScreenshotDisabledLocked: userId = 0, disabled =false
08-24 14:43:38.086  4226  4251 I SurfaceFlinger: id=88238 createSurf (1080x2340),1 flag=404, Splash Screen com.example.dogglers#0
08-24 14:43:38.088  4585  4596 W System  : A resource failed to call end.
08-24 14:43:38.088 24159 24159 D LifecycleMonitor: Lifecycle status change: androidx.test.core.app.InstrumentationActivityInvoker$BootstrapActivity@998fea2 in: CREATED
08-24 14:43:38.089 24159 24159 V ActivityScenario: Activity lifecycle changed event received but ignored because the intent does not match. startActivityIntent=Intent { act=android.intent.action.MAIN cat=[android.intent.category.LAUNCHER] cmp=com.example.dogglers/.MainActivity }, activity.getIntent()=Intent { act=android.intent.action.MAIN cat=[android.intent.category.LAUNCHER] flg=0x10008000 cmp=com.example.dogglers/androidx.test.core.app.InstrumentationActivityInvoker$BootstrapActivity (has extras) }, activity=androidx.test.core.app.InstrumentationActivityInvoker$BootstrapActivity@998fea2
08-24 14:43:38.089  4585  4596 W System  : A resource failed to call release.
08-24 14:43:38.090  4585  4596 I SurfaceControl: nativeRelease nativeObject s[535579927264]
08-24 14:43:38.090  4585  4596 I SurfaceControl: nativeRelease nativeObject e[535579927264]
08-24 14:43:38.090  4226  4251 I SurfaceFlinger: id=88178 Removed Surface(name=a3a0629 InputMethod)/@0x54f474f - animation-leash#0 (77)
08-24 14:43:38.090  4585  4613 V WindowManager: Relayout hash=ce91727, pid=4585: mAttrs={(0,0)(fillxfill) sim={adjust=pan} layoutInDisplayCutoutMode=shortEdges ty=APPLICATION_STARTING wanim=0x1030001
08-24 14:43:38.090  4585  4613 V WindowManager:   fl=1830118
08-24 14:43:38.090  4585  4613 V WindowManager:   pfl=12020011
08-24 14:43:38.090  4585  4613 V WindowManager:   apr=LIGHT_NAVIGATION_BARS
08-24 14:43:38.090  4585  4613 V WindowManager:   fitSides= naviIconColor=0
08-24 14:43:38.090  4585  4613 V WindowManager:   sfl=100000}
08-24 14:43:38.091  4585  4613 I ViewRootImpl@9dd95e6[dogglers]: Relayout returned: old=(0,0,1080,2340) new=(0,0,1080,2340) req=(1080,2340)0 dur=8 res=0x7 s={true 535581126656} ch=true fn=-1
08-24 14:43:38.091  4217  4353 V APM_AudioPolicyManager: setAppState(portId:11856, state:1)
08-24 14:43:38.091  4217  4353 V APM_AudioPolicyManager: setAppState(portId:11883, state:2)
08-24 14:43:38.091  4585  4613 I ViewRootImpl@9dd95e6[dogglers]: [DP] dp(1) 1 android.view.ViewRootImpl.reportNextDraw:10957 android.view.ViewRootImpl.performTraversals:3845 android.view.ViewRootImpl.doTraversal:2618
08-24 14:43:38.092 24159 24159 D LifecycleMonitor: Lifecycle status change: androidx.test.core.app.InstrumentationActivityInvoker$BootstrapActivity@998fea2 in: STARTED
08-24 14:43:38.093 24159 24159 V ActivityScenario: Activity lifecycle changed event received but ignored because the intent does not match. startActivityIntent=Intent { act=android.intent.action.MAIN cat=[android.intent.category.LAUNCHER] cmp=com.example.dogglers/.MainActivity }, activity.getIntent()=Intent { act=android.intent.action.MAIN cat=[android.intent.category.LAUNCHER] flg=0x10008000 cmp=com.example.dogglers/androidx.test.core.app.InstrumentationActivityInvoker$BootstrapActivity (has extras) }, activity=androidx.test.core.app.InstrumentationActivityInvoker$BootstrapActivity@998fea2
08-24 14:43:38.093  4159 17194 D gralloc : [mali_gralloc_allocate] begin
08-24 14:43:38.093  4159 17194 D gralloc : buffer_descriptor: wh(1080 2340) usage_pc(0x966 0x906) hal_format(0x1) layer_count(1) sizes(0 0 0) strde(0) byte_stride(0) alloc_wh(0 0) internal_format(0x0) alloc_format(0x0) fd_count(1) plane_count(0)
08-24 14:43:38.093  4585  4596 W System  : A resource failed to call release.
08-24 14:43:38.093  4585  4596 I SurfaceControl: nativeRelease nativeObject s[537628425376]
08-24 14:43:38.093  4585  4596 I SurfaceControl: nativeRelease nativeObject e[537628425376]
08-24 14:43:38.093  4585  4596 W System  : A resource failed to call release.
08-24 14:43:38.093  4226  4601 I SurfaceFlinger: id=88167 Removed Surface(name=a71bb8f NavigationBar0)/@0x8f38906 - animation-leash#1 (77)
08-24 14:43:38.093  4585  4596 I SurfaceControl: nativeRelease nativeObject s[537628414912]
08-24 14:43:38.093  4585  4596 I SurfaceControl: nativeRelease nativeObject e[537628414912]
08-24 14:43:38.093  4226  4601 I SurfaceFlinger: id=88166 Removed Surface(name=e455c2d StatusBar)/@0x2f65071 - animation-leash#1 (77)
08-24 14:43:38.094  4585  4596 W System  : A resource failed to call release.
08-24 14:43:38.094  4585  4596 I SurfaceControl: nativeRelease nativeObject s[535556333792]
08-24 14:43:38.094  4585  4596 I SurfaceControl: nativeRelease nativeObject e[535556333792]
08-24 14:43:38.095  4226  4226 I Layer   : id=88166[1] Destroyed Surface(name=e455c2d StatusBar)/@0x2f65071 - animation-leash#1
08-24 14:43:38.095  4226  4226 I Layer   : id=88167[1] Destroyed Surface(name=a71bb8f NavigationBar0)/@0x8f38906 - animation-leash#1
08-24 14:43:38.095  4226  4226 I Layer   : id=88178[1] Destroyed Surface(name=a3a0629 InputMethod)/@0x54f474f - animation-leash#0
08-24 14:43:38.096  4585  7112 I InputDispatcher: Focus left window (21625): 911a194 in display 0 0
08-24 14:43:38.098  4159 17194 D gralloc : [mali_gralloc_allocate] allocation successful
08-24 14:43:38.103 21625 21625 I ViewRootImpl@b7edacd[WatchWhileActivity]: MSG_WINDOW_FOCUS_CHANGED 0 1
08-24 14:43:38.113  4585  4613 I ViewRootImpl@9dd95e6[dogglers]: [DP] pdf(0) 1 android.view.ViewRootImpl.performDraw:4809 android.view.ViewRootImpl.performTraversals:3866 android.view.ViewRootImpl.doTraversal:2618
08-24 14:43:38.113  4585  4613 I ViewRootImpl@9dd95e6[dogglers]: [DP] rdf()
08-24 14:43:38.118  4585  4596 W System  : A resource failed to call release.
08-24 14:43:38.118  4585  4596 I SurfaceControl: nativeRelease nativeObject s[537628419328]
08-24 14:43:38.118  4585  4596 I SurfaceControl: nativeRelease nativeObject e[537628419328]
08-24 14:43:38.118  4226  5359 I SurfaceFlinger: id=88123 Removed Surface(name=a3a0629 InputMethod)/@0x54f474f - animation-leash#0 (74)
08-24 14:43:38.124  4585  4613 D WindowManager: isScreenshotDisabledLocked - win: Window{a3a0629 u0 InputMethod}
08-24 14:43:38.125  4585  4613 D WindowManager: isScreenshotDisabledLocked: userId = 0, disabled =false
08-24 14:43:38.125  4585  4613 D WindowManager: isScreenshotDisabledLocked - win: Window{911a194 u0 com.google.android.youtube/com.google.android.apps.youtube.app.watchwhile.WatchWhileActivity}
08-24 14:43:38.125  4585  4613 D WindowManager: isScreenshotDisabledLocked: userId = 0, disabled =false
08-24 14:43:38.126  4159 17194 D gralloc : [mali_gralloc_allocate] begin
08-24 14:43:38.126  4159 17194 D gralloc : buffer_descriptor: wh(1080 2340) usage_pc(0x366 0x306) hal_format(0x1) layer_count(1) sizes(0 0 0) strde(0) byte_stride(0) alloc_wh(0 0) internal_format(0x0) alloc_format(0x0) fd_count(1) plane_count(0)
08-24 14:43:38.126  4159 17194 D gralloc : [mali_gralloc_allocate] allocation successful
08-24 14:43:38.131  4226  4226 I Layer   : id=88239[0] Destroyed Screenshot Parent
08-24 14:43:38.131  4226  4226 I Layer   : id=88123[1] Destroyed Surface(name=a3a0629 InputMethod)/@0x54f474f - animation-leash#0
08-24 14:43:38.134 21625 21625 I SurfaceView: onWindowVisibilityChanged(8) false android.view.SurfaceView{c9edee9 V.E...... ......ID 0,0-1080,607} of ViewRootImpl@b7edacd[WatchWhileActivity]
08-24 14:43:38.135 21625 21625 I SurfaceView: surfaceDestroyed callback.size 1 #2 android.view.SurfaceView{c9edee9 V.E...... ......ID 0,0-1080,607}
08-24 14:43:38.139 21625 21625 I SurfaceView: remove() android.view.SurfaceView{c9edee9 V.E...... ......ID 0,0-1080,607} Surface(name=SurfaceView - com.google.android.youtube/com.google.android.apps.youtube.app.watchwhile.WatchWhileActivity@c9edee9@4)/@0x853a590
08-24 14:43:38.140 21625 21625 I SurfaceControl: nativeRelease nativeObject s[537816937536]
08-24 14:43:38.140 21625 21625 I SurfaceControl: nativeRelease nativeObject e[537816937536]
08-24 14:43:38.140 21625 21625 I SurfaceControl: nativeRelease nativeObject s[537816937632]
08-24 14:43:38.140 21625 21625 I SurfaceControl: nativeRelease nativeObject e[537816937632]
08-24 14:43:38.140  4226  5359 I Layer   : id=88231 removeFromCurrentState Background for -SurfaceView - com.google.android.youtube/com.google.android.apps.youtube.app.watchwhile.WatchWhileActivity@c9edee9@4#0 (73)
08-24 14:43:38.141  4226  4251 I SurfaceFlinger: id=88231 Removed Background for -SurfaceView - com.google.android.youtube/com.google.android.apps.youtube.app.watchwhile.WatchWhileActivity@c9edee9@4#0 (73)
08-24 14:43:38.141  4226  4251 I SurfaceFlinger: id=88230 Removed SurfaceView - com.google.android.youtube/com.google.android.apps.youtube.app.watchwhile.WatchWhileActivity@c9edee9@4#0 (73)
08-24 14:43:38.143  4585  4613 I SurfaceControl: nativeRelease nativeObject s[535557020544]
08-24 14:43:38.143  4585  4613 I SurfaceControl: nativeRelease nativeObject e[535557020544]
08-24 14:43:38.145  4226  4251 E BufferQueueProducer: [com.google.android.youtube/com.google.android.apps.youtube.app.watchwhile.WatchWhileActivity$_21625#0](id:108200004930,api:0,p:-1,c:4226) disconnect: not connected (req=1)
08-24 14:43:38.145 21625 21862 W libEGL  : EGLNativeWindowType 0x7c930a9010 disconnect failed
08-24 14:43:38.145  9865  9865 I TrayStateController: systemUiVisibilityChanged : 2 0
08-24 14:43:38.146  4226  5359 I SurfaceFlinger: id=88240 createSurf (0x0),-1 flag=24000, Surface(name=e455c2d StatusBar)/@0x2f65071 - animation-leash#0
08-24 14:43:38.146  4585  4613 I SurfaceControl: nativeRelease nativeObject s[535557020640]
08-24 14:43:38.147  4585  4613 I SurfaceControl: nativeRelease nativeObject e[535557020640]
08-24 14:43:38.147  4226  4226 I Layer   : id=88231[1] Destroyed Background for -SurfaceView - com.google.android.youtube/com.google.android.apps.youtube.app.watchwhile.WatchWhileActivity@c9edee9@4#0
08-24 14:43:38.147  4226  5359 I SurfaceFlinger: id=88241 createSurf (0x0),-1 flag=24000, Surface(name=a71bb8f NavigationBar0)/@0x8f38906 - animation-leash#0
08-24 14:43:38.150  4226  5359 I Layer   : id=88227 removeFromCurrentState Surface(name=e455c2d StatusBar)/@0x2f65071 - animation-leash#1 (74)
08-24 14:43:38.150  4226  5359 I Layer   : id=88228 removeFromCurrentState Surface(name=a71bb8f NavigationBar0)/@0x8f38906 - animation-leash#1 (74)
08-24 14:43:38.150  9865  9865 I TrayStateController: systemUiVisibilityChanged : 0 0
08-24 14:43:38.150  4226  4226 D SurfaceFlinger: Display 0 HWC layers:
08-24 14:43:38.150  4226  4226 D SurfaceFlinger:      DEVICE | 0x77ae646780 | 0000 | RGBA_8888    |    0.0    0.0 1080.0 2340.0 |    0    0 1080 2340 | com.google.android.youtube/com.googl[...]tchwhile.WatchWhileActivity$_21625#0
08-24 14:43:38.150  4226  4226 D SurfaceFlinger:      DEVICE | 0x77ce815e00 | 0000 | RGBA_8888    |    0.0    0.0 1080.0   83.0 |    0    0 1080   83 | StatusBar$_4896#0
08-24 14:43:38.150  4226  4226 D SurfaceFlinger:      DEVICE | 0x77ce8157c0 | 0000 | RGBA_8888    |    0.0    0.0   67.0  342.0 |    0  746   67 1088 | com.samsung.android.app.cocktailbars[...]arservice.CocktailBarService$_9865#0
08-24 14:43:38.150  4226  4226 D SurfaceFlinger:      DEVICE | 0x7851238200 | 0000 | RGBA_8888    |    0.0    0.0  388.0   39.0 |  692 2301 1080 2340 | SGestureOverlayWindow$_5408#0
08-24 14:43:38.150  4226  4226 D SurfaceFlinger:      DEVICE | 0x77ce816800 | 0000 | RGBA_8888    |    0.0    0.0 1080.0  126.0 |    0 2214 1080 2340 | NavigationBar0$_4896#0
08-24 14:43:38.150  4226  4226 D SurfaceFlinger:      DEVICE | 0x77ce814b40 | 0000 | RGBA_8888    |    0.0    0.0 1080.0  151.0 |    0    0 1080  151 | ScreenDecorOverlay$_4896#0
08-24 14:43:38.150  4226  4226 D SurfaceFlinger:      DEVICE | 0x77ce817d40 | 0000 | RGBA_8888    |    0.0    0.0 1080.0  151.0 |    0 2189 1080 2340 | ScreenDecorOverlayBottom$_
08-24 14:43:38.150  4226  4226 D SurfaceFlinger: 4896#0
08-24 14:43:38.150  4226  4226 D SurfaceFlinger:
08-24 14:43:38.152  4585  5087 V WindowManager: Relayout Window{911a194 u0 com.google.android.youtube/com.google.android.apps.youtube.app.watchwhile.WatchWhileActivity}: viewVisibility=8 req=1080x2340
08-24 14:43:38.155  4896  4896 D NavigationBar: onSystemBarAppearanceChanged() -  displayId:0, appearance:16 (APPEARANCE_LIGHT_NAVIGATION_BARS ), navbarColorManagedByIme:false
08-24 14:43:38.156  4896  4896 D SecStatusBarMobileView: setStaticDrawableColor:
08-24 14:43:38.156  4896  4896 D SecStatusBarMobileView: setStaticDrawableColor:
08-24 14:43:38.156  4896  4896 D SecLightBarControlHelper: updateStatus(WHITE icon) NumLightStacks:0, NumStacks:1, IndexLightStack:-1, StatusBarMode:0, StatusBarState:SHD, NeedDarkFontFromWallpaper:false, isWhiteKeyguardStatusBarBySettings:false
08-24 14:43:38.159  4585  5087 V WindowManager: Relayout hash=911a194, pid=21625: mAttrs={(0,0)(fillxfill) sim={adjust=resize} layoutInDisplayCutoutMode=shortEdges ty=BASE_APPLICATION fmt=TRANSLUCENT wanim=0x1030304 sysuil=true
08-24 14:43:38.159  4585  5087 V WindowManager:   fl=81810100
08-24 14:43:38.159  4585  5087 V WindowManager:   pfl=12020000
08-24 14:43:38.159  4585  5087 V WindowManager:   vsysui=3710
08-24 14:43:38.159  4585  5087 V WindowManager:   apr=LIGHT_STATUS_BARS LIGHT_NAVIGATION_BARS
08-24 14:43:38.159  4585  5087 V WindowManager:   bhv=SHOW_TRANSIENT_BARS_BY_SWIPE
08-24 14:43:38.159  4585  5087 V WindowManager:   fitSides= naviIconColor=0}
08-24 14:43:38.160 21625 21625 I SurfaceControl: nativeRelease nativeObject s[537816938304]
08-24 14:43:38.160 21625 21625 I SurfaceControl: nativeRelease nativeObject e[537816938304]
08-24 14:43:38.161 21625 21625 I SurfaceControl: assignNativeObject: nativeObject = 0 Surface(name=null)/@0x10ea726 / android.view.SurfaceControl.readFromParcel:1117 android.view.IWindowSession$Stub$Proxy.relayout:1810 android.view.ViewRootImpl.relayoutWindow:9005 android.view.ViewRootImpl.performTraversals:3360 android.view.ViewRootImpl.doTraversal:2618 android.view.ViewRootImpl$TraversalRunnable.run:9971 android.view.Choreographer$CallbackRecord.run:1010 android.view.Choreographer.doCallbacks:809 android.view.Choreographer.doFrame:744 android.view.Choreographer$FrameDisplayEventReceiver.run:995
08-24 14:43:38.161 21625 21625 I SurfaceControl: assignNativeObject: nativeObject = 0 Surface(name=null)/@0x3a5f6d6 / android.view.SurfaceControl.readFromParcel:1117 android.view.IWindowSession$Stub$Proxy.relayout:1820 android.view.ViewRootImpl.relayoutWindow:9005 android.view.ViewRootImpl.performTraversals:3360 android.view.ViewRootImpl.doTraversal:2618 android.view.ViewRootImpl$TraversalRunnable.run:9971 android.view.Choreographer$CallbackRecord.run:1010 android.view.Choreographer.doCallbacks:809 android.view.Choreographer.doFrame:744 android.view.Choreographer$FrameDisplayEventReceiver.run:995
08-24 14:43:38.161 21625 21625 I SurfaceControl: nativeRelease nativeObject s[537816932544]
08-24 14:43:38.161 21625 21625 I SurfaceControl: nativeRelease nativeObject e[537816932544]
08-24 14:43:38.162  4226  4248 I SurfaceFlinger: id=88229 Removed Bounds for - com.google.android.youtube/com.google.android.apps.youtube.app.watchwhile.WatchWhileActivity@4#0 (74)
08-24 14:43:38.162 21625 21625 I SurfaceControl: nativeRelease nativeObject s[537816938976]
08-24 14:43:38.162 21625 21625 I SurfaceControl: nativeRelease nativeObject e[537816938976]
08-24 14:43:38.162 21625 21625 I SurfaceControl: nativeRelease nativeObject s[537816938688]
08-24 14:43:38.162 21625 21625 I SurfaceControl: nativeRelease nativeObject e[537816938688]
08-24 14:43:38.162  4226  4248 I SurfaceFlinger: id=88228 Removed Surface(name=a71bb8f NavigationBar0)/@0x8f38906 - animation-leash#1 (74)
08-24 14:43:38.162 21625 21625 I SurfaceControl: nativeRelease nativeObject s[537816938592]
08-24 14:43:38.162 21625 21625 I SurfaceControl: nativeRelease nativeObject e[537816938592]
08-24 14:43:38.162  4226  4248 I SurfaceFlinger: id=88227 Removed Surface(name=e455c2d StatusBar)/@0x2f65071 - animation-leash#1 (74)
08-24 14:43:38.163 21625 21625 I ViewRootImpl@b7edacd[WatchWhileActivity]: Relayout returned: old=(0,0,1080,2340) new=(0,0,1080,2340) req=(1080,2340)8 dur=16 res=0x5 s={false 0} ch=true fn=29
08-24 14:43:38.163 21625 21625 I SurfaceView: windowStopped(true) false android.view.SurfaceView{c9edee9 V.E...... ......ID 0,0-1080,607} of ViewRootImpl@b7edacd[WatchWhileActivity]
08-24 14:43:38.165 21625 21625 I SurfaceControl: nativeRelease nativeObject s[537816938304]
08-24 14:43:38.165 21625 21625 I SurfaceControl: nativeRelease nativeObject e[537816938304]
08-24 14:43:38.166  4896  4896 D SecStatusBarMobileView: setStaticDrawableColor:
08-24 14:43:38.166  4896  4896 D SecStatusBarMobileView: setStaticDrawableColor:
08-24 14:43:38.170 15874 15932 I Rubin   : [164608] ExercisingWithCmhMonitor.isSatisfiedByCmh(ExercisingWithCmhMonitor.java:119) : isSatisfiedByCmh is false
08-24 14:43:38.172  4226  4226 D SurfaceFlinger: Display 0 HWC layers:
08-24 14:43:38.172  4226  4226 D SurfaceFlinger:      DEVICE | 0x77ce817700 | 0002 | RGBA_8888    |    0.0    0.0 1080.0 2340.0 |    0    0 1080 2340 | Splash Screen com.example.dogglers#0
08-24 14:43:38.172  4226  4226 D SurfaceFlinger:      DEVICE | 0x77ce815e00 | 0000 | RGBA_8888    |    0.0    0.0 1080.0   83.0 |    0    0 1080   83 | StatusBar$_4896#0
08-24 14:43:38.172  4226  4226 D SurfaceFlinger:      DEVICE | 0x77ce8157c0 | 0000 | RGBA_8888    |    0.0    0.0   67.0  342.0 |    0  746   67 1088 | com.samsung.android.app.cocktailbars[...]arservice.CocktailBarService$_9865#0
08-24 14:43:38.172  4226  4226 D SurfaceFlinger:      DEVICE | 0x7851238200 | 0000 | RGBA_8888    |    0.0    0.0  388.0   39.0 |  692 2301 1080 2340 | SGestureOverlayWindow$_5408#0
08-24 14:43:38.172  4226  4226 D SurfaceFlinger:      DEVICE | 0x77ce815f40 | 0000 | RGBA_8888    |    0.0    0.0 1080.0  126.0 |    0 2214 1080 2340 | NavigationBar0$_4896#0
08-24 14:43:38.172  4226  4226 D SurfaceFlinger:      DEVICE | 0x77ce814b40 | 0000 | RGBA_8888    |    0.0    0.0 1080.0  151.0 |    0    0 1080  151 | ScreenDecorOverlay$_4896#0
08-24 14:43:38.172  4226  4226 D SurfaceFlinger:      DEVICE | 0x77ce817d40 | 0000 | RGBA_8888    |    0.0    0.0 1080.0  151.0 |    0 2189 1080 2340 | ScreenDecorOverlayBottom$_4896#0
08-24 14:43:38.172  4226  4226 D SurfaceFlinger:
08-24 14:43:38.176  4226  4248 I SurfaceFlinger: id=88242 createSurf (0x0),-1 flag=80004, ActivityRecord{8a0888d u0 com.example.dogglers/.MainActivity t1564}#0
08-24 14:43:38.177  4149  4184 D audio_hw_primary: device-adev_set_parameters: enter with key(audioHDR=0)
08-24 14:43:38.178  4226  4226 I Layer   : id=88227[1] Destroyed Surface(name=e455c2d StatusBar)/@0x2f65071 - animation-leash#1
08-24 14:43:38.178  4226  4226 I Layer   : id=88228[1] Destroyed Surface(name=a71bb8f NavigationBar0)/@0x8f38906 - animation-leash#1
08-24 14:43:38.186 24159 24159 D LifecycleMonitor: Lifecycle status change: androidx.test.core.app.InstrumentationActivityInvoker$BootstrapActivity@998fea2 in: RESUMED
08-24 14:43:38.186 24159 24159 V ActivityScenario: Activity lifecycle changed event received but ignored because the intent does not match. startActivityIntent=Intent { act=android.intent.action.MAIN cat=[android.intent.category.LAUNCHER] cmp=com.example.dogglers/.MainActivity }, activity.getIntent()=Intent { act=android.intent.action.MAIN cat=[android.intent.category.LAUNCHER] flg=0x10008000 cmp=com.example.dogglers/androidx.test.core.app.InstrumentationActivityInvoker$BootstrapActivity (has extras) }, activity=androidx.test.core.app.InstrumentationActivityInvoker$BootstrapActivity@998fea2
08-24 14:43:38.189  4585  4613 I ViewRootImpl@9dd95e6[dogglers]: MSG_RESIZED_REPORT: frame=(0,0,1080,2340) ci=(0,83,0,39) vi=(0,83,0,39) or=1
08-24 14:43:38.189  4585  4613 I ViewRootImpl@9dd95e6[dogglers]: [DP] dp(1) 1 android.view.ViewRootImpl.reportNextDraw:10957 android.view.ViewRootImpl.access$1200:256 android.view.ViewRootImpl$ViewRootHandler.handleMessage:6101
08-24 14:43:38.191  4585  7040 V WindowManager: Relayout Window{d095a7c u0 NotificationShade}: viewVisibility=4 req=1080x2340
08-24 14:43:38.194 24159 24159 D LifecycleMonitor: Lifecycle status change: androidx.test.core.app.InstrumentationActivityInvoker$BootstrapActivity@998fea2 in: PAUSED
08-24 14:43:38.194  4585  7040 V WindowManager: Relayout hash=d095a7c, pid=4896: mAttrs={(0,0)(fillxfill) gr=TOP CENTER_VERTICAL sim={adjust=resize} layoutInDisplayCutoutMode=always ty=2040 fmt=TRANSLUCENT
08-24 14:43:38.194  4585  7040 V WindowManager:   fl=81840048
08-24 14:43:38.194  4585  7040 V WindowManager:   pfl=1b000000
08-24 14:43:38.194  4585  7040 V WindowManager:   bhv=SHOW_TRANSIENT_BARS_BY_SWIPE naviIconColor=0
08-24 14:43:38.194  4585  7040 V WindowManager:   sfl=40000}
08-24 14:43:38.194  4585  4613 V WindowManager: Relayout Window{ce91727 u0 Splash Screen com.example.dogglers}: viewVisibility=0 req=1080x2340
08-24 14:43:38.195  4896  4896 I SurfaceControl: assignNativeObject: nativeObject = 0 Surface(name=null)/@0x79cdca4 / android.view.SurfaceControl.readFromParcel:1117 android.view.IWindowSession$Stub$Proxy.relayout:1810 android.view.ViewRootImpl.relayoutWindow:9005 android.view.ViewRootImpl.performTraversals:3360 android.view.ViewRootImpl.doTraversal:2618 android.view.ViewRootImpl$TraversalRunnable.run:9971 android.view.Choreographer$CallbackRecord.run:1010 android.view.Choreographer.doCallbacks:809 android.view.Choreographer.doFrame:744 android.view.Choreographer$FrameDisplayEventReceiver.run:995
08-24 14:43:38.195  4896  4896 I SurfaceControl: assignNativeObject: nativeObject = 0 Surface(name=null)/@0xd3c9bb / android.view.SurfaceControl.readFromParcel:1117 android.view.IWindowSession$Stub$Proxy.relayout:1820 android.view.ViewRootImpl.relayoutWindow:9005 android.view.ViewRootImpl.performTraversals:3360 android.view.ViewRootImpl.doTraversal:2618 android.view.ViewRootImpl$TraversalRunnable.run:9971 android.view.Choreographer$CallbackRecord.run:1010 android.view.Choreographer.doCallbacks:809 android.view.Choreographer.doFrame:744 android.view.Choreographer$FrameDisplayEventReceiver.run:995
08-24 14:43:38.196 24159 24159 V ActivityScenario: Activity lifecycle changed event received but ignored because the intent does not match. startActivityIntent=Intent { act=android.intent.action.MAIN cat=[android.intent.category.LAUNCHER] cmp=com.example.dogglers/.MainActivity }, activity.getIntent()=Intent { act=android.intent.action.MAIN cat=[android.intent.category.LAUNCHER] flg=0x10008000 cmp=com.example.dogglers/androidx.test.core.app.InstrumentationActivityInvoker$BootstrapActivity (has extras) }, activity=androidx.test.core.app.InstrumentationActivityInvoker$BootstrapActivity@998fea2
08-24 14:43:38.196  4896  4896 I ViewRootImpl@b9c0f52[NotificationShade]: Relayout returned: old=(0,0,1080,2340) new=(0,0,1080,2340) req=(1080,2340)4 dur=12 res=0x1 s={false 0} ch=false fn=-1
08-24 14:43:38.198  4585  4613 I SurfaceControl: nativeRelease nativeObject s[535557013056]
08-24 14:43:38.198  4585  4613 I SurfaceControl: nativeRelease nativeObject e[535557013056]
08-24 14:43:38.199  4896  4896 D KeyguardBottomAreaShortcutView: updateCameraVisibility isCameraDisabled:false visible:true
08-24 14:43:38.200  4585  4613 V WindowManager: Relayout hash=ce91727, pid=4585: mAttrs={(0,0)(fillxfill) sim={adjust=pan} layoutInDisplayCutoutMode=shortEdges ty=APPLICATION_STARTING wanim=0x1030001
08-24 14:43:38.200  4585  4613 V WindowManager:   fl=1830118
08-24 14:43:38.200  4585  4613 V WindowManager:   pfl=12020011
08-24 14:43:38.200  4585  4613 V WindowManager:   apr=LIGHT_NAVIGATION_BARS
08-24 14:43:38.200  4585  4613 V WindowManager:   fitSides= naviIconColor=0
08-24 14:43:38.200  4585  4613 V WindowManager:   sfl=100000}
08-24 14:43:38.200  4896  4896 D KeyguardBottomAreaShortcutView: mIndicationArea margin start : 158, end : 158, bottom : 145
08-24 14:43:38.200  4585  4613 I SurfaceControl: nativeRelease nativeObject s[535557020544]
08-24 14:43:38.200  4585  4613 I SurfaceControl: nativeRelease nativeObject e[535557020544]
08-24 14:43:38.200  4585  4613 I SurfaceControl: nativeRelease nativeObject s[535557020640]
08-24 14:43:38.200  4585  4613 I SurfaceControl: nativeRelease nativeObject e[535557020640]
08-24 14:43:38.200  4585  4613 I ViewRootImpl@9dd95e6[dogglers]: Relayout returned: old=(0,0,1080,2340) new=(0,0,1080,2340) req=(1080,2340)0 dur=6 res=0x1 s={true 535581126656} ch=false fn=2
08-24 14:43:38.201  4159 17194 D gralloc : [mali_gralloc_allocate] begin
08-24 14:43:38.201  4159 17194 D gralloc : buffer_descriptor: wh(1080 2340) usage_pc(0x966 0x906) hal_format(0x1) layer_count(1) sizes(0 0 0) strde(0) byte_stride(0) alloc_wh(0 0) internal_format(0x0) alloc_format(0x0) fd_count(1) plane_count(0)
08-24 14:43:38.201  4585  5390 V WindowOrientationListener: getProposedRotation: -1
08-24 14:43:38.202  4159 17194 D gralloc : [mali_gralloc_allocate] allocation successful
08-24 14:43:38.203  4585  5390 D InputDispatcher: Focused application set to (0): 8a0888d
08-24 14:43:38.205  4896  4896 D SecStatusBarMobileView: setStaticDrawableColor:
08-24 14:43:38.206  4896  4896 D SecStatusBarMobileView: setStaticDrawableColor:
08-24 14:43:38.214  4226  4251 I SurfaceFlinger: id=88243 createSurf (0x0),-1 flag=24000, Surface(name=ActivityRecord{688bad3 u0 com.example.dogglers/androidx.test.core.app.InstrumentationActivityInvoker$BootstrapActivity t1564})/@0x57b3c45 - animation-leash#0
08-24 14:43:38.215  4226  4251 I SurfaceFlinger: id=88244 createSurf (0x0),-1 flag=20004, Dim Layer for - Task=1564 - animating-dim#0
08-24 14:43:38.216  4226  4251 I SurfaceFlinger: id=88245 createSurf (0x0),-1 flag=24000, Surface(name=Dim Layer for - Task=1564 - animating-dim)/@0x51970a8 - animation-leash#0
08-24 14:43:38.217  4226  4251 I SurfaceFlinger: id=88246 createSurf (0x0),-1 flag=80004, Surface(name=ActivityRecord{688bad3 u0 com.example.dogglers/androidx.test.core.app.InstrumentationActivityInvoker$BootstrapActivity t1564})/@0x57b3c45 - animation-bounds#0
08-24 14:43:38.217  4585  4613 I ViewRootImpl@9dd95e6[dogglers]: [DP] pdf(0) 1 android.view.ViewRootImpl.performDraw:4809 android.view.ViewRootImpl.performTraversals:3866 android.view.ViewRootImpl.doTraversal:2618
08-24 14:43:38.218  4585  4613 I ViewRootImpl@9dd95e6[dogglers]: [DP] rdf()
08-24 14:43:38.218  4585  5390 I SurfaceControl: nativeRelease nativeObject s[537628420288]
08-24 14:43:38.218  4585  5390 I SurfaceControl: nativeRelease nativeObject e[537628420288]
08-24 14:43:38.220  4226  4251 I Layer   : id=88244 removeFromCurrentState Dim Layer for - Task=1564 - animating-dim#0 (77)
08-24 14:43:38.221  4226  4248 I SurfaceFlinger: id=88244 Removed Dim Layer for - Task=1564 - animating-dim#0 (77)
08-24 14:43:38.228  4226  4226 I Layer   : id=88244[1] Destroyed Dim Layer for - Task=1564 - animating-dim#0
08-24 14:43:38.233 24159 24159 D LifecycleMonitor: Lifecycle status change: com.example.dogglers.MainActivity@6c2e225 in: PRE_ON_CREATE
08-24 14:43:38.233 24159 24159 V ActivityScenario: Activity lifecycle changed event received but ignored because the reported transition was not ON_CREATE while the last known transition was PRE_ON_CREATE
08-24 14:43:38.238 21625 21625 I ViewRootImpl@b7edacd[WatchWhileActivity]: stopped(true) old=false
08-24 14:43:38.244  4896  4896 D SecStatusBarMobileView: setStaticDrawableColor:
08-24 14:43:38.244  4896  4896 D SecStatusBarMobileView: setStaticDrawableColor:
08-24 14:43:38.277  4217  4353 V APM_AudioPolicyManager: setAppState(portId:11856, state:1)
08-24 14:43:38.277  4217  4353 V APM_AudioPolicyManager: setAppState(portId:11883, state:2)
08-24 14:43:38.283  4217  4353 V APM_AudioPolicyManager: setAppState(portId:11856, state:1)
08-24 14:43:38.283  4217  4353 V APM_AudioPolicyManager: setAppState(portId:11883, state:2)
08-24 14:43:38.285 24159 24159 I DecorView: [INFO] isPopOver=false, config=true
08-24 14:43:38.285 24159 24159 I DecorView: updateCaptionType >> DecorView@87017b0[], isFloating=false, isApplication=true, hasWindowDecorCaption=false, hasWindowControllerCallback=true
08-24 14:43:38.285 24159 24159 D DecorView: setCaptionType = 0, this = DecorView@87017b0[]
08-24 14:43:38.293  4896  4896 D SecStatusBarMobileView: setStaticDrawableColor:
08-24 14:43:38.293  4896  4896 D SecStatusBarMobileView: setStaticDrawableColor:
08-24 14:43:38.293 21625 21625 W YTPL.mediasession: MediaSession setActive(false)
08-24 14:43:38.297 21625 21625 W YT.mlplayer: Stayawake OFF
08-24 14:43:38.301 21625 21625 W YTPL.mediasession: MediaSession setActive(false)
08-24 14:43:38.305  4896  4896 D SecStatusBarMobileView: setStaticDrawableColor:
08-24 14:43:38.305  4896  4896 D SecStatusBarMobileView: setStaticDrawableColor:
08-24 14:43:38.307  4585  7040 D SensorService: removeConnection, index : 0, size : 1
08-24 14:43:38.307  4585  7040 D SensorService: # removeConnection, index : 0, size : 0
08-24 14:43:38.307  4585  7040 D SensorService: Calling activate off 1
08-24 14:43:38.308  4166  4166 I SensorsHub: activate: handle 1 enable 0
08-24 14:43:38.308  4166  4166 I SensorsHub: type : 1, enable : 0
08-24 14:43:38.309 21625 21625 D SensorManager: unregisterListener :: android.view.OrientationEventListener$SensorEventListenerImpl@99504
08-24 14:43:38.316 24159 24159 D LifecycleMonitor: Lifecycle status change: com.example.dogglers.MainActivity@6c2e225 in: CREATED
08-24 14:43:38.317 24159 24159 V ActivityScenario: Update currentActivityStage to CREATED, currentActivity=com.example.dogglers.MainActivity@6c2e225
08-24 14:43:38.320 24159 24159 D LifecycleMonitor: Lifecycle status change: com.example.dogglers.MainActivity@6c2e225 in: STARTED
08-24 14:43:38.320 24159 24159 V ActivityScenario: Update currentActivityStage to STARTED, currentActivity=com.example.dogglers.MainActivity@6c2e225
08-24 14:43:38.323 24159 24159 D LifecycleMonitor: Lifecycle status change: com.example.dogglers.MainActivity@6c2e225 in: RESUMED
08-24 14:43:38.323 24159 24159 V ActivityScenario: Update currentActivityStage to RESUMED, currentActivity=com.example.dogglers.MainActivity@6c2e225
08-24 14:43:38.325  4896  4896 D FaceWidgetMediaSessionManager: onPlaybackStateChanged() state = PlaybackState {state=1, position=0, buffered position=0, speed=1.0, updated=1322758865, actions=8192, custom actions=[], active item id=-1, error=null}
08-24 14:43:38.325  4896  4896 I PluginFaceWidgetMediaDataFactory: getBitmapFromMetadata null
08-24 14:43:38.325  4896  4896 D PluginFaceWidgetMediaDataFactory: Elapsed Time : 0
08-24 14:43:38.327  4896  4896 D FaceWidgetMediaDataRepository: [update] key : com.google.android.youtube|0|192289192, oldKey : com.google.android.youtube|0|192289192, media : com.google.android.youtube, sourceType : SESSION
08-24 14:43:38.328 21625 21625 W YTPL.mediasession: MediaSession setActive(false)
08-24 14:43:38.332  4896  4896 D FaceWidgetMediaDataRepository: PlaybackState and Metadata is null. :: com.google.android.youtube
08-24 14:43:38.333  4585  5390 D InputTransport: Input channel constructed: '45b331 ', fd=674
08-24 14:43:38.333  4585  5390 D InputTransport: Input channel constructed: '45b331 ', fd=675
08-24 14:43:38.333  4896  4896 D FaceWidgetMediaSessionManager: onMetadataChanged() metadata = null
08-24 14:43:38.333  4226  5357 I SurfaceFlinger: id=88247 createSurf (0x0),-1 flag=80004, 45b331 com.example.dogglers/com.example.dogglers.MainActivity#0
08-24 14:43:38.334  4585  5390 D WindowManager: isScreenshotDisabledLocked - win: Window{45b331 u0 com.example.dogglers/com.example.dogglers.MainActivity}
08-24 14:43:38.334  4585  5390 D WindowManager: isScreenshotDisabledLocked: userId = 0, disabled =false
08-24 14:43:38.334  4585  5390 D InputTransport: Input channel destroyed: '45b331 ', fd=675
08-24 14:43:38.334  4896  4896 I PluginFaceWidgetMediaDataFactory: getBitmapFromMetadata null
08-24 14:43:38.334  4896  4896 D PluginFaceWidgetMediaDataFactory: Elapsed Time : 1
08-24 14:43:38.335 24159 24159 D InputTransport: Input channel constructed: '45b331 ', fd=80
08-24 14:43:38.337 24159 24159 I ViewRootImpl@efede5e[MainActivity]: setView = com.android.internal.policy.DecorView@87017b0 TM=true
08-24 14:43:38.340  4896  4896 D FaceWidgetMediaDataRepository: [update] key : com.google.android.youtube|0|192289192, oldKey : com.google.android.youtube|0|192289192, media : com.google.android.youtube, sourceType : SESSION
08-24 14:43:38.341  4585  5087 I SurfaceControl: nativeRelease nativeObject s[535556866752]
08-24 14:43:38.341  4585  5087 I SurfaceControl: nativeRelease nativeObject e[535556866752]
08-24 14:43:38.342  4226  5357 I Layer   : id=88226 removeFromCurrentState com.google.android.youtube/com.google.android.apps.youtube.app.watchwhile.WatchWhileActivity$_21625#0 (77)
08-24 14:43:38.342  4226  5357 I Layer   : id=88229 removeFromCurrentState Bounds for - com.google.android.youtube/com.google.android.apps.youtube.app.watchwhile.WatchWhileActivity@4#0 (77)
08-24 14:43:38.342  4226  5357 I Layer   : id=88230 removeFromCurrentState SurfaceView - com.google.android.youtube/com.google.android.apps.youtube.app.watchwhile.WatchWhileActivity@c9edee9@4#0 (77)
08-24 14:43:38.343  4896  4896 D FaceWidgetMediaDataRepository: PlaybackState and Metadata is null. :: com.google.android.youtube
08-24 14:43:38.343  4896  4896 D FaceWidgetMediaSessionManager: onPlaybackStateChanged() state = PlaybackState {state=1, position=0, buffered position=0, speed=1.0, updated=1322758873, actions=8192, custom actions=[], active item id=-1, error=null}
08-24 14:43:38.347  4896  4896 I PluginFaceWidgetMediaDataFactory: getBitmapFromMetadata null
08-24 14:43:38.347  4896  4896 D PluginFaceWidgetMediaDataFactory: Elapsed Time : 4
08-24 14:43:38.350  4226  5359 I SurfaceFlinger: id=88226 Removed com.google.android.youtube/com.google.android.apps.youtube.app.watchwhile.WatchWhileActivity$_21625#0 (77)
08-24 14:43:38.352  4217  4353 V APM_AudioPolicyManager: setAppState(portId:11856, state:1)
08-24 14:43:38.352  4217  4353 V APM_AudioPolicyManager: setAppState(portId:11883, state:2)
08-24 14:43:38.355  4585  4635 D FastTrack: setFastTrackState: pid = 21625 ;tid= 21625 ;value= 0
08-24 14:43:38.356  4585  4635 D FastTrack: setFastTrackState: pid = 21625 ;tid= 21862 ;value= 0
08-24 14:43:38.357  4896  4896 D FaceWidgetMediaDataRepository: [update] key : com.google.android.youtube|0|192289192, oldKey : com.google.android.youtube|0|192289192, media : com.google.android.youtube, sourceType : SESSION
08-24 14:43:38.357  4585  4610 D SehCodecSolutionService: Update top [com.example.dogglers]
08-24 14:43:38.362  4226  4226 I Layer   : id=88226[1] Destroyed com.google.android.youtube/com.google.android.apps.youtube.app.watchwhile.WatchWhileActivity$_21625#0
08-24 14:43:38.362  4226  4226 I Layer   : id=88229[1] Destroyed Bounds for - com.google.android.youtube/com.google.android.apps.youtube.app.watchwhile.WatchWhileActivity@4#0
08-24 14:43:38.362  4585  5087 V WindowManager: Relayout Window{45b331 u0 com.example.dogglers/com.example.dogglers.MainActivity}: viewVisibility=0 req=1080x2340
08-24 14:43:38.363  4226  4226 I Layer   : id=88230[1] Destroyed SurfaceView - com.google.android.youtube/com.google.android.apps.youtube.app.watchwhile.WatchWhileActivity@c9edee9@4#0
08-24 14:43:38.364  4585  5087 D WindowManager: isScreenshotDisabledLocked - win: Window{45b331 u0 com.example.dogglers/com.example.dogglers.MainActivity}
08-24 14:43:38.365  4585  5087 D WindowManager: isScreenshotDisabledLocked: userId = 0, disabled =false
08-24 14:43:38.365  4226  4251 I SurfaceFlinger: id=88248 createSurf (1080x2340),1 flag=404, com.example.dogglers/com.example.dogglers.MainActivity$_24159#0
08-24 14:43:38.370  4585  5087 I SurfaceControl: nativeRelease nativeObject s[537628415776]
08-24 14:43:38.370  4585  5087 I SurfaceControl: nativeRelease nativeObject e[537628415776]
08-24 14:43:38.370  4226  4251 I SurfaceFlinger: id=88249 createSurf (0x0),-1 flag=24000, Surface(name=e455c2d StatusBar)/@0x2f65071 - animation-leash#1
08-24 14:43:38.371  4585  5087 I SurfaceControl: nativeRelease nativeObject s[537628415392]
08-24 14:43:38.371  4585  5087 I SurfaceControl: nativeRelease nativeObject e[537628415392]
08-24 14:43:38.373  4226  5357 I SurfaceFlinger: id=88250 createSurf (0x0),-1 flag=24000, Surface(name=a71bb8f NavigationBar0)/@0x8f38906 - animation-leash#1
08-24 14:43:38.373  9865  9865 I TrayStateController: systemUiVisibilityChanged : 0 0
08-24 14:43:38.374  4896  4896 D FaceWidgetMediaDataRepository: PlaybackState and Metadata is null. :: com.google.android.youtube
08-24 14:43:38.375  4585  5087 V WindowManager: Relayout hash=45b331, pid=24159: mAttrs={(0,0)(fillxfill) sim={adjust=pan forwardNavigation} ty=BASE_APPLICATION wanim=0x1030304
08-24 14:43:38.375  4585  5087 V WindowManager:   fl=81810100
08-24 14:43:38.375  4585  5087 V WindowManager:   pfl=12020000
08-24 14:43:38.375  4585  5087 V WindowManager:   apr=LIGHT_NAVIGATION_BARS
08-24 14:43:38.375  4585  5087 V WindowManager:   fitSides= naviIconColor=0
08-24 14:43:38.375  4585  5087 V WindowManager:   sfl=100000}
08-24 14:43:38.376  4585  5087 I SurfaceControl: nativeRelease nativeObject s[537817684832]
08-24 14:43:38.376  4585  5087 I SurfaceControl: nativeRelease nativeObject e[537817684832]
08-24 14:43:38.378 24159 24159 I SurfaceControl: assignNativeObject: nativeObject = 0 Surface(name=null)/@0xb1f7a37 / android.view.SurfaceControl.readFromParcel:1117 android.view.IWindowSession$Stub$Proxy.relayout:1820 android.view.ViewRootImpl.relayoutWindow:9005 android.view.ViewRootImpl.performTraversals:3360 android.view.ViewRootImpl.doTraversal:2618 android.view.ViewRootImpl$TraversalRunnable.run:9971 android.view.Choreographer$CallbackRecord.run:1010 android.view.Choreographer.doCallbacks:809 android.view.Choreographer.doFrame:744 android.view.Choreographer$FrameDisplayEventReceiver.run:995
08-24 14:43:38.380 24159 24159 I ViewRootImpl@efede5e[MainActivity]: Relayout returned: old=(0,0,1080,2340) new=(0,0,1080,2340) req=(1080,2340)0 dur=16 res=0x7 s={true 536236204032} ch=true fn=-1
08-24 14:43:38.382  4226  5357 I Layer   : id=88240 removeFromCurrentState Surface(name=e455c2d StatusBar)/@0x2f65071 - animation-leash#0 (77)
08-24 14:43:38.382  4226  5357 I Layer   : id=88241 removeFromCurrentState Surface(name=a71bb8f NavigationBar0)/@0x8f38906 - animation-leash#0 (77)
08-24 14:43:38.386  4159 17194 D gralloc : [mali_gralloc_allocate] begin
08-24 14:43:38.386  4159 17194 D gralloc : buffer_descriptor: wh(1080 2340) usage_pc(0x40000000000b00 0x40000000000b00) hal_format(0x1) layer_count(1) sizes(0 0 0) strde(0) byte_stride(0) alloc_wh(0 0) internal_format(0x0) alloc_format(0x0) fd_count(1) plane_count(0)
08-24 14:43:38.386  4585  4613 I SurfaceControl: nativeRelease nativeObject s[537628416736]
08-24 14:43:38.386  4585  4613 I SurfaceControl: nativeRelease nativeObject e[537628416736]
08-24 14:43:38.386  4585  4613 I SurfaceControl: nativeRelease nativeObject s[535557013056]
08-24 14:43:38.386  4585  4613 I SurfaceControl: nativeRelease nativeObject e[535557013056]
08-24 14:43:38.387  4226  4251 I SurfaceFlinger: id=88240 Removed Surface(name=e455c2d StatusBar)/@0x2f65071 - animation-leash#0 (77)
08-24 14:43:38.387  4226  4251 I SurfaceFlinger: id=88241 Removed Surface(name=a71bb8f NavigationBar0)/@0x8f38906 - animation-leash#0 (77)
08-24 14:43:38.387  4896  4896 D FaceWidgetMediaSessionManager: onPlaybackStateChanged() state = PlaybackState {state=1, position=0, buffered position=0, speed=1.0, updated=1322758900, actions=8192, custom actions=[], active item id=-1, error=null}
08-24 14:43:38.387  4159 17194 D gralloc : [mali_gralloc_allocate] allocation successful
08-24 14:43:38.388  4896  4896 I PluginFaceWidgetMediaDataFactory: getBitmapFromMetadata null
08-24 14:43:38.388  4896  4896 D PluginFaceWidgetMediaDataFactory: Elapsed Time : 1
08-24 14:43:38.388  4159 16850 D gralloc : [mali_gralloc_allocate] begin
08-24 14:43:38.388  4159 16850 D gralloc : buffer_descriptor: wh(1080 2340) usage_pc(0x40000000000b00 0x40000000000b00) hal_format(0x1) layer_count(1) sizes(0 0 0) strde(0) byte_stride(0) alloc_wh(0 0) internal_format(0x0) alloc_format(0x0) fd_count(1) plane_count(0)
