08-24 14:43:42.375  7388  7388 I HBD     : HoneyBoardService [PF_OP][onStartInput]  12687807 ns
08-24 14:43:42.401 24159 24159 I DecorView: [INFO] isPopOver=false, config=true
08-24 14:43:42.401 24159 24159 I DecorView: updateCaptionType >> DecorView@b07bedd[], isFloating=false, isApplication=true, hasWindowDecorCaption=false, hasWindowControllerCallback=true
08-24 14:43:42.401 24159 24159 D DecorView: setCaptionType = 0, this = DecorView@b07bedd[]
08-24 14:43:42.405 24159 24159 D LifecycleMonitor: Lifecycle status change: androidx.test.core.app.InstrumentationActivityInvoker$EmptyActivity@9150387 in: CREATED
08-24 14:43:42.406 24159 24159 V ActivityScenario: Activity lifecycle changed event received but ignored because the intent does not match. startActivityIntent=Intent { act=android.intent.action.MAIN cat=[android.intent.category.LAUNCHER] cmp=com.example.dogglers/.GridListActivity }, activity.getIntent()=Intent { act=android.intent.action.MAIN cat=[android.intent.category.LAUNCHER] flg=0x10000000 cmp=com.example.dogglers/androidx.test.core.app.InstrumentationActivityInvoker$EmptyActivity }, activity=androidx.test.core.app.InstrumentationActivityInvoker$EmptyActivity@9150387
08-24 14:43:42.407 24159 24159 D LifecycleMonitor: Lifecycle status change: androidx.test.core.app.InstrumentationActivityInvoker$EmptyActivity@9150387 in: STARTED
08-24 14:43:42.408 24159 24159 V ActivityScenario: Activity lifecycle changed event received but ignored because the intent does not match. startActivityIntent=Intent { act=android.intent.action.MAIN cat=[android.intent.category.LAUNCHER] cmp=com.example.dogglers/.GridListActivity }, activity.getIntent()=Intent { act=android.intent.action.MAIN cat=[android.intent.category.LAUNCHER] flg=0x10000000 cmp=com.example.dogglers/androidx.test.core.app.InstrumentationActivityInvoker$EmptyActivity }, activity=androidx.test.core.app.InstrumentationActivityInvoker$EmptyActivity@9150387
08-24 14:43:42.410 24159 24159 D LifecycleMonitor: Lifecycle status change: androidx.test.core.app.InstrumentationActivityInvoker$EmptyActivity@9150387 in: RESUMED
08-24 14:43:42.410 24159 24159 V ActivityScenario: Activity lifecycle changed event received but ignored because the intent does not match. startActivityIntent=Intent { act=android.intent.action.MAIN cat=[android.intent.category.LAUNCHER] cmp=com.example.dogglers/.GridListActivity }, activity.getIntent()=Intent { act=android.intent.action.MAIN cat=[android.intent.category.LAUNCHER] flg=0x10000000 cmp=com.example.dogglers/androidx.test.core.app.InstrumentationActivityInvoker$EmptyActivity }, activity=androidx.test.core.app.InstrumentationActivityInvoker$EmptyActivity@9150387
08-24 14:43:42.414  4585  7044 D InputTransport: Input channel constructed: 'bb1ad2b', fd=678
08-24 14:43:42.414  4585  7044 D InputTransport: Input channel constructed: 'bb1ad2b', fd=679
08-24 14:43:42.415  4226  4251 I SurfaceFlinger: id=88377 createSurf (0x0),-1 flag=80004, bb1ad2b com.example.dogglers/androidx.test.core.app.InstrumentationActivityInvoker$EmptyActivity#0
08-24 14:43:42.415  4585  7044 D WindowManager: isScreenshotDisabledLocked - win: Window{bb1ad2b u0 com.example.dogglers/androidx.test.core.app.InstrumentationActivityInvoker$EmptyActivity}
08-24 14:43:42.415  4585  7044 D WindowManager: isScreenshotDisabledLocked: userId = 0, disabled =false
08-24 14:43:42.415  4585  7044 D InputTransport: Input channel destroyed: 'bb1ad2b', fd=679
08-24 14:43:42.416 24159 24159 D InputTransport: Input channel constructed: 'bb1ad2b', fd=89
08-24 14:43:42.417 24159 24159 I ViewRootImpl@5916620[InstrumentationActivityInvoker$EmptyActivity]: setView = com.android.internal.policy.DecorView@b07bedd TM=true
08-24 14:43:42.419 24159 24159 D LifecycleMonitor: Lifecycle status change: androidx.test.core.app.InstrumentationActivityInvoker$BootstrapActivity@514fe21 in: STOPPED
08-24 14:43:42.419 24159 24159 V ActivityScenario: Activity lifecycle changed event received but ignored because the intent does not match. startActivityIntent=Intent { act=android.intent.action.MAIN cat=[android.intent.category.LAUNCHER] cmp=com.example.dogglers/.GridListActivity }, activity.getIntent()=Intent { act=android.intent.action.MAIN cat=[android.intent.category.LAUNCHER] flg=0x10008000 cmp=com.example.dogglers/androidx.test.core.app.InstrumentationActivityInvoker$BootstrapActivity (has extras) }, activity=androidx.test.core.app.InstrumentationActivityInvoker$BootstrapActivity@514fe21
08-24 14:43:42.421 24159 24159 D LifecycleMonitor: Lifecycle status change: androidx.test.core.app.InstrumentationActivityInvoker$BootstrapActivity@514fe21 in: DESTROYED
08-24 14:43:42.421 24159 24159 V ActivityScenario: Activity lifecycle changed event received but ignored because the intent does not match. startActivityIntent=Intent { act=android.intent.action.MAIN cat=[android.intent.category.LAUNCHER] cmp=com.example.dogglers/.GridListActivity }, activity.getIntent()=Intent { act=android.intent.action.MAIN cat=[android.intent.category.LAUNCHER] flg=0x10008000 cmp=com.example.dogglers/androidx.test.core.app.InstrumentationActivityInvoker$BootstrapActivity (has extras) }, activity=androidx.test.core.app.InstrumentationActivityInvoker$BootstrapActivity@514fe21
08-24 14:43:42.423  4585  7044 I SurfaceControl: nativeRelease nativeObject s[535557016032]
08-24 14:43:42.423  4585  7044 I SurfaceControl: nativeRelease nativeObject e[535557016032]
08-24 14:43:42.423  4585  5390 D SamsungIMMSHWKeyboard: isConnectedDexOnPC false
08-24 14:43:42.423 24159 24159 I SurfaceControl: nativeRelease nativeObject s[536151025760]
08-24 14:43:42.423 24159 24159 I SurfaceControl: nativeRelease nativeObject e[536151025760]
08-24 14:43:42.423 24159 24159 I SurfaceControl: nativeRelease nativeObject s[536151024992]
08-24 14:43:42.423 24159 24159 I SurfaceControl: nativeRelease nativeObject e[536151024992]
08-24 14:43:42.426  4585  5390 D InputMethodManagerService: isImeSwitcherDisabledPackage : false
08-24 14:43:42.430  4226  4251 I Layer   : id=88352 removeFromCurrentState ActivityRecord{d0dfad2 u0 com.example.dogglers/androidx.test.core.app.InstrumentationActivityInvoker$BootstrapActivity t1567}#0 (80)
08-24 14:43:42.431  4585  7044 V WindowManager: Relayout Window{bb1ad2b u0 com.example.dogglers/androidx.test.core.app.InstrumentationActivityInvoker$EmptyActivity}: viewVisibility=0 req=1080x2340
08-24 14:43:42.431  4226  4251 I SurfaceFlinger: id=88352 Removed ActivityRecord{d0dfad2 u0 com.example.dogglers/androidx.test.core.app.InstrumentationActivityInvoker$BootstrapActivity t1567}#0 (80)
08-24 14:43:42.433  4585  7044 D WindowManager: isScreenshotDisabledLocked - win: Window{bb1ad2b u0 com.example.dogglers/androidx.test.core.app.InstrumentationActivityInvoker$EmptyActivity}
08-24 14:43:42.433  4585  7044 D WindowManager: isScreenshotDisabledLocked: userId = 0, disabled =false
08-24 14:43:42.433  4226  4251 I SurfaceFlinger: id=88378 createSurf (1080x2340),1 flag=404, com.example.dogglers/androidx.test.core.app.InstrumentationActivityInvoker$EmptyActivity$_24159#1
08-24 14:43:42.435  4585  7044 I SurfaceControl: nativeRelease nativeObject s[535556330720]
08-24 14:43:42.435  4585  7044 I SurfaceControl: nativeRelease nativeObject e[535556330720]
08-24 14:43:42.435  4226  4251 I SurfaceFlinger: id=88379 createSurf (0x0),-1 flag=24000, Surface(name=e455c2d StatusBar)/@0x2f65071 - animation-leash#0
08-24 14:43:42.435  9865  9865 I TrayStateController: systemUiVisibilityChanged : 0 0
08-24 14:43:42.436  4585  7044 I SurfaceControl: nativeRelease nativeObject s[535556330912]
08-24 14:43:42.436  4585  7044 I SurfaceControl: nativeRelease nativeObject e[535556330912]
08-24 14:43:42.436  4226  4226 I Layer   : id=88352[1] Destroyed ActivityRecord{d0dfad2 u0 com.example.dogglers/androidx.test.core.app.InstrumentationActivityInvoker$BootstrapActivity t1567}#0
08-24 14:43:42.437  4226  4251 I SurfaceFlinger: id=88380 createSurf (0x0),-1 flag=24000, Surface(name=a71bb8f NavigationBar0)/@0x8f38906 - animation-leash#0
08-24 14:43:42.439  4585  7044 V WindowManager: Relayout hash=bb1ad2b, pid=24159: mAttrs={(0,0)(fillxfill) sim={adjust=pan forwardNavigation} ty=BASE_APPLICATION wanim=0x1030001
08-24 14:43:42.439  4585  7044 V WindowManager:   fl=1810100
08-24 14:43:42.439  4585  7044 V WindowManager:   pfl=12020000
08-24 14:43:42.439  4585  7044 V WindowManager:   apr=LIGHT_NAVIGATION_BARS
08-24 14:43:42.439  4585  7044 V WindowManager:   fitSides= naviIconColor=0
08-24 14:43:42.439  4585  7044 V WindowManager:   sfl=100000}
08-24 14:43:42.439  4585  7044 I SurfaceControl: nativeRelease nativeObject s[535581377536]
08-24 14:43:42.439  4585  7044 I SurfaceControl: nativeRelease nativeObject e[535581377536]
08-24 14:43:42.441 24159 24159 I SurfaceControl: assignNativeObject: nativeObject = 0 Surface(name=null)/@0x8c66bd9 / android.view.SurfaceControl.readFromParcel:1117 android.view.IWindowSession$Stub$Proxy.relayout:1820 android.view.ViewRootImpl.relayoutWindow:9005 android.view.ViewRootImpl.performTraversals:3360 android.view.ViewRootImpl.doTraversal:2618 android.view.ViewRootImpl$TraversalRunnable.run:9971 android.view.Choreographer$CallbackRecord.run:1010 android.view.Choreographer.doCallbacks:809 android.view.Choreographer.doFrame:744 android.view.Choreographer$FrameDisplayEventReceiver.run:995
08-24 14:43:42.442  4226  4251 I Layer   : id=88373 removeFromCurrentState Surface(name=a71bb8f NavigationBar0)/@0x8f38906 - animation-leash#1 (82)
08-24 14:43:42.442  4226  4251 I Layer   : id=26 removeFromCurrentState a71bb8f NavigationBar0#0 (82)
08-24 14:43:42.442  4226  4251 I Layer   : id=36 removeFromCurrentState NavigationBar0$_4896#0 (82)
08-24 14:43:42.442  4226  4251 I Layer   : id=88372 removeFromCurrentState Surface(name=e455c2d StatusBar)/@0x2f65071 - animation-leash#1 (82)
08-24 14:43:42.442  4226  4251 I Layer   : id=26 addToCurrentState a71bb8f NavigationBar0#0 (82)
08-24 14:43:42.442  4226  4251 I Layer   : id=36 addToCurrentState NavigationBar0$_4896#0 (82)
08-24 14:43:42.442 24159 24159 I ViewRootImpl@5916620[InstrumentationActivityInvoker$EmptyActivity]: Relayout returned: old=(0,0,1080,2340) new=(0,0,1080,2340) req=(1080,2340)0 dur=12 res=0x7 s={true 535692890112} ch=true fn=-1
08-24 14:43:42.445  4159 17194 D gralloc : [mali_gralloc_allocate] begin
08-24 14:43:42.445  4159 17194 D gralloc : buffer_descriptor: wh(1080 2340) usage_pc(0x40000000000b00 0x40000000000b00) hal_format(0x1) layer_count(1) sizes(0 0 0) strde(0) byte_stride(0) alloc_wh(0 0) internal_format(0x0) alloc_format(0x0) fd_count(1) plane_count(0)
08-24 14:43:42.446 24159 24159 I ViewRootImpl@5916620[InstrumentationActivityInvoker$EmptyActivity]: [DP] dp(1) 1 android.view.ViewRootImpl.reportNextDraw:10957 android.view.ViewRootImpl.performTraversals:3845 android.view.ViewRootImpl.doTraversal:2618
08-24 14:43:42.446  4159 17194 D gralloc : [mali_gralloc_allocate] allocation successful
08-24 14:43:42.446 24159 24159 I ViewRootImpl@5916620[InstrumentationActivityInvoker$EmptyActivity]: [DP] pd() Asnyc report
08-24 14:43:42.447  4159 17194 D gralloc : [mali_gralloc_allocate] begin
08-24 14:43:42.447  4159 17194 D gralloc : buffer_descriptor: wh(1080 2340) usage_pc(0x40000000000b00 0x40000000000b00) hal_format(0x1) layer_count(1) sizes(0 0 0) strde(0) byte_stride(0) alloc_wh(0 0) internal_format(0x0) alloc_format(0x0) fd_count(1) plane_count(0)
08-24 14:43:42.449  4159 17194 D gralloc : [mali_gralloc_allocate] allocation successful
08-24 14:43:42.451  4159 17194 D gralloc : [mali_gralloc_allocate] begin
08-24 14:43:42.451  4159 17194 D gralloc : buffer_descriptor: wh(1080 2340) usage_pc(0x40000000000b00 0x40000000000b00) hal_format(0x1) layer_count(1) sizes(0 0 0) strde(0) byte_stride(0) alloc_wh(0 0) internal_format(0x0) alloc_format(0x0) fd_count(1) plane_count(0)
08-24 14:43:42.454 24159 24159 I ViewRootImpl@5916620[InstrumentationActivityInvoker$EmptyActivity]: [DP] pdf(0) 1 android.view.ViewRootImpl.lambda$performDraw$1$ViewRootImpl:4668 android.view.-$$Lambda$ViewRootImpl$DJd0VUYJgsebcnSohO6h8zc_ONI.run:6 android.os.Handler.handleCallback:938
08-24 14:43:42.454 24159 24159 I ViewRootImpl@5916620[InstrumentationActivityInvoker$EmptyActivity]: [DP] rdf()
08-24 14:43:42.454  4159 17194 D gralloc : [mali_gralloc_allocate] allocation successful
08-24 14:43:42.455 24159 24159 I ViewRootImpl@1e61c1c[InstrumentationActivityInvoker$EmptyActivity]: MSG_WINDOW_FOCUS_CHANGED 0 1
08-24 14:43:42.458  4585  4613 D PkgPredictorService: pkg:com.example.dogglers activity:androidx.test.core.app.InstrumentationActivityInvoker$EmptyActivity thisTime:142
08-24 14:43:42.460  4585  4613 I SemDvfsHyPerManager: acquire hyper - AMS_RESUME_TAIL/4585@18, type = -999
08-24 14:43:42.460  4175  4211 I HYPER-HAL: [RequestManager.cpp]acquire(): Acquired ID : 10596124  [4585 / 18]    HINT : AMS_RESUME_TAIL    list :
08-24 14:43:42.460  4175  4211 I HYPER-HAL: [ResourceManager.cpp]updateResource(): [CPUMinFreq] UpdateResource Request ID : 10596124    Value : 1768000
08-24 14:43:42.460  4585  4617 I ActivityTaskManager: Displayed com.example.dogglers/androidx.test.core.app.InstrumentationActivityInvoker$EmptyActivity: +142ms
08-24 14:43:42.468  4585  4613 I SemDvfsHyPerManager: acquire hyper - AMS_ACT_LAZY/4585@19, type = -999
08-24 14:43:42.469  4175  4211 I HYPER-HAL: [RequestManager.cpp]acquire(): Acquired ID : 10600729  [4585 / 19]    HINT :      list :
08-24 14:43:42.469  4175  4211 E HYPER-HAL: [Request.cpp]acquire(): Request:: id : 10600729, No Resource to set
08-24 14:43:42.470  4175  4211 I HYPER-HAL: [ResourceManager.cpp]removeResource(): [CPUMinFreq] RemoveResource Request ID : 10586917
08-24 14:43:42.470  4175  4211 I HYPER-HAL: [RequestManager.cpp]releaseLocked(): Released ID : 10586917
08-24 14:43:42.475 24159 24159 I SurfaceControl: nativeRelease nativeObject s[536151026528]
08-24 14:43:42.475 24159 24159 I SurfaceControl: nativeRelease nativeObject e[536151026528]
08-24 14:43:42.475 24159 24159 I SurfaceControl: nativeRelease nativeObject s[536151026432]
08-24 14:43:42.475 24159 24159 I SurfaceControl: nativeRelease nativeObject e[536151026432]
08-24 14:43:42.475 24159 24159 I SurfaceControl: nativeRelease nativeObject s[536151025856]
08-24 14:43:42.475 24159 24159 I SurfaceControl: nativeRelease nativeObject e[536151025856]
08-24 14:43:42.476  4226  4601 I SurfaceFlinger: id=88373 Removed Surface(name=a71bb8f NavigationBar0)/@0x8f38906 - animation-leash#1 (82)
08-24 14:43:42.476  4226  4601 I SurfaceFlinger: id=88372 Removed Surface(name=e455c2d StatusBar)/@0x2f65071 - animation-leash#1 (82)
08-24 14:43:42.487  4226  4226 I Layer   : id=88373[1] Destroyed Surface(name=a71bb8f NavigationBar0)/@0x8f38906 - animation-leash#1
08-24 14:43:42.487  4226  4226 I Layer   : id=88372[1] Destroyed Surface(name=e455c2d StatusBar)/@0x2f65071 - animation-leash#1
08-24 14:43:42.489  4585  5390 I InputDispatcher: Focus entered window (24159): bb1ad2b in display 0 0
08-24 14:43:42.490  4226  5357 E BufferQueueProducer: [com.example.dogglers/androidx.test.core.app.InstrumentationActivityInvoker$EmptyActivity$_24159#0](id:108200004946,api:0,p:-1,c:4226) disconnect: not connected (req=1)
08-24 14:43:42.490 24159 24214 W libEGL  : EGLNativeWindowType 0x7cb9d6b010 disconnect failed
08-24 14:43:42.493  4585  5390 V WindowManager: Relayout Window{9e7d328 u0 com.example.dogglers/androidx.test.core.app.InstrumentationActivityInvoker$EmptyActivity}: viewVisibility=8 req=1080x2340
08-24 14:43:42.494  4226  4226 D SurfaceFlinger: Display 0 HWC layers:
08-24 14:43:42.494  4226  4226 D SurfaceFlinger:      DEVICE | 0x77ae646780 | 0002 | RGBA_8888    |    0.0    0.0 1080.0 2340.0 |    0    0 1080 2340 | com.example.dogglers/androidx.test.c[...]tivityInvoker$EmptyActivity$_24159#1
08-24 14:43:42.494  4226  4226 D SurfaceFlinger:      DEVICE | 0x77ce816940 | 0000 | RGBA_8888    |    0.0    0.0 1080.0   83.0 |    0    0 1080   83 | StatusBar$_4896#0
08-24 14:43:42.494  4226  4226 D SurfaceFlinger:      DEVICE | 0x77ce8157c0 | 0000 | RGBA_8888    |    0.0    0.0   67.0  342.0 |    0  746   67 1088 | com.samsung.android.app.cocktailbars[...]arservice.CocktailBarService$_9865#0
08-24 14:43:42.494  4226  4226 D SurfaceFlinger:      DEVICE | 0x7851238200 | 0000 | RGBA_8888    |    0.0    0.0  388.0   39.0 |  692 2301 1080 2340 | SGestureOverlayWindow$_5408#0
08-24 14:43:42.494  4226  4226 D SurfaceFlinger:      DEVICE | 0x77ce816800 | 0000 | RGBA_8888    |    0.0    0.0 1080.0  126.0 |    0 2214 1080 2340 | NavigationBar0$_4896#0
08-24 14:43:42.494  4226  4226 D SurfaceFlinger:      DEVICE | 0x77ce814b40 | 0000 | RGBA_8888    |    0.0    0.0 1080.0  151.0 |    0    0 1080  151 | ScreenDecorOverlay$_4896#0
08-24 14:43:42.494  4226  4226 D SurfaceFlinger:      DEVICE | 0x77ce817d40 | 0000 | RGBA_8888    |    0.0    0.0 1080.0  151.0 |    0 2189 1080 2340 | ScreenDecorOverlayBottom$_
08-24 14:43:42.494  4226  4226 D SurfaceFlinger: 4896#0
08-24 14:43:42.494  4226  4226 D SurfaceFlinger:
08-24 14:43:42.498  4585  5390 V WindowManager: Relayout hash=9e7d328, pid=24159: mAttrs={(0,0)(fillxfill) sim={adjust=pan forwardNavigation} ty=BASE_APPLICATION wanim=0x1030001
08-24 14:43:42.498  4585  5390 V WindowManager:   fl=1810100
08-24 14:43:42.498  4585  5390 V WindowManager:   pfl=12020000
08-24 14:43:42.498  4585  5390 V WindowManager:   apr=LIGHT_NAVIGATION_BARS
08-24 14:43:42.498  4585  5390 V WindowManager:   fitSides= naviIconColor=0
08-24 14:43:42.498  4585  5390 V WindowManager:   sfl=100000}
08-24 14:43:42.499 24159 24159 I SurfaceControl: nativeRelease nativeObject s[535692238880]
08-24 14:43:42.499 24159 24159 I SurfaceControl: nativeRelease nativeObject e[535692238880]
08-24 14:43:42.499 24159 24159 I SurfaceControl: assignNativeObject: nativeObject = 0 Surface(name=null)/@0x42e399e / android.view.SurfaceControl.readFromParcel:1117 android.view.IWindowSession$Stub$Proxy.relayout:1810 android.view.ViewRootImpl.relayoutWindow:9005 android.view.ViewRootImpl.performTraversals:3360 android.view.ViewRootImpl.doTraversal:2618 android.view.ViewRootImpl$TraversalRunnable.run:9971 android.view.Choreographer$CallbackRecord.run:1010 android.view.Choreographer.doCallbacks:809 android.view.Choreographer.doFrame:744 android.view.Choreographer$FrameDisplayEventReceiver.run:995
08-24 14:43:42.499 24159 24159 I SurfaceControl: assignNativeObject: nativeObject = 0 Surface(name=null)/@0x532b025 / android.view.SurfaceControl.readFromParcel:1117 android.view.IWindowSession$Stub$Proxy.relayout:1820 android.view.ViewRootImpl.relayoutWindow:9005 android.view.ViewRootImpl.performTraversals:3360 android.view.ViewRootImpl.doTraversal:2618 android.view.ViewRootImpl$TraversalRunnable.run:9971 android.view.Choreographer$CallbackRecord.run:1010 android.view.Choreographer.doCallbacks:809 android.view.Choreographer.doFrame:744 android.view.Choreographer$FrameDisplayEventReceiver.run:995
08-24 14:43:42.500 24159 24159 I SurfaceControl: nativeRelease nativeObject s[536151027008]
08-24 14:43:42.500 24159 24159 I SurfaceControl: nativeRelease nativeObject e[536151027008]
08-24 14:43:42.500 24159 24159 I ViewRootImpl@1e61c1c[InstrumentationActivityInvoker$EmptyActivity]: Relayout returned: old=(0,0,1080,2340) new=(0,0,1080,2340) req=(1080,2340)8 dur=8 res=0x5 s={false 0} ch=true fn=2
08-24 14:43:42.501 24159 24159 I ViewRootImpl@1e61c1c[InstrumentationActivityInvoker$EmptyActivity]: stopped(true) old=false
08-24 14:43:42.502 24159 24159 D LifecycleMonitor: Lifecycle status change: androidx.test.core.app.InstrumentationActivityInvoker$EmptyActivity@93b533 in: STOPPED
08-24 14:43:42.502 24159 24159 V ActivityScenario: Activity lifecycle changed event received but ignored because the intent does not match. startActivityIntent=Intent { act=android.intent.action.MAIN cat=[android.intent.category.LAUNCHER] cmp=com.example.dogglers/.GridListActivity }, activity.getIntent()=Intent { act=android.intent.action.MAIN cat=[android.intent.category.LAUNCHER] flg=0x10000000 cmp=com.example.dogglers/androidx.test.core.app.InstrumentationActivityInvoker$EmptyActivity }, activity=androidx.test.core.app.InstrumentationActivityInvoker$EmptyActivity@93b533
08-24 14:43:42.504  4585  4606 I InputDispatcher: Focus left window (24159): bb1ad2b in display 0 0
08-24 14:43:42.505 24159 24159 D LifecycleMonitor: Lifecycle status change: androidx.test.core.app.InstrumentationActivityInvoker$EmptyActivity@93b533 in: DESTROYED
08-24 14:43:42.505 24159 24159 V ActivityScenario: Activity lifecycle changed event received but ignored because the intent does not match. startActivityIntent=Intent { act=android.intent.action.MAIN cat=[android.intent.category.LAUNCHER] cmp=com.example.dogglers/.GridListActivity }, activity.getIntent()=Intent { act=android.intent.action.MAIN cat=[android.intent.category.LAUNCHER] flg=0x10000000 cmp=com.example.dogglers/androidx.test.core.app.InstrumentationActivityInvoker$EmptyActivity }, activity=androidx.test.core.app.InstrumentationActivityInvoker$EmptyActivity@93b533
08-24 14:43:42.506 24159 24159 I ViewRootImpl@1e61c1c[InstrumentationActivityInvoker$EmptyActivity]: dispatchDetachedFromWindow
08-24 14:43:42.507  4585  4606 D InputTransport: Input channel destroyed: '9e7d328', fd=661
08-24 14:43:42.507  4585  4606 I SurfaceControl: nativeRelease nativeObject s[535556336480]
08-24 14:43:42.507  4585  4606 I SurfaceControl: nativeRelease nativeObject e[535556336480]
08-24 14:43:42.507  4585  4606 D WindowManager: isScreenshotDisabledLocked - win: Window{9e7d328 u0 com.example.dogglers/androidx.test.core.app.InstrumentationActivityInvoker$EmptyActivity}
08-24 14:43:42.507  4585  4606 D WindowManager: isScreenshotDisabledLocked: userId = 0, disabled =false
08-24 14:43:42.507  4585  4606 I SurfaceControl: nativeRelease nativeObject s[535558903424]
08-24 14:43:42.507  4585  4606 I SurfaceControl: nativeRelease nativeObject e[535558903424]
08-24 14:43:42.508  4226  5357 I SurfaceFlinger: id=88381 createSurf (0x0),-1 flag=24004, Surface(name=a3a0629 InputMethod)/@0x54f474f - animation-leash#0
08-24 14:43:42.509  4585  4606 I SurfaceControl: nativeRelease nativeObject s[535556322272]
08-24 14:43:42.509  4585  4606 I SurfaceControl: nativeRelease nativeObject e[535556322272]
08-24 14:43:42.509  4226  5357 I Layer   : id=88371 removeFromCurrentState com.example.dogglers/androidx.test.core.app.InstrumentationActivityInvoker$EmptyActivity$_24159#0 (81)
08-24 14:43:42.509  4226  5357 I SurfaceFlinger: id=88371 Removed com.example.dogglers/androidx.test.core.app.InstrumentationActivityInvoker$EmptyActivity$_24159#0 (81)
08-24 14:43:42.511  4226  5357 I Layer   : id=88370 removeFromCurrentState 9e7d328 com.example.dogglers/androidx.test.core.app.InstrumentationActivityInvoker$EmptyActivity#0 (81)
08-24 14:43:42.511  4226  5357 I Layer   : id=88376 removeFromCurrentState Surface(name=a3a0629 InputMethod)/@0x54f474f - animation-leash#1 (81)
08-24 14:43:42.511  4226  5357 I SurfaceFlinger: id=88370 Removed 9e7d328 com.example.dogglers/androidx.test.core.app.InstrumentationActivityInvoker$EmptyActivity#0 (81)
08-24 14:43:42.512 24159 24159 D InputTransport: Input channel destroyed: '9e7d328', fd=92
08-24 14:43:42.513  4585  4606 I SurfaceControl: nativeRelease nativeObject s[537628421632]
08-24 14:43:42.513  4585  4606 I SurfaceControl: nativeRelease nativeObject e[537628421632]
08-24 14:43:42.515 24159 24159 D LifecycleMonitor: Lifecycle status change: androidx.test.core.app.InstrumentationActivityInvoker$EmptyActivity@9150387 in: PAUSED
08-24 14:43:42.515 24159 24159 V ActivityScenario: Activity lifecycle changed event received but ignored because the intent does not match. startActivityIntent=Intent { act=android.intent.action.MAIN cat=[android.intent.category.LAUNCHER] cmp=com.example.dogglers/.GridListActivity }, activity.getIntent()=Intent { act=android.intent.action.MAIN cat=[android.intent.category.LAUNCHER] flg=0x10000000 cmp=com.example.dogglers/androidx.test.core.app.InstrumentationActivityInvoker$EmptyActivity }, activity=androidx.test.core.app.InstrumentationActivityInvoker$EmptyActivity@9150387
08-24 14:43:42.517  4585  4606 I SemDvfsHyPerManager: acquire hyper - AMS_ACT_RESUME/4585@33, type = -999
08-24 14:43:42.518  4585  4606 D InputDispatcher: Focused application set to (0): 3890c50
08-24 14:43:42.518  4140  4146 E statsd  : Predicate -7037417284711607308 dropping data for dimension key (10)0x2010101->10574[I] (10)0x30000->*launch*[S]
08-24 14:43:42.518  4140  4146 E statsd  : Predicate 5980654721335871649 dropping data for dimension key (10)0x2010101->10574[I] (10)0x30000->*launch*[S]
08-24 14:43:42.518  4175  4211 I HYPER-HAL: [RequestManager.cpp]acquire(): Acquired ID : 10665304  [4585 / 33]    HINT : AMS_ACT_RESUME    list :
08-24 14:43:42.519  4585  4606 V WindowOrientationListener: getProposedRotation: -1
08-24 14:43:42.519  4585  4606 V WindowOrientationListener: getProposedRotation: -1
08-24 14:43:42.519  4175  4211 I HYPER-HAL: [ResourceManager.cpp]updateResource(): [CPUMinFreq] UpdateResource Request ID : 10665304    Value : 1664000
08-24 14:43:42.520  4226  4226 I Layer   : id=88370[1] Destroyed 9e7d328 com.example.dogglers/androidx.test.core.app.InstrumentationActivityInvoker$EmptyActivity#0
08-24 14:43:42.520  4585  4606 V WindowOrientationListener: getProposedRotation: -1
08-24 14:43:42.520 21625 21625 I SurfaceView: onWindowVisibilityChanged(4) false android.view.SurfaceView{c9edee9 V.E...... ......ID 0,0-1080,607} of ViewRootImpl@b7edacd[WatchWhileActivity]
08-24 14:43:42.520  4226  4226 I Layer   : id=88371[1] Destroyed com.example.dogglers/androidx.test.core.app.InstrumentationActivityInvoker$EmptyActivity$_24159#0
08-24 14:43:42.524  4226  5357 I Layer   : id=88369 removeFromCurrentState ActivityRecord{d2ee37 u0 com.example.dogglers/androidx.test.core.app.InstrumentationActivityInvoker$EmptyActivity t1567}#0 (79)
08-24 14:43:42.525  4226  5357 I SurfaceFlinger: id=88369 Removed ActivityRecord{d2ee37 u0 com.example.dogglers/androidx.test.core.app.InstrumentationActivityInvoker$EmptyActivity t1567}#0 (79)
08-24 14:43:42.525 24159 24159 I ViewRootImpl@5916620[InstrumentationActivityInvoker$EmptyActivity]: MSG_WINDOW_FOCUS_CHANGED 0 1
08-24 14:43:42.526 24159 24159 I ViewRootImpl@5916620[InstrumentationActivityInvoker$EmptyActivity]: MSG_WINDOW_FOCUS_CHANGED 0 1
08-24 14:43:42.526 24159 24204 I TestRunner: finished: grid_list_content_on_first_page(com.example.dogglers.GridListTests)
