08-24 14:43:39.022 24159 24204 I TestRunner: started: vertical_list_button_is_displayed(com.example.dogglers.ButtonTests)
08-24 14:43:39.022 24159 24159 I ViewRootImpl@e7f7dca[InstrumentationActivityInvoker$EmptyActivity]: dispatchDetachedFromWindow
08-24 14:43:39.023  4585  7034 D InputTransport: Input channel destroyed: '962e15e', fd=675
08-24 14:43:39.023  4585  7034 I SurfaceControl: nativeRelease nativeObject s[535557020736]
08-24 14:43:39.024  4585  7034 I SurfaceControl: nativeRelease nativeObject e[535557020736]
08-24 14:43:39.024  4585  7034 D WindowManager: isScreenshotDisabledLocked - win: Window{962e15e u0 com.example.dogglers/androidx.test.core.app.InstrumentationActivityInvoker$EmptyActivity}
08-24 14:43:39.024  4585  7034 D WindowManager: isScreenshotDisabledLocked: userId = 0, disabled =false
08-24 14:43:39.025  4585  7034 I SurfaceControl: nativeRelease nativeObject s[535556334560]
08-24 14:43:39.025  4585  7034 I SurfaceControl: nativeRelease nativeObject e[535556334560]
08-24 14:43:39.025  4226  4251 I Layer   : id=88262 removeFromCurrentState com.example.dogglers/androidx.test.core.app.InstrumentationActivityInvoker$EmptyActivity$_24159#1 (78)
08-24 14:43:39.025  4896  4896 D SecStatusBarMobileView: setStaticDrawableColor:
08-24 14:43:39.025  4896  4896 D SecStatusBarMobileView: setStaticDrawableColor:
08-24 14:43:39.026  4226  4251 I SurfaceFlinger: id=88262 Removed com.example.dogglers/androidx.test.core.app.InstrumentationActivityInvoker$EmptyActivity$_24159#1 (78)
08-24 14:43:39.030  4226  4226 I Layer   : id=88262[1] Destroyed com.example.dogglers/androidx.test.core.app.InstrumentationActivityInvoker$EmptyActivity$_24159#1
08-24 14:43:39.032  4226  5357 I Layer   : id=88261 removeFromCurrentState 962e15e com.example.dogglers/androidx.test.core.app.InstrumentationActivityInvoker$EmptyActivity#0 (77)
08-24 14:43:39.043  4226  4601 I SurfaceFlinger: id=88261 Removed 962e15e com.example.dogglers/androidx.test.core.app.InstrumentationActivityInvoker$EmptyActivity#0 (77)
08-24 14:43:39.044 24159 24159 D InputTransport: Input channel destroyed: '962e15e', fd=89
08-24 14:43:39.045  4896  4896 D SecStatusBarMobileView: setStaticDrawableColor:
08-24 14:43:39.045  4896  4896 D SecStatusBarMobileView: setStaticDrawableColor:
08-24 14:43:39.046  4585  4854 I SurfaceControl: nativeRelease nativeObject s[535557013152]
08-24 14:43:39.046  4585  4854 I SurfaceControl: nativeRelease nativeObject e[535557013152]
08-24 14:43:39.046  4585  4854 I SurfaceControl: nativeRelease nativeObject s[535556339552]
08-24 14:43:39.046  4585  4854 I SurfaceControl: nativeRelease nativeObject e[535556339552]
08-24 14:43:39.047  4226  4226 I Layer   : id=88261[1] Destroyed 962e15e com.example.dogglers/androidx.test.core.app.InstrumentationActivityInvoker$EmptyActivity#0
08-24 14:43:39.050  4226  5357 I Layer   : id=88258 removeFromCurrentState ActivityRecord{6ace2b0 u0 com.example.dogglers/androidx.test.core.app.InstrumentationActivityInvoker$EmptyActivity t1564}#0 (76)
08-24 14:43:39.050  4226  5357 I Layer   : id=88235 removeFromCurrentState Task=1564#0 (76)
08-24 14:43:39.051  4226  5357 I SurfaceFlinger: id=88258 Removed ActivityRecord{6ace2b0 u0 com.example.dogglers/androidx.test.core.app.InstrumentationActivityInvoker$EmptyActivity t1564}#0 (76)
08-24 14:43:39.051  4226  5357 I SurfaceFlinger: id=88235 Removed Task=1564#0 (76)
08-24 14:43:39.055  4896  4896 D SecStatusBarMobileView: setStaticDrawableColor:
08-24 14:43:39.055  4896  4896 D SecStatusBarMobileView: setStaticDrawableColor:
08-24 14:43:39.057 24159 24204 W Settings: Setting always_finish_activities has moved from android.provider.Settings.System to android.provider.Settings.Global, returning read-only value.
08-24 14:43:39.063  4226  4226 I Layer   : id=88235[1] Destroyed Task=1564#0
08-24 14:43:39.063  4226  4226 I Layer   : id=88258[1] Destroyed ActivityRecord{6ace2b0 u0 com.example.dogglers/androidx.test.core.app.InstrumentationActivityInvoker$EmptyActivity t1564}#0
08-24 14:43:39.068  4896  4896 D SecStatusBarMobileView: setStaticDrawableColor:
08-24 14:43:39.068  4896  4896 D SecStatusBarMobileView: setStaticDrawableColor:
08-24 14:43:39.080  4896  4896 D SecStatusBarMobileView: setStaticDrawableColor:
08-24 14:43:39.080  4896  4896 D SecStatusBarMobileView: setStaticDrawableColor:
08-24 14:43:39.086  4585  5732 I SemDvfsHyPerManager: acquire hyper - AMS_APP_SWITCH/4585@30, type = -999
08-24 14:43:39.087  4175  4211 I HYPER-HAL: [RequestManager.cpp]acquire(): Acquired ID : 10651450  [4585 / 30]    HINT : AMS_APP_SWITCH    list :
08-24 14:43:39.087  4226  5357 I SurfaceFlinger: id=88274 createSurf (0x0),-1 flag=24004, Task=1565#0
08-24 14:43:39.088  7134  7134 I SemDvfsHyPerManager: acquire hyper - com.sec.android.sdhms/7134@9, type = -999
08-24 14:43:39.089  4175  4211 I HYPER-HAL: [ResourceManager.cpp]updateResource(): [CPUMinFreq] UpdateResource Request ID : 10651450    Value : 2314000
08-24 14:43:39.089  4175  4211 I HYPER-HAL: [RequestManager.cpp]acquire(): Acquired ID : 25514805  [7134 / 9]    HINT : APP_START    list :
08-24 14:43:39.089  4175  4211 E HYPER-HAL: [HandlerSysfs.cpp]doResourceHandling(): Couldn't Open Sysfs - /sys/kernel/mm/vmscan/am_app_launch
08-24 14:43:39.090  4175  4211 I HYPER-HAL: [ResourceManager.cpp]updateResource(): [CPUMaxFreq] UpdateResource Request ID : 25514805    Value : 2314000
08-24 14:43:39.090  4226  5357 I SurfaceFlinger: id=88275 createSurf (0x0),-1 flag=80004, ActivityRecord{a24607a u0 com.example.dogglers/androidx.test.core.app.InstrumentationActivityInvoker$BootstrapActivity t1565}#0
08-24 14:43:39.094  4585  7034 V WindowOrientationListener: getProposedRotation: -1
08-24 14:43:39.100  4140  4146 E statsd  : Predicate -7037417284711607308 dropping data for dimension key (10)0x2010101->10574[I] (10)0x30000->*launch*[S]
08-24 14:43:39.100  4585  7034 I SemDvfsHyPerManager: acquire hyper - AMS_APP_LAUNCH/4585@17, type = -999
08-24 14:43:39.101  4140  4146 E statsd  : Predicate 5980654721335871649 dropping data for dimension key (10)0x2010101->10574[I] (10)0x30000->*launch*[S]
08-24 14:43:39.101  4896  4896 D SecStatusBarMobileView: setStaticDrawableColor:
08-24 14:43:39.101  4896  4896 D SecStatusBarMobileView: setStaticDrawableColor:
08-24 14:43:39.105  4175  4211 I HYPER-HAL: [RequestManager.cpp]acquire(): Acquired ID : 10591520  [4585 / 17]    HINT : AMS_APP_LAUNCH    list :
08-24 14:43:39.105  4175  4211 I HYPER-HAL: [ResourceManager.cpp]updateResource(): [CPUMinFreq] UpdateResource Request ID : 10591520    Value : 2314000
08-24 14:43:39.107  4585  7034 V WindowOrientationListener: getProposedRotation: -1
08-24 14:43:39.107  4585  7034 V WindowOrientationListener: getProposedRotation: -1
08-24 14:43:39.108  4585  7034 V WindowOrientationListener: getProposedRotation: -1
08-24 14:43:39.110  4585  7034 D InputDispatcher: Focused application set to (0): a24607a
08-24 14:43:39.125  4585  4635 D FastTrack: setFastTrackState: pid = 24159 ;tid= 24159 ;value= 1
08-24 14:43:39.125  4585  4635 D FastTrack: setFastTrackState: pid = 24159 ;tid= 24214 ;value= 1
08-24 14:43:39.129 24159 24159 D LifecycleMonitor: Lifecycle status change: androidx.test.core.app.InstrumentationActivityInvoker$BootstrapActivity@7781c04 in: PRE_ON_CREATE
08-24 14:43:39.129 24159 24159 V ActivityScenario: Activity lifecycle changed event received but ignored because the intent does not match. startActivityIntent=Intent { act=android.intent.action.MAIN cat=[android.intent.category.LAUNCHER] cmp=com.example.dogglers/.MainActivity }, activity.getIntent()=Intent { act=android.intent.action.MAIN cat=[android.intent.category.LAUNCHER] flg=0x10008000 cmp=com.example.dogglers/androidx.test.core.app.InstrumentationActivityInvoker$BootstrapActivity (has extras) }, activity=androidx.test.core.app.InstrumentationActivityInvoker$BootstrapActivity@7781c04
08-24 14:43:39.134  4585  4610 D SehCodecSolutionService: Update top [com.example.dogglers]
08-24 14:43:39.134  4585  4820 D PkgPredictorService: com.example.dogglers go to foreground!
08-24 14:43:39.134  4585  4820 E PkgPredictorService-Collector: record changed bt=0  wifi=0 screen=0
08-24 14:43:39.134  4585  4820 D PkgPredictorService: previous pkgs: com.example.dogglers,com.google.android.youtube,com.example.dogglers running pkg: com.example.dogglers, uid: 0 is system: false
08-24 14:43:39.135  4585  4820 D PkgPredictorService-Collector: save record...
08-24 14:43:39.135  4585  4820 D PkgPredictorService-Collector:  (hour:14 day:4 previous:[com.example.dogglers, com.google.android.youtube, com.example.dogglers] activityName:unknown running:com.example.dogglers userId:0 screenOrientation:0 wifi:0 bt:0 predictTime:1 apkVersion:1.0 consumeTime:-1 preloaded:false>)
08-24 14:43:39.135  4585  4820 D PkgPredictorService-NapPreloadController: User using: com.example.dogglers
08-24 14:43:39.135  4585  4820 I PkgPredictorService-NapClassifier: RF predict version:1661289077471
08-24 14:43:39.135  4585  4613 D InputTransport: Input channel constructed: 'b8d90f6', fd=679
08-24 14:43:39.135  4585  4613 D InputTransport: Input channel constructed: 'b8d90f6', fd=680
08-24 14:43:39.135  4585  4820 D PkgPredictorService-NapClassifier: Predict result: 144.0,146.0,166.0, - [0_&_org.telegram.plus, 0_&_com.google.android.youtube, 0_&_com.samsung.android.app.contacts]
08-24 14:43:39.136  4226  4601 I SurfaceFlinger: id=88276 createSurf (0x0),-1 flag=80004, b8d90f6 Splash Screen com.example.dogglers#0
08-24 14:43:39.136  4217  4353 V APM_AudioPolicyManager: setAppState(portId:11856, state:1)
08-24 14:43:39.136  4217  4353 V APM_AudioPolicyManager: setAppState(portId:11883, state:2)
08-24 14:43:39.138  4585  4613 I ViewRootImpl@529a991[dogglers]: setView = com.android.internal.policy.DecorView@1cc8764 TM=true
08-24 14:43:39.139 15874 15932 I Rubin   : [164608] LoggingEventHelper.notifyUpdatedWithValue(LoggingEventHelper.java:58) : Notify AppUsageLogger's database is updated.
08-24 14:43:39.142 24159 24159 I DecorView: [INFO] isPopOver=false, config=true
08-24 14:43:39.142 24159 24159 I DecorView: updateCaptionType >> DecorView@781fc22[], isFloating=false, isApplication=true, hasWindowDecorCaption=false, hasWindowControllerCallback=true
08-24 14:43:39.142 24159 24159 D DecorView: setCaptionType = 0, this = DecorView@781fc22[]
08-24 14:43:39.147  4585  5087 I InputDispatcher: Focus left window (21625): 911a194 in display 0 0
08-24 14:43:39.153 24159 24159 D LifecycleMonitor: Lifecycle status change: androidx.test.core.app.InstrumentationActivityInvoker$BootstrapActivity@7781c04 in: CREATED
08-24 14:43:39.153 24159 24159 V ActivityScenario: Activity lifecycle changed event received but ignored because the intent does not match. startActivityIntent=Intent { act=android.intent.action.MAIN cat=[android.intent.category.LAUNCHER] cmp=com.example.dogglers/.MainActivity }, activity.getIntent()=Intent { act=android.intent.action.MAIN cat=[android.intent.category.LAUNCHER] flg=0x10008000 cmp=com.example.dogglers/androidx.test.core.app.InstrumentationActivityInvoker$BootstrapActivity (has extras) }, activity=androidx.test.core.app.InstrumentationActivityInvoker$BootstrapActivity@7781c04
08-24 14:43:39.154  4585  4613 V WindowManager: Relayout Window{b8d90f6 u0 Splash Screen com.example.dogglers}: viewVisibility=0 req=1080x2340
08-24 14:43:39.154  9865  9865 I Utils   : isCurrentUser current = 0, ownerId = 0
08-24 14:43:39.154  9865  9865 I TrayVisibilityController: getComputedTrayVisible : keyguardState = 1
08-24 14:43:39.154  9865  9865 I TrayVisibilityController: updateTrayVisible: State=1 visible=1 mCurrentVisible=1 specificMode=0
08-24 14:43:39.154  9865  9865 I TrayStateController: onNotifyUpdateTray: 0 to need to visible? true
08-24 14:43:39.155 21625 21625 I ViewRootImpl@b7edacd[WatchWhileActivity]: MSG_WINDOW_FOCUS_CHANGED 0 1
08-24 14:43:39.157  4585  4613 D WindowManager: isScreenshotDisabledLocked - win: Window{b8d90f6 u0 Splash Screen com.example.dogglers}
08-24 14:43:39.157  4585  4613 D WindowManager: isScreenshotDisabledLocked: userId = 0, disabled =false
08-24 14:43:39.157  4226  5357 I SurfaceFlinger: id=88277 createSurf (1080x2340),1 flag=404, Splash Screen com.example.dogglers#0
08-24 14:43:39.160  4585  4613 V WindowManager: Relayout hash=b8d90f6, pid=4585: mAttrs={(0,0)(fillxfill) sim={adjust=pan} layoutInDisplayCutoutMode=shortEdges ty=APPLICATION_STARTING wanim=0x1030001
08-24 14:43:39.160  4585  4613 V WindowManager:   fl=1830118
08-24 14:43:39.160  4585  4613 V WindowManager:   pfl=12020011
08-24 14:43:39.160  4585  4613 V WindowManager:   apr=LIGHT_NAVIGATION_BARS
08-24 14:43:39.160  4585  4613 V WindowManager:   fitSides= naviIconColor=0
08-24 14:43:39.160  4585  4613 V WindowManager:   sfl=100000}
08-24 14:43:39.160 24159 24159 D LifecycleMonitor: Lifecycle status change: androidx.test.core.app.InstrumentationActivityInvoker$BootstrapActivity@7781c04 in: STARTED
08-24 14:43:39.160  4585  4613 I ViewRootImpl@529a991[dogglers]: Relayout returned: old=(0,0,1080,2340) new=(0,0,1080,2340) req=(1080,2340)0 dur=8 res=0x7 s={true 535581126656} ch=true fn=-1
08-24 14:43:39.160 24159 24159 V ActivityScenario: Activity lifecycle changed event received but ignored because the intent does not match. startActivityIntent=Intent { act=android.intent.action.MAIN cat=[android.intent.category.LAUNCHER] cmp=com.example.dogglers/.MainActivity }, activity.getIntent()=Intent { act=android.intent.action.MAIN cat=[android.intent.category.LAUNCHER] flg=0x10008000 cmp=com.example.dogglers/androidx.test.core.app.InstrumentationActivityInvoker$BootstrapActivity (has extras) }, activity=androidx.test.core.app.InstrumentationActivityInvoker$BootstrapActivity@7781c04
08-24 14:43:39.161  4585  4613 I ViewRootImpl@529a991[dogglers]: [DP] dp(1) 1 android.view.ViewRootImpl.reportNextDraw:10957 android.view.ViewRootImpl.performTraversals:3845 android.view.ViewRootImpl.doTraversal:2618
08-24 14:43:39.162  4159 16850 D gralloc : [mali_gralloc_allocate] begin
08-24 14:43:39.162  4159 16850 D gralloc : buffer_descriptor: wh(1080 2340) usage_pc(0x966 0x906) hal_format(0x1) layer_count(1) sizes(0 0 0) strde(0) byte_stride(0) alloc_wh(0 0) internal_format(0x0) alloc_format(0x0) fd_count(1) plane_count(0)
08-24 14:43:39.163  4149  4184 D audio_hw_primary: device-adev_set_parameters: enter with key(audioHDR=0)
08-24 14:43:39.164  4159 16850 D gralloc : [mali_gralloc_allocate] allocation successful
08-24 14:43:39.191  4585  4613 I ViewRootImpl@529a991[dogglers]: [DP] pdf(0) 1 android.view.ViewRootImpl.performDraw:4809 android.view.ViewRootImpl.performTraversals:3866 android.view.ViewRootImpl.doTraversal:2618
08-24 14:43:39.191  4585  4613 I ViewRootImpl@529a991[dogglers]: [DP] rdf()
08-24 14:43:39.197 21625 21625 I SurfaceView: onWindowVisibilityChanged(8) false android.view.SurfaceView{c9edee9 V.E...... ......ID 0,0-1080,607} of ViewRootImpl@b7edacd[WatchWhileActivity]
08-24 14:43:39.198 21625 21625 I SurfaceView: surfaceDestroyed callback.size 1 #2 android.view.SurfaceView{c9edee9 V.E...... ......ID 0,0-1080,607}
08-24 14:43:39.198 21625 21625 I SurfaceView: remove() android.view.SurfaceView{c9edee9 V.E...... ......ID 0,0-1080,607} Surface(name=SurfaceView - com.google.android.youtube/com.google.android.apps.youtube.app.watchwhile.WatchWhileActivity@c9edee9@5)/@0x2379b4f
08-24 14:43:39.198 21625 21625 I SurfaceControl: nativeRelease nativeObject s[537816938592]
08-24 14:43:39.198 21625 21625 I SurfaceControl: nativeRelease nativeObject e[537816938592]
08-24 14:43:39.198 21625 21625 I SurfaceControl: nativeRelease nativeObject s[537816938688]
08-24 14:43:39.198 21625 21625 I SurfaceControl: nativeRelease nativeObject e[537816938688]
08-24 14:43:39.199  4226  4251 I Layer   : id=88271 removeFromCurrentState Background for -SurfaceView - com.google.android.youtube/com.google.android.apps.youtube.app.watchwhile.WatchWhileActivity@c9edee9@5#0 (78)
08-24 14:43:39.199  4585  4613 D WindowManager: isScreenshotDisabledLocked - win: Window{a3a0629 u0 InputMethod}
08-24 14:43:39.199  4226  4251 I SurfaceFlinger: id=88271 Removed Background for -SurfaceView - com.google.android.youtube/com.google.android.apps.youtube.app.watchwhile.WatchWhileActivity@c9edee9@5#0 (78)
08-24 14:43:39.199  4226  4251 I SurfaceFlinger: id=88270 Removed SurfaceView - com.google.android.youtube/com.google.android.apps.youtube.app.watchwhile.WatchWhileActivity@c9edee9@5#0 (78)
08-24 14:43:39.199  4585  4613 D WindowManager: isScreenshotDisabledLocked: userId = 0, disabled =false
08-24 14:43:39.199  4585  4613 D WindowManager: isScreenshotDisabledLocked - win: Window{911a194 u0 com.google.android.youtube/com.google.android.apps.youtube.app.watchwhile.WatchWhileActivity}
08-24 14:43:39.199  4585  4613 D WindowManager: isScreenshotDisabledLocked: userId = 0, disabled =false
08-24 14:43:39.200  4159 16850 D gralloc : [mali_gralloc_allocate] begin
08-24 14:43:39.201  4159 16850 D gralloc : buffer_descriptor: wh(1080 2340) usage_pc(0x366 0x306) hal_format(0x1) layer_count(1) sizes(0 0 0) strde(0) byte_stride(0) alloc_wh(0 0) internal_format(0x0) alloc_format(0x0) fd_count(1) plane_count(0)
08-24 14:43:39.202  4226  5359 E BufferQueueProducer: [com.google.android.youtube/com.google.android.apps.youtube.app.watchwhile.WatchWhileActivity$_21625#0](id:108200004936,api:0,p:-1,c:4226) disconnect: not connected (req=1)
08-24 14:43:39.203 21625 21862 W libEGL  : EGLNativeWindowType 0x7c930a9010 disconnect failed
08-24 14:43:39.203  4159 16850 D gralloc : [mali_gralloc_allocate] allocation successful
08-24 14:43:39.207  4226  4226 I Layer   : id=88278[0] Destroyed Screenshot Parent
08-24 14:43:39.213  4585  4613 I SurfaceControl: nativeRelease nativeObject s[535556330336]
08-24 14:43:39.213  4585  4613 I SurfaceControl: nativeRelease nativeObject e[535556330336]
08-24 14:43:39.213  9865  9865 I TrayStateController: systemUiVisibilityChanged : 2 0
08-24 14:43:39.214  4226  5357 I SurfaceFlinger: id=88279 createSurf (0x0),-1 flag=24000, Surface(name=e455c2d StatusBar)/@0x2f65071 - animation-leash#1
08-24 14:43:39.214  4226  4226 I Layer   : id=88271[1] Destroyed Background for -SurfaceView - com.google.android.youtube/com.google.android.apps.youtube.app.watchwhile.WatchWhileActivity@c9edee9@5#0
08-24 14:43:39.215  4585  4613 I SurfaceControl: nativeRelease nativeObject s[535556338016]
08-24 14:43:39.215  4585  4613 I SurfaceControl: nativeRelease nativeObject e[535556338016]
08-24 14:43:39.215  4226  5357 I SurfaceFlinger: id=88280 createSurf (0x0),-1 flag=24000, Surface(name=a71bb8f NavigationBar0)/@0x8f38906 - animation-leash#1
08-24 14:43:39.217  4226  4226 D SurfaceFlinger: Display 0 HWC layers:
08-24 14:43:39.217  4226  4226 D SurfaceFlinger:      DEVICE | 0x77ce816580 | 0000 | RGBA_8888    |    0.0    0.0 1080.0 2340.0 |    0    0 1080 2340 | com.google.android.youtube/com.googl[...]tchwhile.WatchWhileActivity$_21625#0
08-24 14:43:39.217  4226  4226 D SurfaceFlinger:      DEVICE | 0x77ce815e00 | 0000 | RGBA_8888    |    0.0    0.0 1080.0   83.0 |    0    0 1080   83 | StatusBar$_4896#0
08-24 14:43:39.217  4226  4226 D SurfaceFlinger:      DEVICE | 0x77ce8157c0 | 0000 | RGBA_8888    |    0.0    0.0   67.0  342.0 |    0  746   67 1088 | com.samsung.android.app.cocktailbars[...]arservice.CocktailBarService$_9865#0
08-24 14:43:39.217  4226  4226 D SurfaceFlinger:      DEVICE | 0x7851238200 | 0000 | RGBA_8888    |    0.0    0.0  388.0   39.0 |  692 2301 1080 2340 | SGestureOverlayWindow$_5408#0
08-24 14:43:39.217  4226  4226 D SurfaceFlinger:      DEVICE | 0x77ce816800 | 0000 | RGBA_8888    |    0.0    0.0 1080.0  126.0 |    0 2214 1080 2340 | NavigationBar0$_4896#0
08-24 14:43:39.217  4226  4226 D SurfaceFlinger:      DEVICE | 0x77ce814b40 | 0000 | RGBA_8888    |    0.0    0.0 1080.0  151.0 |    0    0 1080  151 | ScreenDecorOverlay$_4896#0
08-24 14:43:39.217  4226  4226 D SurfaceFlinger:      DEVICE | 0x77ce817d40 | 0000 | RGBA_8888    |    0.0    0.0 1080.0  151.0 |    0 2189 1080 2340 | ScreenDecorOverlayBottom$_
08-24 14:43:39.217  4226  4226 D SurfaceFlinger: 4896#0
08-24 14:43:39.217  4226  4226 D SurfaceFlinger:
08-24 14:43:39.221  4226  5357 I Layer   : id=88268 removeFromCurrentState Surface(name=a71bb8f NavigationBar0)/@0x8f38906 - animation-leash#0 (79)
08-24 14:43:39.221  4226  5357 I Layer   : id=26 removeFromCurrentState a71bb8f NavigationBar0#0 (79)
08-24 14:43:39.221  4226  5357 I Layer   : id=36 removeFromCurrentState NavigationBar0$_4896#0 (79)
08-24 14:43:39.221  4226  5357 I Layer   : id=88267 removeFromCurrentState Surface(name=e455c2d StatusBar)/@0x2f65071 - animation-leash#0 (79)
08-24 14:43:39.221  4226  5357 I Layer   : id=26 addToCurrentState a71bb8f NavigationBar0#0 (79)
08-24 14:43:39.221  4226  5357 I Layer   : id=36 addToCurrentState NavigationBar0$_4896#0 (79)
08-24 14:43:39.222  4585  7096 V WindowManager: Relayout Window{911a194 u0 com.google.android.youtube/com.google.android.apps.youtube.app.watchwhile.WatchWhileActivity}: viewVisibility=8 req=1080x2340
08-24 14:43:39.226  4585  7096 V WindowManager: Relayout hash=911a194, pid=21625: mAttrs={(0,0)(fillxfill) sim={adjust=resize} layoutInDisplayCutoutMode=shortEdges ty=BASE_APPLICATION fmt=TRANSLUCENT wanim=0x1030304 sysuil=true
08-24 14:43:39.226  4585  7096 V WindowManager:   fl=81810100
08-24 14:43:39.226  4585  7096 V WindowManager:   pfl=12020000
08-24 14:43:39.226  4585  7096 V WindowManager:   vsysui=3710
08-24 14:43:39.226  4585  7096 V WindowManager:   apr=LIGHT_STATUS_BARS LIGHT_NAVIGATION_BARS
08-24 14:43:39.226  4585  7096 V WindowManager:   bhv=SHOW_TRANSIENT_BARS_BY_SWIPE
08-24 14:43:39.226  4585  7096 V WindowManager:   fitSides= naviIconColor=0}
08-24 14:43:39.227 21625 21625 I SurfaceControl: nativeRelease nativeObject s[537816940896]
08-24 14:43:39.227 21625 21625 I SurfaceControl: nativeRelease nativeObject e[537816940896]
08-24 14:43:39.228 21625 21625 I SurfaceControl: assignNativeObject: nativeObject = 0 Surface(name=null)/@0x10ea726 / android.view.SurfaceControl.readFromParcel:1117 android.view.IWindowSession$Stub$Proxy.relayout:1810 android.view.ViewRootImpl.relayoutWindow:9005 android.view.ViewRootImpl.performTraversals:3360 android.view.ViewRootImpl.doTraversal:2618 android.view.ViewRootImpl$TraversalRunnable.run:9971 android.view.Choreographer$CallbackRecord.run:1010 android.view.Choreographer.doCallbacks:809 android.view.Choreographer.doFrame:744 android.view.Choreographer$FrameDisplayEventReceiver.run:995
08-24 14:43:39.228 21625 21625 I SurfaceControl: assignNativeObject: nativeObject = 0 Surface(name=null)/@0x3a5f6d6 / android.view.SurfaceControl.readFromParcel:1117 android.view.IWindowSession$Stub$Proxy.relayout:1820 android.view.ViewRootImpl.relayoutWindow:9005 android.view.ViewRootImpl.performTraversals:3360 android.view.ViewRootImpl.doTraversal:2618 android.view.ViewRootImpl$TraversalRunnable.run:9971 android.view.Choreographer$CallbackRecord.run:1010 android.view.Choreographer.doCallbacks:809 android.view.Choreographer.doFrame:744 android.view.Choreographer$FrameDisplayEventReceiver.run:995
08-24 14:43:39.229 21625 21625 I SurfaceControl: nativeRelease nativeObject s[537816938304]
08-24 14:43:39.229 21625 21625 I SurfaceControl: nativeRelease nativeObject e[537816938304]
08-24 14:43:39.229  4226  5359 I SurfaceFlinger: id=88269 Removed Bounds for - com.google.android.youtube/com.google.android.apps.youtube.app.watchwhile.WatchWhileActivity@5#0 (79)
08-24 14:43:39.230 21625 21625 I SurfaceControl: nativeRelease nativeObject s[537816932544]
08-24 14:43:39.230 21625 21625 I SurfaceControl: nativeRelease nativeObject e[537816932544]
08-24 14:43:39.230 21625 21625 I SurfaceControl: nativeRelease nativeObject s[537816942624]
08-24 14:43:39.230 21625 21625 I SurfaceControl: nativeRelease nativeObject e[537816942624]
08-24 14:43:39.230 21625 21625 I SurfaceControl: nativeRelease nativeObject s[537816942528]
08-24 14:43:39.230 21625 21625 I SurfaceControl: nativeRelease nativeObject e[537816942528]
08-24 14:43:39.230  4226  5357 I SurfaceFlinger: id=88268 Removed Surface(name=a71bb8f NavigationBar0)/@0x8f38906 - animation-leash#0 (79)
08-24 14:43:39.230 21625 21625 I ViewRootImpl@b7edacd[WatchWhileActivity]: Relayout returned: old=(0,0,1080,2340) new=(0,0,1080,2340) req=(1080,2340)8 dur=26 res=0x5 s={false 0} ch=true fn=16
08-24 14:43:39.230 21625 21625 I SurfaceView: windowStopped(true) false android.view.SurfaceView{c9edee9 V.E...... ......ID 0,0-1080,607} of ViewRootImpl@b7edacd[WatchWhileActivity]
08-24 14:43:39.230  4226  5359 I SurfaceFlinger: id=88267 Removed Surface(name=e455c2d StatusBar)/@0x2f65071 - animation-leash#0 (79)
08-24 14:43:39.233 21625 21625 I SurfaceControl: nativeRelease nativeObject s[537816940896]
08-24 14:43:39.233 21625 21625 I SurfaceControl: nativeRelease nativeObject e[537816940896]
08-24 14:43:39.237  4226  5359 I SurfaceFlinger: id=88281 createSurf (0x0),-1 flag=80004, ActivityRecord{675bfeb u0 com.example.dogglers/.MainActivity t1565}#0
08-24 14:43:39.238  4226  4226 D SurfaceFlinger: Display 0 HWC layers:
08-24 14:43:39.238  4226  4226 D SurfaceFlinger:      DEVICE | 0x77ce815540 | 0002 | RGBA_8888    |    0.0    0.0 1080.0 2340.0 |    0    0 1080 2340 | Splash Screen com.example.dogglers#0
08-24 14:43:39.238  4226  4226 D SurfaceFlinger:      DEVICE | 0x77ce815e00 | 0000 | RGBA_8888    |    0.0    0.0 1080.0   83.0 |    0    0 1080   83 | StatusBar$_4896#0
08-24 14:43:39.238  4226  4226 D SurfaceFlinger:      DEVICE | 0x77ce8157c0 | 0000 | RGBA_8888    |    0.0    0.0   67.0  342.0 |    0  746   67 1088 | com.samsung.android.app.cocktailbars[...]arservice.CocktailBarService$_9865#0
08-24 14:43:39.238  4226  4226 D SurfaceFlinger:      DEVICE | 0x7851238200 | 0000 | RGBA_8888    |    0.0    0.0  388.0   39.0 |  692 2301 1080 2340 | SGestureOverlayWindow$_5408#0
08-24 14:43:39.238  4226  4226 D SurfaceFlinger:      DEVICE | 0x77ce816800 | 0000 | RGBA_8888    |    0.0    0.0 1080.0  126.0 |    0 2214 1080 2340 | NavigationBar0$_4896#0
08-24 14:43:39.238  4226  4226 D SurfaceFlinger:      DEVICE | 0x77ce814b40 | 0000 | RGBA_8888    |    0.0    0.0 1080.0  151.0 |    0    0 1080  151 | ScreenDecorOverlay$_4896#0
08-24 14:43:39.238  4226  4226 D SurfaceFlinger:      DEVICE | 0x77ce817d40 | 0000 | RGBA_8888    |    0.0    0.0 1080.0  151.0 |    0 2189 1080 2340 | ScreenDecorOverlayBottom$_4896#0
08-24 14:43:39.238  4226  4226 D SurfaceFlinger:
08-24 14:43:39.240  4896  4896 D NavigationBar: onSystemBarAppearanceChanged() -  displayId:0, appearance:16 (APPEARANCE_LIGHT_NAVIGATION_BARS ), navbarColorManagedByIme:false
08-24 14:43:39.241  4896  4896 D SecStatusBarMobileView: setStaticDrawableColor:
08-24 14:43:39.241  4896  4896 D SecStatusBarMobileView: setStaticDrawableColor:
08-24 14:43:39.242  4896  4896 D SecLightBarControlHelper: updateStatus(WHITE icon) NumLightStacks:0, NumStacks:1, IndexLightStack:-1, StatusBarMode:0, StatusBarState:SHD, NeedDarkFontFromWallpaper:false, isWhiteKeyguardStatusBarBySettings:false
08-24 14:43:39.243  9865  9865 I TrayStateController: systemUiVisibilityChanged : 0 0
08-24 14:43:39.244 24159 24159 D LifecycleMonitor: Lifecycle status change: androidx.test.core.app.InstrumentationActivityInvoker$BootstrapActivity@7781c04 in: RESUMED
08-24 14:43:39.244 24159 24159 V ActivityScenario: Activity lifecycle changed event received but ignored because the intent does not match. startActivityIntent=Intent { act=android.intent.action.MAIN cat=[android.intent.category.LAUNCHER] cmp=com.example.dogglers/.MainActivity }, activity.getIntent()=Intent { act=android.intent.action.MAIN cat=[android.intent.category.LAUNCHER] flg=0x10008000 cmp=com.example.dogglers/androidx.test.core.app.InstrumentationActivityInvoker$BootstrapActivity (has extras) }, activity=androidx.test.core.app.InstrumentationActivityInvoker$BootstrapActivity@7781c04
08-24 14:43:39.245  4585  4613 I ViewRootImpl@529a991[dogglers]: MSG_RESIZED_REPORT: frame=(0,0,1080,2340) ci=(0,83,0,39) vi=(0,83,0,39) or=1
08-24 14:43:39.246  4585  4613 I ViewRootImpl@529a991[dogglers]: [DP] dp(1) 1 android.view.ViewRootImpl.reportNextDraw:10957 android.view.ViewRootImpl.access$1200:256 android.view.ViewRootImpl$ViewRootHandler.handleMessage:6101
08-24 14:43:39.247  4226  4226 I Layer   : id=88267[1] Destroyed Surface(name=e455c2d StatusBar)/@0x2f65071 - animation-leash#0
08-24 14:43:39.247  4226  4226 I Layer   : id=88268[1] Destroyed Surface(name=a71bb8f NavigationBar0)/@0x8f38906 - animation-leash#0
08-24 14:43:39.247  4585  4613 V WindowManager: Relayout Window{b8d90f6 u0 Splash Screen com.example.dogglers}: viewVisibility=0 req=1080x2340
08-24 14:43:39.251  4585  4613 I SurfaceControl: nativeRelease nativeObject s[535565840288]
08-24 14:43:39.251  4585  4613 I SurfaceControl: nativeRelease nativeObject e[535565840288]
08-24 14:43:39.251 24159 24159 D LifecycleMonitor: Lifecycle status change: androidx.test.core.app.InstrumentationActivityInvoker$BootstrapActivity@7781c04 in: PAUSED
08-24 14:43:39.251 24159 24159 V ActivityScenario: Activity lifecycle changed event received but ignored because the intent does not match. startActivityIntent=Intent { act=android.intent.action.MAIN cat=[android.intent.category.LAUNCHER] cmp=com.example.dogglers/.MainActivity }, activity.getIntent()=Intent { act=android.intent.action.MAIN cat=[android.intent.category.LAUNCHER] flg=0x10008000 cmp=com.example.dogglers/androidx.test.core.app.InstrumentationActivityInvoker$BootstrapActivity (has extras) }, activity=androidx.test.core.app.InstrumentationActivityInvoker$BootstrapActivity@7781c04
08-24 14:43:39.252  4585  4613 V WindowManager: Relayout hash=b8d90f6, pid=4585: mAttrs={(0,0)(fillxfill) sim={adjust=pan} layoutInDisplayCutoutMode=shortEdges ty=APPLICATION_STARTING wanim=0x1030001
08-24 14:43:39.252  4585  4613 V WindowManager:   fl=1830118
08-24 14:43:39.252  4585  4613 V WindowManager:   pfl=12020011
08-24 14:43:39.252  4585  4613 V WindowManager:   apr=LIGHT_NAVIGATION_BARS
08-24 14:43:39.252  4585  4613 V WindowManager:   fitSides= naviIconColor=0
08-24 14:43:39.252  4585  4613 V WindowManager:   sfl=100000}
08-24 14:43:39.252  4585  4613 I SurfaceControl: nativeRelease nativeObject s[535556338016]
08-24 14:43:39.252  4585  4613 I SurfaceControl: nativeRelease nativeObject e[535556338016]
08-24 14:43:39.252  4585  4613 I SurfaceControl: nativeRelease nativeObject s[535556330336]
08-24 14:43:39.252  4585  4613 I SurfaceControl: nativeRelease nativeObject e[535556330336]
08-24 14:43:39.252  4585  4613 I ViewRootImpl@529a991[dogglers]: Relayout returned: old=(0,0,1080,2340) new=(0,0,1080,2340) req=(1080,2340)0 dur=5 res=0x1 s={true 535581126656} ch=false fn=2
08-24 14:43:39.253  4896  4896 D SecStatusBarMobileView: setStaticDrawableColor:
08-24 14:43:39.253  4159 16850 D gralloc : [mali_gralloc_allocate] begin
08-24 14:43:39.253  4896  4896 D SecStatusBarMobileView: setStaticDrawableColor:
08-24 14:43:39.253  4159 16850 D gralloc : buffer_descriptor: wh(1080 2340) usage_pc(0x966 0x906) hal_format(0x1) layer_count(1) sizes(0 0 0) strde(0) byte_stride(0) alloc_wh(0 0) internal_format(0x0) alloc_format(0x0) fd_count(1) plane_count(0)
08-24 14:43:39.255  4159 16850 D gralloc : [mali_gralloc_allocate] allocation successful
08-24 14:43:39.255 15874 15932 I Rubin   : [164608] ExercisingWithCmhMonitor.isSatisfiedByCmh(ExercisingWithCmhMonitor.java:119) : isSatisfiedByCmh is false
08-24 14:43:39.255  4585  5390 V WindowOrientationListener: getProposedRotation: -1
08-24 14:43:39.259  4585  5390 D InputDispatcher: Focused application set to (0): 675bfeb
08-24 14:43:39.265  4585  4613 I ViewRootImpl@529a991[dogglers]: [DP] pdf(0) 1 android.view.ViewRootImpl.performDraw:4809 android.view.ViewRootImpl.performTraversals:3866 android.view.ViewRootImpl.doTraversal:2618
08-24 14:43:39.265  4585  4613 I ViewRootImpl@529a991[dogglers]: [DP] rdf()
08-24 14:43:39.269  4226  5357 I SurfaceFlinger: id=88282 createSurf (0x0),-1 flag=24000, Surface(name=ActivityRecord{a24607a u0 com.example.dogglers/androidx.test.core.app.InstrumentationActivityInvoker$BootstrapActivity t1565})/@0x7584163 - animation-leash#0
08-24 14:43:39.270  4226  5357 I SurfaceFlinger: id=88283 createSurf (0x0),-1 flag=20004, Dim Layer for - Task=1565 - animating-dim#0
08-24 14:43:39.271  4226  5357 I SurfaceFlinger: id=88284 createSurf (0x0),-1 flag=24000, Surface(name=Dim Layer for - Task=1565 - animating-dim)/@0x5c616de - animation-leash#0
08-24 14:43:39.272  4226  5357 I SurfaceFlinger: id=88285 createSurf (0x0),-1 flag=80004, Surface(name=ActivityRecord{a24607a u0 com.example.dogglers/androidx.test.core.app.InstrumentationActivityInvoker$BootstrapActivity t1565})/@0x7584163 - animation-bounds#0
08-24 14:43:39.273  4585  5390 I SurfaceControl: nativeRelease nativeObject s[535556338112]
08-24 14:43:39.273  4585  5390 I SurfaceControl: nativeRelease nativeObject e[535556338112]
08-24 14:43:39.276  4226  5357 I Layer   : id=88283 removeFromCurrentState Dim Layer for - Task=1565 - animating-dim#0 (82)
08-24 14:43:39.278  4226  5357 I SurfaceFlinger: id=88283 Removed Dim Layer for - Task=1565 - animating-dim#0 (82)
08-24 14:43:39.280  4226  4226 I Layer   : id=88283[1] Destroyed Dim Layer for - Task=1565 - animating-dim#0
08-24 14:43:39.283  4585  4854 V WindowManager: Relayout Window{d095a7c u0 NotificationShade}: viewVisibility=4 req=1080x2340
08-24 14:43:39.291 24159 24159 D LifecycleMonitor: Lifecycle status change: com.example.dogglers.MainActivity@def3b0f in: PRE_ON_CREATE
08-24 14:43:39.291 24159 24159 V ActivityScenario: Activity lifecycle changed event received but ignored because the reported transition was not ON_CREATE while the last known transition was PRE_ON_CREATE
08-24 14:43:39.291  4585  4854 V WindowManager: Relayout hash=d095a7c, pid=4896: mAttrs={(0,0)(fillxfill) gr=TOP CENTER_VERTICAL sim={adjust=resize} layoutInDisplayCutoutMode=always ty=2040 fmt=TRANSLUCENT
08-24 14:43:39.291  4585  4854 V WindowManager:   fl=81840048
08-24 14:43:39.291  4585  4854 V WindowManager:   pfl=1b000000
08-24 14:43:39.291  4585  4854 V WindowManager:   bhv=SHOW_TRANSIENT_BARS_BY_SWIPE naviIconColor=0
08-24 14:43:39.291  4585  4854 V WindowManager:   sfl=40000}
08-24 14:43:39.295  4896  4908 I ndroid.systemu: NativeAlloc concurrent copying GC freed 17347(700KB) AllocSpace objects, 0(0B) LOS objects, 50% free, 19MB/38MB, paused 413us total 269.971ms
08-24 14:43:39.298  4896  4896 I SurfaceControl: assignNativeObject: nativeObject = 0 Surface(name=null)/@0x79cdca4 / android.view.SurfaceControl.readFromParcel:1117 android.view.IWindowSession$Stub$Proxy.relayout:1810 android.view.ViewRootImpl.relayoutWindow:9005 android.view.ViewRootImpl.performTraversals:3360 android.view.ViewRootImpl.doTraversal:2618 android.view.ViewRootImpl$TraversalRunnable.run:9971 android.view.Choreographer$CallbackRecord.run:1010 android.view.Choreographer.doCallbacks:809 android.view.Choreographer.doFrame:744 android.view.Choreographer$FrameDisplayEventReceiver.run:995
08-24 14:43:39.299  4896  4910 W System  : A resource failed to call release.
08-24 14:43:39.299  4896  4910 I SurfaceControl: nativeRelease nativeObject s[537816934560]
08-24 14:43:39.299  4896  4910 I SurfaceControl: nativeRelease nativeObject e[537816934560]
08-24 14:43:39.300  4226  5357 I SurfaceFlinger: id=88220 Removed Surface(name=a3a0629 InputMethod)/@0x54f474f - animation-leash#0 (81)
08-24 14:43:39.304  4896  4896 I SurfaceControl: assignNativeObject: nativeObject = 0 Surface(name=null)/@0xd3c9bb / android.view.SurfaceControl.readFromParcel:1117 android.view.IWindowSession$Stub$Proxy.relayout:1820 android.view.ViewRootImpl.relayoutWindow:9005 android.view.ViewRootImpl.performTraversals:3360 android.view.ViewRootImpl.doTraversal:2618 android.view.ViewRootImpl$TraversalRunnable.run:9971 android.view.Choreographer$CallbackRecord.run:1010 android.view.Choreographer.doCallbacks:809 android.view.Choreographer.doFrame:744 android.view.Choreographer$FrameDisplayEventReceiver.run:995
08-24 14:43:39.308  4896  4896 I ViewRootImpl@b9c0f52[NotificationShade]: Relayout returned: old=(0,0,1080,2340) new=(0,0,1080,2340) req=(1080,2340)4 dur=30 res=0x1 s={false 0} ch=false fn=-1
08-24 14:43:39.312  4896  4896 D KeyguardBottomAreaShortcutView: updateCameraVisibility isCameraDisabled:false visible:true
08-24 14:43:39.312  4896  4896 D KeyguardBottomAreaShortcutView: mIndicationArea margin start : 158, end : 158, bottom : 145
08-24 14:43:39.314  4226  4226 I Layer   : id=88220[1] Destroyed Surface(name=a3a0629 InputMethod)/@0x54f474f - animation-leash#0
08-24 14:43:39.320  4896  4896 D SecStatusBarMobileView: setStaticDrawableColor:
08-24 14:43:39.320  4896  4896 D SecStatusBarMobileView: setStaticDrawableColor:
08-24 14:43:39.332  4896  4896 D SecStatusBarMobileView: setStaticDrawableColor:
08-24 14:43:39.332  4896  4896 D SecStatusBarMobileView: setStaticDrawableColor:
08-24 14:43:39.334 24159 24159 I DecorView: [INFO] isPopOver=false, config=true
08-24 14:43:39.334 24159 24159 I DecorView: updateCaptionType >> DecorView@d219ae2[], isFloating=false, isApplication=true, hasWindowDecorCaption=false, hasWindowControllerCallback=true
08-24 14:43:39.334 24159 24159 D DecorView: setCaptionType = 0, this = DecorView@d219ae2[]
08-24 14:43:39.348  4896  4896 D SecStatusBarMobileView: setStaticDrawableColor:
08-24 14:43:39.348  4896  4896 D SecStatusBarMobileView: setStaticDrawableColor:
08-24 14:43:39.360 24159 24159 D LifecycleMonitor: Lifecycle status change: com.example.dogglers.MainActivity@def3b0f in: CREATED
08-24 14:43:39.360 24159 24159 V ActivityScenario: Update currentActivityStage to CREATED, currentActivity=com.example.dogglers.MainActivity@def3b0f
08-24 14:43:39.363 24159 24159 D LifecycleMonitor: Lifecycle status change: com.example.dogglers.MainActivity@def3b0f in: STARTED
08-24 14:43:39.364 24159 24159 V ActivityScenario: Update currentActivityStage to STARTED, currentActivity=com.example.dogglers.MainActivity@def3b0f
08-24 14:43:39.364  4896  4896 D SecStatusBarMobileView: setStaticDrawableColor:
08-24 14:43:39.364  4896  4896 D SecStatusBarMobileView: setStaticDrawableColor:
08-24 14:43:39.366 24159 24159 D LifecycleMonitor: Lifecycle status change: com.example.dogglers.MainActivity@def3b0f in: RESUMED
08-24 14:43:39.367 24159 24159 V ActivityScenario: Update currentActivityStage to RESUMED, currentActivity=com.example.dogglers.MainActivity@def3b0f
08-24 14:43:39.374  4585  5390 D InputTransport: Input channel constructed: 'cd1a345', fd=681
08-24 14:43:39.374  4585  5390 D InputTransport: Input channel constructed: 'cd1a345', fd=687
08-24 14:43:39.374  4226  5357 I SurfaceFlinger: id=88286 createSurf (0x0),-1 flag=80004, cd1a345 com.example.dogglers/com.example.dogglers.MainActivity#0
08-24 14:43:39.375  4585  5390 D WindowManager: isScreenshotDisabledLocked - win: Window{cd1a345 u0 com.example.dogglers/com.example.dogglers.MainActivity}
08-24 14:43:39.375  4585  5390 D WindowManager: isScreenshotDisabledLocked: userId = 0, disabled =false
08-24 14:43:39.375  4585  5390 D InputTransport: Input channel destroyed: 'cd1a345', fd=687
08-24 14:43:39.376 24159 24159 D InputTransport: Input channel constructed: 'cd1a345', fd=80
08-24 14:43:39.378 24159 24159 I ViewRootImpl@a86a660[MainActivity]: setView = com.android.internal.policy.DecorView@d219ae2 TM=true
08-24 14:43:39.381  4217  4353 V APM_AudioPolicyManager: setAppState(portId:11856, state:1)
08-24 14:43:39.381  4217  4353 V APM_AudioPolicyManager: setAppState(portId:11883, state:2)
08-24 14:43:39.382  4217  4353 V APM_AudioPolicyManager: setAppState(portId:11856, state:1)
08-24 14:43:39.382  4217  4353 V APM_AudioPolicyManager: setAppState(portId:11883, state:2)
08-24 14:43:39.393  4896  4896 D SecStatusBarMobileView: setStaticDrawableColor:
08-24 14:43:39.393  4896  4896 D SecStatusBarMobileView: setStaticDrawableColor:
08-24 14:43:39.395  4149  4184 D audio_hw_primary: device-adev_set_parameters: enter with key(audioHDR=0)
08-24 14:43:39.399  4585  5087 V WindowManager: Relayout Window{cd1a345 u0 com.example.dogglers/com.example.dogglers.MainActivity}: viewVisibility=0 req=1080x2340
08-24 14:43:39.403  4585  5087 D WindowManager: isScreenshotDisabledLocked - win: Window{cd1a345 u0 com.example.dogglers/com.example.dogglers.MainActivity}
08-24 14:43:39.403  4585  5087 D WindowManager: isScreenshotDisabledLocked: userId = 0, disabled =false
08-24 14:43:39.403  4226  5359 I SurfaceFlinger: id=88287 createSurf (1080x2340),1 flag=404, com.example.dogglers/com.example.dogglers.MainActivity$_24159#0
08-24 14:43:39.404 21625 21625 I ViewRootImpl@b7edacd[WatchWhileActivity]: stopped(true) old=false
08-24 14:43:39.406  4585  5087 I SurfaceControl: nativeRelease nativeObject s[537628423456]
08-24 14:43:39.406  4585  5087 I SurfaceControl: nativeRelease nativeObject e[537628423456]
08-24 14:43:39.406  9865  9865 I TrayStateController: systemUiVisibilityChanged : 0 0
08-24 14:43:39.406  4226  5359 I SurfaceFlinger: id=88288 createSurf (0x0),-1 flag=24000, Surface(name=e455c2d StatusBar)/@0x2f65071 - animation-leash#0
08-24 14:43:39.407  4585  5087 I SurfaceControl: nativeRelease nativeObject s[537628423264]
08-24 14:43:39.407  4585  5087 I SurfaceControl: nativeRelease nativeObject e[537628423264]
08-24 14:43:39.408  4226  5359 I SurfaceFlinger: id=88289 createSurf (0x0),-1 flag=24000, Surface(name=a71bb8f NavigationBar0)/@0x8f38906 - animation-leash#0
08-24 14:43:39.410  4585  5087 V WindowManager: Relayout hash=cd1a345, pid=24159: mAttrs={(0,0)(fillxfill) sim={adjust=pan forwardNavigation} ty=BASE_APPLICATION wanim=0x1030304
08-24 14:43:39.410  4585  5087 V WindowManager:   fl=81810100
08-24 14:43:39.410  4585  5087 V WindowManager:   pfl=12020000
08-24 14:43:39.410  4585  5087 V WindowManager:   apr=LIGHT_NAVIGATION_BARS
08-24 14:43:39.410  4585  5087 V WindowManager:   fitSides= naviIconColor=0
08-24 14:43:39.410  4585  5087 V WindowManager:   sfl=100000}
08-24 14:43:39.410  4585  5087 I SurfaceControl: nativeRelease nativeObject s[537817684832]
08-24 14:43:39.410  4585  5087 I SurfaceControl: nativeRelease nativeObject e[537817684832]
08-24 14:43:39.412 24159 24159 I SurfaceControl: assignNativeObject: nativeObject = 0 Surface(name=null)/@0x5b0c051 / android.view.SurfaceControl.readFromParcel:1117 android.view.IWindowSession$Stub$Proxy.relayout:1820 android.view.ViewRootImpl.relayoutWindow:9005 android.view.ViewRootImpl.performTraversals:3360 android.view.ViewRootImpl.doTraversal:2618 android.view.ViewRootImpl$TraversalRunnable.run:9971 android.view.Choreographer$CallbackRecord.run:1010 android.view.Choreographer.doCallbacks:809 android.view.Choreographer.doFrame:744 android.view.Choreographer$FrameDisplayEventReceiver.run:995
08-24 14:43:39.413 24159 24159 I ViewRootImpl@a86a660[MainActivity]: Relayout returned: old=(0,0,1080,2340) new=(0,0,1080,2340) req=(1080,2340)0 dur=14 res=0x7 s={true 536236204032} ch=true fn=-1
08-24 14:43:39.415  4226  4248 I Layer   : id=88279 removeFromCurrentState Surface(name=e455c2d StatusBar)/@0x2f65071 - animation-leash#1 (84)
08-24 14:43:39.415  4226  4248 I Layer   : id=88280 removeFromCurrentState Surface(name=a71bb8f NavigationBar0)/@0x8f38906 - animation-leash#1 (84)
08-24 14:43:39.417  4585  4613 I SurfaceControl: nativeRelease nativeObject s[537628424128]
08-24 14:43:39.417  4585  4613 I SurfaceControl: nativeRelease nativeObject e[537628424128]
08-24 14:43:39.417  4159 16850 D gralloc : [mali_gralloc_allocate] begin
08-24 14:43:39.417  4159 16850 D gralloc : buffer_descriptor: wh(1080 2340) usage_pc(0x40000000000b00 0x40000000000b00) hal_format(0x1) layer_count(1) sizes(0 0 0) strde(0) byte_stride(0) alloc_wh(0 0) internal_format(0x0) alloc_format(0x0) fd_count(1) plane_count(0)
08-24 14:43:39.417  4585  4613 I SurfaceControl: nativeRelease nativeObject s[535565840288]
08-24 14:43:39.417  4226  4251 I SurfaceFlinger: id=88280 Removed Surface(name=a71bb8f NavigationBar0)/@0x8f38906 - animation-leash#1 (84)
08-24 14:43:39.417  4585  4613 I SurfaceControl: nativeRelease nativeObject e[535565840288]
08-24 14:43:39.417  4226  4251 I SurfaceFlinger: id=88279 Removed Surface(name=e455c2d StatusBar)/@0x2f65071 - animation-leash#1 (84)
08-24 14:43:39.419  4159 16850 D gralloc : [mali_gralloc_allocate] allocation successful
08-24 14:43:39.420  4159 16850 D gralloc : [mali_gralloc_allocate] begin
08-24 14:43:39.420  4159 16850 D gralloc : buffer_descriptor: wh(1080 2340) usage_pc(0x40000000000b00 0x40000000000b00) hal_format(0x1) layer_count(1) sizes(0 0 0) strde(0) byte_stride(0) alloc_wh(0 0) internal_format(0x0) alloc_format(0x0) fd_count(1) plane_count(0)
08-24 14:43:39.420 24159 24159 I ViewRootImpl@a86a660[MainActivity]: [DP] dp(1) 1 android.view.ViewRootImpl.reportNextDraw:10957 android.view.ViewRootImpl.performTraversals:3845 android.view.ViewRootImpl.doTraversal:2618
08-24 14:43:39.421 24159 24159 I ViewRootImpl@a86a660[MainActivity]: [DP] pd() Asnyc report
08-24 14:43:39.425  4159 16850 D gralloc : [mali_gralloc_allocate] allocation successful
08-24 14:43:39.426  4159 17194 D gralloc : [mali_gralloc_allocate] begin
08-24 14:43:39.426  4159 17194 D gralloc : buffer_descriptor: wh(1080 2340) usage_pc(0x40000000000b00 0x40000000000b00) hal_format(0x1) layer_count(1) sizes(0 0 0) strde(0) byte_stride(0) alloc_wh(0 0) internal_format(0x0) alloc_format(0x0) fd_count(1) plane_count(0)
08-24 14:43:39.431  4226  4226 I Layer   : id=88279[1] Destroyed Surface(name=e455c2d StatusBar)/@0x2f65071 - animation-leash#1
08-24 14:43:39.431  4226  4226 I Layer   : id=88280[1] Destroyed Surface(name=a71bb8f NavigationBar0)/@0x8f38906 - animation-leash#1
08-24 14:43:39.435  4159 17194 D gralloc : [mali_gralloc_allocate] allocation successful
08-24 14:43:39.439 24159 24159 I ViewRootImpl@a86a660[MainActivity]: [DP] pdf(0) 1 android.view.ViewRootImpl.lambda$performDraw$1$ViewRootImpl:4668 android.view.-$$Lambda$ViewRootImpl$DJd0VUYJgsebcnSohO6h8zc_ONI.run:6 android.os.Handler.handleCallback:938
08-24 14:43:39.440 24159 24159 I ViewRootImpl@a86a660[MainActivity]: [DP] rdf()
08-24 14:43:39.440 21625 21625 W YTPL.mediasession: MediaSession setActive(false)
08-24 14:43:39.441  4896  4896 D FaceWidgetMediaSessionManager: onPlaybackStateChanged() state = PlaybackState {state=1, position=0, buffered position=0, speed=1.0, updated=1322760012, actions=8192, custom actions=[], active item id=-1, error=null}
08-24 14:43:39.443  4896  4896 I PluginFaceWidgetMediaDataFactory: getBitmapFromMetadata null
08-24 14:43:39.443  4896  4896 D PluginFaceWidgetMediaDataFactory: Elapsed Time : 2
08-24 14:43:39.443 21625 21625 W YT.mlplayer: Stayawake OFF
08-24 14:43:39.445 21625 21625 W YTPL.mediasession: MediaSession setActive(false)
08-24 14:43:39.453  4896  4896 D FaceWidgetMediaDataRepository: [update] key : com.google.android.youtube|0|192289192, oldKey : com.google.android.youtube|0|192289192, media : com.google.android.youtube, sourceType : SESSION
08-24 14:43:39.453  4585  7034 D SensorService: removeConnection, index : 0, size : 1
08-24 14:43:39.453  4585  7034 D SensorService: # removeConnection, index : 0, size : 0
08-24 14:43:39.454  4585  7034 D SensorService: Calling activate off 1
08-24 14:43:39.454  4585  4613 D PkgPredictorService: pkg:com.example.dogglers activity:com.example.dogglers.MainActivity thisTime:361
08-24 14:43:39.454  4585  4613 D PkgPredictorService-Collector: update activity launch time: MainActivity : 361
08-24 14:43:39.454  4166  4166 I SensorsHub: activate: handle 1 enable 0
08-24 14:43:39.454  4585  4613 I SemDvfsHyPerManager: acquire hyper - AMS_RESUME_TAIL/4585@18, type = -999
08-24 14:43:39.454  4585  4613 I SemDvfsHyPerManager: acquire hyper - AMS_ACT_LAZY/4585@19, type = -999
08-24 14:43:39.454  4166  4166 I SensorsHub: type : 1, enable : 0
08-24 14:43:39.455 21625 21625 D SensorManager: unregisterListener :: android.view.OrientationEventListener$SensorEventListenerImpl@99504
08-24 14:43:39.458  4585  4617 D ArtManagerInternalImpl: /data/misc/iorapd/com.example.dogglers/1/com.example.dogglers.MainActivity/compiled_traces/compiled_trace.pb doesn't exist
08-24 14:43:39.458  4585  4613 D ViewRootImpl@529a991[dogglers]: dispatchDetachedFromWindow: reset blurmask
08-24 14:43:39.458  4585  4613 I ViewRootImpl@529a991[dogglers]: dispatchDetachedFromWindow
08-24 14:43:39.458 24159 24159 D RootViewPicker: Root not ready - waiting: 10ms for one to appear.
08-24 14:43:39.459  4585  4613 I SurfaceControl: nativeRelease nativeObject s[537628420768]
08-24 14:43:39.459  4585  4613 I SurfaceControl: nativeRelease nativeObject e[537628420768]
08-24 14:43:39.459  4585  4613 D InputTransport: Input channel destroyed: 'b8d90f6', fd=679
08-24 14:43:39.459  4175  4211 I HYPER-HAL: [RequestManager.cpp]acquire(): Acquired ID : 10596124  [4585 / 18]    HINT : AMS_RESUME_TAIL    list :
08-24 14:43:39.460  4175  4211 I HYPER-HAL: [ResourceManager.cpp]updateResource(): [CPUMinFreq] UpdateResource Request ID : 10596124    Value : 1768000
08-24 14:43:39.460  4226  4251 I SurfaceFlinger: id=88290 createSurf (0x0),-1 flag=24000, Surface(name=b8d90f6 Splash Screen com.example.dogglers)/@0xb5e8148 - animation-leash#0
08-24 14:43:39.460  4175  4211 I HYPER-HAL: [RequestManager.cpp]acquire(): Acquired ID : 10600729  [4585 / 19]    HINT :      list :
08-24 14:43:39.461  4175  4211 E HYPER-HAL: [Request.cpp]acquire(): Request:: id : 10600729, No Resource to set
08-24 14:43:39.462  4175  4211 I HYPER-HAL: [ResourceManager.cpp]removeResource(): [CPUMinFreq] RemoveResource Request ID : 10651450
08-24 14:43:39.463  4175  4211 I HYPER-HAL: [RequestManager.cpp]releaseLocked(): Released ID : 10651450
08-24 14:43:39.463  4585  4617 I ActivityTaskManager: Displayed com.example.dogglers/.MainActivity: +361ms
08-24 14:43:39.465  4585  7096 I InputDispatcher: Focus entered window (24159): cd1a345 in display 0 0
08-24 14:43:39.466  4896  4896 D FaceWidgetMediaDataRepository: PlaybackState and Metadata is null. :: com.google.android.youtube
