08-24 14:43:53.517  4585  7040 D InputTransport: Input channel constructed: 'ClientS', fd=619
08-24 14:43:53.517  4585  7040 D InputTransport: Input channel destroyed: 'ClientS', fd=619
08-24 14:43:53.517 24159 24159 D InputTransport: Input channel constructed: 'ClientS', fd=92
08-24 14:43:53.518 24159 24159 D InputTransport: Input channel destroyed: 'ClientS', fd=89
08-24 14:43:53.519 24159 24159 I ViewRootImpl@97d3cfa[VerticalListActivity]: stopped(true) old=false
08-24 14:43:53.519 24159 24159 D LifecycleMonitor: Lifecycle status change: com.example.dogglers.VerticalListActivity@1e40566 in: STOPPED
08-24 14:43:53.519  4585  7040 I SurfaceControl: nativeRelease nativeObject s[535556336768]
08-24 14:43:53.519  4585  7040 I SurfaceControl: nativeRelease nativeObject e[535556336768]
08-24 14:43:53.520 24159 24159 V ActivityScenario: Update currentActivityStage to STOPPED, currentActivity=com.example.dogglers.VerticalListActivity@1e40566
08-24 14:43:53.520  4226  5359 I SurfaceFlinger: id=88717 createSurf (0x0),-1 flag=24004, Surface(name=a3a0629 InputMethod)/@0x54f474f - animation-leash#1
08-24 14:43:53.521  7388  7388 I HBD     : HoneyBoardService onFinishInput
08-24 14:43:53.521  7388  7388 I HBD     : a IC have been unbinded,  InputConnectionWrapper{idHash=#4712393 mMissingMethods=}
08-24 14:43:53.522  4585  8021 I SemDvfsHyPerManager: acquire hyper - AMS_ACT_START/4585@16, type = -999
08-24 14:43:53.522  7388  7388 I HBD     : HoneyBoardService [PF_CL][onFinishInput]  498615 ns
08-24 14:43:53.522  4175  4211 I HYPER-HAL: [RequestManager.cpp]acquire(): Acquired ID : 10586917  [4585 / 16]    HINT : AMS_ACT_START    list :
08-24 14:43:53.522  7388  7388 I HBD     : HoneyBoardService [IMI] onStartInput - caller pid : 24159 , caller uid : 10574
08-24 14:43:53.522  7388  7388 I HBD     : i updateConfigs
08-24 14:43:53.522  7388  7388 I HBD     : i isEnabledNightMode : false
08-24 14:43:53.522 24159 24159 D LifecycleMonitor: Lifecycle status change: com.example.dogglers.VerticalListActivity@1e40566 in: DESTROYED
08-24 14:43:53.522  7388  7388 I HBD     : a IC have been binded, InputConnectionWrapper{idHash=#4712393 mMissingMethods=}
08-24 14:43:53.522  7388  7388 I HBD     : h [EditorInputType]setPrivateImeOptionsToTable privateImeOptions ( null )
08-24 14:43:53.522 24159 24159 V ActivityScenario: Update currentActivityStage to DESTROYED, currentActivity=null
08-24 14:43:53.522  7388  7388 I HBD     : b incognitoMode : false
08-24 14:43:53.523  4175  4211 I HYPER-HAL: [ResourceManager.cpp]updateResource(): [CPUMinFreq] UpdateResource Request ID : 10586917    Value : 2314000
08-24 14:43:53.523  4226  4251 I SurfaceFlinger: id=88718 createSurf (0x0),-1 flag=80004, ActivityRecord{1483a12 u0 com.example.dogglers/androidx.test.core.app.InstrumentationActivityInvoker$EmptyActivity t1576}#0
08-24 14:43:53.523  7388  7388 I HBD     : a needOff = true , isForceOff = false, isNullInputClass : true
08-24 14:43:53.524  7388  7388 I HBD     : h getDefaultInputRange : UNKNOWN
08-24 14:43:53.524  7388  7388 I HBD     : h getDefaultInputRange : UNKNOWN
08-24 14:43:53.524  7388  7388 I HBD     : h getDefaultInputRange : UNKNOWN
08-24 14:43:53.525 24159 24159 I ViewRootImpl@97d3cfa[VerticalListActivity]: dispatchDetachedFromWindow
08-24 14:43:53.525  4585  7040 D SdpManagerService: Not an enterprise user : 0
08-24 14:43:53.525  4585  7040 D SdpManagerService: Not an enterprise user : 0
08-24 14:43:53.528  4226  5359 I Layer   : id=88711 removeFromCurrentState Surface(name=a3a0629 InputMethod)/@0x54f474f - animation-leash#0 (75)
08-24 14:43:53.526  7388  7388 I HBD     : h getDefaultInputRange : UNKNOWN
08-24 14:43:53.530  4585  5390 D InputTransport: Input channel destroyed: '3937d8 ', fd=728
08-24 14:43:53.530  7388  7388 I HBD     : a currentState : 0
08-24 14:43:53.530  4585  5390 I SurfaceControl: nativeRelease nativeObject s[535565839904]
08-24 14:43:53.530  4585  5390 I SurfaceControl: nativeRelease nativeObject e[535565839904]
08-24 14:43:53.530  4585  5390 D WindowManager: isScreenshotDisabledLocked - win: Window{3937d8 u0 com.example.dogglers/com.example.dogglers.VerticalListActivity}
08-24 14:43:53.530  4585  5390 D WindowManager: isScreenshotDisabledLocked: userId = 0, disabled =false
08-24 14:43:53.531  4585  5390 I SurfaceControl: nativeRelease nativeObject s[535565840000]
08-24 14:43:53.531  4585  5390 I SurfaceControl: nativeRelease nativeObject e[535565840000]
08-24 14:43:53.531  4226  5359 I Layer   : id=88707 removeFromCurrentState com.example.dogglers/com.example.dogglers.VerticalListActivity$_24159#0 (75)
08-24 14:43:53.531  4226  5359 I SurfaceFlinger: id=88707 Removed com.example.dogglers/com.example.dogglers.VerticalListActivity$_24159#0 (75)
08-24 14:43:53.533  4226  4251 I Layer   : id=88706 removeFromCurrentState 3937d8 com.example.dogglers/com.example.dogglers.VerticalListActivity#0 (75)
08-24 14:43:53.534 24159 24159 D InputTransport: Input channel destroyed: '3937d8 ', fd=80
08-24 14:43:53.535  7388  7388 I HBD     : h load selected json info : {"version":"1.0","currentLanguageOrder":0,"selected":[{"activeOptionList":["auto_replace","auto_spacing"],"engName":"Russian","id":3342336,"inputType":"qwerty","isUsed":true},{"activeOptionList":["auto_replace","auto_spacing"],"engName":"English","id":65537,"inputType":"qwerty","isUsed":true}]}
08-24 14:43:53.535  4226  5359 I SurfaceFlinger: id=88706 Removed 3937d8 com.example.dogglers/com.example.dogglers.VerticalListActivity#0 (75)
08-24 14:43:53.539  7388  7388 I HBD     : a [UpdatePolicy] [post] a: 0 cl: 3342336 kit: [0/0] vt: 0 ir: 1
08-24 14:43:53.541  7388  7388 I HBD     : HoneyBoardService [PF_OP][onStartInput]  18994923 ns
08-24 14:43:53.543 24159 24159 D LifecycleMonitor: Lifecycle status change: androidx.test.core.app.InstrumentationActivityInvoker$EmptyActivity@df2ffb3 in: PAUSED
08-24 14:43:53.543  4226  4226 I Layer   : id=88706[1] Destroyed 3937d8 com.example.dogglers/com.example.dogglers.VerticalListActivity#0
08-24 14:43:53.543 24159 24159 V ActivityScenario: Activity lifecycle changed event received but ignored because the intent does not match. startActivityIntent=Intent { act=android.intent.action.MAIN cat=[android.intent.category.LAUNCHER] cmp=com.example.dogglers/.VerticalListActivity }, activity.getIntent()=Intent { act=android.intent.action.MAIN cat=[android.intent.category.LAUNCHER] flg=0x10000000 cmp=com.example.dogglers/androidx.test.core.app.InstrumentationActivityInvoker$EmptyActivity }, activity=androidx.test.core.app.InstrumentationActivityInvoker$EmptyActivity@df2ffb3
08-24 14:43:53.543  4226  4226 I Layer   : id=88707[1] Destroyed com.example.dogglers/com.example.dogglers.VerticalListActivity$_24159#0
08-24 14:43:53.546  4585  5390 V WindowOrientationListener: getProposedRotation: -1
08-24 14:43:53.547  4585  5390 V WindowOrientationListener: getProposedRotation: -1
08-24 14:43:53.548  4585  5390 V WindowOrientationListener: getProposedRotation: -1
08-24 14:43:53.550  4585  5390 D InputDispatcher: Focused application set to (0): 1483a12
08-24 14:43:53.556 24159 24159 I SurfaceControl: nativeRelease nativeObject s[535655947712]
08-24 14:43:53.557 24159 24159 I SurfaceControl: nativeRelease nativeObject e[535655947712]
08-24 14:43:53.557  4585  8021 I SurfaceControl: nativeRelease nativeObject s[537628426048]
08-24 14:43:53.557  4585  8021 I SurfaceControl: nativeRelease nativeObject e[537628426048]
08-24 14:43:53.558  4585  5390 D SamsungIMMSHWKeyboard: isConnectedDexOnPC false
08-24 14:43:53.558 24159 24159 I SurfaceControl: nativeRelease nativeObject s[536151022208]
08-24 14:43:53.558 24159 24159 I SurfaceControl: nativeRelease nativeObject e[536151022208]
08-24 14:43:53.558 24159 24159 I SurfaceControl: nativeRelease nativeObject s[536151022112]
08-24 14:43:53.558 24159 24159 I SurfaceControl: nativeRelease nativeObject e[536151022112]
08-24 14:43:53.560  4226  5359 I Layer   : id=88705 removeFromCurrentState ActivityRecord{966bc1 u0 com.example.dogglers/.VerticalListActivity t1576}#0 (73)
08-24 14:43:53.560  4226  5359 I SurfaceFlinger: id=88705 Removed ActivityRecord{966bc1 u0 com.example.dogglers/.VerticalListActivity t1576}#0 (73)
08-24 14:43:53.561  4585  5390 D InputMethodManagerService: isImeSwitcherDisabledPackage : false
08-24 14:43:53.564 24159 24159 D LifecycleMonitor: Lifecycle status change: androidx.test.core.app.InstrumentationActivityInvoker$BootstrapActivity@af0faaf in: DESTROYED
08-24 14:43:53.565 24159 24159 V ActivityScenario: Activity lifecycle changed event received but ignored because the intent does not match. startActivityIntent=Intent { act=android.intent.action.MAIN cat=[android.intent.category.LAUNCHER] cmp=com.example.dogglers/.VerticalListActivity }, activity.getIntent()=Intent { act=android.intent.action.MAIN cat=[android.intent.category.LAUNCHER] flg=0x10008000 cmp=com.example.dogglers/androidx.test.core.app.InstrumentationActivityInvoker$BootstrapActivity (has extras) }, activity=androidx.test.core.app.InstrumentationActivityInvoker$BootstrapActivity@af0faaf
08-24 14:43:53.566  4585  7040 I SurfaceControl: nativeRelease nativeObject s[535556863584]
08-24 14:43:53.566  4585  7040 I SurfaceControl: nativeRelease nativeObject e[535556863584]
08-24 14:43:53.569  4226  4251 I Layer   : id=88695 removeFromCurrentState ActivityRecord{6d5a6d0 u0 com.example.dogglers/androidx.test.core.app.InstrumentationActivityInvoker$BootstrapActivity t1576}#0 (73)
08-24 14:43:53.569  4226  4251 I SurfaceFlinger: id=88695 Removed ActivityRecord{6d5a6d0 u0 com.example.dogglers/androidx.test.core.app.InstrumentationActivityInvoker$BootstrapActivity t1576}#0 (73)
08-24 14:43:53.572 24159 24159 D LifecycleMonitor: Lifecycle status change: androidx.test.core.app.InstrumentationActivityInvoker$EmptyActivity@e02334 in: PRE_ON_CREATE
08-24 14:43:53.572 24159 24159 V ActivityScenario: Activity lifecycle changed event received but ignored because the intent does not match. startActivityIntent=Intent { act=android.intent.action.MAIN cat=[android.intent.category.LAUNCHER] cmp=com.example.dogglers/.VerticalListActivity }, activity.getIntent()=Intent { act=android.intent.action.MAIN cat=[android.intent.category.LAUNCHER] flg=0x10000000 cmp=com.example.dogglers/androidx.test.core.app.InstrumentationActivityInvoker$EmptyActivity }, activity=androidx.test.core.app.InstrumentationActivityInvoker$EmptyActivity@e02334
08-24 14:43:53.577  4226  4226 I Layer   : id=88695[1] Destroyed ActivityRecord{6d5a6d0 u0 com.example.dogglers/androidx.test.core.app.InstrumentationActivityInvoker$BootstrapActivity t1576}#0
08-24 14:43:53.577  4226  4226 I Layer   : id=88705[1] Destroyed ActivityRecord{966bc1 u0 com.example.dogglers/.VerticalListActivity t1576}#0
08-24 14:43:53.578  4585  8021 I InputDispatcher: Focus left window (24159): 33b19f3 in display 0 0
08-24 14:43:53.582 24159 24159 I DecorView: [INFO] isPopOver=false, config=true
08-24 14:43:53.582 24159 24159 I DecorView: updateCaptionType >> DecorView@3dfced2[], isFloating=false, isApplication=true, hasWindowDecorCaption=false, hasWindowControllerCallback=true
08-24 14:43:53.582 24159 24159 D DecorView: setCaptionType = 0, this = DecorView@3dfced2[]
08-24 14:43:53.588 24159 24159 D LifecycleMonitor: Lifecycle status change: androidx.test.core.app.InstrumentationActivityInvoker$EmptyActivity@e02334 in: CREATED
08-24 14:43:53.588 24159 24159 V ActivityScenario: Activity lifecycle changed event received but ignored because the intent does not match. startActivityIntent=Intent { act=android.intent.action.MAIN cat=[android.intent.category.LAUNCHER] cmp=com.example.dogglers/.VerticalListActivity }, activity.getIntent()=Intent { act=android.intent.action.MAIN cat=[android.intent.category.LAUNCHER] flg=0x10000000 cmp=com.example.dogglers/androidx.test.core.app.InstrumentationActivityInvoker$EmptyActivity }, activity=androidx.test.core.app.InstrumentationActivityInvoker$EmptyActivity@e02334
08-24 14:43:53.591 24159 24159 D LifecycleMonitor: Lifecycle status change: androidx.test.core.app.InstrumentationActivityInvoker$EmptyActivity@e02334 in: STARTED
08-24 14:43:53.591 24159 24159 V ActivityScenario: Activity lifecycle changed event received but ignored because the intent does not match. startActivityIntent=Intent { act=android.intent.action.MAIN cat=[android.intent.category.LAUNCHER] cmp=com.example.dogglers/.VerticalListActivity }, activity.getIntent()=Intent { act=android.intent.action.MAIN cat=[android.intent.category.LAUNCHER] flg=0x10000000 cmp=com.example.dogglers/androidx.test.core.app.InstrumentationActivityInvoker$EmptyActivity }, activity=androidx.test.core.app.InstrumentationActivityInvoker$EmptyActivity@e02334
08-24 14:43:53.615 24159 24159 D LifecycleMonitor: Lifecycle status change: androidx.test.core.app.InstrumentationActivityInvoker$EmptyActivity@e02334 in: RESUMED
08-24 14:43:53.615 24159 24159 V ActivityScenario: Activity lifecycle changed event received but ignored because the intent does not match. startActivityIntent=Intent { act=android.intent.action.MAIN cat=[android.intent.category.LAUNCHER] cmp=com.example.dogglers/.VerticalListActivity }, activity.getIntent()=Intent { act=android.intent.action.MAIN cat=[android.intent.category.LAUNCHER] flg=0x10000000 cmp=com.example.dogglers/androidx.test.core.app.InstrumentationActivityInvoker$EmptyActivity }, activity=androidx.test.core.app.InstrumentationActivityInvoker$EmptyActivity@e02334
08-24 14:43:53.619  4585  8021 D InputTransport: Input channel constructed: '947e7da', fd=651
08-24 14:43:53.619  4585  8021 D InputTransport: Input channel constructed: '947e7da', fd=656
08-24 14:43:53.620  4226  4251 I SurfaceFlinger: id=88719 createSurf (0x0),-1 flag=80004, 947e7da com.example.dogglers/androidx.test.core.app.InstrumentationActivityInvoker$EmptyActivity#0
08-24 14:43:53.620  4585  8021 D WindowManager: isScreenshotDisabledLocked - win: Window{947e7da u0 com.example.dogglers/androidx.test.core.app.InstrumentationActivityInvoker$EmptyActivity}
08-24 14:43:53.621  4585  8021 D WindowManager: isScreenshotDisabledLocked: userId = 0, disabled =false
08-24 14:43:53.621  4585  8021 D InputTransport: Input channel destroyed: '947e7da', fd=656
08-24 14:43:53.621 24159 24159 D InputTransport: Input channel constructed: '947e7da', fd=80
08-24 14:43:53.623 24159 24159 I ViewRootImpl@cad9a59[InstrumentationActivityInvoker$EmptyActivity]: setView = com.android.internal.policy.DecorView@3dfced2 TM=true
08-24 14:43:53.632  4585  7040 V WindowManager: Relayout Window{947e7da u0 com.example.dogglers/androidx.test.core.app.InstrumentationActivityInvoker$EmptyActivity}: viewVisibility=0 req=1080x2340
08-24 14:43:53.634  4585  7040 D WindowManager: isScreenshotDisabledLocked - win: Window{947e7da u0 com.example.dogglers/androidx.test.core.app.InstrumentationActivityInvoker$EmptyActivity}
08-24 14:43:53.634  4585  7040 D WindowManager: isScreenshotDisabledLocked: userId = 0, disabled =false
08-24 14:43:53.635  4226  5357 I SurfaceFlinger: id=88720 createSurf (1080x2340),1 flag=404, com.example.dogglers/androidx.test.core.app.InstrumentationActivityInvoker$EmptyActivity$_24159#1
08-24 14:43:53.637  4585  7040 I SurfaceControl: nativeRelease nativeObject s[537628415392]
08-24 14:43:53.637  4585  7040 I SurfaceControl: nativeRelease nativeObject e[537628415392]
08-24 14:43:53.637  9865  9865 I TrayStateController: systemUiVisibilityChanged : 0 0
08-24 14:43:53.637  4226  5357 I SurfaceFlinger: id=88721 createSurf (0x0),-1 flag=24000, Surface(name=e455c2d StatusBar)/@0x2f65071 - animation-leash#1
08-24 14:43:53.638  4585  7040 I SurfaceControl: nativeRelease nativeObject s[537628416736]
08-24 14:43:53.638  4585  7040 I SurfaceControl: nativeRelease nativeObject e[537628416736]
08-24 14:43:53.638  4226  5357 I SurfaceFlinger: id=88722 createSurf (0x0),-1 flag=24000, Surface(name=a71bb8f NavigationBar0)/@0x8f38906 - animation-leash#1
08-24 14:43:53.640  4585  7040 V WindowManager: Relayout hash=947e7da, pid=24159: mAttrs={(0,0)(fillxfill) sim={adjust=pan forwardNavigation} ty=BASE_APPLICATION wanim=0x1030001
08-24 14:43:53.640  4585  7040 V WindowManager:   fl=1810100
08-24 14:43:53.640  4585  7040 V WindowManager:   pfl=12020000
08-24 14:43:53.640  4585  7040 V WindowManager:   apr=LIGHT_NAVIGATION_BARS
08-24 14:43:53.640  4585  7040 V WindowManager:   fitSides= naviIconColor=0
08-24 14:43:53.640  4585  7040 V WindowManager:   sfl=100000}
08-24 14:43:53.641  4585  7040 I SurfaceControl: nativeRelease nativeObject s[535567043328]
08-24 14:43:53.641  4585  7040 I SurfaceControl: nativeRelease nativeObject e[535567043328]
08-24 14:43:53.642 24159 24159 I SurfaceControl: assignNativeObject: nativeObject = 0 Surface(name=null)/@0x4c8061e / android.view.SurfaceControl.readFromParcel:1117 android.view.IWindowSession$Stub$Proxy.relayout:1820 android.view.ViewRootImpl.relayoutWindow:9005 android.view.ViewRootImpl.performTraversals:3360 android.view.ViewRootImpl.doTraversal:2618 android.view.ViewRootImpl$TraversalRunnable.run:9971 android.view.Choreographer$CallbackRecord.run:1010 android.view.Choreographer.doCallbacks:809 android.view.Choreographer.doFrame:744 android.view.Choreographer$FrameDisplayEventReceiver.run:995
08-24 14:43:53.643 24159 24159 I ViewRootImpl@cad9a59[InstrumentationActivityInvoker$EmptyActivity]: Relayout returned: old=(0,0,1080,2340) new=(0,0,1080,2340) req=(1080,2340)0 dur=12 res=0x7 s={true 535656607744} ch=true fn=-1
08-24 14:43:53.647  4226  4601 I Layer   : id=88715 removeFromCurrentState Surface(name=e455c2d StatusBar)/@0x2f65071 - animation-leash#0 (75)
08-24 14:43:53.647  4226  4601 I Layer   : id=88716 removeFromCurrentState Surface(name=a71bb8f NavigationBar0)/@0x8f38906 - animation-leash#0 (75)
08-24 14:43:53.647  4159 16850 D gralloc : [mali_gralloc_allocate] begin
08-24 14:43:53.648  4159 16850 D gralloc : buffer_descriptor: wh(1080 2340) usage_pc(0x40000000000b00 0x40000000000b00) hal_format(0x1) layer_count(1) sizes(0 0 0) strde(0) byte_stride(0) alloc_wh(0 0) internal_format(0x0) alloc_format(0x0) fd_count(1) plane_count(0)
08-24 14:43:53.650 24159 24159 I ViewRootImpl@cad9a59[InstrumentationActivityInvoker$EmptyActivity]: [DP] dp(1) 1 android.view.ViewRootImpl.reportNextDraw:10957 android.view.ViewRootImpl.performTraversals:3845 android.view.ViewRootImpl.doTraversal:2618
08-24 14:43:53.650 24159 24159 I ViewRootImpl@cad9a59[InstrumentationActivityInvoker$EmptyActivity]: [DP] pd() Asnyc report
08-24 14:43:53.654  4159 16850 D gralloc : [mali_gralloc_allocate] allocation successful
08-24 14:43:53.655  4159 16850 D gralloc : [mali_gralloc_allocate] begin
08-24 14:43:53.655  4159 16850 D gralloc : buffer_descriptor: wh(1080 2340) usage_pc(0x40000000000b00 0x40000000000b00) hal_format(0x1) layer_count(1) sizes(0 0 0) strde(0) byte_stride(0) alloc_wh(0 0) internal_format(0x0) alloc_format(0x0) fd_count(1) plane_count(0)
08-24 14:43:53.658  4159 16850 D gralloc : [mali_gralloc_allocate] allocation successful
08-24 14:43:53.659 24159 24159 I ViewRootImpl@cad9a59[InstrumentationActivityInvoker$EmptyActivity]: [DP] pdf(0) 1 android.view.ViewRootImpl.lambda$performDraw$1$ViewRootImpl:4668 android.view.-$$Lambda$ViewRootImpl$DJd0VUYJgsebcnSohO6h8zc_ONI.run:6 android.os.Handler.handleCallback:938
08-24 14:43:53.659 24159 24159 I ViewRootImpl@cad9a59[InstrumentationActivityInvoker$EmptyActivity]: [DP] rdf()
08-24 14:43:53.659  4159 16850 D gralloc : [mali_gralloc_allocate] begin
08-24 14:43:53.659  4159 16850 D gralloc : buffer_descriptor: wh(1080 2340) usage_pc(0x40000000000b00 0x40000000000b00) hal_format(0x1) layer_count(1) sizes(0 0 0) strde(0) byte_stride(0) alloc_wh(0 0) internal_format(0x0) alloc_format(0x0) fd_count(1) plane_count(0)
08-24 14:43:53.660 24159 24159 I ViewRootImpl@90edc9c[InstrumentationActivityInvoker$EmptyActivity]: MSG_WINDOW_FOCUS_CHANGED 0 1
08-24 14:43:53.662 24159 24159 I SurfaceControl: nativeRelease nativeObject s[536151025088]
08-24 14:43:53.662 24159 24159 I SurfaceControl: nativeRelease nativeObject e[536151025088]
08-24 14:43:53.662 24159 24159 I SurfaceControl: nativeRelease nativeObject s[536151024128]
08-24 14:43:53.662 24159 24159 I SurfaceControl: nativeRelease nativeObject e[536151024128]
08-24 14:43:53.662 24159 24159 I SurfaceControl: nativeRelease nativeObject s[536151024032]
08-24 14:43:53.662  4226  4601 I SurfaceFlinger: id=88716 Removed Surface(name=a71bb8f NavigationBar0)/@0x8f38906 - animation-leash#0 (75)
08-24 14:43:53.662 24159 24159 I SurfaceControl: nativeRelease nativeObject e[536151024032]
08-24 14:43:53.662  4226  4601 I SurfaceFlinger: id=88715 Removed Surface(name=e455c2d StatusBar)/@0x2f65071 - animation-leash#0 (75)
08-24 14:43:53.662  4159 16850 D gralloc : [mali_gralloc_allocate] allocation successful
08-24 14:43:53.666  4585  4613 D PkgPredictorService: pkg:com.example.dogglers activity:androidx.test.core.app.InstrumentationActivityInvoker$EmptyActivity thisTime:146
08-24 14:43:53.667  4585  4613 I SemDvfsHyPerManager: acquire hyper - AMS_RESUME_TAIL/4585@18, type = -999
08-24 14:43:53.667  4585  4617 I ActivityTaskManager: Displayed com.example.dogglers/androidx.test.core.app.InstrumentationActivityInvoker$EmptyActivity: +146ms
08-24 14:43:53.667  4585  4613 I SemDvfsHyPerManager: acquire hyper - AMS_ACT_LAZY/4585@19, type = -999
08-24 14:43:53.667  4175  4211 I HYPER-HAL: [RequestManager.cpp]acquire(): Acquired ID : 10596124  [4585 / 18]    HINT : AMS_RESUME_TAIL    list :
08-24 14:43:53.668  4175  4211 I HYPER-HAL: [ResourceManager.cpp]updateResource(): [CPUMinFreq] UpdateResource Request ID : 10596124    Value : 1768000
08-24 14:43:53.668  4175  4211 I HYPER-HAL: [RequestManager.cpp]acquire(): Acquired ID : 10600729  [4585 / 19]    HINT :      list :
08-24 14:43:53.668  4175  4211 E HYPER-HAL: [Request.cpp]acquire(): Request:: id : 10600729, No Resource to set
08-24 14:43:53.669  4175  4211 I HYPER-HAL: [ResourceManager.cpp]removeResource(): [CPUMinFreq] RemoveResource Request ID : 10586917
08-24 14:43:53.669  4175  4211 I HYPER-HAL: [RequestManager.cpp]releaseLocked(): Released ID : 10586917
08-24 14:43:53.677  4226  4226 I Layer   : id=88715[1] Destroyed Surface(name=e455c2d StatusBar)/@0x2f65071 - animation-leash#0
08-24 14:43:53.677  4226  4226 I Layer   : id=88716[1] Destroyed Surface(name=a71bb8f NavigationBar0)/@0x8f38906 - animation-leash#0
08-24 14:43:53.677  4585  8021 I InputDispatcher: Focus entered window (24159): 947e7da in display 0 0
08-24 14:43:53.679  4226  4251 E BufferQueueProducer: [com.example.dogglers/androidx.test.core.app.InstrumentationActivityInvoker$EmptyActivity$_24159#0](id:10820000497c,api:0,p:-1,c:4226) disconnect: not connected (req=1)
08-24 14:43:53.679 24159 24214 W libEGL  : EGLNativeWindowType 0x7d36629010 disconnect failed
08-24 14:43:53.680  4585  8021 V WindowManager: Relayout Window{33b19f3 u0 com.example.dogglers/androidx.test.core.app.InstrumentationActivityInvoker$EmptyActivity}: viewVisibility=8 req=1080x2340
08-24 14:43:53.682  4226  4226 D SurfaceFlinger: Display 0 HWC layers:
08-24 14:43:53.682  4226  4226 D SurfaceFlinger:      DEVICE | 0x7851239880 | 0002 | RGBA_8888    |    0.0    0.0 1080.0 2340.0 |    0    0 1080 2340 | com.example.dogglers/androidx.test.c[...]tivityInvoker$EmptyActivity$_24159#1
08-24 14:43:53.682  4226  4226 D SurfaceFlinger:      DEVICE | 0x77ce816940 | 0000 | RGBA_8888    |    0.0    0.0 1080.0   83.0 |    0    0 1080   83 | StatusBar$_4896#0
08-24 14:43:53.682  4226  4226 D SurfaceFlinger:      DEVICE | 0x77ce8157c0 | 0000 | RGBA_8888    |    0.0    0.0   67.0  342.0 |    0  746   67 1088 | com.samsung.android.app.cocktailbars[...]arservice.CocktailBarService$_9865#0
08-24 14:43:53.682  4226  4226 D SurfaceFlinger:      DEVICE | 0x7851238200 | 0000 | RGBA_8888    |    0.0    0.0  388.0   39.0 |  692 2301 1080 2340 | SGestureOverlayWindow$_5408#0
08-24 14:43:53.682  4226  4226 D SurfaceFlinger:      DEVICE | 0x77ce816800 | 0000 | RGBA_8888    |    0.0    0.0 1080.0  126.0 |    0 2214 1080 2340 | NavigationBar0$_4896#0
08-24 14:43:53.682  4226  4226 D SurfaceFlinger:      DEVICE | 0x77ce814b40 | 0000 | RGBA_8888    |    0.0    0.0 1080.0  151.0 |    0    0 1080  151 | ScreenDecorOverlay$_4896#0
08-24 14:43:53.682  4226  4226 D SurfaceFlinger:      DEVICE | 0x77ce817d40 | 0000 | RGBA_8888    |    0.0    0.0 1080.0  151.0 |    0 2189 1080 2340 | ScreenDecorOverlayBottom$_
08-24 14:43:53.682  4226  4226 D SurfaceFlinger: 4896#0
08-24 14:43:53.682  4226  4226 D SurfaceFlinger:
08-24 14:43:53.684  4585  8021 V WindowManager: Relayout hash=33b19f3, pid=24159: mAttrs={(0,0)(fillxfill) sim={adjust=pan forwardNavigation} ty=BASE_APPLICATION wanim=0x1030001
08-24 14:43:53.684  4585  8021 V WindowManager:   fl=1810100
08-24 14:43:53.684  4585  8021 V WindowManager:   pfl=12020000
08-24 14:43:53.684  4585  8021 V WindowManager:   apr=LIGHT_NAVIGATION_BARS
08-24 14:43:53.684  4585  8021 V WindowManager:   fitSides= naviIconColor=0
08-24 14:43:53.684  4585  8021 V WindowManager:   sfl=100000}
08-24 14:43:53.685 24159 24159 I SurfaceControl: nativeRelease nativeObject s[537785876192]
08-24 14:43:53.685 24159 24159 I SurfaceControl: nativeRelease nativeObject e[537785876192]
08-24 14:43:53.685 24159 24159 I SurfaceControl: assignNativeObject: nativeObject = 0 Surface(name=null)/@0x43beeff / android.view.SurfaceControl.readFromParcel:1117 android.view.IWindowSession$Stub$Proxy.relayout:1810 android.view.ViewRootImpl.relayoutWindow:9005 android.view.ViewRootImpl.performTraversals:3360 android.view.ViewRootImpl.doTraversal:2618 android.view.ViewRootImpl$TraversalRunnable.run:9971 android.view.Choreographer$CallbackRecord.run:1010 android.view.Choreographer.doCallbacks:809 android.view.Choreographer.doFrame:744 android.view.Choreographer$FrameDisplayEventReceiver.run:995
08-24 14:43:53.686 24159 24159 I SurfaceControl: assignNativeObject: nativeObject = 0 Surface(name=null)/@0xf33a6a5 / android.view.SurfaceControl.readFromParcel:1117 android.view.IWindowSession$Stub$Proxy.relayout:1820 android.view.ViewRootImpl.relayoutWindow:9005 android.view.ViewRootImpl.performTraversals:3360 android.view.ViewRootImpl.doTraversal:2618 android.view.ViewRootImpl$TraversalRunnable.run:9971 android.view.Choreographer$CallbackRecord.run:1010 android.view.Choreographer.doCallbacks:809 android.view.Choreographer.doFrame:744 android.view.Choreographer$FrameDisplayEventReceiver.run:995
08-24 14:43:53.686 24159 24159 I SurfaceControl: nativeRelease nativeObject s[537816933696]
08-24 14:43:53.686 24159 24159 I SurfaceControl: nativeRelease nativeObject e[537816933696]
08-24 14:43:53.687 24159 24159 I ViewRootImpl@90edc9c[InstrumentationActivityInvoker$EmptyActivity]: Relayout returned: old=(0,0,1080,2340) new=(0,0,1080,2340) req=(1080,2340)8 dur=6 res=0x5 s={false 0} ch=true fn=2
08-24 14:43:53.696 24159 24159 I ViewRootImpl@cad9a59[InstrumentationActivityInvoker$EmptyActivity]: MSG_WINDOW_FOCUS_CHANGED 1 1
08-24 14:43:53.697 24159 24159 D InputMethodManager: prepareNavigationBarInfo() DecorView@3dfced2[InstrumentationActivityInvoker$EmptyActivity]
08-24 14:43:53.697 24159 24159 D InputMethodManager: getNavigationBarColor() -855310
08-24 14:43:53.698 24159 24159 D InputMethodManager: prepareNavigationBarInfo() DecorView@3dfced2[InstrumentationActivityInvoker$EmptyActivity]
08-24 14:43:53.698 24159 24159 D InputMethodManager: getNavigationBarColor() -855310
08-24 14:43:53.698 24159 24159 V InputMethodManager: Starting input: tba=com.example.dogglers ic=null mNaviBarColor -855310 mIsGetNaviBarColorSuccess true , NavVisible : true , NavTrans : false
08-24 14:43:53.698 24159 24159 D InputMethodManager: startInputInner - Id : 0
08-24 14:43:53.698 24159 24159 I InputMethodManager: startInputInner - mService.startInputOrWindowGainedFocus
08-24 14:43:53.699  4585  8021 D InputMethodManagerService: mSecureKeypadEnabled = false
08-24 14:43:53.699  4585  8021 V InputMethodManagerService: hideCurrentInputLocked : shouldHideSoftInput is false
08-24 14:43:53.699  4585  8021 D InputMethodManagerService: mDesktopModeManager null!
08-24 14:43:53.699  4585  8021 V InputMethodManagerService: getDisplayIdOfInputMethodWindowToBeAdded : 0
08-24 14:43:53.699  4585  8021 D InputMethodManagerService: checkDisplayOfStartInputAndUpdateKeyboard display Id 0last 0
08-24 14:43:53.700  4585  8021 D InputTransport: Input channel constructed: 'ClientS', fd=656
08-24 14:43:53.700  4585  8021 D InputTransport: Input channel destroyed: 'ClientS', fd=656
08-24 14:43:53.700 24159 24159 D InputTransport: Input channel constructed: 'ClientS', fd=89
08-24 14:43:53.700 24159 24159 D InputTransport: Input channel destroyed: 'ClientS', fd=92
08-24 14:43:53.701  4585  8021 I SurfaceControl: nativeRelease nativeObject s[535556336864]
08-24 14:43:53.701  4585  8021 I SurfaceControl: nativeRelease nativeObject e[535556336864]
08-24 14:43:53.701 24159 24159 I ViewRootImpl@90edc9c[InstrumentationActivityInvoker$EmptyActivity]: stopped(true) old=false
08-24 14:43:53.701  4226  4251 I SurfaceFlinger: id=88723 createSurf (0x0),-1 flag=24004, Surface(name=a3a0629 InputMethod)/@0x54f474f - animation-leash#0
08-24 14:43:53.701 24159 24159 D LifecycleMonitor: Lifecycle status change: androidx.test.core.app.InstrumentationActivityInvoker$EmptyActivity@df2ffb3 in: STOPPED
08-24 14:43:53.701 24159 24159 V ActivityScenario: Activity lifecycle changed event received but ignored because the intent does not match. startActivityIntent=Intent { act=android.intent.action.MAIN cat=[android.intent.category.LAUNCHER] cmp=com.example.dogglers/.VerticalListActivity }, activity.getIntent()=Intent { act=android.intent.action.MAIN cat=[android.intent.category.LAUNCHER] flg=0x10000000 cmp=com.example.dogglers/androidx.test.core.app.InstrumentationActivityInvoker$EmptyActivity }, activity=androidx.test.core.app.InstrumentationActivityInvoker$EmptyActivity@df2ffb3
08-24 14:43:53.702  7388  7388 I HBD     : HoneyBoardService onFinishInput
08-24 14:43:53.702  7388  7388 I HBD     : a IC have been unbinded,  InputConnectionWrapper{idHash=#4712393 mMissingMethods=}
08-24 14:43:53.703  7388  7388 I HBD     : HoneyBoardService [PF_CL][onFinishInput]  421731 ns
08-24 14:43:53.703  7388  7388 I HBD     : HoneyBoardService [IMI] onStartInput - caller pid : 24159 , caller uid : 10574
08-24 14:43:53.703  7388  7388 I HBD     : i updateConfigs
08-24 14:43:53.703 24159 24159 D LifecycleMonitor: Lifecycle status change: androidx.test.core.app.InstrumentationActivityInvoker$EmptyActivity@df2ffb3 in: DESTROYED
08-24 14:43:53.703  7388  7388 I HBD     : i isEnabledNightMode : false
08-24 14:43:53.703 24159 24159 V ActivityScenario: Activity lifecycle changed event received but ignored because the intent does not match. startActivityIntent=Intent { act=android.intent.action.MAIN cat=[android.intent.category.LAUNCHER] cmp=com.example.dogglers/.VerticalListActivity }, activity.getIntent()=Intent { act=android.intent.action.MAIN cat=[android.intent.category.LAUNCHER] flg=0x10000000 cmp=com.example.dogglers/androidx.test.core.app.InstrumentationActivityInvoker$EmptyActivity }, activity=androidx.test.core.app.InstrumentationActivityInvoker$EmptyActivity@df2ffb3
08-24 14:43:53.703  7388  7388 I HBD     : a IC have been binded, InputConnectionWrapper{idHash=#4712393 mMissingMethods=}
08-24 14:43:53.703  7388  7388 I HBD     : h [EditorInputType]setPrivateImeOptionsToTable privateImeOptions ( null )
08-24 14:43:53.704  7388  7388 I HBD     : b incognitoMode : false
08-24 14:43:53.704 24159 24159 I ViewRootImpl@90edc9c[InstrumentationActivityInvoker$EmptyActivity]: dispatchDetachedFromWindow
08-24 14:43:53.704  4585  8021 D InputTransport: Input channel destroyed: '33b19f3', fd=710
08-24 14:43:53.705  4585  8021 I SurfaceControl: nativeRelease nativeObject s[537628422304]
08-24 14:43:53.705  4585  8021 I SurfaceControl: nativeRelease nativeObject e[537628422304]
08-24 14:43:53.705  4585  8021 D WindowManager: isScreenshotDisabledLocked - win: Window{33b19f3 u0 com.example.dogglers/androidx.test.core.app.InstrumentationActivityInvoker$EmptyActivity}
08-24 14:43:53.705  4585  8021 D WindowManager: isScreenshotDisabledLocked: userId = 0, disabled =false
08-24 14:43:53.705  7388  7388 I HBD     : a needOff = true , isForceOff = false, isNullInputClass : true
08-24 14:43:53.705  7388  7388 I HBD     : h getDefaultInputRange : UNKNOWN
08-24 14:43:53.705  4585  8021 I SurfaceControl: nativeRelease nativeObject s[535567374976]
08-24 14:43:53.705  4585  8021 I SurfaceControl: nativeRelease nativeObject e[535567374976]
08-24 14:43:53.705  7388  7388 I HBD     : h getDefaultInputRange : UNKNOWN
08-24 14:43:53.705  7388  7388 I HBD     : h getDefaultInputRange : UNKNOWN
08-24 14:43:53.705  4226  4251 I Layer   : id=88714 removeFromCurrentState com.example.dogglers/androidx.test.core.app.InstrumentationActivityInvoker$EmptyActivity$_24159#0 (74)
08-24 14:43:53.706  4226  4251 I SurfaceFlinger: id=88714 Removed com.example.dogglers/androidx.test.core.app.InstrumentationActivityInvoker$EmptyActivity$_24159#0 (74)
08-24 14:43:53.706  4585  7112 D SdpManagerService: Not an enterprise user : 0
08-24 14:43:53.706  4585  7112 D SdpManagerService: Not an enterprise user : 0
08-24 14:43:53.707  7388  7388 I HBD     : h getDefaultInputRange : UNKNOWN
08-24 14:43:53.707  4226  4251 I Layer   : id=88717 removeFromCurrentState Surface(name=a3a0629 InputMethod)/@0x54f474f - animation-leash#1 (74)
08-24 14:43:53.707  7388  7388 I HBD     : a currentState : 0
08-24 14:43:53.707  4226  4251 I Layer   : id=88713 removeFromCurrentState 33b19f3 com.example.dogglers/androidx.test.core.app.InstrumentationActivityInvoker$EmptyActivity#0 (74)
08-24 14:43:53.708  4226  4251 I SurfaceFlinger: id=88713 Removed 33b19f3 com.example.dogglers/androidx.test.core.app.InstrumentationActivityInvoker$EmptyActivity#0 (74)
08-24 14:43:53.710 24159 24159 D InputTransport: Input channel destroyed: '33b19f3', fd=93
08-24 14:43:53.710  4226  4226 I Layer   : id=88713[1] Destroyed 33b19f3 com.example.dogglers/androidx.test.core.app.InstrumentationActivityInvoker$EmptyActivity#0
08-24 14:43:53.710  4226  4226 I Layer   : id=88714[1] Destroyed com.example.dogglers/androidx.test.core.app.InstrumentationActivityInvoker$EmptyActivity$_24159#0
08-24 14:43:53.711  4585  8021 I SurfaceControl: nativeRelease nativeObject s[537816938688]
08-24 14:43:53.711  4585  8021 I SurfaceControl: nativeRelease nativeObject e[537816938688]
08-24 14:43:53.711  4585  7040 I InputDispatcher: Focus left window (24159): 947e7da in display 0 0
08-24 14:43:53.713 24159 24159 D LifecycleMonitor: Lifecycle status change: androidx.test.core.app.InstrumentationActivityInvoker$EmptyActivity@e02334 in: PAUSED
08-24 14:43:53.713 24159 24159 V ActivityScenario: Activity lifecycle changed event received but ignored because the intent does not match. startActivityIntent=Intent { act=android.intent.action.MAIN cat=[android.intent.category.LAUNCHER] cmp=com.example.dogglers/.VerticalListActivity }, activity.getIntent()=Intent { act=android.intent.action.MAIN cat=[android.intent.category.LAUNCHER] flg=0x10000000 cmp=com.example.dogglers/androidx.test.core.app.InstrumentationActivityInvoker$EmptyActivity }, activity=androidx.test.core.app.InstrumentationActivityInvoker$EmptyActivity@e02334
08-24 14:43:53.714  7388  7388 I HBD     : h load selected json info : {"version":"1.0","currentLanguageOrder":0,"selected":[{"activeOptionList":["auto_replace","auto_spacing"],"engName":"Russian","id":3342336,"inputType":"qwerty","isUsed":true},{"activeOptionList":["auto_replace","auto_spacing"],"engName":"English","id":65537,"inputType":"qwerty","isUsed":true}]}
08-24 14:43:53.718  4585  5087 I SemDvfsHyPerManager: acquire hyper - AMS_ACT_RESUME/4585@33, type = -999
08-24 14:43:53.718  7388  7388 I HBD     : a [UpdatePolicy] [post] a: 0 cl: 3342336 kit: [0/0] vt: 0 ir: 1
08-24 14:43:53.719  4585  5087 D InputDispatcher: Focused application set to (0): 3890c50
08-24 14:43:53.719  4140  4146 E statsd  : Predicate -7037417284711607308 dropping data for dimension key (10)0x2010101->10574[I] (10)0x30000->*launch*[S]
08-24 14:43:53.719  4140  4146 E statsd  : Predicate 5980654721335871649 dropping data for dimension key (10)0x2010101->10574[I] (10)0x30000->*launch*[S]
08-24 14:43:53.720  4175  4211 I HYPER-HAL: [RequestManager.cpp]acquire(): Acquired ID : 10665304  [4585 / 33]    HINT : AMS_ACT_RESUME    list :
08-24 14:43:53.720  4585  5087 V WindowOrientationListener: getProposedRotation: -1
08-24 14:43:53.720  7388  7388 I HBD     : HoneyBoardService [PF_OP][onStartInput]  17442807 ns
08-24 14:43:53.720  4175  4211 I HYPER-HAL: [ResourceManager.cpp]updateResource(): [CPUMinFreq] UpdateResource Request ID : 10665304    Value : 1664000
08-24 14:43:53.721  4585  5087 V WindowOrientationListener: getProposedRotation: -1
08-24 14:43:53.721  4585  5087 V WindowOrientationListener: getProposedRotation: -1
08-24 14:43:53.725  4226  4251 I Layer   : id=88712 removeFromCurrentState ActivityRecord{5509fb9 u0 com.example.dogglers/androidx.test.core.app.InstrumentationActivityInvoker$EmptyActivity t1576}#0 (72)
08-24 14:43:53.726  4226  5359 I SurfaceFlinger: id=88712 Removed ActivityRecord{5509fb9 u0 com.example.dogglers/androidx.test.core.app.InstrumentationActivityInvoker$EmptyActivity t1576}#0 (72)
08-24 14:43:53.727  4226  4226 I Layer   : id=88712[1] Destroyed ActivityRecord{5509fb9 u0 com.example.dogglers/androidx.test.core.app.InstrumentationActivityInvoker$EmptyActivity t1576}#0
08-24 14:43:53.727 21625 21625 I SurfaceView: onWindowVisibilityChanged(4) false android.view.SurfaceView{c9edee9 V.E...... ......ID 0,0-1080,607} of ViewRootImpl@b7edacd[WatchWhileActivity]
08-24 14:43:53.728  4585  7112 D SamsungIMMSHWKeyboard: isConnectedDexOnPC false
08-24 14:43:53.729  4585  7112 D InputMethodManagerService: isImeSwitcherDisabledPackage : false
08-24 14:43:53.729 24159 24159 I SurfaceControl: nativeRelease nativeObject s[536151026240]
08-24 14:43:53.729 24159 24159 I SurfaceControl: nativeRelease nativeObject e[536151026240]
08-24 14:43:53.729 24159 24159 I SurfaceControl: nativeRelease nativeObject s[536151025472]
08-24 14:43:53.729 24159 24159 I SurfaceControl: nativeRelease nativeObject e[536151025472]
08-24 14:43:53.730 24159 24159 I ViewRootImpl@cad9a59[InstrumentationActivityInvoker$EmptyActivity]: MSG_WINDOW_FOCUS_CHANGED 0 1
08-24 14:43:53.730  4585  8021 V WindowManager: Relayout Window{911a194 u0 com.google.android.youtube/com.google.android.apps.youtube.app.watchwhile.WatchWhileActivity}: viewVisibility=4 req=1080x2340
08-24 14:43:53.732 24159 24204 I TestRunner: finished: vertical_scroll_content_at_last_position(com.example.dogglers.VerticalListTests)
