08-24 14:43:43.931  4585  5390 V WindowManager: Relayout hash=31c08d9, pid=24159: mAttrs={(0,0)(fillxfill) sim={adjust=resize forwardNavigation} ty=BASE_APPLICATION wanim=0x1030304
08-24 14:43:43.931  4585  5390 V WindowManager:   fl=81810100
08-24 14:43:43.931  4585  5390 V WindowManager:   pfl=12020000
08-24 14:43:43.931  4585  5390 V WindowManager:   apr=LIGHT_NAVIGATION_BARS
08-24 14:43:43.931  4585  5390 V WindowManager:   fitSides= naviIconColor=0
08-24 14:43:43.931  4585  5390 V WindowManager:   sfl=100000}
08-24 14:43:43.932  4585  7034 I SemDvfsHyPerManager: acquire hyper - AMS_ACT_START/4585@16, type = -999
08-24 14:43:43.932 24159 24159 I SurfaceControl: nativeRelease nativeObject s[535692239744]
08-24 14:43:43.932 24159 24159 I SurfaceControl: nativeRelease nativeObject e[535692239744]
08-24 14:43:43.932 24159 24159 I SurfaceControl: assignNativeObject: nativeObject = 0 Surface(name=null)/@0xdcd59d7 / android.view.SurfaceControl.readFromParcel:1117 android.view.IWindowSession$Stub$Proxy.relayout:1810 android.view.ViewRootImpl.relayoutWindow:9005 android.view.ViewRootImpl.performTraversals:3360 android.view.ViewRootImpl.doTraversal:2618 android.view.ViewRootImpl$TraversalRunnable.run:9971 android.view.Choreographer$CallbackRecord.run:1010 android.view.Choreographer.doCallbacks:809 android.view.Choreographer.doFrame:744 android.view.Choreographer$FrameDisplayEventReceiver.run:995
08-24 14:43:43.932  4226  4226 D SurfaceFlinger: Display 0 HWC layers:
08-24 14:43:43.932  4226  4226 D SurfaceFlinger:      DEVICE | 0x78512399c0 | 0002 | RGBA_8888    |    0.0    0.0 1080.0 2340.0 |    0    0 1080 2340 | com.example.dogglers/androidx.test.c[...]tivityInvoker$EmptyActivity$_24159#0
08-24 14:43:43.932  4226  4226 D SurfaceFlinger:      DEVICE | 0x77ce814dc0 | 0000 | RGBA_8888    |    0.0    0.0 1080.0   83.0 |    0    0 1080   83 | StatusBar$_4896#0
08-24 14:43:43.932  4226  4226 D SurfaceFlinger:      DEVICE | 0x77ce8157c0 | 0000 | RGBA_8888    |    0.0    0.0   67.0  342.0 |    0  746   67 1088 | com.samsung.android.app.cocktailbars[...]arservice.CocktailBarService$_9865#0
08-24 14:43:43.932  4226  4226 D SurfaceFlinger:      DEVICE | 0x7851238200 | 0000 | RGBA_8888    |    0.0    0.0  388.0   39.0 |  692 2301 1080 2340 | SGestureOverlayWindow$_5408#0
08-24 14:43:43.932  4226  4226 D SurfaceFlinger:      DEVICE | 0x77ce816800 | 0000 | RGBA_8888    |    0.0    0.0 1080.0  126.0 |    0 2214 1080 2340 | NavigationBar0$_4896#0
08-24 14:43:43.932  4226  4226 D SurfaceFlinger:      DEVICE | 0x77ce814b40 | 0000 | RGBA_8888    |    0.0    0.0 1080.0  151.0 |    0    0 1080  151 | ScreenDecorOverlay$_4896#0
08-24 14:43:43.932  4226  4226 D SurfaceFlinger:      DEVICE | 0x77ce817d40 | 0000 | RGBA_8888    |    0.0    0.0 1080.0  151.0 |    0 2189 1080 2340 | ScreenDecorOverlayBottom$_
08-24 14:43:43.933  4226  4226 D SurfaceFlinger: 4896#0
08-24 14:43:43.933  4226  4226 D SurfaceFlinger:
08-24 14:43:43.933 24159 24159 I SurfaceControl: assignNativeObject: nativeObject = 0 Surface(name=null)/@0x459cfd6 / android.view.SurfaceControl.readFromParcel:1117 android.view.IWindowSession$Stub$Proxy.relayout:1820 android.view.ViewRootImpl.relayoutWindow:9005 android.view.ViewRootImpl.performTraversals:3360 android.view.ViewRootImpl.doTraversal:2618 android.view.ViewRootImpl$TraversalRunnable.run:9971 android.view.Choreographer$CallbackRecord.run:1010 android.view.Choreographer.doCallbacks:809 android.view.Choreographer.doFrame:744 android.view.Choreographer$FrameDisplayEventReceiver.run:995
08-24 14:43:43.934 24159 24159 I SurfaceControl: nativeRelease nativeObject s[537816936384]
08-24 14:43:43.934 24159 24159 I SurfaceControl: nativeRelease nativeObject e[537816936384]
08-24 14:43:43.934 24159 24159 I ViewRootImpl@b5617f1[GridListActivity]: Relayout returned: old=(0,0,1080,2340) new=(0,0,1080,2340) req=(1080,2340)8 dur=7 res=0x5 s={false 0} ch=true fn=17
08-24 14:43:43.934  4175  4211 I HYPER-HAL: [RequestManager.cpp]acquire(): Acquired ID : 10586917  [4585 / 16]    HINT : AMS_ACT_START    list :
08-24 14:43:43.935 24159 24159 I ViewRootImpl@b5617f1[GridListActivity]: stopped(true) old=false
08-24 14:43:43.935  4175  4211 I HYPER-HAL: [ResourceManager.cpp]updateResource(): [CPUMinFreq] UpdateResource Request ID : 10586917    Value : 2314000
08-24 14:43:43.936 24159 24159 D LifecycleMonitor: Lifecycle status change: com.example.dogglers.GridListActivity@1b194d in: STOPPED
08-24 14:43:43.936  4226  5359 I SurfaceFlinger: id=88413 createSurf (0x0),-1 flag=80004, ActivityRecord{ce90a0e u0 com.example.dogglers/androidx.test.core.app.InstrumentationActivityInvoker$EmptyActivity t1568}#0
08-24 14:43:43.936 24159 24159 V ActivityScenario: Update currentActivityStage to STOPPED, currentActivity=com.example.dogglers.GridListActivity@1b194d
08-24 14:43:43.938 24159 24159 D LifecycleMonitor: Lifecycle status change: com.example.dogglers.GridListActivity@1b194d in: DESTROYED
08-24 14:43:43.938 24159 24159 V ActivityScenario: Update currentActivityStage to DESTROYED, currentActivity=null
08-24 14:43:43.943 24159 24159 I ViewRootImpl@b5617f1[GridListActivity]: dispatchDetachedFromWindow
08-24 14:43:43.944  4585  7034 D InputTransport: Input channel destroyed: '31c08d9', fd=696
08-24 14:43:43.944  4585  7034 I SurfaceControl: nativeRelease nativeObject s[535557017856]
08-24 14:43:43.944  4585  7034 I SurfaceControl: nativeRelease nativeObject e[535557017856]
08-24 14:43:43.944  4585  7034 D WindowManager: isScreenshotDisabledLocked - win: Window{31c08d9 u0 com.example.dogglers/com.example.dogglers.GridListActivity}
08-24 14:43:43.944  4585  7034 D WindowManager: isScreenshotDisabledLocked: userId = 0, disabled =false
08-24 14:43:43.944  4585  7034 I SurfaceControl: nativeRelease nativeObject s[535579926880]
08-24 14:43:43.944  4585  7034 I SurfaceControl: nativeRelease nativeObject e[535579926880]
08-24 14:43:43.945  4226  5359 I SurfaceFlinger: id=88414 createSurf (0x0),-1 flag=24004, Surface(name=a3a0629 InputMethod)/@0x54f474f - animation-leash#1
08-24 14:43:43.945  4585  7034 I SurfaceControl: nativeRelease nativeObject s[535556864352]
08-24 14:43:43.945  4585  7034 I SurfaceControl: nativeRelease nativeObject e[535556864352]
08-24 14:43:43.946  4226  5359 I Layer   : id=88403 removeFromCurrentState com.example.dogglers/com.example.dogglers.GridListActivity$_24159#0 (86)
08-24 14:43:43.947  4226  5359 I Layer   : id=88402 removeFromCurrentState 31c08d9 com.example.dogglers/com.example.dogglers.GridListActivity#0 (86)
08-24 14:43:43.948  4226  5359 I Layer   : id=88407 removeFromCurrentState Surface(name=a3a0629 InputMethod)/@0x54f474f - animation-leash#0 (86)
08-24 14:43:43.948  4226  5359 I SurfaceFlinger: id=88403 Removed com.example.dogglers/com.example.dogglers.GridListActivity$_24159#0 (86)
08-24 14:43:43.948  4226  4248 I SurfaceFlinger: id=88402 Removed 31c08d9 com.example.dogglers/com.example.dogglers.GridListActivity#0 (86)
08-24 14:43:43.949 24159 24159 D InputTransport: Input channel destroyed: '31c08d9', fd=80
08-24 14:43:43.952  4585  7034 I SurfaceControl: nativeRelease nativeObject s[537628425280]
08-24 14:43:43.952  4585  7034 I SurfaceControl: nativeRelease nativeObject e[537628425280]
08-24 14:43:43.954  4226  4248 I Layer   : id=88397 removeFromCurrentState ActivityRecord{d3c9fd8 u0 com.example.dogglers/.GridListActivity t1568}#0 (86)
08-24 14:43:43.955  4226  4248 I SurfaceFlinger: id=88397 Removed ActivityRecord{d3c9fd8 u0 com.example.dogglers/.GridListActivity t1568}#0 (86)
08-24 14:43:43.955 24159 24159 I ViewRootImpl@c831d18[InstrumentationActivityInvoker$EmptyActivity]: MSG_WINDOW_FOCUS_CHANGED 1 1
08-24 14:43:43.955 24159 24159 D InputMethodManager: prepareNavigationBarInfo() DecorView@796cf5[InstrumentationActivityInvoker$EmptyActivity]
08-24 14:43:43.955 24159 24159 D InputMethodManager: getNavigationBarColor() -855310
08-24 14:43:43.956 24159 24159 D InputMethodManager: prepareNavigationBarInfo() DecorView@796cf5[InstrumentationActivityInvoker$EmptyActivity]
08-24 14:43:43.956 24159 24159 D InputMethodManager: getNavigationBarColor() -855310
08-24 14:43:43.956 24159 24159 V InputMethodManager: Starting input: tba=com.example.dogglers ic=null mNaviBarColor -855310 mIsGetNaviBarColorSuccess true , NavVisible : true , NavTrans : false
08-24 14:43:43.956 24159 24159 D InputMethodManager: startInputInner - Id : 0
08-24 14:43:43.956 24159 24159 I InputMethodManager: startInputInner - mService.startInputOrWindowGainedFocus
08-24 14:43:43.956  4226  4226 I Layer   : id=88397[1] Destroyed ActivityRecord{d3c9fd8 u0 com.example.dogglers/.GridListActivity t1568}#0
08-24 14:43:43.956  4226  4226 I Layer   : id=88402[1] Destroyed 31c08d9 com.example.dogglers/com.example.dogglers.GridListActivity#0
08-24 14:43:43.956  4226  4226 I Layer   : id=88403[1] Destroyed com.example.dogglers/com.example.dogglers.GridListActivity$_24159#0
08-24 14:43:43.957  4585  7034 D InputMethodManagerService: mSecureKeypadEnabled = false
08-24 14:43:43.957  4585  7034 V InputMethodManagerService: hideCurrentInputLocked : shouldHideSoftInput is false
08-24 14:43:43.957  4585  7034 D InputMethodManagerService: mDesktopModeManager null!
08-24 14:43:43.957  4585  7034 V InputMethodManagerService: getDisplayIdOfInputMethodWindowToBeAdded : 0
08-24 14:43:43.958  4585  7034 D InputMethodManagerService: checkDisplayOfStartInputAndUpdateKeyboard display Id 0last 0
08-24 14:43:43.958  4585  7034 D InputTransport: Input channel constructed: 'ClientS', fd=678
08-24 14:43:43.958  4585  7034 D InputTransport: Input channel destroyed: 'ClientS', fd=678
08-24 14:43:43.958 24159 24159 D InputTransport: Input channel constructed: 'ClientS', fd=80
08-24 14:43:43.959 24159 24159 D InputTransport: Input channel destroyed: 'ClientS', fd=89
08-24 14:43:43.961  4585  7034 I SurfaceControl: nativeRelease nativeObject s[535556330240]
08-24 14:43:43.961  4585  7034 I SurfaceControl: nativeRelease nativeObject e[535556330240]
08-24 14:43:43.961 24159 24159 D LifecycleMonitor: Lifecycle status change: androidx.test.core.app.InstrumentationActivityInvoker$EmptyActivity@2e58ddf in: PAUSED
08-24 14:43:43.962 24159 24159 V ActivityScenario: Activity lifecycle changed event received but ignored because the intent does not match. startActivityIntent=Intent { act=android.intent.action.MAIN cat=[android.intent.category.LAUNCHER] cmp=com.example.dogglers/.GridListActivity }, activity.getIntent()=Intent { act=android.intent.action.MAIN cat=[android.intent.category.LAUNCHER] flg=0x10000000 cmp=com.example.dogglers/androidx.test.core.app.InstrumentationActivityInvoker$EmptyActivity }, activity=androidx.test.core.app.InstrumentationActivityInvoker$EmptyActivity@2e58ddf
08-24 14:43:43.962  4226  4248 I SurfaceFlinger: id=88415 createSurf (0x0),-1 flag=24004, Surface(name=a3a0629 InputMethod)/@0x54f474f - animation-leash#0
08-24 14:43:43.963  7388  7388 I HBD     : HoneyBoardService onFinishInput
08-24 14:43:43.963  7388  7388 I HBD     : a IC have been unbinded,  InputConnectionWrapper{idHash=#4d0106c mMissingMethods=}
08-24 14:43:43.963  7388  7388 I HBD     : HoneyBoardService [PF_CL][onFinishInput]  307039 ns
08-24 14:43:43.964  7388  7388 I HBD     : HoneyBoardService [IMI] onStartInput - caller pid : 24159 , caller uid : 10574
08-24 14:43:43.964  7388  7388 I HBD     : i updateConfigs
08-24 14:43:43.964  7388  7388 I HBD     : i isEnabledNightMode : false
08-24 14:43:43.964  4585  7096 V WindowOrientationListener: getProposedRotation: -1
08-24 14:43:43.964  7388  7388 I HBD     : a IC have been binded, InputConnectionWrapper{idHash=#4d0106c mMissingMethods=}
08-24 14:43:43.964  4585  7096 V WindowOrientationListener: getProposedRotation: -1
08-24 14:43:43.964  7388  7388 I HBD     : h [EditorInputType]setPrivateImeOptionsToTable privateImeOptions ( null )
08-24 14:43:43.964  7388  7388 I HBD     : b incognitoMode : false
08-24 14:43:43.964  7388  7388 I HBD     : a needOff = true , isForceOff = false, isNullInputClass : true
08-24 14:43:43.965  7388  7388 I HBD     : h getDefaultInputRange : UNKNOWN
08-24 14:43:43.965  7388  7388 I HBD     : h getDefaultInputRange : UNKNOWN
08-24 14:43:43.965  7388  7388 I HBD     : h getDefaultInputRange : UNKNOWN
08-24 14:43:43.965  4585  7096 V WindowOrientationListener: getProposedRotation: -1
08-24 14:43:43.965  4585  7034 D SdpManagerService: Not an enterprise user : 0
08-24 14:43:43.966  4585  7034 D SdpManagerService: Not an enterprise user : 0
08-24 14:43:43.966  7388  7388 I HBD     : h getDefaultInputRange : UNKNOWN
08-24 14:43:43.966  7388  7388 I HBD     : a currentState : 0
08-24 14:43:43.967  4585  7096 D InputDispatcher: Focused application set to (0): ce90a0e
08-24 14:43:43.968  7388  7388 I HBD     : h load selected json info : {"version":"1.0","currentLanguageOrder":0,"selected":[{"activeOptionList":["auto_replace","auto_spacing"],"engName":"Russian","id":3342336,"inputType":"qwerty","isUsed":true},{"activeOptionList":["auto_replace","auto_spacing"],"engName":"English","id":65537,"inputType":"qwerty","isUsed":true}]}
08-24 14:43:43.969  7388  7388 I HBD     : a [UpdatePolicy] [post] a: 0 cl: 3342336 kit: [0/0] vt: 0 ir: 1
08-24 14:43:43.970  7388  7388 I HBD     : HoneyBoardService [PF_OP][onStartInput]  6019346 ns
08-24 14:43:43.971  4226  4248 I Layer   : id=88414 removeFromCurrentState Surface(name=a3a0629 InputMethod)/@0x54f474f - animation-leash#1 (84)
08-24 14:43:43.975 24159 24159 D LifecycleMonitor: Lifecycle status change: androidx.test.core.app.InstrumentationActivityInvoker$BootstrapActivity@9c051aa in: DESTROYED
08-24 14:43:43.975 24159 24159 V ActivityScenario: Activity lifecycle changed event received but ignored because the intent does not match. startActivityIntent=Intent { act=android.intent.action.MAIN cat=[android.intent.category.LAUNCHER] cmp=com.example.dogglers/.GridListActivity }, activity.getIntent()=Intent { act=android.intent.action.MAIN cat=[android.intent.category.LAUNCHER] flg=0x10008000 cmp=com.example.dogglers/androidx.test.core.app.InstrumentationActivityInvoker$BootstrapActivity (has extras) }, activity=androidx.test.core.app.InstrumentationActivityInvoker$BootstrapActivity@9c051aa
08-24 14:43:43.977  4585  7034 I SurfaceControl: nativeRelease nativeObject s[535556337152]
08-24 14:43:43.977  4585  7034 I SurfaceControl: nativeRelease nativeObject e[535556337152]
08-24 14:43:43.982  4226  4248 I Layer   : id=88391 removeFromCurrentState ActivityRecord{6edfceb u0 com.example.dogglers/androidx.test.core.app.InstrumentationActivityInvoker$BootstrapActivity t1568}#0 (84)
08-24 14:43:43.983  4226  4248 I SurfaceFlinger: id=88391 Removed ActivityRecord{6edfceb u0 com.example.dogglers/androidx.test.core.app.InstrumentationActivityInvoker$BootstrapActivity t1568}#0 (84)
08-24 14:43:43.984 24159 24159 D LifecycleMonitor: Lifecycle status change: androidx.test.core.app.InstrumentationActivityInvoker$EmptyActivity@6147730 in: PRE_ON_CREATE
08-24 14:43:43.985 24159 24159 V ActivityScenario: Activity lifecycle changed event received but ignored because the intent does not match. startActivityIntent=Intent { act=android.intent.action.MAIN cat=[android.intent.category.LAUNCHER] cmp=com.example.dogglers/.GridListActivity }, activity.getIntent()=Intent { act=android.intent.action.MAIN cat=[android.intent.category.LAUNCHER] flg=0x10000000 cmp=com.example.dogglers/androidx.test.core.app.InstrumentationActivityInvoker$EmptyActivity }, activity=androidx.test.core.app.InstrumentationActivityInvoker$EmptyActivity@6147730
08-24 14:43:43.985  9865  9865 I Utils   : isCurrentUser current = 0, ownerId = 0
08-24 14:43:43.985  9865  9865 I TrayVisibilityController: getComputedTrayVisible : keyguardState = 1
08-24 14:43:43.986  9865  9865 I TrayVisibilityController: updateTrayVisible: State=1 visible=1 mCurrentVisible=1 specificMode=0
08-24 14:43:43.986  9865  9865 I TrayStateController: onNotifyUpdateTray: 0 to need to visible? true
08-24 14:43:43.990  4226  4226 I Layer   : id=88391[1] Destroyed ActivityRecord{6edfceb u0 com.example.dogglers/androidx.test.core.app.InstrumentationActivityInvoker$BootstrapActivity t1568}#0
08-24 14:43:43.990  4585  7034 I InputDispatcher: Focus left window (24159): 9bcb65b in display 0 0
08-24 14:43:44.020 24159 24159 I DecorView: [INFO] isPopOver=false, config=true
08-24 14:43:44.020 24159 24159 I DecorView: updateCaptionType >> DecorView@e53d92e[], isFloating=false, isApplication=true, hasWindowDecorCaption=false, hasWindowControllerCallback=true
08-24 14:43:44.020 24159 24159 D DecorView: setCaptionType = 0, this = DecorView@e53d92e[]
08-24 14:43:44.024 24159 24159 D LifecycleMonitor: Lifecycle status change: androidx.test.core.app.InstrumentationActivityInvoker$EmptyActivity@6147730 in: CREATED
08-24 14:43:44.024 24159 24159 V ActivityScenario: Activity lifecycle changed event received but ignored because the intent does not match. startActivityIntent=Intent { act=android.intent.action.MAIN cat=[android.intent.category.LAUNCHER] cmp=com.example.dogglers/.GridListActivity }, activity.getIntent()=Intent { act=android.intent.action.MAIN cat=[android.intent.category.LAUNCHER] flg=0x10000000 cmp=com.example.dogglers/androidx.test.core.app.InstrumentationActivityInvoker$EmptyActivity }, activity=androidx.test.core.app.InstrumentationActivityInvoker$EmptyActivity@6147730
08-24 14:43:44.026 24159 24159 D LifecycleMonitor: Lifecycle status change: androidx.test.core.app.InstrumentationActivityInvoker$EmptyActivity@6147730 in: STARTED
08-24 14:43:44.026 24159 24159 V ActivityScenario: Activity lifecycle changed event received but ignored because the intent does not match. startActivityIntent=Intent { act=android.intent.action.MAIN cat=[android.intent.category.LAUNCHER] cmp=com.example.dogglers/.GridListActivity }, activity.getIntent()=Intent { act=android.intent.action.MAIN cat=[android.intent.category.LAUNCHER] flg=0x10000000 cmp=com.example.dogglers/androidx.test.core.app.InstrumentationActivityInvoker$EmptyActivity }, activity=androidx.test.core.app.InstrumentationActivityInvoker$EmptyActivity@6147730
08-24 14:43:44.029 24159 24159 D LifecycleMonitor: Lifecycle status change: androidx.test.core.app.InstrumentationActivityInvoker$EmptyActivity@6147730 in: RESUMED
08-24 14:43:44.029 24159 24159 V ActivityScenario: Activity lifecycle changed event received but ignored because the intent does not match. startActivityIntent=Intent { act=android.intent.action.MAIN cat=[android.intent.category.LAUNCHER] cmp=com.example.dogglers/.GridListActivity }, activity.getIntent()=Intent { act=android.intent.action.MAIN cat=[android.intent.category.LAUNCHER] flg=0x10000000 cmp=com.example.dogglers/androidx.test.core.app.InstrumentationActivityInvoker$EmptyActivity }, activity=androidx.test.core.app.InstrumentationActivityInvoker$EmptyActivity@6147730
08-24 14:43:44.033  4585  7096 D InputTransport: Input channel constructed: '17c0f1f', fd=691
08-24 14:43:44.033  4585  7096 D InputTransport: Input channel constructed: '17c0f1f', fd=694
08-24 14:43:44.033  4226  4248 I SurfaceFlinger: id=88416 createSurf (0x0),-1 flag=80004, 17c0f1f com.example.dogglers/androidx.test.core.app.InstrumentationActivityInvoker$EmptyActivity#0
08-24 14:43:44.034  4585  7096 D WindowManager: isScreenshotDisabledLocked - win: Window{17c0f1f u0 com.example.dogglers/androidx.test.core.app.InstrumentationActivityInvoker$EmptyActivity}
08-24 14:43:44.034  4585  7096 D WindowManager: isScreenshotDisabledLocked: userId = 0, disabled =false
08-24 14:43:44.034  4585  7096 D InputTransport: Input channel destroyed: '17c0f1f', fd=694
08-24 14:43:44.035 24159 24159 D InputTransport: Input channel constructed: '17c0f1f', fd=89
08-24 14:43:44.036 24159 24159 I ViewRootImpl@7407d65[InstrumentationActivityInvoker$EmptyActivity]: setView = com.android.internal.policy.DecorView@e53d92e TM=true
08-24 14:43:44.038  4585  7096 D SamsungIMMSHWKeyboard: isConnectedDexOnPC false
08-24 14:43:44.038 24159 24159 I SurfaceControl: nativeRelease nativeObject s[535692241280]
08-24 14:43:44.038 24159 24159 I SurfaceControl: nativeRelease nativeObject e[535692241280]
08-24 14:43:44.038  4585  7096 D InputMethodManagerService: isImeSwitcherDisabledPackage : false
08-24 14:43:44.038 24159 24159 I SurfaceControl: nativeRelease nativeObject s[535692241184]
08-24 14:43:44.038 24159 24159 I SurfaceControl: nativeRelease nativeObject e[535692241184]
08-24 14:43:44.044  4585  7096 V WindowManager: Relayout Window{17c0f1f u0 com.example.dogglers/androidx.test.core.app.InstrumentationActivityInvoker$EmptyActivity}: viewVisibility=0 req=1080x2340
08-24 14:43:44.046  4585  7096 D WindowManager: isScreenshotDisabledLocked - win: Window{17c0f1f u0 com.example.dogglers/androidx.test.core.app.InstrumentationActivityInvoker$EmptyActivity}
08-24 14:43:44.046  4585  7096 D WindowManager: isScreenshotDisabledLocked: userId = 0, disabled =false
08-24 14:43:44.047  4226  4248 I SurfaceFlinger: id=88417 createSurf (1080x2340),1 flag=404, com.example.dogglers/androidx.test.core.app.InstrumentationActivityInvoker$EmptyActivity$_24159#1
08-24 14:43:44.049  4585  7096 I SurfaceControl: nativeRelease nativeObject s[535581068256]
08-24 14:43:44.049  4585  7096 I SurfaceControl: nativeRelease nativeObject e[535581068256]
08-24 14:43:44.049  9865  9865 I TrayStateController: systemUiVisibilityChanged : 0 0
08-24 14:43:44.049  4226  4248 I SurfaceFlinger: id=88418 createSurf (0x0),-1 flag=24000, Surface(name=e455c2d StatusBar)/@0x2f65071 - animation-leash#1
08-24 14:43:44.050  4585  7096 I SurfaceControl: nativeRelease nativeObject s[535579919968]
08-24 14:43:44.050  4585  7096 I SurfaceControl: nativeRelease nativeObject e[535579919968]
08-24 14:43:44.050  4226  4248 I SurfaceFlinger: id=88419 createSurf (0x0),-1 flag=24000, Surface(name=a71bb8f NavigationBar0)/@0x8f38906 - animation-leash#1
08-24 14:43:44.052  4585  7096 V WindowManager: Relayout hash=17c0f1f, pid=24159: mAttrs={(0,0)(fillxfill) sim={adjust=pan forwardNavigation} ty=BASE_APPLICATION wanim=0x1030001
08-24 14:43:44.052  4585  7096 V WindowManager:   fl=1810100
08-24 14:43:44.052  4585  7096 V WindowManager:   pfl=12020000
08-24 14:43:44.052  4585  7096 V WindowManager:   apr=LIGHT_NAVIGATION_BARS
08-24 14:43:44.052  4585  7096 V WindowManager:   fitSides= naviIconColor=0
08-24 14:43:44.052  4585  7096 V WindowManager:   sfl=100000}
08-24 14:43:44.052  4585  7096 I SurfaceControl: nativeRelease nativeObject s[535556862624]
08-24 14:43:44.052  4585  7096 I SurfaceControl: nativeRelease nativeObject e[535556862624]
08-24 14:43:44.053 24159 24159 I SurfaceControl: assignNativeObject: nativeObject = 0 Surface(name=null)/@0xdc85a3a / android.view.SurfaceControl.readFromParcel:1117 android.view.IWindowSession$Stub$Proxy.relayout:1820 android.view.ViewRootImpl.relayoutWindow:9005 android.view.ViewRootImpl.performTraversals:3360 android.view.ViewRootImpl.doTraversal:2618 android.view.ViewRootImpl$TraversalRunnable.run:9971 android.view.Choreographer$CallbackRecord.run:1010 android.view.Choreographer.doCallbacks:809 android.view.Choreographer.doFrame:744 android.view.Choreographer$FrameDisplayEventReceiver.run:995
08-24 14:43:44.054 24159 24159 I ViewRootImpl@7407d65[InstrumentationActivityInvoker$EmptyActivity]: Relayout returned: old=(0,0,1080,2340) new=(0,0,1080,2340) req=(1080,2340)0 dur=10 res=0x7 s={true 535692890112} ch=true fn=-1
08-24 14:43:44.058  4159 16850 D gralloc : [mali_gralloc_allocate] begin
08-24 14:43:44.058  4159 16850 D gralloc : buffer_descriptor: wh(1080 2340) usage_pc(0x40000000000b00 0x40000000000b00) hal_format(0x1) layer_count(1) sizes(0 0 0) strde(0) byte_stride(0) alloc_wh(0 0) internal_format(0x0) alloc_format(0x0) fd_count(1) plane_count(0)
08-24 14:43:44.058  4226  5359 I Layer   : id=88412 removeFromCurrentState Surface(name=a71bb8f NavigationBar0)/@0x8f38906 - animation-leash#0 (87)
08-24 14:43:44.058  4226  5359 I Layer   : id=26 removeFromCurrentState a71bb8f NavigationBar0#0 (87)
08-24 14:43:44.058  4226  5359 I Layer   : id=36 removeFromCurrentState NavigationBar0$_4896#0 (87)
08-24 14:43:44.058  4226  5359 I Layer   : id=88411 removeFromCurrentState Surface(name=e455c2d StatusBar)/@0x2f65071 - animation-leash#0 (87)
08-24 14:43:44.058  4226  5359 I Layer   : id=26 addToCurrentState a71bb8f NavigationBar0#0 (87)
08-24 14:43:44.058  4226  5359 I Layer   : id=36 addToCurrentState NavigationBar0$_4896#0 (87)
08-24 14:43:44.059  4159 16850 D gralloc : [mali_gralloc_allocate] allocation successful
08-24 14:43:44.059 24159 24159 I ViewRootImpl@7407d65[InstrumentationActivityInvoker$EmptyActivity]: [DP] dp(1) 1 android.view.ViewRootImpl.reportNextDraw:10957 android.view.ViewRootImpl.performTraversals:3845 android.view.ViewRootImpl.doTraversal:2618
08-24 14:43:44.059 24159 24159 I ViewRootImpl@7407d65[InstrumentationActivityInvoker$EmptyActivity]: [DP] pd() Asnyc report
08-24 14:43:44.060  4159 16850 D gralloc : [mali_gralloc_allocate] begin
08-24 14:43:44.060  4159 16850 D gralloc : buffer_descriptor: wh(1080 2340) usage_pc(0x40000000000b00 0x40000000000b00) hal_format(0x1) layer_count(1) sizes(0 0 0) strde(0) byte_stride(0) alloc_wh(0 0) internal_format(0x0) alloc_format(0x0) fd_count(1) plane_count(0)
08-24 14:43:44.062  4159 16850 D gralloc : [mali_gralloc_allocate] allocation successful
08-24 14:43:44.063  4159 16850 D gralloc : [mali_gralloc_allocate] begin
08-24 14:43:44.063  4159 16850 D gralloc : buffer_descriptor: wh(1080 2340) usage_pc(0x40000000000b00 0x40000000000b00) hal_format(0x1) layer_count(1) sizes(0 0 0) strde(0) byte_stride(0) alloc_wh(0 0) internal_format(0x0) alloc_format(0x0) fd_count(1) plane_count(0)
08-24 14:43:44.064  4159 16850 D gralloc : [mali_gralloc_allocate] allocation successful
08-24 14:43:44.066 24159 24159 I ViewRootImpl@7407d65[InstrumentationActivityInvoker$EmptyActivity]: [DP] pdf(0) 1 android.view.ViewRootImpl.lambda$performDraw$1$ViewRootImpl:4668 android.view.-$$Lambda$ViewRootImpl$DJd0VUYJgsebcnSohO6h8zc_ONI.run:6 android.os.Handler.handleCallback:938
08-24 14:43:44.066 24159 24159 I ViewRootImpl@7407d65[InstrumentationActivityInvoker$EmptyActivity]: [DP] rdf()
08-24 14:43:44.067 24159 24159 I ViewRootImpl@c831d18[InstrumentationActivityInvoker$EmptyActivity]: MSG_WINDOW_FOCUS_CHANGED 0 1
08-24 14:43:44.070  4585  4613 D PkgPredictorService: pkg:com.example.dogglers activity:androidx.test.core.app.InstrumentationActivityInvoker$EmptyActivity thisTime:139
08-24 14:43:44.071  4585  4613 I SemDvfsHyPerManager: acquire hyper - AMS_RESUME_TAIL/4585@18, type = -999
08-24 14:43:44.071  4585  4617 I ActivityTaskManager: Displayed com.example.dogglers/androidx.test.core.app.InstrumentationActivityInvoker$EmptyActivity: +139ms
08-24 14:43:44.071  4585  4613 I SemDvfsHyPerManager: acquire hyper - AMS_ACT_LAZY/4585@19, type = -999
08-24 14:43:44.071  4175  4211 I HYPER-HAL: [RequestManager.cpp]acquire(): Acquired ID : 10596124  [4585 / 18]    HINT : AMS_RESUME_TAIL    list :
08-24 14:43:44.072  4175  4211 I HYPER-HAL: [ResourceManager.cpp]updateResource(): [CPUMinFreq] UpdateResource Request ID : 10596124    Value : 1768000
08-24 14:43:44.072  4175  4211 I HYPER-HAL: [RequestManager.cpp]acquire(): Acquired ID : 10600729  [4585 / 19]    HINT :      list :
08-24 14:43:44.072  4175  4211 E HYPER-HAL: [Request.cpp]acquire(): Request:: id : 10600729, No Resource to set
08-24 14:43:44.073  4175  4211 I HYPER-HAL: [ResourceManager.cpp]removeResource(): [CPUMinFreq] RemoveResource Request ID : 10586917
08-24 14:43:44.073  4175  4211 I HYPER-HAL: [RequestManager.cpp]releaseLocked(): Released ID : 10586917
08-24 14:43:44.075 24159 24159 I SurfaceControl: nativeRelease nativeObject s[536151024224]
08-24 14:43:44.075 24159 24159 I SurfaceControl: nativeRelease nativeObject e[536151024224]
08-24 14:43:44.075 24159 24159 I SurfaceControl: nativeRelease nativeObject s[536151023744]
08-24 14:43:44.075 24159 24159 I SurfaceControl: nativeRelease nativeObject e[536151023744]
08-24 14:43:44.075 24159 24159 I SurfaceControl: nativeRelease nativeObject s[536151030368]
08-24 14:43:44.075 24159 24159 I SurfaceControl: nativeRelease nativeObject e[536151030368]
08-24 14:43:44.075  4226  4248 I SurfaceFlinger: id=88412 Removed Surface(name=a71bb8f NavigationBar0)/@0x8f38906 - animation-leash#0 (87)
08-24 14:43:44.075  4226  4248 I SurfaceFlinger: id=88411 Removed Surface(name=e455c2d StatusBar)/@0x2f65071 - animation-leash#0 (87)
08-24 14:43:44.090  4226  4226 I Layer   : id=88411[1] Destroyed Surface(name=e455c2d StatusBar)/@0x2f65071 - animation-leash#0
08-24 14:43:44.090  4226  4226 I Layer   : id=88412[1] Destroyed Surface(name=a71bb8f NavigationBar0)/@0x8f38906 - animation-leash#0
08-24 14:43:44.091  4585  7112 I InputDispatcher: Focus entered window (24159): 17c0f1f in display 0 0
08-24 14:43:44.092  4226  4248 E BufferQueueProducer: [com.example.dogglers/androidx.test.core.app.InstrumentationActivityInvoker$EmptyActivity$_24159#0](id:10820000494c,api:0,p:-1,c:4226) disconnect: not connected (req=1)
08-24 14:43:44.093 24159 24214 W libEGL  : EGLNativeWindowType 0x7cb7662010 disconnect failed
08-24 14:43:44.093  4585  7112 V WindowManager: Relayout Window{9bcb65b u0 com.example.dogglers/androidx.test.core.app.InstrumentationActivityInvoker$EmptyActivity}: viewVisibility=8 req=1080x2340
08-24 14:43:44.096  4226  4226 D SurfaceFlinger: Display 0 HWC layers:
08-24 14:43:44.096  4226  4226 D SurfaceFlinger:      DEVICE | 0x77ce817840 | 0002 | RGBA_8888    |    0.0    0.0 1080.0 2340.0 |    0    0 1080 2340 | com.example.dogglers/androidx.test.c[...]tivityInvoker$EmptyActivity$_24159#1
08-24 14:43:44.096  4226  4226 D SurfaceFlinger:      DEVICE | 0x77ce814dc0 | 0000 | RGBA_8888    |    0.0    0.0 1080.0   83.0 |    0    0 1080   83 | StatusBar$_4896#0
08-24 14:43:44.096  4226  4226 D SurfaceFlinger:      DEVICE | 0x77ce8157c0 | 0000 | RGBA_8888    |    0.0    0.0   67.0  342.0 |    0  746   67 1088 | com.samsung.android.app.cocktailbars[...]arservice.CocktailBarService$_9865#0
08-24 14:43:44.096  4226  4226 D SurfaceFlinger:      DEVICE | 0x7851238200 | 0000 | RGBA_8888    |    0.0    0.0  388.0   39.0 |  692 2301 1080 2340 | SGestureOverlayWindow$_5408#0
08-24 14:43:44.096  4226  4226 D SurfaceFlinger:      DEVICE | 0x77ce816800 | 0000 | RGBA_8888    |    0.0    0.0 1080.0  126.0 |    0 2214 1080 2340 | NavigationBar0$_4896#0
08-24 14:43:44.096  4226  4226 D SurfaceFlinger:      DEVICE | 0x77ce814b40 | 0000 | RGBA_8888    |    0.0    0.0 1080.0  151.0 |    0    0 1080  151 | ScreenDecorOverlay$_4896#0
08-24 14:43:44.096  4226  4226 D SurfaceFlinger:      DEVICE | 0x77ce817d40 | 0000 | RGBA_8888    |    0.0    0.0 1080.0  151.0 |    0 2189 1080 2340 | ScreenDecorOverlayBottom$_
08-24 14:43:44.096  4226  4226 D SurfaceFlinger: 4896#0
08-24 14:43:44.096  4226  4226 D SurfaceFlinger:
08-24 14:43:44.097  4585  7112 V WindowManager: Relayout hash=9bcb65b, pid=24159: mAttrs={(0,0)(fillxfill) sim={adjust=pan forwardNavigation} ty=BASE_APPLICATION wanim=0x1030001
08-24 14:43:44.097  4585  7112 V WindowManager:   fl=1810100
08-24 14:43:44.097  4585  7112 V WindowManager:   pfl=12020000
08-24 14:43:44.097  4585  7112 V WindowManager:   apr=LIGHT_NAVIGATION_BARS
08-24 14:43:44.097  4585  7112 V WindowManager:   fitSides= naviIconColor=0
08-24 14:43:44.097  4585  7112 V WindowManager:   sfl=100000}
08-24 14:43:44.099 24159 24159 I SurfaceControl: nativeRelease nativeObject s[535648690848]
08-24 14:43:44.099 24159 24159 I SurfaceControl: nativeRelease nativeObject e[535648690848]
08-24 14:43:44.099 24159 24159 I SurfaceControl: assignNativeObject: nativeObject = 0 Surface(name=null)/@0xca846eb / android.view.SurfaceControl.readFromParcel:1117 android.view.IWindowSession$Stub$Proxy.relayout:1810 android.view.ViewRootImpl.relayoutWindow:9005 android.view.ViewRootImpl.performTraversals:3360 android.view.ViewRootImpl.doTraversal:2618 android.view.ViewRootImpl$TraversalRunnable.run:9971 android.view.Choreographer$CallbackRecord.run:1010 android.view.Choreographer.doCallbacks:809 android.view.Choreographer.doFrame:744 android.view.Choreographer$FrameDisplayEventReceiver.run:995
08-24 14:43:44.100 24159 24159 I SurfaceControl: assignNativeObject: nativeObject = 0 Surface(name=null)/@0xf40e371 / android.view.SurfaceControl.readFromParcel:1117 android.view.IWindowSession$Stub$Proxy.relayout:1820 android.view.ViewRootImpl.relayoutWindow:9005 android.view.ViewRootImpl.performTraversals:3360 android.view.ViewRootImpl.doTraversal:2618 android.view.ViewRootImpl$TraversalRunnable.run:9971 android.view.Choreographer$CallbackRecord.run:1010 android.view.Choreographer.doCallbacks:809 android.view.Choreographer.doFrame:744 android.view.Choreographer$FrameDisplayEventReceiver.run:995
08-24 14:43:44.101 24159 24159 I SurfaceControl: nativeRelease nativeObject s[536151025856]
08-24 14:43:44.101 24159 24159 I SurfaceControl: nativeRelease nativeObject e[536151025856]
08-24 14:43:44.101 24159 24159 I ViewRootImpl@c831d18[InstrumentationActivityInvoker$EmptyActivity]: Relayout returned: old=(0,0,1080,2340) new=(0,0,1080,2340) req=(1080,2340)8 dur=7 res=0x5 s={false 0} ch=true fn=2
08-24 14:43:44.102 24159 24159 I ViewRootImpl@c831d18[InstrumentationActivityInvoker$EmptyActivity]: stopped(true) old=false
08-24 14:43:44.102 24159 24159 D LifecycleMonitor: Lifecycle status change: androidx.test.core.app.InstrumentationActivityInvoker$EmptyActivity@2e58ddf in: STOPPED
08-24 14:43:44.102 24159 24159 V ActivityScenario: Activity lifecycle changed event received but ignored because the intent does not match. startActivityIntent=Intent { act=android.intent.action.MAIN cat=[android.intent.category.LAUNCHER] cmp=com.example.dogglers/.GridListActivity }, activity.getIntent()=Intent { act=android.intent.action.MAIN cat=[android.intent.category.LAUNCHER] flg=0x10000000 cmp=com.example.dogglers/androidx.test.core.app.InstrumentationActivityInvoker$EmptyActivity }, activity=androidx.test.core.app.InstrumentationActivityInvoker$EmptyActivity@2e58ddf
08-24 14:43:44.104 24159 24159 D LifecycleMonitor: Lifecycle status change: androidx.test.core.app.InstrumentationActivityInvoker$EmptyActivity@2e58ddf in: DESTROYED
08-24 14:43:44.105 24159 24159 V ActivityScenario: Activity lifecycle changed event received but ignored because the intent does not match. startActivityIntent=Intent { act=android.intent.action.MAIN cat=[android.intent.category.LAUNCHER] cmp=com.example.dogglers/.GridListActivity }, activity.getIntent()=Intent { act=android.intent.action.MAIN cat=[android.intent.category.LAUNCHER] flg=0x10000000 cmp=com.example.dogglers/androidx.test.core.app.InstrumentationActivityInvoker$EmptyActivity }, activity=androidx.test.core.app.InstrumentationActivityInvoker$EmptyActivity@2e58ddf
08-24 14:43:44.106 24159 24159 I ViewRootImpl@c831d18[InstrumentationActivityInvoker$EmptyActivity]: dispatchDetachedFromWindow
08-24 14:43:44.106  4585  7112 D InputTransport: Input channel destroyed: '9bcb65b', fd=680
08-24 14:43:44.106  4585  7112 I SurfaceControl: nativeRelease nativeObject s[535556872704]
08-24 14:43:44.106  4585  7112 I SurfaceControl: nativeRelease nativeObject e[535556872704]
08-24 14:43:44.106  4585  7112 D WindowManager: isScreenshotDisabledLocked - win: Window{9bcb65b u0 com.example.dogglers/androidx.test.core.app.InstrumentationActivityInvoker$EmptyActivity}
08-24 14:43:44.106  4585  7112 D WindowManager: isScreenshotDisabledLocked: userId = 0, disabled =false
08-24 14:43:44.107  4585  7112 I SurfaceControl: nativeRelease nativeObject s[535579926880]
08-24 14:43:44.107  4585  7112 I SurfaceControl: nativeRelease nativeObject e[535579926880]
08-24 14:43:44.107  4585  7034 I InputDispatcher: Focus left window (24159): 17c0f1f in display 0 0
08-24 14:43:44.107  4226  4248 I SurfaceFlinger: id=88420 createSurf (0x0),-1 flag=24004, Surface(name=a3a0629 InputMethod)/@0x54f474f - animation-leash#1
08-24 14:43:44.108  4585  7112 I SurfaceControl: nativeRelease nativeObject s[535567044576]
08-24 14:43:44.108  4585  7112 I SurfaceControl: nativeRelease nativeObject e[535567044576]
08-24 14:43:44.108  4226  4248 I Layer   : id=88410 removeFromCurrentState com.example.dogglers/androidx.test.core.app.InstrumentationActivityInvoker$EmptyActivity$_24159#0 (86)
08-24 14:43:44.110  4226  4248 I Layer   : id=88415 removeFromCurrentState Surface(name=a3a0629 InputMethod)/@0x54f474f - animation-leash#0 (86)
08-24 14:43:44.111  4226  4248 I Layer   : id=78 removeFromCurrentState a3a0629 InputMethod#0 (86)
08-24 14:43:44.111  4226  4248 I Layer   : id=88409 removeFromCurrentState 9bcb65b com.example.dogglers/androidx.test.core.app.InstrumentationActivityInvoker$EmptyActivity#0 (86)
08-24 14:43:44.111  4226  4248 I Layer   : id=78 addToCurrentState a3a0629 InputMethod#0 (86)
08-24 14:43:44.111  4226  4248 I SurfaceFlinger: id=88410 Removed com.example.dogglers/androidx.test.core.app.InstrumentationActivityInvoker$EmptyActivity$_24159#0 (86)
08-24 14:43:44.111  4226  4248 I SurfaceFlinger: id=88409 Removed 9bcb65b com.example.dogglers/androidx.test.core.app.InstrumentationActivityInvoker$EmptyActivity#0 (86)
08-24 14:43:44.112 24159 24159 D InputTransport: Input channel destroyed: '9bcb65b', fd=93
08-24 14:43:44.113  4585  7034 I SurfaceControl: nativeRelease nativeObject s[535567039680]
08-24 14:43:44.113  4585  7034 I SurfaceControl: nativeRelease nativeObject e[535567039680]
08-24 14:43:44.115 24159 24159 D LifecycleMonitor: Lifecycle status change: androidx.test.core.app.InstrumentationActivityInvoker$EmptyActivity@6147730 in: PAUSED
08-24 14:43:44.115 24159 24159 V ActivityScenario: Activity lifecycle changed event received but ignored because the intent does not match. startActivityIntent=Intent { act=android.intent.action.MAIN cat=[android.intent.category.LAUNCHER] cmp=com.example.dogglers/.GridListActivity }, activity.getIntent()=Intent { act=android.intent.action.MAIN cat=[android.intent.category.LAUNCHER] flg=0x10000000 cmp=com.example.dogglers/androidx.test.core.app.InstrumentationActivityInvoker$EmptyActivity }, activity=androidx.test.core.app.InstrumentationActivityInvoker$EmptyActivity@6147730
08-24 14:43:44.117  4585  7112 I SemDvfsHyPerManager: acquire hyper - AMS_ACT_RESUME/4585@33, type = -999
08-24 14:43:44.117  4175  4211 I HYPER-HAL: [RequestManager.cpp]acquire(): Acquired ID : 10665304  [4585 / 33]    HINT : AMS_ACT_RESUME    list :
08-24 14:43:44.118  4585  7112 D InputDispatcher: Focused application set to (0): 3890c50
08-24 14:43:44.118  4175  4211 I HYPER-HAL: [ResourceManager.cpp]updateResource(): [CPUMinFreq] UpdateResource Request ID : 10665304    Value : 1664000
08-24 14:43:44.118  4140  4146 E statsd  : Predicate -7037417284711607308 dropping data for dimension key (10)0x2010101->10574[I] (10)0x30000->*launch*[S]
08-24 14:43:44.119  4140  4146 E statsd  : Predicate 5980654721335871649 dropping data for dimension key (10)0x2010101->10574[I] (10)0x30000->*launch*[S]
08-24 14:43:44.119  4585  7112 V WindowOrientationListener: getProposedRotation: -1
08-24 14:43:44.119  4585  7112 V WindowOrientationListener: getProposedRotation: -1
08-24 14:43:44.120  4585  7112 V WindowOrientationListener: getProposedRotation: -1
08-24 14:43:44.123 21625 21625 I SurfaceView: onWindowVisibilityChanged(4) false android.view.SurfaceView{c9edee9 V.E...... ......ID 0,0-1080,607} of ViewRootImpl@b7edacd[WatchWhileActivity]
08-24 14:43:44.123  4226  4226 I Layer   : id=88409[1] Destroyed 9bcb65b com.example.dogglers/androidx.test.core.app.InstrumentationActivityInvoker$EmptyActivity#0
08-24 14:43:44.123  4226  4226 I Layer   : id=88410[1] Destroyed com.example.dogglers/androidx.test.core.app.InstrumentationActivityInvoker$EmptyActivity$_24159#0
08-24 14:43:44.124  4226  4248 I Layer   : id=88408 removeFromCurrentState ActivityRecord{133474 u0 com.example.dogglers/androidx.test.core.app.InstrumentationActivityInvoker$EmptyActivity t1568}#0 (84)
08-24 14:43:44.125  4226  4248 I SurfaceFlinger: id=88408 Removed ActivityRecord{133474 u0 com.example.dogglers/androidx.test.core.app.InstrumentationActivityInvoker$EmptyActivity t1568}#0 (84)
08-24 14:43:44.125  4585  7112 V WindowManager: Relayout Window{911a194 u0 com.google.android.youtube/com.google.android.apps.youtube.app.watchwhile.WatchWhileActivity}: viewVisibility=4 req=1080x2340
08-24 14:43:44.129  4585  7112 V WindowManager: Relayout hash=911a194, pid=21625: mAttrs={(0,0)(fillxfill) sim={adjust=resize} layoutInDisplayCutoutMode=shortEdges ty=BASE_APPLICATION fmt=TRANSLUCENT wanim=0x1030304 sysuil=true
08-24 14:43:44.129  4585  7112 V WindowManager:   fl=81810100
08-24 14:43:44.129  4585  7112 V WindowManager:   pfl=12020000
08-24 14:43:44.129  4585  7112 V WindowManager:   vsysui=3710
08-24 14:43:44.129  4585  7112 V WindowManager:   apr=LIGHT_STATUS_BARS LIGHT_NAVIGATION_BARS
08-24 14:43:44.129  4585  7112 V WindowManager:   bhv=SHOW_TRANSIENT_BARS_BY_SWIPE
08-24 14:43:44.129  4585  7112 V WindowManager:   fitSides= naviIconColor=0}
08-24 14:43:44.130 21625 21625 I SurfaceControl: assignNativeObject: nativeObject = 0 Surface(name=null)/@0x10ea726 / android.view.SurfaceControl.readFromParcel:1117 android.view.IWindowSession$Stub$Proxy.relayout:1810 android.view.ViewRootImpl.relayoutWindow:9005 android.view.ViewRootImpl.performTraversals:3360 android.view.ViewRootImpl.doTraversal:2618 android.view.ViewRootImpl$TraversalRunnable.run:9971 android.view.Choreographer$CallbackRecord.run:1010 android.view.Choreographer.doCallbacks:809 android.view.Choreographer.doFrame:744 android.view.Choreographer$FrameDisplayEventReceiver.run:995
08-24 14:43:44.130 24159 24159 I ViewRootImpl@7407d65[InstrumentationActivityInvoker$EmptyActivity]: MSG_WINDOW_FOCUS_CHANGED 0 1
08-24 14:43:44.131 21625 21625 I SurfaceControl: assignNativeObject: nativeObject = 0 Surface(name=null)/@0x3a5f6d6 / android.view.SurfaceControl.readFromParcel:1117 android.view.IWindowSession$Stub$Proxy.relayout:1820 android.view.ViewRootImpl.relayoutWindow:9005 android.view.ViewRootImpl.performTraversals:3360 android.view.ViewRootImpl.doTraversal:2618 android.view.ViewRootImpl$TraversalRunnable.run:9971 android.view.Choreographer$CallbackRecord.run:1010 android.view.Choreographer.doCallbacks:809 android.view.Choreographer.doFrame:744 android.view.Choreographer$FrameDisplayEventReceiver.run:995
08-24 14:43:44.131 24159 24159 I ViewRootImpl@7407d65[InstrumentationActivityInvoker$EmptyActivity]: MSG_WINDOW_FOCUS_CHANGED 0 1
08-24 14:43:44.132 24159 24204 I TestRunner: finished: vertical_scrolling(com.example.dogglers.GridListTests)
