08-24 14:43:44.347 24159 24204 I TestRunner: started: grid_list_content_at_last_position(com.example.dogglers.GridListTests)
08-24 14:43:44.352  4585  4610 D SehCodecSolutionService: Update top [com.google.android.youtube]
08-24 14:43:44.364  4896  5121 D NetworkController.SecMobileSignalController(0/5): onSignalStrengthsChanged level=3
08-24 14:43:44.365  4896  5121 D MobileSignalIconsSelector: getDataIconGroup(): 13
08-24 14:43:44.370  4896  4896 D SecStatusBarMobileView: setStaticDrawableColor:
08-24 14:43:44.370  4896  4896 D SecStatusBarMobileView: setStaticDrawableColor:
08-24 14:43:44.371 24159 24204 W Settings: Setting always_finish_activities has moved from android.provider.Settings.System to android.provider.Settings.Global, returning read-only value.
08-24 14:43:44.382  4896  4896 D SecStatusBarMobileView: setStaticDrawableColor:
08-24 14:43:44.383  4896  4896 D SecStatusBarMobileView: setStaticDrawableColor:
08-24 14:43:44.394  4585  5732 I SemDvfsHyPerManager: acquire hyper - AMS_APP_SWITCH/4585@30, type = -999
08-24 14:43:44.394  4175  4211 I HYPER-HAL: [RequestManager.cpp]acquire(): Acquired ID : 10651450  [4585 / 30]    HINT : AMS_APP_SWITCH    list :
08-24 14:43:44.396  4175  4211 I HYPER-HAL: [ResourceManager.cpp]updateResource(): [CPUMinFreq] UpdateResource Request ID : 10651450    Value : 2314000
08-24 14:43:44.397  7134  7134 I SemDvfsHyPerManager: acquire hyper - com.sec.android.sdhms/7134@9, type = -999
08-24 14:43:44.398  4226  4251 I SurfaceFlinger: id=88429 createSurf (0x0),-1 flag=24004, Task=1569#0
08-24 14:43:44.399  4175  4211 I HYPER-HAL: [RequestManager.cpp]acquire(): Acquired ID : 25514805  [7134 / 9]    HINT : APP_START    list :
08-24 14:43:44.399  4175  4211 E HYPER-HAL: [HandlerSysfs.cpp]doResourceHandling(): Couldn't Open Sysfs - /sys/kernel/mm/vmscan/am_app_launch
08-24 14:43:44.400  4896  4896 D SecStatusBarMobileView: setStaticDrawableColor:
08-24 14:43:44.400  4896  4896 D SecStatusBarMobileView: setStaticDrawableColor:
08-24 14:43:44.400  4226  4251 I SurfaceFlinger: id=88430 createSurf (0x0),-1 flag=80004, ActivityRecord{7e5ff00 u0 com.example.dogglers/androidx.test.core.app.InstrumentationActivityInvoker$BootstrapActivity t1569}#0
08-24 14:43:44.401  4175  4211 I HYPER-HAL: [ResourceManager.cpp]updateResource(): [CPUMaxFreq] UpdateResource Request ID : 25514805    Value : 2314000
08-24 14:43:44.406  4585  5390 V WindowOrientationListener: getProposedRotation: -1
08-24 14:43:44.408  4140  4146 E statsd  : Predicate -7037417284711607308 dropping data for dimension key (10)0x2010101->10574[I] (10)0x30000->*launch*[S]
08-24 14:43:44.409  4140  4146 E statsd  : Predicate 5980654721335871649 dropping data for dimension key (10)0x2010101->10574[I] (10)0x30000->*launch*[S]
08-24 14:43:44.410  4896  4896 D SecStatusBarMobileView: setStaticDrawableColor:
08-24 14:43:44.410  4896  4896 D SecStatusBarMobileView: setStaticDrawableColor:
08-24 14:43:44.412  4585  5390 I SemDvfsHyPerManager: acquire hyper - AMS_APP_LAUNCH/4585@17, type = -999
08-24 14:43:44.413  4175  4211 I HYPER-HAL: [RequestManager.cpp]acquire(): Acquired ID : 10591520  [4585 / 17]    HINT : AMS_APP_LAUNCH    list :
08-24 14:43:44.413  4175  4211 I HYPER-HAL: [ResourceManager.cpp]updateResource(): [CPUMinFreq] UpdateResource Request ID : 10591520    Value : 2314000
08-24 14:43:44.420  4585  5390 V WindowOrientationListener: getProposedRotation: -1
08-24 14:43:44.420  4585  5390 V WindowOrientationListener: getProposedRotation: -1
08-24 14:43:44.421  4585  5390 V WindowOrientationListener: getProposedRotation: -1
08-24 14:43:44.423  4585  5390 D InputDispatcher: Focused application set to (0): 7e5ff00
08-24 14:43:44.467  9865  9865 I Utils   : isCurrentUser current = 0, ownerId = 0
08-24 14:43:44.467  9865  9865 I TrayVisibilityController: getComputedTrayVisible : keyguardState = 1
08-24 14:43:44.467  9865  9865 I TrayVisibilityController: updateTrayVisible: State=1 visible=1 mCurrentVisible=1 specificMode=0
08-24 14:43:44.467  9865  9865 I TrayStateController: onNotifyUpdateTray: 0 to need to visible? true
08-24 14:43:44.471  4149  4184 D audio_hw_primary: device-adev_set_parameters: enter with key(audioHDR=0)
08-24 14:43:44.491  4585  4613 D InputTransport: Input channel constructed: '12b5219', fd=695
08-24 14:43:44.491  4585  4613 D InputTransport: Input channel constructed: '12b5219', fd=697
08-24 14:43:44.494  4226  4251 I SurfaceFlinger: id=88431 createSurf (0x0),-1 flag=80004, 12b5219 Splash Screen com.example.dogglers#0
08-24 14:43:44.495 24159 24159 D LifecycleMonitor: Lifecycle status change: androidx.test.core.app.InstrumentationActivityInvoker$BootstrapActivity@c4266c7 in: PRE_ON_CREATE
08-24 14:43:44.496 24159 24159 V ActivityScenario: Activity lifecycle changed event received but ignored because the intent does not match. startActivityIntent=Intent { act=android.intent.action.MAIN cat=[android.intent.category.LAUNCHER] cmp=com.example.dogglers/.GridListActivity }, activity.getIntent()=Intent { act=android.intent.action.MAIN cat=[android.intent.category.LAUNCHER] flg=0x10008000 cmp=com.example.dogglers/androidx.test.core.app.InstrumentationActivityInvoker$BootstrapActivity (has extras) }, activity=androidx.test.core.app.InstrumentationActivityInvoker$BootstrapActivity@c4266c7
08-24 14:43:44.496  4585  4613 I ViewRootImpl@8fcfd60[dogglers]: setView = com.android.internal.policy.DecorView@3d5ccbf TM=true
08-24 14:43:44.501  4585  4613 V WindowManager: Relayout Window{12b5219 u0 Splash Screen com.example.dogglers}: viewVisibility=0 req=1080x2340
08-24 14:43:44.503  4585  4613 D WindowManager: isScreenshotDisabledLocked - win: Window{12b5219 u0 Splash Screen com.example.dogglers}
08-24 14:43:44.503  4585  4613 D WindowManager: isScreenshotDisabledLocked: userId = 0, disabled =false
08-24 14:43:44.504  4226  4601 I SurfaceFlinger: id=88432 createSurf (1080x2340),1 flag=404, Splash Screen com.example.dogglers#0
08-24 14:43:44.506  4585  4613 V WindowManager: Relayout hash=12b5219, pid=4585: mAttrs={(0,0)(fillxfill) sim={adjust=pan} layoutInDisplayCutoutMode=shortEdges ty=APPLICATION_STARTING wanim=0x1030001
08-24 14:43:44.506  4585  4613 V WindowManager:   fl=1830118
08-24 14:43:44.506  4585  4613 V WindowManager:   pfl=12020011
08-24 14:43:44.506  4585  4613 V WindowManager:   apr=LIGHT_NAVIGATION_BARS
08-24 14:43:44.506  4585  4613 V WindowManager:   fitSides= naviIconColor=0
08-24 14:43:44.506  4585  4613 V WindowManager:   sfl=100000}
08-24 14:43:44.507  4585  4613 I ViewRootImpl@8fcfd60[dogglers]: Relayout returned: old=(0,0,1080,2340) new=(0,0,1080,2340) req=(1080,2340)0 dur=6 res=0x7 s={true 535581126656} ch=true fn=-1
08-24 14:43:44.508  4585  4613 I ViewRootImpl@8fcfd60[dogglers]: [DP] dp(1) 1 android.view.ViewRootImpl.reportNextDraw:10957 android.view.ViewRootImpl.performTraversals:3845 android.view.ViewRootImpl.doTraversal:2618
08-24 14:43:44.508  4585  5390 I InputDispatcher: Focus left window (21625): 911a194 in display 0 0
08-24 14:43:44.510  4159 17194 D gralloc : [mali_gralloc_allocate] begin
08-24 14:43:44.510  4159 17194 D gralloc : buffer_descriptor: wh(1080 2340) usage_pc(0x966 0x906) hal_format(0x1) layer_count(1) sizes(0 0 0) strde(0) byte_stride(0) alloc_wh(0 0) internal_format(0x0) alloc_format(0x0) fd_count(1) plane_count(0)
08-24 14:43:44.512  4159 17194 D gralloc : [mali_gralloc_allocate] allocation successful
08-24 14:43:44.512 21625 21625 I ViewRootImpl@b7edacd[WatchWhileActivity]: MSG_WINDOW_FOCUS_CHANGED 0 1
08-24 14:43:44.521  4585  4635 D FastTrack: setFastTrackState: pid = 24159 ;tid= 24159 ;value= 1
08-24 14:43:44.522  4585  4635 D FastTrack: setFastTrackState: pid = 24159 ;tid= 24214 ;value= 1
08-24 14:43:44.524  4896  4908 I ndroid.systemu: NativeAlloc concurrent copying GC freed 16192(654KB) AllocSpace objects, 0(0B) LOS objects, 50% free, 19MB/38MB, paused 306us total 210.457ms
08-24 14:43:44.526  4585  4613 I ViewRootImpl@8fcfd60[dogglers]: [DP] pdf(0) 1 android.view.ViewRootImpl.performDraw:4809 android.view.ViewRootImpl.performTraversals:3866 android.view.ViewRootImpl.doTraversal:2618
08-24 14:43:44.526  4585  4613 I ViewRootImpl@8fcfd60[dogglers]: [DP] rdf()
08-24 14:43:44.529  4896  4910 W System  : A resource failed to call release.
08-24 14:43:44.529  4896  4910 I SurfaceControl: nativeRelease nativeObject s[537816932928]
08-24 14:43:44.529  4896  4910 I SurfaceControl: nativeRelease nativeObject e[537816932928]
08-24 14:43:44.529  4226  4601 I SurfaceFlinger: id=88414 Removed Surface(name=a3a0629 InputMethod)/@0x54f474f - animation-leash#1 (88)
08-24 14:43:44.529  4896  4910 W System  : A resource failed to call release.
08-24 14:43:44.529  4896  4910 I SurfaceControl: nativeRelease nativeObject s[537816932832]
08-24 14:43:44.529  4896  4910 I SurfaceControl: nativeRelease nativeObject e[537816932832]
08-24 14:43:44.530  4226  4601 I SurfaceFlinger: id=88381 Removed Surface(name=a3a0629 InputMethod)/@0x54f474f - animation-leash#0 (88)
08-24 14:43:44.533  4226  4601 I SurfaceFlinger: id=88433 createSurf (0x0),-1 flag=24000, Surface(name=Task=1559)/@0xb313bde - animation-leash#0
08-24 14:43:44.533  4226  4601 I SurfaceFlinger: id=88434 createSurf (0x0),-1 flag=20004, Dim Layer for - DefaultTaskDisplayArea - animating-dim#0
08-24 14:43:44.534  4226  4601 I SurfaceFlinger: id=88435 createSurf (0x0),-1 flag=24000, Surface(name=Dim Layer for - DefaultTaskDisplayArea - animating-dim)/@0x5572b8d - animation-leash#0
08-24 14:43:44.536  4226  4601 I SurfaceFlinger: id=88436 createSurf (0x0),-1 flag=24004, Surface(name=Task=1569)/@0xb07269a - animation-leash#0
08-24 14:43:44.537  4585  4613 D WindowManager: isScreenshotDisabledLocked - win: Window{a3a0629 u0 InputMethod}
08-24 14:43:44.537  4585  4613 D WindowManager: isScreenshotDisabledLocked: userId = 0, disabled =false
08-24 14:43:44.537  4585  4613 D WindowManager: isScreenshotDisabledLocked - win: Window{911a194 u0 com.google.android.youtube/com.google.android.apps.youtube.app.watchwhile.WatchWhileActivity}
08-24 14:43:44.537  4585  4613 D WindowManager: isScreenshotDisabledLocked: userId = 0, disabled =false
08-24 14:43:44.538  4159 17194 D gralloc : [mali_gralloc_allocate] begin
08-24 14:43:44.538  4159 17194 D gralloc : buffer_descriptor: wh(1080 2340) usage_pc(0x366 0x306) hal_format(0x1) layer_count(1) sizes(0 0 0) strde(0) byte_stride(0) alloc_wh(0 0) internal_format(0x0) alloc_format(0x0) fd_count(1) plane_count(0)
08-24 14:43:44.539  4159 17194 D gralloc : [mali_gralloc_allocate] allocation successful
08-24 14:43:44.542  4226  4226 I Layer   : id=88437[0] Destroyed Screenshot Parent
08-24 14:43:44.543  4226  4226 I Layer   : id=88414[1] Destroyed Surface(name=a3a0629 InputMethod)/@0x54f474f - animation-leash#1
08-24 14:43:44.543  4226  4226 I Layer   : id=88381[1] Destroyed Surface(name=a3a0629 InputMethod)/@0x54f474f - animation-leash#0
08-24 14:43:44.547  4585  4613 I SurfaceControl: nativeRelease nativeObject s[535581058272]
08-24 14:43:44.547  4585  4613 I SurfaceControl: nativeRelease nativeObject e[535581058272]
08-24 14:43:44.547  9865  9865 I TrayStateController: systemUiVisibilityChanged : 2 0
08-24 14:43:44.549  4226  4601 I SurfaceFlinger: id=88438 createSurf (0x0),-1 flag=24000, Surface(name=e455c2d StatusBar)/@0x2f65071 - animation-leash#1
08-24 14:43:44.550  4585  4613 I SurfaceControl: nativeRelease nativeObject s[537628416736]
08-24 14:43:44.550  4585  4613 I SurfaceControl: nativeRelease nativeObject e[537628416736]
08-24 14:43:44.550  4226  5357 I SurfaceFlinger: id=88439 createSurf (0x0),-1 flag=24000, Surface(name=a71bb8f NavigationBar0)/@0x8f38906 - animation-leash#1
08-24 14:43:44.552  4226  5357 I Layer   : id=88422 removeFromCurrentState Surface(name=e455c2d StatusBar)/@0x2f65071 - animation-leash#0 (92)
08-24 14:43:44.552  4226  5357 I Layer   : id=88423 removeFromCurrentState Surface(name=a71bb8f NavigationBar0)/@0x8f38906 - animation-leash#0 (92)
08-24 14:43:44.553 21625 21625 I SurfaceControl: nativeRelease nativeObject s[537816938592]
08-24 14:43:44.553 21625 21625 I SurfaceControl: nativeRelease nativeObject e[537816938592]
08-24 14:43:44.553 21625 21625 I SurfaceControl: nativeRelease nativeObject s[537816935424]
08-24 14:43:44.553 21625 21625 I SurfaceControl: nativeRelease nativeObject e[537816935424]
08-24 14:43:44.553  4226  5357 I SurfaceFlinger: id=88423 Removed Surface(name=a71bb8f NavigationBar0)/@0x8f38906 - animation-leash#0 (92)
08-24 14:43:44.553 21625 21625 I SurfaceControl: nativeRelease nativeObject s[537816933408]
08-24 14:43:44.554 21625 21625 I SurfaceControl: nativeRelease nativeObject e[537816933408]
08-24 14:43:44.554  4226  5357 I SurfaceFlinger: id=88422 Removed Surface(name=e455c2d StatusBar)/@0x2f65071 - animation-leash#0 (92)
08-24 14:43:44.558  4226  4226 I Layer   : id=88422[1] Destroyed Surface(name=e455c2d StatusBar)/@0x2f65071 - animation-leash#0
08-24 14:43:44.558  4226  4226 I Layer   : id=88423[1] Destroyed Surface(name=a71bb8f NavigationBar0)/@0x8f38906 - animation-leash#0
08-24 14:43:44.560 24159 24159 I DecorView: [INFO] isPopOver=false, config=true
08-24 14:43:44.560 24159 24159 I DecorView: updateCaptionType >> DecorView@4d9f41d[], isFloating=false, isApplication=true, hasWindowDecorCaption=false, hasWindowControllerCallback=true
08-24 14:43:44.560 24159 24159 D DecorView: setCaptionType = 0, this = DecorView@4d9f41d[]
08-24 14:43:44.565 24159 24159 D LifecycleMonitor: Lifecycle status change: androidx.test.core.app.InstrumentationActivityInvoker$BootstrapActivity@c4266c7 in: CREATED
08-24 14:43:44.566 24159 24159 V ActivityScenario: Activity lifecycle changed event received but ignored because the intent does not match. startActivityIntent=Intent { act=android.intent.action.MAIN cat=[android.intent.category.LAUNCHER] cmp=com.example.dogglers/.GridListActivity }, activity.getIntent()=Intent { act=android.intent.action.MAIN cat=[android.intent.category.LAUNCHER] flg=0x10008000 cmp=com.example.dogglers/androidx.test.core.app.InstrumentationActivityInvoker$BootstrapActivity (has extras) }, activity=androidx.test.core.app.InstrumentationActivityInvoker$BootstrapActivity@c4266c7
08-24 14:43:44.568 24159 24159 D LifecycleMonitor: Lifecycle status change: androidx.test.core.app.InstrumentationActivityInvoker$BootstrapActivity@c4266c7 in: STARTED
08-24 14:43:44.568 24159 24159 V ActivityScenario: Activity lifecycle changed event received but ignored because the intent does not match. startActivityIntent=Intent { act=android.intent.action.MAIN cat=[android.intent.category.LAUNCHER] cmp=com.example.dogglers/.GridListActivity }, activity.getIntent()=Intent { act=android.intent.action.MAIN cat=[android.intent.category.LAUNCHER] flg=0x10008000 cmp=com.example.dogglers/androidx.test.core.app.InstrumentationActivityInvoker$BootstrapActivity (has extras) }, activity=androidx.test.core.app.InstrumentationActivityInvoker$BootstrapActivity@c4266c7
08-24 14:43:44.569  4585  4820 D PkgPredictorService: com.example.dogglers go to foreground!
08-24 14:43:44.569  4585  4820 E PkgPredictorService-Collector: record changed bt=0  wifi=0 screen=0
08-24 14:43:44.569  4585  4820 D PkgPredictorService: previous pkgs: com.example.dogglers,com.google.android.youtube,com.example.dogglers running pkg: com.example.dogglers, uid: 0 is system: false
08-24 14:43:44.569  4585  4820 D PkgPredictorService-Collector: save record...
08-24 14:43:44.569  4585  4820 D PkgPredictorService-Collector:  (hour:14 day:4 previous:[com.example.dogglers, com.google.android.youtube, com.example.dogglers] activityName:unknown running:com.example.dogglers userId:0 screenOrientation:0 wifi:0 bt:0 predictTime:1 apkVersion:1.0 consumeTime:-1 preloaded:false>)
08-24 14:43:44.569  4585  4820 D PkgPredictorService-NapPreloadController: User using: com.example.dogglers
08-24 14:43:44.569  4585  4610 D SehCodecSolutionService: Update top [com.example.dogglers]
08-24 14:43:44.570  4585  4820 I PkgPredictorService-NapClassifier: RF predict version:1661289077471
08-24 14:43:44.571  4585  4820 D PkgPredictorService-NapClassifier: Predict result: 144.0,146.0,166.0, - [0_&_org.telegram.plus, 0_&_com.google.android.youtube, 0_&_com.samsung.android.app.contacts]
08-24 14:43:44.573  4226  4601 I SurfaceFlinger: id=88440 createSurf (0x0),-1 flag=80004, ActivityRecord{7466a4a u0 com.example.dogglers/.GridListActivity t1569}#0
08-24 14:43:44.573 15874 15932 I Rubin   : [164608] LoggingEventHelper.notifyUpdatedWithValue(LoggingEventHelper.java:58) : Notify AppUsageLogger's database is updated.
08-24 14:43:44.580 24159 24159 D LifecycleMonitor: Lifecycle status change: androidx.test.core.app.InstrumentationActivityInvoker$BootstrapActivity@c4266c7 in: RESUMED
08-24 14:43:44.580 24159 24159 V ActivityScenario: Activity lifecycle changed event received but ignored because the intent does not match. startActivityIntent=Intent { act=android.intent.action.MAIN cat=[android.intent.category.LAUNCHER] cmp=com.example.dogglers/.GridListActivity }, activity.getIntent()=Intent { act=android.intent.action.MAIN cat=[android.intent.category.LAUNCHER] flg=0x10008000 cmp=com.example.dogglers/androidx.test.core.app.InstrumentationActivityInvoker$BootstrapActivity (has extras) }, activity=androidx.test.core.app.InstrumentationActivityInvoker$BootstrapActivity@c4266c7
08-24 14:43:44.581  4226  4226 D SurfaceFlinger: Display 0 HWC layers:
08-24 14:43:44.581  4226  4226 D SurfaceFlinger:  SOLID_COLOR |              | 0002 |  Unknown  |    0.0    0.0    0.0    0.0 |    0 1151 1080 1758 | Background for -SurfaceView - com.go[...]while.WatchWhileActivity@c9edee9@9#0
08-24 14:43:44.581  4226  4226 D SurfaceFlinger:      DEVICE | 0x78512376c0 | 0000 | RGBA_8888    |    0.0   18.0 1080.0 2340.0 |    0    0 1080 2322 | com.google.android.youtube/com.googl[...]tchwhile.WatchWhileActivity$_21625#0
08-24 14:43:44.581  4226  4226 D SurfaceFlinger:  SOLID_COLOR |              | 0000 |  Unknown  |    0.0    0.0    0.0    0.0 |    0    0 1080 2340 | Dim Layer for - DefaultTaskDisplayArea - animating-dim#0
08-24 14:43:44.581  4226  4226 D SurfaceFlinger:      DEVICE | 0x77ce815680 | 0002 | RGBA_8888    |    0.0    0.0 1080.0 2015.0 |    0  325 1080 2340 | Splash Screen com.example.dogglers#0
08-24 14:43:44.581  4226  4226 D SurfaceFlinger:      DEVICE | 0x77ce815e00 | 0000 | RGBA_8888    |    0.0    0.0 1080.0   83.0 |    0    0 1080   83 | StatusBar$_4896#0
08-24 14:43:44.581  4226  4226 D SurfaceFlinger:      DEVICE | 0x77ce8157c0 | 0000 | RGBA_8888    |    0.0    0.0   67.0  342.0 |    0  746   67 1088 | com.samsung.android.app.cocktailbars[...]arservice.CocktailBarService$_9865#0
08-24 14:43:44.581  4226  4226 D SurfaceFlinger:      DEVICE | 0x7851238200 | 0000 | RGBA_
08-24 14:43:44.581  4226  4226 D SurfaceFlinger: 8888    |    0.0    0.0  388.0   39.0 |  692 2301 1080 2340 | SGestureOverlayWindow$_5408#0
08-24 14:43:44.581  4226  4226 D SurfaceFlinger:      DEVICE | 0x77ce816800 | 0000 | RGBA_8888    |    0.0    0.0 1080.0  126.0 |    0 2214 1080 2340 | NavigationBar0$_4896#0
08-24 14:43:44.581  4226  4226 D SurfaceFlinger:      DEVICE | 0x77ce814b40 | 0000 | RGBA_8888    |    0.0    0.0 1080.0  151.0 |    0    0 1080  151 | ScreenDecorOverlay$_4896#0
08-24 14:43:44.581  4226  4226 D SurfaceFlinger:      DEVICE | 0x77ce817d40 | 0000 | RGBA_8888    |    0.0    0.0 1080.0  151.0 |    0 2189 1080 2340 | ScreenDecorOverlayBottom$_4896#0
08-24 14:43:44.581  4226  4226 D SurfaceFlinger:
08-24 14:43:44.582  4585  4820 D PkgPredictorService-Collector: save one record successfully!
08-24 14:43:44.582  4585  4613 I ViewRootImpl@8fcfd60[dogglers]: MSG_RESIZED_REPORT: frame=(0,0,1080,2340) ci=(0,83,0,39) vi=(0,83,0,39) or=1
08-24 14:43:44.583  4585  4613 I ViewRootImpl@8fcfd60[dogglers]: [DP] dp(1) 1 android.view.ViewRootImpl.reportNextDraw:10957 android.view.ViewRootImpl.access$1200:256 android.view.ViewRootImpl$ViewRootHandler.handleMessage:6101
08-24 14:43:44.585  4217  4353 V APM_AudioPolicyManager: setAppState(portId:11856, state:1)
08-24 14:43:44.585  4217  4353 V APM_AudioPolicyManager: setAppState(portId:11883, state:2)
08-24 14:43:44.586  4896  4896 D NavigationBar: onSystemBarAppearanceChanged() -  displayId:0, appearance:16 (APPEARANCE_LIGHT_NAVIGATION_BARS ), navbarColorManagedByIme:false
08-24 14:43:44.586  4896  4896 D SecLightBarControlHelper: updateStatus(WHITE icon) NumLightStacks:0, NumStacks:1, IndexLightStack:-1, StatusBarMode:0, StatusBarState:SHD, NeedDarkFontFromWallpaper:false, isWhiteKeyguardStatusBarBySettings:false
08-24 14:43:44.586 24159 24159 D LifecycleMonitor: Lifecycle status change: androidx.test.core.app.InstrumentationActivityInvoker$BootstrapActivity@c4266c7 in: PAUSED
08-24 14:43:44.587 24159 24159 V ActivityScenario: Activity lifecycle changed event received but ignored because the intent does not match. startActivityIntent=Intent { act=android.intent.action.MAIN cat=[android.intent.category.LAUNCHER] cmp=com.example.dogglers/.GridListActivity }, activity.getIntent()=Intent { act=android.intent.action.MAIN cat=[android.intent.category.LAUNCHER] flg=0x10008000 cmp=com.example.dogglers/androidx.test.core.app.InstrumentationActivityInvoker$BootstrapActivity (has extras) }, activity=androidx.test.core.app.InstrumentationActivityInvoker$BootstrapActivity@c4266c7
08-24 14:43:44.587  9865  9865 I TrayStateController: systemUiVisibilityChanged : 0 0
08-24 14:43:44.589  4585  8021 V WindowOrientationListener: getProposedRotation: -1
08-24 14:43:44.590  4149  4184 D audio_hw_primary: device-adev_set_parameters: enter with key(audioHDR=0)
08-24 14:43:44.591  4585  8021 D InputDispatcher: Focused application set to (0): 7466a4a
08-24 14:43:44.598  4585  4820 D PkgPredictorService-Collector: save one record successfully!
08-24 14:43:44.598  4585  7096 V WindowManager: Relayout Window{d095a7c u0 NotificationShade}: viewVisibility=4 req=1080x2340
08-24 14:43:44.600  4585  4613 V WindowManager: Relayout Window{12b5219 u0 Splash Screen com.example.dogglers}: viewVisibility=0 req=1080x2340
08-24 14:43:44.601  4585  7096 V WindowManager: Relayout hash=d095a7c, pid=4896: mAttrs={(0,0)(fillxfill) gr=TOP CENTER_VERTICAL sim={adjust=resize} layoutInDisplayCutoutMode=always ty=2040 fmt=TRANSLUCENT
08-24 14:43:44.601  4585  7096 V WindowManager:   fl=81840048
08-24 14:43:44.601  4585  7096 V WindowManager:   pfl=1b000000
08-24 14:43:44.601  4585  7096 V WindowManager:   bhv=SHOW_TRANSIENT_BARS_BY_SWIPE naviIconColor=0
08-24 14:43:44.601  4585  7096 V WindowManager:   sfl=40000}
08-24 14:43:44.602  4585  4613 I SurfaceControl: nativeRelease nativeObject s[537628414240]
08-24 14:43:44.602  4585  4613 I SurfaceControl: nativeRelease nativeObject e[537628414240]
08-24 14:43:44.602  4896  4896 I SurfaceControl: assignNativeObject: nativeObject = 0 Surface(name=null)/@0x79cdca4 / android.view.SurfaceControl.readFromParcel:1117 android.view.IWindowSession$Stub$Proxy.relayout:1810 android.view.ViewRootImpl.relayoutWindow:9005 android.view.ViewRootImpl.performTraversals:3360 android.view.ViewRootImpl.doTraversal:2618 android.view.ViewRootImpl$TraversalRunnable.run:9971 android.view.Choreographer$CallbackRecord.run:1010 android.view.Choreographer.doCallbacks:809 android.view.Choreographer.doFrame:744 android.view.Choreographer$FrameDisplayEventReceiver.run:995
08-24 14:43:44.603  4896  4896 I SurfaceControl: assignNativeObject: nativeObject = 0 Surface(name=null)/@0xd3c9bb / android.view.SurfaceControl.readFromParcel:1117 android.view.IWindowSession$Stub$Proxy.relayout:1820 android.view.ViewRootImpl.relayoutWindow:9005 android.view.ViewRootImpl.performTraversals:3360 android.view.ViewRootImpl.doTraversal:2618 android.view.ViewRootImpl$TraversalRunnable.run:9971 android.view.Choreographer$CallbackRecord.run:1010 android.view.Choreographer.doCallbacks:809 android.view.Choreographer.doFrame:744 android.view.Choreographer$FrameDisplayEventReceiver.run:995
08-24 14:43:44.604  4896  4896 I ViewRootImpl@b9c0f52[NotificationShade]: Relayout returned: old=(0,0,1080,2340) new=(0,0,1080,2340) req=(1080,2340)4 dur=10 res=0x1 s={false 0} ch=false fn=-1
08-24 14:43:44.604  4585  4613 V WindowManager: Relayout hash=12b5219, pid=4585: mAttrs={(0,0)(fillxfill) sim={adjust=pan} layoutInDisplayCutoutMode=shortEdges ty=APPLICATION_STARTING wanim=0x1030001
08-24 14:43:44.604  4585  4613 V WindowManager:   fl=1830118
08-24 14:43:44.604  4585  4613 V WindowManager:   pfl=12020011
08-24 14:43:44.604  4585  4613 V WindowManager:   apr=LIGHT_NAVIGATION_BARS
08-24 14:43:44.604  4585  4613 V WindowManager:   fitSides= naviIconColor=0
08-24 14:43:44.604  4585  4613 V WindowManager:   sfl=100000}
08-24 14:43:44.604  4585  4613 I SurfaceControl: nativeRelease nativeObject s[537628416736]
08-24 14:43:44.604  4585  4613 I SurfaceControl: nativeRelease nativeObject e[537628416736]
08-24 14:43:44.604  4585  4613 I SurfaceControl: nativeRelease nativeObject s[535581058272]
08-24 14:43:44.604  4585  4613 I SurfaceControl: nativeRelease nativeObject e[535581058272]
08-24 14:43:44.604  4585  4613 I ViewRootImpl@8fcfd60[dogglers]: Relayout returned: old=(0,0,1080,2340) new=(0,0,1080,2340) req=(1080,2340)0 dur=13 res=0x1 s={true 535581126656} ch=false fn=2
08-24 14:43:44.606  4896  4896 D KeyguardBottomAreaShortcutView: updateCameraVisibility isCameraDisabled:false visible:true
08-24 14:43:44.606  4896  4896 D KeyguardBottomAreaShortcutView: mIndicationArea margin start : 158, end : 158, bottom : 145
08-24 14:43:44.608 24159 24159 D LifecycleMonitor: Lifecycle status change: com.example.dogglers.GridListActivity@77ee9de in: PRE_ON_CREATE
08-24 14:43:44.608 24159 24159 V ActivityScenario: Activity lifecycle changed event received but ignored because the reported transition was not ON_CREATE while the last known transition was PRE_ON_CREATE
08-24 14:43:44.616  4159 17194 D gralloc : [mali_gralloc_allocate] begin
08-24 14:43:44.616  4159 17194 D gralloc : buffer_descriptor: wh(1080 2340) usage_pc(0x966 0x906) hal_format(0x1) layer_count(1) sizes(0 0 0) strde(0) byte_stride(0) alloc_wh(0 0) internal_format(0x0) alloc_format(0x0) fd_count(1) plane_count(0)
08-24 14:43:44.618  4159 17194 D gralloc : [mali_gralloc_allocate] allocation successful
08-24 14:43:44.625 24159 24159 I DecorView: [INFO] isPopOver=false, config=true
08-24 14:43:44.626 24159 24159 I DecorView: updateCaptionType >> DecorView@54c8fb7[], isFloating=false, isApplication=true, hasWindowDecorCaption=false, hasWindowControllerCallback=true
08-24 14:43:44.626 24159 24159 D DecorView: setCaptionType = 0, this = DecorView@54c8fb7[]
08-24 14:43:44.636  4585  4613 I ViewRootImpl@8fcfd60[dogglers]: [DP] pdf(0) 1 android.view.ViewRootImpl.performDraw:4809 android.view.ViewRootImpl.performTraversals:3866 android.view.ViewRootImpl.doTraversal:2618
08-24 14:43:44.636  4585  4613 I ViewRootImpl@8fcfd60[dogglers]: [DP] rdf()
08-24 14:43:44.658 15874 15932 I Rubin   : [164608] ExercisingWithCmhMonitor.isSatisfiedByCmh(ExercisingWithCmhMonitor.java:119) : isSatisfiedByCmh is false
08-24 14:43:44.663 24159 24159 D LifecycleMonitor: Lifecycle status change: com.example.dogglers.GridListActivity@77ee9de in: CREATED
08-24 14:43:44.664 24159 24159 V ActivityScenario: Update currentActivityStage to CREATED, currentActivity=com.example.dogglers.GridListActivity@77ee9de
08-24 14:43:44.667  4226  4226 D SurfaceFlinger: Display 0 HWC layers:
08-24 14:43:44.667  4226  4226 D SurfaceFlinger:      DEVICE | 0x7851239c40 | 0000 | RGBA_8888    |    0.0   56.0 1080.0 2340.0 |    0    0 1080 2284 | com.google.android.youtube/com.googl[...]tchwhile.WatchWhileActivity$_21625#0
08-24 14:43:44.667  4226  4226 D SurfaceFlinger:  SOLID_COLOR |              | 0000 |  Unknown  |    0.0    0.0    0.0    0.0 |    0    0 1080 2340 | Dim Layer for - DefaultTaskDisplayArea - animating-dim#0
08-24 14:43:44.667  4226  4226 D SurfaceFlinger:      DEVICE | 0x77ce815400 | 0002 | RGBA_8888    |    0.0    0.0 1080.0 2253.0 |    0   87 1080 2340 | Splash Screen com.example.dogglers#0
08-24 14:43:44.667  4226  4226 D SurfaceFlinger:      DEVICE | 0x77ce815e00 | 0000 | RGBA_8888    |    0.0    0.0 1080.0   83.0 |    0    0 1080   83 | StatusBar$_4896#0
08-24 14:43:44.667  4226  4226 D SurfaceFlinger:      DEVICE | 0x77ce8157c0 | 0000 | RGBA_8888    |    0.0    0.0   67.0  342.0 |    0  746   67 1088 | com.samsung.android.app.cocktailbars[...]arservice.CocktailBarService$_9865#0
08-24 14:43:44.667  4226  4226 D SurfaceFlinger:      DEVICE | 0x7851238200 | 0000 | RGBA_8888    |    0.0    0.0  388.0   39.0 |  692 2301 1080 2340 | SGestureOverlayWindow$_5408#0
08-24 14:43:44.667  4226  4226 D SurfaceFlinger:      DEVICE | 0x77ce816800 | 0000 | RGBA_8888    |    0.0    0.0 1080.0  126.0 |    0 2
08-24 14:43:44.667  4226  4226 D SurfaceFlinger: 214 1080 2340 | NavigationBar0$_4896#0
08-24 14:43:44.667  4226  4226 D SurfaceFlinger:      DEVICE | 0x77ce814b40 | 0000 | RGBA_8888    |    0.0    0.0 1080.0  151.0 |    0    0 1080  151 | ScreenDecorOverlay$_4896#0
08-24 14:43:44.667  4226  4226 D SurfaceFlinger:      DEVICE | 0x77ce817d40 | 0000 | RGBA_8888    |    0.0    0.0 1080.0  151.0 |    0 2189 1080 2340 | ScreenDecorOverlayBottom$_4896#0
08-24 14:43:44.667  4226  4226 D SurfaceFlinger:
08-24 14:43:44.668 24159 24159 D LifecycleMonitor: Lifecycle status change: com.example.dogglers.GridListActivity@77ee9de in: STARTED
08-24 14:43:44.668 24159 24159 V ActivityScenario: Update currentActivityStage to STARTED, currentActivity=com.example.dogglers.GridListActivity@77ee9de
08-24 14:43:44.671 24159 24159 D LifecycleMonitor: Lifecycle status change: com.example.dogglers.GridListActivity@77ee9de in: RESUMED
08-24 14:43:44.671 24159 24159 V ActivityScenario: Update currentActivityStage to RESUMED, currentActivity=com.example.dogglers.GridListActivity@77ee9de
08-24 14:43:44.677  4585  7112 D InputTransport: Input channel constructed: '6fa658f', fd=710
08-24 14:43:44.677  4585  7112 D InputTransport: Input channel constructed: '6fa658f', fd=723
08-24 14:43:44.678  4226  4251 I SurfaceFlinger: id=88441 createSurf (0x0),-1 flag=80004, 6fa658f com.example.dogglers/com.example.dogglers.GridListActivity#0
08-24 14:43:44.678  4585  7112 D WindowManager: isScreenshotDisabledLocked - win: Window{6fa658f u0 com.example.dogglers/com.example.dogglers.GridListActivity}
08-24 14:43:44.678  4585  7112 D WindowManager: isScreenshotDisabledLocked: userId = 0, disabled =false
08-24 14:43:44.679  4585  7112 D InputTransport: Input channel destroyed: '6fa658f', fd=723
08-24 14:43:44.679 24159 24159 D InputTransport: Input channel constructed: '6fa658f', fd=80
08-24 14:43:44.682 24159 24159 I ViewRootImpl@a4225f2[GridListActivity]: setView = com.android.internal.policy.DecorView@54c8fb7 TM=true
08-24 14:43:44.700  4585  7112 V WindowManager: Relayout Window{6fa658f u0 com.example.dogglers/com.example.dogglers.GridListActivity}: viewVisibility=0 req=1080x2340
08-24 14:43:44.702  4585  7112 D WindowManager: isScreenshotDisabledLocked - win: Window{6fa658f u0 com.example.dogglers/com.example.dogglers.GridListActivity}
08-24 14:43:44.703  4585  7112 D WindowManager: isScreenshotDisabledLocked: userId = 0, disabled =false
08-24 14:43:44.703  4226  5359 I SurfaceFlinger: id=88442 createSurf (1080x2340),1 flag=404, com.example.dogglers/com.example.dogglers.GridListActivity$_24159#0
08-24 14:43:44.706  4585  7112 I SurfaceControl: nativeRelease nativeObject s[535581063072]
08-24 14:43:44.706  4585  7112 I SurfaceControl: nativeRelease nativeObject e[535581063072]
08-24 14:43:44.706  9865  9865 I TrayStateController: systemUiVisibilityChanged : 0 0
08-24 14:43:44.706  4226  5359 I SurfaceFlinger: id=88443 createSurf (0x0),-1 flag=24000, Surface(name=e455c2d StatusBar)/@0x2f65071 - animation-leash#0
08-24 14:43:44.707  4585  7112 I SurfaceControl: nativeRelease nativeObject s[535581063168]
08-24 14:43:44.707  4585  7112 I SurfaceControl: nativeRelease nativeObject e[535581063168]
08-24 14:43:44.707  4226  5359 I SurfaceFlinger: id=88444 createSurf (0x0),-1 flag=24000, Surface(name=a71bb8f NavigationBar0)/@0x8f38906 - animation-leash#0
08-24 14:43:44.710  4585  7112 V WindowManager: Relayout hash=6fa658f, pid=24159: mAttrs={(0,0)(fillxfill) sim={adjust=resize forwardNavigation} ty=BASE_APPLICATION wanim=0x1030304
08-24 14:43:44.710  4585  7112 V WindowManager:   fl=81810100
08-24 14:43:44.710  4585  7112 V WindowManager:   pfl=12020000
08-24 14:43:44.710  4585  7112 V WindowManager:   apr=LIGHT_NAVIGATION_BARS
08-24 14:43:44.710  4585  7112 V WindowManager:   fitSides= naviIconColor=0
08-24 14:43:44.710  4585  7112 V WindowManager:   sfl=100000}
08-24 14:43:44.710  4585  7112 I SurfaceControl: nativeRelease nativeObject s[535556872704]
08-24 14:43:44.710  4585  7112 I SurfaceControl: nativeRelease nativeObject e[535556872704]
08-24 14:43:44.713 24159 24159 I SurfaceControl: assignNativeObject: nativeObject = 0 Surface(name=null)/@0xe61443 / android.view.SurfaceControl.readFromParcel:1117 android.view.IWindowSession$Stub$Proxy.relayout:1820 android.view.ViewRootImpl.relayoutWindow:9005 android.view.ViewRootImpl.performTraversals:3360 android.view.ViewRootImpl.doTraversal:2618 android.view.ViewRootImpl$TraversalRunnable.run:9971 android.view.Choreographer$CallbackRecord.run:1010 android.view.Choreographer.doCallbacks:809 android.view.Choreographer.doFrame:744 android.view.Choreographer$FrameDisplayEventReceiver.run:995
08-24 14:43:44.714  4226  4251 I Layer   : id=88438 removeFromCurrentState Surface(name=e455c2d StatusBar)/@0x2f65071 - animation-leash#1 (95)
08-24 14:43:44.714  4226  4251 I Layer   : id=88439 removeFromCurrentState Surface(name=a71bb8f NavigationBar0)/@0x8f38906 - animation-leash#1 (95)
08-24 14:43:44.715 24159 24159 I ViewRootImpl@a4225f2[GridListActivity]: Relayout returned: old=(0,0,1080,2340) new=(0,0,1080,2340) req=(1080,2340)0 dur=13 res=0x7 s={true 535692890112} ch=true fn=-1
08-24 14:43:44.716  4585  4613 I SurfaceControl: nativeRelease nativeObject s[535581068352]
08-24 14:43:44.716  4585  4613 I SurfaceControl: nativeRelease nativeObject e[535581068352]
08-24 14:43:44.716  4585  4613 I SurfaceControl: nativeRelease nativeObject s[537628414240]
08-24 14:43:44.716  4585  4613 I SurfaceControl: nativeRelease nativeObject e[537628414240]
08-24 14:43:44.717  4226  5359 I SurfaceFlinger: id=88439 Removed Surface(name=a71bb8f NavigationBar0)/@0x8f38906 - animation-leash#1 (95)
08-24 14:43:44.719  4226  4248 I SurfaceFlinger: id=88438 Removed Surface(name=e455c2d StatusBar)/@0x2f65071 - animation-leash#1 (95)
08-24 14:43:44.720  4159 17194 D gralloc : [mali_gralloc_allocate] begin
08-24 14:43:44.720  4159 17194 D gralloc : buffer_descriptor: wh(1080 2340) usage_pc(0x40000000000b00 0x40000000000b00) hal_format(0x1) layer_count(1) sizes(0 0 0) strde(0) byte_stride(0) alloc_wh(0 0) internal_format(0x0) alloc_format(0x0) fd_count(1) plane_count(0)
08-24 14:43:44.723  4159 17194 D gralloc : [mali_gralloc_allocate] allocation successful
08-24 14:43:44.724  4159 17194 D gralloc : [mali_gralloc_allocate] begin
08-24 14:43:44.724  4159 17194 D gralloc : buffer_descriptor: wh(1080 2340) usage_pc(0x40000000000b00 0x40000000000b00) hal_format(0x1) layer_count(1) sizes(0 0 0) strde(0) byte_stride(0) alloc_wh(0 0) internal_format(0x0) alloc_format(0x0) fd_count(1) plane_count(0)
08-24 14:43:44.725  4226  4226 I Layer   : id=88438[1] Destroyed Surface(name=e455c2d StatusBar)/@0x2f65071 - animation-leash#1
08-24 14:43:44.725  4226  4226 I Layer   : id=88439[1] Destroyed Surface(name=a71bb8f NavigationBar0)/@0x8f38906 - animation-leash#1
08-24 14:43:44.730  4159 17194 D gralloc : [mali_gralloc_allocate] allocation successful
08-24 14:43:44.732  4159 17194 D gralloc : [mali_gralloc_allocate] begin
08-24 14:43:44.732  4159 17194 D gralloc : buffer_descriptor: wh(1080 2340) usage_pc(0x40000000000b00 0x40000000000b00) hal_format(0x1) layer_count(1) sizes(0 0 0) strde(0) byte_stride(0) alloc_wh(0 0) internal_format(0x0) alloc_format(0x0) fd_count(1) plane_count(0)
08-24 14:43:44.739  4159 17194 D gralloc : [mali_gralloc_allocate] allocation successful
08-24 14:43:44.742  4896  4896 D SecStatusBarMobileView: setStaticDrawableColor:
08-24 14:43:44.742  4896  4896 D SecStatusBarMobileView: setStaticDrawableColor:
08-24 14:43:44.748 24159 24176 I xample.doggler: NativeAlloc concurrent copying GC freed 235655(13MB) AllocSpace objects, 2(40KB) LOS objects, 49% free, 8725KB/17MB, paused 241us total 131.733ms
08-24 14:43:44.764  4896  4896 D SecStatusBarMobileView: setStaticDrawableColor:
08-24 14:43:44.764  4896  4896 D SecStatusBarMobileView: setStaticDrawableColor:
08-24 14:43:44.775 24159 24178 W System  : A resource failed to call release.
08-24 14:43:44.775 24159 24178 I SurfaceControl: nativeRelease nativeObject s[535648690848]
08-24 14:43:44.775 24159 24178 I SurfaceControl: nativeRelease nativeObject e[535648690848]
08-24 14:43:44.778  4896  4896 D SecStatusBarMobileView: setStaticDrawableColor:
08-24 14:43:44.780  4896  4896 D SecStatusBarMobileView: setStaticDrawableColor:
08-24 14:43:44.783 24159 24178 W System  : A resource failed to call release.
08-24 14:43:44.783 24159 24178 I SurfaceControl: nativeRelease nativeObject s[535692239744]
08-24 14:43:44.785 24159 24178 I SurfaceControl: nativeRelease nativeObject e[535692239744]
08-24 14:43:44.790 24159 24178 W System  : A resource failed to call release.
08-24 14:43:44.790 24159 24178 I SurfaceControl: nativeRelease nativeObject s[535692238880]
08-24 14:43:44.790 24159 24178 I SurfaceControl: nativeRelease nativeObject e[535692238880]
08-24 14:43:44.793 24159 24178 W System  : A resource failed to call release.
08-24 14:43:44.793 24159 24178 I SurfaceControl: nativeRelease nativeObject s[536151026912]
08-24 14:43:44.793 24159 24178 I SurfaceControl: nativeRelease nativeObject e[536151026912]
08-24 14:43:44.793  4226  4601 I SurfaceFlinger: id=88368 Removed Surface(name=a3a0629 InputMethod)/@0x54f474f - animation-leash#1 (93)
08-24 14:43:44.798 24159 24178 W System  : A resource failed to call release.
08-24 14:43:44.799 24159 24178 I SurfaceControl: nativeRelease nativeObject s[536236748416]
08-24 14:43:44.799 24159 24178 I SurfaceControl: nativeRelease nativeObject e[536236748416]
08-24 14:43:44.800  4226  4251 I SurfaceFlinger: id=88329 Removed Surface(name=a3a0629 InputMethod)/@0x54f474f - animation-leash#0 (93)
08-24 14:43:44.803 24159 24178 W System  : A resource failed to call release.
08-24 14:43:44.803 24159 24178 I SurfaceControl: nativeRelease nativeObject s[536236747840]
08-24 14:43:44.803 24159 24178 I SurfaceControl: nativeRelease nativeObject e[536236747840]
08-24 14:43:44.803  4226  4601 I SurfaceFlinger: id=88298 Removed Surface(name=a3a0629 InputMethod)/@0x54f474f - animation-leash#1 (93)
08-24 14:43:44.805  4896  4896 D SecStatusBarMobileView: setStaticDrawableColor:
08-24 14:43:44.805  4896  4896 D SecStatusBarMobileView: setStaticDrawableColor:
08-24 14:43:44.807 24159 24178 W System  : A resource failed to call release.
08-24 14:43:44.807 24159 24178 I SurfaceControl: nativeRelease nativeObject s[536236746496]
08-24 14:43:44.807 24159 24178 I SurfaceControl: nativeRelease nativeObject e[536236746496]
08-24 14:43:44.807  4226  5357 I SurfaceFlinger: id=88260 Removed Surface(name=a3a0629 InputMethod)/@0x54f474f - animation-leash#1 (93)
08-24 14:43:44.808  4226  4226 I Layer   : id=88329[1] Destroyed Surface(name=a3a0629 InputMethod)/@0x54f474f - animation-leash#0
08-24 14:43:44.809  4226  4226 I Layer   : id=88298[1] Destroyed Surface(name=a3a0629 InputMethod)/@0x54f474f - animation-leash#1
08-24 14:43:44.809  4226  4226 I Layer   : id=88368[1] Destroyed Surface(name=a3a0629 InputMethod)/@0x54f474f - animation-leash#1
08-24 14:43:44.809  4226  4226 I Layer   : id=88260[1] Destroyed Surface(name=a3a0629 InputMethod)/@0x54f474f - animation-leash#1
08-24 14:43:44.809 24159 24178 W System  : A resource failed to call release.
08-24 14:43:44.809 24159 24178 I SurfaceControl: nativeRelease nativeObject s[536236743232]
08-24 14:43:44.809 24159 24178 I SurfaceControl: nativeRelease nativeObject e[536236743232]
08-24 14:43:44.810  4226  5359 I SurfaceFlinger: id=88252 Removed Surface(name=a3a0629 InputMethod)/@0x54f474f - animation-leash#1 (89)
08-24 14:43:44.813 24159 24178 W System  : A resource failed to call release.
08-24 14:43:44.813 24159 24178 I SurfaceControl: nativeRelease nativeObject s[536236744000]
08-24 14:43:44.813 24159 24178 I SurfaceControl: nativeRelease nativeObject e[536236744000]
08-24 14:43:44.813  4226  5359 I SurfaceFlinger: id=88214 Removed Surface(name=a3a0629 InputMethod)/@0x54f474f - animation-leash#1 (89)
08-24 14:43:44.819 24159 24178 W System  : A resource failed to call release.
08-24 14:43:44.819 24159 24178 I SurfaceControl: nativeRelease nativeObject s[536236738816]
08-24 14:43:44.819 24159 24178 I SurfaceControl: nativeRelease nativeObject e[536236738816]
08-24 14:43:44.820 24159 24159 I ViewRootImpl@a4225f2[GridListActivity]: [DP] dp(1) 1 android.view.ViewRootImpl.reportNextDraw:10957 android.view.ViewRootImpl.performTraversals:3845 android.view.ViewRootImpl.doTraversal:2618
08-24 14:43:44.820  4226  4248 I SurfaceFlinger: id=88160 Removed Surface(name=a3a0629 InputMethod)/@0x54f474f - animation-leash#1 (89)
08-24 14:43:44.821 24159 24159 I ViewRootImpl@a4225f2[GridListActivity]: [DP] pd() Asnyc report
08-24 14:43:44.823 24159 24178 W System  : A resource failed to call release.
08-24 14:43:44.823 24159 24178 I SurfaceControl: nativeRelease nativeObject s[537830054816]
08-24 14:43:44.823 24159 24178 I SurfaceControl: nativeRelease nativeObject e[537830054816]
08-24 14:43:44.824  4226  5357 I SurfaceFlinger: id=88055 Removed Surface(name=a3a0629 InputMethod)/@0x54f474f - animation-leash#0 (89)
08-24 14:43:44.824 24159 24178 W System  : A resource failed to call release.
08-24 14:43:44.824 24159 24178 I SurfaceControl: nativeRelease nativeObject s[537816933504]
08-24 14:43:44.824 24159 24178 I SurfaceControl: nativeRelease nativeObject e[537816933504]
08-24 14:43:44.824  4226  5359 I SurfaceFlinger: id=88047 Removed Surface(name=a3a0629 InputMethod)/@0x54f474f - animation-leash#0 (89)
08-24 14:43:44.825  4226  4226 I Layer   : id=88055[1] Destroyed Surface(name=a3a0629 InputMethod)/@0x54f474f - animation-leash#0
08-24 14:43:44.825  4226  4226 I Layer   : id=88252[1] Destroyed Surface(name=a3a0629 InputMethod)/@0x54f474f - animation-leash#1
08-24 14:43:44.826  4226  4226 I Layer   : id=88160[1] Destroyed Surface(name=a3a0629 InputMethod)/@0x54f474f - animation-leash#1
08-24 14:43:44.826  4226  4226 I Layer   : id=88214[1] Destroyed Surface(name=a3a0629 InputMethod)/@0x54f474f - animation-leash#1
08-24 14:43:44.826  4226  4226 I Layer   : id=88047[1] Destroyed Surface(name=a3a0629 InputMethod)/@0x54f474f - animation-leash#0
08-24 14:43:44.838  4896  4896 D SecStatusBarMobileView: setStaticDrawableColor:
08-24 14:43:44.838  4896  4896 D SecStatusBarMobileView: setStaticDrawableColor:
08-24 14:43:44.842 24159 24159 I ViewRootImpl@a4225f2[GridListActivity]: [DP] pdf(0) 1 android.view.ViewRootImpl.lambda$performDraw$1$ViewRootImpl:4668 android.view.-$$Lambda$ViewRootImpl$DJd0VUYJgsebcnSohO6h8zc_ONI.run:6 android.os.Handler.handleCallback:938
08-24 14:43:44.842 24159 24159 I ViewRootImpl@a4225f2[GridListActivity]: [DP] rdf()
08-24 14:43:44.844  4585  4613 I SurfaceControl: nativeRelease nativeObject s[535581061728]
08-24 14:43:44.844  4585  4613 I SurfaceControl: nativeRelease nativeObject e[535581061728]
08-24 14:43:44.850  4226  4251 I Layer   : id=88435 removeFromCurrentState Surface(name=Dim Layer for - DefaultTaskDisplayArea - animating-dim)/@0x5572b8d - animation-leash#0 (84)
08-24 14:43:44.850  4226  5357 I SurfaceFlinger: id=88435 Removed Surface(name=Dim Layer for - DefaultTaskDisplayArea - animating-dim)/@0x5572b8d - animation-leash#0 (84)
08-24 14:43:44.852  4585  4613 D PkgPredictorService: pkg:com.example.dogglers activity:com.example.dogglers.GridListActivity thisTime:460
08-24 14:43:44.854  4585  4617 D ArtManagerInternalImpl: /data/misc/iorapd/com.example.dogglers/1/com.example.dogglers.GridListActivity/compiled_traces/compiled_trace.pb doesn't exist
08-24 14:43:44.855  4585  4613 D ViewRootImpl@8fcfd60[dogglers]: dispatchDetachedFromWindow: reset blurmask
08-24 14:43:44.855  4585  4613 I ViewRootImpl@8fcfd60[dogglers]: dispatchDetachedFromWindow
08-24 14:43:44.856  4585  4613 I SurfaceControl: nativeRelease nativeObject s[535579921216]
08-24 14:43:44.856  4585  4613 I SurfaceControl: nativeRelease nativeObject e[535579921216]
08-24 14:43:44.856  4585  4613 D InputTransport: Input channel destroyed: '12b5219', fd=695
08-24 14:43:44.857  4226  4248 I SurfaceFlinger: id=88445 createSurf (0x0),-1 flag=24000, Surface(name=12b5219 Splash Screen com.example.dogglers)/@0xc99fdbb - animation-leash#0
08-24 14:43:44.858  4226  4226 I Layer   : id=88435[1] Destroyed Surface(name=Dim Layer for - DefaultTaskDisplayArea - animating-dim)/@0x5572b8d - animation-leash#0
08-24 14:43:44.860 24159 24159 D RootViewPicker: Root not ready - waiting: 10ms for one to appear.
08-24 14:43:44.860  4585  7112 I InputDispatcher: Focus entered window (24159): 6fa658f in display 0 0
08-24 14:43:44.864  4585  4613 D InputTransport: Input channel destroyed: '12b5219', fd=697
08-24 14:43:44.865 24159 24159 I ViewRootImpl@a4225f2[GridListActivity]: MSG_WINDOW_FOCUS_CHANGED 1 1
08-24 14:43:44.866 24159 24159 D InputMethodManager: prepareNavigationBarInfo() DecorView@54c8fb7[GridListActivity]
08-24 14:43:44.866 24159 24159 D InputMethodManager: getNavigationBarColor() -855310
08-24 14:43:44.867 24159 24159 D InputMethodManager: prepareNavigationBarInfo() DecorView@54c8fb7[GridListActivity]
08-24 14:43:44.867 24159 24159 D InputMethodManager: getNavigationBarColor() -855310
08-24 14:43:44.867 24159 24159 V InputMethodManager: Starting input: tba=com.example.dogglers ic=null mNaviBarColor -855310 mIsGetNaviBarColorSuccess true , NavVisible : true , NavTrans : false
08-24 14:43:44.868 24159 24159 D InputMethodManager: startInputInner - Id : 0
08-24 14:43:44.868 24159 24159 I InputMethodManager: startInputInner - mService.startInputOrWindowGainedFocus
08-24 14:43:44.869  4585  7096 D InputMethodManagerService: mSecureKeypadEnabled = false
08-24 14:43:44.871  4585  4617 I ActivityTaskManager: Displayed com.example.dogglers/.GridListActivity: +460ms
08-24 14:43:44.873  4585  7096 V InputMethodManagerService: hideCurrentInputLocked : shouldHideSoftInput is false
08-24 14:43:44.873  4175 24595 I HYPER-HAL: [ResourceManager.cpp]removeResource(): [CPUMinFreq] RemoveResource Request ID : 10596124
08-24 14:43:44.873  4585  7096 D InputMethodManagerService: mDesktopModeManager null!
08-24 14:43:44.873  4585  7096 V InputMethodManagerService: getDisplayIdOfInputMethodWindowToBeAdded : 0
08-24 14:43:44.873  4175 24595 I HYPER-HAL: [RequestManager.cpp]releaseLocked(): Released ID : 10596124
08-24 14:43:44.873  4585  7096 D SamsungIMMSHWKeyboard: isConnectedDexOnPC false
08-24 14:43:44.874  4585  7096 D InputMethodManagerService: isImeSwitcherDisabledPackage : false
08-24 14:43:44.876 21625 21625 D InputTransport: Input channel destroyed: 'ClientS', fd=150
08-24 14:43:44.877  4585  7112 I SemDvfsHyPerManager: acquire hyper - AMS_RESUME_TAIL/4585@18, type = -999
08-24 14:43:44.877  4585  7112 I SemDvfsHyPerManager: acquire hyper - AMS_ACT_LAZY/4585@19, type = -999
08-24 14:43:44.877  4585  7096 D InputMethodManagerService: checkDisplayOfStartInputAndUpdateKeyboard display Id 0last 0
08-24 14:43:44.877  4585  7096 D InputTransport: Input channel constructed: 'ClientS', fd=672
08-24 14:43:44.877  4175  4211 I HYPER-HAL: [RequestManager.cpp]acquire(): Acquired ID : 10596124  [4585 / 18]    HINT : AMS_RESUME_TAIL    list :
08-24 14:43:44.877  4585  7096 D InputTransport: Input channel destroyed: 'ClientS', fd=672
08-24 14:43:44.878 24159 24159 D InputTransport: Input channel constructed: 'ClientS', fd=89
08-24 14:43:44.878  4175  4211 I HYPER-HAL: [ResourceManager.cpp]updateResource(): [CPUMinFreq] UpdateResource Request ID : 10596124    Value : 1768000
08-24 14:43:44.878  4175  4211 I HYPER-HAL: [RequestManager.cpp]acquire(): Acquired ID : 10600729  [4585 / 19]    HINT :      list :
08-24 14:43:44.879  4175  4211 E HYPER-HAL: [Request.cpp]acquire(): Request:: id : 10600729, No Resource to set
08-24 14:43:44.879  4175  4211 I HYPER-HAL: [ResourceManager.cpp]removeResource(): [CPUMinFreq] RemoveResource Request ID : 10651450
08-24 14:43:44.882  4175  4211 I HYPER-HAL: [RequestManager.cpp]releaseLocked(): Released ID : 10651450
08-24 14:43:44.882  4140  4146 E statsd  : Predicate -7037417284711607308 dropping data for dimension key (10)0x2010101->10574[I] (10)0x30000->*launch*[S]
08-24 14:43:44.883  4140  4146 E statsd  : Predicate 5980654721335871649 dropping data for dimension key (10)0x2010101->10574[I] (10)0x30000->*launch*[S]
08-24 14:43:44.885 24159 24159 I ViewInteraction: Performing 'scroll RecyclerView to position: 5' action on view view.getId() is <2131230933/com.example.dogglers:id/grid_recycler_view>
08-24 14:43:44.885  4585  7113 I SurfaceControl: nativeRelease nativeObject s[537628420288]
08-24 14:43:44.885  4585  7113 I SurfaceControl: nativeRelease nativeObject e[537628420288]
08-24 14:43:44.886  4226  4248 I SurfaceFlinger: id=88446 createSurf (0x0),-1 flag=24004, Surface(name=a3a0629 InputMethod)/@0x54f474f - animation-leash#1
08-24 14:43:44.887  4896  4896 D SecStatusBarMobileView: setStaticDrawableColor:
08-24 14:43:44.888  4896  4896 D SecStatusBarMobileView: setStaticDrawableColor:
08-24 14:43:44.888  4896  4908 I ndroid.systemu: NativeAlloc concurrent copying GC freed 10965(431KB) AllocSpace objects, 0(0B) LOS objects, 49% free, 19MB/38MB, paused 312us total 235.288ms
08-24 14:43:44.889  7388  7388 I HBD     : HoneyBoardService onFinishInput
08-24 14:43:44.889  7388  7388 I HBD     : a IC have been unbinded,  InputConnectionWrapper{idHash=#eeb143b mMissingMethods=}
08-24 14:43:44.889  7388  7388 I HBD     : HoneyBoardService [PF_CL][onFinishInput]  628346 ns
