08-24 14:43:55.994  7388  7388 I HBD     : a currentState : 0
08-24 14:43:55.994  4140  4146 E statsd  : Predicate -7037417284711607308 dropping data for dimension key (10)0x2010101->10574[I] (10)0x30000->*launch*[S]
08-24 14:43:55.995  4140  4146 E statsd  : Predicate 5980654721335871649 dropping data for dimension key (10)0x2010101->10574[I] (10)0x30000->*launch*[S]
08-24 14:43:55.995  7388  7388 I HBD     : h load selected json info : {"version":"1.0","currentLanguageOrder":0,"selected":[{"activeOptionList":["auto_replace","auto_spacing"],"engName":"Russian","id":3342336,"inputType":"qwerty","isUsed":true},{"activeOptionList":["auto_replace","auto_spacing"],"engName":"English","id":65537,"inputType":"qwerty","isUsed":true}]}
08-24 14:43:55.996  7388  7388 I HBD     : a [UpdatePolicy] [post] a: 0 cl: 3342336 kit: [0/0] vt: 0 ir: 1
08-24 14:43:55.997  7388  7388 I HBD     : HoneyBoardService [PF_OP][onStartInput]  19111346 ns
08-24 14:43:55.998  4226  4226 I Layer   : id=88778[1] Destroyed ActivityRecord{cdd82ab u0 com.example.dogglers/.VerticalListActivity t1578}#0
08-24 14:43:56.000  4585  7044 D SamsungIMMSHWKeyboard: isConnectedDexOnPC false
08-24 14:43:56.000 24159 24159 I SurfaceControl: nativeRelease nativeObject s[537785866304]
08-24 14:43:56.000 24159 24159 I SurfaceControl: nativeRelease nativeObject e[537785866304]
08-24 14:43:56.000 24159 24159 I SurfaceControl: nativeRelease nativeObject s[537785865632]
08-24 14:43:56.000 24159 24159 I SurfaceControl: nativeRelease nativeObject e[537785865632]
08-24 14:43:56.001  4585  7044 D InputMethodManagerService: isImeSwitcherDisabledPackage : false
08-24 14:43:56.003 24159 24159 D LifecycleMonitor: Lifecycle status change: androidx.test.core.app.InstrumentationActivityInvoker$EmptyActivity@334ce43 in: PAUSED
08-24 14:43:56.003 24159 24159 V ActivityScenario: Activity lifecycle changed event received but ignored because the intent does not match. startActivityIntent=Intent { act=android.intent.action.MAIN cat=[android.intent.category.LAUNCHER] cmp=com.example.dogglers/.VerticalListActivity }, activity.getIntent()=Intent { act=android.intent.action.MAIN cat=[android.intent.category.LAUNCHER] flg=0x10000000 cmp=com.example.dogglers/androidx.test.core.app.InstrumentationActivityInvoker$EmptyActivity }, activity=androidx.test.core.app.InstrumentationActivityInvoker$EmptyActivity@334ce43
08-24 14:43:56.005  4585  7096 V WindowOrientationListener: getProposedRotation: -1
08-24 14:43:56.005  4585  7096 V WindowOrientationListener: getProposedRotation: -1
08-24 14:43:56.006  4585  7096 V WindowOrientationListener: getProposedRotation: -1
08-24 14:43:56.007  4585  7096 D InputDispatcher: Focused application set to (0): ef41917
08-24 14:43:56.014 24159 24159 D LifecycleMonitor: Lifecycle status change: androidx.test.core.app.InstrumentationActivityInvoker$BootstrapActivity@9e1e961 in: DESTROYED
08-24 14:43:56.014 24159 24159 V ActivityScenario: Activity lifecycle changed event received but ignored because the intent does not match. startActivityIntent=Intent { act=android.intent.action.MAIN cat=[android.intent.category.LAUNCHER] cmp=com.example.dogglers/.VerticalListActivity }, activity.getIntent()=Intent { act=android.intent.action.MAIN cat=[android.intent.category.LAUNCHER] flg=0x10008000 cmp=com.example.dogglers/androidx.test.core.app.InstrumentationActivityInvoker$BootstrapActivity (has extras) }, activity=androidx.test.core.app.InstrumentationActivityInvoker$BootstrapActivity@9e1e961
08-24 14:43:56.015  4585  7096 I SurfaceControl: nativeRelease nativeObject s[535556339360]
08-24 14:43:56.015  4585  7096 I SurfaceControl: nativeRelease nativeObject e[535556339360]
08-24 14:43:56.018  4226  4251 I Layer   : id=88772 removeFromCurrentState ActivityRecord{fc772b6 u0 com.example.dogglers/androidx.test.core.app.InstrumentationActivityInvoker$BootstrapActivity t1578}#0 (74)
08-24 14:43:56.018  4226  4251 I SurfaceFlinger: id=88772 Removed ActivityRecord{fc772b6 u0 com.example.dogglers/androidx.test.core.app.InstrumentationActivityInvoker$BootstrapActivity t1578}#0 (74)
08-24 14:43:56.022 24159 24159 D LifecycleMonitor: Lifecycle status change: androidx.test.core.app.InstrumentationActivityInvoker$EmptyActivity@22bcc87 in: PRE_ON_CREATE
08-24 14:43:56.022 24159 24159 V ActivityScenario: Activity lifecycle changed event received but ignored because the intent does not match. startActivityIntent=Intent { act=android.intent.action.MAIN cat=[android.intent.category.LAUNCHER] cmp=com.example.dogglers/.VerticalListActivity }, activity.getIntent()=Intent { act=android.intent.action.MAIN cat=[android.intent.category.LAUNCHER] flg=0x10000000 cmp=com.example.dogglers/androidx.test.core.app.InstrumentationActivityInvoker$EmptyActivity }, activity=androidx.test.core.app.InstrumentationActivityInvoker$EmptyActivity@22bcc87
08-24 14:43:56.023 24391 24391 I SB_Receiver: action : com.samsung.android.sm.security.service.ACTION_SERVICE_STATUS_CHANGED
08-24 14:43:56.030 24159 24159 I DecorView: [INFO] isPopOver=false, config=true
08-24 14:43:56.030 24159 24159 I DecorView: updateCaptionType >> DecorView@c4a2fdd[], isFloating=false, isApplication=true, hasWindowDecorCaption=false, hasWindowControllerCallback=true
08-24 14:43:56.030 24159 24159 D DecorView: setCaptionType = 0, this = DecorView@c4a2fdd[]
08-24 14:43:56.032  4226  4226 I Layer   : id=88772[1] Destroyed ActivityRecord{fc772b6 u0 com.example.dogglers/androidx.test.core.app.InstrumentationActivityInvoker$BootstrapActivity t1578}#0
08-24 14:43:56.033  4585  7096 I InputDispatcher: Focus left window (24159): 5f891c5 in display 0 0
08-24 14:43:56.035 24159 24159 D LifecycleMonitor: Lifecycle status change: androidx.test.core.app.InstrumentationActivityInvoker$EmptyActivity@22bcc87 in: CREATED
08-24 14:43:56.035 24159 24159 V ActivityScenario: Activity lifecycle changed event received but ignored because the intent does not match. startActivityIntent=Intent { act=android.intent.action.MAIN cat=[android.intent.category.LAUNCHER] cmp=com.example.dogglers/.VerticalListActivity }, activity.getIntent()=Intent { act=android.intent.action.MAIN cat=[android.intent.category.LAUNCHER] flg=0x10000000 cmp=com.example.dogglers/androidx.test.core.app.InstrumentationActivityInvoker$EmptyActivity }, activity=androidx.test.core.app.InstrumentationActivityInvoker$EmptyActivity@22bcc87
08-24 14:43:56.036 24391 24759 I SB_Processor: action : com.samsung.android.sm.security.service.ACTION_SERVICE_STATUS_CHANGED
08-24 14:43:56.036 24391 24759 I SB_BgScanServiceCompleted : name : background_scan, status  : completed
08-24 14:43:56.038 24159 24159 D LifecycleMonitor: Lifecycle status change: androidx.test.core.app.InstrumentationActivityInvoker$EmptyActivity@22bcc87 in: STARTED
08-24 14:43:56.038 24159 24159 V ActivityScenario: Activity lifecycle changed event received but ignored because the intent does not match. startActivityIntent=Intent { act=android.intent.action.MAIN cat=[android.intent.category.LAUNCHER] cmp=com.example.dogglers/.VerticalListActivity }, activity.getIntent()=Intent { act=android.intent.action.MAIN cat=[android.intent.category.LAUNCHER] flg=0x10000000 cmp=com.example.dogglers/androidx.test.core.app.InstrumentationActivityInvoker$EmptyActivity }, activity=androidx.test.core.app.InstrumentationActivityInvoker$EmptyActivity@22bcc87
08-24 14:43:56.068 24159 24159 D LifecycleMonitor: Lifecycle status change: androidx.test.core.app.InstrumentationActivityInvoker$EmptyActivity@22bcc87 in: RESUMED
08-24 14:43:56.069 24159 24159 V ActivityScenario: Activity lifecycle changed event received but ignored because the intent does not match. startActivityIntent=Intent { act=android.intent.action.MAIN cat=[android.intent.category.LAUNCHER] cmp=com.example.dogglers/.VerticalListActivity }, activity.getIntent()=Intent { act=android.intent.action.MAIN cat=[android.intent.category.LAUNCHER] flg=0x10000000 cmp=com.example.dogglers/androidx.test.core.app.InstrumentationActivityInvoker$EmptyActivity }, activity=androidx.test.core.app.InstrumentationActivityInvoker$EmptyActivity@22bcc87
08-24 14:43:56.072  4585  7096 D InputTransport: Input channel constructed: '275a7a ', fd=697
08-24 14:43:56.073  4585  7096 D InputTransport: Input channel constructed: '275a7a ', fd=701
08-24 14:43:56.073  4226  4248 I SurfaceFlinger: id=88797 createSurf (0x0),-1 flag=80004, 275a7a com.example.dogglers/androidx.test.core.app.InstrumentationActivityInvoker$EmptyActivity#0
08-24 14:43:56.074  4585  7096 D WindowManager: isScreenshotDisabledLocked - win: Window{275a7a u0 com.example.dogglers/androidx.test.core.app.InstrumentationActivityInvoker$EmptyActivity}
08-24 14:43:56.074  4585  7096 D WindowManager: isScreenshotDisabledLocked: userId = 0, disabled =false
08-24 14:43:56.074  4585  7096 D InputTransport: Input channel destroyed: '275a7a ', fd=701
08-24 14:43:56.074 24159 24159 D InputTransport: Input channel constructed: '275a7a ', fd=89
08-24 14:43:56.076 24159 24159 I ViewRootImpl@1874b20[InstrumentationActivityInvoker$EmptyActivity]: setView = com.android.internal.policy.DecorView@c4a2fdd TM=true
08-24 14:43:56.087  4585  5390 V WindowManager: Relayout Window{275a7a u0 com.example.dogglers/androidx.test.core.app.InstrumentationActivityInvoker$EmptyActivity}: viewVisibility=0 req=1080x2340
08-24 14:43:56.089  4585  5390 D WindowManager: isScreenshotDisabledLocked - win: Window{275a7a u0 com.example.dogglers/androidx.test.core.app.InstrumentationActivityInvoker$EmptyActivity}
08-24 14:43:56.089  4585  5390 D WindowManager: isScreenshotDisabledLocked: userId = 0, disabled =false
08-24 14:43:56.089  4226  4248 I SurfaceFlinger: id=88798 createSurf (1080x2340),1 flag=404, com.example.dogglers/androidx.test.core.app.InstrumentationActivityInvoker$EmptyActivity$_24159#1
08-24 14:43:56.091 24391 24759 I SB_BgScanServiceCompleted : No threats detected.
08-24 14:43:56.091  4585  5390 I SurfaceControl: nativeRelease nativeObject s[535581377536]
08-24 14:43:56.091  4585  5390 I SurfaceControl: nativeRelease nativeObject e[535581377536]
08-24 14:43:56.091  4226  4248 I SurfaceFlinger: id=88799 createSurf (0x0),-1 flag=24000, Surface(name=e455c2d StatusBar)/@0x2f65071 - animation-leash#1
08-24 14:43:56.091  9865  9865 I TrayStateController: systemUiVisibilityChanged : 0 0
08-24 14:43:56.092  4585  5390 I SurfaceControl: nativeRelease nativeObject s[535581379360]
08-24 14:43:56.092  4585  5390 I SurfaceControl: nativeRelease nativeObject e[535581379360]
08-24 14:43:56.092  4226  4248 I SurfaceFlinger: id=88800 createSurf (0x0),-1 flag=24000, Surface(name=a71bb8f NavigationBar0)/@0x8f38906 - animation-leash#1
08-24 14:43:56.094  4585  5390 V WindowManager: Relayout hash=275a7a, pid=24159: mAttrs={(0,0)(fillxfill) sim={adjust=pan forwardNavigation} ty=BASE_APPLICATION wanim=0x1030001
08-24 14:43:56.094  4585  5390 V WindowManager:   fl=1810100
08-24 14:43:56.094  4585  5390 V WindowManager:   pfl=12020000
08-24 14:43:56.094  4585  5390 V WindowManager:   apr=LIGHT_NAVIGATION_BARS
08-24 14:43:56.094  4585  5390 V WindowManager:   fitSides= naviIconColor=0
08-24 14:43:56.094  4585  5390 V WindowManager:   sfl=100000}
08-24 14:43:56.095  4585  5390 I SurfaceControl: nativeRelease nativeObject s[535556872608]
08-24 14:43:56.095  4585  5390 I SurfaceControl: nativeRelease nativeObject e[535556872608]
08-24 14:43:56.096 24159 24159 I SurfaceControl: assignNativeObject: nativeObject = 0 Surface(name=null)/@0xa3eecd9 / android.view.SurfaceControl.readFromParcel:1117 android.view.IWindowSession$Stub$Proxy.relayout:1820 android.view.ViewRootImpl.relayoutWindow:9005 android.view.ViewRootImpl.performTraversals:3360 android.view.ViewRootImpl.doTraversal:2618 android.view.ViewRootImpl$TraversalRunnable.run:9971 android.view.Choreographer$CallbackRecord.run:1010 android.view.Choreographer.doCallbacks:809 android.view.Choreographer.doFrame:744 android.view.Choreographer$FrameDisplayEventReceiver.run:995
08-24 14:43:56.097 24159 24159 I ViewRootImpl@1874b20[InstrumentationActivityInvoker$EmptyActivity]: Relayout returned: old=(0,0,1080,2340) new=(0,0,1080,2340) req=(1080,2340)0 dur=11 res=0x7 s={true 535652712448} ch=true fn=-1
08-24 14:43:56.099  4226  4251 I Layer   : id=88792 removeFromCurrentState Surface(name=e455c2d StatusBar)/@0x2f65071 - animation-leash#0 (77)
08-24 14:43:56.099  4226  4251 I Layer   : id=88793 removeFromCurrentState Surface(name=a71bb8f NavigationBar0)/@0x8f38906 - animation-leash#0 (77)
08-24 14:43:56.101 24159 24159 I ViewRootImpl@1874b20[InstrumentationActivityInvoker$EmptyActivity]: [DP] dp(1) 1 android.view.ViewRootImpl.reportNextDraw:10957 android.view.ViewRootImpl.performTraversals:3845 android.view.ViewRootImpl.doTraversal:2618
08-24 14:43:56.101 24159 24159 I ViewRootImpl@1874b20[InstrumentationActivityInvoker$EmptyActivity]: [DP] pd() Asnyc report
08-24 14:43:56.101  4159 16850 D gralloc : [mali_gralloc_allocate] begin
08-24 14:43:56.101  4159 16850 D gralloc : buffer_descriptor: wh(1080 2340) usage_pc(0x40000000000b00 0x40000000000b00) hal_format(0x1) layer_count(1) sizes(0 0 0) strde(0) byte_stride(0) alloc_wh(0 0) internal_format(0x0) alloc_format(0x0) fd_count(1) plane_count(0)
08-24 14:43:56.104  4159 16850 D gralloc : [mali_gralloc_allocate] allocation successful
08-24 14:43:56.105  4159 16850 D gralloc : [mali_gralloc_allocate] begin
08-24 14:43:56.105  4159 16850 D gralloc : buffer_descriptor: wh(1080 2340) usage_pc(0x40000000000b00 0x40000000000b00) hal_format(0x1) layer_count(1) sizes(0 0 0) strde(0) byte_stride(0) alloc_wh(0 0) internal_format(0x0) alloc_format(0x0) fd_count(1) plane_count(0)
08-24 14:43:56.106  4159 16850 D gralloc : [mali_gralloc_allocate] allocation successful
08-24 14:43:56.106  4159 16850 D gralloc : [mali_gralloc_allocate] begin
08-24 14:43:56.106  4159 16850 D gralloc : buffer_descriptor: wh(1080 2340) usage_pc(0x40000000000b00 0x40000000000b00) hal_format(0x1) layer_count(1) sizes(0 0 0) strde(0) byte_stride(0) alloc_wh(0 0) internal_format(0x0) alloc_format(0x0) fd_count(1) plane_count(0)
08-24 14:43:56.108 24159 24159 I ViewRootImpl@1874b20[InstrumentationActivityInvoker$EmptyActivity]: [DP] pdf(0) 1 android.view.ViewRootImpl.lambda$performDraw$1$ViewRootImpl:4668 android.view.-$$Lambda$ViewRootImpl$DJd0VUYJgsebcnSohO6h8zc_ONI.run:6 android.os.Handler.handleCallback:938
08-24 14:43:56.108 24159 24159 I ViewRootImpl@1874b20[InstrumentationActivityInvoker$EmptyActivity]: [DP] rdf()
08-24 14:43:56.109  4159 16850 D gralloc : [mali_gralloc_allocate] allocation successful
08-24 14:43:56.109 24159 24159 I ViewRootImpl@76e111c[InstrumentationActivityInvoker$EmptyActivity]: MSG_WINDOW_FOCUS_CHANGED 0 1
08-24 14:43:56.110 24159 24159 I SurfaceControl: nativeRelease nativeObject s[537816933696]
08-24 14:43:56.110 24159 24159 I SurfaceControl: nativeRelease nativeObject e[537816933696]
08-24 14:43:56.110 24159 24159 I SurfaceControl: nativeRelease nativeObject s[537816933504]
08-24 14:43:56.110 24159 24159 I SurfaceControl: nativeRelease nativeObject e[537816933504]
08-24 14:43:56.110 24159 24159 I SurfaceControl: nativeRelease nativeObject s[537816933408]
08-24 14:43:56.110 24159 24159 I SurfaceControl: nativeRelease nativeObject e[537816933408]
08-24 14:43:56.110  4226  4251 I SurfaceFlinger: id=88793 Removed Surface(name=a71bb8f NavigationBar0)/@0x8f38906 - animation-leash#0 (77)
08-24 14:43:56.111  4226  4601 I SurfaceFlinger: id=88792 Removed Surface(name=e455c2d StatusBar)/@0x2f65071 - animation-leash#0 (77)
08-24 14:43:56.112  4585  4613 D PkgPredictorService: pkg:com.example.dogglers activity:androidx.test.core.app.InstrumentationActivityInvoker$EmptyActivity thisTime:126
08-24 14:43:56.114  4585  4613 I SemDvfsHyPerManager: acquire hyper - AMS_RESUME_TAIL/4585@18, type = -999
08-24 14:43:56.114  4585  4617 I ActivityTaskManager: Displayed com.example.dogglers/androidx.test.core.app.InstrumentationActivityInvoker$EmptyActivity: +126ms
08-24 14:43:56.114  4585  4613 I SemDvfsHyPerManager: acquire hyper - AMS_ACT_LAZY/4585@19, type = -999
08-24 14:43:56.114  4175  4211 I HYPER-HAL: [RequestManager.cpp]acquire(): Acquired ID : 10596124  [4585 / 18]    HINT : AMS_RESUME_TAIL    list :
08-24 14:43:56.114  4175  4211 I HYPER-HAL: [ResourceManager.cpp]updateResource(): [CPUMinFreq] UpdateResource Request ID : 10596124    Value : 1768000
08-24 14:43:56.115  4175  4211 I HYPER-HAL: [RequestManager.cpp]acquire(): Acquired ID : 10600729  [4585 / 19]    HINT :      list :
08-24 14:43:56.115  4226  4226 I Layer   : id=88792[1] Destroyed Surface(name=e455c2d StatusBar)/@0x2f65071 - animation-leash#0
08-24 14:43:56.115  4226  4226 I Layer   : id=88793[1] Destroyed Surface(name=a71bb8f NavigationBar0)/@0x8f38906 - animation-leash#0
08-24 14:43:56.115  4175  4211 E HYPER-HAL: [Request.cpp]acquire(): Request:: id : 10600729, No Resource to set
08-24 14:43:56.115  4175  4211 I HYPER-HAL: [ResourceManager.cpp]removeResource(): [CPUMinFreq] RemoveResource Request ID : 10586917
08-24 14:43:56.116  4175  4211 I HYPER-HAL: [RequestManager.cpp]releaseLocked(): Released ID : 10586917
08-24 14:43:56.132  4585  7096 I InputDispatcher: Focus entered window (24159): 275a7a  in display 0 0
08-24 14:43:56.134  4226  4248 E BufferQueueProducer: [com.example.dogglers/androidx.test.core.app.InstrumentationActivityInvoker$EmptyActivity$_24159#0](id:108200004988,api:0,p:-1,c:4226) disconnect: not connected (req=1)
08-24 14:43:56.134 24159 24214 W libEGL  : EGLNativeWindowType 0x7cb763a010 disconnect failed
08-24 14:43:56.135  4585  7096 V WindowManager: Relayout Window{5f891c5 u0 com.example.dogglers/androidx.test.core.app.InstrumentationActivityInvoker$EmptyActivity}: viewVisibility=8 req=1080x2340
08-24 14:43:56.138  4585  7096 V WindowManager: Relayout hash=5f891c5, pid=24159: mAttrs={(0,0)(fillxfill) sim={adjust=pan forwardNavigation} ty=BASE_APPLICATION wanim=0x1030001
08-24 14:43:56.138  4585  7096 V WindowManager:   fl=1810100
08-24 14:43:56.138  4585  7096 V WindowManager:   pfl=12020000
08-24 14:43:56.138  4585  7096 V WindowManager:   apr=LIGHT_NAVIGATION_BARS
08-24 14:43:56.138  4585  7096 V WindowManager:   fitSides= naviIconColor=0
08-24 14:43:56.138  4585  7096 V WindowManager:   sfl=100000}
08-24 14:43:56.138  4226  4226 D SurfaceFlinger: Display 0 HWC layers:
08-24 14:43:56.138  4226  4226 D SurfaceFlinger:      DEVICE | 0x77ae646000 | 0002 | RGBA_8888    |    0.0    0.0 1080.0 2340.0 |    0    0 1080 2340 | com.example.dogglers/androidx.test.c[...]tivityInvoker$EmptyActivity$_24159#1
08-24 14:43:56.138  4226  4226 D SurfaceFlinger:      DEVICE | 0x77ce815e00 | 0000 | RGBA_8888    |    0.0    0.0 1080.0   83.0 |    0    0 1080   83 | StatusBar$_4896#0
08-24 14:43:56.138  4226  4226 D SurfaceFlinger:      DEVICE | 0x77ce8157c0 | 0000 | RGBA_8888    |    0.0    0.0   67.0  342.0 |    0  746   67 1088 | com.samsung.android.app.cocktailbars[...]arservice.CocktailBarService$_9865#0
08-24 14:43:56.138  4226  4226 D SurfaceFlinger:      DEVICE | 0x7851238200 | 0000 | RGBA_8888    |    0.0    0.0  388.0   39.0 |  692 2301 1080 2340 | SGestureOverlayWindow$_5408#0
08-24 14:43:56.138  4226  4226 D SurfaceFlinger:      DEVICE | 0x77ce816a80 | 0000 | RGBA_8888    |    0.0    0.0 1080.0  126.0 |    0 2214 1080 2340 | NavigationBar0$_4896#0
08-24 14:43:56.138  4226  4226 D SurfaceFlinger:      DEVICE | 0x77ce814b40 | 0000 | RGBA_8888    |    0.0    0.0 1080.0  151.0 |    0    0 1080  151 | ScreenDecorOverlay$_4896#0
08-24 14:43:56.138  4226  4226 D SurfaceFlinger:      DEVICE | 0x77ce817d40 | 0000 | RGBA_8888    |    0.0    0.0 1080.0  151.0 |    0 2189 1080 2340 | ScreenDecorOverlayBottom$_
08-24 14:43:56.138  4226  4226 D SurfaceFlinger: 4896#0
08-24 14:43:56.138  4226  4226 D SurfaceFlinger:
08-24 14:43:56.139 24159 24159 I SurfaceControl: nativeRelease nativeObject s[537714021088]
08-24 14:43:56.139 24159 24159 I SurfaceControl: nativeRelease nativeObject e[537714021088]
08-24 14:43:56.139 24159 24159 I SurfaceControl: assignNativeObject: nativeObject = 0 Surface(name=null)/@0x1cb269e / android.view.SurfaceControl.readFromParcel:1117 android.view.IWindowSession$Stub$Proxy.relayout:1810 android.view.ViewRootImpl.relayoutWindow:9005 android.view.ViewRootImpl.performTraversals:3360 android.view.ViewRootImpl.doTraversal:2618 android.view.ViewRootImpl$TraversalRunnable.run:9971 android.view.Choreographer$CallbackRecord.run:1010 android.view.Choreographer.doCallbacks:809 android.view.Choreographer.doFrame:744 android.view.Choreographer$FrameDisplayEventReceiver.run:995
08-24 14:43:56.140 24159 24159 I SurfaceControl: assignNativeObject: nativeObject = 0 Surface(name=null)/@0xabc0125 / android.view.SurfaceControl.readFromParcel:1117 android.view.IWindowSession$Stub$Proxy.relayout:1820 android.view.ViewRootImpl.relayoutWindow:9005 android.view.ViewRootImpl.performTraversals:3360 android.view.ViewRootImpl.doTraversal:2618 android.view.ViewRootImpl$TraversalRunnable.run:9971 android.view.Choreographer$CallbackRecord.run:1010 android.view.Choreographer.doCallbacks:809 android.view.Choreographer.doFrame:744 android.view.Choreographer$FrameDisplayEventReceiver.run:995
08-24 14:43:56.140 24159 24159 I SurfaceControl: nativeRelease nativeObject s[537816933888]
08-24 14:43:56.140 24159 24159 I SurfaceControl: nativeRelease nativeObject e[537816933888]
08-24 14:43:56.141 24159 24159 I ViewRootImpl@76e111c[InstrumentationActivityInvoker$EmptyActivity]: Relayout returned: old=(0,0,1080,2340) new=(0,0,1080,2340) req=(1080,2340)8 dur=6 res=0x5 s={false 0} ch=true fn=2
08-24 14:43:56.143  4142  4142 I Zygote  : Process 22776 exited due to signal 9 (Killed)
08-24 14:43:56.147  4585  4621 I libprocessgroup: Successfully killed process cgroup uid 10008 pid 22776 in 48ms
08-24 14:43:56.161  4585  4635 D FastTrack: setFastTrackState: pid = 21625 ;tid= 21625 ;value= 1
08-24 14:43:56.162  4585  4635 D FastTrack: setFastTrackState: pid = 21625 ;tid= 21862 ;value= 1
08-24 14:43:56.164 24159 24159 I ViewRootImpl@1874b20[InstrumentationActivityInvoker$EmptyActivity]: MSG_WINDOW_FOCUS_CHANGED 1 1
08-24 14:43:56.164 24159 24159 D InputMethodManager: prepareNavigationBarInfo() DecorView@c4a2fdd[InstrumentationActivityInvoker$EmptyActivity]
08-24 14:43:56.164 24159 24159 D InputMethodManager: getNavigationBarColor() -855310
08-24 14:43:56.165 24159 24159 D InputMethodManager: prepareNavigationBarInfo() DecorView@c4a2fdd[InstrumentationActivityInvoker$EmptyActivity]
08-24 14:43:56.165 24159 24159 D InputMethodManager: getNavigationBarColor() -855310
08-24 14:43:56.165 24159 24159 V InputMethodManager: Starting input: tba=com.example.dogglers ic=null mNaviBarColor -855310 mIsGetNaviBarColorSuccess true , NavVisible : true , NavTrans : false
08-24 14:43:56.165 24159 24159 D InputMethodManager: startInputInner - Id : 0
08-24 14:43:56.165 24159 24159 I InputMethodManager: startInputInner - mService.startInputOrWindowGainedFocus
08-24 14:43:56.166  4585  7096 D InputMethodManagerService: mSecureKeypadEnabled = false
08-24 14:43:56.167  4585  5390 I InputDispatcher: Focus left window (24159): 275a7a  in display 0 0
08-24 14:43:56.168  4585  7096 V InputMethodManagerService: hideCurrentInputLocked : shouldHideSoftInput is false
08-24 14:43:56.168  4585  7096 D InputMethodManagerService: mDesktopModeManager null!
08-24 14:43:56.168  4585  7096 V InputMethodManagerService: getDisplayIdOfInputMethodWindowToBeAdded : 0
08-24 14:43:56.168 21625 21625 I SurfaceView: onWindowVisibilityChanged(4) false android.view.SurfaceView{c9edee9 V.E...... ......ID 0,0-1080,607} of ViewRootImpl@b7edacd[WatchWhileActivity]
08-24 14:43:56.169  4585  7096 D InputMethodManagerService: checkDisplayOfStartInputAndUpdateKeyboard display Id 0last 0
08-24 14:43:56.169  4585  7096 D InputTransport: Input channel constructed: 'ClientS', fd=717
08-24 14:43:56.169  4585  7096 D InputTransport: Input channel destroyed: 'ClientS', fd=717
08-24 14:43:56.170 24159 24159 D InputTransport: Input channel constructed: 'ClientS', fd=92
08-24 14:43:56.170  4585  7096 V WindowManager: Relayout Window{911a194 u0 com.google.android.youtube/com.google.android.apps.youtube.app.watchwhile.WatchWhileActivity}: viewVisibility=4 req=1080x2340
08-24 14:43:56.170 24159 24159 D InputTransport: Input channel destroyed: 'ClientS', fd=80
08-24 14:43:56.171  4585  4820 D PkgPredictorService: com.google.android.youtube go to foreground!
08-24 14:43:56.171  4585  4820 E PkgPredictorService-Collector: record changed bt=0  wifi=0 screen=0
08-24 14:43:56.171  4585  4820 D PkgPredictorService: previous pkgs: com.google.android.youtube,com.example.dogglers,com.google.android.youtube running pkg: com.google.android.youtube, uid: 0 is system: true
08-24 14:43:56.171 24159 24159 I ViewRootImpl@76e111c[InstrumentationActivityInvoker$EmptyActivity]: stopped(true) old=false
08-24 14:43:56.172  4585  4820 D PkgPredictorService-Collector: save record...
08-24 14:43:56.172  4585  4820 D PkgPredictorService-Collector:  (hour:14 day:4 previous:[com.google.android.youtube, com.example.dogglers, com.google.android.youtube] activityName:unknown running:com.google.android.youtube userId:0 screenOrientation:0 wifi:0 bt:0 predictTime:2 apkVersion:17.28.34 consumeTime:-1 preloaded:false>)
08-24 14:43:56.172  4585  4820 D PkgPredictorService-NapPreloadController: User using: com.google.android.youtube
08-24 14:43:56.172  4585  4820 I PkgPredictorService-NapClassifier: RF predict version:1661289077471
08-24 14:43:56.172 24159 24159 D LifecycleMonitor: Lifecycle status change: androidx.test.core.app.InstrumentationActivityInvoker$EmptyActivity@334ce43 in: STOPPED
08-24 14:43:56.173 24159 24159 V ActivityScenario: Activity lifecycle changed event received but ignored because the intent does not match. startActivityIntent=Intent { act=android.intent.action.MAIN cat=[android.intent.category.LAUNCHER] cmp=com.example.dogglers/.VerticalListActivity }, activity.getIntent()=Intent { act=android.intent.action.MAIN cat=[android.intent.category.LAUNCHER] flg=0x10000000 cmp=com.example.dogglers/androidx.test.core.app.InstrumentationActivityInvoker$EmptyActivity }, activity=androidx.test.core.app.InstrumentationActivityInvoker$EmptyActivity@334ce43
08-24 14:43:56.173  4585  4820 D PkgPredictorService-NapClassifier: Predict result: 144.0,162.0,143.0, - [0_&_org.telegram.plus, 0_&_com.samsung.android.dialer, 0_&_com.sec.android.app.clockpackage]
08-24 14:43:56.175  4585  7096 V WindowOrientationListener: getProposedRotation: -1
08-24 14:43:56.175  4585  4610 D SehCodecSolutionService: Update top [com.google.android.youtube]
08-24 14:43:56.176  4585  7096 V WindowManager: Relayout hash=911a194, pid=21625: mAttrs={(0,0)(fillxfill) sim={adjust=resize} layoutInDisplayCutoutMode=shortEdges ty=BASE_APPLICATION fmt=TRANSLUCENT wanim=0x1030304 sysuil=true
08-24 14:43:56.176  4585  7096 V WindowManager:   fl=81810100
08-24 14:43:56.176  4585  7096 V WindowManager:   pfl=12020000
08-24 14:43:56.176  4585  7096 V WindowManager:   vsysui=3710
08-24 14:43:56.176  4585  7096 V WindowManager:   apr=LIGHT_STATUS_BARS LIGHT_NAVIGATION_BARS
08-24 14:43:56.176  4585  7096 V WindowManager:   bhv=SHOW_TRANSIENT_BARS_BY_SWIPE
08-24 14:43:56.176  4585  7096 V WindowManager:   fitSides= naviIconColor=0}
08-24 14:43:56.177 21625 21625 I SurfaceControl: assignNativeObject: nativeObject = 0 Surface(name=null)/@0x10ea726 / android.view.SurfaceControl.readFromParcel:1117 android.view.IWindowSession$Stub$Proxy.relayout:1810 android.view.ViewRootImpl.relayoutWindow:9005 android.view.ViewRootImpl.performTraversals:3360 android.view.ViewRootImpl.doTraversal:2618 android.view.ViewRootImpl$TraversalRunnable.run:9971 android.view.Choreographer$CallbackRecord.run:1010 android.view.Choreographer.doCallbacks:809 android.view.Choreographer.doFrame:744 android.view.Choreographer$FrameDisplayEventReceiver.run:995
08-24 14:43:56.177 21625 21625 I SurfaceControl: assignNativeObject: nativeObject = 0 Surface(name=null)/@0x3a5f6d6 / android.view.SurfaceControl.readFromParcel:1117 android.view.IWindowSession$Stub$Proxy.relayout:1820 android.view.ViewRootImpl.relayoutWindow:9005 android.view.ViewRootImpl.performTraversals:3360 android.view.ViewRootImpl.doTraversal:2618 android.view.ViewRootImpl$TraversalRunnable.run:9971 android.view.Choreographer$CallbackRecord.run:1010 android.view.Choreographer.doCallbacks:809 android.view.Choreographer.doFrame:744 android.view.Choreographer$FrameDisplayEventReceiver.run:995
08-24 14:43:56.178 21625 21625 I ViewRootImpl@b7edacd[WatchWhileActivity]: Relayout returned: old=(0,0,1080,2340) new=(0,0,1080,2340) req=(1080,2340)4 dur=7 res=0x1 s={false 0} ch=false fn=-1
08-24 14:43:56.179 15874 15932 I Rubin   : [164608] LoggingEventHelper.notifyUpdatedWithValue(LoggingEventHelper.java:58) : Notify AppUsageLogger's database is updated.
08-24 14:43:56.180  4585  5390 I SurfaceControl: nativeRelease nativeObject s[535557013920]
08-24 14:43:56.180  4585  5390 I SurfaceControl: nativeRelease nativeObject e[535557013920]
08-24 14:43:56.181  4226  4248 I SurfaceFlinger: id=88801 createSurf (0x0),-1 flag=24004, Surface(name=a3a0629 InputMethod)/@0x54f474f - animation-leash#0
08-24 14:43:56.186  7388  7388 I HBD     : HoneyBoardService onFinishInput
08-24 14:43:56.186  7388  7388 I HBD     : a IC have been unbinded,  InputConnectionWrapper{idHash=#936dda6 mMissingMethods=}
08-24 14:43:56.187  7388  7388 I HBD     : HoneyBoardService [PF_CL][onFinishInput]  528384 ns
08-24 14:43:56.187  4226  4248 I Layer   : id=88795 removeFromCurrentState Surface(name=a3a0629 InputMethod)/@0x54f474f - animation-leash#1 (76)
08-24 14:43:56.187  7388  7388 I HBD     : HoneyBoardService [IMI] onStartInput - caller pid : 24159 , caller uid : 10574
08-24 14:43:56.187  7388  7388 I HBD     : i updateConfigs
08-24 14:43:56.187  7388  7388 I HBD     : i isEnabledNightMode : false
08-24 14:43:56.188  7388  7388 I HBD     : a IC have been binded, InputConnectionWrapper{idHash=#936dda6 mMissingMethods=}
08-24 14:43:56.188  7388  7388 I HBD     : h [EditorInputType]setPrivateImeOptionsToTable privateImeOptions ( null )
08-24 14:43:56.188  7388  7388 I HBD     : b incognitoMode : false
08-24 14:43:56.190  7388  7388 I HBD     : a needOff = true , isForceOff = false, isNullInputClass : true
08-24 14:43:56.190 24159 24159 D LifecycleMonitor: Lifecycle status change: androidx.test.core.app.InstrumentationActivityInvoker$EmptyActivity@334ce43 in: DESTROYED
08-24 14:43:56.190 24159 24159 V ActivityScenario: Activity lifecycle changed event received but ignored because the intent does not match. startActivityIntent=Intent { act=android.intent.action.MAIN cat=[android.intent.category.LAUNCHER] cmp=com.example.dogglers/.VerticalListActivity }, activity.getIntent()=Intent { act=android.intent.action.MAIN cat=[android.intent.category.LAUNCHER] flg=0x10000000 cmp=com.example.dogglers/androidx.test.core.app.InstrumentationActivityInvoker$EmptyActivity }, activity=androidx.test.core.app.InstrumentationActivityInvoker$EmptyActivity@334ce43
08-24 14:43:56.191  4217  4605 V APM_AudioPolicyManager: setAppState(portId:11856, state:1)
08-24 14:43:56.191  4175 24737 I HYPER-HAL: [ResourceManager.cpp]removeResource(): [CPUMinFreq] RemoveResource Request ID : 10614550
08-24 14:43:56.191  4217  4605 V APM_AudioPolicyManager: setAppState(portId:11883, state:2)
08-24 14:43:56.191 24159 24159 I ViewRootImpl@76e111c[InstrumentationActivityInvoker$EmptyActivity]: dispatchDetachedFromWindow
08-24 14:43:56.192  4175 24737 I HYPER-HAL: [RequestManager.cpp]releaseLocked(): Released ID : 10614550
08-24 14:43:56.192  4585  7034 D InputTransport: Input channel destroyed: '5f891c5', fd=691
08-24 14:43:56.192  4217  4605 V APM_AudioPolicyManager: setAppState(portId:11856, state:1)
08-24 14:43:56.192  4217  4605 V APM_AudioPolicyManager: setAppState(portId:11883, state:2)
08-24 14:43:56.192  4585  7034 I SurfaceControl: nativeRelease nativeObject s[535556340800]
08-24 14:43:56.192  4585  7034 I SurfaceControl: nativeRelease nativeObject e[535556340800]
08-24 14:43:56.192  4585  7034 D WindowManager: isScreenshotDisabledLocked - win: Window{5f891c5 u0 com.example.dogglers/androidx.test.core.app.InstrumentationActivityInvoker$EmptyActivity}
08-24 14:43:56.192  4585  7034 D WindowManager: isScreenshotDisabledLocked: userId = 0, disabled =false
08-24 14:43:56.192  7388  7388 I HBD     : h getDefaultInputRange : UNKNOWN
08-24 14:43:56.192  7388  7388 I HBD     : h getDefaultInputRange : UNKNOWN
08-24 14:43:56.192  7388  7388 I HBD     : h getDefaultInputRange : UNKNOWN
08-24 14:43:56.192  4585  7034 I SurfaceControl: nativeRelease nativeObject s[535565834048]
08-24 14:43:56.192  4585  7034 I SurfaceControl: nativeRelease nativeObject e[535565834048]
08-24 14:43:56.193  4226  4248 I Layer   : id=88791 removeFromCurrentState com.example.dogglers/androidx.test.core.app.InstrumentationActivityInvoker$EmptyActivity$_24159#0 (76)
08-24 14:43:56.193  4226  4248 I SurfaceFlinger: id=88791 Removed com.example.dogglers/androidx.test.core.app.InstrumentationActivityInvoker$EmptyActivity$_24159#0 (76)
08-24 14:43:56.194  4585  8021 D SdpManagerService: Not an enterprise user : 0
08-24 14:43:56.194  4585  8021 D SdpManagerService: Not an enterprise user : 0
08-24 14:43:56.195  4226  4248 I Layer   : id=88790 removeFromCurrentState 5f891c5 com.example.dogglers/androidx.test.core.app.InstrumentationActivityInvoker$EmptyActivity#0 (76)
08-24 14:43:56.195  7388  7388 I HBD     : h getDefaultInputRange : UNKNOWN
08-24 14:43:56.195  7388  7388 I HBD     : a currentState : 0
08-24 14:43:56.196 24159 24159 D InputTransport: Input channel destroyed: '5f891c5', fd=93
08-24 14:43:56.196  4226  4248 I SurfaceFlinger: id=88790 Removed 5f891c5 com.example.dogglers/androidx.test.core.app.InstrumentationActivityInvoker$EmptyActivity#0 (76)
08-24 14:43:56.197  4585  8021 I SurfaceControl: nativeRelease nativeObject s[535581077856]
08-24 14:43:56.197  4585  8021 I SurfaceControl: nativeRelease nativeObject e[535581077856]
08-24 14:43:56.198  7388  7388 I HBD     : h load selected json info : {"version":"1.0","currentLanguageOrder":0,"selected":[{"activeOptionList":["auto_replace","auto_spacing"],"engName":"Russian","id":3342336,"inputType":"qwerty","isUsed":true},{"activeOptionList":["auto_replace","auto_spacing"],"engName":"English","id":65537,"inputType":"qwerty","isUsed":true}]}
08-24 14:43:56.199  4226  4226 I Layer   : id=88790[1] Destroyed 5f891c5 com.example.dogglers/androidx.test.core.app.InstrumentationActivityInvoker$EmptyActivity#0
08-24 14:43:56.199  4226  4226 I Layer   : id=88791[1] Destroyed com.example.dogglers/androidx.test.core.app.InstrumentationActivityInvoker$EmptyActivity$_24159#0
08-24 14:43:56.201 15874 15932 I Rubin   : [164608] ExercisingWithCmhMonitor.isSatisfiedByCmh(ExercisingWithCmhMonitor.java:119) : isSatisfiedByCmh is false
08-24 14:43:56.201  7388  7388 I HBD     : a [UpdatePolicy] [post] a: 0 cl: 3342336 kit: [0/0] vt: 0 ir: 1
08-24 14:43:56.202  7388  7388 I HBD     : HoneyBoardService [PF_OP][onStartInput]  15255846 ns
08-24 14:43:56.204  4226  4248 I Layer   : id=88789 removeFromCurrentState ActivityRecord{a3cd836 u0 com.example.dogglers/androidx.test.core.app.InstrumentationActivityInvoker$EmptyActivity t1578}#0 (74)
08-24 14:43:56.204 24159 24159 D LifecycleMonitor: Lifecycle status change: androidx.test.core.app.InstrumentationActivityInvoker$EmptyActivity@22bcc87 in: PAUSED
08-24 14:43:56.204  4226  4248 I SurfaceFlinger: id=88789 Removed ActivityRecord{a3cd836 u0 com.example.dogglers/androidx.test.core.app.InstrumentationActivityInvoker$EmptyActivity t1578}#0 (74)
08-24 14:43:56.205 24159 24159 V ActivityScenario: Activity lifecycle changed event received but ignored because the intent does not match. startActivityIntent=Intent { act=android.intent.action.MAIN cat=[android.intent.category.LAUNCHER] cmp=com.example.dogglers/.VerticalListActivity }, activity.getIntent()=Intent { act=android.intent.action.MAIN cat=[android.intent.category.LAUNCHER] flg=0x10000000 cmp=com.example.dogglers/androidx.test.core.app.InstrumentationActivityInvoker$EmptyActivity }, activity=androidx.test.core.app.InstrumentationActivityInvoker$EmptyActivity@22bcc87
08-24 14:43:56.207  4585  7034 I SemDvfsHyPerManager: acquire hyper - AMS_ACT_RESUME/4585@33, type = -999
08-24 14:43:56.207  4175  4211 I HYPER-HAL: [RequestManager.cpp]acquire(): Acquired ID : 10665304  [4585 / 33]    HINT : AMS_ACT_RESUME    list :
08-24 14:43:56.208  4585  7034 D InputDispatcher: Focused application set to (0): 3890c50
08-24 14:43:56.209  4175  4211 I HYPER-HAL: [ResourceManager.cpp]updateResource(): [CPUMinFreq] UpdateResource Request ID : 10665304    Value : 1664000
08-24 14:43:56.209  4140  4146 E statsd  : Predicate -7037417284711607308 dropping data for dimension key (10)0x2010101->10574[I] (10)0x30000->*launch*[S]
08-24 14:43:56.209  4140  4146 E statsd  : Predicate 5980654721335871649 dropping data for dimension key (10)0x2010101->10574[I] (10)0x30000->*launch*[S]
08-24 14:43:56.209  4585  7034 V WindowOrientationListener: getProposedRotation: -1
08-24 14:43:56.210  4585  7034 V WindowOrientationListener: getProposedRotation: -1
08-24 14:43:56.210  4585  7034 V WindowOrientationListener: getProposedRotation: -1
08-24 14:43:56.211 21625 21625 I ViewRootImpl@b7edacd[WatchWhileActivity]: stopped(false) old=true
08-24 14:43:56.215 24159 24159 I ViewRootImpl@1874b20[InstrumentationActivityInvoker$EmptyActivity]: MSG_WINDOW_FOCUS_CHANGED 0 1
08-24 14:43:56.215  4226  4226 I Layer   : id=88789[1] Destroyed ActivityRecord{a3cd836 u0 com.example.dogglers/androidx.test.core.app.InstrumentationActivityInvoker$EmptyActivity t1578}#0
08-24 14:43:56.217 24159 24159 I SurfaceControl: nativeRelease nativeObject s[537714021088]
08-24 14:43:56.217 24159 24159 I SurfaceControl: nativeRelease nativeObject e[537714021088]
08-24 14:43:56.218  4585  5390 D SamsungIMMSHWKeyboard: isConnectedDexOnPC false
08-24 14:43:56.218 24159 24159 I SurfaceControl: nativeRelease nativeObject s[540360910144]
08-24 14:43:56.218 24159 24159 I SurfaceControl: nativeRelease nativeObject e[540360910144]
08-24 14:43:56.218 24159 24159 I SurfaceControl: nativeRelease nativeObject s[537785866496]
08-24 14:43:56.218 24159 24159 I SurfaceControl: nativeRelease nativeObject e[537785866496]
08-24 14:43:56.219 24159 24204 E TestRunner: failed: vertical_scroll_content_at_first_position(com.example.dogglers.VerticalListTests)
08-24 14:43:56.219 24159 24204 E TestRunner: ----- begin exception -----
08-24 14:43:56.220  4585  5390 D InputMethodManagerService: isImeSwitcherDisabledPackage : false
08-24 14:43:56.221 24159 24204 E TestRunner: androidx.test.espresso.NoMatchingViewException: No views in hierarchy found matching: an instance of android.widget.TextView and view.getText() with or without transformation to match: is "sunbathing"
08-24 14:43:56.221 24159 24204 E TestRunner:
08-24 14:43:56.221 24159 24204 E TestRunner: View Hierarchy:
08-24 14:43:56.221 24159 24204 E TestRunner: +>DecorView{id=-1, visibility=VISIBLE, width=1080, height=2340, has-focus=false, has-focusable=true, has-window-focus=true, is-clickable=false, is-enabled=true, is-focused=false, is-focusable=false, is-layout-requested=false, is-selected=false, layout-params={(0,0)(fillxfill) ty=BASE_APPLICATION wanim=0x1030304
08-24 14:43:56.221 24159 24204 E TestRunner:   fl=81810100
08-24 14:43:56.221 24159 24204 E TestRunner:   pfl=10020000
08-24 14:43:56.221 24159 24204 E TestRunner:   fitSides= naviIconColor=0
08-24 14:43:56.221 24159 24204 E TestRunner:   sfl=100000}, tag=null, root-is-layout-requested=false, has-input-connection=false, x=0.0, y=0.0, child-count=3}
08-24 14:43:56.221 24159 24204 E TestRunner: |
08-24 14:43:56.221 24159 24204 E TestRunner: +->LinearLayout{id=-1, visibility=VISIBLE, width=1080, height=2301, has-focus=false, has-focusable=true, has-window-focus=true, is-clickable=false, is-enabled=true, is-focused=false, is-focusable=false, is-layout-requested=false, is-selected=false, layout-params=android.widget.FrameLayout$LayoutParams@4445932, tag=null, root-is-layout-requested=false, has-input-connection=false, x=0.0, y=0.0, child-count=2}
08-24 14:43:56.221 24159 24204 E TestRunner: |
08-24 14:43:56.221 24159 24204 E TestRunner: +-->ViewStub{id=16908721, res-name=action_mode_bar_stub, visibility=GONE, width=0, height=0, has-focus=false, has-focusable=false, has-window-focus=true, is-clickable=false, is-enabled=true, is-focused=false, is-focusable=false, is-layout-requested=true, is-selected=false, layout-params=android.widget.LinearLayout$LayoutParams@2f36683, tag=null, root-is-layout-requested=false, has-input-connection=false, x=0.0, y=0.0}
08-24 14:43:56.221 24159 24204 E TestRunner: |
08-24 14:43:56.221 24159 24204 E TestRunner: +-->FrameLayout{id=-1, visibility=VISIBLE, width=1080, height=2218, has-focus=false, has-focusable=true, has-window-focus=true, is-clickable=false, is-enabled=true, is-focused=false, is-focusable=false, is-layout-requested=false, is-selected=false, layout-params=android.widget.LinearLayout$LayoutParams@a41f039, tag=null, root-is-layout-requested=false, has-input-connection=false, x=0.0, y=83.0, child-count=1}
08-24 14:43:56.221 24159 24204 E TestRunner: |
08-24 14:43:56.221 24159 24204 E TestRunner: +--->ActionBarOverlayLayout{id=2131230866, res-name=decor_content_parent, visibility=VISIBLE, width=1080, height=2218, has-focus=false, has-focusable=true, has-window-focus=true, is-clickable=false, is-enabled=true, is-focused=false, is-focusable=false, is-layout-requested=false, is-selected=false, layout-params=android.widget.FrameLayout$LayoutParams@fe1dc2c, tag=null, root-is-layout-requested=false, has-input-connection=false, x=0.0, y=0.0, child-count=2}
08-24 14:43:56.221 24159 24204 E TestRunner: |
08-24 14:43:56.221 24159 24204 E TestRunner: +---->ContentFrameLayout{id=16908290, res-name=content, visibility=VISIBLE, width=1080, height=2071, has-focus=false, has-focusable=true, has-window-focus=true, is-clickable=false, is-enabled=true, is-focused=false, is-focusable=false, is-layout-requested=false, is-selected=false, layout-params=androidx.appcompat.widget.ActionBarOverlayLayout$LayoutParams@1c9dc8a, tag=null, root-is-layout-requested=false, has-input-connection=false, x=0.0, y=147.0, child-count=1}
08-24 14:43:56.221 24159 24204 E TestRunner: |
08-24 14:43:56.221 24159 24204 E TestRunner: +----->FrameLayout{id=-1, visibility=VISIBLE, width=1080, height=2071, has-focus=false, has-focusable=true, has-window-focus=true, is-clickable=false, is-enabled=true, is-focused=false, is-focusable=false, is-layout-requested=false, is-selected=false, layout-params=android.widget.FrameLayout$LayoutParams@1a68f18, tag=null, root-is-layout-requested=false, has-input-connection=false, x=0.0, y=0.0, child-count=1}
08-24 14:43:56.221 24159 24204 E TestRunner: |
08-24 14:43:56.221 24159 24204 E TestRunner: +------>RecyclerView{id=2131231206, res-name=vertical_recycler_view, visibility=VISIBLE, width=1080, height=2071, has-focus=false, has-focusable=true, has-window-focus=true, is-clickable=false, is-enabled=true, is-focused=false, is-focusable=true, is-layout-requested=false, is-selected=false, layout-params=android.widget.FrameLayout$LayoutParams@e0184c4, tag=null, root-is-layout-requested=false, has-input-connection=false, x=0.0, y=0.0, child-count=3}
08-24 14:43:56.221 24159 24204 E TestRunner: |
08-24 14:43:56.221 24159 24204 E TestRunner: +------->MaterialCardView{id=-1, visibility=VISIBLE, width=1038, height=839, has-focus=false, has-focusable=false, has-window-focus=true, is-clickable=false, is-enabled=true, is-focused=false, is-focusable=false, is-layout-requested=false, is-selected=false, layout-params=androidx.recyclerview.widget.RecyclerView$LayoutParams@86172e2, tag=null, root-is-layout-requested=false, has-input-connection=false, x=21.0, y=21.0, is-checked=false, child-count=1}
08-24 14:43:56.221 24159 24204 E TestRunner: |
08-24 14:43:56.221 24159 24204 E TestRunner: +-------->ConstraintLayout{id=-1, visibility=VISIBLE, width=1038, height=839, has-focus=false, has-focusable=false, has-window-focus=true, is-clickable=false, is-enabled=true, is-focused=false, is-focusable=false, is-layout-requested=false, is-selected=false, layout-params=android.widget.FrameLayout$LayoutParams@b5486cf, tag=null, root-is-layout-requested=false, has-input-connection=false, x=0.0, y=0.0, child-count=4}
08-24 14:43:56.221 24159 24204 E TestRunner: |
08-24 14:43:56.221 24159 24204 E TestRunner: +--------->AppCompatImageView{id=2131230963, res-name=iv_dog, visibility=VISIBLE, width=1038, height=509, has-focus=false, has-focusable=false, has-window-focus=true, is-clickable=false, is-enabled=true, is-focused=false, is-focusable=false, is-layout-requested=false, is-selected=false, layout-params=androidx.constraintlayout.widget.ConstraintLayout$LayoutParams@72aa85c, tag=null, root-is-layout-requested=false, has-input-connection=false, x=0.0, y=0.0}
08-24 14:43:56.221 24159 24204 E TestRunner: |
08-24 14:43:56.221 24159 24204 E TestRunner: +--------->MaterialTextView{id=2131231198, res-name=tv_name, visibility=VISIBLE, width=1038, height=110, has-focus=false, has-focusable=false, has-window-focus=true, is-clickable=false, is-enabled=true, is-focused=false, is-focusable=false, is-layout-requested=false, is-selected=false, layout-params=androidx.constraintlayout.widget.ConstraintLayout$LayoutParams@f9de765, tag=null, root-is-layout-requested=false, has-input-connection=false, x=0.0, y=509.0, text=Tzeitel, input-type=0, ime-target=false, has-links=false}
08-24 14:43:56.221 24159 24204 E TestRunner: |
08-24 14:43:56.221 24159 24204 E TestRunner: +--------->MaterialTextView{id=2131231196, res-name=tv_dog_age, visibility=VISIBLE, width=1038, height=110, has-focus=false, has-focusable=false, has-window-focus=true, is-clickable=false, is-enabled=true, is-focused=false, is-focusable=false, is-layout-requested=false, is-selected=false, layout-params=androidx.constraintlayout.widget.ConstraintLayout$LayoutParams@fda7c3a, tag=null, root-is-layout-requested=false, has-input-connection=false, x=0.0, y=619.0, text=7, input-type=0, ime-target=false, has-links=false}
08-24 14:43:56.221 24159 24204 E TestRunner: |
08-24 14:43:56.221 24159 24204 E TestRunner: +--------->MaterialTextView{id=2131231197, res-name=tv_dog_hobby, visibility=VISIBLE, width=1038, height=110, has-focus=false, has-focusable=false, has-window-focus=true, is-clickable=false, is-enabled=true, is-focused=false, is-focusable=false, is-layout-requested=false, is-selected=false, layout-params=androidx.constraintlayout.widget.ConstraintLayout$LayoutParams@bcc0eb, tag=null, root-is-layout-requested=false, has-input-connection=false, x=0.0, y=729.0, text=Hobbies: sunbathing, input-type=0, ime-target=false, has-links=false}
08-24 14:43:56.221 24159 24204 E TestRunner: |
08-24 14:43:56.221 24159 24204 E TestRunner: +------->MaterialCardView{id=-1, visibility=VISIBLE, width=1038, height=907, has-focus=false, has-focusable=false, has-window-focus=true, is-clickable=false, is-enabled=true, is-focused=false, is-focusable=false, is-layout-requested=false, is-selected=false, layout-params=androidx.recyclerview.widget.RecyclerView$LayoutParams@80a94e1, tag=null, root-is-layout-requested=false, has-input-connection=false, x=21.0, y=902.0, is-checked=false, child-count=1}
08-24 14:43:56.221 24159 24204 E TestRunner: |
08-24 14:43:56.221 24159 24204 E TestRunner: +-------->ConstraintLayout{id=-1, visibility=VISIBLE, width=1038, height=907, has-focus=false, has-focusable=false, has-window-focus=true, is-clickable=false, is-enabled=true, is-focused=false, is-focusable=false, is-layout-requested=false, is-selected=false, layout-params=android.widget.FrameLayout$LayoutParams@e905892, tag=null, root-is-layout-requested=false, has-input-connection=false, x=0.0, y=0.0, child-count=4}
08-24 14:43:56.221 24159 24204 E TestRunner: |
08-24 14:43:56.221 24159 24204 E TestRunner: +--------->AppCompatImageView{id=2131230963, res-name=iv_dog, visibility=VISIBLE, width=1038, height=509, has-focus=false, has-focusable=false, has-window-focus=true, is-clickable=false, is-enabled=true, is-focused=false, is-focusable=false, is-layout-requested=false, is-selected=false, layout-params=androidx.constraintlayout.widget.ConstraintLayout$LayoutParams@15e6263, tag=null, root-is-layout-requested=false, has-input-connection=false, x=0.0, y=0.0}
08-24 14:43:56.221 24159 24204 E TestRunner: |
08-24 14:43:56.221 24159 24204 E TestRunner: +--------->MaterialTextView{id=2131231198, res-name=tv_name, visibility=VISIBLE, width=1038, height=110, has-focus=false, has-focusable=false, has-window-focus=true, is-clickable=false, is-enabled=true, is-focused=false, is-focusable=false, is-layout-requested=false, is-selected=false, layout-params=androidx.constraintlayout.widget.ConstraintLayout$LayoutParams@2bc3e60, tag=null, root-is-layout-requested=false, has-input-connection=false, x=0.0, y=509.0, text=Leroy, input-type=0, ime-target=false, has-links=false}
08-24 14:43:56.221 24159 24204 E TestRunner: |
08-24 14:43:56.221 24159 24204 E TestRunner: +--------->MaterialTextView{id=2131231196, res-name=tv_dog_age, visibility=VISIBLE, width=1038, height=110, has-focus=false, has-focusable=false, has-window-focus=true, is-clickable=false, is-enabled=true, is-focused=false, is-focusable=false, is-layout-requested=false, is-selected=false, layout-params=androidx.constraintlayout.widget.ConstraintLayout$LayoutParams@367ff19, tag=null, root-is-layout-requested=false, has-input-connection=false, x=0.0, y=619.0, text=4, input-type=0, ime-target=false, has-links=false}
08-24 14:43:56.221 24159 24204 E TestRunner: |
