08-24 14:43:52.345  4585  7040 V WindowManager: Relayout Window{e0b5cc5 u0 com.example.dogglers/androidx.test.core.app.InstrumentationActivityInvoker$EmptyActivity}: viewVisibility=0 req=1080x2340
08-24 14:43:52.346  4585  7040 D WindowManager: isScreenshotDisabledLocked - win: Window{e0b5cc5 u0 com.example.dogglers/androidx.test.core.app.InstrumentationActivityInvoker$EmptyActivity}
08-24 14:43:52.346  4585  7040 D WindowManager: isScreenshotDisabledLocked: userId = 0, disabled =false
08-24 14:43:52.347  4226  5357 I SurfaceFlinger: id=88682 createSurf (1080x2340),1 flag=404, com.example.dogglers/androidx.test.core.app.InstrumentationActivityInvoker$EmptyActivity$_24159#1
08-24 14:43:52.349  4585  7040 I SurfaceControl: nativeRelease nativeObject s[535581068160]
08-24 14:43:52.349  4585  7040 I SurfaceControl: nativeRelease nativeObject e[535581068160]
08-24 14:43:52.349  9865  9865 I TrayStateController: systemUiVisibilityChanged : 0 0
08-24 14:43:52.349  4226  5357 I SurfaceFlinger: id=88683 createSurf (0x0),-1 flag=24000, Surface(name=e455c2d StatusBar)/@0x2f65071 - animation-leash#0
08-24 14:43:52.350  4585  7040 I SurfaceControl: nativeRelease nativeObject s[535581068256]
08-24 14:43:52.350  4585  7040 I SurfaceControl: nativeRelease nativeObject e[535581068256]
08-24 14:43:52.350  4226  5357 I SurfaceFlinger: id=88684 createSurf (0x0),-1 flag=24000, Surface(name=a71bb8f NavigationBar0)/@0x8f38906 - animation-leash#0
08-24 14:43:52.352  4585  7040 V WindowManager: Relayout hash=e0b5cc5, pid=24159: mAttrs={(0,0)(fillxfill) sim={adjust=pan forwardNavigation} ty=BASE_APPLICATION wanim=0x1030001
08-24 14:43:52.352  4585  7040 V WindowManager:   fl=1810100
08-24 14:43:52.352  4585  7040 V WindowManager:   pfl=12020000
08-24 14:43:52.352  4585  7040 V WindowManager:   apr=LIGHT_NAVIGATION_BARS
08-24 14:43:52.352  4585  7040 V WindowManager:   fitSides= naviIconColor=0
08-24 14:43:52.352  4585  7040 V WindowManager:   sfl=100000}
08-24 14:43:52.352  4585  7040 I SurfaceControl: nativeRelease nativeObject s[535556871360]
08-24 14:43:52.352  4585  7040 I SurfaceControl: nativeRelease nativeObject e[535556871360]
08-24 14:43:52.353 24159 24159 I SurfaceControl: assignNativeObject: nativeObject = 0 Surface(name=null)/@0x8111442 / android.view.SurfaceControl.readFromParcel:1117 android.view.IWindowSession$Stub$Proxy.relayout:1820 android.view.ViewRootImpl.relayoutWindow:9005 android.view.ViewRootImpl.performTraversals:3360 android.view.ViewRootImpl.doTraversal:2618 android.view.ViewRootImpl$TraversalRunnable.run:9971 android.view.Choreographer$CallbackRecord.run:1010 android.view.Choreographer.doCallbacks:809 android.view.Choreographer.doFrame:744 android.view.Choreographer$FrameDisplayEventReceiver.run:995
08-24 14:43:52.354 24159 24159 I ViewRootImpl@87f3a8d[InstrumentationActivityInvoker$EmptyActivity]: Relayout returned: old=(0,0,1080,2340) new=(0,0,1080,2340) req=(1080,2340)0 dur=9 res=0x7 s={true 535656607744} ch=true fn=-1
08-24 14:43:52.356  4159 16850 D gralloc : [mali_gralloc_allocate] begin
08-24 14:43:52.356  4159 16850 D gralloc : buffer_descriptor: wh(1080 2340) usage_pc(0x40000000000b00 0x40000000000b00) hal_format(0x1) layer_count(1) sizes(0 0 0) strde(0) byte_stride(0) alloc_wh(0 0) internal_format(0x0) alloc_format(0x0) fd_count(1) plane_count(0)
08-24 14:43:52.356 24159 24159 I ViewRootImpl@87f3a8d[InstrumentationActivityInvoker$EmptyActivity]: [DP] dp(1) 1 android.view.ViewRootImpl.reportNextDraw:10957 android.view.ViewRootImpl.performTraversals:3845 android.view.ViewRootImpl.doTraversal:2618
08-24 14:43:52.357 24159 24159 I ViewRootImpl@87f3a8d[InstrumentationActivityInvoker$EmptyActivity]: [DP] pd() Asnyc report
08-24 14:43:52.358  4159 16850 D gralloc : [mali_gralloc_allocate] allocation successful
08-24 14:43:52.358  4226  4251 I Layer   : id=88676 removeFromCurrentState Surface(name=e455c2d StatusBar)/@0x2f65071 - animation-leash#1 (80)
08-24 14:43:52.358  4226  4251 I Layer   : id=88677 removeFromCurrentState Surface(name=a71bb8f NavigationBar0)/@0x8f38906 - animation-leash#1 (80)
08-24 14:43:52.359  4159 16850 D gralloc : [mali_gralloc_allocate] begin
08-24 14:43:52.359  4159 16850 D gralloc : buffer_descriptor: wh(1080 2340) usage_pc(0x40000000000b00 0x40000000000b00) hal_format(0x1) layer_count(1) sizes(0 0 0) strde(0) byte_stride(0) alloc_wh(0 0) internal_format(0x0) alloc_format(0x0) fd_count(1) plane_count(0)
08-24 14:43:52.361  4159 16850 D gralloc : [mali_gralloc_allocate] allocation successful
08-24 14:43:52.361  4159 16850 D gralloc : [mali_gralloc_allocate] begin
08-24 14:43:52.362  4159 16850 D gralloc : buffer_descriptor: wh(1080 2340) usage_pc(0x40000000000b00 0x40000000000b00) hal_format(0x1) layer_count(1) sizes(0 0 0) strde(0) byte_stride(0) alloc_wh(0 0) internal_format(0x0) alloc_format(0x0) fd_count(1) plane_count(0)
08-24 14:43:52.363 24159 24159 I ViewRootImpl@87f3a8d[InstrumentationActivityInvoker$EmptyActivity]: [DP] pdf(0) 1 android.view.ViewRootImpl.lambda$performDraw$1$ViewRootImpl:4668 android.view.-$$Lambda$ViewRootImpl$DJd0VUYJgsebcnSohO6h8zc_ONI.run:6 android.os.Handler.handleCallback:938
08-24 14:43:52.363 24159 24159 I ViewRootImpl@87f3a8d[InstrumentationActivityInvoker$EmptyActivity]: [DP] rdf()
08-24 14:43:52.364  4159 16850 D gralloc : [mali_gralloc_allocate] allocation successful
08-24 14:43:52.364 24159 24159 I ViewRootImpl@9379119[InstrumentationActivityInvoker$EmptyActivity]: MSG_WINDOW_FOCUS_CHANGED 0 1
08-24 14:43:52.367 24159 24159 I SurfaceControl: nativeRelease nativeObject s[535648699872]
08-24 14:43:52.367 24159 24159 I SurfaceControl: nativeRelease nativeObject e[535648699872]
08-24 14:43:52.367  4585  4613 D PkgPredictorService: pkg:com.example.dogglers activity:androidx.test.core.app.InstrumentationActivityInvoker$EmptyActivity thisTime:120
08-24 14:43:52.367 24159 24159 I SurfaceControl: nativeRelease nativeObject s[537830054912]
08-24 14:43:52.367 24159 24159 I SurfaceControl: nativeRelease nativeObject e[537830054912]
08-24 14:43:52.367 24159 24159 I SurfaceControl: nativeRelease nativeObject s[537830054816]
08-24 14:43:52.367  4226  5357 I SurfaceFlinger: id=88677 Removed Surface(name=a71bb8f NavigationBar0)/@0x8f38906 - animation-leash#1 (80)
08-24 14:43:52.367 24159 24159 I SurfaceControl: nativeRelease nativeObject e[537830054816]
08-24 14:43:52.367  4226  5357 I SurfaceFlinger: id=88676 Removed Surface(name=e455c2d StatusBar)/@0x2f65071 - animation-leash#1 (80)
08-24 14:43:52.369  4585  4613 I SemDvfsHyPerManager: acquire hyper - AMS_RESUME_TAIL/4585@18, type = -999
08-24 14:43:52.369  4585  4617 I ActivityTaskManager: Displayed com.example.dogglers/androidx.test.core.app.InstrumentationActivityInvoker$EmptyActivity: +120ms
08-24 14:43:52.369  4585  4613 I SemDvfsHyPerManager: acquire hyper - AMS_ACT_LAZY/4585@19, type = -999
08-24 14:43:52.369  4175  4211 I HYPER-HAL: [RequestManager.cpp]acquire(): Acquired ID : 10596124  [4585 / 18]    HINT : AMS_RESUME_TAIL    list :
08-24 14:43:52.369  4175  4211 I HYPER-HAL: [ResourceManager.cpp]updateResource(): [CPUMinFreq] UpdateResource Request ID : 10596124    Value : 1768000
08-24 14:43:52.370  4175  4211 I HYPER-HAL: [RequestManager.cpp]acquire(): Acquired ID : 10600729  [4585 / 19]    HINT :      list :
08-24 14:43:52.370  4175  4211 E HYPER-HAL: [Request.cpp]acquire(): Request:: id : 10600729, No Resource to set
08-24 14:43:52.371  4175  4211 I HYPER-HAL: [ResourceManager.cpp]removeResource(): [CPUMinFreq] RemoveResource Request ID : 10586917
08-24 14:43:52.371  4175  4211 I HYPER-HAL: [RequestManager.cpp]releaseLocked(): Released ID : 10586917
08-24 14:43:52.374  4226  4226 I Layer   : id=88676[1] Destroyed Surface(name=e455c2d StatusBar)/@0x2f65071 - animation-leash#1
08-24 14:43:52.374  4226  4226 I Layer   : id=88677[1] Destroyed Surface(name=a71bb8f NavigationBar0)/@0x8f38906 - animation-leash#1
08-24 14:43:52.375  4585  7040 I InputDispatcher: Focus entered window (24159): e0b5cc5 in display 0 0
08-24 14:43:52.375  4226  5357 E BufferQueueProducer: [com.example.dogglers/androidx.test.core.app.InstrumentationActivityInvoker$EmptyActivity$_24159#0](id:108200004976,api:0,p:-1,c:4226) disconnect: not connected (req=1)
08-24 14:43:52.376 24159 24214 W libEGL  : EGLNativeWindowType 0x7cb79bf010 disconnect failed
08-24 14:43:52.378  4585  7040 V WindowManager: Relayout Window{6aefadc u0 com.example.dogglers/androidx.test.core.app.InstrumentationActivityInvoker$EmptyActivity}: viewVisibility=8 req=1080x2340
08-24 14:43:52.380  4226  4226 D SurfaceFlinger: Display 0 HWC layers:
08-24 14:43:52.380  4226  4226 D SurfaceFlinger:      DEVICE | 0x77ce817700 | 0002 | RGBA_8888    |    0.0    0.0 1080.0 2340.0 |    0    0 1080 2340 | com.example.dogglers/androidx.test.c[...]tivityInvoker$EmptyActivity$_24159#1
08-24 14:43:52.380  4226  4226 D SurfaceFlinger:      DEVICE | 0x77ce814dc0 | 0000 | RGBA_8888    |    0.0    0.0 1080.0   83.0 |    0    0 1080   83 | StatusBar$_4896#0
08-24 14:43:52.380  4226  4226 D SurfaceFlinger:      DEVICE | 0x77ce8157c0 | 0000 | RGBA_8888    |    0.0    0.0   67.0  342.0 |    0  746   67 1088 | com.samsung.android.app.cocktailbars[...]arservice.CocktailBarService$_9865#0
08-24 14:43:52.380  4226  4226 D SurfaceFlinger:      DEVICE | 0x7851238200 | 0000 | RGBA_8888    |    0.0    0.0  388.0   39.0 |  692 2301 1080 2340 | SGestureOverlayWindow$_5408#0
08-24 14:43:52.380  4226  4226 D SurfaceFlinger:      DEVICE | 0x77ce815f40 | 0000 | RGBA_8888    |    0.0    0.0 1080.0  126.0 |    0 2214 1080 2340 | NavigationBar0$_4896#0
08-24 14:43:52.380  4226  4226 D SurfaceFlinger:      DEVICE | 0x77ce814b40 | 0000 | RGBA_8888    |    0.0    0.0 1080.0  151.0 |    0    0 1080  151 | ScreenDecorOverlay$_4896#0
08-24 14:43:52.380  4226  4226 D SurfaceFlinger:      DEVICE | 0x77ce817d40 | 0000 | RGBA_8888    |    0.0    0.0 1080.0  151.0 |    0 2189 1080 2340 | ScreenDecorOverlayBottom$_
08-24 14:43:52.380  4226  4226 D SurfaceFlinger: 4896#0
08-24 14:43:52.380  4226  4226 D SurfaceFlinger:
08-24 14:43:52.381  4585  7040 V WindowManager: Relayout hash=6aefadc, pid=24159: mAttrs={(0,0)(fillxfill) sim={adjust=pan forwardNavigation} ty=BASE_APPLICATION wanim=0x1030001
08-24 14:43:52.381  4585  7040 V WindowManager:   fl=1810100
08-24 14:43:52.381  4585  7040 V WindowManager:   pfl=12020000
08-24 14:43:52.381  4585  7040 V WindowManager:   apr=LIGHT_NAVIGATION_BARS
08-24 14:43:52.381  4585  7040 V WindowManager:   fitSides= naviIconColor=0
08-24 14:43:52.381  4585  7040 V WindowManager:   sfl=100000}
08-24 14:43:52.382 24159 24159 I SurfaceControl: nativeRelease nativeObject s[535655947616]
08-24 14:43:52.382 24159 24159 I SurfaceControl: nativeRelease nativeObject e[535655947616]
08-24 14:43:52.382 24159 24159 I SurfaceControl: assignNativeObject: nativeObject = 0 Surface(name=null)/@0x7dec53 / android.view.SurfaceControl.readFromParcel:1117 android.view.IWindowSession$Stub$Proxy.relayout:1810 android.view.ViewRootImpl.relayoutWindow:9005 android.view.ViewRootImpl.performTraversals:3360 android.view.ViewRootImpl.doTraversal:2618 android.view.ViewRootImpl$TraversalRunnable.run:9971 android.view.Choreographer$CallbackRecord.run:1010 android.view.Choreographer.doCallbacks:809 android.view.Choreographer.doFrame:744 android.view.Choreographer$FrameDisplayEventReceiver.run:995
08-24 14:43:52.383 24159 24159 I SurfaceControl: assignNativeObject: nativeObject = 0 Surface(name=null)/@0xd3495de / android.view.SurfaceControl.readFromParcel:1117 android.view.IWindowSession$Stub$Proxy.relayout:1820 android.view.ViewRootImpl.relayoutWindow:9005 android.view.ViewRootImpl.performTraversals:3360 android.view.ViewRootImpl.doTraversal:2618 android.view.ViewRootImpl$TraversalRunnable.run:9971 android.view.Choreographer$CallbackRecord.run:1010 android.view.Choreographer.doCallbacks:809 android.view.Choreographer.doFrame:744 android.view.Choreographer$FrameDisplayEventReceiver.run:995
08-24 14:43:52.383 24159 24159 I SurfaceControl: nativeRelease nativeObject s[536151024896]
08-24 14:43:52.383 24159 24159 I SurfaceControl: nativeRelease nativeObject e[536151024896]
08-24 14:43:52.383 24159 24159 I ViewRootImpl@9379119[InstrumentationActivityInvoker$EmptyActivity]: Relayout returned: old=(0,0,1080,2340) new=(0,0,1080,2340) req=(1080,2340)8 dur=7 res=0x5 s={false 0} ch=true fn=2
08-24 14:43:52.391 24159 24159 I ViewRootImpl@87f3a8d[InstrumentationActivityInvoker$EmptyActivity]: MSG_WINDOW_FOCUS_CHANGED 1 1
08-24 14:43:52.391 24159 24159 D InputMethodManager: prepareNavigationBarInfo() DecorView@21782b6[InstrumentationActivityInvoker$EmptyActivity]
08-24 14:43:52.391 24159 24159 D InputMethodManager: getNavigationBarColor() -855310
08-24 14:43:52.392 24159 24159 D InputMethodManager: prepareNavigationBarInfo() DecorView@21782b6[InstrumentationActivityInvoker$EmptyActivity]
08-24 14:43:52.392 24159 24159 D InputMethodManager: getNavigationBarColor() -855310
08-24 14:43:52.392 24159 24159 V InputMethodManager: Starting input: tba=com.example.dogglers ic=null mNaviBarColor -855310 mIsGetNaviBarColorSuccess true , NavVisible : true , NavTrans : false
08-24 14:43:52.392 24159 24159 D InputMethodManager: startInputInner - Id : 0
08-24 14:43:52.392 24159 24159 I InputMethodManager: startInputInner - mService.startInputOrWindowGainedFocus
08-24 14:43:52.393  4585  7113 D InputMethodManagerService: mSecureKeypadEnabled = false
08-24 14:43:52.393  4585  7113 V InputMethodManagerService: hideCurrentInputLocked : shouldHideSoftInput is false
08-24 14:43:52.393  4585  7113 D InputMethodManagerService: mDesktopModeManager null!
08-24 14:43:52.393  4585  7113 V InputMethodManagerService: getDisplayIdOfInputMethodWindowToBeAdded : 0
08-24 14:43:52.394  4585  7113 D InputMethodManagerService: checkDisplayOfStartInputAndUpdateKeyboard display Id 0last 0
08-24 14:43:52.394  4585  7113 D InputTransport: Input channel constructed: 'ClientS', fd=701
08-24 14:43:52.394  4585  7113 D InputTransport: Input channel destroyed: 'ClientS', fd=701
08-24 14:43:52.394 24159 24159 D InputTransport: Input channel constructed: 'ClientS', fd=93
08-24 14:43:52.394 24159 24159 D InputTransport: Input channel destroyed: 'ClientS', fd=80
08-24 14:43:52.395  4585  7113 I SurfaceControl: nativeRelease nativeObject s[537628425376]
08-24 14:43:52.395  4585  7113 I SurfaceControl: nativeRelease nativeObject e[537628425376]
08-24 14:43:52.395 24159 24159 I ViewRootImpl@9379119[InstrumentationActivityInvoker$EmptyActivity]: stopped(true) old=false
08-24 14:43:52.395  4226  4251 I SurfaceFlinger: id=88685 createSurf (0x0),-1 flag=24004, Surface(name=a3a0629 InputMethod)/@0x54f474f - animation-leash#0
08-24 14:43:52.395 24159 24159 D LifecycleMonitor: Lifecycle status change: androidx.test.core.app.InstrumentationActivityInvoker$EmptyActivity@846a0f4 in: STOPPED
08-24 14:43:52.395 24159 24159 V ActivityScenario: Activity lifecycle changed event received but ignored because the intent does not match. startActivityIntent=Intent { act=android.intent.action.MAIN cat=[android.intent.category.LAUNCHER] cmp=com.example.dogglers/.VerticalListActivity }, activity.getIntent()=Intent { act=android.intent.action.MAIN cat=[android.intent.category.LAUNCHER] flg=0x10000000 cmp=com.example.dogglers/androidx.test.core.app.InstrumentationActivityInvoker$EmptyActivity }, activity=androidx.test.core.app.InstrumentationActivityInvoker$EmptyActivity@846a0f4
08-24 14:43:52.396  7388  7388 I HBD     : HoneyBoardService onFinishInput
08-24 14:43:52.397  7388  7388 I HBD     : a IC have been unbinded,  InputConnectionWrapper{idHash=#4c08b91 mMissingMethods=}
08-24 14:43:52.397  7388  7388 I HBD     : HoneyBoardService [PF_CL][onFinishInput]  441500 ns
08-24 14:43:52.397  7388  7388 I HBD     : HoneyBoardService [IMI] onStartInput - caller pid : 24159 , caller uid : 10574
08-24 14:43:52.397  7388  7388 I HBD     : i updateConfigs
08-24 14:43:52.397 24159 24159 D LifecycleMonitor: Lifecycle status change: androidx.test.core.app.InstrumentationActivityInvoker$EmptyActivity@846a0f4 in: DESTROYED
08-24 14:43:52.397  7388  7388 I HBD     : i isEnabledNightMode : false
08-24 14:43:52.397  7388  7388 I HBD     : a IC have been binded, InputConnectionWrapper{idHash=#4c08b91 mMissingMethods=}
08-24 14:43:52.397 24159 24159 V ActivityScenario: Activity lifecycle changed event received but ignored because the intent does not match. startActivityIntent=Intent { act=android.intent.action.MAIN cat=[android.intent.category.LAUNCHER] cmp=com.example.dogglers/.VerticalListActivity }, activity.getIntent()=Intent { act=android.intent.action.MAIN cat=[android.intent.category.LAUNCHER] flg=0x10000000 cmp=com.example.dogglers/androidx.test.core.app.InstrumentationActivityInvoker$EmptyActivity }, activity=androidx.test.core.app.InstrumentationActivityInvoker$EmptyActivity@846a0f4
08-24 14:43:52.397  7388  7388 I HBD     : h [EditorInputType]setPrivateImeOptionsToTable privateImeOptions ( null )
08-24 14:43:52.397  7388  7388 I HBD     : b incognitoMode : false
08-24 14:43:52.398  7388  7388 I HBD     : a needOff = true , isForceOff = false, isNullInputClass : true
08-24 14:43:52.398  7388  7388 I HBD     : h getDefaultInputRange : UNKNOWN
08-24 14:43:52.398  7388  7388 I HBD     : h getDefaultInputRange : UNKNOWN
08-24 14:43:52.398  7388  7388 I HBD     : h getDefaultInputRange : UNKNOWN
08-24 14:43:52.398 24159 24159 I ViewRootImpl@9379119[InstrumentationActivityInvoker$EmptyActivity]: dispatchDetachedFromWindow
08-24 14:43:52.398  4585  7113 D SdpManagerService: Not an enterprise user : 0
08-24 14:43:52.398  4585  7040 D InputTransport: Input channel destroyed: '6aefadc', fd=686
08-24 14:43:52.398  4585  7113 D SdpManagerService: Not an enterprise user : 0
08-24 14:43:52.399  4585  7040 I SurfaceControl: nativeRelease nativeObject s[535556336864]
08-24 14:43:52.399  4585  7040 I SurfaceControl: nativeRelease nativeObject e[535556336864]
08-24 14:43:52.399  4585  7040 D WindowManager: isScreenshotDisabledLocked - win: Window{6aefadc u0 com.example.dogglers/androidx.test.core.app.InstrumentationActivityInvoker$EmptyActivity}
08-24 14:43:52.399  4585  7040 D WindowManager: isScreenshotDisabledLocked: userId = 0, disabled =false
08-24 14:43:52.399  4585  7040 I SurfaceControl: nativeRelease nativeObject s[535581068352]
08-24 14:43:52.399  4585  7040 I SurfaceControl: nativeRelease nativeObject e[535581068352]
08-24 14:43:52.399  7388  7388 I HBD     : h getDefaultInputRange : UNKNOWN
08-24 14:43:52.399  4226  4251 I Layer   : id=88675 removeFromCurrentState com.example.dogglers/androidx.test.core.app.InstrumentationActivityInvoker$EmptyActivity$_24159#0 (79)
08-24 14:43:52.399  7388  7388 I HBD     : a currentState : 0
08-24 14:43:52.399  4226  4251 I SurfaceFlinger: id=88675 Removed com.example.dogglers/androidx.test.core.app.InstrumentationActivityInvoker$EmptyActivity$_24159#0 (79)
08-24 14:43:52.401  4226  4251 I Layer   : id=88680 removeFromCurrentState Surface(name=a3a0629 InputMethod)/@0x54f474f - animation-leash#1 (79)
08-24 14:43:52.401  4226  4251 I Layer   : id=88674 removeFromCurrentState 6aefadc com.example.dogglers/androidx.test.core.app.InstrumentationActivityInvoker$EmptyActivity#0 (79)
08-24 14:43:52.401  7388  7388 I HBD     : h load selected json info : {"version":"1.0","currentLanguageOrder":0,"selected":[{"activeOptionList":["auto_replace","auto_spacing"],"engName":"Russian","id":3342336,"inputType":"qwerty","isUsed":true},{"activeOptionList":["auto_replace","auto_spacing"],"engName":"English","id":65537,"inputType":"qwerty","isUsed":true}]}
08-24 14:43:52.401  4226  4251 I SurfaceFlinger: id=88674 Removed 6aefadc com.example.dogglers/androidx.test.core.app.InstrumentationActivityInvoker$EmptyActivity#0 (79)
08-24 14:43:52.402  7388  7388 I HBD     : a [UpdatePolicy] [post] a: 0 cl: 3342336 kit: [0/0] vt: 0 ir: 1
08-24 14:43:52.403  7388  7388 I HBD     : HoneyBoardService [PF_OP][onStartInput]  5631192 ns
08-24 14:43:52.403 24159 24159 D InputTransport: Input channel destroyed: '6aefadc', fd=92
08-24 14:43:52.404  4585  7040 I SurfaceControl: nativeRelease nativeObject s[535556336768]
08-24 14:43:52.404  4585  7040 I SurfaceControl: nativeRelease nativeObject e[535556336768]
08-24 14:43:52.406 24159 24159 D LifecycleMonitor: Lifecycle status change: androidx.test.core.app.InstrumentationActivityInvoker$EmptyActivity@dfb5378 in: PAUSED
08-24 14:43:52.406 24159 24159 V ActivityScenario: Activity lifecycle changed event received but ignored because the intent does not match. startActivityIntent=Intent { act=android.intent.action.MAIN cat=[android.intent.category.LAUNCHER] cmp=com.example.dogglers/.VerticalListActivity }, activity.getIntent()=Intent { act=android.intent.action.MAIN cat=[android.intent.category.LAUNCHER] flg=0x10000000 cmp=com.example.dogglers/androidx.test.core.app.InstrumentationActivityInvoker$EmptyActivity }, activity=androidx.test.core.app.InstrumentationActivityInvoker$EmptyActivity@dfb5378
08-24 14:43:52.407  4226  4226 I Layer   : id=88674[1] Destroyed 6aefadc com.example.dogglers/androidx.test.core.app.InstrumentationActivityInvoker$EmptyActivity#0
08-24 14:43:52.408  4226  4226 I Layer   : id=88675[1] Destroyed com.example.dogglers/androidx.test.core.app.InstrumentationActivityInvoker$EmptyActivity$_24159#0
08-24 14:43:52.408  4585  7040 I InputDispatcher: Focus left window (24159): e0b5cc5 in display 0 0
08-24 14:43:52.409  4585  7113 I SemDvfsHyPerManager: acquire hyper - AMS_ACT_RESUME/4585@33, type = -999
08-24 14:43:52.409  4175  4211 I HYPER-HAL: [RequestManager.cpp]acquire(): Acquired ID : 10665304  [4585 / 33]    HINT : AMS_ACT_RESUME    list :
08-24 14:43:52.410  4175  4211 I HYPER-HAL: [ResourceManager.cpp]updateResource(): [CPUMinFreq] UpdateResource Request ID : 10665304    Value : 1664000
08-24 14:43:52.410  4585  7113 D InputDispatcher: Focused application set to (0): 3890c50
08-24 14:43:52.410  4140  4146 E statsd  : Predicate -7037417284711607308 dropping data for dimension key (10)0x2010101->10574[I] (10)0x30000->*launch*[S]
08-24 14:43:52.411  4140  4146 E statsd  : Predicate 5980654721335871649 dropping data for dimension key (10)0x2010101->10574[I] (10)0x30000->*launch*[S]
08-24 14:43:52.411  4585  7113 V WindowOrientationListener: getProposedRotation: -1
08-24 14:43:52.412  4585  7113 V WindowOrientationListener: getProposedRotation: -1
08-24 14:43:52.412  4585  7113 V WindowOrientationListener: getProposedRotation: -1
08-24 14:43:52.417  4226  4251 I Layer   : id=88673 removeFromCurrentState ActivityRecord{c91e998 u0 com.example.dogglers/androidx.test.core.app.InstrumentationActivityInvoker$EmptyActivity t1575}#0 (77)
08-24 14:43:52.417  4226  4251 I SurfaceFlinger: id=88673 Removed ActivityRecord{c91e998 u0 com.example.dogglers/androidx.test.core.app.InstrumentationActivityInvoker$EmptyActivity t1575}#0 (77)
08-24 14:43:52.419  4585  7044 D SamsungIMMSHWKeyboard: isConnectedDexOnPC false
08-24 14:43:52.419 24159 24159 I SurfaceControl: nativeRelease nativeObject s[535648701600]
08-24 14:43:52.419 24159 24159 I SurfaceControl: nativeRelease nativeObject e[535648701600]
08-24 14:43:52.419 24159 24159 I SurfaceControl: nativeRelease nativeObject s[535648700736]
08-24 14:43:52.419 24159 24159 I SurfaceControl: nativeRelease nativeObject e[535648700736]
08-24 14:43:52.419  4585  7044 D InputMethodManagerService: isImeSwitcherDisabledPackage : false
08-24 14:43:52.420 24159 24159 I ViewRootImpl@87f3a8d[InstrumentationActivityInvoker$EmptyActivity]: MSG_WINDOW_FOCUS_CHANGED 0 1
08-24 14:43:52.421 24159 24204 I TestRunner: finished: recycler_view_item_count(com.example.dogglers.VerticalListTests)
