08-24 14:43:40.155 24159 24204 I TestRunner: started: recycler_view_item_count(com.example.dogglers.GridListTests)
08-24 14:43:40.166  4896  4896 D SecStatusBarMobileView: setStaticDrawableColor:
08-24 14:43:40.166  4896  4896 D SecStatusBarMobileView: setStaticDrawableColor:
08-24 14:43:40.177 24159 24204 W Settings: Setting always_finish_activities has moved from android.provider.Settings.System to android.provider.Settings.Global, returning read-only value.
08-24 14:43:40.186  4896  4896 D SecStatusBarMobileView: setStaticDrawableColor:
08-24 14:43:40.186  4896  4896 D SecStatusBarMobileView: setStaticDrawableColor:
08-24 14:43:40.195  4585  5732 I SemDvfsHyPerManager: acquire hyper - AMS_APP_SWITCH/4585@30, type = -999
08-24 14:43:40.196  4175  4211 I HYPER-HAL: [RequestManager.cpp]acquire(): Acquired ID : 10651450  [4585 / 30]    HINT : AMS_APP_SWITCH    list :
08-24 14:43:40.197  7134  7134 I SemDvfsHyPerManager: acquire hyper - com.sec.android.sdhms/7134@9, type = -999
08-24 14:43:40.197  4175  4211 I HYPER-HAL: [ResourceManager.cpp]updateResource(): [CPUMinFreq] UpdateResource Request ID : 10651450    Value : 2314000
08-24 14:43:40.197  4226  4251 I SurfaceFlinger: id=88312 createSurf (0x0),-1 flag=24004, Task=1566#0
08-24 14:43:40.198  4175  4211 I HYPER-HAL: [RequestManager.cpp]acquire(): Acquired ID : 25514805  [7134 / 9]    HINT : APP_START    list :
08-24 14:43:40.198  4175  4211 E HYPER-HAL: [HandlerSysfs.cpp]doResourceHandling(): Couldn't Open Sysfs - /sys/kernel/mm/vmscan/am_app_launch
08-24 14:43:40.200  4175  4211 I HYPER-HAL: [ResourceManager.cpp]updateResource(): [CPUMaxFreq] UpdateResource Request ID : 25514805    Value : 2314000
08-24 14:43:40.206  4226  4251 I SurfaceFlinger: id=88313 createSurf (0x0),-1 flag=80004, ActivityRecord{40e9307 u0 com.example.dogglers/androidx.test.core.app.InstrumentationActivityInvoker$BootstrapActivity t1566}#0
08-24 14:43:40.210  4585  7112 V WindowOrientationListener: getProposedRotation: -1
08-24 14:43:40.212  4140  4146 E statsd  : Predicate -7037417284711607308 dropping data for dimension key (10)0x2010101->10574[I] (10)0x30000->*launch*[S]
08-24 14:43:40.213  4140  4146 E statsd  : Predicate 5980654721335871649 dropping data for dimension key (10)0x2010101->10574[I] (10)0x30000->*launch*[S]
08-24 14:43:40.213 21167 21215 I Finsky  : [164894] sgp.apply(93): SCH: Scheduling 1 system job(s)
08-24 14:43:40.214 21167 21215 I Finsky  : [164894] sgp.apply(99): SCH: Scheduling system job Id: 9197, L: 33129334, D: 76329334, C: false, I: false, N: 1
08-24 14:43:40.214  4585  7112 I SemDvfsHyPerManager: acquire hyper - AMS_APP_LAUNCH/4585@17, type = -999
08-24 14:43:40.215  4175  4211 I HYPER-HAL: [RequestManager.cpp]acquire(): Acquired ID : 10591520  [4585 / 17]    HINT : AMS_APP_LAUNCH    list :
08-24 14:43:40.216  4175  4211 I HYPER-HAL: [ResourceManager.cpp]updateResource(): [CPUMinFreq] UpdateResource Request ID : 10591520    Value : 2314000
08-24 14:43:40.220  4585  7112 V WindowOrientationListener: getProposedRotation: -1
08-24 14:43:40.220  4585  7112 V WindowOrientationListener: getProposedRotation: -1
08-24 14:43:40.221  4585  7112 V WindowOrientationListener: getProposedRotation: -1
08-24 14:43:40.223  4585  7112 D InputDispatcher: Focused application set to (0): 40e9307
08-24 14:43:40.235  9865  9865 I Utils   : isCurrentUser current = 0, ownerId = 0
08-24 14:43:40.235  9865  9865 I TrayVisibilityController: getComputedTrayVisible : keyguardState = 1
08-24 14:43:40.235  9865  9865 I TrayVisibilityController: updateTrayVisible: State=1 visible=1 mCurrentVisible=1 specificMode=0
08-24 14:43:40.235  9865  9865 I TrayStateController: onNotifyUpdateTray: 0 to need to visible? true
08-24 14:43:40.242 24159 24159 D LifecycleMonitor: Lifecycle status change: androidx.test.core.app.InstrumentationActivityInvoker$BootstrapActivity@cced216 in: PRE_ON_CREATE
08-24 14:43:40.242 24159 24159 V ActivityScenario: Activity lifecycle changed event received but ignored because the intent does not match. startActivityIntent=Intent { act=android.intent.action.MAIN cat=[android.intent.category.LAUNCHER] cmp=com.example.dogglers/.GridListActivity }, activity.getIntent()=Intent { act=android.intent.action.MAIN cat=[android.intent.category.LAUNCHER] flg=0x10008000 cmp=com.example.dogglers/androidx.test.core.app.InstrumentationActivityInvoker$BootstrapActivity (has extras) }, activity=androidx.test.core.app.InstrumentationActivityInvoker$BootstrapActivity@cced216
08-24 14:43:40.245  4585  4635 D FastTrack: setFastTrackState: pid = 24159 ;tid= 24159 ;value= 1
08-24 14:43:40.246  4585  4635 D FastTrack: setFastTrackState: pid = 24159 ;tid= 24214 ;value= 1
08-24 14:43:40.248  4585  4613 D InputTransport: Input channel constructed: '1c9bab8', fd=704
08-24 14:43:40.248  4585  4613 D InputTransport: Input channel constructed: '1c9bab8', fd=710
08-24 14:43:40.249  4226  5357 I SurfaceFlinger: id=88314 createSurf (0x0),-1 flag=80004, 1c9bab8 Splash Screen com.example.dogglers#0
08-24 14:43:40.250  4149  4184 D audio_hw_primary: device-adev_set_parameters: enter with key(audioHDR=0)
08-24 14:43:40.253  4585  4613 I ViewRootImpl@c8b8dcc[dogglers]: setView = com.android.internal.policy.DecorView@cf7d4cd TM=true
08-24 14:43:40.256  4585  4613 V WindowManager: Relayout Window{1c9bab8 u0 Splash Screen com.example.dogglers}: viewVisibility=0 req=1080x2340
08-24 14:43:40.259  4585  4613 D WindowManager: isScreenshotDisabledLocked - win: Window{1c9bab8 u0 Splash Screen com.example.dogglers}
08-24 14:43:40.259  4585  4613 D WindowManager: isScreenshotDisabledLocked: userId = 0, disabled =false
08-24 14:43:40.259  4226  4601 I SurfaceFlinger: id=88315 createSurf (1080x2340),1 flag=404, Splash Screen com.example.dogglers#0
08-24 14:43:40.262  4585  4613 V WindowManager: Relayout hash=1c9bab8, pid=4585: mAttrs={(0,0)(fillxfill) sim={adjust=pan} layoutInDisplayCutoutMode=shortEdges ty=APPLICATION_STARTING wanim=0x1030001
08-24 14:43:40.262  4585  4613 V WindowManager:   fl=1830118
08-24 14:43:40.262  4585  4613 V WindowManager:   pfl=12020011
08-24 14:43:40.262  4585  4613 V WindowManager:   apr=LIGHT_NAVIGATION_BARS
08-24 14:43:40.262  4585  4613 V WindowManager:   fitSides= naviIconColor=0
08-24 14:43:40.262  4585  4613 V WindowManager:   sfl=100000}
08-24 14:43:40.262  4585  4613 I ViewRootImpl@c8b8dcc[dogglers]: Relayout returned: old=(0,0,1080,2340) new=(0,0,1080,2340) req=(1080,2340)0 dur=6 res=0x7 s={true 535581126656} ch=true fn=-1
08-24 14:43:40.263  4585  4613 I ViewRootImpl@c8b8dcc[dogglers]: [DP] dp(1) 1 android.view.ViewRootImpl.reportNextDraw:10957 android.view.ViewRootImpl.performTraversals:3845 android.view.ViewRootImpl.doTraversal:2618
08-24 14:43:40.264  4159 17194 D gralloc : [mali_gralloc_allocate] begin
08-24 14:43:40.264  4159 17194 D gralloc : buffer_descriptor: wh(1080 2340) usage_pc(0x966 0x906) hal_format(0x1) layer_count(1) sizes(0 0 0) strde(0) byte_stride(0) alloc_wh(0 0) internal_format(0x0) alloc_format(0x0) fd_count(1) plane_count(0)
08-24 14:43:40.267  4585  7112 I InputDispatcher: Focus left window (21625): 911a194 in display 0 0
08-24 14:43:40.268  4159 17194 D gralloc : [mali_gralloc_allocate] allocation successful
08-24 14:43:40.272 21625 21625 I ViewRootImpl@b7edacd[WatchWhileActivity]: MSG_WINDOW_FOCUS_CHANGED 0 1
08-24 14:43:40.282  4585  4613 I ViewRootImpl@c8b8dcc[dogglers]: [DP] pdf(0) 1 android.view.ViewRootImpl.performDraw:4809 android.view.ViewRootImpl.performTraversals:3866 android.view.ViewRootImpl.doTraversal:2618
08-24 14:43:40.282  4585  4613 I ViewRootImpl@c8b8dcc[dogglers]: [DP] rdf()
08-24 14:43:40.289  4226  4601 I SurfaceFlinger: id=88316 createSurf (0x0),-1 flag=24000, Surface(name=Task=1559)/@0xb313bde - animation-leash#0
08-24 14:43:40.290  4226  4601 I SurfaceFlinger: id=88317 createSurf (0x0),-1 flag=20004, Dim Layer for - DefaultTaskDisplayArea - animating-dim#0
08-24 14:43:40.291  4226  4601 I SurfaceFlinger: id=88318 createSurf (0x0),-1 flag=24000, Surface(name=Dim Layer for - DefaultTaskDisplayArea - animating-dim)/@0xab1aea6 - animation-leash#0
08-24 14:43:40.294  4226  4601 I SurfaceFlinger: id=88319 createSurf (0x0),-1 flag=24004, Surface(name=Task=1566)/@0x196e4f5 - animation-leash#0
08-24 14:43:40.295  4585  4613 D WindowManager: isScreenshotDisabledLocked - win: Window{a3a0629 u0 InputMethod}
08-24 14:43:40.296  4585  4613 D WindowManager: isScreenshotDisabledLocked: userId = 0, disabled =false
08-24 14:43:40.296  4585  4613 D WindowManager: isScreenshotDisabledLocked - win: Window{911a194 u0 com.google.android.youtube/com.google.android.apps.youtube.app.watchwhile.WatchWhileActivity}
08-24 14:43:40.296  4585  4613 D WindowManager: isScreenshotDisabledLocked: userId = 0, disabled =false
08-24 14:43:40.297  4159 17194 D gralloc : [mali_gralloc_allocate] begin
08-24 14:43:40.297  4159 17194 D gralloc : buffer_descriptor: wh(1080 2340) usage_pc(0x366 0x306) hal_format(0x1) layer_count(1) sizes(0 0 0) strde(0) byte_stride(0) alloc_wh(0 0) internal_format(0x0) alloc_format(0x0) fd_count(1) plane_count(0)
08-24 14:43:40.301  4159 17194 D gralloc : [mali_gralloc_allocate] allocation successful
08-24 14:43:40.309  4226  4226 I Layer   : id=88320[0] Destroyed Screenshot Parent
08-24 14:43:40.310  4896  4908 I ndroid.systemu: NativeAlloc concurrent copying GC freed 14409(604KB) AllocSpace objects, 0(0B) LOS objects, 50% free, 19MB/38MB, paused 314us total 214.785ms
08-24 14:43:40.313  4585  4613 I SurfaceControl: nativeRelease nativeObject s[535556336576]
08-24 14:43:40.313  4585  4613 I SurfaceControl: nativeRelease nativeObject e[535556336576]
08-24 14:43:40.313  9865  9865 I TrayStateController: systemUiVisibilityChanged : 2 0
08-24 14:43:40.314  4226  5357 I SurfaceFlinger: id=88321 createSurf (0x0),-1 flag=24000, Surface(name=e455c2d StatusBar)/@0x2f65071 - animation-leash#0
08-24 14:43:40.315  4585  4613 I SurfaceControl: nativeRelease nativeObject s[535556862336]
08-24 14:43:40.315  4585  4613 I SurfaceControl: nativeRelease nativeObject e[535556862336]
08-24 14:43:40.315  4226  5357 I SurfaceFlinger: id=88322 createSurf (0x0),-1 flag=24000, Surface(name=a71bb8f NavigationBar0)/@0x8f38906 - animation-leash#0
08-24 14:43:40.318  4226  4248 I Layer   : id=88305 removeFromCurrentState Surface(name=e455c2d StatusBar)/@0x2f65071 - animation-leash#1 (86)
08-24 14:43:40.318  4226  4248 I Layer   : id=88306 removeFromCurrentState Surface(name=a71bb8f NavigationBar0)/@0x8f38906 - animation-leash#1 (86)
08-24 14:43:40.323 21625 21625 I SurfaceControl: nativeRelease nativeObject s[537816935520]
08-24 14:43:40.323 21625 21625 I SurfaceControl: nativeRelease nativeObject e[537816935520]
08-24 14:43:40.323 21625 21625 I SurfaceControl: nativeRelease nativeObject s[537816935424]
08-24 14:43:40.324 21625 21625 I SurfaceControl: nativeRelease nativeObject e[537816935424]
08-24 14:43:40.324  4226  5357 I SurfaceFlinger: id=88306 Removed Surface(name=a71bb8f NavigationBar0)/@0x8f38906 - animation-leash#1 (86)
08-24 14:43:40.324 21625 21625 I SurfaceControl: nativeRelease nativeObject s[537816933408]
08-24 14:43:40.324 21625 21625 I SurfaceControl: nativeRelease nativeObject e[537816933408]
08-24 14:43:40.324  4226  4601 I SurfaceFlinger: id=88305 Removed Surface(name=e455c2d StatusBar)/@0x2f65071 - animation-leash#1 (86)
08-24 14:43:40.332  4226  4226 I Layer   : id=88305[1] Destroyed Surface(name=e455c2d StatusBar)/@0x2f65071 - animation-leash#1
08-24 14:43:40.333  4226  4226 I Layer   : id=88306[1] Destroyed Surface(name=a71bb8f NavigationBar0)/@0x8f38906 - animation-leash#1
08-24 14:43:40.348 11821 11821 D BoundBrokerSvc: onUnbind: Intent { act=com.google.android.gms.feedback.internal.IFeedbackService dat=chimera-action:com.google.android.gms.feedback.internal.IFeedbackService cmp=com.google.android.gms/.chimera.GmsBoundBrokerService }
08-24 14:43:40.357  4226  4226 D SurfaceFlinger: Display 0 HWC layers:
08-24 14:43:40.357  4226  4226 D SurfaceFlinger:  SOLID_COLOR |              | 0002 |  Unknown  |    0.0    0.0    0.0    0.0 |    0 1139 1080 1746 | Background for -SurfaceView - com.go[...]while.WatchWhileActivity@c9edee9@6#0
08-24 14:43:40.357  4226  4226 D SurfaceFlinger:      DEVICE | 0x77ce817c00 | 0000 | RGBA_8888    |    0.0   30.0 1080.0 2340.0 |    0    0 1080 2310 | com.google.android.youtube/com.googl[...]tchwhile.WatchWhileActivity$_21625#0
08-24 14:43:40.357  4226  4226 D SurfaceFlinger:  SOLID_COLOR |              | 0000 |  Unknown  |    0.0    0.0    0.0    0.0 |    0    0 1080 2340 | Dim Layer for - DefaultTaskDisplayArea - animating-dim#0
08-24 14:43:40.357  4226  4226 D SurfaceFlinger:      DEVICE | 0x77ce816300 | 0002 | RGBA_8888    |    0.0    0.0 1080.0 2090.0 |    0  250 1080 2340 | Splash Screen com.example.dogglers#0
08-24 14:43:40.357  4226  4226 D SurfaceFlinger:      DEVICE | 0x77ce816940 | 0000 | RGBA_8888    |    0.0    0.0 1080.0   83.0 |    0    0 1080   83 | StatusBar$_4896#0
08-24 14:43:40.357  4226  4226 D SurfaceFlinger:      DEVICE | 0x77ce8157c0 | 0000 | RGBA_8888    |    0.0    0.0   67.0  342.0 |    0  746   67 1088 | com.samsung.android.app.cocktailbars[...]arservice.CocktailBarService$_9865#0
08-24 14:43:40.357  4226  4226 D SurfaceFlinger:      DEVICE | 0x7851238200 | 0000 | RGBA_
08-24 14:43:40.357  4226  4226 D SurfaceFlinger: 8888    |    0.0    0.0  388.0   39.0 |  692 2301 1080 2340 | SGestureOverlayWindow$_5408#0
08-24 14:43:40.357  4226  4226 D SurfaceFlinger:      DEVICE | 0x77ce816800 | 0000 | RGBA_8888    |    0.0    0.0 1080.0  126.0 |    0 2214 1080 2340 | NavigationBar0$_4896#0
08-24 14:43:40.357  4226  4226 D SurfaceFlinger:      DEVICE | 0x77ce814b40 | 0000 | RGBA_8888    |    0.0    0.0 1080.0  151.0 |    0    0 1080  151 | ScreenDecorOverlay$_4896#0
08-24 14:43:40.357  4226  4226 D SurfaceFlinger:      DEVICE | 0x77ce817d40 | 0000 | RGBA_8888    |    0.0    0.0 1080.0  151.0 |    0 2189 1080 2340 | ScreenDecorOverlayBottom$_4896#0
08-24 14:43:40.357  4226  4226 D SurfaceFlinger:
08-24 14:43:40.363 24159 24159 I DecorView: [INFO] isPopOver=false, config=true
08-24 14:43:40.363 24159 24159 I DecorView: updateCaptionType >> DecorView@cfd7d84[], isFloating=false, isApplication=true, hasWindowDecorCaption=false, hasWindowControllerCallback=true
08-24 14:43:40.363 24159 24159 D DecorView: setCaptionType = 0, this = DecorView@cfd7d84[]
08-24 14:43:40.371 24159 24159 D LifecycleMonitor: Lifecycle status change: androidx.test.core.app.InstrumentationActivityInvoker$BootstrapActivity@cced216 in: CREATED
08-24 14:43:40.371 24159 24159 V ActivityScenario: Activity lifecycle changed event received but ignored because the intent does not match. startActivityIntent=Intent { act=android.intent.action.MAIN cat=[android.intent.category.LAUNCHER] cmp=com.example.dogglers/.GridListActivity }, activity.getIntent()=Intent { act=android.intent.action.MAIN cat=[android.intent.category.LAUNCHER] flg=0x10008000 cmp=com.example.dogglers/androidx.test.core.app.InstrumentationActivityInvoker$BootstrapActivity (has extras) }, activity=androidx.test.core.app.InstrumentationActivityInvoker$BootstrapActivity@cced216
08-24 14:43:40.374 24159 24159 D LifecycleMonitor: Lifecycle status change: androidx.test.core.app.InstrumentationActivityInvoker$BootstrapActivity@cced216 in: STARTED
08-24 14:43:40.374 24159 24159 V ActivityScenario: Activity lifecycle changed event received but ignored because the intent does not match. startActivityIntent=Intent { act=android.intent.action.MAIN cat=[android.intent.category.LAUNCHER] cmp=com.example.dogglers/.GridListActivity }, activity.getIntent()=Intent { act=android.intent.action.MAIN cat=[android.intent.category.LAUNCHER] flg=0x10008000 cmp=com.example.dogglers/androidx.test.core.app.InstrumentationActivityInvoker$BootstrapActivity (has extras) }, activity=androidx.test.core.app.InstrumentationActivityInvoker$BootstrapActivity@cced216
08-24 14:43:40.378  4149  4184 D audio_hw_primary: device-adev_set_parameters: enter with key(audioHDR=0)
08-24 14:43:40.378  4226  4601 I SurfaceFlinger: id=88323 createSurf (0x0),-1 flag=80004, ActivityRecord{149eeb6 u0 com.example.dogglers/.GridListActivity t1566}#0
08-24 14:43:40.385 24159 24159 D LifecycleMonitor: Lifecycle status change: androidx.test.core.app.InstrumentationActivityInvoker$BootstrapActivity@cced216 in: RESUMED
08-24 14:43:40.386 24159 24159 V ActivityScenario: Activity lifecycle changed event received but ignored because the intent does not match. startActivityIntent=Intent { act=android.intent.action.MAIN cat=[android.intent.category.LAUNCHER] cmp=com.example.dogglers/.GridListActivity }, activity.getIntent()=Intent { act=android.intent.action.MAIN cat=[android.intent.category.LAUNCHER] flg=0x10008000 cmp=com.example.dogglers/androidx.test.core.app.InstrumentationActivityInvoker$BootstrapActivity (has extras) }, activity=androidx.test.core.app.InstrumentationActivityInvoker$BootstrapActivity@cced216
08-24 14:43:40.387  4585  4613 I ViewRootImpl@c8b8dcc[dogglers]: MSG_RESIZED_REPORT: frame=(0,0,1080,2340) ci=(0,83,0,39) vi=(0,83,0,39) or=1
08-24 14:43:40.389  4585  4613 I ViewRootImpl@c8b8dcc[dogglers]: [DP] dp(1) 1 android.view.ViewRootImpl.reportNextDraw:10957 android.view.ViewRootImpl.access$1200:256 android.view.ViewRootImpl$ViewRootHandler.handleMessage:6101
08-24 14:43:40.390 24159 24159 D LifecycleMonitor: Lifecycle status change: androidx.test.core.app.InstrumentationActivityInvoker$BootstrapActivity@cced216 in: PAUSED
08-24 14:43:40.390 24159 24159 V ActivityScenario: Activity lifecycle changed event received but ignored because the intent does not match. startActivityIntent=Intent { act=android.intent.action.MAIN cat=[android.intent.category.LAUNCHER] cmp=com.example.dogglers/.GridListActivity }, activity.getIntent()=Intent { act=android.intent.action.MAIN cat=[android.intent.category.LAUNCHER] flg=0x10008000 cmp=com.example.dogglers/androidx.test.core.app.InstrumentationActivityInvoker$BootstrapActivity (has extras) }, activity=androidx.test.core.app.InstrumentationActivityInvoker$BootstrapActivity@cced216
08-24 14:43:40.392  4585  7113 V WindowOrientationListener: getProposedRotation: -1
08-24 14:43:40.394  4585  7113 D InputDispatcher: Focused application set to (0): 149eeb6
08-24 14:43:40.401  4585  4820 D PkgPredictorService: com.example.dogglers go to foreground!
08-24 14:43:40.401  4585  4820 E PkgPredictorService-Collector: record changed bt=0  wifi=0 screen=0
08-24 14:43:40.401  4585  4820 D PkgPredictorService: previous pkgs: com.example.dogglers,com.google.android.youtube,com.example.dogglers running pkg: com.example.dogglers, uid: 0 is system: false
08-24 14:43:40.401  4585  4610 D SehCodecSolutionService: Update top [com.example.dogglers]
08-24 14:43:40.401  4585  4820 D PkgPredictorService-Collector: save record...
08-24 14:43:40.401  4585  4820 D PkgPredictorService-Collector:  (hour:14 day:4 previous:[com.example.dogglers, com.google.android.youtube, com.example.dogglers] activityName:unknown running:com.example.dogglers userId:0 screenOrientation:0 wifi:0 bt:0 predictTime:4 apkVersion:1.0 consumeTime:-1 preloaded:false>)
08-24 14:43:40.402  4585  4820 D PkgPredictorService-NapPreloadController: User using: com.example.dogglers
08-24 14:43:40.402  4585  4820 I PkgPredictorService-NapClassifier: RF predict version:1661289077471
08-24 14:43:40.403  4585  4820 D PkgPredictorService-NapClassifier: Predict result: 144.0,146.0,166.0, - [0_&_org.telegram.plus, 0_&_com.google.android.youtube, 0_&_com.samsung.android.app.contacts]
08-24 14:43:40.404  4585  4613 V WindowManager: Relayout Window{1c9bab8 u0 Splash Screen com.example.dogglers}: viewVisibility=0 req=1080x2340
08-24 14:43:40.404 15874 15932 I Rubin   : [164608] LoggingEventHelper.notifyUpdatedWithValue(LoggingEventHelper.java:58) : Notify AppUsageLogger's database is updated.
08-24 14:43:40.406  4226  4226 D SurfaceFlinger: Display 0 HWC layers:
08-24 14:43:40.406  4226  4226 D SurfaceFlinger:      DEVICE | 0x77ce817c00 | 0000 | RGBA_8888    |    0.0   52.0 1080.0 2340.0 |    0    0 1080 2288 | com.google.android.youtube/com.googl[...]tchwhile.WatchWhileActivity$_21625#0
08-24 14:43:40.406  4226  4226 D SurfaceFlinger:  SOLID_COLOR |              | 0000 |  Unknown  |    0.0    0.0    0.0    0.0 |    0    0 1080 2340 | Dim Layer for - DefaultTaskDisplayArea - animating-dim#0
08-24 14:43:40.406  4226  4226 D SurfaceFlinger:      DEVICE | 0x77ce816300 | 0002 | RGBA_8888    |    0.0    0.0 1080.0 2233.0 |    0  107 1080 2340 | Splash Screen com.example.dogglers#0
08-24 14:43:40.406  4226  4226 D SurfaceFlinger:      DEVICE | 0x77ce816940 | 0000 | RGBA_8888    |    0.0    0.0 1080.0   83.0 |    0    0 1080   83 | StatusBar$_4896#0
08-24 14:43:40.406  4226  4226 D SurfaceFlinger:      DEVICE | 0x77ce8157c0 | 0000 | RGBA_8888    |    0.0    0.0   67.0  342.0 |    0  746   67 1088 | com.samsung.android.app.cocktailbars[...]arservice.CocktailBarService$_9865#0
08-24 14:43:40.406  4226  4226 D SurfaceFlinger:      DEVICE | 0x7851238200 | 0000 | RGBA_8888    |    0.0    0.0  388.0   39.0 |  692 2301 1080 2340 | SGestureOverlayWindow$_5408#0
08-24 14:43:40.406  4226  4226 D SurfaceFlinger:      DEVICE | 0x77ce816800 | 0000 | RGBA_8888    |    0.0    0.0 1080.0  126.0 |    0 2
08-24 14:43:40.406  4226  4226 D SurfaceFlinger: 214 1080 2340 | NavigationBar0$_4896#0
08-24 14:43:40.406  4226  4226 D SurfaceFlinger:      DEVICE | 0x77ce814b40 | 0000 | RGBA_8888    |    0.0    0.0 1080.0  151.0 |    0    0 1080  151 | ScreenDecorOverlay$_4896#0
08-24 14:43:40.406  4226  4226 D SurfaceFlinger:      DEVICE | 0x77ce817d40 | 0000 | RGBA_8888    |    0.0    0.0 1080.0  151.0 |    0 2189 1080 2340 | ScreenDecorOverlayBottom$_4896#0
08-24 14:43:40.406  4226  4226 D SurfaceFlinger:
08-24 14:43:40.408  4585  4613 I SurfaceControl: nativeRelease nativeObject s[537628417408]
08-24 14:43:40.408  4585  4613 I SurfaceControl: nativeRelease nativeObject e[537628417408]
08-24 14:43:40.409  4585  4613 V WindowManager: Relayout hash=1c9bab8, pid=4585: mAttrs={(0,0)(fillxfill) sim={adjust=pan} layoutInDisplayCutoutMode=shortEdges ty=APPLICATION_STARTING wanim=0x1030001
08-24 14:43:40.409  4585  4613 V WindowManager:   fl=1830118
08-24 14:43:40.409  4585  4613 V WindowManager:   pfl=12020011
08-24 14:43:40.409  4585  4613 V WindowManager:   apr=LIGHT_NAVIGATION_BARS
08-24 14:43:40.409  4585  4613 V WindowManager:   fitSides= naviIconColor=0
08-24 14:43:40.409  4585  4613 V WindowManager:   sfl=100000}
08-24 14:43:40.410  4585  4613 I SurfaceControl: nativeRelease nativeObject s[535556862336]
08-24 14:43:40.410  4585  4613 I SurfaceControl: nativeRelease nativeObject e[535556862336]
08-24 14:43:40.410  4585  4613 I SurfaceControl: nativeRelease nativeObject s[535556336576]
08-24 14:43:40.410  4585  4613 I SurfaceControl: nativeRelease nativeObject e[535556336576]
08-24 14:43:40.410  4585  4613 I ViewRootImpl@c8b8dcc[dogglers]: Relayout returned: old=(0,0,1080,2340) new=(0,0,1080,2340) req=(1080,2340)0 dur=8 res=0x1 s={true 535581126656} ch=false fn=2
08-24 14:43:40.410  4159 17194 D gralloc : [mali_gralloc_allocate] begin
08-24 14:43:40.411  4159 17194 D gralloc : buffer_descriptor: wh(1080 2340) usage_pc(0x966 0x906) hal_format(0x1) layer_count(1) sizes(0 0 0) strde(0) byte_stride(0) alloc_wh(0 0) internal_format(0x0) alloc_format(0x0) fd_count(1) plane_count(0)
08-24 14:43:40.411 24159 24159 D LifecycleMonitor: Lifecycle status change: com.example.dogglers.GridListActivity@d629f69 in: PRE_ON_CREATE
08-24 14:43:40.411 24159 24159 V ActivityScenario: Activity lifecycle changed event received but ignored because the reported transition was not ON_CREATE while the last known transition was PRE_ON_CREATE
08-24 14:43:40.412  4159 17194 D gralloc : [mali_gralloc_allocate] allocation successful
08-24 14:43:40.427  4585  4613 I ViewRootImpl@c8b8dcc[dogglers]: [DP] pdf(0) 1 android.view.ViewRootImpl.performDraw:4809 android.view.ViewRootImpl.performTraversals:3866 android.view.ViewRootImpl.doTraversal:2618
08-24 14:43:40.427  4585  4613 I ViewRootImpl@c8b8dcc[dogglers]: [DP] rdf()
08-24 14:43:40.428 24159 24159 I DecorView: [INFO] isPopOver=false, config=true
08-24 14:43:40.428 24159 24159 I DecorView: updateCaptionType >> DecorView@83decc6[], isFloating=false, isApplication=true, hasWindowDecorCaption=false, hasWindowControllerCallback=true
08-24 14:43:40.428 24159 24159 D DecorView: setCaptionType = 0, this = DecorView@83decc6[]
08-24 14:43:40.440  4217  4353 V APM_AudioPolicyManager: setAppState(portId:11856, state:1)
08-24 14:43:40.440  4217  4353 V APM_AudioPolicyManager: setAppState(portId:11883, state:2)
08-24 14:43:40.444  9865  9865 I TrayStateController: systemUiVisibilityChanged : 0 0
08-24 14:43:40.444  4896  4896 D NavigationBar: onSystemBarAppearanceChanged() -  displayId:0, appearance:16 (APPEARANCE_LIGHT_NAVIGATION_BARS ), navbarColorManagedByIme:false
08-24 14:43:40.445  4896  4896 D SecLightBarControlHelper: updateStatus(WHITE icon) NumLightStacks:0, NumStacks:1, IndexLightStack:-1, StatusBarMode:0, StatusBarState:SHD, NeedDarkFontFromWallpaper:false, isWhiteKeyguardStatusBarBySettings:false
08-24 14:43:40.445 15874 15932 I Rubin   : [164608] ExercisingWithCmhMonitor.isSatisfiedByCmh(ExercisingWithCmhMonitor.java:119) : isSatisfiedByCmh is false
08-24 14:43:40.450  4585  7113 V WindowManager: Relayout Window{d095a7c u0 NotificationShade}: viewVisibility=4 req=1080x2340
08-24 14:43:40.457 24159 24159 D LifecycleMonitor: Lifecycle status change: com.example.dogglers.GridListActivity@d629f69 in: CREATED
08-24 14:43:40.458  4585  7113 V WindowManager: Relayout hash=d095a7c, pid=4896: mAttrs={(0,0)(fillxfill) gr=TOP CENTER_VERTICAL sim={adjust=resize} layoutInDisplayCutoutMode=always ty=2040 fmt=TRANSLUCENT
08-24 14:43:40.458  4585  7113 V WindowManager:   fl=81840048
08-24 14:43:40.458  4585  7113 V WindowManager:   pfl=1b000000
08-24 14:43:40.458  4585  7113 V WindowManager:   bhv=SHOW_TRANSIENT_BARS_BY_SWIPE naviIconColor=0
08-24 14:43:40.458  4585  7113 V WindowManager:   sfl=40000}
08-24 14:43:40.458 24159 24159 V ActivityScenario: Update currentActivityStage to CREATED, currentActivity=com.example.dogglers.GridListActivity@d629f69
08-24 14:43:40.459  4896  4896 I SurfaceControl: assignNativeObject: nativeObject = 0 Surface(name=null)/@0x79cdca4 / android.view.SurfaceControl.readFromParcel:1117 android.view.IWindowSession$Stub$Proxy.relayout:1810 android.view.ViewRootImpl.relayoutWindow:9005 android.view.ViewRootImpl.performTraversals:3360 android.view.ViewRootImpl.doTraversal:2618 android.view.ViewRootImpl$TraversalRunnable.run:9971 android.view.Choreographer$CallbackRecord.run:1010 android.view.Choreographer.doCallbacks:809 android.view.Choreographer.doFrame:744 android.view.Choreographer$FrameDisplayEventReceiver.run:995
08-24 14:43:40.459  4896  4896 I SurfaceControl: assignNativeObject: nativeObject = 0 Surface(name=null)/@0xd3c9bb / android.view.SurfaceControl.readFromParcel:1117 android.view.IWindowSession$Stub$Proxy.relayout:1820 android.view.ViewRootImpl.relayoutWindow:9005 android.view.ViewRootImpl.performTraversals:3360 android.view.ViewRootImpl.doTraversal:2618 android.view.ViewRootImpl$TraversalRunnable.run:9971 android.view.Choreographer$CallbackRecord.run:1010 android.view.Choreographer.doCallbacks:809 android.view.Choreographer.doFrame:744 android.view.Choreographer$FrameDisplayEventReceiver.run:995
08-24 14:43:40.460  4896  4896 I ViewRootImpl@b9c0f52[NotificationShade]: Relayout returned: old=(0,0,1080,2340) new=(0,0,1080,2340) req=(1080,2340)4 dur=9 res=0x1 s={false 0} ch=false fn=-1
08-24 14:43:40.461 24159 24159 D LifecycleMonitor: Lifecycle status change: com.example.dogglers.GridListActivity@d629f69 in: STARTED
08-24 14:43:40.461 24159 24159 V ActivityScenario: Update currentActivityStage to STARTED, currentActivity=com.example.dogglers.GridListActivity@d629f69
08-24 14:43:40.462  4896  4896 D KeyguardBottomAreaShortcutView: updateCameraVisibility isCameraDisabled:false visible:true
08-24 14:43:40.462  4896  4896 D KeyguardBottomAreaShortcutView: mIndicationArea margin start : 158, end : 158, bottom : 145
08-24 14:43:40.463 24159 24159 D LifecycleMonitor: Lifecycle status change: com.example.dogglers.GridListActivity@d629f69 in: RESUMED
08-24 14:43:40.464 24159 24159 V ActivityScenario: Update currentActivityStage to RESUMED, currentActivity=com.example.dogglers.GridListActivity@d629f69
08-24 14:43:40.469  4585  7113 D InputTransport: Input channel constructed: 'cd476af', fd=708
08-24 14:43:40.469  4585  7113 D InputTransport: Input channel constructed: 'cd476af', fd=717
08-24 14:43:40.472  4226  4248 I SurfaceFlinger: id=88324 createSurf (0x0),-1 flag=80004, cd476af com.example.dogglers/com.example.dogglers.GridListActivity#0
08-24 14:43:40.472  4585  7113 D WindowManager: isScreenshotDisabledLocked - win: Window{cd476af u0 com.example.dogglers/com.example.dogglers.GridListActivity}
08-24 14:43:40.472  4585  7113 D WindowManager: isScreenshotDisabledLocked: userId = 0, disabled =false
08-24 14:43:40.473  4585  7113 D InputTransport: Input channel destroyed: 'cd476af', fd=717
08-24 14:43:40.473 24159 24159 D InputTransport: Input channel constructed: 'cd476af', fd=80
08-24 14:43:40.475 24159 24159 I ViewRootImpl@46f924d[GridListActivity]: setView = com.android.internal.policy.DecorView@83decc6 TM=true
08-24 14:43:40.492  4585  5390 V WindowManager: Relayout Window{cd476af u0 com.example.dogglers/com.example.dogglers.GridListActivity}: viewVisibility=0 req=1080x2340
08-24 14:43:40.494  4585  5390 D WindowManager: isScreenshotDisabledLocked - win: Window{cd476af u0 com.example.dogglers/com.example.dogglers.GridListActivity}
08-24 14:43:40.494  4585  5390 D WindowManager: isScreenshotDisabledLocked: userId = 0, disabled =false
08-24 14:43:40.494  4226  5359 I SurfaceFlinger: id=88325 createSurf (1080x2340),1 flag=404, com.example.dogglers/com.example.dogglers.GridListActivity$_24159#0
08-24 14:43:40.496  4585  5390 I SurfaceControl: nativeRelease nativeObject s[535565837216]
08-24 14:43:40.496  4585  5390 I SurfaceControl: nativeRelease nativeObject e[535565837216]
08-24 14:43:40.497  9865  9865 I TrayStateController: systemUiVisibilityChanged : 0 0
08-24 14:43:40.497  4226  4601 I SurfaceFlinger: id=88326 createSurf (0x0),-1 flag=24000, Surface(name=e455c2d StatusBar)/@0x2f65071 - animation-leash#1
08-24 14:43:40.497  4585  5390 I SurfaceControl: nativeRelease nativeObject s[535565839808]
08-24 14:43:40.497  4585  5390 I SurfaceControl: nativeRelease nativeObject e[535565839808]
08-24 14:43:40.498  4226  5359 I SurfaceFlinger: id=88327 createSurf (0x0),-1 flag=24000, Surface(name=a71bb8f NavigationBar0)/@0x8f38906 - animation-leash#1
08-24 14:43:40.502  4585  5390 V WindowManager: Relayout hash=cd476af, pid=24159: mAttrs={(0,0)(fillxfill) sim={adjust=resize forwardNavigation} ty=BASE_APPLICATION wanim=0x1030304
08-24 14:43:40.502  4585  5390 V WindowManager:   fl=81810100
08-24 14:43:40.502  4585  5390 V WindowManager:   pfl=12020000
08-24 14:43:40.502  4585  5390 V WindowManager:   apr=LIGHT_NAVIGATION_BARS
08-24 14:43:40.502  4585  5390 V WindowManager:   fitSides= naviIconColor=0
08-24 14:43:40.502  4585  5390 V WindowManager:   sfl=100000}
08-24 14:43:40.503  4585  5390 I SurfaceControl: nativeRelease nativeObject s[535556870208]
08-24 14:43:40.503  4585  5390 I SurfaceControl: nativeRelease nativeObject e[535556870208]
08-24 14:43:40.505  4226  4248 I Layer   : id=88321 removeFromCurrentState Surface(name=e455c2d StatusBar)/@0x2f65071 - animation-leash#0 (89)
08-24 14:43:40.505  4226  4248 I Layer   : id=88322 removeFromCurrentState Surface(name=a71bb8f NavigationBar0)/@0x8f38906 - animation-leash#0 (89)
08-24 14:43:40.505 24159 24159 I SurfaceControl: assignNativeObject: nativeObject = 0 Surface(name=null)/@0x6a2f102 / android.view.SurfaceControl.readFromParcel:1117 android.view.IWindowSession$Stub$Proxy.relayout:1820 android.view.ViewRootImpl.relayoutWindow:9005 android.view.ViewRootImpl.performTraversals:3360 android.view.ViewRootImpl.doTraversal:2618 android.view.ViewRootImpl$TraversalRunnable.run:9971 android.view.Choreographer$CallbackRecord.run:1010 android.view.Choreographer.doCallbacks:809 android.view.Choreographer.doFrame:744 android.view.Choreographer$FrameDisplayEventReceiver.run:995
08-24 14:43:40.506  4585  4613 I SurfaceControl: nativeRelease nativeObject s[535565839904]
08-24 14:43:40.506  4585  4613 I SurfaceControl: nativeRelease nativeObject e[535565839904]
08-24 14:43:40.506  4585  4613 I SurfaceControl: nativeRelease nativeObject s[537628417408]
08-24 14:43:40.506  4585  4613 I SurfaceControl: nativeRelease nativeObject e[537628417408]
08-24 14:43:40.506  4226  4248 I SurfaceFlinger: id=88322 Removed Surface(name=a71bb8f NavigationBar0)/@0x8f38906 - animation-leash#0 (89)
08-24 14:43:40.506  4226  5359 I SurfaceFlinger: id=88321 Removed Surface(name=e455c2d StatusBar)/@0x2f65071 - animation-leash#0 (89)
08-24 14:43:40.506 24159 24159 I ViewRootImpl@46f924d[GridListActivity]: Relayout returned: old=(0,0,1080,2340) new=(0,0,1080,2340) req=(1080,2340)0 dur=14 res=0x7 s={true 536236204032} ch=true fn=-1
08-24 14:43:40.507  4896  4896 D SecStatusBarMobileView: setStaticDrawableColor:
08-24 14:43:40.507  4896  4896 D SecStatusBarMobileView: setStaticDrawableColor:
08-24 14:43:40.509  4159 17194 D gralloc : [mali_gralloc_allocate] begin
08-24 14:43:40.509  4159 17194 D gralloc : buffer_descriptor: wh(1080 2340) usage_pc(0x40000000000b00 0x40000000000b00) hal_format(0x1) layer_count(1) sizes(0 0 0) strde(0) byte_stride(0) alloc_wh(0 0) internal_format(0x0) alloc_format(0x0) fd_count(1) plane_count(0)
08-24 14:43:40.511  4159 17194 D gralloc : [mali_gralloc_allocate] allocation successful
08-24 14:43:40.513  4159 17194 D gralloc : [mali_gralloc_allocate] begin
08-24 14:43:40.514  4159 17194 D gralloc : buffer_descriptor: wh(1080 2340) usage_pc(0x40000000000b00 0x40000000000b00) hal_format(0x1) layer_count(1) sizes(0 0 0) strde(0) byte_stride(0) alloc_wh(0 0) internal_format(0x0) alloc_format(0x0) fd_count(1) plane_count(0)
08-24 14:43:40.516  4226  4226 I Layer   : id=88321[1] Destroyed Surface(name=e455c2d StatusBar)/@0x2f65071 - animation-leash#0
08-24 14:43:40.517  4226  4226 I Layer   : id=88322[1] Destroyed Surface(name=a71bb8f NavigationBar0)/@0x8f38906 - animation-leash#0
08-24 14:43:40.525  4896  4896 D SecStatusBarMobileView: setStaticDrawableColor:
08-24 14:43:40.525  4896  4896 D SecStatusBarMobileView: setStaticDrawableColor:
08-24 14:43:40.533  4159 17194 D gralloc : [mali_gralloc_allocate] allocation successful
08-24 14:43:40.535  4159 17194 D gralloc : [mali_gralloc_allocate] begin
08-24 14:43:40.535  4159 17194 D gralloc : buffer_descriptor: wh(1080 2340) usage_pc(0x40000000000b00 0x40000000000b00) hal_format(0x1) layer_count(1) sizes(0 0 0) strde(0) byte_stride(0) alloc_wh(0 0) internal_format(0x0) alloc_format(0x0) fd_count(1) plane_count(0)
08-24 14:43:40.541  4896  4896 D SecStatusBarMobileView: setStaticDrawableColor:
08-24 14:43:40.541  4896  4896 D SecStatusBarMobileView: setStaticDrawableColor:
08-24 14:43:40.542  4159 17194 D gralloc : [mali_gralloc_allocate] allocation successful
08-24 14:43:40.560  4585  4717 D MotionRecognitionService:   onReceive : ACTION_BATTERY_CHANGED, Plugged: 2
08-24 14:43:40.560  4585  4717 I MotionRecognitionService: [TA] In/out: true, curr state: 1
08-24 14:43:40.560  4585  4585 D PhoneWindowManagerExt: ACTION_BATTERY_CHANGED - Level=63, status=2
08-24 14:43:40.561  4585  4585 D SemWifiApBroadcastReceiver: Received : android.intent.action.BATTERY_CHANGED
08-24 14:43:40.573  4896  4896 D SecStatusBarMobileView: setStaticDrawableColor:
08-24 14:43:40.573  4896  4896 D SecStatusBarMobileView: setStaticDrawableColor:
08-24 14:43:40.575  4873  4873 D SemBigDataInfoController: Intent : android.intent.action.BATTERY_CHANGED
08-24 14:43:40.576  4873  4873 D SemBigDataInfoController: Intent : android.intent.action.BATTERY_CHANGED
08-24 14:43:40.585  4896  4896 D PowerUI : priorPlugType = 2 mPlugType = 2 priorBatteryStatus = 2 mBatteryStatus = 2
08-24 14:43:40.586  4896  4896 D PowerUI.Notification: showChargingNotice oldChargingType : 1 currentChargingType : 1 oldChargingTime : 9567000 mChargingTime : 9567000
08-24 14:43:40.586  4896  4896 D PowerUI.Notification: There is no change about charging status, so return!
08-24 14:43:40.586  4896  4896 D PowerUI : Battery swelling mode - priorBatterySwellingMode = 0 mBatterySwellingMode = 0 mBatteryStatus = 2
08-24 14:43:40.586  4896  4896 I PowerUI : mBatteryMiscEvent = 65536
08-24 14:43:40.592  4896  4896 D KeyguardUpdateMonitor: received broadcast android.intent.action.BATTERY_CHANGED
08-24 14:43:40.593  4896  4896 I AODBatteryManager: updateBatteryData: ACTION_BATTERY_CHANGED
08-24 14:43:40.594  4896  4896 I AODBatteryManager: saveBatteryData : AOD BatteryData [mBatteryLevel=63, mBatteryStatus=CHARGING, mBatteryPlugType=USB, mBatteryPlugged=true, mRemainingChargeTime=9567000, mBatteryChargingType=1, mBatteryChargerType=NORMAL, mBatteryOnline=USB, mBatterySwellingMode=NONE]
08-24 14:43:40.596  4896  4896 D SecStatusBarMobileView: setStaticDrawableColor:
08-24 14:43:40.596  4896  4896 D SecStatusBarMobileView: setStaticDrawableColor:
08-24 14:43:40.602  4585  4613 I SurfaceControl: nativeRelease nativeObject s[535581379360]
08-24 14:43:40.602  4585  4613 I SurfaceControl: nativeRelease nativeObject e[535581379360]
08-24 14:43:40.617  4226  4248 I Layer   : id=88318 removeFromCurrentState Surface(name=Dim Layer for - DefaultTaskDisplayArea - animating-dim)/@0xab1aea6 - animation-leash#0 (87)
08-24 14:43:40.618  4226  4251 I SurfaceFlinger: id=88318 Removed Surface(name=Dim Layer for - DefaultTaskDisplayArea - animating-dim)/@0xab1aea6 - animation-leash#0 (87)
08-24 14:43:40.619  4896  4896 D KeyguardUpdateMonitor: handleBatteryUpdate
08-24 14:43:40.623  4896  4896 D SecStatusBarMobileView: setStaticDrawableColor:
08-24 14:43:40.623  4896  4896 D SecStatusBarMobileView: setStaticDrawableColor:
08-24 14:43:40.625 24159 24159 I ViewRootImpl@46f924d[GridListActivity]: [DP] dp(1) 1 android.view.ViewRootImpl.reportNextDraw:10957 android.view.ViewRootImpl.performTraversals:3845 android.view.ViewRootImpl.doTraversal:2618
08-24 14:43:40.625 24159 24159 I ViewRootImpl@46f924d[GridListActivity]: [DP] pd() Asnyc report
08-24 14:43:40.627  4175 24523 I HYPER-HAL: [ResourceManager.cpp]removeResource(): [CPUMinFreq] RemoveResource Request ID : 10596124
08-24 14:43:40.628  4175 24523 I HYPER-HAL: [RequestManager.cpp]releaseLocked(): Released ID : 10596124
08-24 14:43:40.633  4226  4226 I Layer   : id=88318[1] Destroyed Surface(name=Dim Layer for - DefaultTaskDisplayArea - animating-dim)/@0xab1aea6 - animation-leash#0
08-24 14:43:40.647 24159 24159 I ViewRootImpl@46f924d[GridListActivity]: [DP] pdf(0) 1 android.view.ViewRootImpl.lambda$performDraw$1$ViewRootImpl:4668 android.view.-$$Lambda$ViewRootImpl$DJd0VUYJgsebcnSohO6h8zc_ONI.run:6 android.os.Handler.handleCallback:938
08-24 14:43:40.647 24159 24159 I ViewRootImpl@46f924d[GridListActivity]: [DP] rdf()
08-24 14:43:40.654  4585  4613 D PkgPredictorService: pkg:com.example.dogglers activity:com.example.dogglers.GridListActivity thisTime:458
08-24 14:43:40.654  4585  4613 D PkgPredictorService-Collector: update activity launch time: GridListActivity : 458
08-24 14:43:40.655  4585  4617 D ArtManagerInternalImpl: /data/misc/iorapd/com.example.dogglers/1/com.example.dogglers.GridListActivity/compiled_traces/compiled_trace.pb doesn't exist
08-24 14:43:40.659  4585  4613 D ViewRootImpl@c8b8dcc[dogglers]: dispatchDetachedFromWindow: reset blurmask
08-24 14:43:40.659  4585  4613 I ViewRootImpl@c8b8dcc[dogglers]: dispatchDetachedFromWindow
08-24 14:43:40.659  4585  4613 I SurfaceControl: nativeRelease nativeObject s[535581068256]
08-24 14:43:40.660  4585  4613 I SurfaceControl: nativeRelease nativeObject e[535581068256]
08-24 14:43:40.660  4585  4613 D InputTransport: Input channel destroyed: '1c9bab8', fd=704
08-24 14:43:40.661  4226  4251 I SurfaceFlinger: id=88328 createSurf (0x0),-1 flag=24000, Surface(name=1c9bab8 Splash Screen com.example.dogglers)/@0x9fa47b7 - animation-leash#0
08-24 14:43:40.664  4585  4839 D SemWifiApTrafficPoller: received START_TRAFFIC_CHECK
08-24 14:43:40.665 24159 24159 D RootViewPicker: Root not ready - waiting: 10ms for one to appear.
08-24 14:43:40.665  4585  4617 I ActivityTaskManager: Displayed com.example.dogglers/.GridListActivity: +458ms
08-24 14:43:40.668  4585  5087 I InputDispatcher: Focus entered window (24159): cd476af in display 0 0
08-24 14:43:40.669  4585  4613 D InputTransport: Input channel destroyed: '1c9bab8', fd=710
08-24 14:43:40.669  4585  7034 I SemDvfsHyPerManager: acquire hyper - AMS_RESUME_TAIL/4585@18, type = -999
08-24 14:43:40.670  4585  7034 I SemDvfsHyPerManager: acquire hyper - AMS_ACT_LAZY/4585@19, type = -999
08-24 14:43:40.671  4175  4211 I HYPER-HAL: [RequestManager.cpp]acquire(): Acquired ID : 10596124  [4585 / 18]    HINT : AMS_RESUME_TAIL    list :
08-24 14:43:40.672  4175  4211 I HYPER-HAL: [ResourceManager.cpp]updateResource(): [CPUMinFreq] UpdateResource Request ID : 10596124    Value : 1768000
08-24 14:43:40.673  4175  4211 I HYPER-HAL: [RequestManager.cpp]acquire(): Acquired ID : 10600729  [4585 / 19]    HINT :      list :
08-24 14:43:40.674  4175  4211 E HYPER-HAL: [Request.cpp]acquire(): Request:: id : 10600729, No Resource to set
08-24 14:43:40.674  4175  4211 I HYPER-HAL: [ResourceManager.cpp]removeResource(): [CPUMinFreq] RemoveResource Request ID : 10651450
08-24 14:43:40.675  4175  4211 I HYPER-HAL: [RequestManager.cpp]releaseLocked(): Released ID : 10651450
08-24 14:43:40.676 24159 24159 D RootViewPicker: Root not ready - waiting: 25ms for one to appear.
08-24 14:43:40.677  4140  4146 E statsd  : Predicate -7037417284711607308 dropping data for dimension key (10)0x2010101->10574[I] (10)0x30000->*launch*[S]
08-24 14:43:40.677 24159 24159 I ViewRootImpl@46f924d[GridListActivity]: MSG_WINDOW_FOCUS_CHANGED 1 1
08-24 14:43:40.677  4140  4146 E statsd  : Predicate 5980654721335871649 dropping data for dimension key (10)0x2010101->10574[I] (10)0x30000->*launch*[S]
08-24 14:43:40.677 24159 24159 D InputMethodManager: prepareNavigationBarInfo() DecorView@83decc6[GridListActivity]
08-24 14:43:40.677 24159 24159 D InputMethodManager: getNavigationBarColor() -855310
08-24 14:43:40.679 24159 24159 D InputMethodManager: prepareNavigationBarInfo() DecorView@83decc6[GridListActivity]
08-24 14:43:40.679 24159 24159 D InputMethodManager: getNavigationBarColor() -855310
08-24 14:43:40.679 24159 24159 V InputMethodManager: Starting input: tba=com.example.dogglers ic=null mNaviBarColor -855310 mIsGetNaviBarColorSuccess true , NavVisible : true , NavTrans : false
08-24 14:43:40.679 24159 24159 D InputMethodManager: startInputInner - Id : 0
08-24 14:43:40.680 24159 24159 I InputMethodManager: startInputInner - mService.startInputOrWindowGainedFocus
08-24 14:43:40.681  4585  7034 D InputMethodManagerService: mSecureKeypadEnabled = false
08-24 14:43:40.686  4585  7034 V InputMethodManagerService: hideCurrentInputLocked : shouldHideSoftInput is false
08-24 14:43:40.686  4585  7034 D InputMethodManagerService: mDesktopModeManager null!
08-24 14:43:40.686  4585  7034 V InputMethodManagerService: getDisplayIdOfInputMethodWindowToBeAdded : 0
08-24 14:43:40.686  4585  7034 D SamsungIMMSHWKeyboard: isConnectedDexOnPC false
08-24 14:43:40.687  4585  7034 D InputMethodManagerService: isImeSwitcherDisabledPackage : false
08-24 14:43:40.687 21625 21625 D InputTransport: Input channel destroyed: 'ClientS', fd=123
08-24 14:43:40.688  4585  7034 D InputMethodManagerService: checkDisplayOfStartInputAndUpdateKeyboard display Id 0last 0
08-24 14:43:40.688  4585  7034 D InputTransport: Input channel constructed: 'ClientS', fd=693
08-24 14:43:40.688  4585  7034 D InputTransport: Input channel destroyed: 'ClientS', fd=693
08-24 14:43:40.689 24159 24159 D InputTransport: Input channel constructed: 'ClientS', fd=89
08-24 14:43:40.689  4585  4613 I SurfaceControl: nativeRelease nativeObject s[535556870304]
08-24 14:43:40.689  4585  4613 I SurfaceControl: nativeRelease nativeObject e[535556870304]
08-24 14:43:40.690  4585  4613 I SurfaceControl: nativeRelease nativeObject s[535581077856]
08-24 14:43:40.690  4585  4613 I SurfaceControl: nativeRelease nativeObject e[535581077856]
08-24 14:43:40.690  4226  4226 D SurfaceFlinger: Display 0 HWC layers:
08-24 14:43:40.690  4226  4226 D SurfaceFlinger:      DEVICE | 0x77ce817840 | 0002 | RGBA_8888    |    0.0    0.0 1080.0 2340.0 |    0    0 1080 2340 | Splash Screen com.example.dogglers#0
08-24 14:43:40.690  4226  4226 D SurfaceFlinger:      DEVICE | 0x77ce816940 | 0000 | RGBA_8888    |    0.0    0.0 1080.0   83.0 |    0    0 1080   83 | StatusBar$_4896#0
08-24 14:43:40.690  4226  4226 D SurfaceFlinger:      DEVICE | 0x77ce8157c0 | 0000 | RGBA_8888    |    0.0    0.0   67.0  342.0 |    0  746   67 1088 | com.samsung.android.app.cocktailbars[...]arservice.CocktailBarService$_9865#0
08-24 14:43:40.690  4226  4226 D SurfaceFlinger:      DEVICE | 0x7851238200 | 0000 | RGBA_8888    |    0.0    0.0  388.0   39.0 |  692 2301 1080 2340 | SGestureOverlayWindow$_5408#0
08-24 14:43:40.690  4226  4226 D SurfaceFlinger:      DEVICE | 0x77ce816a80 | 0000 | RGBA_8888    |    0.0    0.0 1080.0  126.0 |    0 2214 1080 2340 | NavigationBar0$_4896#0
08-24 14:43:40.690  4226  4226 D SurfaceFlinger:      DEVICE | 0x77ce814b40 | 0000 | RGBA_8888    |    0.0    0.0 1080.0  151.0 |    0    0 1080  151 | ScreenDecorOverlay$_4896#0
08-24 14:43:40.690  4226  4226 D SurfaceFlinger:      DEVICE | 0x77ce817d40 | 0000 | RGBA_8888    |    0.0    0.0 1080.0  151.0 |    0 2189 1080 2340 | ScreenDecorOverlayBottom$_4896#0
08-24 14:43:40.690  4226  4226 D SurfaceFlinger:
08-24 14:43:40.692  4585  4613 I SurfaceControl: nativeRelease nativeObject s[535565834048]
08-24 14:43:40.692  4585  4613 I SurfaceControl: nativeRelease nativeObject e[535565834048]
08-24 14:43:40.695  4226  4251 I Layer   : id=88319 removeFromCurrentState Surface(name=Task=1566)/@0x196e4f5 - animation-leash#0 (87)
08-24 14:43:40.695  4226  4251 I Layer   : id=88312 removeFromCurrentState Task=1566#0 (87)
08-24 14:43:40.695  4226  4251 I Layer   : id=88313 removeFromCurrentState ActivityRecord{40e9307 u0 com.example.dogglers/androidx.test.core.app.InstrumentationActivityInvoker$BootstrapActivity t1566}#0 (87)
08-24 14:43:40.695  4226  4251 I Layer   : id=88323 removeFromCurrentState ActivityRecord{149eeb6 u0 com.example.dogglers/.GridListActivity t1566}#0 (87)
08-24 14:43:40.695  4226  4251 I Layer   : id=88324 removeFromCurrentState cd476af com.example.dogglers/com.example.dogglers.GridListActivity#0 (87)
08-24 14:43:40.695  4226  4251 I Layer   : id=88325 removeFromCurrentState com.example.dogglers/com.example.dogglers.GridListActivity$_24159#0 (87)
08-24 14:43:40.695  4226  4251 I Layer   : id=88328 removeFromCurrentState Surface(name=1c9bab8 Splash Screen com.example.dogglers)/@0x9fa47b7 - animation-leash#0 (87)
08-24 14:43:40.695  4226  4251 I Layer   : id=88314 removeFromCurrentState 1c9bab8 Splash Screen com.example.dogglers#0 (87)
08-24 14:43:40.695  4226  4251 I Layer   : id=88315 removeFromCurrentState Splash Screen com.example.dogglers#0 (87)
08-24 14:43:40.695  4226  4251 I Layer   : id=15 removeFromCurrentState ImeContainer#0 (87)
08-24 14:43:40.695  4226  4251 I Layer   : id=60 removeFromCurrentState WindowToken{c668d7f android.os.Binder@7980e9e}#0 (87)
08-24 14:43:40.695  4226  4251 I Layer   : id=88311 removeFromCurrentState Surface(name=a3a0629 InputMethod)/@0x54f474f - animation-leash#1 (87)
08-24 14:43:40.695  4226  4251 I Layer   : id=78 removeFromCurrentState a3a0629 InputMethod#0 (87)
08-24 14:43:40.695  4226  4251 I Layer   : id=88317 removeFromCurrentState Dim Layer for - DefaultTaskDisplayArea - animating-dim#0 (87)
08-24 14:43:40.695  4226  4251 I Layer   : id=88312 addToCurrentState Task=1566#0 (87)
08-24 14:43:40.695  4226  4251 I Layer   : id=88313 addToCurrentState ActivityRecord{40e9307 u0 com.example.dogglers/androidx.test.core.app.InstrumentationActivityInvoker$BootstrapActivity t1566}#0 (87)
08-24 14:43:40.695  4226  4251 I Layer   : id=88323 addToCurrentState ActivityRecord{149eeb6 u0 com.example.dogglers/.GridListActivity t1566}#0 (87)
08-24 14:43:40.695  4226  4251 I Layer   : id=88324 addToCurrentState cd476af com.example.dogglers/com.example.dogglers.GridListActivity#0 (87)
08-24 14:43:40.695  4226  4251 I Layer   : id=88325 addToCurrentState com.example.dogglers/com.example.dogglers.GridListActivity$_24159#0 (87)
08-24 14:43:40.695  4226  4251 I Layer   : id=88328 addToCurrentState Surface(name=1c9bab8 Splash Screen com.example.dogglers)/@0x9fa47b7 - animation-leash#0 (87)
08-24 14:43:40.695  4226  4251 I Layer   : id=88314 addToCurrentState 1c9bab8 Splash Screen com.example.dogglers#0 (87)
08-24 14:43:40.695  4226  4251 I Layer   : id=88315 addToCurrentState Splash Screen com.example.dogglers#0 (87)
08-24 14:43:40.695  4226  4251 I Layer   : id=15 addToCurrentState ImeContainer#0 (87)
08-24 14:43:40.695  4226  4251 I Layer   : id=60 addToCurrentState WindowToken{c668d7f android.os.Binder@7980e9e}#0 (87)
08-24 14:43:40.695  4226  4251 I Layer   : id=88311 addToCurrentState Surface(name=a3a0629 InputMethod)/@0x54f474f - animation-leash#1 (87)
08-24 14:43:40.695  4226  4251 I Layer   : id=78 addToCurrentState a3a0629 InputMethod#0 (87)
08-24 14:43:40.695  4226  4251 I Layer   : id=88316 removeFromCurrentState Surface(name=Task=1559)/@0xb313bde - animation-leash#0 (87)
08-24 14:43:40.696  4226  5357 I SurfaceFlinger: id=88319 Removed Surface(name=Task=1566)/@0x196e4f5 - animation-leash#0 (87)
08-24 14:43:40.696  4226  5357 I SurfaceFlinger: id=88317 Removed Dim Layer for - DefaultTaskDisplayArea - animating-dim#0 (87)
08-24 14:43:40.696  4226  5357 I SurfaceFlinger: id=88316 Removed Surface(name=Task=1559)/@0xb313bde - animation-leash#0 (87)
