08-24 14:43:48.856 24159 24159 V ActivityScenario: Activity lifecycle changed event received but ignored because the intent does not match. startActivityIntent=Intent { act=android.intent.action.MAIN cat=[android.intent.category.LAUNCHER] cmp=com.example.dogglers/.HorizontalListActivity }, activity.getIntent()=Intent { act=android.intent.action.MAIN cat=[android.intent.category.LAUNCHER] flg=0x10008000 cmp=com.example.dogglers/androidx.test.core.app.InstrumentationActivityInvoker$BootstrapActivity (has extras) }, activity=androidx.test.core.app.InstrumentationActivityInvoker$BootstrapActivity@d9414cb
08-24 14:43:48.857  4585  7113 I SurfaceControl: nativeRelease nativeObject s[537628420288]
08-24 14:43:48.857  4585  7113 I SurfaceControl: nativeRelease nativeObject e[537628420288]
08-24 14:43:48.860  4226  4251 I Layer   : id=88542 removeFromCurrentState ActivityRecord{f3af0a6 u0 com.example.dogglers/androidx.test.core.app.InstrumentationActivityInvoker$BootstrapActivity t1572}#0 (78)
08-24 14:43:48.860  4226  4251 I SurfaceFlinger: id=88542 Removed ActivityRecord{f3af0a6 u0 com.example.dogglers/androidx.test.core.app.InstrumentationActivityInvoker$BootstrapActivity t1572}#0 (78)
08-24 14:43:48.863 24159 24159 D LifecycleMonitor: Lifecycle status change: androidx.test.core.app.InstrumentationActivityInvoker$EmptyActivity@f02a7d1 in: PRE_ON_CREATE
08-24 14:43:48.863 24159 24159 V ActivityScenario: Activity lifecycle changed event received but ignored because the intent does not match. startActivityIntent=Intent { act=android.intent.action.MAIN cat=[android.intent.category.LAUNCHER] cmp=com.example.dogglers/.HorizontalListActivity }, activity.getIntent()=Intent { act=android.intent.action.MAIN cat=[android.intent.category.LAUNCHER] flg=0x10000000 cmp=com.example.dogglers/androidx.test.core.app.InstrumentationActivityInvoker$EmptyActivity }, activity=androidx.test.core.app.InstrumentationActivityInvoker$EmptyActivity@f02a7d1
08-24 14:43:48.866  4226  4226 I Layer   : id=88542[1] Destroyed ActivityRecord{f3af0a6 u0 com.example.dogglers/androidx.test.core.app.InstrumentationActivityInvoker$BootstrapActivity t1572}#0
08-24 14:43:48.867  4585  7112 I InputDispatcher: Focus left window (24159): fca2357 in display 0 0
08-24 14:43:48.902 24159 24159 I DecorView: [INFO] isPopOver=false, config=true
08-24 14:43:48.902 24159 24159 I DecorView: updateCaptionType >> DecorView@928a537[], isFloating=false, isApplication=true, hasWindowDecorCaption=false, hasWindowControllerCallback=true
08-24 14:43:48.902 24159 24159 D DecorView: setCaptionType = 0, this = DecorView@928a537[]
08-24 14:43:48.906 24159 24159 D LifecycleMonitor: Lifecycle status change: androidx.test.core.app.InstrumentationActivityInvoker$EmptyActivity@f02a7d1 in: CREATED
08-24 14:43:48.907 24159 24159 V ActivityScenario: Activity lifecycle changed event received but ignored because the intent does not match. startActivityIntent=Intent { act=android.intent.action.MAIN cat=[android.intent.category.LAUNCHER] cmp=com.example.dogglers/.HorizontalListActivity }, activity.getIntent()=Intent { act=android.intent.action.MAIN cat=[android.intent.category.LAUNCHER] flg=0x10000000 cmp=com.example.dogglers/androidx.test.core.app.InstrumentationActivityInvoker$EmptyActivity }, activity=androidx.test.core.app.InstrumentationActivityInvoker$EmptyActivity@f02a7d1
08-24 14:43:48.908 24159 24159 D LifecycleMonitor: Lifecycle status change: androidx.test.core.app.InstrumentationActivityInvoker$EmptyActivity@f02a7d1 in: STARTED
08-24 14:43:48.909 24159 24159 V ActivityScenario: Activity lifecycle changed event received but ignored because the intent does not match. startActivityIntent=Intent { act=android.intent.action.MAIN cat=[android.intent.category.LAUNCHER] cmp=com.example.dogglers/.HorizontalListActivity }, activity.getIntent()=Intent { act=android.intent.action.MAIN cat=[android.intent.category.LAUNCHER] flg=0x10000000 cmp=com.example.dogglers/androidx.test.core.app.InstrumentationActivityInvoker$EmptyActivity }, activity=androidx.test.core.app.InstrumentationActivityInvoker$EmptyActivity@f02a7d1
08-24 14:43:48.911 24159 24159 D LifecycleMonitor: Lifecycle status change: androidx.test.core.app.InstrumentationActivityInvoker$EmptyActivity@f02a7d1 in: RESUMED
08-24 14:43:48.911 24159 24159 V ActivityScenario: Activity lifecycle changed event received but ignored because the intent does not match. startActivityIntent=Intent { act=android.intent.action.MAIN cat=[android.intent.category.LAUNCHER] cmp=com.example.dogglers/.HorizontalListActivity }, activity.getIntent()=Intent { act=android.intent.action.MAIN cat=[android.intent.category.LAUNCHER] flg=0x10000000 cmp=com.example.dogglers/androidx.test.core.app.InstrumentationActivityInvoker$EmptyActivity }, activity=androidx.test.core.app.InstrumentationActivityInvoker$EmptyActivity@f02a7d1
08-24 14:43:48.915  4585  7113 D InputTransport: Input channel constructed: '97eb25b', fd=725
08-24 14:43:48.915  4585  7113 D InputTransport: Input channel constructed: '97eb25b', fd=726
08-24 14:43:48.915  4226  5357 I SurfaceFlinger: id=88566 createSurf (0x0),-1 flag=80004, 97eb25b com.example.dogglers/androidx.test.core.app.InstrumentationActivityInvoker$EmptyActivity#0
08-24 14:43:48.916  4585  7113 D WindowManager: isScreenshotDisabledLocked - win: Window{97eb25b u0 com.example.dogglers/androidx.test.core.app.InstrumentationActivityInvoker$EmptyActivity}
08-24 14:43:48.916  4585  7113 D WindowManager: isScreenshotDisabledLocked: userId = 0, disabled =false
08-24 14:43:48.916  4585  7113 D InputTransport: Input channel destroyed: '97eb25b', fd=726
08-24 14:43:48.917 24159 24159 D InputTransport: Input channel constructed: '97eb25b', fd=80
08-24 14:43:48.918 24159 24159 I ViewRootImpl@5f05bc2[InstrumentationActivityInvoker$EmptyActivity]: setView = com.android.internal.policy.DecorView@928a537 TM=true
08-24 14:43:48.923  4585  7113 V WindowManager: Relayout Window{97eb25b u0 com.example.dogglers/androidx.test.core.app.InstrumentationActivityInvoker$EmptyActivity}: viewVisibility=0 req=1080x2340
08-24 14:43:48.925  4585  7113 D WindowManager: isScreenshotDisabledLocked - win: Window{97eb25b u0 com.example.dogglers/androidx.test.core.app.InstrumentationActivityInvoker$EmptyActivity}
08-24 14:43:48.925  4585  7113 D WindowManager: isScreenshotDisabledLocked: userId = 0, disabled =false
08-24 14:43:48.925  4226  5357 I SurfaceFlinger: id=88567 createSurf (1080x2340),1 flag=404, com.example.dogglers/androidx.test.core.app.InstrumentationActivityInvoker$EmptyActivity$_24159#1
08-24 14:43:48.927  4585  7113 I SurfaceControl: nativeRelease nativeObject s[535557014208]
08-24 14:43:48.927  4585  7113 I SurfaceControl: nativeRelease nativeObject e[535557014208]
08-24 14:43:48.927  9865  9865 I TrayStateController: systemUiVisibilityChanged : 0 0
08-24 14:43:48.927  4226  5357 I SurfaceFlinger: id=88568 createSurf (0x0),-1 flag=24000, Surface(name=e455c2d StatusBar)/@0x2f65071 - animation-leash#1
08-24 14:43:48.928  4585  7113 I SurfaceControl: nativeRelease nativeObject s[535557014304]
08-24 14:43:48.928  4585  7113 I SurfaceControl: nativeRelease nativeObject e[535557014304]
08-24 14:43:48.928  4226  5357 I SurfaceFlinger: id=88569 createSurf (0x0),-1 flag=24000, Surface(name=a71bb8f NavigationBar0)/@0x8f38906 - animation-leash#1
08-24 14:43:48.930  4585  7113 V WindowManager: Relayout hash=97eb25b, pid=24159: mAttrs={(0,0)(fillxfill) sim={adjust=pan forwardNavigation} ty=BASE_APPLICATION wanim=0x1030001
08-24 14:43:48.930  4585  7113 V WindowManager:   fl=1810100
08-24 14:43:48.930  4585  7113 V WindowManager:   pfl=12020000
08-24 14:43:48.930  4585  7113 V WindowManager:   apr=LIGHT_NAVIGATION_BARS
08-24 14:43:48.930  4585  7113 V WindowManager:   fitSides= naviIconColor=0
08-24 14:43:48.930  4585  7113 V WindowManager:   sfl=100000}
08-24 14:43:48.931  4585  7113 I SurfaceControl: nativeRelease nativeObject s[535557014112]
08-24 14:43:48.931  4585  7113 I SurfaceControl: nativeRelease nativeObject e[535557014112]
08-24 14:43:48.932 24159 24159 I SurfaceControl: assignNativeObject: nativeObject = 0 Surface(name=null)/@0xd585dd3 / android.view.SurfaceControl.readFromParcel:1117 android.view.IWindowSession$Stub$Proxy.relayout:1820 android.view.ViewRootImpl.relayoutWindow:9005 android.view.ViewRootImpl.performTraversals:3360 android.view.ViewRootImpl.doTraversal:2618 android.view.ViewRootImpl$TraversalRunnable.run:9971 android.view.Choreographer$CallbackRecord.run:1010 android.view.Choreographer.doCallbacks:809 android.view.Choreographer.doFrame:744 android.view.Choreographer$FrameDisplayEventReceiver.run:995
08-24 14:43:48.933 24159 24159 I ViewRootImpl@5f05bc2[InstrumentationActivityInvoker$EmptyActivity]: Relayout returned: old=(0,0,1080,2340) new=(0,0,1080,2340) req=(1080,2340)0 dur=9 res=0x7 s={true 535654928384} ch=true fn=-1
08-24 14:43:48.934  4226  5357 I Layer   : id=88562 removeFromCurrentState Surface(name=e455c2d StatusBar)/@0x2f65071 - animation-leash#0 (81)
08-24 14:43:48.934  4226  5357 I Layer   : id=32 removeFromCurrentState e455c2d StatusBar#0 (81)
08-24 14:43:48.934  4226  5357 I Layer   : id=42 removeFromCurrentState StatusBar$_4896#0 (81)
08-24 14:43:48.934  4226  5357 I Layer   : id=32 addToCurrentState e455c2d StatusBar#0 (81)
08-24 14:43:48.934  4226  5357 I Layer   : id=42 addToCurrentState StatusBar$_4896#0 (81)
08-24 14:43:48.934  4226  5357 I Layer   : id=88563 removeFromCurrentState Surface(name=a71bb8f NavigationBar0)/@0x8f38906 - animation-leash#0 (81)
08-24 14:43:48.936 24159 24159 I ViewRootImpl@5f05bc2[InstrumentationActivityInvoker$EmptyActivity]: [DP] dp(1) 1 android.view.ViewRootImpl.reportNextDraw:10957 android.view.ViewRootImpl.performTraversals:3845 android.view.ViewRootImpl.doTraversal:2618
08-24 14:43:48.936 24159 24159 I ViewRootImpl@5f05bc2[InstrumentationActivityInvoker$EmptyActivity]: [DP] pd() Asnyc report
08-24 14:43:48.937  4159 16850 D gralloc : [mali_gralloc_allocate] begin
08-24 14:43:48.937  4159 16850 D gralloc : buffer_descriptor: wh(1080 2340) usage_pc(0x40000000000b00 0x40000000000b00) hal_format(0x1) layer_count(1) sizes(0 0 0) strde(0) byte_stride(0) alloc_wh(0 0) internal_format(0x0) alloc_format(0x0) fd_count(1) plane_count(0)
08-24 14:43:48.938  4159 16850 D gralloc : [mali_gralloc_allocate] allocation successful
08-24 14:43:48.939  4159 16850 D gralloc : [mali_gralloc_allocate] begin
08-24 14:43:48.939  4159 16850 D gralloc : buffer_descriptor: wh(1080 2340) usage_pc(0x40000000000b00 0x40000000000b00) hal_format(0x1) layer_count(1) sizes(0 0 0) strde(0) byte_stride(0) alloc_wh(0 0) internal_format(0x0) alloc_format(0x0) fd_count(1) plane_count(0)
08-24 14:43:48.942  4159 16850 D gralloc : [mali_gralloc_allocate] allocation successful
08-24 14:43:48.943 24159 24159 I ViewRootImpl@5f05bc2[InstrumentationActivityInvoker$EmptyActivity]: [DP] pdf(0) 1 android.view.ViewRootImpl.lambda$performDraw$1$ViewRootImpl:4668 android.view.-$$Lambda$ViewRootImpl$DJd0VUYJgsebcnSohO6h8zc_ONI.run:6 android.os.Handler.handleCallback:938
08-24 14:43:48.943 24159 24159 I ViewRootImpl@5f05bc2[InstrumentationActivityInvoker$EmptyActivity]: [DP] rdf()
08-24 14:43:48.943  4159 16850 D gralloc : [mali_gralloc_allocate] begin
08-24 14:43:48.943  4159 16850 D gralloc : buffer_descriptor: wh(1080 2340) usage_pc(0x40000000000b00 0x40000000000b00) hal_format(0x1) layer_count(1) sizes(0 0 0) strde(0) byte_stride(0) alloc_wh(0 0) internal_format(0x0) alloc_format(0x0) fd_count(1) plane_count(0)
08-24 14:43:48.944 24159 24159 I ViewRootImpl@4b0be99[InstrumentationActivityInvoker$EmptyActivity]: MSG_WINDOW_FOCUS_CHANGED 0 1
08-24 14:43:48.946  4159 16850 D gralloc : [mali_gralloc_allocate] allocation successful
08-24 14:43:48.946  4585  4613 D PkgPredictorService: pkg:com.example.dogglers activity:androidx.test.core.app.InstrumentationActivityInvoker$EmptyActivity thisTime:140
08-24 14:43:48.948  4585  4613 I SemDvfsHyPerManager: acquire hyper - AMS_RESUME_TAIL/4585@18, type = -999
08-24 14:43:48.948  4585  4613 I SemDvfsHyPerManager: acquire hyper - AMS_ACT_LAZY/4585@19, type = -999
08-24 14:43:48.948  4175  4211 I HYPER-HAL: [RequestManager.cpp]acquire(): Acquired ID : 10596124  [4585 / 18]    HINT : AMS_RESUME_TAIL    list :
08-24 14:43:48.948  4175  4211 I HYPER-HAL: [ResourceManager.cpp]updateResource(): [CPUMinFreq] UpdateResource Request ID : 10596124    Value : 1768000
08-24 14:43:48.949  4175  4211 I HYPER-HAL: [RequestManager.cpp]acquire(): Acquired ID : 10600729  [4585 / 19]    HINT :      list :
08-24 14:43:48.949  4175  4211 E HYPER-HAL: [Request.cpp]acquire(): Request:: id : 10600729, No Resource to set
08-24 14:43:48.950  4175  4211 I HYPER-HAL: [ResourceManager.cpp]removeResource(): [CPUMinFreq] RemoveResource Request ID : 10586917
08-24 14:43:48.950  4175  4211 I HYPER-HAL: [RequestManager.cpp]releaseLocked(): Released ID : 10586917
08-24 14:43:48.950  4585  4617 I ActivityTaskManager: Displayed com.example.dogglers/androidx.test.core.app.InstrumentationActivityInvoker$EmptyActivity: +140ms
08-24 14:43:48.954 24159 24159 I SurfaceControl: nativeRelease nativeObject s[535692237728]
08-24 14:43:48.954 24159 24159 I SurfaceControl: nativeRelease nativeObject e[535692237728]
08-24 14:43:48.954 24159 24159 I SurfaceControl: nativeRelease nativeObject s[535648700448]
08-24 14:43:48.954 24159 24159 I SurfaceControl: nativeRelease nativeObject e[535648700448]
08-24 14:43:48.954 24159 24159 I SurfaceControl: nativeRelease nativeObject s[535648700352]
08-24 14:43:48.954 24159 24159 I SurfaceControl: nativeRelease nativeObject e[535648700352]
08-24 14:43:48.954  4226  4248 I SurfaceFlinger: id=88562 Removed Surface(name=e455c2d StatusBar)/@0x2f65071 - animation-leash#0 (81)
08-24 14:43:48.954  4226  5357 I SurfaceFlinger: id=88563 Removed Surface(name=a71bb8f NavigationBar0)/@0x8f38906 - animation-leash#0 (81)
08-24 14:43:48.967  4226  4226 I Layer   : id=88562[1] Destroyed Surface(name=e455c2d StatusBar)/@0x2f65071 - animation-leash#0
08-24 14:43:48.967  4226  4226 I Layer   : id=88563[1] Destroyed Surface(name=a71bb8f NavigationBar0)/@0x8f38906 - animation-leash#0
08-24 14:43:48.967  4585  7096 I InputDispatcher: Focus entered window (24159): 97eb25b in display 0 0
08-24 14:43:48.969  4226  4248 E BufferQueueProducer: [com.example.dogglers/androidx.test.core.app.InstrumentationActivityInvoker$EmptyActivity$_24159#0](id:108200004964,api:0,p:-1,c:4226) disconnect: not connected (req=1)
08-24 14:43:48.969 24159 24214 W libEGL  : EGLNativeWindowType 0x7cb779b010 disconnect failed
08-24 14:43:48.971  4226  4226 D SurfaceFlinger: Display 0 HWC layers:
08-24 14:43:48.971  4226  4226 D SurfaceFlinger:      DEVICE | 0x77ce814640 | 0002 | RGBA_8888    |    0.0    0.0 1080.0 2340.0 |    0    0 1080 2340 | com.example.dogglers/androidx.test.c[...]tivityInvoker$EmptyActivity$_24159#1
08-24 14:43:48.971  4226  4226 D SurfaceFlinger:      DEVICE | 0x77ce815e00 | 0000 | RGBA_8888    |    0.0    0.0 1080.0   83.0 |    0    0 1080   83 | StatusBar$_4896#0
08-24 14:43:48.971  4226  4226 D SurfaceFlinger:      DEVICE | 0x77ce8157c0 | 0000 | RGBA_8888    |    0.0    0.0   67.0  342.0 |    0  746   67 1088 | com.samsung.android.app.cocktailbars[...]arservice.CocktailBarService$_9865#0
08-24 14:43:48.971  4226  4226 D SurfaceFlinger:      DEVICE | 0x7851238200 | 0000 | RGBA_8888    |    0.0    0.0  388.0   39.0 |  692 2301 1080 2340 | SGestureOverlayWindow$_5408#0
08-24 14:43:48.971  4226  4226 D SurfaceFlinger:      DEVICE | 0x77ce815f40 | 0000 | RGBA_8888    |    0.0    0.0 1080.0  126.0 |    0 2214 1080 2340 | NavigationBar0$_4896#0
08-24 14:43:48.971  4226  4226 D SurfaceFlinger:      DEVICE | 0x77ce814b40 | 0000 | RGBA_8888    |    0.0    0.0 1080.0  151.0 |    0    0 1080  151 | ScreenDecorOverlay$_4896#0
08-24 14:43:48.971  4226  4226 D SurfaceFlinger:      DEVICE | 0x77ce817d40 | 0000 | RGBA_8888    |    0.0    0.0 1080.0  151.0 |    0 2189 1080 2340 | ScreenDecorOverlayBottom$_
08-24 14:43:48.971  4226  4226 D SurfaceFlinger: 4896#0
08-24 14:43:48.971  4226  4226 D SurfaceFlinger:
08-24 14:43:48.972  4585  7096 V WindowManager: Relayout Window{fca2357 u0 com.example.dogglers/androidx.test.core.app.InstrumentationActivityInvoker$EmptyActivity}: viewVisibility=8 req=1080x2340
08-24 14:43:48.976  4585  7096 V WindowManager: Relayout hash=fca2357, pid=24159: mAttrs={(0,0)(fillxfill) sim={adjust=pan forwardNavigation} ty=BASE_APPLICATION wanim=0x1030001
08-24 14:43:48.976  4585  7096 V WindowManager:   fl=1810100
08-24 14:43:48.976  4585  7096 V WindowManager:   pfl=12020000
08-24 14:43:48.976  4585  7096 V WindowManager:   apr=LIGHT_NAVIGATION_BARS
08-24 14:43:48.976  4585  7096 V WindowManager:   fitSides= naviIconColor=0
08-24 14:43:48.976  4585  7096 V WindowManager:   sfl=100000}
08-24 14:43:48.977 24159 24159 I SurfaceControl: nativeRelease nativeObject s[535655943104]
08-24 14:43:48.977 24159 24159 I SurfaceControl: nativeRelease nativeObject e[535655943104]
08-24 14:43:48.977 24159 24159 I SurfaceControl: assignNativeObject: nativeObject = 0 Surface(name=null)/@0xf686d10 / android.view.SurfaceControl.readFromParcel:1117 android.view.IWindowSession$Stub$Proxy.relayout:1810 android.view.ViewRootImpl.relayoutWindow:9005 android.view.ViewRootImpl.performTraversals:3360 android.view.ViewRootImpl.doTraversal:2618 android.view.ViewRootImpl$TraversalRunnable.run:9971 android.view.Choreographer$CallbackRecord.run:1010 android.view.Choreographer.doCallbacks:809 android.view.Choreographer.doFrame:744 android.view.Choreographer$FrameDisplayEventReceiver.run:995
08-24 14:43:48.977 24159 24159 I SurfaceControl: assignNativeObject: nativeObject = 0 Surface(name=null)/@0xca9f55e / android.view.SurfaceControl.readFromParcel:1117 android.view.IWindowSession$Stub$Proxy.relayout:1820 android.view.ViewRootImpl.relayoutWindow:9005 android.view.ViewRootImpl.performTraversals:3360 android.view.ViewRootImpl.doTraversal:2618 android.view.ViewRootImpl$TraversalRunnable.run:9971 android.view.Choreographer$CallbackRecord.run:1010 android.view.Choreographer.doCallbacks:809 android.view.Choreographer.doFrame:744 android.view.Choreographer$FrameDisplayEventReceiver.run:995
08-24 14:43:48.978 24159 24159 I SurfaceControl: nativeRelease nativeObject s[535692238880]
08-24 14:43:48.978 24159 24159 I SurfaceControl: nativeRelease nativeObject e[535692238880]
08-24 14:43:48.978 24159 24159 I ViewRootImpl@4b0be99[InstrumentationActivityInvoker$EmptyActivity]: Relayout returned: old=(0,0,1080,2340) new=(0,0,1080,2340) req=(1080,2340)8 dur=7 res=0x5 s={false 0} ch=true fn=2
08-24 14:43:48.979 24159 24159 I ViewRootImpl@4b0be99[InstrumentationActivityInvoker$EmptyActivity]: stopped(true) old=false
08-24 14:43:48.980 24159 24159 D LifecycleMonitor: Lifecycle status change: androidx.test.core.app.InstrumentationActivityInvoker$EmptyActivity@821dc74 in: STOPPED
08-24 14:43:48.980 24159 24159 V ActivityScenario: Activity lifecycle changed event received but ignored because the intent does not match. startActivityIntent=Intent { act=android.intent.action.MAIN cat=[android.intent.category.LAUNCHER] cmp=com.example.dogglers/.HorizontalListActivity }, activity.getIntent()=Intent { act=android.intent.action.MAIN cat=[android.intent.category.LAUNCHER] flg=0x10000000 cmp=com.example.dogglers/androidx.test.core.app.InstrumentationActivityInvoker$EmptyActivity }, activity=androidx.test.core.app.InstrumentationActivityInvoker$EmptyActivity@821dc74
08-24 14:43:48.982 24159 24159 D LifecycleMonitor: Lifecycle status change: androidx.test.core.app.InstrumentationActivityInvoker$EmptyActivity@821dc74 in: DESTROYED
08-24 14:43:48.982 24159 24159 V ActivityScenario: Activity lifecycle changed event received but ignored because the intent does not match. startActivityIntent=Intent { act=android.intent.action.MAIN cat=[android.intent.category.LAUNCHER] cmp=com.example.dogglers/.HorizontalListActivity }, activity.getIntent()=Intent { act=android.intent.action.MAIN cat=[android.intent.category.LAUNCHER] flg=0x10000000 cmp=com.example.dogglers/androidx.test.core.app.InstrumentationActivityInvoker$EmptyActivity }, activity=androidx.test.core.app.InstrumentationActivityInvoker$EmptyActivity@821dc74
08-24 14:43:48.983 24159 24159 I ViewRootImpl@4b0be99[InstrumentationActivityInvoker$EmptyActivity]: dispatchDetachedFromWindow
08-24 14:43:48.984  4585  7112 I InputDispatcher: Focus left window (24159): 97eb25b in display 0 0
08-24 14:43:48.985  4585  7096 D InputTransport: Input channel destroyed: 'fca2357', fd=697
08-24 14:43:48.985  4585  7096 I SurfaceControl: nativeRelease nativeObject s[535557013920]
08-24 14:43:48.985  4585  7096 I SurfaceControl: nativeRelease nativeObject e[535557013920]
08-24 14:43:48.985  4585  7096 D WindowManager: isScreenshotDisabledLocked - win: Window{fca2357 u0 com.example.dogglers/androidx.test.core.app.InstrumentationActivityInvoker$EmptyActivity}
08-24 14:43:48.985  4585  7096 D WindowManager: isScreenshotDisabledLocked: userId = 0, disabled =false
08-24 14:43:48.985  4585  7096 I SurfaceControl: nativeRelease nativeObject s[535556334080]
08-24 14:43:48.985  4585  7096 I SurfaceControl: nativeRelease nativeObject e[535556334080]
08-24 14:43:48.985  4226  4248 I SurfaceFlinger: id=88570 createSurf (0x0),-1 flag=24004, Surface(name=a3a0629 InputMethod)/@0x54f474f - animation-leash#1
08-24 14:43:48.986  4585  7096 I SurfaceControl: nativeRelease nativeObject s[535557009888]
08-24 14:43:48.986  4585  7096 I SurfaceControl: nativeRelease nativeObject e[535557009888]
08-24 14:43:48.987  4226  4248 I Layer   : id=88561 removeFromCurrentState com.example.dogglers/androidx.test.core.app.InstrumentationActivityInvoker$EmptyActivity$_24159#0 (80)
08-24 14:43:48.987  4226  4248 I SurfaceFlinger: id=88561 Removed com.example.dogglers/androidx.test.core.app.InstrumentationActivityInvoker$EmptyActivity$_24159#0 (80)
08-24 14:43:48.988  4226  4248 I Layer   : id=88560 removeFromCurrentState fca2357 com.example.dogglers/androidx.test.core.app.InstrumentationActivityInvoker$EmptyActivity#0 (80)
08-24 14:43:48.988  4226  4248 I Layer   : id=88565 removeFromCurrentState Surface(name=a3a0629 InputMethod)/@0x54f474f - animation-leash#0 (80)
08-24 14:43:48.989  4226  4248 I SurfaceFlinger: id=88560 Removed fca2357 com.example.dogglers/androidx.test.core.app.InstrumentationActivityInvoker$EmptyActivity#0 (80)
08-24 14:43:48.990 24159 24159 D InputTransport: Input channel destroyed: 'fca2357', fd=93
08-24 14:43:48.991  4585  7112 I SurfaceControl: nativeRelease nativeObject s[535581061728]
08-24 14:43:48.991  4585  7112 I SurfaceControl: nativeRelease nativeObject e[535581061728]
08-24 14:43:48.994 24159 24159 D LifecycleMonitor: Lifecycle status change: androidx.test.core.app.InstrumentationActivityInvoker$EmptyActivity@f02a7d1 in: PAUSED
08-24 14:43:48.994 24159 24159 V ActivityScenario: Activity lifecycle changed event received but ignored because the intent does not match. startActivityIntent=Intent { act=android.intent.action.MAIN cat=[android.intent.category.LAUNCHER] cmp=com.example.dogglers/.HorizontalListActivity }, activity.getIntent()=Intent { act=android.intent.action.MAIN cat=[android.intent.category.LAUNCHER] flg=0x10000000 cmp=com.example.dogglers/androidx.test.core.app.InstrumentationActivityInvoker$EmptyActivity }, activity=androidx.test.core.app.InstrumentationActivityInvoker$EmptyActivity@f02a7d1
08-24 14:43:48.996  4585  7112 I SemDvfsHyPerManager: acquire hyper - AMS_ACT_RESUME/4585@33, type = -999
08-24 14:43:48.996  4175  4211 I HYPER-HAL: [RequestManager.cpp]acquire(): Acquired ID : 10665304  [4585 / 33]    HINT : AMS_ACT_RESUME    list :
08-24 14:43:48.997  4175  4211 I HYPER-HAL: [ResourceManager.cpp]updateResource(): [CPUMinFreq] UpdateResource Request ID : 10665304    Value : 1664000
08-24 14:43:48.997  4585  7112 D InputDispatcher: Focused application set to (0): 3890c50
08-24 14:43:48.999  4140  4146 E statsd  : Predicate -7037417284711607308 dropping data for dimension key (10)0x2010101->10574[I] (10)0x30000->*launch*[S]
08-24 14:43:48.999  4585  7112 V WindowOrientationListener: getProposedRotation: -1
08-24 14:43:48.999  4585  7112 V WindowOrientationListener: getProposedRotation: -1
08-24 14:43:48.999  4140  4146 E statsd  : Predicate 5980654721335871649 dropping data for dimension key (10)0x2010101->10574[I] (10)0x30000->*launch*[S]
08-24 14:43:49.000  4226  4226 I Layer   : id=88560[1] Destroyed fca2357 com.example.dogglers/androidx.test.core.app.InstrumentationActivityInvoker$EmptyActivity#0
08-24 14:43:49.000  4585  7112 V WindowOrientationListener: getProposedRotation: -1
08-24 14:43:49.000  4226  4226 I Layer   : id=88561[1] Destroyed com.example.dogglers/androidx.test.core.app.InstrumentationActivityInvoker$EmptyActivity$_24159#0
08-24 14:43:49.001 21625 21625 I SurfaceView: onWindowVisibilityChanged(4) false android.view.SurfaceView{c9edee9 V.E...... ......ID 0,0-1080,607} of ViewRootImpl@b7edacd[WatchWhileActivity]
08-24 14:43:49.006  4226  4248 I Layer   : id=88559 removeFromCurrentState ActivityRecord{bd9b180 u0 com.example.dogglers/androidx.test.core.app.InstrumentationActivityInvoker$EmptyActivity t1572}#0 (78)
08-24 14:43:49.007  4226  4248 I SurfaceFlinger: id=88559 Removed ActivityRecord{bd9b180 u0 com.example.dogglers/androidx.test.core.app.InstrumentationActivityInvoker$EmptyActivity t1572}#0 (78)
08-24 14:43:49.007  4585  7096 V WindowManager: Relayout Window{911a194 u0 com.google.android.youtube/com.google.android.apps.youtube.app.watchwhile.WatchWhileActivity}: viewVisibility=4 req=1080x2340
08-24 14:43:49.008 24159 24159 I ViewRootImpl@5f05bc2[InstrumentationActivityInvoker$EmptyActivity]: MSG_WINDOW_FOCUS_CHANGED 0 1
08-24 14:43:49.008 24159 24159 I ViewRootImpl@5f05bc2[InstrumentationActivityInvoker$EmptyActivity]: MSG_WINDOW_FOCUS_CHANGED 0 1
08-24 14:43:49.009 24159 24204 I TestRunner: finished: horizontal_scrolling(com.example.dogglers.HorizontalListTests)
