08-24 14:43:47.724  4585  7034 V WindowManager:   fl=1810100
08-24 14:43:47.724  4585  7034 V WindowManager:   pfl=12020000
08-24 14:43:47.724  4585  7034 V WindowManager:   apr=LIGHT_NAVIGATION_BARS
08-24 14:43:47.724  4585  7034 V WindowManager:   fitSides= naviIconColor=0
08-24 14:43:47.724  4585  7034 V WindowManager:   sfl=100000}
08-24 14:43:47.725  4585  7034 I SurfaceControl: nativeRelease nativeObject s[537628417408]
08-24 14:43:47.725  4585  7034 I SurfaceControl: nativeRelease nativeObject e[537628417408]
08-24 14:43:47.726 24159 24159 I SurfaceControl: assignNativeObject: nativeObject = 0 Surface(name=null)/@0x2cbdc8e / android.view.SurfaceControl.readFromParcel:1117 android.view.IWindowSession$Stub$Proxy.relayout:1820 android.view.ViewRootImpl.relayoutWindow:9005 android.view.ViewRootImpl.performTraversals:3360 android.view.ViewRootImpl.doTraversal:2618 android.view.ViewRootImpl$TraversalRunnable.run:9971 android.view.Choreographer$CallbackRecord.run:1010 android.view.Choreographer.doCallbacks:809 android.view.Choreographer.doFrame:744 android.view.Choreographer$FrameDisplayEventReceiver.run:995
08-24 14:43:47.727 24159 24159 I ViewRootImpl@fa0489[InstrumentationActivityInvoker$EmptyActivity]: Relayout returned: old=(0,0,1080,2340) new=(0,0,1080,2340) req=(1080,2340)0 dur=9 res=0x7 s={true 535654928384} ch=true fn=-1
08-24 14:43:47.729 24159 24159 I ViewRootImpl@fa0489[InstrumentationActivityInvoker$EmptyActivity]: [DP] dp(1) 1 android.view.ViewRootImpl.reportNextDraw:10957 android.view.ViewRootImpl.performTraversals:3845 android.view.ViewRootImpl.doTraversal:2618
08-24 14:43:47.729  4159 16850 D gralloc : [mali_gralloc_allocate] begin
08-24 14:43:47.729  4159 16850 D gralloc : buffer_descriptor: wh(1080 2340) usage_pc(0x40000000000b00 0x40000000000b00) hal_format(0x1) layer_count(1) sizes(0 0 0) strde(0) byte_stride(0) alloc_wh(0 0) internal_format(0x0) alloc_format(0x0) fd_count(1) plane_count(0)
08-24 14:43:47.729 24159 24159 I ViewRootImpl@fa0489[InstrumentationActivityInvoker$EmptyActivity]: [DP] pd() Asnyc report
08-24 14:43:47.731  4159 16850 D gralloc : [mali_gralloc_allocate] allocation successful
08-24 14:43:47.732  4226  5359 I Layer   : id=88524 removeFromCurrentState Surface(name=e455c2d StatusBar)/@0x2f65071 - animation-leash#1 (78)
08-24 14:43:47.732  4226  5359 I Layer   : id=88525 removeFromCurrentState Surface(name=a71bb8f NavigationBar0)/@0x8f38906 - animation-leash#1 (78)
08-24 14:43:47.732  4159 16850 D gralloc : [mali_gralloc_allocate] begin
08-24 14:43:47.732  4159 16850 D gralloc : buffer_descriptor: wh(1080 2340) usage_pc(0x40000000000b00 0x40000000000b00) hal_format(0x1) layer_count(1) sizes(0 0 0) strde(0) byte_stride(0) alloc_wh(0 0) internal_format(0x0) alloc_format(0x0) fd_count(1) plane_count(0)
08-24 14:43:47.733  4159 16850 D gralloc : [mali_gralloc_allocate] allocation successful
08-24 14:43:47.734  4159 16850 D gralloc : [mali_gralloc_allocate] begin
08-24 14:43:47.734  4159 16850 D gralloc : buffer_descriptor: wh(1080 2340) usage_pc(0x40000000000b00 0x40000000000b00) hal_format(0x1) layer_count(1) sizes(0 0 0) strde(0) byte_stride(0) alloc_wh(0 0) internal_format(0x0) alloc_format(0x0) fd_count(1) plane_count(0)
08-24 14:43:47.736 24159 24159 I ViewRootImpl@fa0489[InstrumentationActivityInvoker$EmptyActivity]: [DP] pdf(0) 1 android.view.ViewRootImpl.lambda$performDraw$1$ViewRootImpl:4668 android.view.-$$Lambda$ViewRootImpl$DJd0VUYJgsebcnSohO6h8zc_ONI.run:6 android.os.Handler.handleCallback:938
08-24 14:43:47.736 24159 24159 I ViewRootImpl@fa0489[InstrumentationActivityInvoker$EmptyActivity]: [DP] rdf()
08-24 14:43:47.736  4159 16850 D gralloc : [mali_gralloc_allocate] allocation successful
08-24 14:43:47.736 24159 24159 I ViewRootImpl@1bb548c[InstrumentationActivityInvoker$EmptyActivity]: MSG_WINDOW_FOCUS_CHANGED 0 1
08-24 14:43:47.739  4585  4613 D PkgPredictorService: pkg:com.example.dogglers activity:androidx.test.core.app.InstrumentationActivityInvoker$EmptyActivity thisTime:112
08-24 14:43:47.740  4585  4613 I SemDvfsHyPerManager: acquire hyper - AMS_RESUME_TAIL/4585@18, type = -999
08-24 14:43:47.740  4585  4613 I SemDvfsHyPerManager: acquire hyper - AMS_ACT_LAZY/4585@19, type = -999
08-24 14:43:47.741  4585  4617 I ActivityTaskManager: Displayed com.example.dogglers/androidx.test.core.app.InstrumentationActivityInvoker$EmptyActivity: +112ms
08-24 14:43:47.741  4175  4211 I HYPER-HAL: [RequestManager.cpp]acquire(): Acquired ID : 10596124  [4585 / 18]    HINT : AMS_RESUME_TAIL    list :
08-24 14:43:47.741  4175  4211 I HYPER-HAL: [ResourceManager.cpp]updateResource(): [CPUMinFreq] UpdateResource Request ID : 10596124    Value : 1768000
08-24 14:43:47.742  4175  4211 I HYPER-HAL: [RequestManager.cpp]acquire(): Acquired ID : 10600729  [4585 / 19]    HINT :      list :
08-24 14:43:47.742  4175  4211 E HYPER-HAL: [Request.cpp]acquire(): Request:: id : 10600729, No Resource to set
08-24 14:43:47.743  4175  4211 I HYPER-HAL: [ResourceManager.cpp]removeResource(): [CPUMinFreq] RemoveResource Request ID : 10586917
08-24 14:43:47.743  4175  4211 I HYPER-HAL: [RequestManager.cpp]releaseLocked(): Released ID : 10586917
08-24 14:43:47.745 24159 24159 I SurfaceControl: nativeRelease nativeObject s[536151023456]
08-24 14:43:47.745 24159 24159 I SurfaceControl: nativeRelease nativeObject e[536151023456]
08-24 14:43:47.745 24159 24159 I SurfaceControl: nativeRelease nativeObject s[536151022976]
08-24 14:43:47.745 24159 24159 I SurfaceControl: nativeRelease nativeObject e[536151022976]
08-24 14:43:47.746 24159 24159 I SurfaceControl: nativeRelease nativeObject s[536151024128]
08-24 14:43:47.746  4226  4601 I SurfaceFlinger: id=88525 Removed Surface(name=a71bb8f NavigationBar0)/@0x8f38906 - animation-leash#1 (78)
08-24 14:43:47.746 24159 24159 I SurfaceControl: nativeRelease nativeObject e[536151024128]
08-24 14:43:47.746  4226  4601 I SurfaceFlinger: id=88524 Removed Surface(name=e455c2d StatusBar)/@0x2f65071 - animation-leash#1 (78)
08-24 14:43:47.747  4226  4226 I Layer   : id=88524[1] Destroyed Surface(name=e455c2d StatusBar)/@0x2f65071 - animation-leash#1
08-24 14:43:47.747  4226  4226 I Layer   : id=88525[1] Destroyed Surface(name=a71bb8f NavigationBar0)/@0x8f38906 - animation-leash#1
08-24 14:43:47.748  4585  7112 I InputDispatcher: Focus entered window (24159): 15f0272 in display 0 0
08-24 14:43:47.753  4226  4226 D SurfaceFlinger: Display 0 HWC layers:
08-24 14:43:47.753  4226  4226 D SurfaceFlinger:      DEVICE | 0x77ce817c00 | 0002 | RGBA_8888    |    0.0    0.0 1080.0 2340.0 |    0    0 1080 2340 | com.example.dogglers/androidx.test.c[...]tivityInvoker$EmptyActivity$_24159#1
08-24 14:43:47.753  4226  4226 D SurfaceFlinger:      DEVICE | 0x77ce816940 | 0000 | RGBA_8888    |    0.0    0.0 1080.0   83.0 |    0    0 1080   83 | StatusBar$_4896#0
08-24 14:43:47.753  4226  4226 D SurfaceFlinger:      DEVICE | 0x77ce8157c0 | 0000 | RGBA_8888    |    0.0    0.0   67.0  342.0 |    0  746   67 1088 | com.samsung.android.app.cocktailbars[...]arservice.CocktailBarService$_9865#0
08-24 14:43:47.753  4226  4226 D SurfaceFlinger:      DEVICE | 0x7851238200 | 0000 | RGBA_8888    |    0.0    0.0  388.0   39.0 |  692 2301 1080 2340 | SGestureOverlayWindow$_5408#0
08-24 14:43:47.753  4226  4226 D SurfaceFlinger:      DEVICE | 0x77ce815f40 | 0000 | RGBA_8888    |    0.0    0.0 1080.0  126.0 |    0 2214 1080 2340 | NavigationBar0$_4896#0
08-24 14:43:47.753  4226  4226 D SurfaceFlinger:      DEVICE | 0x77ce814b40 | 0000 | RGBA_8888    |    0.0    0.0 1080.0  151.0 |    0    0 1080  151 | ScreenDecorOverlay$_4896#0
08-24 14:43:47.753  4226  4226 D SurfaceFlinger:      DEVICE | 0x77ce817d40 | 0000 | RGBA_8888    |    0.0    0.0 1080.0  151.0 |    0 2189 1080 2340 | ScreenDecorOverlayBottom$_
08-24 14:43:47.753  4226  4226 D SurfaceFlinger: 4896#0
08-24 14:43:47.753  4226  4226 D SurfaceFlinger:
08-24 14:43:47.757  4226  4601 E BufferQueueProducer: [com.example.dogglers/androidx.test.core.app.InstrumentationActivityInvoker$EmptyActivity$_24159#0](id:10820000495e,api:0,p:-1,c:4226) disconnect: not connected (req=1)
08-24 14:43:47.757 24159 24214 W libEGL  : EGLNativeWindowType 0x7cb779b010 disconnect failed
08-24 14:43:47.758  4585  7112 V WindowManager: Relayout Window{6309312 u0 com.example.dogglers/androidx.test.core.app.InstrumentationActivityInvoker$EmptyActivity}: viewVisibility=8 req=1080x2340
08-24 14:43:47.762  4585  7112 V WindowManager: Relayout hash=6309312, pid=24159: mAttrs={(0,0)(fillxfill) sim={adjust=pan forwardNavigation} ty=BASE_APPLICATION wanim=0x1030001
08-24 14:43:47.762  4585  7112 V WindowManager:   fl=1810100
08-24 14:43:47.762  4585  7112 V WindowManager:   pfl=12020000
08-24 14:43:47.762  4585  7112 V WindowManager:   apr=LIGHT_NAVIGATION_BARS
08-24 14:43:47.762  4585  7112 V WindowManager:   fitSides= naviIconColor=0
08-24 14:43:47.762  4585  7112 V WindowManager:   sfl=100000}
08-24 14:43:47.763 24159 24159 I SurfaceControl: nativeRelease nativeObject s[535655936192]
08-24 14:43:47.763 24159 24159 I SurfaceControl: nativeRelease nativeObject e[535655936192]
08-24 14:43:47.764 24159 24159 I SurfaceControl: assignNativeObject: nativeObject = 0 Surface(name=null)/@0x1d45caf / android.view.SurfaceControl.readFromParcel:1117 android.view.IWindowSession$Stub$Proxy.relayout:1810 android.view.ViewRootImpl.relayoutWindow:9005 android.view.ViewRootImpl.performTraversals:3360 android.view.ViewRootImpl.doTraversal:2618 android.view.ViewRootImpl$TraversalRunnable.run:9971 android.view.Choreographer$CallbackRecord.run:1010 android.view.Choreographer.doCallbacks:809 android.view.Choreographer.doFrame:744 android.view.Choreographer$FrameDisplayEventReceiver.run:995
08-24 14:43:47.764 24159 24159 I SurfaceControl: assignNativeObject: nativeObject = 0 Surface(name=null)/@0xcdd7d5 / android.view.SurfaceControl.readFromParcel:1117 android.view.IWindowSession$Stub$Proxy.relayout:1820 android.view.ViewRootImpl.relayoutWindow:9005 android.view.ViewRootImpl.performTraversals:3360 android.view.ViewRootImpl.doTraversal:2618 android.view.ViewRootImpl$TraversalRunnable.run:9971 android.view.Choreographer$CallbackRecord.run:1010 android.view.Choreographer.doCallbacks:809 android.view.Choreographer.doFrame:744 android.view.Choreographer$FrameDisplayEventReceiver.run:995
08-24 14:43:47.764  4585  7112 I InputDispatcher: Focus left window (24159): 15f0272 in display 0 0
08-24 14:43:47.765 24159 24159 I SurfaceControl: nativeRelease nativeObject s[535648696128]
08-24 14:43:47.765 24159 24159 I SurfaceControl: nativeRelease nativeObject e[535648696128]
08-24 14:43:47.765 24159 24159 I ViewRootImpl@1bb548c[InstrumentationActivityInvoker$EmptyActivity]: Relayout returned: old=(0,0,1080,2340) new=(0,0,1080,2340) req=(1080,2340)8 dur=6 res=0x5 s={false 0} ch=true fn=2
08-24 14:43:47.766 24159 24159 I ViewRootImpl@1bb548c[InstrumentationActivityInvoker$EmptyActivity]: stopped(true) old=false
08-24 14:43:47.767 24159 24159 D LifecycleMonitor: Lifecycle status change: androidx.test.core.app.InstrumentationActivityInvoker$EmptyActivity@6a7e663 in: STOPPED
08-24 14:43:47.767 24159 24159 V ActivityScenario: Activity lifecycle changed event received but ignored because the intent does not match. startActivityIntent=Intent { act=android.intent.action.MAIN cat=[android.intent.category.LAUNCHER] cmp=com.example.dogglers/.HorizontalListActivity }, activity.getIntent()=Intent { act=android.intent.action.MAIN cat=[android.intent.category.LAUNCHER] flg=0x10000000 cmp=com.example.dogglers/androidx.test.core.app.InstrumentationActivityInvoker$EmptyActivity }, activity=androidx.test.core.app.InstrumentationActivityInvoker$EmptyActivity@6a7e663
08-24 14:43:47.769 24159 24159 D LifecycleMonitor: Lifecycle status change: androidx.test.core.app.InstrumentationActivityInvoker$EmptyActivity@6a7e663 in: DESTROYED
08-24 14:43:47.769 24159 24159 V ActivityScenario: Activity lifecycle changed event received but ignored because the intent does not match. startActivityIntent=Intent { act=android.intent.action.MAIN cat=[android.intent.category.LAUNCHER] cmp=com.example.dogglers/.HorizontalListActivity }, activity.getIntent()=Intent { act=android.intent.action.MAIN cat=[android.intent.category.LAUNCHER] flg=0x10000000 cmp=com.example.dogglers/androidx.test.core.app.InstrumentationActivityInvoker$EmptyActivity }, activity=androidx.test.core.app.InstrumentationActivityInvoker$EmptyActivity@6a7e663
08-24 14:43:47.770 24159 24159 I ViewRootImpl@1bb548c[InstrumentationActivityInvoker$EmptyActivity]: dispatchDetachedFromWindow
08-24 14:43:47.771  4585  7112 D InputTransport: Input channel destroyed: '6309312', fd=676
08-24 14:43:47.771  4585  7112 I SurfaceControl: nativeRelease nativeObject s[535579927552]
08-24 14:43:47.771  4585  7112 I SurfaceControl: nativeRelease nativeObject e[535579927552]
08-24 14:43:47.771  4585  7112 D WindowManager: isScreenshotDisabledLocked - win: Window{6309312 u0 com.example.dogglers/androidx.test.core.app.InstrumentationActivityInvoker$EmptyActivity}
08-24 14:43:47.771  4585  7112 D WindowManager: isScreenshotDisabledLocked: userId = 0, disabled =false
08-24 14:43:47.771  4585  7112 I SurfaceControl: nativeRelease nativeObject s[537816940224]
08-24 14:43:47.771  4585  7112 I SurfaceControl: nativeRelease nativeObject e[537816940224]
08-24 14:43:47.772  4226  5357 I SurfaceFlinger: id=88532 createSurf (0x0),-1 flag=24004, Surface(name=a3a0629 InputMethod)/@0x54f474f - animation-leash#1
08-24 14:43:47.772  4585  7112 I SurfaceControl: nativeRelease nativeObject s[537628416832]
08-24 14:43:47.772  4585  7112 I SurfaceControl: nativeRelease nativeObject e[537628416832]
08-24 14:43:47.773  4226  5357 I Layer   : id=88523 removeFromCurrentState com.example.dogglers/androidx.test.core.app.InstrumentationActivityInvoker$EmptyActivity$_24159#0 (77)
08-24 14:43:47.773  4226  5357 I SurfaceFlinger: id=88523 Removed com.example.dogglers/androidx.test.core.app.InstrumentationActivityInvoker$EmptyActivity$_24159#0 (77)
08-24 14:43:47.774  4226  5357 I Layer   : id=88522 removeFromCurrentState 6309312 com.example.dogglers/androidx.test.core.app.InstrumentationActivityInvoker$EmptyActivity#0 (77)
08-24 14:43:47.774  4226  5357 I Layer   : id=88526 removeFromCurrentState Surface(name=a3a0629 InputMethod)/@0x54f474f - animation-leash#0 (77)
08-24 14:43:47.775  4226  5357 I SurfaceFlinger: id=88522 Removed 6309312 com.example.dogglers/androidx.test.core.app.InstrumentationActivityInvoker$EmptyActivity#0 (77)
08-24 14:43:47.775 24159 24159 D InputTransport: Input channel destroyed: '6309312', fd=89
08-24 14:43:47.776 24159 24159 I ViewRootImpl@fa0489[InstrumentationActivityInvoker$EmptyActivity]: MSG_WINDOW_FOCUS_CHANGED 0 1
08-24 14:43:47.778  4585  7112 I SurfaceControl: nativeRelease nativeObject s[535556333984]
08-24 14:43:47.778  4585  7112 I SurfaceControl: nativeRelease nativeObject e[535556333984]
08-24 14:43:47.778 24159 24159 D LifecycleMonitor: Lifecycle status change: androidx.test.core.app.InstrumentationActivityInvoker$EmptyActivity@5c5a924 in: PAUSED
08-24 14:43:47.778 24159 24159 V ActivityScenario: Activity lifecycle changed event received but ignored because the intent does not match. startActivityIntent=Intent { act=android.intent.action.MAIN cat=[android.intent.category.LAUNCHER] cmp=com.example.dogglers/.HorizontalListActivity }, activity.getIntent()=Intent { act=android.intent.action.MAIN cat=[android.intent.category.LAUNCHER] flg=0x10000000 cmp=com.example.dogglers/androidx.test.core.app.InstrumentationActivityInvoker$EmptyActivity }, activity=androidx.test.core.app.InstrumentationActivityInvoker$EmptyActivity@5c5a924
08-24 14:43:47.779  4585  7034 I SemDvfsHyPerManager: acquire hyper - AMS_ACT_RESUME/4585@33, type = -999
08-24 14:43:47.781  4226  4226 I Layer   : id=88522[1] Destroyed 6309312 com.example.dogglers/androidx.test.core.app.InstrumentationActivityInvoker$EmptyActivity#0
08-24 14:43:47.781  4226  4226 I Layer   : id=88523[1] Destroyed com.example.dogglers/androidx.test.core.app.InstrumentationActivityInvoker$EmptyActivity$_24159#0
08-24 14:43:47.781  4585  7034 D InputDispatcher: Focused application set to (0): 3890c50
08-24 14:43:47.781  4140  4146 E statsd  : Predicate -7037417284711607308 dropping data for dimension key (10)0x2010101->10574[I] (10)0x30000->*launch*[S]
08-24 14:43:47.782  4140  4146 E statsd  : Predicate 5980654721335871649 dropping data for dimension key (10)0x2010101->10574[I] (10)0x30000->*launch*[S]
08-24 14:43:47.782  4175  4211 I HYPER-HAL: [RequestManager.cpp]acquire(): Acquired ID : 10665304  [4585 / 33]    HINT : AMS_ACT_RESUME    list :
08-24 14:43:47.782  4585  7034 V WindowOrientationListener: getProposedRotation: -1
08-24 14:43:47.782  4585  7034 V WindowOrientationListener: getProposedRotation: -1
08-24 14:43:47.783  4175  4211 I HYPER-HAL: [ResourceManager.cpp]updateResource(): [CPUMinFreq] UpdateResource Request ID : 10665304    Value : 1664000
08-24 14:43:47.783  4585  7034 V WindowOrientationListener: getProposedRotation: -1
08-24 14:43:47.787  4226  5357 I Layer   : id=88521 removeFromCurrentState ActivityRecord{4c6be5 u0 com.example.dogglers/androidx.test.core.app.InstrumentationActivityInvoker$EmptyActivity t1571}#0 (75)
08-24 14:43:47.788 24159 24159 I ViewRootImpl@fa0489[InstrumentationActivityInvoker$EmptyActivity]: MSG_WINDOW_FOCUS_CHANGED 0 1
08-24 14:43:47.789  4226  5357 I SurfaceFlinger: id=88521 Removed ActivityRecord{4c6be5 u0 com.example.dogglers/androidx.test.core.app.InstrumentationActivityInvoker$EmptyActivity t1571}#0 (75)
08-24 14:43:47.789 24159 24204 I TestRunner: finished: recycler_view_item_count(com.example.dogglers.HorizontalListTests)
