08-24 14:43:55.262 24159 24204 I TestRunner: started: vertical_scroll_content_at_first_position(com.example.dogglers.VerticalListTests)
08-24 14:43:55.263  4226  5357 I Layer   : id=88758 removeFromCurrentState b42493 com.example.dogglers/androidx.test.core.app.InstrumentationActivityInvoker$EmptyActivity#0 (80)
08-24 14:43:55.264  4585  4635 D FastTrack: setFastTrackState: pid = 24159 ;tid= 24214 ;value= 0
08-24 14:43:55.264  4896  4896 I ViewRootImpl@b9c0f52[NotificationShade]: Relayout returned: old=(0,0,1080,2340) new=(0,0,1080,2340) req=(1080,2340)4 dur=16 res=0x1 s={false 0} ch=false fn=-1
08-24 14:43:55.265  4226  4226 I Layer   : id=88759[1] Destroyed com.example.dogglers/androidx.test.core.app.InstrumentationActivityInvoker$EmptyActivity$_24159#1
08-24 14:43:55.265 24159 24159 D InputTransport: Input channel destroyed: 'b42493 ', fd=89
08-24 14:43:55.266  4226  5357 I SurfaceFlinger: id=88758 Removed b42493 com.example.dogglers/androidx.test.core.app.InstrumentationActivityInvoker$EmptyActivity#0 (79)
08-24 14:43:55.271  4896  4896 D KeyguardBottomAreaShortcutView: updateCameraVisibility isCameraDisabled:false visible:true
08-24 14:43:55.271  4896  4896 D KeyguardBottomAreaShortcutView: mIndicationArea margin start : 158, end : 158, bottom : 145
08-24 14:43:55.275  4585  5087 I SurfaceControl: nativeRelease nativeObject s[535556865408]
08-24 14:43:55.275  4585  5087 I SurfaceControl: nativeRelease nativeObject e[535556865408]
08-24 14:43:55.275  4585  5087 I SurfaceControl: nativeRelease nativeObject s[537816938688]
08-24 14:43:55.275  4585  5087 I SurfaceControl: nativeRelease nativeObject e[537816938688]
08-24 14:43:55.278  4226  4251 I Layer   : id=88755 removeFromCurrentState ActivityRecord{eec707 u0 com.example.dogglers/androidx.test.core.app.InstrumentationActivityInvoker$EmptyActivity t1577}#0 (79)
08-24 14:43:55.278  4226  4251 I Layer   : id=88732 removeFromCurrentState Task=1577#0 (79)
08-24 14:43:55.279  4896  4896 D SecStatusBarMobileView: setStaticDrawableColor:
08-24 14:43:55.279  4896  4896 D SecStatusBarMobileView: setStaticDrawableColor:
08-24 14:43:55.279  4226  4251 I SurfaceFlinger: id=88755 Removed ActivityRecord{eec707 u0 com.example.dogglers/androidx.test.core.app.InstrumentationActivityInvoker$EmptyActivity t1577}#0 (79)
08-24 14:43:55.279  4226  4251 I SurfaceFlinger: id=88732 Removed Task=1577#0 (79)
08-24 14:43:55.281  4226  4226 I Layer   : id=88758[1] Destroyed b42493 com.example.dogglers/androidx.test.core.app.InstrumentationActivityInvoker$EmptyActivity#0
08-24 14:43:55.281  4226  4226 I Layer   : id=88732[1] Destroyed Task=1577#0
08-24 14:43:55.281  4226  4226 I Layer   : id=88755[1] Destroyed ActivityRecord{eec707 u0 com.example.dogglers/androidx.test.core.app.InstrumentationActivityInvoker$EmptyActivity t1577}#0
08-24 14:43:55.294  4896  4896 D SecStatusBarMobileView: setStaticDrawableColor:
08-24 14:43:55.294  4896  4896 D SecStatusBarMobileView: setStaticDrawableColor:
08-24 14:43:55.296 24159 24204 W Settings: Setting always_finish_activities has moved from android.provider.Settings.System to android.provider.Settings.Global, returning read-only value.
08-24 14:43:55.308  4896  4896 D SecStatusBarMobileView: setStaticDrawableColor:
08-24 14:43:55.308  4896  4896 D SecStatusBarMobileView: setStaticDrawableColor:
08-24 14:43:55.321  4896  4896 D SecStatusBarMobileView: setStaticDrawableColor:
08-24 14:43:55.321  4896  4896 D SecStatusBarMobileView: setStaticDrawableColor:
08-24 14:43:55.326  4585  5732 I SemDvfsHyPerManager: acquire hyper - AMS_APP_SWITCH/4585@30, type = -999
08-24 14:43:55.326  4175  4211 I HYPER-HAL: [RequestManager.cpp]acquire(): Acquired ID : 10651450  [4585 / 30]    HINT : AMS_APP_SWITCH    list :
08-24 14:43:55.327  7134  7134 I SemDvfsHyPerManager: acquire hyper - com.sec.android.sdhms/7134@9, type = -999
08-24 14:43:55.327  4175  4211 I HYPER-HAL: [ResourceManager.cpp]updateResource(): [CPUMinFreq] UpdateResource Request ID : 10651450    Value : 2314000
08-24 14:43:55.329  4175  4211 I HYPER-HAL: [RequestManager.cpp]acquire(): Acquired ID : 25514805  [7134 / 9]    HINT : APP_START    list :
08-24 14:43:55.329  4175  4211 E HYPER-HAL: [HandlerSysfs.cpp]doResourceHandling(): Couldn't Open Sysfs - /sys/kernel/mm/vmscan/am_app_launch
08-24 14:43:55.329  4175  4211 I HYPER-HAL: [ResourceManager.cpp]updateResource(): [CPUMaxFreq] UpdateResource Request ID : 25514805    Value : 2314000
08-24 14:43:55.331  4226  4251 I SurfaceFlinger: id=88771 createSurf (0x0),-1 flag=24004, Task=1578#0
08-24 14:43:55.331  4896  4896 D SecStatusBarMobileView: setStaticDrawableColor:
08-24 14:43:55.331  4896  4896 D SecStatusBarMobileView: setStaticDrawableColor:
08-24 14:43:55.339  4226  4251 I SurfaceFlinger: id=88772 createSurf (0x0),-1 flag=80004, ActivityRecord{fc772b6 u0 com.example.dogglers/androidx.test.core.app.InstrumentationActivityInvoker$BootstrapActivity t1578}#0
08-24 14:43:55.343  4585  5087 V WindowOrientationListener: getProposedRotation: -1
08-24 14:43:55.344  4140  4146 E statsd  : Predicate -7037417284711607308 dropping data for dimension key (10)0x2010101->10574[I] (10)0x30000->*launch*[S]
08-24 14:43:55.345  4140  4146 E statsd  : Predicate 5980654721335871649 dropping data for dimension key (10)0x2010101->10574[I] (10)0x30000->*launch*[S]
08-24 14:43:55.346  4585  5087 I SemDvfsHyPerManager: acquire hyper - AMS_APP_LAUNCH/4585@17, type = -999
08-24 14:43:55.347  4175  4211 I HYPER-HAL: [RequestManager.cpp]acquire(): Acquired ID : 10591520  [4585 / 17]    HINT : AMS_APP_LAUNCH    list :
08-24 14:43:55.347  4175  4211 I HYPER-HAL: [ResourceManager.cpp]updateResource(): [CPUMinFreq] UpdateResource Request ID : 10591520    Value : 2314000
08-24 14:43:55.348  4896  4896 D SecStatusBarMobileView: setStaticDrawableColor:
08-24 14:43:55.348  4896  4896 D SecStatusBarMobileView: setStaticDrawableColor:
08-24 14:43:55.351  4585  5087 V WindowOrientationListener: getProposedRotation: -1
08-24 14:43:55.351  4585  5087 V WindowOrientationListener: getProposedRotation: -1
08-24 14:43:55.352  4585  5087 V WindowOrientationListener: getProposedRotation: -1
08-24 14:43:55.355  4585  5087 D InputDispatcher: Focused application set to (0): fc772b6
08-24 14:43:55.375 24159 24159 D LifecycleMonitor: Lifecycle status change: androidx.test.core.app.InstrumentationActivityInvoker$BootstrapActivity@9e1e961 in: PRE_ON_CREATE
08-24 14:43:55.376 24159 24159 V ActivityScenario: Activity lifecycle changed event received but ignored because the intent does not match. startActivityIntent=Intent { act=android.intent.action.MAIN cat=[android.intent.category.LAUNCHER] cmp=com.example.dogglers/.VerticalListActivity }, activity.getIntent()=Intent { act=android.intent.action.MAIN cat=[android.intent.category.LAUNCHER] flg=0x10008000 cmp=com.example.dogglers/androidx.test.core.app.InstrumentationActivityInvoker$BootstrapActivity (has extras) }, activity=androidx.test.core.app.InstrumentationActivityInvoker$BootstrapActivity@9e1e961
08-24 14:43:55.378  4585  4635 D FastTrack: setFastTrackState: pid = 24159 ;tid= 24159 ;value= 1
08-24 14:43:55.378  4585  4635 D FastTrack: setFastTrackState: pid = 24159 ;tid= 24214 ;value= 1
08-24 14:43:55.379  4585  4613 D InputTransport: Input channel constructed: '89ec2cb', fd=688
08-24 14:43:55.379  4585  4613 D InputTransport: Input channel constructed: '89ec2cb', fd=691
08-24 14:43:55.379  4226  4601 I SurfaceFlinger: id=88773 createSurf (0x0),-1 flag=80004, 89ec2cb Splash Screen com.example.dogglers#0
08-24 14:43:55.382  4585  4613 I ViewRootImpl@49daebc[dogglers]: setView = com.android.internal.policy.DecorView@3190fd TM=true
08-24 14:43:55.388  4149  4184 D audio_hw_primary: device-adev_set_parameters: enter with key(audioHDR=0)
08-24 14:43:55.388 24159 24159 I DecorView: [INFO] isPopOver=false, config=true
08-24 14:43:55.388 24159 24159 I DecorView: updateCaptionType >> DecorView@94b2947[], isFloating=false, isApplication=true, hasWindowDecorCaption=false, hasWindowControllerCallback=true
08-24 14:43:55.388 24159 24159 D DecorView: setCaptionType = 0, this = DecorView@94b2947[]
08-24 14:43:55.389  4585  4613 V WindowManager: Relayout Window{89ec2cb u0 Splash Screen com.example.dogglers}: viewVisibility=0 req=1080x2340
08-24 14:43:55.391  4585  4613 D WindowManager: isScreenshotDisabledLocked - win: Window{89ec2cb u0 Splash Screen com.example.dogglers}
08-24 14:43:55.391  4585  4613 D WindowManager: isScreenshotDisabledLocked: userId = 0, disabled =false
08-24 14:43:55.393 24159 24159 D LifecycleMonitor: Lifecycle status change: androidx.test.core.app.InstrumentationActivityInvoker$BootstrapActivity@9e1e961 in: CREATED
08-24 14:43:55.394 24159 24159 V ActivityScenario: Activity lifecycle changed event received but ignored because the intent does not match. startActivityIntent=Intent { act=android.intent.action.MAIN cat=[android.intent.category.LAUNCHER] cmp=com.example.dogglers/.VerticalListActivity }, activity.getIntent()=Intent { act=android.intent.action.MAIN cat=[android.intent.category.LAUNCHER] flg=0x10008000 cmp=com.example.dogglers/androidx.test.core.app.InstrumentationActivityInvoker$BootstrapActivity (has extras) }, activity=androidx.test.core.app.InstrumentationActivityInvoker$BootstrapActivity@9e1e961
08-24 14:43:55.396  4226  4601 I SurfaceFlinger: id=88774 createSurf (1080x2340),1 flag=404, Splash Screen com.example.dogglers#0
08-24 14:43:55.399  4585  7096 I InputDispatcher: Focus left window (21625): 911a194 in display 0 0
08-24 14:43:55.402  4585  4613 V WindowManager: Relayout hash=89ec2cb, pid=4585: mAttrs={(0,0)(fillxfill) sim={adjust=pan} layoutInDisplayCutoutMode=shortEdges ty=APPLICATION_STARTING wanim=0x1030001
08-24 14:43:55.402  4585  4613 V WindowManager:   fl=1830118
08-24 14:43:55.402  4585  4613 V WindowManager:   pfl=12020011
08-24 14:43:55.402  4585  4613 V WindowManager:   apr=LIGHT_NAVIGATION_BARS
08-24 14:43:55.402  4585  4613 V WindowManager:   fitSides= naviIconColor=0
08-24 14:43:55.402  4585  4613 V WindowManager:   sfl=100000}
08-24 14:43:55.402  4585  4613 I ViewRootImpl@49daebc[dogglers]: Relayout returned: old=(0,0,1080,2340) new=(0,0,1080,2340) req=(1080,2340)0 dur=13 res=0x7 s={true 535581126656} ch=true fn=-1
08-24 14:43:55.403 24159 24159 D LifecycleMonitor: Lifecycle status change: androidx.test.core.app.InstrumentationActivityInvoker$BootstrapActivity@9e1e961 in: STARTED
08-24 14:43:55.403 21625 21625 I ViewRootImpl@b7edacd[WatchWhileActivity]: MSG_WINDOW_FOCUS_CHANGED 0 1
08-24 14:43:55.403 24159 24159 V ActivityScenario: Activity lifecycle changed event received but ignored because the intent does not match. startActivityIntent=Intent { act=android.intent.action.MAIN cat=[android.intent.category.LAUNCHER] cmp=com.example.dogglers/.VerticalListActivity }, activity.getIntent()=Intent { act=android.intent.action.MAIN cat=[android.intent.category.LAUNCHER] flg=0x10008000 cmp=com.example.dogglers/androidx.test.core.app.InstrumentationActivityInvoker$BootstrapActivity (has extras) }, activity=androidx.test.core.app.InstrumentationActivityInvoker$BootstrapActivity@9e1e961
08-24 14:43:55.407  4585  4613 I ViewRootImpl@49daebc[dogglers]: [DP] dp(1) 1 android.view.ViewRootImpl.reportNextDraw:10957 android.view.ViewRootImpl.performTraversals:3845 android.view.ViewRootImpl.doTraversal:2618
08-24 14:43:55.408  9865  9865 I Utils   : isCurrentUser current = 0, ownerId = 0
08-24 14:43:55.409  4159 16850 D gralloc : [mali_gralloc_allocate] begin
08-24 14:43:55.409  4159 16850 D gralloc : buffer_descriptor: wh(1080 2340) usage_pc(0x966 0x906) hal_format(0x1) layer_count(1) sizes(0 0 0) strde(0) byte_stride(0) alloc_wh(0 0) internal_format(0x0) alloc_format(0x0) fd_count(1) plane_count(0)
08-24 14:43:55.410  4159 16850 D gralloc : [mali_gralloc_allocate] allocation successful
08-24 14:43:55.413  9865  9865 I TrayVisibilityController: getComputedTrayVisible : keyguardState = 1
08-24 14:43:55.414  9865  9865 I TrayVisibilityController: updateTrayVisible: State=1 visible=1 mCurrentVisible=1 specificMode=0
08-24 14:43:55.414  9865  9865 I TrayStateController: onNotifyUpdateTray: 0 to need to visible? true
08-24 14:43:55.429  4585  4613 I ViewRootImpl@49daebc[dogglers]: [DP] pdf(0) 1 android.view.ViewRootImpl.performDraw:4809 android.view.ViewRootImpl.performTraversals:3866 android.view.ViewRootImpl.doTraversal:2618
08-24 14:43:55.429  4585  4613 I ViewRootImpl@49daebc[dogglers]: [DP] rdf()
08-24 14:43:55.436  4585  4613 D WindowManager: isScreenshotDisabledLocked - win: Window{a3a0629 u0 InputMethod}
08-24 14:43:55.436  4585  4613 D WindowManager: isScreenshotDisabledLocked: userId = 0, disabled =false
08-24 14:43:55.436  4585  4613 D WindowManager: isScreenshotDisabledLocked - win: Window{911a194 u0 com.google.android.youtube/com.google.android.apps.youtube.app.watchwhile.WatchWhileActivity}
08-24 14:43:55.436  4585  4613 D WindowManager: isScreenshotDisabledLocked: userId = 0, disabled =false
08-24 14:43:55.437  4159 16850 D gralloc : [mali_gralloc_allocate] begin
08-24 14:43:55.437  4159 16850 D gralloc : buffer_descriptor: wh(1080 2340) usage_pc(0x366 0x306) hal_format(0x1) layer_count(1) sizes(0 0 0) strde(0) byte_stride(0) alloc_wh(0 0) internal_format(0x0) alloc_format(0x0) fd_count(1) plane_count(0)
08-24 14:43:55.442  4159 16850 D gralloc : [mali_gralloc_allocate] allocation successful
08-24 14:43:55.446  4226  4226 I Layer   : id=88775[0] Destroyed Screenshot Parent
08-24 14:43:55.448 21625 21625 I SurfaceView: onWindowVisibilityChanged(8) false android.view.SurfaceView{c9edee9 V.E...... ......ID 0,0-1080,607} of ViewRootImpl@b7edacd[WatchWhileActivity]
08-24 14:43:55.451  4585  4613 I SurfaceControl: nativeRelease nativeObject s[535556330912]
08-24 14:43:55.451  4585  4613 I SurfaceControl: nativeRelease nativeObject e[535556330912]
08-24 14:43:55.452  4226  5357 I SurfaceFlinger: id=88776 createSurf (0x0),-1 flag=24000, Surface(name=e455c2d StatusBar)/@0x2f65071 - animation-leash#0
08-24 14:43:55.452 21625 21625 I SurfaceView: surfaceDestroyed callback.size 1 #2 android.view.SurfaceView{c9edee9 V.E...... ......ID 0,0-1080,607}
08-24 14:43:55.452 21625 21625 I SurfaceView: remove() android.view.SurfaceView{c9edee9 V.E...... ......ID 0,0-1080,607} Surface(name=SurfaceView - com.google.android.youtube/com.google.android.apps.youtube.app.watchwhile.WatchWhileActivity@c9edee9@18)/@0x83587ff
08-24 14:43:55.452 21625 21625 I SurfaceControl: nativeRelease nativeObject s[537830789920]
08-24 14:43:55.452 21625 21625 I SurfaceControl: nativeRelease nativeObject e[537830789920]
08-24 14:43:55.452 21625 21625 I SurfaceControl: nativeRelease nativeObject s[537830790112]
08-24 14:43:55.452 21625 21625 I SurfaceControl: nativeRelease nativeObject e[537830790112]
08-24 14:43:55.453  4585  4613 I SurfaceControl: nativeRelease nativeObject s[535556331008]
08-24 14:43:55.453  4585  4613 I SurfaceControl: nativeRelease nativeObject e[535556331008]
08-24 14:43:55.453  4226  4248 I Layer   : id=88768 removeFromCurrentState Background for -SurfaceView - com.google.android.youtube/com.google.android.apps.youtube.app.watchwhile.WatchWhileActivity@c9edee9@18#0 (81)
08-24 14:43:55.453  4226  4248 I SurfaceFlinger: id=88768 Removed Background for -SurfaceView - com.google.android.youtube/com.google.android.apps.youtube.app.watchwhile.WatchWhileActivity@c9edee9@18#0 (81)
08-24 14:43:55.453  4226  4248 I SurfaceFlinger: id=88767 Removed SurfaceView - com.google.android.youtube/com.google.android.apps.youtube.app.watchwhile.WatchWhileActivity@c9edee9@18#0 (81)
08-24 14:43:55.454  4226  5357 I SurfaceFlinger: id=88777 createSurf (0x0),-1 flag=24000, Surface(name=a71bb8f NavigationBar0)/@0x8f38906 - animation-leash#0
08-24 14:43:55.454  9865  9865 I TrayStateController: systemUiVisibilityChanged : 2 0
08-24 14:43:55.457  4226  4251 I Layer   : id=88764 removeFromCurrentState Surface(name=e455c2d StatusBar)/@0x2f65071 - animation-leash#1 (82)
08-24 14:43:55.457  4226  4251 I Layer   : id=88765 removeFromCurrentState Surface(name=a71bb8f NavigationBar0)/@0x8f38906 - animation-leash#1 (82)
08-24 14:43:55.465  4226  4251 I SurfaceFlinger: id=88778 createSurf (0x0),-1 flag=80004, ActivityRecord{cdd82ab u0 com.example.dogglers/.VerticalListActivity t1578}#0
08-24 14:43:55.466  4226  4226 I Layer   : id=88768[1] Destroyed Background for -SurfaceView - com.google.android.youtube/com.google.android.apps.youtube.app.watchwhile.WatchWhileActivity@c9edee9@18#0
08-24 14:43:55.472  4226  4251 E BufferQueueProducer: [com.google.android.youtube/com.google.android.apps.youtube.app.watchwhile.WatchWhileActivity$_21625#0](id:108200004984,api:0,p:-1,c:4226) disconnect: not connected (req=1)
08-24 14:43:55.472 21625 21862 W libEGL  : EGLNativeWindowType 0x7c930a9010 disconnect failed
08-24 14:43:55.473 24159 24159 D LifecycleMonitor: Lifecycle status change: androidx.test.core.app.InstrumentationActivityInvoker$BootstrapActivity@9e1e961 in: RESUMED
08-24 14:43:55.474 24159 24159 V ActivityScenario: Activity lifecycle changed event received but ignored because the intent does not match. startActivityIntent=Intent { act=android.intent.action.MAIN cat=[android.intent.category.LAUNCHER] cmp=com.example.dogglers/.VerticalListActivity }, activity.getIntent()=Intent { act=android.intent.action.MAIN cat=[android.intent.category.LAUNCHER] flg=0x10008000 cmp=com.example.dogglers/androidx.test.core.app.InstrumentationActivityInvoker$BootstrapActivity (has extras) }, activity=androidx.test.core.app.InstrumentationActivityInvoker$BootstrapActivity@9e1e961
08-24 14:43:55.474  4226  4226 D SurfaceFlinger: Display 0 HWC layers:
08-24 14:43:55.474  4226  4226 D SurfaceFlinger:      DEVICE | 0x77ae646640 | 0002 | RGBA_8888    |    0.0    0.0 1080.0 2340.0 |    0    0 1080 2340 | Splash Screen com.example.dogglers#0
08-24 14:43:55.474  4226  4226 D SurfaceFlinger:      DEVICE | 0x77ce816940 | 0000 | RGBA_8888    |    0.0    0.0 1080.0   83.0 |    0    0 1080   83 | StatusBar$_4896#0
08-24 14:43:55.474  4226  4226 D SurfaceFlinger:      DEVICE | 0x77ce8157c0 | 0000 | RGBA_8888    |    0.0    0.0   67.0  342.0 |    0  746   67 1088 | com.samsung.android.app.cocktailbars[...]arservice.CocktailBarService$_9865#0
08-24 14:43:55.474  4226  4226 D SurfaceFlinger:      DEVICE | 0x7851238200 | 0000 | RGBA_8888    |    0.0    0.0  388.0   39.0 |  692 2301 1080 2340 | SGestureOverlayWindow$_5408#0
08-24 14:43:55.474  4226  4226 D SurfaceFlinger:      DEVICE | 0x77ce816a80 | 0000 | RGBA_8888    |    0.0    0.0 1080.0  126.0 |    0 2214 1080 2340 | NavigationBar0$_4896#0
08-24 14:43:55.474  4226  4226 D SurfaceFlinger:      DEVICE | 0x77ce814b40 | 0000 | RGBA_8888    |    0.0    0.0 1080.0  151.0 |    0    0 1080  151 | ScreenDecorOverlay$_4896#0
08-24 14:43:55.474  4226  4226 D SurfaceFlinger:      DEVICE | 0x77ce817d40 | 0000 | RGBA_8888    |    0.0    0.0 1080.0  151.0 |    0 2189 1080 2340 | ScreenDecorOverlayBottom$_4896#0
08-24 14:43:55.474  4226  4226 D SurfaceFlinger:
08-24 14:43:55.476  4585  7044 V WindowManager: Relayout Window{911a194 u0 com.google.android.youtube/com.google.android.apps.youtube.app.watchwhile.WatchWhileActivity}: viewVisibility=8 req=1080x2340
08-24 14:43:55.482  4585  7044 V WindowManager: Relayout hash=911a194, pid=21625: mAttrs={(0,0)(fillxfill) sim={adjust=resize} layoutInDisplayCutoutMode=shortEdges ty=BASE_APPLICATION fmt=TRANSLUCENT wanim=0x1030304 sysuil=true
08-24 14:43:55.482  4585  7044 V WindowManager:   fl=81810100
08-24 14:43:55.482  4585  7044 V WindowManager:   pfl=12020000
08-24 14:43:55.482  4585  7044 V WindowManager:   vsysui=3710
08-24 14:43:55.482  4585  7044 V WindowManager:   apr=LIGHT_STATUS_BARS LIGHT_NAVIGATION_BARS
08-24 14:43:55.482  4585  7044 V WindowManager:   bhv=SHOW_TRANSIENT_BARS_BY_SWIPE
08-24 14:43:55.482  4585  7044 V WindowManager:   fitSides= naviIconColor=0}
08-24 14:43:55.484 21625 21625 I SurfaceControl: nativeRelease nativeObject s[537830787424]
08-24 14:43:55.484 21625 21625 I SurfaceControl: nativeRelease nativeObject e[537830787424]
08-24 14:43:55.486 21625 21625 I SurfaceControl: assignNativeObject: nativeObject = 0 Surface(name=null)/@0x10ea726 / android.view.SurfaceControl.readFromParcel:1117 android.view.IWindowSession$Stub$Proxy.relayout:1810 android.view.ViewRootImpl.relayoutWindow:9005 android.view.ViewRootImpl.performTraversals:3360 android.view.ViewRootImpl.doTraversal:2618 android.view.ViewRootImpl$TraversalRunnable.run:9971 android.view.Choreographer$CallbackRecord.run:1010 android.view.Choreographer.doCallbacks:809 android.view.Choreographer.doFrame:744 android.view.Choreographer$FrameDisplayEventReceiver.run:995
08-24 14:43:55.486 21625 21625 I SurfaceControl: assignNativeObject: nativeObject = 0 Surface(name=null)/@0x3a5f6d6 / android.view.SurfaceControl.readFromParcel:1117 android.view.IWindowSession$Stub$Proxy.relayout:1820 android.view.ViewRootImpl.relayoutWindow:9005 android.view.ViewRootImpl.performTraversals:3360 android.view.ViewRootImpl.doTraversal:2618 android.view.ViewRootImpl$TraversalRunnable.run:9971 android.view.Choreographer$CallbackRecord.run:1010 android.view.Choreographer.doCallbacks:809 android.view.Choreographer.doFrame:744 android.view.Choreographer$FrameDisplayEventReceiver.run:995
08-24 14:43:55.486 21625 21625 I SurfaceControl: nativeRelease nativeObject s[537830789440]
08-24 14:43:55.487 21625 21625 I SurfaceControl: nativeRelease nativeObject e[537830789440]
08-24 14:43:55.487  4226  5357 I SurfaceFlinger: id=88766 Removed Bounds for - com.google.android.youtube/com.google.android.apps.youtube.app.watchwhile.WatchWhileActivity@18#0 (82)
08-24 14:43:55.487 24159 24159 D LifecycleMonitor: Lifecycle status change: androidx.test.core.app.InstrumentationActivityInvoker$BootstrapActivity@9e1e961 in: PAUSED
08-24 14:43:55.487 24159 24159 V ActivityScenario: Activity lifecycle changed event received but ignored because the intent does not match. startActivityIntent=Intent { act=android.intent.action.MAIN cat=[android.intent.category.LAUNCHER] cmp=com.example.dogglers/.VerticalListActivity }, activity.getIntent()=Intent { act=android.intent.action.MAIN cat=[android.intent.category.LAUNCHER] flg=0x10008000 cmp=com.example.dogglers/androidx.test.core.app.InstrumentationActivityInvoker$BootstrapActivity (has extras) }, activity=androidx.test.core.app.InstrumentationActivityInvoker$BootstrapActivity@9e1e961
08-24 14:43:55.487 21625 21625 I SurfaceControl: nativeRelease nativeObject s[537816933504]
08-24 14:43:55.487 21625 21625 I SurfaceControl: nativeRelease nativeObject e[537816933504]
08-24 14:43:55.487  4585  4613 I ViewRootImpl@49daebc[dogglers]: MSG_RESIZED_REPORT: frame=(0,0,1080,2340) ci=(0,83,0,39) vi=(0,83,0,39) or=1
08-24 14:43:55.488 21625 21625 I SurfaceControl: nativeRelease nativeObject s[537816933024]
08-24 14:43:55.488 21625 21625 I SurfaceControl: nativeRelease nativeObject e[537816933024]
08-24 14:43:55.488  4585  4613 I ViewRootImpl@49daebc[dogglers]: [DP] dp(1) 1 android.view.ViewRootImpl.reportNextDraw:10957 android.view.ViewRootImpl.access$1200:256 android.view.ViewRootImpl$ViewRootHandler.handleMessage:6101
08-24 14:43:55.488 21625 21625 I SurfaceControl: nativeRelease nativeObject s[537816939456]
08-24 14:43:55.488  4226  4251 I SurfaceFlinger: id=88765 Removed Surface(name=a71bb8f NavigationBar0)/@0x8f38906 - animation-leash#1 (82)
08-24 14:43:55.488 21625 21625 I SurfaceControl: nativeRelease nativeObject e[537816939456]
08-24 14:43:55.488  4226  4601 I SurfaceFlinger: id=88764 Removed Surface(name=e455c2d StatusBar)/@0x2f65071 - animation-leash#1 (82)
08-24 14:43:55.488 21625 21625 I ViewRootImpl@b7edacd[WatchWhileActivity]: Relayout returned: old=(0,0,1080,2340) new=(0,0,1080,2340) req=(1080,2340)8 dur=13 res=0x5 s={false 0} ch=true fn=16
08-24 14:43:55.488 21625 21625 I SurfaceView: windowStopped(true) false android.view.SurfaceView{c9edee9 V.E...... ......ID 0,0-1080,607} of ViewRootImpl@b7edacd[WatchWhileActivity]
08-24 14:43:55.489  4585  7040 V WindowOrientationListener: getProposedRotation: -1
08-24 14:43:55.492  4585  7040 D InputDispatcher: Focused application set to (0): cdd82ab
08-24 14:43:55.496 21625 21625 I SurfaceControl: nativeRelease nativeObject s[537830787424]
08-24 14:43:55.496 21625 21625 I SurfaceControl: nativeRelease nativeObject e[537830787424]
08-24 14:43:55.497  4226  4226 I Layer   : id=88764[1] Destroyed Surface(name=e455c2d StatusBar)/@0x2f65071 - animation-leash#1
08-24 14:43:55.497  4226  4226 I Layer   : id=88765[1] Destroyed Surface(name=a71bb8f NavigationBar0)/@0x8f38906 - animation-leash#1
08-24 14:43:55.501  4226  4601 I SurfaceFlinger: id=88779 createSurf (0x0),-1 flag=24000, Surface(name=ActivityRecord{fc772b6 u0 com.example.dogglers/androidx.test.core.app.InstrumentationActivityInvoker$BootstrapActivity t1578})/@0xd1d9c23 - animation-leash#0
08-24 14:43:55.502  4226  4601 I SurfaceFlinger: id=88780 createSurf (0x0),-1 flag=20004, Dim Layer for - Task=1578 - animating-dim#0
08-24 14:43:55.503  4226  4601 I SurfaceFlinger: id=88781 createSurf (0x0),-1 flag=24000, Surface(name=Dim Layer for - Task=1578 - animating-dim)/@0x8b4409e - animation-leash#0
08-24 14:43:55.504  4226  4251 I SurfaceFlinger: id=88782 createSurf (0x0),-1 flag=80004, Surface(name=ActivityRecord{fc772b6 u0 com.example.dogglers/androidx.test.core.app.InstrumentationActivityInvoker$BootstrapActivity t1578})/@0xd1d9c23 - animation-bounds#0
08-24 14:43:55.505  4585  7040 I SurfaceControl: nativeRelease nativeObject s[535556341280]
08-24 14:43:55.505  4585  7040 I SurfaceControl: nativeRelease nativeObject e[535556341280]
08-24 14:43:55.508  4226  4251 I Layer   : id=88780 removeFromCurrentState Dim Layer for - Task=1578 - animating-dim#0 (84)
08-24 14:43:55.509  4585  4613 V WindowManager: Relayout Window{89ec2cb u0 Splash Screen com.example.dogglers}: viewVisibility=0 req=1080x2340
08-24 14:43:55.509  4226  4251 I SurfaceFlinger: id=88780 Removed Dim Layer for - Task=1578 - animating-dim#0 (84)
08-24 14:43:55.510  4149  4184 D audio_hw_primary: device-adev_set_parameters: enter with key(audioHDR=0)
08-24 14:43:55.511  4585  4613 I SurfaceControl: nativeRelease nativeObject s[535556865408]
08-24 14:43:55.511  4585  4613 I SurfaceControl: nativeRelease nativeObject e[535556865408]
08-24 14:43:55.513  4896  4908 I ndroid.systemu: NativeAlloc concurrent copying GC freed 23402(858KB) AllocSpace objects, 0(0B) LOS objects, 50% free, 19MB/38MB, paused 297us total 232.769ms
08-24 14:43:55.513  4585  4613 V WindowManager: Relayout hash=89ec2cb, pid=4585: mAttrs={(0,0)(fillxfill) sim={adjust=pan} layoutInDisplayCutoutMode=shortEdges ty=APPLICATION_STARTING wanim=0x1030001
08-24 14:43:55.513  4585  4613 V WindowManager:   fl=1830118
08-24 14:43:55.513  4585  4613 V WindowManager:   pfl=12020011
08-24 14:43:55.513  4585  4613 V WindowManager:   apr=LIGHT_NAVIGATION_BARS
08-24 14:43:55.513  4585  4613 V WindowManager:   fitSides= naviIconColor=0
08-24 14:43:55.513  4585  4613 V WindowManager:   sfl=100000}
08-24 14:43:55.513  4585  4613 I SurfaceControl: nativeRelease nativeObject s[535556331008]
08-24 14:43:55.513  4585  4613 I SurfaceControl: nativeRelease nativeObject e[535556331008]
08-24 14:43:55.513  4585  4613 I SurfaceControl: nativeRelease nativeObject s[535556330912]
08-24 14:43:55.513  4585  4613 I SurfaceControl: nativeRelease nativeObject e[535556330912]
08-24 14:43:55.513  4585  4613 I ViewRootImpl@49daebc[dogglers]: Relayout returned: old=(0,0,1080,2340) new=(0,0,1080,2340) req=(1080,2340)0 dur=16 res=0x1 s={true 535581126656} ch=false fn=2
08-24 14:43:55.514  4226  4226 I Layer   : id=88780[1] Destroyed Dim Layer for - Task=1578 - animating-dim#0
08-24 14:43:55.515  4159 16850 D gralloc : [mali_gralloc_allocate] begin
08-24 14:43:55.515  4159 16850 D gralloc : buffer_descriptor: wh(1080 2340) usage_pc(0x966 0x906) hal_format(0x1) layer_count(1) sizes(0 0 0) strde(0) byte_stride(0) alloc_wh(0 0) internal_format(0x0) alloc_format(0x0) fd_count(1) plane_count(0)
08-24 14:43:55.517  4159 16850 D gralloc : [mali_gralloc_allocate] allocation successful
08-24 14:43:55.518  4896  4910 W System  : A resource failed to call release.
08-24 14:43:55.518  4896  4910 I SurfaceControl: nativeRelease nativeObject s[537817696224]
08-24 14:43:55.518  4896  4910 I SurfaceControl: nativeRelease nativeObject e[537817696224]
08-24 14:43:55.519  4896  4910 W System  : A resource failed to call release.
08-24 14:43:55.519  4896  4910 I SurfaceControl: nativeRelease nativeObject s[537817695552]
08-24 14:43:55.519  4896  4910 I SurfaceControl: nativeRelease nativeObject e[537817695552]
08-24 14:43:55.520  4226  4601 I SurfaceFlinger: id=88756 Removed Surface(name=a3a0629 InputMethod)/@0x54f474f - animation-leash#1 (83)
08-24 14:43:55.520 24159 24159 D LifecycleMonitor: Lifecycle status change: com.example.dogglers.VerticalListActivity@ad664e0 in: PRE_ON_CREATE
08-24 14:43:55.520  4226  4248 I SurfaceFlinger: id=88679 Removed Surface(name=a3a0629 InputMethod)/@0x54f474f - animation-leash#0 (83)
08-24 14:43:55.521 24159 24159 V ActivityScenario: Activity lifecycle changed event received but ignored because the reported transition was not ON_CREATE while the last known transition was PRE_ON_CREATE
08-24 14:43:55.523  4585  4820 D PkgPredictorService: com.example.dogglers go to foreground!
08-24 14:43:55.523  4585  4820 E PkgPredictorService-Collector: record changed bt=0  wifi=0 screen=0
08-24 14:43:55.523  4585  4820 D PkgPredictorService: previous pkgs: com.example.dogglers,com.google.android.youtube,com.example.dogglers running pkg: com.example.dogglers, uid: 0 is system: false
08-24 14:43:55.524  4585  4820 D PkgPredictorService-Collector: save record...
08-24 14:43:55.524  4585  4820 D PkgPredictorService-Collector:  (hour:14 day:4 previous:[com.example.dogglers, com.google.android.youtube, com.example.dogglers] activityName:unknown running:com.example.dogglers userId:0 screenOrientation:0 wifi:0 bt:0 predictTime:1 apkVersion:1.0 consumeTime:-1 preloaded:false>)
08-24 14:43:55.524  4585  4820 D PkgPredictorService-NapPreloadController: User using: com.example.dogglers
08-24 14:43:55.524  4585  4820 I PkgPredictorService-NapClassifier: RF predict version:1661289077471
08-24 14:43:55.526  4585  4820 D PkgPredictorService-NapClassifier: Predict result: 144.0,146.0,166.0, - [0_&_org.telegram.plus, 0_&_com.google.android.youtube, 0_&_com.samsung.android.app.contacts]
08-24 14:43:55.528  4585  4610 D SehCodecSolutionService: Update top [com.example.dogglers]
08-24 14:43:55.531  4226  4226 I Layer   : id=88756[1] Destroyed Surface(name=a3a0629 InputMethod)/@0x54f474f - animation-leash#1
08-24 14:43:55.531  4226  4226 I Layer   : id=88679[1] Destroyed Surface(name=a3a0629 InputMethod)/@0x54f474f - animation-leash#0
08-24 14:43:55.534  4585  4613 I ViewRootImpl@49daebc[dogglers]: [DP] pdf(0) 1 android.view.ViewRootImpl.performDraw:4809 android.view.ViewRootImpl.performTraversals:3866 android.view.ViewRootImpl.doTraversal:2618
08-24 14:43:55.534  4585  4613 I ViewRootImpl@49daebc[dogglers]: [DP] rdf()
08-24 14:43:55.535  4217 27777 V APM_AudioPolicyManager: setAppState(portId:11856, state:1)
08-24 14:43:55.535  4217 27777 V APM_AudioPolicyManager: setAppState(portId:11883, state:2)
08-24 14:43:55.537 24159 24159 I DecorView: [INFO] isPopOver=false, config=true
08-24 14:43:55.537 24159 24159 I DecorView: updateCaptionType >> DecorView@ee6ecd1[], isFloating=false, isApplication=true, hasWindowDecorCaption=false, hasWindowControllerCallback=true
08-24 14:43:55.537 24159 24159 D DecorView: setCaptionType = 0, this = DecorView@ee6ecd1[]
08-24 14:43:55.538 15874 15932 I Rubin   : [164608] LoggingEventHelper.notifyUpdatedWithValue(LoggingEventHelper.java:58) : Notify AppUsageLogger's database is updated.
08-24 14:43:55.546  4896  4896 D NavigationBar: onSystemBarAppearanceChanged() -  displayId:0, appearance:16 (APPEARANCE_LIGHT_NAVIGATION_BARS ), navbarColorManagedByIme:false
08-24 14:43:55.546  4896  4896 D SecLightBarControlHelper: updateStatus(WHITE icon) NumLightStacks:0, NumStacks:1, IndexLightStack:-1, StatusBarMode:0, StatusBarState:SHD, NeedDarkFontFromWallpaper:false, isWhiteKeyguardStatusBarBySettings:false
08-24 14:43:55.546  4896  4896 D SecStatusBarMobileView: setStaticDrawableColor:
08-24 14:43:55.546  4896  4896 D SecStatusBarMobileView: setStaticDrawableColor:
08-24 14:43:55.547  9865  9865 I TrayStateController: systemUiVisibilityChanged : 0 0
08-24 14:43:55.548  4896  4896 D SecStatusBarMobileView: setStaticDrawableColor:
08-24 14:43:55.548  4896  4896 D SecStatusBarMobileView: setStaticDrawableColor:
08-24 14:43:55.554  4585  7034 V WindowManager: Relayout Window{d095a7c u0 NotificationShade}: viewVisibility=4 req=1080x2340
08-24 14:43:55.559  4585  7034 V WindowManager: Relayout hash=d095a7c, pid=4896: mAttrs={(0,0)(fillxfill) gr=TOP CENTER_VERTICAL sim={adjust=resize} layoutInDisplayCutoutMode=always ty=2040 fmt=TRANSLUCENT
08-24 14:43:55.559  4585  7034 V WindowManager:   fl=81840048
08-24 14:43:55.559  4585  7034 V WindowManager:   pfl=1b000000
08-24 14:43:55.559  4585  7034 V WindowManager:   bhv=SHOW_TRANSIENT_BARS_BY_SWIPE naviIconColor=0
08-24 14:43:55.559  4585  7034 V WindowManager:   sfl=40000}
08-24 14:43:55.560  4896  4896 I SurfaceControl: assignNativeObject: nativeObject = 0 Surface(name=null)/@0x79cdca4 / android.view.SurfaceControl.readFromParcel:1117 android.view.IWindowSession$Stub$Proxy.relayout:1810 android.view.ViewRootImpl.relayoutWindow:9005 android.view.ViewRootImpl.performTraversals:3360 android.view.ViewRootImpl.doTraversal:2618 android.view.ViewRootImpl$TraversalRunnable.run:9971 android.view.Choreographer$CallbackRecord.run:1010 android.view.Choreographer.doCallbacks:809 android.view.Choreographer.doFrame:744 android.view.Choreographer$FrameDisplayEventReceiver.run:995
08-24 14:43:55.560  4896  4896 I SurfaceControl: assignNativeObject: nativeObject = 0 Surface(name=null)/@0xd3c9bb / android.view.SurfaceControl.readFromParcel:1117 android.view.IWindowSession$Stub$Proxy.relayout:1820 android.view.ViewRootImpl.relayoutWindow:9005 android.view.ViewRootImpl.performTraversals:3360 android.view.ViewRootImpl.doTraversal:2618 android.view.ViewRootImpl$TraversalRunnable.run:9971 android.view.Choreographer$CallbackRecord.run:1010 android.view.Choreographer.doCallbacks:809 android.view.Choreographer.doFrame:744 android.view.Choreographer$FrameDisplayEventReceiver.run:995
08-24 14:43:55.561  4896  4896 I ViewRootImpl@b9c0f52[NotificationShade]: Relayout returned: old=(0,0,1080,2340) new=(0,0,1080,2340) req=(1080,2340)4 dur=8 res=0x1 s={false 0} ch=false fn=-1
08-24 14:43:55.563  4896  4896 D KeyguardBottomAreaShortcutView: updateCameraVisibility isCameraDisabled:false visible:true
08-24 14:43:55.563  4896  4896 D KeyguardBottomAreaShortcutView: mIndicationArea margin start : 158, end : 158, bottom : 145
08-24 14:43:55.564 24159 24159 D LifecycleMonitor: Lifecycle status change: com.example.dogglers.VerticalListActivity@ad664e0 in: CREATED
08-24 14:43:55.564 24159 24159 V ActivityScenario: Update currentActivityStage to CREATED, currentActivity=com.example.dogglers.VerticalListActivity@ad664e0
08-24 14:43:55.570 24159 24159 D LifecycleMonitor: Lifecycle status change: com.example.dogglers.VerticalListActivity@ad664e0 in: STARTED
08-24 14:43:55.570 24159 24159 V ActivityScenario: Update currentActivityStage to STARTED, currentActivity=com.example.dogglers.VerticalListActivity@ad664e0
08-24 14:43:55.572 24159 24159 D LifecycleMonitor: Lifecycle status change: com.example.dogglers.VerticalListActivity@ad664e0 in: RESUMED
08-24 14:43:55.573 24159 24159 V ActivityScenario: Update currentActivityStage to RESUMED, currentActivity=com.example.dogglers.VerticalListActivity@ad664e0
08-24 14:43:55.576  4896  4896 D SecStatusBarMobileView: setStaticDrawableColor:
08-24 14:43:55.576  4896  4896 D SecStatusBarMobileView: setStaticDrawableColor:
08-24 14:43:55.578  4585  5087 D InputTransport: Input channel constructed: '4518049', fd=693
08-24 14:43:55.578  4585  5087 D InputTransport: Input channel constructed: '4518049', fd=696
08-24 14:43:55.578  4226  4251 I SurfaceFlinger: id=88783 createSurf (0x0),-1 flag=80004, 4518049 com.example.dogglers/com.example.dogglers.VerticalListActivity#0
08-24 14:43:55.579  4585  5087 D WindowManager: isScreenshotDisabledLocked - win: Window{4518049 u0 com.example.dogglers/com.example.dogglers.VerticalListActivity}
08-24 14:43:55.579  4585  5087 D WindowManager: isScreenshotDisabledLocked: userId = 0, disabled =false
08-24 14:43:55.579  4585  5087 D InputTransport: Input channel destroyed: '4518049', fd=696
08-24 14:43:55.580 24159 24159 D InputTransport: Input channel constructed: '4518049', fd=80
08-24 14:43:55.581 24159 24159 I ViewRootImpl@9a1add4[VerticalListActivity]: setView = com.android.internal.policy.DecorView@ee6ecd1 TM=true
08-24 14:43:55.592  4585  5087 V WindowManager: Relayout Window{4518049 u0 com.example.dogglers/com.example.dogglers.VerticalListActivity}: viewVisibility=0 req=1080x2340
08-24 14:43:55.594  4585  5087 D WindowManager: isScreenshotDisabledLocked - win: Window{4518049 u0 com.example.dogglers/com.example.dogglers.VerticalListActivity}
08-24 14:43:55.594  4585  5087 D WindowManager: isScreenshotDisabledLocked: userId = 0, disabled =false
08-24 14:43:55.594  4226  5357 I SurfaceFlinger: id=88784 createSurf (1080x2340),1 flag=404, com.example.dogglers/com.example.dogglers.VerticalListActivity$_24159#0
08-24 14:43:55.596  4896  4896 D SecStatusBarMobileView: setStaticDrawableColor:
08-24 14:43:55.597  4896  4896 D SecStatusBarMobileView: setStaticDrawableColor:
08-24 14:43:55.597  4585  5087 I SurfaceControl: nativeRelease nativeObject s[537628420672]
08-24 14:43:55.597  4585  5087 I SurfaceControl: nativeRelease nativeObject e[537628420672]
08-24 14:43:55.597  9865  9865 I TrayStateController: systemUiVisibilityChanged : 0 0
08-24 14:43:55.597  4226  4251 I SurfaceFlinger: id=88785 createSurf (0x0),-1 flag=24000, Surface(name=e455c2d StatusBar)/@0x2f65071 - animation-leash#1
08-24 14:43:55.599  4585  5087 I SurfaceControl: nativeRelease nativeObject s[537628420384]
08-24 14:43:55.599  4585  5087 I SurfaceControl: nativeRelease nativeObject e[537628420384]
08-24 14:43:55.599  4226  4251 I SurfaceFlinger: id=88786 createSurf (0x0),-1 flag=24000, Surface(name=a71bb8f NavigationBar0)/@0x8f38906 - animation-leash#1
08-24 14:43:55.602  4585  5087 V WindowManager: Relayout hash=4518049, pid=24159: mAttrs={(0,0)(fillxfill) sim={adjust=resize forwardNavigation} ty=BASE_APPLICATION wanim=0x1030304
08-24 14:43:55.602  4585  5087 V WindowManager:   fl=81810100
08-24 14:43:55.602  4585  5087 V WindowManager:   pfl=12020000
08-24 14:43:55.602  4585  5087 V WindowManager:   apr=LIGHT_NAVIGATION_BARS
08-24 14:43:55.602  4585  5087 V WindowManager:   fitSides= naviIconColor=0
08-24 14:43:55.602  4585  5087 V WindowManager:   sfl=100000}
08-24 14:43:55.602  4585  5087 I SurfaceControl: nativeRelease nativeObject s[535567374400]
08-24 14:43:55.603  4585  5087 I SurfaceControl: nativeRelease nativeObject e[535567374400]
08-24 14:43:55.603  4226  4251 I Layer   : id=88776 removeFromCurrentState Surface(name=e455c2d StatusBar)/@0x2f65071 - animation-leash#0 (85)
08-24 14:43:55.603  4226  4251 I Layer   : id=88777 removeFromCurrentState Surface(name=a71bb8f NavigationBar0)/@0x8f38906 - animation-leash#0 (85)
08-24 14:43:55.604 24159 24159 I SurfaceControl: assignNativeObject: nativeObject = 0 Surface(name=null)/@0x2c5cb7d / android.view.SurfaceControl.readFromParcel:1117 android.view.IWindowSession$Stub$Proxy.relayout:1820 android.view.ViewRootImpl.relayoutWindow:9005 android.view.ViewRootImpl.performTraversals:3360 android.view.ViewRootImpl.doTraversal:2618 android.view.ViewRootImpl$TraversalRunnable.run:9971 android.view.Choreographer$CallbackRecord.run:1010 android.view.Choreographer.doCallbacks:809 android.view.Choreographer.doFrame:744 android.view.Choreographer$FrameDisplayEventReceiver.run:995
08-24 14:43:55.604  4585  4613 I SurfaceControl: nativeRelease nativeObject s[537628421344]
08-24 14:43:55.604  4585  4613 I SurfaceControl: nativeRelease nativeObject e[537628421344]
08-24 14:43:55.605  4226  4251 I SurfaceFlinger: id=88777 Removed Surface(name=a71bb8f NavigationBar0)/@0x8f38906 - animation-leash#0 (85)
08-24 14:43:55.605  4585  4613 I SurfaceControl: nativeRelease nativeObject s[535556865408]
08-24 14:43:55.605  4585  4613 I SurfaceControl: nativeRelease nativeObject e[535556865408]
08-24 14:43:55.605  4226  4251 I SurfaceFlinger: id=88776 Removed Surface(name=e455c2d StatusBar)/@0x2f65071 - animation-leash#0 (85)
08-24 14:43:55.605 24159 24159 I ViewRootImpl@9a1add4[VerticalListActivity]: Relayout returned: old=(0,0,1080,2340) new=(0,0,1080,2340) req=(1080,2340)0 dur=13 res=0x7 s={true 537790054400} ch=true fn=-1
08-24 14:43:55.608  4159 16850 D gralloc : [mali_gralloc_allocate] begin
08-24 14:43:55.608  4159 16850 D gralloc : buffer_descriptor: wh(1080 2340) usage_pc(0x40000000000b00 0x40000000000b00) hal_format(0x1) layer_count(1) sizes(0 0 0) strde(0) byte_stride(0) alloc_wh(0 0) internal_format(0x0) alloc_format(0x0) fd_count(1) plane_count(0)
08-24 14:43:55.609 15874 15932 I Rubin   : [164608] ExercisingWithCmhMonitor.isSatisfiedByCmh(ExercisingWithCmhMonitor.java:119) : isSatisfiedByCmh is false
08-24 14:43:55.609  4159 16850 D gralloc : [mali_gralloc_allocate] allocation successful
08-24 14:43:55.612  4159 16850 D gralloc : [mali_gralloc_allocate] begin
08-24 14:43:55.612  4159 16850 D gralloc : buffer_descriptor: wh(1080 2340) usage_pc(0x40000000000b00 0x40000000000b00) hal_format(0x1) layer_count(1) sizes(0 0 0) strde(0) byte_stride(0) alloc_wh(0 0) internal_format(0x0) alloc_format(0x0) fd_count(1) plane_count(0)
08-24 14:43:55.614  4226  4226 I Layer   : id=88776[1] Destroyed Surface(name=e455c2d StatusBar)/@0x2f65071 - animation-leash#0
08-24 14:43:55.615  4226  4226 I Layer   : id=88777[1] Destroyed Surface(name=a71bb8f NavigationBar0)/@0x8f38906 - animation-leash#0
08-24 14:43:55.618  4896  4896 D SecStatusBarMobileView: setStaticDrawableColor:
08-24 14:43:55.619  4896  4896 D SecStatusBarMobileView: setStaticDrawableColor:
08-24 14:43:55.621  4159 16850 D gralloc : [mali_gralloc_allocate] allocation successful
08-24 14:43:55.622  4159 17194 D gralloc : [mali_gralloc_allocate] begin
08-24 14:43:55.622  4159 17194 D gralloc : buffer_descriptor: wh(1080 2340) usage_pc(0x40000000000b00 0x40000000000b00) hal_format(0x1) layer_count(1) sizes(0 0 0) strde(0) byte_stride(0) alloc_wh(0 0) internal_format(0x0) alloc_format(0x0) fd_count(1) plane_count(0)
08-24 14:43:55.627  4159 17194 D gralloc : [mali_gralloc_allocate] allocation successful
08-24 14:43:55.640  4896  4896 D SecStatusBarMobileView: setStaticDrawableColor:
08-24 14:43:55.640  4896  4896 D SecStatusBarMobileView: setStaticDrawableColor:
08-24 14:43:55.664  4896  4896 D SecStatusBarMobileView: setStaticDrawableColor:
08-24 14:43:55.665  4896  4896 D SecStatusBarMobileView: setStaticDrawableColor:
08-24 14:43:55.675 24159 24159 I ViewRootImpl@9a1add4[VerticalListActivity]: [DP] dp(1) 1 android.view.ViewRootImpl.reportNextDraw:10957 android.view.ViewRootImpl.performTraversals:3845 android.view.ViewRootImpl.doTraversal:2618
08-24 14:43:55.675 24159 24159 I ViewRootImpl@9a1add4[VerticalListActivity]: [DP] pd() Asnyc report
08-24 14:43:55.683 24159 24176 I xample.doggler: Background concurrent copying GC freed 183548(10088KB) AllocSpace objects, 13(348KB) LOS objects, 49% free, 6947KB/13MB, paused 240us total 103.292ms
08-24 14:43:55.692  4217 27777 V APM_AudioPolicyManager: setAppState(portId:11856, state:1)
08-24 14:43:55.692  4217 27777 V APM_AudioPolicyManager: setAppState(portId:11883, state:2)
08-24 14:43:55.692  4217 27777 V APM_AudioPolicyManager: setAppState(portId:11856, state:1)
08-24 14:43:55.693  4217 27777 V APM_AudioPolicyManager: setAppState(portId:11883, state:2)
08-24 14:43:55.696 24159 24159 I ViewRootImpl@9a1add4[VerticalListActivity]: [DP] pdf(0) 1 android.view.ViewRootImpl.lambda$performDraw$1$ViewRootImpl:4668 android.view.-$$Lambda$ViewRootImpl$DJd0VUYJgsebcnSohO6h8zc_ONI.run:6 android.os.Handler.handleCallback:938
08-24 14:43:55.696 24159 24159 I ViewRootImpl@9a1add4[VerticalListActivity]: [DP] rdf()
08-24 14:43:55.707  4585  4613 D PkgPredictorService: pkg:com.example.dogglers activity:com.example.dogglers.VerticalListActivity thisTime:386
08-24 14:43:55.707  4585  4613 D PkgPredictorService-Collector: update activity launch time: VerticalListActivity : 386
08-24 14:43:55.707  4585  4613 I SemDvfsHyPerManager: acquire hyper - AMS_RESUME_TAIL/4585@18, type = -999
08-24 14:43:55.708  4585  4613 I SemDvfsHyPerManager: acquire hyper - AMS_ACT_LAZY/4585@19, type = -999
08-24 14:43:55.709  4175  4211 I HYPER-HAL: [RequestManager.cpp]acquire(): Acquired ID : 10596124  [4585 / 18]    HINT : AMS_RESUME_TAIL    list :
08-24 14:43:55.710  4175  4211 I HYPER-HAL: [ResourceManager.cpp]updateResource(): [CPUMinFreq] UpdateResource Request ID : 10596124    Value : 1768000
08-24 14:43:55.710  4175  4211 I HYPER-HAL: [RequestManager.cpp]acquire(): Acquired ID : 10600729  [4585 / 19]    HINT :      list :
08-24 14:43:55.710  4175  4211 E HYPER-HAL: [Request.cpp]acquire(): Request:: id : 10600729, No Resource to set
08-24 14:43:55.711  4175  4211 I HYPER-HAL: [ResourceManager.cpp]removeResource(): [CPUMinFreq] RemoveResource Request ID : 10651450
08-24 14:43:55.711  4175  4211 I HYPER-HAL: [RequestManager.cpp]releaseLocked(): Released ID : 10651450
08-24 14:43:55.712  4896  4896 D SecStatusBarMobileView: setStaticDrawableColor:
08-24 14:43:55.713  4896  4896 D SecStatusBarMobileView: setStaticDrawableColor:
08-24 14:43:55.713 24159 24159 D RootViewPicker: Root not ready - waiting: 10ms for one to appear.
08-24 14:43:55.717  4585  7034 I InputDispatcher: Focus entered window (24159): 4518049 in display 0 0
08-24 14:43:55.718  4140  4146 E statsd  : Predicate -7037417284711607308 dropping data for dimension key (10)0x2010101->10574[I] (10)0x30000->*launch*[S]
08-24 14:43:55.718  4140  4146 E statsd  : Predicate 5980654721335871649 dropping data for dimension key (10)0x2010101->10574[I] (10)0x30000->*launch*[S]
08-24 14:43:55.724 24159 24159 D RootViewPicker: Root not ready - waiting: 25ms for one to appear.
08-24 14:43:55.724  4585  4617 D ArtManagerInternalImpl: /data/misc/iorapd/com.example.dogglers/1/com.example.dogglers.VerticalListActivity/compiled_traces/compiled_trace.pb doesn't exist
08-24 14:43:55.725 24159 24159 I ViewRootImpl@9a1add4[VerticalListActivity]: MSG_WINDOW_FOCUS_CHANGED 1 1
08-24 14:43:55.726 24159 24159 D InputMethodManager: prepareNavigationBarInfo() DecorView@ee6ecd1[VerticalListActivity]
08-24 14:43:55.726 24159 24159 D InputMethodManager: getNavigationBarColor() -855310
08-24 14:43:55.727 24159 24159 D InputMethodManager: prepareNavigationBarInfo() DecorView@ee6ecd1[VerticalListActivity]
08-24 14:43:55.727 24159 24159 D InputMethodManager: getNavigationBarColor() -855310
08-24 14:43:55.727 24159 24159 V InputMethodManager: Starting input: tba=com.example.dogglers ic=null mNaviBarColor -855310 mIsGetNaviBarColorSuccess true , NavVisible : true , NavTrans : false
08-24 14:43:55.727 24159 24159 D InputMethodManager: startInputInner - Id : 0
08-24 14:43:55.727 24159 24159 I InputMethodManager: startInputInner - mService.startInputOrWindowGainedFocus
08-24 14:43:55.728  4585  5087 D InputMethodManagerService: mSecureKeypadEnabled = false
08-24 14:43:55.729  4585  4613 D ViewRootImpl@49daebc[dogglers]: dispatchDetachedFromWindow: reset blurmask
08-24 14:43:55.729  4585  4613 I ViewRootImpl@49daebc[dogglers]: dispatchDetachedFromWindow
08-24 14:43:55.729  4585  5087 V InputMethodManagerService: hideCurrentInputLocked : shouldHideSoftInput is false
08-24 14:43:55.729  4585  5087 D InputMethodManagerService: mDesktopModeManager null!
08-24 14:43:55.729  4585  5087 V InputMethodManagerService: getDisplayIdOfInputMethodWindowToBeAdded : 0
08-24 14:43:55.730  4585  5087 D SamsungIMMSHWKeyboard: isConnectedDexOnPC false
08-24 14:43:55.730  4585  4613 I SurfaceControl: nativeRelease nativeObject s[537628414144]
08-24 14:43:55.730  4585  4613 I SurfaceControl: nativeRelease nativeObject e[537628414144]
08-24 14:43:55.731  4585  5087 D InputMethodManagerService: isImeSwitcherDisabledPackage : false
08-24 14:43:55.731  4585  4613 D InputTransport: Input channel destroyed: '89ec2cb', fd=688
08-24 14:43:55.732  4585  5087 D InputMethodManagerService: checkDisplayOfStartInputAndUpdateKeyboard display Id 0last 0
08-24 14:43:55.732  4585  5087 D InputTransport: Input channel constructed: 'ClientS', fd=697
08-24 14:43:55.732  4585  5087 D InputTransport: Input channel destroyed: 'ClientS', fd=697
08-24 14:43:55.732  4226  5357 I SurfaceFlinger: id=88787 createSurf (0x0),-1 flag=24000, Surface(name=89ec2cb Splash Screen com.example.dogglers)/@0x362ed08 - animation-leash#0
08-24 14:43:55.732 24159 24159 D InputTransport: Input channel constructed: 'ClientS', fd=89
08-24 14:43:55.734  4585  4839 D SemWifiApTrafficPoller: received START_TRAFFIC_CHECK
08-24 14:43:55.744  4585  4613 D InputTransport: Input channel destroyed: '89ec2cb', fd=691
08-24 14:43:55.745  4585  5390 I SurfaceControl: nativeRelease nativeObject s[535558903424]
08-24 14:43:55.745  4585  5390 I SurfaceControl: nativeRelease nativeObject e[535558903424]
08-24 14:43:55.751 24159 24159 I ViewInteraction: Checking 'MatchesViewAssertion{viewMatcher=(view has effective visibility <VISIBLE> and view.getGlobalVisibleRect() to return non-empty rectangle)}' assertion on view an instance of android.widget.TextView and view.getText() with or without transformation to match: is "Tzeitel"
08-24 14:43:55.753  4226  4601 I SurfaceFlinger: id=88788 createSurf (0x0),-1 flag=24004, Surface(name=a3a0629 InputMethod)/@0x54f474f - animation-leash#1
