08-24 14:43:41.512 24159 24204 I TestRunner: started: grid_list_content_on_first_page(com.example.dogglers.GridListTests)
08-24 14:43:41.516  4585  4610 D SehCodecSolutionService: Update top [com.google.android.youtube]
08-24 14:43:41.519  4226  4226 I Layer   : id=88312[1] Destroyed Task=1566#0
08-24 14:43:41.519  4226  4226 I Layer   : id=88335[1] Destroyed ActivityRecord{6f2f875 u0 com.example.dogglers/androidx.test.core.app.InstrumentationActivityInvoker$EmptyActivity t1566}#0
08-24 14:43:41.521  4896  4896 D SecStatusBarMobileView: setStaticDrawableColor:
08-24 14:43:41.522  4896  4896 D SecStatusBarMobileView: setStaticDrawableColor:
08-24 14:43:41.530  5408  5422 I id.app.launche: NativeAlloc concurrent copying GC freed 2990(192KB) AllocSpace objects, 0(0B) LOS objects, 49% free, 8342KB/16MB, paused 282us total 118.845ms
08-24 14:43:41.532 24159 24204 W Settings: Setting always_finish_activities has moved from android.provider.Settings.System to android.provider.Settings.Global, returning read-only value.
08-24 14:43:41.540  4896  4896 D SecStatusBarMobileView: setStaticDrawableColor:
08-24 14:43:41.540  4896  4896 D SecStatusBarMobileView: setStaticDrawableColor:
08-24 14:43:41.554  4585  5732 I SemDvfsHyPerManager: acquire hyper - AMS_APP_SWITCH/4585@30, type = -999
08-24 14:43:41.555  4175  4211 I HYPER-HAL: [RequestManager.cpp]acquire(): Acquired ID : 10651450  [4585 / 30]    HINT : AMS_APP_SWITCH    list :
08-24 14:43:41.556  9865  9865 I Utils   : isCurrentUser current = 0, ownerId = 0
08-24 14:43:41.556  4226  4251 I SurfaceFlinger: id=88351 createSurf (0x0),-1 flag=24004, Task=1567#0
08-24 14:43:41.556  4175  4211 I HYPER-HAL: [ResourceManager.cpp]updateResource(): [CPUMinFreq] UpdateResource Request ID : 10651450    Value : 2314000
08-24 14:43:41.556  9865  9865 I TrayVisibilityController: getComputedTrayVisible : keyguardState = 1
08-24 14:43:41.556  9865  9865 I TrayVisibilityController: updateTrayVisible: State=1 visible=1 mCurrentVisible=1 specificMode=0
08-24 14:43:41.556  9865  9865 I TrayStateController: onNotifyUpdateTray: 0 to need to visible? true
08-24 14:43:41.559  7134  7134 I SemDvfsHyPerManager: acquire hyper - com.sec.android.sdhms/7134@9, type = -999
08-24 14:43:41.559  4175  4211 I HYPER-HAL: [RequestManager.cpp]acquire(): Acquired ID : 25514805  [7134 / 9]    HINT : APP_START    list :
08-24 14:43:41.560  4175  4211 E HYPER-HAL: [HandlerSysfs.cpp]doResourceHandling(): Couldn't Open Sysfs - /sys/kernel/mm/vmscan/am_app_launch
08-24 14:43:41.560  4175  4211 I HYPER-HAL: [ResourceManager.cpp]updateResource(): [CPUMaxFreq] UpdateResource Request ID : 25514805    Value : 2314000
08-24 14:43:41.562  4226  4251 I SurfaceFlinger: id=88352 createSurf (0x0),-1 flag=80004, ActivityRecord{d0dfad2 u0 com.example.dogglers/androidx.test.core.app.InstrumentationActivityInvoker$BootstrapActivity t1567}#0
08-24 14:43:41.568  4585  7096 V WindowOrientationListener: getProposedRotation: -1
08-24 14:43:41.570  4140  4146 E statsd  : Predicate -7037417284711607308 dropping data for dimension key (10)0x2010101->10574[I] (10)0x30000->*launch*[S]
08-24 14:43:41.571  4140  4146 E statsd  : Predicate 5980654721335871649 dropping data for dimension key (10)0x2010101->10574[I] (10)0x30000->*launch*[S]
08-24 14:43:41.577  4585  7096 I SemDvfsHyPerManager: acquire hyper - AMS_APP_LAUNCH/4585@17, type = -999
08-24 14:43:41.580  4175  4211 I HYPER-HAL: [RequestManager.cpp]acquire(): Acquired ID : 10591520  [4585 / 17]    HINT : AMS_APP_LAUNCH    list :
08-24 14:43:41.580  4175  4211 I HYPER-HAL: [ResourceManager.cpp]updateResource(): [CPUMinFreq] UpdateResource Request ID : 10591520    Value : 2314000
08-24 14:43:41.585  4585  5087 V WindowOrientationListener: getProposedRotation: -1
08-24 14:43:41.585  4585  5087 V WindowOrientationListener: getProposedRotation: -1
08-24 14:43:41.587  4585  5087 V WindowOrientationListener: getProposedRotation: -1
08-24 14:43:41.593  4585  5087 D InputDispatcher: Focused application set to (0): d0dfad2
08-24 14:43:41.605  4149  4184 D audio_hw_primary: device-adev_set_parameters: enter with key(audioHDR=0)
08-24 14:43:41.615  4585  4635 D FastTrack: setFastTrackState: pid = 24159 ;tid= 24159 ;value= 1
08-24 14:43:41.621 24159 24159 D LifecycleMonitor: Lifecycle status change: androidx.test.core.app.InstrumentationActivityInvoker$BootstrapActivity@514fe21 in: PRE_ON_CREATE
08-24 14:43:41.621 24159 24159 V ActivityScenario: Activity lifecycle changed event received but ignored because the intent does not match. startActivityIntent=Intent { act=android.intent.action.MAIN cat=[android.intent.category.LAUNCHER] cmp=com.example.dogglers/.GridListActivity }, activity.getIntent()=Intent { act=android.intent.action.MAIN cat=[android.intent.category.LAUNCHER] flg=0x10008000 cmp=com.example.dogglers/androidx.test.core.app.InstrumentationActivityInvoker$BootstrapActivity (has extras) }, activity=androidx.test.core.app.InstrumentationActivityInvoker$BootstrapActivity@514fe21
08-24 14:43:41.627  4585  4635 D FastTrack: setFastTrackState: pid = 24159 ;tid= 24214 ;value= 1
08-24 14:43:41.630  4585  4613 D InputTransport: Input channel constructed: '3726f6 ', fd=731
08-24 14:43:41.630  4585  4613 D InputTransport: Input channel constructed: '3726f6 ', fd=732
08-24 14:43:41.631  4226  4601 I SurfaceFlinger: id=88353 createSurf (0x0),-1 flag=80004, 3726f6 Splash Screen com.example.dogglers#0
08-24 14:43:41.633  4585  4613 I ViewRootImpl@c66cdb8[dogglers]: setView = com.android.internal.policy.DecorView@b970d64 TM=true
08-24 14:43:41.642 24159 24159 I DecorView: [INFO] isPopOver=false, config=true
08-24 14:43:41.642 24159 24159 I DecorView: updateCaptionType >> DecorView@d3a2c07[], isFloating=false, isApplication=true, hasWindowDecorCaption=false, hasWindowControllerCallback=true
08-24 14:43:41.642 24159 24159 D DecorView: setCaptionType = 0, this = DecorView@d3a2c07[]
08-24 14:43:41.648  4585  4613 V WindowManager: Relayout Window{3726f6 u0 Splash Screen com.example.dogglers}: viewVisibility=0 req=1080x2340
08-24 14:43:41.651  4585  4613 D WindowManager: isScreenshotDisabledLocked - win: Window{3726f6 u0 Splash Screen com.example.dogglers}
08-24 14:43:41.651  4585  4613 D WindowManager: isScreenshotDisabledLocked: userId = 0, disabled =false
08-24 14:43:41.652  4226  5357 I SurfaceFlinger: id=88354 createSurf (1080x2340),1 flag=404, Splash Screen com.example.dogglers#0
08-24 14:43:41.654  4585  4606 I InputDispatcher: Focus left window (21625): 911a194 in display 0 0
08-24 14:43:41.660 21625 21625 I ViewRootImpl@b7edacd[WatchWhileActivity]: MSG_WINDOW_FOCUS_CHANGED 0 1
08-24 14:43:41.662  4585  4613 V WindowManager: Relayout hash=3726f6, pid=4585: mAttrs={(0,0)(fillxfill) sim={adjust=pan} layoutInDisplayCutoutMode=shortEdges ty=APPLICATION_STARTING wanim=0x1030001
08-24 14:43:41.662  4585  4613 V WindowManager:   fl=1830118
08-24 14:43:41.662  4585  4613 V WindowManager:   pfl=12020011
08-24 14:43:41.662  4585  4613 V WindowManager:   apr=LIGHT_NAVIGATION_BARS
08-24 14:43:41.662  4585  4613 V WindowManager:   fitSides= naviIconColor=0
08-24 14:43:41.662  4585  4613 V WindowManager:   sfl=100000}
08-24 14:43:41.662  4585  4613 I ViewRootImpl@c66cdb8[dogglers]: Relayout returned: old=(0,0,1080,2340) new=(0,0,1080,2340) req=(1080,2340)0 dur=14 res=0x7 s={true 535581126656} ch=true fn=-1
08-24 14:43:41.663  4585  4613 I ViewRootImpl@c66cdb8[dogglers]: [DP] dp(1) 1 android.view.ViewRootImpl.reportNextDraw:10957 android.view.ViewRootImpl.performTraversals:3845 android.view.ViewRootImpl.doTraversal:2618
08-24 14:43:41.666  4585  4820 D PkgPredictorService: com.example.dogglers go to foreground!
08-24 14:43:41.667  4159 17194 D gralloc : [mali_gralloc_allocate] begin
08-24 14:43:41.667  4159 17194 D gralloc : buffer_descriptor: wh(1080 2340) usage_pc(0x966 0x906) hal_format(0x1) layer_count(1) sizes(0 0 0) strde(0) byte_stride(0) alloc_wh(0 0) internal_format(0x0) alloc_format(0x0) fd_count(1) plane_count(0)
08-24 14:43:41.667  4585  4610 D SehCodecSolutionService: Update top [com.example.dogglers]
08-24 14:43:41.668 15874 15932 I Rubin   : [164608] LoggingEventHelper.notifyUpdatedWithValue(LoggingEventHelper.java:58) : Notify AppUsageLogger's database is updated.
08-24 14:43:41.672  4585  4820 E PkgPredictorService-Collector: record changed bt=0  wifi=0 screen=0
08-24 14:43:41.672  4585  4820 D PkgPredictorService: previous pkgs: com.example.dogglers,com.google.android.youtube,com.example.dogglers running pkg: com.example.dogglers, uid: 0 is system: false
08-24 14:43:41.672  4226  4226 I SurfaceFlinger: SFWD update time=571759008654196
08-24 14:43:41.673  4585  4820 D PkgPredictorService-Collector: save record...
08-24 14:43:41.673  4585  4820 D PkgPredictorService-Collector:  (hour:14 day:4 previous:[com.example.dogglers, com.google.android.youtube, com.example.dogglers] activityName:unknown running:com.example.dogglers userId:0 screenOrientation:0 wifi:0 bt:0 predictTime:1 apkVersion:1.0 consumeTime:-1 preloaded:false>)
08-24 14:43:41.673  4585  4820 D PkgPredictorService-NapPreloadController: User using: com.example.dogglers
08-24 14:43:41.676  4159 17194 D gralloc : [mali_gralloc_allocate] allocation successful
08-24 14:43:41.688  4585  4820 I PkgPredictorService-NapClassifier: RF predict version:1661289077471
08-24 14:43:41.689  4141  4265 E Netd    : getNetworkForDns: getNetId from enterpriseCtrl is netid 0
08-24 14:43:41.696  4585  4613 I ViewRootImpl@c66cdb8[dogglers]: [DP] pdf(0) 1 android.view.ViewRootImpl.performDraw:4809 android.view.ViewRootImpl.performTraversals:3866 android.view.ViewRootImpl.doTraversal:2618
08-24 14:43:41.696  4585  4613 I ViewRootImpl@c66cdb8[dogglers]: [DP] rdf()
08-24 14:43:41.704 24159 24159 D LifecycleMonitor: Lifecycle status change: androidx.test.core.app.InstrumentationActivityInvoker$BootstrapActivity@514fe21 in: CREATED
08-24 14:43:41.705 24159 24159 V ActivityScenario: Activity lifecycle changed event received but ignored because the intent does not match. startActivityIntent=Intent { act=android.intent.action.MAIN cat=[android.intent.category.LAUNCHER] cmp=com.example.dogglers/.GridListActivity }, activity.getIntent()=Intent { act=android.intent.action.MAIN cat=[android.intent.category.LAUNCHER] flg=0x10008000 cmp=com.example.dogglers/androidx.test.core.app.InstrumentationActivityInvoker$BootstrapActivity (has extras) }, activity=androidx.test.core.app.InstrumentationActivityInvoker$BootstrapActivity@514fe21
08-24 14:43:41.706  4217 27777 V APM_AudioPolicyManager: setAppState(portId:11856, state:1)
08-24 14:43:41.707  4217 27777 V APM_AudioPolicyManager: setAppState(portId:11883, state:2)
08-24 14:43:41.713  4585  4613 D WindowManager: isScreenshotDisabledLocked - win: Window{a3a0629 u0 InputMethod}
08-24 14:43:41.713  4585  4613 D WindowManager: isScreenshotDisabledLocked: userId = 0, disabled =false
08-24 14:43:41.713  4585  4613 D WindowManager: isScreenshotDisabledLocked - win: Window{911a194 u0 com.google.android.youtube/com.google.android.apps.youtube.app.watchwhile.WatchWhileActivity}
08-24 14:43:41.713  4585  4613 D WindowManager: isScreenshotDisabledLocked: userId = 0, disabled =false
08-24 14:43:41.714  4159 17194 D gralloc : [mali_gralloc_allocate] begin
08-24 14:43:41.715  4159 17194 D gralloc : buffer_descriptor: wh(1080 2340) usage_pc(0x366 0x306) hal_format(0x1) layer_count(1) sizes(0 0 0) strde(0) byte_stride(0) alloc_wh(0 0) internal_format(0x0) alloc_format(0x0) fd_count(1) plane_count(0)
08-24 14:43:41.717  4585  4820 D PkgPredictorService-NapClassifier: Predict result: 144.0,146.0,166.0, - [0_&_org.telegram.plus, 0_&_com.google.android.youtube, 0_&_com.samsung.android.app.contacts]
08-24 14:43:41.719 21625 21625 I SurfaceView: onWindowVisibilityChanged(8) false android.view.SurfaceView{c9edee9 V.E...... ......ID 0,0-1080,607} of ViewRootImpl@b7edacd[WatchWhileActivity]
08-24 14:43:41.721 21625 21625 I SurfaceView: surfaceDestroyed callback.size 1 #2 android.view.SurfaceView{c9edee9 V.E...... ......ID 0,0-1080,607}
08-24 14:43:41.722 21625 21625 I SurfaceView: remove() android.view.SurfaceView{c9edee9 V.E...... ......ID 0,0-1080,607} Surface(name=SurfaceView - com.google.android.youtube/com.google.android.apps.youtube.app.watchwhile.WatchWhileActivity@c9edee9@7)/@0x73a2423
08-24 14:43:41.722 21625 21625 I SurfaceControl: nativeRelease nativeObject s[537830788288]
08-24 14:43:41.722 21625 21625 I SurfaceControl: nativeRelease nativeObject e[537830788288]
08-24 14:43:41.723  4159 17194 D gralloc : [mali_gralloc_allocate] allocation successful
08-24 14:43:41.725 21625 21625 I SurfaceControl: nativeRelease nativeObject s[537830788960]
08-24 14:43:41.725 21625 21625 I SurfaceControl: nativeRelease nativeObject e[537830788960]
08-24 14:43:41.725  4226  4248 I Layer   : id=88348 removeFromCurrentState Background for -SurfaceView - com.google.android.youtube/com.google.android.apps.youtube.app.watchwhile.WatchWhileActivity@c9edee9@7#0 (85)
08-24 14:43:41.731  4226  4226 I Layer   : id=88355[0] Destroyed Screenshot Parent
08-24 14:43:41.731  4226  4248 I SurfaceFlinger: id=88348 Removed Background for -SurfaceView - com.google.android.youtube/com.google.android.apps.youtube.app.watchwhile.WatchWhileActivity@c9edee9@7#0 (85)
08-24 14:43:41.731  4226  4601 E BufferQueueProducer: [com.google.android.youtube/com.google.android.apps.youtube.app.watchwhile.WatchWhileActivity$_21625#0](id:108200004942,api:0,p:-1,c:4226) disconnect: not connected (req=1)
08-24 14:43:41.731  4226  5359 I SurfaceFlinger: id=88347 Removed SurfaceView - com.google.android.youtube/com.google.android.apps.youtube.app.watchwhile.WatchWhileActivity@c9edee9@7#0 (85)
08-24 14:43:41.731 21625 21862 W libEGL  : EGLNativeWindowType 0x7c930a9010 disconnect failed
08-24 14:43:41.738  4226  4226 I Layer   : id=88348[1] Destroyed Background for -SurfaceView - com.google.android.youtube/com.google.android.apps.youtube.app.watchwhile.WatchWhileActivity@c9edee9@7#0
08-24 14:43:41.738  4585  4613 I SurfaceControl: nativeRelease nativeObject s[535558905632]
08-24 14:43:41.738  4585  4613 I SurfaceControl: nativeRelease nativeObject e[535558905632]
08-24 14:43:41.739  9865  9865 I TrayStateController: systemUiVisibilityChanged : 2 0
08-24 14:43:41.739  4226  5357 I SurfaceFlinger: id=88356 createSurf (0x0),-1 flag=24000, Surface(name=e455c2d StatusBar)/@0x2f65071 - animation-leash#1
08-24 14:43:41.742  4226  4226 D SurfaceFlinger: Display 0 HWC layers:
08-24 14:43:41.742  4226  4226 D SurfaceFlinger:      DEVICE | 0x77ce8148c0 | 0000 | RGBA_8888    |    0.0    0.0 1080.0 2340.0 |    0    0 1080 2340 | com.google.android.youtube/com.googl[...]tchwhile.WatchWhileActivity$_21625#0
08-24 14:43:41.742  4226  4226 D SurfaceFlinger:      DEVICE | 0x77ce814dc0 | 0000 | RGBA_8888    |    0.0    0.0 1080.0   83.0 |    0    0 1080   83 | StatusBar$_4896#0
08-24 14:43:41.742  4226  4226 D SurfaceFlinger:      DEVICE | 0x77ce8157c0 | 0000 | RGBA_8888    |    0.0    0.0   67.0  342.0 |    0  746   67 1088 | com.samsung.android.app.cocktailbars[...]arservice.CocktailBarService$_9865#0
08-24 14:43:41.742  4226  4226 D SurfaceFlinger:      DEVICE | 0x7851238200 | 0000 | RGBA_8888    |    0.0    0.0  388.0   39.0 |  692 2301 1080 2340 | SGestureOverlayWindow$_5408#0
08-24 14:43:41.742  4226  4226 D SurfaceFlinger:      DEVICE | 0x77ce815f40 | 0000 | RGBA_8888    |    0.0    0.0 1080.0  126.0 |    0 2214 1080 2340 | NavigationBar0$_4896#0
08-24 14:43:41.742  4226  4226 D SurfaceFlinger:      DEVICE | 0x77ce814b40 | 0000 | RGBA_8888    |    0.0    0.0 1080.0  151.0 |    0    0 1080  151 | ScreenDecorOverlay$_4896#0
08-24 14:43:41.742  4226  4226 D SurfaceFlinger:      DEVICE | 0x77ce817d40 | 0000 | RGBA_8888    |    0.0    0.0 1080.0  151.0 |    0 2189 1080 2340 | ScreenDecorOverlayBottom$_
08-24 14:43:41.742  4226  4226 D SurfaceFlinger: 4896#0
08-24 14:43:41.742  4226  4226 D SurfaceFlinger:
08-24 14:43:41.746  4585  4613 I SurfaceControl: nativeRelease nativeObject s[535558905728]
08-24 14:43:41.746  4585  4613 I SurfaceControl: nativeRelease nativeObject e[535558905728]
08-24 14:43:41.747  4226  5357 I SurfaceFlinger: id=88357 createSurf (0x0),-1 flag=24000, Surface(name=a71bb8f NavigationBar0)/@0x8f38906 - animation-leash#1
08-24 14:43:41.750  4226  5357 I Layer   : id=88344 removeFromCurrentState Surface(name=e455c2d StatusBar)/@0x2f65071 - animation-leash#0 (86)
08-24 14:43:41.750  9865  9865 I TrayStateController: systemUiVisibilityChanged : 0 0
08-24 14:43:41.750  4226  5357 I Layer   : id=88345 removeFromCurrentState Surface(name=a71bb8f NavigationBar0)/@0x8f38906 - animation-leash#0 (86)
08-24 14:43:41.752 24159 24159 D LifecycleMonitor: Lifecycle status change: androidx.test.core.app.InstrumentationActivityInvoker$BootstrapActivity@514fe21 in: STARTED
08-24 14:43:41.753 24159 24159 V ActivityScenario: Activity lifecycle changed event received but ignored because the intent does not match. startActivityIntent=Intent { act=android.intent.action.MAIN cat=[android.intent.category.LAUNCHER] cmp=com.example.dogglers/.GridListActivity }, activity.getIntent()=Intent { act=android.intent.action.MAIN cat=[android.intent.category.LAUNCHER] flg=0x10008000 cmp=com.example.dogglers/androidx.test.core.app.InstrumentationActivityInvoker$BootstrapActivity (has extras) }, activity=androidx.test.core.app.InstrumentationActivityInvoker$BootstrapActivity@514fe21
08-24 14:43:41.753  4585  5390 V WindowManager: Relayout Window{911a194 u0 com.google.android.youtube/com.google.android.apps.youtube.app.watchwhile.WatchWhileActivity}: viewVisibility=8 req=1080x2340
08-24 14:43:41.753  4896  4908 I ndroid.systemu: NativeAlloc concurrent copying GC freed 23245(864KB) AllocSpace objects, 0(0B) LOS objects, 49% free, 19MB/38MB, paused 333us total 288.086ms
08-24 14:43:41.754  4585  4594 I system_server: NativeAlloc concurrent copying GC freed 391536(20MB) AllocSpace objects, 166(3484KB) LOS objects, 21% free, 86MB/110MB, paused 557us total 744.068ms
08-24 14:43:41.756  4896  4910 W System  : A resource failed to call release.
08-24 14:43:41.756  4896  4910 I SurfaceControl: nativeRelease nativeObject s[537816936000]
08-24 14:43:41.756  4896  4910 I SurfaceControl: nativeRelease nativeObject e[537816936000]
08-24 14:43:41.756  4226  4601 I SurfaceFlinger: id=88259 Removed Surface(name=a3a0629 InputMethod)/@0x54f474f - animation-leash#0 (86)
08-24 14:43:41.758  4585  5390 V WindowManager: Relayout hash=911a194, pid=21625: mAttrs={(0,0)(fillxfill) sim={adjust=resize} layoutInDisplayCutoutMode=shortEdges ty=BASE_APPLICATION fmt=TRANSLUCENT wanim=0x1030304 sysuil=true
08-24 14:43:41.758  4585  5390 V WindowManager:   fl=81810100
08-24 14:43:41.758  4585  5390 V WindowManager:   pfl=12020000
08-24 14:43:41.758  4585  5390 V WindowManager:   vsysui=3710
08-24 14:43:41.758  4585  5390 V WindowManager:   apr=LIGHT_STATUS_BARS LIGHT_NAVIGATION_BARS
08-24 14:43:41.758  4585  5390 V WindowManager:   bhv=SHOW_TRANSIENT_BARS_BY_SWIPE
08-24 14:43:41.758  4585  5390 V WindowManager:   fitSides= naviIconColor=0}
08-24 14:43:41.759 21625 21625 I SurfaceControl: nativeRelease nativeObject s[537816941088]
08-24 14:43:41.759 21625 21625 I SurfaceControl: nativeRelease nativeObject e[537816941088]
08-24 14:43:41.759 21625 21625 I SurfaceControl: assignNativeObject: nativeObject = 0 Surface(name=null)/@0x10ea726 / android.view.SurfaceControl.readFromParcel:1117 android.view.IWindowSession$Stub$Proxy.relayout:1810 android.view.ViewRootImpl.relayoutWindow:9005 android.view.ViewRootImpl.performTraversals:3360 android.view.ViewRootImpl.doTraversal:2618 android.view.ViewRootImpl$TraversalRunnable.run:9971 android.view.Choreographer$CallbackRecord.run:1010 android.view.Choreographer.doCallbacks:809 android.view.Choreographer.doFrame:744 android.view.Choreographer$FrameDisplayEventReceiver.run:995
08-24 14:43:41.760 21625 21625 I SurfaceControl: assignNativeObject: nativeObject = 0 Surface(name=null)/@0x3a5f6d6 / android.view.SurfaceControl.readFromParcel:1117 android.view.IWindowSession$Stub$Proxy.relayout:1820 android.view.ViewRootImpl.relayoutWindow:9005 android.view.ViewRootImpl.performTraversals:3360 android.view.ViewRootImpl.doTraversal:2618 android.view.ViewRootImpl$TraversalRunnable.run:9971 android.view.Choreographer$CallbackRecord.run:1010 android.view.Choreographer.doCallbacks:809 android.view.Choreographer.doFrame:744 android.view.Choreographer$FrameDisplayEventReceiver.run:995
08-24 14:43:41.760 21625 21625 I SurfaceControl: nativeRelease nativeObject s[537816937440]
08-24 14:43:41.760 21625 21625 I SurfaceControl: nativeRelease nativeObject e[537816937440]
08-24 14:43:41.760  4226  5359 I SurfaceFlinger: id=88346 Removed Bounds for - com.google.android.youtube/com.google.android.apps.youtube.app.watchwhile.WatchWhileActivity@7#0 (86)
08-24 14:43:41.761 21625 21625 I SurfaceControl: nativeRelease nativeObject s[537816935520]
08-24 14:43:41.761 21625 21625 I SurfaceControl: nativeRelease nativeObject e[537816935520]
08-24 14:43:41.761 21625 21625 I SurfaceControl: nativeRelease nativeObject s[537816935424]
08-24 14:43:41.761 21625 21625 I SurfaceControl: nativeRelease nativeObject e[537816935424]
08-24 14:43:41.761 21625 21625 I SurfaceControl: nativeRelease nativeObject s[537816933408]
08-24 14:43:41.761 21625 21625 I SurfaceControl: nativeRelease nativeObject e[537816933408]
08-24 14:43:41.761  4226  4251 I SurfaceFlinger: id=88344 Removed Surface(name=e455c2d StatusBar)/@0x2f65071 - animation-leash#0 (86)
08-24 14:43:41.761 21625 21625 I ViewRootImpl@b7edacd[WatchWhileActivity]: Relayout returned: old=(0,0,1080,2340) new=(0,0,1080,2340) req=(1080,2340)8 dur=28 res=0x5 s={false 0} ch=true fn=19
08-24 14:43:41.761  4226  4601 I SurfaceFlinger: id=88345 Removed Surface(name=a71bb8f NavigationBar0)/@0x8f38906 - animation-leash#0 (86)
08-24 14:43:41.761 21625 21625 I SurfaceView: windowStopped(true) false android.view.SurfaceView{c9edee9 V.E...... ......ID 0,0-1080,607} of ViewRootImpl@b7edacd[WatchWhileActivity]
08-24 14:43:41.764 21625 21625 I SurfaceControl: nativeRelease nativeObject s[537816941088]
08-24 14:43:41.764  4226  4226 D SurfaceFlinger: Display 0 HWC layers:
08-24 14:43:41.764  4226  4226 D SurfaceFlinger:      DEVICE | 0x77ce817e80 | 0002 | RGBA_8888    |    0.0    0.0 1080.0 2340.0 |    0    0 1080 2340 | Splash Screen com.example.dogglers#0
08-24 14:43:41.764  4226  4226 D SurfaceFlinger:      DEVICE | 0x77ce814dc0 | 0000 | RGBA_8888    |    0.0    0.0 1080.0   83.0 |    0    0 1080   83 | StatusBar$_4896#0
08-24 14:43:41.764  4226  4226 D SurfaceFlinger:      DEVICE | 0x77ce8157c0 | 0000 | RGBA_8888    |    0.0    0.0   67.0  342.0 |    0  746   67 1088 | com.samsung.android.app.cocktailbars[...]arservice.CocktailBarService$_9865#0
08-24 14:43:41.764  4226  4226 D SurfaceFlinger:      DEVICE | 0x7851238200 | 0000 | RGBA_8888    |    0.0    0.0  388.0   39.0 |  692 2301 1080 2340 | SGestureOverlayWindow$_5408#0
08-24 14:43:41.764  4226  4226 D SurfaceFlinger:      DEVICE | 0x77ce816a80 | 0000 | RGBA_8888    |    0.0    0.0 1080.0  126.0 |    0 2214 1080 2340 | NavigationBar0$_4896#0
08-24 14:43:41.764  4226  4226 D SurfaceFlinger:      DEVICE | 0x77ce814b40 | 0000 | RGBA_8888    |    0.0    0.0 1080.0  151.0 |    0    0 1080  151 | ScreenDecorOverlay$_4896#0
08-24 14:43:41.764  4226  4226 D SurfaceFlinger:      DEVICE | 0x77ce817d40 | 0000 | RGBA_8888    |    0.0    0.0 1080.0  151.0 |    0 2189 1080 2340 | ScreenDecorOverlayBottom$_4896#0
08-24 14:43:41.764  4226  4226 D SurfaceFlinger:
08-24 14:43:41.764 21625 21625 I SurfaceControl: nativeRelease nativeObject e[537816941088]
08-24 14:43:41.766  4896  4896 D NavigationBar: onSystemBarAppearanceChanged() -  displayId:0, appearance:16 (APPEARANCE_LIGHT_NAVIGATION_BARS ), navbarColorManagedByIme:false
08-24 14:43:41.766  4149  4184 D audio_hw_primary: device-adev_set_parameters: enter with key(audioHDR=0)
08-24 14:43:41.766  4896  4896 D SecStatusBarMobileView: setStaticDrawableColor:
08-24 14:43:41.766  4896  4896 D SecStatusBarMobileView: setStaticDrawableColor:
08-24 14:43:41.767  4896  4896 D SecLightBarControlHelper: updateStatus(WHITE icon) NumLightStacks:0, NumStacks:1, IndexLightStack:-1, StatusBarMode:0, StatusBarState:SHD, NeedDarkFontFromWallpaper:false, isWhiteKeyguardStatusBarBySettings:false
08-24 14:43:41.768  4585  4596 W System  : A resource failed to call release.
08-24 14:43:41.768  4585  4596 I SurfaceControl: nativeRelease nativeObject s[535557019008]
08-24 14:43:41.768  4585  4596 I SurfaceControl: nativeRelease nativeObject e[535557019008]
08-24 14:43:41.768  4226  5357 I SurfaceFlinger: id=88337 Removed Surface(name=a3a0629 InputMethod)/@0x54f474f - animation-leash#0 (86)
08-24 14:43:41.768  4226  4226 I Layer   : id=88259[1] Destroyed Surface(name=a3a0629 InputMethod)/@0x54f474f - animation-leash#0
08-24 14:43:41.769  4226  4226 I Layer   : id=88337[1] Destroyed Surface(name=a3a0629 InputMethod)/@0x54f474f - animation-leash#0
08-24 14:43:41.769  4226  4226 I Layer   : id=88344[1] Destroyed Surface(name=e455c2d StatusBar)/@0x2f65071 - animation-leash#0
08-24 14:43:41.769  4226  4226 I Layer   : id=88345[1] Destroyed Surface(name=a71bb8f NavigationBar0)/@0x8f38906 - animation-leash#0
08-24 14:43:41.769  4585  4596 W System  : A resource failed to call release.
08-24 14:43:41.770  4585  4596 I SurfaceControl: nativeRelease nativeObject s[535557016704]
08-24 14:43:41.770  4585  4596 I SurfaceControl: nativeRelease nativeObject e[535557016704]
08-24 14:43:41.771  4585  4596 W System  : A resource failed to call release.
08-24 14:43:41.771  4896  4896 D SecStatusBarMobileView: setStaticDrawableColor:
08-24 14:43:41.771  4585  4596 I SurfaceControl: nativeRelease nativeObject s[535557020736]
08-24 14:43:41.771  4585  4596 I SurfaceControl: nativeRelease nativeObject e[535557020736]
08-24 14:43:41.771  4896  4896 D SecStatusBarMobileView: setStaticDrawableColor:
08-24 14:43:41.773  4226  4251 I SurfaceFlinger: id=88311 Removed Surface(name=a3a0629 InputMethod)/@0x54f474f - animation-leash#1 (82)
08-24 14:43:41.774  4585  4596 W System  : A resource failed to call release.
08-24 14:43:41.774  4585  4596 I SurfaceControl: nativeRelease nativeObject s[535557015840]
08-24 14:43:41.774  4585  4596 I SurfaceControl: nativeRelease nativeObject e[535557015840]
08-24 14:43:41.774  4226  4251 I SurfaceFlinger: id=88303 Removed Surface(name=a3a0629 InputMethod)/@0x54f474f - animation-leash#0 (82)
08-24 14:43:41.775  4585  4596 W System  : A resource failed to call release.
08-24 14:43:41.775  4585  4596 I SurfaceControl: nativeRelease nativeObject s[535557019392]
08-24 14:43:41.775  4585  4596 I SurfaceControl: nativeRelease nativeObject e[535557019392]
08-24 14:43:41.779  4585  4596 W System  : A resource failed to call release.
08-24 14:43:41.779  4585  4596 I SurfaceControl: nativeRelease nativeObject s[535556334176]
08-24 14:43:41.779  4585  4596 I SurfaceControl: nativeRelease nativeObject e[535556334176]
08-24 14:43:41.779  4226  5357 I SurfaceFlinger: id=88273 Removed Surface(name=a3a0629 InputMethod)/@0x54f474f - animation-leash#1 (82)
08-24 14:43:41.780  4585  4596 W System  : A resource failed to call release.
08-24 14:43:41.780  4585  4596 I SurfaceControl: nativeRelease nativeObject s[537817685216]
08-24 14:43:41.780  4585  4596 I SurfaceControl: nativeRelease nativeObject e[537817685216]
08-24 14:43:41.780  4226  5357 I SurfaceFlinger: id=88265 Removed Surface(name=a3a0629 InputMethod)/@0x54f474f - animation-leash#0 (82)
08-24 14:43:41.782  4585  4596 W System  : A resource failed to call release.
08-24 14:43:41.782  4585  4596 I SurfaceControl: nativeRelease nativeObject s[537628420672]
08-24 14:43:41.782  4585  4596 I SurfaceControl: nativeRelease nativeObject e[537628420672]
08-24 14:43:41.782  4585  4596 W System  : A resource failed to call release.
08-24 14:43:41.783  4585  4596 I SurfaceControl: nativeRelease nativeObject s[535557011136]
08-24 14:43:41.783  4585  4596 I SurfaceControl: nativeRelease nativeObject e[535557011136]
08-24 14:43:41.784  4585  4596 W System  : A resource failed to call release.
08-24 14:43:41.784  4585  4596 I SurfaceControl: nativeRelease nativeObject s[535556317664]
08-24 14:43:41.785  4585  4596 I SurfaceControl: nativeRelease nativeObject e[535556317664]
08-24 14:43:41.785  4226  4251 I SurfaceFlinger: id=88234 Removed Surface(name=a3a0629 InputMethod)/@0x54f474f - animation-leash#0 (82)
08-24 14:43:41.786  4226  4226 I Layer   : id=88234[1] Destroyed Surface(name=a3a0629 InputMethod)/@0x54f474f - animation-leash#0
08-24 14:43:41.786  4226  4226 I Layer   : id=88303[1] Destroyed Surface(name=a3a0629 InputMethod)/@0x54f474f - animation-leash#0
08-24 14:43:41.786  4226  4226 I Layer   : id=88311[1] Destroyed Surface(name=a3a0629 InputMethod)/@0x54f474f - animation-leash#1
08-24 14:43:41.786  4226  4226 I Layer   : id=88273[1] Destroyed Surface(name=a3a0629 InputMethod)/@0x54f474f - animation-leash#1
08-24 14:43:41.786  4226  4226 I Layer   : id=88265[1] Destroyed Surface(name=a3a0629 InputMethod)/@0x54f474f - animation-leash#0
08-24 14:43:41.787  4585  5390 V WindowManager: Relayout Window{d095a7c u0 NotificationShade}: viewVisibility=4 req=1080x2340
08-24 14:43:41.791  4585  5390 V WindowManager: Relayout hash=d095a7c, pid=4896: mAttrs={(0,0)(fillxfill) gr=TOP CENTER_VERTICAL sim={adjust=resize} layoutInDisplayCutoutMode=always ty=2040 fmt=TRANSLUCENT
08-24 14:43:41.791  4585  5390 V WindowManager:   fl=81840048
08-24 14:43:41.791  4585  5390 V WindowManager:   pfl=1b000000
08-24 14:43:41.791  4585  5390 V WindowManager:   bhv=SHOW_TRANSIENT_BARS_BY_SWIPE naviIconColor=0
08-24 14:43:41.791  4585  5390 V WindowManager:   sfl=40000}
08-24 14:43:41.793  4896  4896 I SurfaceControl: assignNativeObject: nativeObject = 0 Surface(name=null)/@0x79cdca4 / android.view.SurfaceControl.readFromParcel:1117 android.view.IWindowSession$Stub$Proxy.relayout:1810 android.view.ViewRootImpl.relayoutWindow:9005 android.view.ViewRootImpl.performTraversals:3360 android.view.ViewRootImpl.doTraversal:2618 android.view.ViewRootImpl$TraversalRunnable.run:9971 android.view.Choreographer$CallbackRecord.run:1010 android.view.Choreographer.doCallbacks:809 android.view.Choreographer.doFrame:744 android.view.Choreographer$FrameDisplayEventReceiver.run:995
08-24 14:43:41.793  4896  4896 I SurfaceControl: assignNativeObject: nativeObject = 0 Surface(name=null)/@0xd3c9bb / android.view.SurfaceControl.readFromParcel:1117 android.view.IWindowSession$Stub$Proxy.relayout:1820 android.view.ViewRootImpl.relayoutWindow:9005 android.view.ViewRootImpl.performTraversals:3360 android.view.ViewRootImpl.doTraversal:2618 android.view.ViewRootImpl$TraversalRunnable.run:9971 android.view.Choreographer$CallbackRecord.run:1010 android.view.Choreographer.doCallbacks:809 android.view.Choreographer.doFrame:744 android.view.Choreographer$FrameDisplayEventReceiver.run:995
08-24 14:43:41.794  4896  4896 I ViewRootImpl@b9c0f52[NotificationShade]: Relayout returned: old=(0,0,1080,2340) new=(0,0,1080,2340) req=(1080,2340)4 dur=7 res=0x1 s={false 0} ch=false fn=-1
08-24 14:43:41.798  4896  4896 D KeyguardBottomAreaShortcutView: updateCameraVisibility isCameraDisabled:false visible:true
08-24 14:43:41.798  4896  4896 D KeyguardBottomAreaShortcutView: mIndicationArea margin start : 158, end : 158, bottom : 145
08-24 14:43:41.803  4896  4896 D SecStatusBarMobileView: setStaticDrawableColor:
08-24 14:43:41.803  4896  4896 D SecStatusBarMobileView: setStaticDrawableColor:
08-24 14:43:41.811  4226  4251 I SurfaceFlinger: id=88358 createSurf (0x0),-1 flag=80004, ActivityRecord{d3933cf u0 com.example.dogglers/.GridListActivity t1567}#0
08-24 14:43:41.812  4896  4896 D SecStatusBarMobileView: setStaticDrawableColor:
08-24 14:43:41.812  4896  4896 D SecStatusBarMobileView: setStaticDrawableColor:
08-24 14:43:41.816 24159 24159 D LifecycleMonitor: Lifecycle status change: androidx.test.core.app.InstrumentationActivityInvoker$BootstrapActivity@514fe21 in: RESUMED
08-24 14:43:41.817  4585  4613 I ViewRootImpl@c66cdb8[dogglers]: MSG_RESIZED_REPORT: frame=(0,0,1080,2340) ci=(0,83,0,39) vi=(0,83,0,39) or=1
08-24 14:43:41.817 24159 24159 V ActivityScenario: Activity lifecycle changed event received but ignored because the intent does not match. startActivityIntent=Intent { act=android.intent.action.MAIN cat=[android.intent.category.LAUNCHER] cmp=com.example.dogglers/.GridListActivity }, activity.getIntent()=Intent { act=android.intent.action.MAIN cat=[android.intent.category.LAUNCHER] flg=0x10008000 cmp=com.example.dogglers/androidx.test.core.app.InstrumentationActivityInvoker$BootstrapActivity (has extras) }, activity=androidx.test.core.app.InstrumentationActivityInvoker$BootstrapActivity@514fe21
08-24 14:43:41.817  4585  4613 I ViewRootImpl@c66cdb8[dogglers]: [DP] dp(1) 1 android.view.ViewRootImpl.reportNextDraw:10957 android.view.ViewRootImpl.access$1200:256 android.view.ViewRootImpl$ViewRootHandler.handleMessage:6101
08-24 14:43:41.818  4585  4613 V WindowManager: Relayout Window{3726f6 u0 Splash Screen com.example.dogglers}: viewVisibility=0 req=1080x2340
08-24 14:43:41.821  4585  4613 I SurfaceControl: nativeRelease nativeObject s[537628420096]
08-24 14:43:41.821  4585  4613 I SurfaceControl: nativeRelease nativeObject e[537628420096]
08-24 14:43:41.822 24159 24159 D LifecycleMonitor: Lifecycle status change: androidx.test.core.app.InstrumentationActivityInvoker$BootstrapActivity@514fe21 in: PAUSED
08-24 14:43:41.822  4585  4613 V WindowManager: Relayout hash=3726f6, pid=4585: mAttrs={(0,0)(fillxfill) sim={adjust=pan} layoutInDisplayCutoutMode=shortEdges ty=APPLICATION_STARTING wanim=0x1030001
08-24 14:43:41.822  4585  4613 V WindowManager:   fl=1830118
08-24 14:43:41.822  4585  4613 V WindowManager:   pfl=12020011
08-24 14:43:41.822  4585  4613 V WindowManager:   apr=LIGHT_NAVIGATION_BARS
08-24 14:43:41.822  4585  4613 V WindowManager:   fitSides= naviIconColor=0
08-24 14:43:41.822  4585  4613 V WindowManager:   sfl=100000}
08-24 14:43:41.822  4585  4613 I SurfaceControl: nativeRelease nativeObject s[535558905632]
08-24 14:43:41.822  4585  4613 I SurfaceControl: nativeRelease nativeObject e[535558905632]
08-24 14:43:41.822 24159 24159 V ActivityScenario: Activity lifecycle changed event received but ignored because the intent does not match. startActivityIntent=Intent { act=android.intent.action.MAIN cat=[android.intent.category.LAUNCHER] cmp=com.example.dogglers/.GridListActivity }, activity.getIntent()=Intent { act=android.intent.action.MAIN cat=[android.intent.category.LAUNCHER] flg=0x10008000 cmp=com.example.dogglers/androidx.test.core.app.InstrumentationActivityInvoker$BootstrapActivity (has extras) }, activity=androidx.test.core.app.InstrumentationActivityInvoker$BootstrapActivity@514fe21
08-24 14:43:41.822  4585  4613 I SurfaceControl: nativeRelease nativeObject s[535558905728]
08-24 14:43:41.822  4585  4613 I SurfaceControl: nativeRelease nativeObject e[535558905728]
08-24 14:43:41.822  4585  4613 I ViewRootImpl@c66cdb8[dogglers]: Relayout returned: old=(0,0,1080,2340) new=(0,0,1080,2340) req=(1080,2340)0 dur=4 res=0x1 s={true 535581126656} ch=false fn=2
08-24 14:43:41.823  4159 17194 D gralloc : [mali_gralloc_allocate] begin
08-24 14:43:41.823  4159 17194 D gralloc : buffer_descriptor: wh(1080 2340) usage_pc(0x966 0x906) hal_format(0x1) layer_count(1) sizes(0 0 0) strde(0) byte_stride(0) alloc_wh(0 0) internal_format(0x0) alloc_format(0x0) fd_count(1) plane_count(0)
08-24 14:43:41.825  4585  7040 V WindowOrientationListener: getProposedRotation: -1
08-24 14:43:41.825  4159 17194 D gralloc : [mali_gralloc_allocate] allocation successful
08-24 14:43:41.828  4585  7040 D InputDispatcher: Focused application set to (0): d3933cf
08-24 14:43:41.836  4585  4613 I ViewRootImpl@c66cdb8[dogglers]: [DP] pdf(0) 1 android.view.ViewRootImpl.performDraw:4809 android.view.ViewRootImpl.performTraversals:3866 android.view.ViewRootImpl.doTraversal:2618
08-24 14:43:41.836  4585  4613 I ViewRootImpl@c66cdb8[dogglers]: [DP] rdf()
08-24 14:43:41.837  4226  4601 I SurfaceFlinger: id=88359 createSurf (0x0),-1 flag=24000, Surface(name=ActivityRecord{d0dfad2 u0 com.example.dogglers/androidx.test.core.app.InstrumentationActivityInvoker$BootstrapActivity t1567})/@0x1065852 - animation-leash#0
08-24 14:43:41.838  4226  4601 I SurfaceFlinger: id=88360 createSurf (0x0),-1 flag=20004, Dim Layer for - Task=1567 - animating-dim#0
08-24 14:43:41.839  4226  4601 I SurfaceFlinger: id=88361 createSurf (0x0),-1 flag=24000, Surface(name=Dim Layer for - Task=1567 - animating-dim)/@0x966d1d9 - animation-leash#0
08-24 14:43:41.840  4226  4601 I SurfaceFlinger: id=88362 createSurf (0x0),-1 flag=80004, Surface(name=ActivityRecord{d0dfad2 u0 com.example.dogglers/androidx.test.core.app.InstrumentationActivityInvoker$BootstrapActivity t1567})/@0x1065852 - animation-bounds#0
08-24 14:43:41.842  4585  7040 I SurfaceControl: nativeRelease nativeObject s[535556864160]
08-24 14:43:41.842  4585  7040 I SurfaceControl: nativeRelease nativeObject e[535556864160]
08-24 14:43:41.844  4896  4896 D SecStatusBarMobileView: setStaticDrawableColor:
08-24 14:43:41.845  4896  4896 D SecStatusBarMobileView: setStaticDrawableColor:
08-24 14:43:41.845  4226  4601 I Layer   : id=88360 removeFromCurrentState Dim Layer for - Task=1567 - animating-dim#0 (82)
08-24 14:43:41.846  4226  4601 I SurfaceFlinger: id=88360 Removed Dim Layer for - Task=1567 - animating-dim#0 (82)
08-24 14:43:41.852  4226  4226 I Layer   : id=88360[1] Destroyed Dim Layer for - Task=1567 - animating-dim#0
08-24 14:43:41.855 24159 24159 D LifecycleMonitor: Lifecycle status change: com.example.dogglers.GridListActivity@e500ca0 in: PRE_ON_CREATE
08-24 14:43:41.856 24159 24159 V ActivityScenario: Activity lifecycle changed event received but ignored because the reported transition was not ON_CREATE while the last known transition was PRE_ON_CREATE
08-24 14:43:41.858  4896  4896 D SecStatusBarMobileView: setStaticDrawableColor:
08-24 14:43:41.858  4896  4896 D SecStatusBarMobileView: setStaticDrawableColor:
08-24 14:43:41.870  4896  4896 D SecStatusBarMobileView: setStaticDrawableColor:
08-24 14:43:41.870 24159 24159 I DecorView: [INFO] isPopOver=false, config=true
08-24 14:43:41.870  4896  4896 D SecStatusBarMobileView: setStaticDrawableColor:
08-24 14:43:41.870 24159 24159 I DecorView: updateCaptionType >> DecorView@e68b191[], isFloating=false, isApplication=true, hasWindowDecorCaption=false, hasWindowControllerCallback=true
08-24 14:43:41.870 24159 24159 D DecorView: setCaptionType = 0, this = DecorView@e68b191[]
08-24 14:43:41.879 15874 15932 I Rubin   : [164608] ExercisingWithCmhMonitor.isSatisfiedByCmh(ExercisingWithCmhMonitor.java:119) : isSatisfiedByCmh is false
08-24 14:43:41.888  4175 24562 I HYPER-HAL: [ResourceManager.cpp]removeResource(): [CPUMinFreq] RemoveResource Request ID : 10596124
08-24 14:43:41.889  4175 24562 I HYPER-HAL: [RequestManager.cpp]releaseLocked(): Released ID : 10596124
08-24 14:43:41.889 21625 21625 I ViewRootImpl@b7edacd[WatchWhileActivity]: stopped(true) old=false
08-24 14:43:41.904 24159 24159 D LifecycleMonitor: Lifecycle status change: com.example.dogglers.GridListActivity@e500ca0 in: CREATED
08-24 14:43:41.905 24159 24159 V ActivityScenario: Update currentActivityStage to CREATED, currentActivity=com.example.dogglers.GridListActivity@e500ca0
08-24 14:43:41.909 24159 24159 D LifecycleMonitor: Lifecycle status change: com.example.dogglers.GridListActivity@e500ca0 in: STARTED
08-24 14:43:41.910 24159 24159 V ActivityScenario: Update currentActivityStage to STARTED, currentActivity=com.example.dogglers.GridListActivity@e500ca0
08-24 14:43:41.912 24159 24159 D LifecycleMonitor: Lifecycle status change: com.example.dogglers.GridListActivity@e500ca0 in: RESUMED
08-24 14:43:41.912 24159 24159 V ActivityScenario: Update currentActivityStage to RESUMED, currentActivity=com.example.dogglers.GridListActivity@e500ca0
08-24 14:43:41.913  4896  4896 D SecStatusBarMobileView: setStaticDrawableColor:
08-24 14:43:41.913  4896  4896 D SecStatusBarMobileView: setStaticDrawableColor:
08-24 14:43:41.918  4585  7112 D InputTransport: Input channel constructed: '977fd8b', fd=659
08-24 14:43:41.918  4585  7112 D InputTransport: Input channel constructed: '977fd8b', fd=661
08-24 14:43:41.919  4226  5357 I SurfaceFlinger: id=88363 createSurf (0x0),-1 flag=80004, 977fd8b com.example.dogglers/com.example.dogglers.GridListActivity#0
08-24 14:43:41.919  4585  7112 D WindowManager: isScreenshotDisabledLocked - win: Window{977fd8b u0 com.example.dogglers/com.example.dogglers.GridListActivity}
08-24 14:43:41.919  4585  7112 D WindowManager: isScreenshotDisabledLocked: userId = 0, disabled =false
08-24 14:43:41.919  4585  7112 D InputTransport: Input channel destroyed: '977fd8b', fd=661
08-24 14:43:41.920 24159 24159 D InputTransport: Input channel constructed: '977fd8b', fd=80
08-24 14:43:41.922 24159 24159 I ViewRootImpl@8fd3994[GridListActivity]: setView = com.android.internal.policy.DecorView@e68b191 TM=true
08-24 14:43:41.932  4217 27777 V APM_AudioPolicyManager: setAppState(portId:11856, state:1)
08-24 14:43:41.932  4217 27777 V APM_AudioPolicyManager: setAppState(portId:11883, state:2)
08-24 14:43:41.933  4217 27777 V APM_AudioPolicyManager: setAppState(portId:11856, state:1)
08-24 14:43:41.933  4217 27777 V APM_AudioPolicyManager: setAppState(portId:11883, state:2)
08-24 14:43:41.937  4585  5390 V WindowManager: Relayout Window{977fd8b u0 com.example.dogglers/com.example.dogglers.GridListActivity}: viewVisibility=0 req=1080x2340
08-24 14:43:41.940  4585  5390 D WindowManager: isScreenshotDisabledLocked - win: Window{977fd8b u0 com.example.dogglers/com.example.dogglers.GridListActivity}
08-24 14:43:41.940  4585  5390 D WindowManager: isScreenshotDisabledLocked: userId = 0, disabled =false
08-24 14:43:41.940  4226  5359 I SurfaceFlinger: id=88364 createSurf (1080x2340),1 flag=404, com.example.dogglers/com.example.dogglers.GridListActivity$_24159#0
08-24 14:43:41.943  4585  5390 I SurfaceControl: nativeRelease nativeObject s[535581068352]
08-24 14:43:41.943  4585  5390 I SurfaceControl: nativeRelease nativeObject e[535581068352]
08-24 14:43:41.943  9865  9865 I TrayStateController: systemUiVisibilityChanged : 0 0
08-24 14:43:41.943  4226  5359 I SurfaceFlinger: id=88365 createSurf (0x0),-1 flag=24000, Surface(name=e455c2d StatusBar)/@0x2f65071 - animation-leash#0
08-24 14:43:41.944  4585  5390 I SurfaceControl: nativeRelease nativeObject s[535579927264]
08-24 14:43:41.944  4585  5390 I SurfaceControl: nativeRelease nativeObject e[535579927264]
08-24 14:43:41.944  4226  5359 I SurfaceFlinger: id=88366 createSurf (0x0),-1 flag=24000, Surface(name=a71bb8f NavigationBar0)/@0x8f38906 - animation-leash#0
08-24 14:43:41.946  4585  5390 V WindowManager: Relayout hash=977fd8b, pid=24159: mAttrs={(0,0)(fillxfill) sim={adjust=resize forwardNavigation} ty=BASE_APPLICATION wanim=0x1030304
08-24 14:43:41.946  4585  5390 V WindowManager:   fl=81810100
08-24 14:43:41.946  4585  5390 V WindowManager:   pfl=12020000
08-24 14:43:41.946  4585  5390 V WindowManager:   apr=LIGHT_NAVIGATION_BARS
08-24 14:43:41.946  4585  5390 V WindowManager:   fitSides= naviIconColor=0
08-24 14:43:41.946  4585  5390 V WindowManager:   sfl=100000}
08-24 14:43:41.947  4585  5390 I SurfaceControl: nativeRelease nativeObject s[535558905440]
08-24 14:43:41.947  4585  5390 I SurfaceControl: nativeRelease nativeObject e[535558905440]
08-24 14:43:41.948 24159 24159 I SurfaceControl: assignNativeObject: nativeObject = 0 Surface(name=null)/@0x7d4cc3d / android.view.SurfaceControl.readFromParcel:1117 android.view.IWindowSession$Stub$Proxy.relayout:1820 android.view.ViewRootImpl.relayoutWindow:9005 android.view.ViewRootImpl.performTraversals:3360 android.view.ViewRootImpl.doTraversal:2618 android.view.ViewRootImpl$TraversalRunnable.run:9971 android.view.Choreographer$CallbackRecord.run:1010 android.view.Choreographer.doCallbacks:809 android.view.Choreographer.doFrame:744 android.view.Choreographer$FrameDisplayEventReceiver.run:995
08-24 14:43:41.949  4226  5359 I Layer   : id=88356 removeFromCurrentState Surface(name=e455c2d StatusBar)/@0x2f65071 - animation-leash#1 (85)
08-24 14:43:41.949  4226  5359 I Layer   : id=88357 removeFromCurrentState Surface(name=a71bb8f NavigationBar0)/@0x8f38906 - animation-leash#1 (85)
08-24 14:43:41.950 24159 24159 I ViewRootImpl@8fd3994[GridListActivity]: Relayout returned: old=(0,0,1080,2340) new=(0,0,1080,2340) req=(1080,2340)0 dur=14 res=0x7 s={true 536236204032} ch=true fn=-1
08-24 14:43:41.951  4585  4613 I SurfaceControl: nativeRelease nativeObject s[537628416832]
08-24 14:43:41.951  4585  4613 I SurfaceControl: nativeRelease nativeObject e[537628416832]
08-24 14:43:41.951  4585  4613 I SurfaceControl: nativeRelease nativeObject s[537628420096]
08-24 14:43:41.951  4585  4613 I SurfaceControl: nativeRelease nativeObject e[537628420096]
08-24 14:43:41.952  4226  5359 I SurfaceFlinger: id=88356 Removed Surface(name=e455c2d StatusBar)/@0x2f65071 - animation-leash#1 (85)
08-24 14:43:41.952  4226  4226 I Layer   : id=88356[1] Destroyed Surface(name=e455c2d StatusBar)/@0x2f65071 - animation-leash#1
08-24 14:43:41.956  4226  4248 I SurfaceFlinger: id=88357 Removed Surface(name=a71bb8f NavigationBar0)/@0x8f38906 - animation-leash#1 (84)
08-24 14:43:41.956  4159 17194 D gralloc : [mali_gralloc_allocate] begin
08-24 14:43:41.957  4159 17194 D gralloc : buffer_descriptor: wh(1080 2340) usage_pc(0x40000000000b00 0x40000000000b00) hal_format(0x1) layer_count(1) sizes(0 0 0) strde(0) byte_stride(0) alloc_wh(0 0) internal_format(0x0) alloc_format(0x0) fd_count(1) plane_count(0)
08-24 14:43:41.957  4159 17194 D gralloc : [mali_gralloc_allocate] allocation successful
08-24 14:43:41.959  4159 17194 D gralloc : [mali_gralloc_allocate] begin
08-24 14:43:41.959  4159 17194 D gralloc : buffer_descriptor: wh(1080 2340) usage_pc(0x40000000000b00 0x40000000000b00) hal_format(0x1) layer_count(1) sizes(0 0 0) strde(0) byte_stride(0) alloc_wh(0 0) internal_format(0x0) alloc_format(0x0) fd_count(1) plane_count(0)
08-24 14:43:41.961  4159 17194 D gralloc : [mali_gralloc_allocate] allocation successful
08-24 14:43:41.962  4159 17194 D gralloc : [mali_gralloc_allocate] begin
08-24 14:43:41.963  4159 17194 D gralloc : buffer_descriptor: wh(1080 2340) usage_pc(0x40000000000b00 0x40000000000b00) hal_format(0x1) layer_count(1) sizes(0 0 0) strde(0) byte_stride(0) alloc_wh(0 0) internal_format(0x0) alloc_format(0x0) fd_count(1) plane_count(0)
08-24 14:43:41.963 21625 21625 W YTPL.mediasession: MediaSession setActive(false)
08-24 14:43:41.964  4159 17194 D gralloc : [mali_gralloc_allocate] allocation successful
08-24 14:43:41.965  4896  4896 D FaceWidgetMediaSessionManager: onPlaybackStateChanged() state = PlaybackState {state=1, position=0, buffered position=0, speed=1.0, updated=1322762535, actions=8192, custom actions=[], active item id=-1, error=null}
08-24 14:43:41.966  4896  4896 I PluginFaceWidgetMediaDataFactory: getBitmapFromMetadata null
08-24 14:43:41.966  4896  4896 D PluginFaceWidgetMediaDataFactory: Elapsed Time : 1
08-24 14:43:41.966 21625 21625 W YT.mlplayer: Stayawake OFF
08-24 14:43:41.968  4896  4896 D FaceWidgetMediaDataRepository: [update] key : com.google.android.youtube|0|192289192, oldKey : com.google.android.youtube|0|192289192, media : com.google.android.youtube, sourceType : SESSION
08-24 14:43:41.968 21625 21625 W YTPL.mediasession: MediaSession setActive(false)
08-24 14:43:41.969  4226  4226 I Layer   : id=88357[1] Destroyed Surface(name=a71bb8f NavigationBar0)/@0x8f38906 - animation-leash#1
08-24 14:43:41.975  4585  7113 D SensorService: removeConnection, index : 0, size : 1
08-24 14:43:41.975  4585  7113 D SensorService: # removeConnection, index : 0, size : 0
08-24 14:43:41.975  4585  7113 D SensorService: Calling activate off 1
08-24 14:43:41.975  4166  4166 I SensorsHub: activate: handle 1 enable 0
08-24 14:43:41.975  4166  4166 I SensorsHub: type : 1, enable : 0
08-24 14:43:41.976  4896  4896 D FaceWidgetMediaDataRepository: PlaybackState and Metadata is null. :: com.google.android.youtube
08-24 14:43:41.976  4896  4896 D FaceWidgetMediaSessionManager: onMetadataChanged() metadata = null
08-24 14:43:41.977 21625 21625 D SensorManager: unregisterListener :: android.view.OrientationEventListener$SensorEventListenerImpl@99504
08-24 14:43:41.977  4896  4896 I PluginFaceWidgetMediaDataFactory: getBitmapFromMetadata null
08-24 14:43:41.977  4896  4896 D PluginFaceWidgetMediaDataFactory: Elapsed Time : 1
08-24 14:43:41.978  4896  4896 D FaceWidgetMediaDataRepository: [update] key : com.google.android.youtube|0|192289192, oldKey : com.google.android.youtube|0|192289192, media : com.google.android.youtube, sourceType : SESSION
08-24 14:43:41.981  4896  4896 D FaceWidgetMediaDataRepository: PlaybackState and Metadata is null. :: com.google.android.youtube
08-24 14:43:41.983  4896  4896 D FaceWidgetMediaSessionManager: onPlaybackStateChanged() state = PlaybackState {state=1, position=0, buffered position=0, speed=1.0, updated=1322762539, actions=8192, custom actions=[], active item id=-1, error=null}
08-24 14:43:41.987  4896  4896 I PluginFaceWidgetMediaDataFactory: getBitmapFromMetadata null
08-24 14:43:41.987  4896  4896 D PluginFaceWidgetMediaDataFactory: Elapsed Time : 4
08-24 14:43:41.988  4896  4896 D FaceWidgetMediaDataRepository: [update] key : com.google.android.youtube|0|192289192, oldKey : com.google.android.youtube|0|192289192, media : com.google.android.youtube, sourceType : SESSION
08-24 14:43:41.992 21625 21625 W YTPL.mediasession: MediaSession setActive(false)
08-24 14:43:41.994  4896  4896 D FaceWidgetMediaDataRepository: PlaybackState and Metadata is null. :: com.google.android.youtube
08-24 14:43:41.994  4896  4896 D FaceWidgetMusicViewModel: onChanged :: NULL
