08-24 14:43:55.755 24159 24159 I ViewInteraction: Checking 'MatchesViewAssertion{viewMatcher=(view has effective visibility <VISIBLE> and view.getGlobalVisibleRect() to return non-empty rectangle)}' assertion on view an instance of android.widget.TextView and view.getText() with or without transformation to match: is "7"
08-24 14:43:55.756  7388  7388 I HBD     : HoneyBoardService onFinishInput
08-24 14:43:55.757  7388  7388 I HBD     : a IC have been unbinded,  InputConnectionWrapper{idHash=#4bd18e8 mMissingMethods=}
08-24 14:43:55.757  7388  7388 I HBD     : HoneyBoardService [PF_CL][onFinishInput]  587961 ns
08-24 14:43:55.758  7388  7388 I HBD     : HoneyBoardService [IMI] onStartInput - caller pid : 24159 , caller uid : 10574
08-24 14:43:55.758  7388  7388 I HBD     : i updateConfigs
08-24 14:43:55.758  7388  7388 I HBD     : i isEnabledNightMode : false
08-24 14:43:55.758  7388  7388 I HBD     : a IC have been binded, InputConnectionWrapper{idHash=#936dda6 mMissingMethods=}
08-24 14:43:55.758  7388  7388 I HBD     : h [EditorInputType]setPrivateImeOptionsToTable privateImeOptions ( null )
08-24 14:43:55.758  7388  7388 I HBD     : b incognitoMode : false
08-24 14:43:55.758  7388  7388 I HBD     : a needOff = true , isForceOff = false, isNullInputClass : true
08-24 14:43:55.758  7388  7388 I HBD     : h getDefaultInputRange : UNKNOWN
08-24 14:43:55.759  7388  7388 I HBD     : h getDefaultInputRange : UNKNOWN
08-24 14:43:55.759  7388  7388 I HBD     : h getDefaultInputRange : UNKNOWN
08-24 14:43:55.759  4226  4601 I Layer   : id=88770 removeFromCurrentState Surface(name=a3a0629 InputMethod)/@0x54f474f - animation-leash#0 (85)
08-24 14:43:55.759  4585  5390 D SdpManagerService: Not an enterprise user : 0
08-24 14:43:55.759  4585  5390 D SdpManagerService: Not an enterprise user : 0
08-24 14:43:55.775  7388  7388 I HBD     : h getDefaultInputRange : UNKNOWN
08-24 14:43:55.775  7388  7388 I HBD     : a currentState : 0
08-24 14:43:55.783 24159 24159 I ViewInteraction: Checking 'MatchesViewAssertion{viewMatcher=(view has effective visibility <VISIBLE> and view.getGlobalVisibleRect() to return non-empty rectangle)}' assertion on view an instance of android.widget.TextView and view.getText() with or without transformation to match: is "sunbathing"
08-24 14:43:55.783 24159 24159 E ViewAssertions: '(view has effective visibility <VISIBLE> and view.getGlobalVisibleRect() to return non-empty rectangle)' check could not be performed because view 'an instance of android.widget.TextView and view.getText() with or without transformation to match: is "sunbathing"' was not found.
08-24 14:43:55.785 24159 24159 I SurfaceControl: nativeRelease nativeObject s[537816934560]
08-24 14:43:55.785 24159 24159 I SurfaceControl: nativeRelease nativeObject e[537816934560]
08-24 14:43:55.785 24159 24159 I SurfaceControl: nativeRelease nativeObject s[536151024320]
08-24 14:43:55.785 24159 24159 I SurfaceControl: nativeRelease nativeObject e[536151024320]
08-24 14:43:55.786  4585  4617 I ActivityTaskManager: Displayed com.example.dogglers/.VerticalListActivity: +386ms
08-24 14:43:55.791  4585  7112 D SamsungIMMSHWKeyboard: isConnectedDexOnPC false
08-24 14:43:55.791  4585  7112 D InputMethodManagerService: isImeSwitcherDisabledPackage : false
08-24 14:43:55.792 21625 21625 I ViewRootImpl@b7edacd[WatchWhileActivity]: stopped(true) old=false
08-24 14:43:55.793  4226  4226 D SurfaceFlinger: Display 0 HWC layers:
08-24 14:43:55.793  4226  4226 D SurfaceFlinger:      DEVICE | 0x77ce817ac0 | 0002 | RGBA_8888    |    0.0    0.0 1080.0 2340.0 |    0    0 1080 2340 | com.example.dogglers/com.example.dogglers.VerticalListActivity$_24159#0
08-24 14:43:55.793  4226  4226 D SurfaceFlinger:      DEVICE | 0x77ce817700 | 0002 | RGBA_8888    |    0.0    0.0 1080.0 2340.0 |    0    0 1080 2340 | Splash Screen com.example.dogglers#0
08-24 14:43:55.793  4226  4226 D SurfaceFlinger:      DEVICE | 0x77ce815e00 | 0000 | RGBA_8888    |    0.0    0.0 1080.0   83.0 |    0    0 1080   83 | StatusBar$_4896#0
08-24 14:43:55.793  4226  4226 D SurfaceFlinger:      DEVICE | 0x77ce8157c0 | 0000 | RGBA_8888    |    0.0    0.0   67.0  342.0 |    0  746   67 1088 | com.samsung.android.app.cocktailbars[...]arservice.CocktailBarService$_9865#0
08-24 14:43:55.793  4226  4226 D SurfaceFlinger:      DEVICE | 0x7851238200 | 0000 | RGBA_8888    |    0.0    0.0  388.0   39.0 |  692 2301 1080 2340 | SGestureOverlayWindow$_5408#0
08-24 14:43:55.793  4226  4226 D SurfaceFlinger:      DEVICE | 0x77ce815f40 | 0000 | RGBA_8888    |    0.0    0.0 1080.0  126.0 |    0 2214 1080 2340 | NavigationBar0$_4896#0
08-24 14:43:55.793  4226  4226 D SurfaceFlinger:      DEVICE | 0x77ce814b40 | 0000 | RGBA_8888    |    0.0    0.0 1080.0  151.0 |    0    0 1080  151 | ScreenDecorOverlay$_48
08-24 14:43:55.793  4226  4226 D SurfaceFlinger: 96#0
08-24 14:43:55.793  4226  4226 D SurfaceFlinger:      DEVICE | 0x77ce817d40 | 0000 | RGBA_8888    |    0.0    0.0 1080.0  151.0 |    0 2189 1080 2340 | ScreenDecorOverlayBottom$_4896#0
08-24 14:43:55.793  4226  4226 D SurfaceFlinger:
08-24 14:43:55.795  7388  7388 I HBD     : h load selected json info : {"version":"1.0","currentLanguageOrder":0,"selected":[{"activeOptionList":["auto_replace","auto_spacing"],"engName":"Russian","id":3342336,"inputType":"qwerty","isUsed":true},{"activeOptionList":["auto_replace","auto_spacing"],"engName":"English","id":65537,"inputType":"qwerty","isUsed":true}]}
08-24 14:43:55.796  7388  7388 I HBD     : a [UpdatePolicy] [post] a: 0 cl: 3342336 kit: [0/0] vt: 0 ir: 1
08-24 14:43:55.797  7388  7388 I HBD     : HoneyBoardService [PF_OP][onStartInput]  39787539 ns
08-24 14:43:55.798  4585  4613 I SurfaceControl: nativeRelease nativeObject s[535556865408]
08-24 14:43:55.798  4585  4613 I SurfaceControl: nativeRelease nativeObject e[535556865408]
08-24 14:43:55.799  4585  4613 I SurfaceControl: nativeRelease nativeObject s[537816938688]
08-24 14:43:55.799  4585  4613 I SurfaceControl: nativeRelease nativeObject e[537816938688]
08-24 14:43:55.800  4226  4251 I Layer   : id=88774 removeFromCurrentState Splash Screen com.example.dogglers#0 (85)
08-24 14:43:55.800  4585  4613 I SurfaceControl: nativeRelease nativeObject s[535556339552]
08-24 14:43:55.800  4585  4613 I SurfaceControl: nativeRelease nativeObject e[535556339552]
08-24 14:43:55.802  4226  4251 I Layer   : id=88773 removeFromCurrentState 89ec2cb Splash Screen com.example.dogglers#0 (85)
08-24 14:43:55.802  4226  4251 I Layer   : id=88787 removeFromCurrentState Surface(name=89ec2cb Splash Screen com.example.dogglers)/@0x362ed08 - animation-leash#0 (85)
08-24 14:43:55.803  4226  4251 I SurfaceFlinger: id=88773 Removed 89ec2cb Splash Screen com.example.dogglers#0 (85)
08-24 14:43:55.803  4226  4251 I SurfaceFlinger: id=88787 Removed Surface(name=89ec2cb Splash Screen com.example.dogglers)/@0x362ed08 - animation-leash#0 (85)
08-24 14:43:55.803  4226  4251 I SurfaceFlinger: id=88774 Removed Splash Screen com.example.dogglers#0 (85)
08-24 14:43:55.805  4585  7112 I SemDvfsHyPerManager: acquire hyper - AMS_ACT_START/4585@16, type = -999
08-24 14:43:55.807  4226  5359 I SurfaceFlinger: id=88789 createSurf (0x0),-1 flag=80004, ActivityRecord{a3cd836 u0 com.example.dogglers/androidx.test.core.app.InstrumentationActivityInvoker$EmptyActivity t1578}#0
08-24 14:43:55.807  4175  4211 I HYPER-HAL: [RequestManager.cpp]acquire(): Acquired ID : 10586917  [4585 / 16]    HINT : AMS_ACT_START    list :
08-24 14:43:55.809  4175  4211 I HYPER-HAL: [ResourceManager.cpp]updateResource(): [CPUMinFreq] UpdateResource Request ID : 10586917    Value : 2314000
08-24 14:43:55.811  4140  4146 E statsd  : Predicate -7037417284711607308 dropping data for dimension key (10)0x2010101->10574[I] (10)0x30000->*launch*[S]
08-24 14:43:55.812 24159 24178 W System  : A resource failed to call release.
08-24 14:43:55.812 24159 24178 I SurfaceControl: nativeRelease nativeObject s[537785869376]
08-24 14:43:55.812 24159 24178 I SurfaceControl: nativeRelease nativeObject e[537785869376]
08-24 14:43:55.812  4140  4146 E statsd  : Predicate 5980654721335871649 dropping data for dimension key (10)0x2010101->10574[I] (10)0x30000->*launch*[S]
08-24 14:43:55.812 24159 24178 W System  : A resource failed to call release.
08-24 14:43:55.812 24159 24178 I SurfaceControl: nativeRelease nativeObject s[536151028160]
08-24 14:43:55.812 24159 24178 I SurfaceControl: nativeRelease nativeObject e[536151028160]
08-24 14:43:55.813  4226  5359 I SurfaceFlinger: id=88749 Removed Surface(name=a3a0629 InputMethod)/@0x54f474f - animation-leash#0 (86)
08-24 14:43:55.815 24159 24159 D LifecycleMonitor: Lifecycle status change: com.example.dogglers.VerticalListActivity@ad664e0 in: PAUSED
08-24 14:43:55.815  4226  4226 I Layer   : id=88749[1] Destroyed Surface(name=a3a0629 InputMethod)/@0x54f474f - animation-leash#0
08-24 14:43:55.815 24159 24159 V ActivityScenario: Update currentActivityStage to PAUSED, currentActivity=com.example.dogglers.VerticalListActivity@ad664e0
08-24 14:43:55.815  4226  4226 I Layer   : id=88787[1] Destroyed Surface(name=89ec2cb Splash Screen com.example.dogglers)/@0x362ed08 - animation-leash#0
08-24 14:43:55.815  4226  4226 I Layer   : id=88773[1] Destroyed 89ec2cb Splash Screen com.example.dogglers#0
08-24 14:43:55.818  4226  4226 I Layer   : id=88774[1] Destroyed Splash Screen com.example.dogglers#0
08-24 14:43:55.819 24159 24178 W System  : A resource failed to call release.
08-24 14:43:55.819 24159 24178 I SurfaceControl: nativeRelease nativeObject s[537785829728]
08-24 14:43:55.819 24159 24178 I SurfaceControl: nativeRelease nativeObject e[537785829728]
08-24 14:43:55.819 24159 24178 W System  : A resource failed to call release.
08-24 14:43:55.819 24159 24178 I SurfaceControl: nativeRelease nativeObject s[537785876192]
08-24 14:43:55.819 24159 24178 I SurfaceControl: nativeRelease nativeObject e[537785876192]
08-24 14:43:55.821  4226  4226 D SurfaceFlinger: Display 0 HWC layers:
08-24 14:43:55.821  4226  4226 D SurfaceFlinger:      DEVICE | 0x77ce817ac0 | 0002 | RGBA_8888    |    0.0    0.0 1080.0 2340.0 |    0    0 1080 2340 | com.example.dogglers/com.example.dogglers.VerticalListActivity$_24159#0
08-24 14:43:55.821  4226  4226 D SurfaceFlinger:      DEVICE | 0x77ce815e00 | 0000 | RGBA_8888    |    0.0    0.0 1080.0   83.0 |    0    0 1080   83 | StatusBar$_4896#0
08-24 14:43:55.821  4226  4226 D SurfaceFlinger:      DEVICE | 0x77ce8157c0 | 0000 | RGBA_8888    |    0.0    0.0   67.0  342.0 |    0  746   67 1088 | com.samsung.android.app.cocktailbars[...]arservice.CocktailBarService$_9865#0
08-24 14:43:55.821  4226  4226 D SurfaceFlinger:      DEVICE | 0x7851238200 | 0000 | RGBA_8888    |    0.0    0.0  388.0   39.0 |  692 2301 1080 2340 | SGestureOverlayWindow$_5408#0
08-24 14:43:55.821  4226  4226 D SurfaceFlinger:      DEVICE | 0x77ce816800 | 0000 | RGBA_8888    |    0.0    0.0 1080.0  126.0 |    0 2214 1080 2340 | NavigationBar0$_4896#0
08-24 14:43:55.821  4226  4226 D SurfaceFlinger:      DEVICE | 0x77ce814b40 | 0000 | RGBA_8888    |    0.0    0.0 1080.0  151.0 |    0    0 1080  151 | ScreenDecorOverlay$_4896#0
08-24 14:43:55.821  4226  4226 D SurfaceFlinger:      DEVICE | 0x77ce817d40 | 0000 | RGBA_8888    |    0.0    0.0 1080.0  151.0 |    0 2189 1080 2340 | ScreenDecorOverlayBottom$_4896#0
08-24 14:43:55.821  4226  4226 D SurfaceFlinger:
08-24 14:43:55.821  4226  4226 D SurfaceFlinger:
08-24 14:43:55.823 24159 24178 W System  : A resource failed to call release.
08-24 14:43:55.823 24159 24178 I SurfaceControl: nativeRelease nativeObject s[535655947616]
08-24 14:43:55.823 24159 24178 I SurfaceControl: nativeRelease nativeObject e[535655947616]
08-24 14:43:55.823  4226  5357 I SurfaceFlinger: id=88680 Removed Surface(name=a3a0629 InputMethod)/@0x54f474f - animation-leash#1 (82)
08-24 14:43:55.824 24159 24178 W System  : A resource failed to call release.
08-24 14:43:55.824 24159 24178 I SurfaceControl: nativeRelease nativeObject s[537830054240]
08-24 14:43:55.824 24159 24178 I SurfaceControl: nativeRelease nativeObject e[537830054240]
08-24 14:43:55.824  4226  4251 I SurfaceFlinger: id=88672 Removed Surface(name=a3a0629 InputMethod)/@0x54f474f - animation-leash#1 (82)
08-24 14:43:55.826  4585  7034 V WindowOrientationListener: getProposedRotation: -1
08-24 14:43:55.826  4585  7034 V WindowOrientationListener: getProposedRotation: -1
08-24 14:43:55.827 24159 24178 W System  : A resource failed to call release.
08-24 14:43:55.827 24159 24178 I SurfaceControl: nativeRelease nativeObject s[536151027008]
08-24 14:43:55.827 24159 24178 I SurfaceControl: nativeRelease nativeObject e[536151027008]
08-24 14:43:55.827  4226  4601 I SurfaceFlinger: id=88644 Removed Surface(name=a3a0629 InputMethod)/@0x54f474f - animation-leash#0 (82)
08-24 14:43:55.827  4585  7034 V WindowOrientationListener: getProposedRotation: -1
08-24 14:43:55.829 24159 24178 W System  : A resource failed to call release.
08-24 14:43:55.829 24159 24178 I SurfaceControl: nativeRelease nativeObject s[535648700352]
08-24 14:43:55.829 24159 24178 I SurfaceControl: nativeRelease nativeObject e[535648700352]
08-24 14:43:55.829  4226  4251 I SurfaceFlinger: id=88596 Removed Surface(name=a3a0629 InputMethod)/@0x54f474f - animation-leash#1 (82)
08-24 14:43:55.830  4585  7034 D InputDispatcher: Focused application set to (0): a3cd836
08-24 14:43:55.831  4226  4226 I Layer   : id=88596[1] Destroyed Surface(name=a3a0629 InputMethod)/@0x54f474f - animation-leash#1
08-24 14:43:55.831  4226  4226 I Layer   : id=88644[1] Destroyed Surface(name=a3a0629 InputMethod)/@0x54f474f - animation-leash#0
08-24 14:43:55.831  4226  4226 I Layer   : id=88672[1] Destroyed Surface(name=a3a0629 InputMethod)/@0x54f474f - animation-leash#1
08-24 14:43:55.832  4226  4226 I Layer   : id=88680[1] Destroyed Surface(name=a3a0629 InputMethod)/@0x54f474f - animation-leash#1
08-24 14:43:55.839  4896  4908 I ndroid.systemu: NativeAlloc concurrent copying GC freed 14760(588KB) AllocSpace objects, 0(0B) LOS objects, 49% free, 19MB/38MB, paused 303us total 227.382ms
08-24 14:43:55.844  4585  4613 I SurfaceControl: nativeRelease nativeObject s[537817680608]
08-24 14:43:55.844  4585  4613 I SurfaceControl: nativeRelease nativeObject e[537817680608]
08-24 14:43:55.845  4226  5359 I Layer   : id=88781 removeFromCurrentState Surface(name=Dim Layer for - Task=1578 - animating-dim)/@0x8b4409e - animation-leash#0 (78)
08-24 14:43:55.846  4226  5359 I SurfaceFlinger: id=88781 Removed Surface(name=Dim Layer for - Task=1578 - animating-dim)/@0x8b4409e - animation-leash#0 (78)
08-24 14:43:55.849  4226  4226 I Layer   : id=88781[1] Destroyed Surface(name=Dim Layer for - Task=1578 - animating-dim)/@0x8b4409e - animation-leash#0
08-24 14:43:55.849 24159 24159 D LifecycleMonitor: Lifecycle status change: androidx.test.core.app.InstrumentationActivityInvoker$EmptyActivity@334ce43 in: PRE_ON_CREATE
08-24 14:43:55.849 24159 24159 V ActivityScenario: Activity lifecycle changed event received but ignored because the intent does not match. startActivityIntent=Intent { act=android.intent.action.MAIN cat=[android.intent.category.LAUNCHER] cmp=com.example.dogglers/.VerticalListActivity }, activity.getIntent()=Intent { act=android.intent.action.MAIN cat=[android.intent.category.LAUNCHER] flg=0x10000000 cmp=com.example.dogglers/androidx.test.core.app.InstrumentationActivityInvoker$EmptyActivity }, activity=androidx.test.core.app.InstrumentationActivityInvoker$EmptyActivity@334ce43
08-24 14:43:55.850  4585  7034 I InputDispatcher: Focus left window (24159): 4518049 in display 0 0
08-24 14:43:55.859 24159 24159 I DecorView: [INFO] isPopOver=false, config=true
08-24 14:43:55.859 24159 24159 I DecorView: updateCaptionType >> DecorView@29e5769[], isFloating=false, isApplication=true, hasWindowDecorCaption=false, hasWindowControllerCallback=true
08-24 14:43:55.859 24159 24159 D DecorView: setCaptionType = 0, this = DecorView@29e5769[]
08-24 14:43:55.863 24159 24159 D LifecycleMonitor: Lifecycle status change: androidx.test.core.app.InstrumentationActivityInvoker$EmptyActivity@334ce43 in: CREATED
08-24 14:43:55.864 24159 24159 V ActivityScenario: Activity lifecycle changed event received but ignored because the intent does not match. startActivityIntent=Intent { act=android.intent.action.MAIN cat=[android.intent.category.LAUNCHER] cmp=com.example.dogglers/.VerticalListActivity }, activity.getIntent()=Intent { act=android.intent.action.MAIN cat=[android.intent.category.LAUNCHER] flg=0x10000000 cmp=com.example.dogglers/androidx.test.core.app.InstrumentationActivityInvoker$EmptyActivity }, activity=androidx.test.core.app.InstrumentationActivityInvoker$EmptyActivity@334ce43
08-24 14:43:55.866 24159 24159 D LifecycleMonitor: Lifecycle status change: androidx.test.core.app.InstrumentationActivityInvoker$EmptyActivity@334ce43 in: STARTED
08-24 14:43:55.866 24159 24159 V ActivityScenario: Activity lifecycle changed event received but ignored because the intent does not match. startActivityIntent=Intent { act=android.intent.action.MAIN cat=[android.intent.category.LAUNCHER] cmp=com.example.dogglers/.VerticalListActivity }, activity.getIntent()=Intent { act=android.intent.action.MAIN cat=[android.intent.category.LAUNCHER] flg=0x10000000 cmp=com.example.dogglers/androidx.test.core.app.InstrumentationActivityInvoker$EmptyActivity }, activity=androidx.test.core.app.InstrumentationActivityInvoker$EmptyActivity@334ce43
08-24 14:43:55.887 24159 24159 D LifecycleMonitor: Lifecycle status change: androidx.test.core.app.InstrumentationActivityInvoker$EmptyActivity@334ce43 in: RESUMED
08-24 14:43:55.887 24159 24159 V ActivityScenario: Activity lifecycle changed event received but ignored because the intent does not match. startActivityIntent=Intent { act=android.intent.action.MAIN cat=[android.intent.category.LAUNCHER] cmp=com.example.dogglers/.VerticalListActivity }, activity.getIntent()=Intent { act=android.intent.action.MAIN cat=[android.intent.category.LAUNCHER] flg=0x10000000 cmp=com.example.dogglers/androidx.test.core.app.InstrumentationActivityInvoker$EmptyActivity }, activity=androidx.test.core.app.InstrumentationActivityInvoker$EmptyActivity@334ce43
08-24 14:43:55.891  4585  7034 D InputTransport: Input channel constructed: '5f891c5', fd=691
08-24 14:43:55.891  4585  7034 D InputTransport: Input channel constructed: '5f891c5', fd=697
08-24 14:43:55.891  4226  4251 I SurfaceFlinger: id=88790 createSurf (0x0),-1 flag=80004, 5f891c5 com.example.dogglers/androidx.test.core.app.InstrumentationActivityInvoker$EmptyActivity#0
08-24 14:43:55.892  4585  7034 D WindowManager: isScreenshotDisabledLocked - win: Window{5f891c5 u0 com.example.dogglers/androidx.test.core.app.InstrumentationActivityInvoker$EmptyActivity}
08-24 14:43:55.892  4585  7034 D WindowManager: isScreenshotDisabledLocked: userId = 0, disabled =false
08-24 14:43:55.892 21625 21625 W YTPL.mediasession: MediaSession setActive(false)
08-24 14:43:55.892  4585  7034 D InputTransport: Input channel destroyed: '5f891c5', fd=697
08-24 14:43:55.893 24159 24159 D InputTransport: Input channel constructed: '5f891c5', fd=93
08-24 14:43:55.894 24159 24159 I ViewRootImpl@76e111c[InstrumentationActivityInvoker$EmptyActivity]: setView = com.android.internal.policy.DecorView@29e5769 TM=true
08-24 14:43:55.895 21625 21625 W YT.mlplayer: Stayawake OFF
08-24 14:43:55.896 21625 21625 W YTPL.mediasession: MediaSession setActive(false)
08-24 14:43:55.896  4896  4896 D FaceWidgetMediaSessionManager: onPlaybackStateChanged() state = PlaybackState {state=1, position=0, buffered position=0, speed=1.0, updated=1322776463, actions=8192, custom actions=[], active item id=-1, error=null}
08-24 14:43:55.897  4896  4896 I PluginFaceWidgetMediaDataFactory: getBitmapFromMetadata null
08-24 14:43:55.897  4896  4896 D PluginFaceWidgetMediaDataFactory: Elapsed Time : 1
08-24 14:43:55.897  4896  4896 D FaceWidgetMediaDataRepository: [update] key : com.google.android.youtube|0|192289192, oldKey : com.google.android.youtube|0|192289192, media : com.google.android.youtube, sourceType : SESSION
08-24 14:43:55.900  4896  4896 D FaceWidgetMediaDataRepository: PlaybackState and Metadata is null. :: com.google.android.youtube
08-24 14:43:55.900  4896  4896 D FaceWidgetMediaSessionManager: onMetadataChanged() metadata = null
08-24 14:43:55.900  4896  4896 I PluginFaceWidgetMediaDataFactory: getBitmapFromMetadata null
08-24 14:43:55.900  4896  4896 D PluginFaceWidgetMediaDataFactory: Elapsed Time : 0
08-24 14:43:55.901  4585  7034 V WindowManager: Relayout Window{5f891c5 u0 com.example.dogglers/androidx.test.core.app.InstrumentationActivityInvoker$EmptyActivity}: viewVisibility=0 req=1080x2340
08-24 14:43:55.902  4896  4896 D FaceWidgetMediaDataRepository: [update] key : com.google.android.youtube|0|192289192, oldKey : com.google.android.youtube|0|192289192, media : com.google.android.youtube, sourceType : SESSION
08-24 14:43:55.904  4585  7034 D WindowManager: isScreenshotDisabledLocked - win: Window{5f891c5 u0 com.example.dogglers/androidx.test.core.app.InstrumentationActivityInvoker$EmptyActivity}
08-24 14:43:55.904  4585  7034 D WindowManager: isScreenshotDisabledLocked: userId = 0, disabled =false
08-24 14:43:55.904  4585  5087 D SensorService: removeConnection, index : 0, size : 1
08-24 14:43:55.904  4585  5087 D SensorService: # removeConnection, index : 0, size : 0
08-24 14:43:55.904  4585  5087 D SensorService: Calling activate off 1
08-24 14:43:55.904  4226  4251 I SurfaceFlinger: id=88791 createSurf (1080x2340),1 flag=404, com.example.dogglers/androidx.test.core.app.InstrumentationActivityInvoker$EmptyActivity$_24159#0
08-24 14:43:55.904  4166  4166 I SensorsHub: activate: handle 1 enable 0
08-24 14:43:55.905  4166  4166 I SensorsHub: type : 1, enable : 0
08-24 14:43:55.905 21625 21625 D SensorManager: unregisterListener :: android.view.OrientationEventListener$SensorEventListenerImpl@99504
08-24 14:43:55.906  4585  7034 I SurfaceControl: nativeRelease nativeObject s[537628425856]
08-24 14:43:55.906  4585  7034 I SurfaceControl: nativeRelease nativeObject e[537628425856]
08-24 14:43:55.907  9865  9865 I TrayStateController: systemUiVisibilityChanged : 0 0
08-24 14:43:55.907  4226  4251 I SurfaceFlinger: id=88792 createSurf (0x0),-1 flag=24000, Surface(name=e455c2d StatusBar)/@0x2f65071 - animation-leash#0
08-24 14:43:55.908  4585  7034 I SurfaceControl: nativeRelease nativeObject s[535579927456]
08-24 14:43:55.908  4585  7034 I SurfaceControl: nativeRelease nativeObject e[535579927456]
08-24 14:43:55.908  4226  4251 I SurfaceFlinger: id=88793 createSurf (0x0),-1 flag=24000, Surface(name=a71bb8f NavigationBar0)/@0x8f38906 - animation-leash#0
08-24 14:43:55.909  4896  4896 D FaceWidgetMediaDataRepository: PlaybackState and Metadata is null. :: com.google.android.youtube
08-24 14:43:55.909  4896  4896 D FaceWidgetMediaSessionManager: onPlaybackStateChanged() state = PlaybackState {state=1, position=0, buffered position=0, speed=1.0, updated=1322776468, actions=8192, custom actions=[], active item id=-1, error=null}
08-24 14:43:55.910  4226  4251 I Layer   : id=88786 removeFromCurrentState Surface(name=a71bb8f NavigationBar0)/@0x8f38906 - animation-leash#1 (81)
08-24 14:43:55.910  4585  7034 V WindowManager: Relayout hash=5f891c5, pid=24159: mAttrs={(0,0)(fillxfill) sim={adjust=pan forwardNavigation} ty=BASE_APPLICATION wanim=0x1030001
08-24 14:43:55.910  4585  7034 V WindowManager:   fl=1810100
08-24 14:43:55.910  4585  7034 V WindowManager:   pfl=12020000
08-24 14:43:55.910  4585  7034 V WindowManager:   apr=LIGHT_NAVIGATION_BARS
08-24 14:43:55.910  4585  7034 V WindowManager:   fitSides= naviIconColor=0
08-24 14:43:55.910  4585  7034 V WindowManager:   sfl=100000}
08-24 14:43:55.910  4226  4251 I Layer   : id=26 removeFromCurrentState a71bb8f NavigationBar0#0 (81)
08-24 14:43:55.910  4226  4251 I Layer   : id=36 removeFromCurrentState NavigationBar0$_4896#0 (81)
08-24 14:43:55.910  4226  4251 I Layer   : id=88785 removeFromCurrentState Surface(name=e455c2d StatusBar)/@0x2f65071 - animation-leash#1 (81)
08-24 14:43:55.910  4226  4251 I Layer   : id=26 addToCurrentState a71bb8f NavigationBar0#0 (81)
08-24 14:43:55.910  4226  4251 I Layer   : id=36 addToCurrentState NavigationBar0$_4896#0 (81)
08-24 14:43:55.910  4585  7034 I SurfaceControl: nativeRelease nativeObject s[537628417408]
08-24 14:43:55.910  4585  7034 I SurfaceControl: nativeRelease nativeObject e[537628417408]
08-24 14:43:55.911  4585  4613 I SurfaceControl: nativeRelease nativeObject s[535581068352]
08-24 14:43:55.911  4585  4613 I SurfaceControl: nativeRelease nativeObject e[535581068352]
08-24 14:43:55.911  4585  4613 I SurfaceControl: nativeRelease nativeObject s[537628425376]
08-24 14:43:55.911  4585  4613 I SurfaceControl: nativeRelease nativeObject e[537628425376]
08-24 14:43:55.912 24159 24159 I SurfaceControl: assignNativeObject: nativeObject = 0 Surface(name=null)/@0xabc0125 / android.view.SurfaceControl.readFromParcel:1117 android.view.IWindowSession$Stub$Proxy.relayout:1820 android.view.ViewRootImpl.relayoutWindow:9005 android.view.ViewRootImpl.performTraversals:3360 android.view.ViewRootImpl.doTraversal:2618 android.view.ViewRootImpl$TraversalRunnable.run:9971 android.view.Choreographer$CallbackRecord.run:1010 android.view.Choreographer.doCallbacks:809 android.view.Choreographer.doFrame:744 android.view.Choreographer$FrameDisplayEventReceiver.run:995
08-24 14:43:55.913 24159 24159 I ViewRootImpl@76e111c[InstrumentationActivityInvoker$EmptyActivity]: Relayout returned: old=(0,0,1080,2340) new=(0,0,1080,2340) req=(1080,2340)0 dur=11 res=0x7 s={true 535652704256} ch=true fn=-1
08-24 14:43:55.913  4896  4896 I PluginFaceWidgetMediaDataFactory: getBitmapFromMetadata null
08-24 14:43:55.913  4896  4896 D PluginFaceWidgetMediaDataFactory: Elapsed Time : 4
08-24 14:43:55.914  4896  4896 D FaceWidgetMediaDataRepository: [update] key : com.google.android.youtube|0|192289192, oldKey : com.google.android.youtube|0|192289192, media : com.google.android.youtube, sourceType : SESSION
08-24 14:43:55.915 24159 24159 I ViewRootImpl@76e111c[InstrumentationActivityInvoker$EmptyActivity]: [DP] dp(1) 1 android.view.ViewRootImpl.reportNextDraw:10957 android.view.ViewRootImpl.performTraversals:3845 android.view.ViewRootImpl.doTraversal:2618
08-24 14:43:55.916 24159 24159 I ViewRootImpl@76e111c[InstrumentationActivityInvoker$EmptyActivity]: [DP] pd() Asnyc report
08-24 14:43:55.918 21625 21625 D InputTransport: Input channel destroyed: 'ClientS', fd=129
08-24 14:43:55.919  4226  4251 I Layer   : id=88779 removeFromCurrentState Surface(name=ActivityRecord{fc772b6 u0 com.example.dogglers/androidx.test.core.app.InstrumentationActivityInvoker$BootstrapActivity t1578})/@0xd1d9c23 - animation-leash#0 (81)
08-24 14:43:55.919  4226  4251 I Layer   : id=88782 removeFromCurrentState Surface(name=ActivityRecord{fc772b6 u0 com.example.dogglers/androidx.test.core.app.InstrumentationActivityInvoker$BootstrapActivity t1578})/@0xd1d9c23 - animation-bounds#0 (81)
08-24 14:43:55.919  4226  4251 I SurfaceFlinger: id=88779 Removed Surface(name=ActivityRecord{fc772b6 u0 com.example.dogglers/androidx.test.core.app.InstrumentationActivityInvoker$BootstrapActivity t1578})/@0xd1d9c23 - animation-leash#0 (81)
08-24 14:43:55.919  4226  4251 I SurfaceFlinger: id=88782 Removed Surface(name=ActivityRecord{fc772b6 u0 com.example.dogglers/androidx.test.core.app.InstrumentationActivityInvoker$BootstrapActivity t1578})/@0xd1d9c23 - animation-bounds#0 (81)
08-24 14:43:55.919 21625 21625 I SurfaceControl: nativeRelease nativeObject s[537816934560]
08-24 14:43:55.919 21625 21625 I SurfaceControl: nativeRelease nativeObject e[537816934560]
08-24 14:43:55.920  4896  4896 D FaceWidgetMediaDataRepository: PlaybackState and Metadata is null. :: com.google.android.youtube
08-24 14:43:55.920  4159 16850 D gralloc : [mali_gralloc_allocate] begin
08-24 14:43:55.921  4159 16850 D gralloc : buffer_descriptor: wh(1080 2340) usage_pc(0x40000000000b00 0x40000000000b00) hal_format(0x1) layer_count(1) sizes(0 0 0) strde(0) byte_stride(0) alloc_wh(0 0) internal_format(0x0) alloc_format(0x0) fd_count(1) plane_count(0)
08-24 14:43:55.922  4896  4896 D FaceWidgetMusicViewModel: onChanged :: NULL
08-24 14:43:55.922  4896  4896 I FaceWidgetMusicViewModel: getMediaButtonReceiverPackageName() - soundAssistant : com.google.android.youtube, Settings : org.telegram.plus/org.telegram.messenger.voip.VoIPMediaButtonReceiver,0,1
08-24 14:43:55.925  4896  4896 D FaceWidgetMediaDataDAO: launch package intent
08-24 14:43:55.925  4896  4896 D FaceWidgetViewModel: onChanged
08-24 14:43:55.926  4896  4896 D FaceWidgetViewModel: updateMusicPageShownState() show = false, reattach = false, reason = clear
08-24 14:43:55.926  4896  4896 D FaceWidgetViewModel: skip to show media panel
08-24 14:43:55.926  4159 16850 D gralloc : [mali_gralloc_allocate] allocation successful
08-24 14:43:55.926  4896  4896 D FaceWidgetMusicPageObserver: [EXPAND] onChanged :: PluginFaceWidgetMediaData{[NULL]} showingLastPlayed : true
08-24 14:43:55.926  4896  4896 D FaceWidgetMediaDataDAO: controller is null
08-24 14:43:55.926  4896  4896 D FaceWidgetMediaDataDAO: controller is null
08-24 14:43:55.926  4896  4896 D FaceWidgetMediaDataDAO: controller is null
08-24 14:43:55.926  4896  4896 D FaceWidgetMediaDataDAO: controller is null
08-24 14:43:55.926  4896  4896 D FaceWidgetMediaDataDAO: controller is null
08-24 14:43:55.926  4896  4896 D FaceWidgetMediaDataDAO: controller is null
08-24 14:43:55.926  4896  4896 D FaceWidgetMediaDataDAO: controller is null
08-24 14:43:55.926  4159 16850 D gralloc : [mali_gralloc_allocate] begin
08-24 14:43:55.926  4896  4896 D FaceWidgetMediaDataDAO: controller is null
08-24 14:43:55.926  4159 16850 D gralloc : buffer_descriptor: wh(1080 2340) usage_pc(0x40000000000b00 0x40000000000b00) hal_format(0x1) layer_count(1) sizes(0 0 0) strde(0) byte_stride(0) alloc_wh(0 0) internal_format(0x0) alloc_format(0x0) fd_count(1) plane_count(0)
08-24 14:43:55.927  4896  4896 D FaceWidgetMusicPageObserver: last played. show tap to play last song. : com.google.android.youtube
08-24 14:43:55.929 21625 21625 W YTPL.mediasession: MediaSession setActive(false)
08-24 14:43:55.931 24159 24159 I ViewRootImpl@76e111c[InstrumentationActivityInvoker$EmptyActivity]: [DP] pdf(0) 1 android.view.ViewRootImpl.lambda$performDraw$1$ViewRootImpl:4668 android.view.-$$Lambda$ViewRootImpl$DJd0VUYJgsebcnSohO6h8zc_ONI.run:6 android.os.Handler.handleCallback:938
08-24 14:43:55.931 24159 24159 I ViewRootImpl@76e111c[InstrumentationActivityInvoker$EmptyActivity]: [DP] rdf()
08-24 14:43:55.932  4226  4226 I Layer   : id=88782[1] Destroyed Surface(name=ActivityRecord{fc772b6 u0 com.example.dogglers/androidx.test.core.app.InstrumentationActivityInvoker$BootstrapActivity t1578})/@0xd1d9c23 - animation-bounds#0
08-24 14:43:55.932  4226  4226 I Layer   : id=88779[1] Destroyed Surface(name=ActivityRecord{fc772b6 u0 com.example.dogglers/androidx.test.core.app.InstrumentationActivityInvoker$BootstrapActivity t1578})/@0xd1d9c23 - animation-leash#0
08-24 14:43:55.932  4159 16850 D gralloc : [mali_gralloc_allocate] allocation successful
08-24 14:43:55.933  4159 16850 D gralloc : [mali_gralloc_allocate] begin
08-24 14:43:55.933  4159 16850 D gralloc : buffer_descriptor: wh(1080 2340) usage_pc(0x40000000000b00 0x40000000000b00) hal_format(0x1) layer_count(1) sizes(0 0 0) strde(0) byte_stride(0) alloc_wh(0 0) internal_format(0x0) alloc_format(0x0) fd_count(1) plane_count(0)
08-24 14:43:55.934 24159 24159 I ViewRootImpl@9a1add4[VerticalListActivity]: MSG_WINDOW_FOCUS_CHANGED 0 1
08-24 14:43:55.937 24159 24159 I SurfaceControl: nativeRelease nativeObject s[536151022400]
08-24 14:43:55.937 24159 24159 I SurfaceControl: nativeRelease nativeObject e[536151022400]
08-24 14:43:55.937 24159 24159 I SurfaceControl: nativeRelease nativeObject s[536151022208]
08-24 14:43:55.937 24159 24159 I SurfaceControl: nativeRelease nativeObject e[536151022208]
08-24 14:43:55.937 24159 24159 I SurfaceControl: nativeRelease nativeObject s[537816936768]
08-24 14:43:55.937 24159 24159 I SurfaceControl: nativeRelease nativeObject e[537816936768]
08-24 14:43:55.937  4226  5359 I SurfaceFlinger: id=88786 Removed Surface(name=a71bb8f NavigationBar0)/@0x8f38906 - animation-leash#1 (79)
08-24 14:43:55.937  4226  5359 I SurfaceFlinger: id=88785 Removed Surface(name=e455c2d StatusBar)/@0x2f65071 - animation-leash#1 (79)
08-24 14:43:55.937  4896  4896 D FaceWidgetMediaSessionManager: onPlaybackStateChanged() state = PlaybackState {state=1, position=0, buffered position=0, speed=1.0, updated=1322776502, actions=8192, custom actions=[], active item id=-1, error=null}
08-24 14:43:55.938  4896  4896 I PluginFaceWidgetMediaDataFactory: getBitmapFromMetadata null
08-24 14:43:55.938  4896  4896 D PluginFaceWidgetMediaDataFactory: Elapsed Time : 1
08-24 14:43:55.939  4159 16850 D gralloc : [mali_gralloc_allocate] allocation successful
08-24 14:43:55.940  4585  4613 D PkgPredictorService: pkg:com.example.dogglers activity:androidx.test.core.app.InstrumentationActivityInvoker$EmptyActivity thisTime:143
08-24 14:43:55.940  4896  4896 D FaceWidgetMediaDataRepository: [update] key : com.google.android.youtube|0|192289192, oldKey : com.google.android.youtube|0|192289192, media : com.google.android.youtube, sourceType : SESSION
08-24 14:43:55.942  4585  4613 I SemDvfsHyPerManager: acquire hyper - AMS_RESUME_TAIL/4585@18, type = -999
08-24 14:43:55.942  4585  4613 I SemDvfsHyPerManager: acquire hyper - AMS_ACT_LAZY/4585@19, type = -999
08-24 14:43:55.942  4896  4896 D FaceWidgetMediaDataRepository: PlaybackState and Metadata is null. :: com.google.android.youtube
08-24 14:43:55.942  4896  4896 D FaceWidgetMediaSessionManager: onMetadataChanged() metadata = null
08-24 14:43:55.942  4175  4211 I HYPER-HAL: [RequestManager.cpp]acquire(): Acquired ID : 10596124  [4585 / 18]    HINT : AMS_RESUME_TAIL    list :
08-24 14:43:55.942  4896  4896 I PluginFaceWidgetMediaDataFactory: getBitmapFromMetadata null
08-24 14:43:55.942  4896  4896 D PluginFaceWidgetMediaDataFactory: Elapsed Time : 0
08-24 14:43:55.942  4175  4211 I HYPER-HAL: [ResourceManager.cpp]updateResource(): [CPUMinFreq] UpdateResource Request ID : 10596124    Value : 1768000
08-24 14:43:55.942  4585  4617 I ActivityTaskManager: Displayed com.example.dogglers/androidx.test.core.app.InstrumentationActivityInvoker$EmptyActivity: +143ms
08-24 14:43:55.942  4175  4211 I HYPER-HAL: [RequestManager.cpp]acquire(): Acquired ID : 10600729  [4585 / 19]    HINT :      list :
08-24 14:43:55.943  4896  4896 D FaceWidgetMediaDataRepository: [update] key : com.google.android.youtube|0|192289192, oldKey : com.google.android.youtube|0|192289192, media : com.google.android.youtube, sourceType : SESSION
08-24 14:43:55.943  4175  4211 E HYPER-HAL: [Request.cpp]acquire(): Request:: id : 10600729, No Resource to set
08-24 14:43:55.943  4175  4211 I HYPER-HAL: [ResourceManager.cpp]removeResource(): [CPUMinFreq] RemoveResource Request ID : 10586917
08-24 14:43:55.944  4175  4211 I HYPER-HAL: [RequestManager.cpp]releaseLocked(): Released ID : 10586917
08-24 14:43:55.944  4896  4896 D FaceWidgetMediaDataRepository: PlaybackState and Metadata is null. :: com.google.android.youtube
08-24 14:43:55.944  4896  4896 D FaceWidgetMusicViewModel: onChanged :: NULL
08-24 14:43:55.945  4896  4896 I FaceWidgetMusicViewModel: getMediaButtonReceiverPackageName() - soundAssistant : com.google.android.youtube, Settings : org.telegram.plus/org.telegram.messenger.voip.VoIPMediaButtonReceiver,0,1
08-24 14:43:55.945  4896  4896 D FaceWidgetMediaDataDAO: launch package intent
08-24 14:43:55.946  4896  4896 D FaceWidgetViewModel: onChanged
08-24 14:43:55.946  4896  4896 D FaceWidgetViewModel: updateMusicPageShownState() show = false, reattach = false, reason = clear
08-24 14:43:55.946  4896  4896 D FaceWidgetViewModel: skip to show media panel
08-24 14:43:55.946  4896  4896 D FaceWidgetMusicPageObserver: [EXPAND] onChanged :: PluginFaceWidgetMediaData{[NULL]} showingLastPlayed : true
08-24 14:43:55.946  4896  4896 D FaceWidgetMediaDataDAO: controller is null
08-24 14:43:55.946  4896  4896 D FaceWidgetMediaDataDAO: controller is null
08-24 14:43:55.946  4896  4896 D FaceWidgetMediaDataDAO: controller is null
08-24 14:43:55.946  4896  4896 D FaceWidgetMediaDataDAO: controller is null
08-24 14:43:55.946  4896  4896 D FaceWidgetMediaDataDAO: controller is null
08-24 14:43:55.946  4896  4896 D FaceWidgetMediaDataDAO: controller is null
08-24 14:43:55.946  4896  4896 D FaceWidgetMediaDataDAO: controller is null
08-24 14:43:55.946  4896  4896 D FaceWidgetMediaDataDAO: controller is null
08-24 14:43:55.946  4896  4896 D FaceWidgetMusicPageObserver: last played. show tap to play last song. : com.google.android.youtube
08-24 14:43:55.947  4585  5390 I SurfaceControl: nativeRelease nativeObject s[535556334080]
08-24 14:43:55.947  4585  5390 I SurfaceControl: nativeRelease nativeObject e[535556334080]
08-24 14:43:55.947  4226  5357 I Layer   : id=88763 removeFromCurrentState com.google.android.youtube/com.google.android.apps.youtube.app.watchwhile.WatchWhileActivity$_21625#0 (79)
08-24 14:43:55.947  4226  5357 I Layer   : id=88766 removeFromCurrentState Bounds for - com.google.android.youtube/com.google.android.apps.youtube.app.watchwhile.WatchWhileActivity@18#0 (79)
08-24 14:43:55.947  4226  5357 I Layer   : id=88767 removeFromCurrentState SurfaceView - com.google.android.youtube/com.google.android.apps.youtube.app.watchwhile.WatchWhileActivity@c9edee9@18#0 (79)
08-24 14:43:55.948  4226  4226 I Layer   : id=88785[1] Destroyed Surface(name=e455c2d StatusBar)/@0x2f65071 - animation-leash#1
08-24 14:43:55.948  4226  4226 I Layer   : id=88786[1] Destroyed Surface(name=a71bb8f NavigationBar0)/@0x8f38906 - animation-leash#1
08-24 14:43:55.949  4585  7034 I InputDispatcher: Focus entered window (24159): 5f891c5 in display 0 0
08-24 14:43:55.950  4226  4248 I SurfaceFlinger: id=88763 Removed com.google.android.youtube/com.google.android.apps.youtube.app.watchwhile.WatchWhileActivity$_21625#0 (77)
08-24 14:43:55.953 24159 24159 I ViewRootImpl@9a1add4[VerticalListActivity]: stopped(true) old=false
08-24 14:43:55.954 24159 24159 I SurfaceControl: nativeRelease nativeObject s[537785838848]
08-24 14:43:55.954 24159 24159 I SurfaceControl: nativeRelease nativeObject e[537785838848]
08-24 14:43:55.955  4226  4226 D SurfaceFlinger: Display 0 HWC layers:
08-24 14:43:55.955  4226  4226 D SurfaceFlinger:      DEVICE | 0x77ce817fc0 | 0002 | RGBA_8888    |    0.0    0.0 1080.0 2340.0 |    0    0 1080 2340 | com.example.dogglers/androidx.test.c[...]tivityInvoker$EmptyActivity$_24159#0
08-24 14:43:55.955  4226  4226 D SurfaceFlinger:      DEVICE | 0x77ce815e00 | 0000 | RGBA_8888    |    0.0    0.0 1080.0   83.0 |    0    0 1080   83 | StatusBar$_4896#0
08-24 14:43:55.955  4226  4226 D SurfaceFlinger:      DEVICE | 0x77ce8157c0 | 0000 | RGBA_8888    |    0.0    0.0   67.0  342.0 |    0  746   67 1088 | com.samsung.android.app.cocktailbars[...]arservice.CocktailBarService$_9865#0
08-24 14:43:55.955  4226  4226 D SurfaceFlinger:      DEVICE | 0x7851238200 | 0000 | RGBA_8888    |    0.0    0.0  388.0   39.0 |  692 2301 1080 2340 | SGestureOverlayWindow$_5408#0
08-24 14:43:55.955  4226  4226 D SurfaceFlinger:      DEVICE | 0x77ce815f40 | 0000 | RGBA_8888    |    0.0    0.0 1080.0  126.0 |    0 2214 1080 2340 | NavigationBar0$_4896#0
08-24 14:43:55.955  4226  4226 D SurfaceFlinger:      DEVICE | 0x77ce814b40 | 0000 | RGBA_8888    |    0.0    0.0 1080.0  151.0 |    0    0 1080  151 | ScreenDecorOverlay$_4896#0
08-24 14:43:55.955  4226  4226 D SurfaceFlinger:      DEVICE | 0x77ce817d40 | 0000 | RGBA_8888    |    0.0    0.0 1080.0  151.0 |    0 2189 1080 2340 | ScreenDecorOverlayBottom$_
08-24 14:43:55.955 24159 24159 D LifecycleMonitor: Lifecycle status change: com.example.dogglers.VerticalListActivity@ad664e0 in: STOPPED
08-24 14:43:55.955  4226  4226 D SurfaceFlinger: 4896#0
08-24 14:43:55.955  4226  4226 D SurfaceFlinger:
08-24 14:43:55.955 24159 24159 V ActivityScenario: Update currentActivityStage to STOPPED, currentActivity=com.example.dogglers.VerticalListActivity@ad664e0
08-24 14:43:55.957 24159 24159 D LifecycleMonitor: Lifecycle status change: com.example.dogglers.VerticalListActivity@ad664e0 in: DESTROYED
08-24 14:43:55.958 24159 24159 V ActivityScenario: Update currentActivityStage to DESTROYED, currentActivity=null
08-24 14:43:55.961  4226  4601 E BufferQueueProducer: [com.example.dogglers/com.example.dogglers.VerticalListActivity$_24159#0](id:108200004987,api:0,p:-1,c:4226) disconnect: not connected (req=1)
08-24 14:43:55.961 24159 24214 W libEGL  : EGLNativeWindowType 0x7d36c90010 disconnect failed
08-24 14:43:55.961 24159 24159 I ViewRootImpl@9a1add4[VerticalListActivity]: dispatchDetachedFromWindow
08-24 14:43:55.962  4585  8021 D InputTransport: Input channel destroyed: '4518049', fd=693
08-24 14:43:55.962  4585  8021 I SurfaceControl: nativeRelease nativeObject s[535581062592]
08-24 14:43:55.962  4585  8021 I SurfaceControl: nativeRelease nativeObject e[535581062592]
08-24 14:43:55.962  4585  8021 D WindowManager: isScreenshotDisabledLocked - win: Window{4518049 u0 com.example.dogglers/com.example.dogglers.VerticalListActivity}
08-24 14:43:55.962  4585  8021 D WindowManager: isScreenshotDisabledLocked: userId = 0, disabled =false
08-24 14:43:55.962  4585  8021 I SurfaceControl: nativeRelease nativeObject s[535556863680]
08-24 14:43:55.962  4585  8021 I SurfaceControl: nativeRelease nativeObject e[535556863680]
08-24 14:43:55.963  4226  4601 I SurfaceFlinger: id=88794 createSurf (0x0),-1 flag=24004, Surface(name=a3a0629 InputMethod)/@0x54f474f - animation-leash#0
08-24 14:43:55.963  4585  8021 I SurfaceControl: nativeRelease nativeObject s[537628423264]
08-24 14:43:55.963  4585  8021 I SurfaceControl: nativeRelease nativeObject e[537628423264]
08-24 14:43:55.964  4226  4601 I Layer   : id=88784 removeFromCurrentState com.example.dogglers/com.example.dogglers.VerticalListActivity$_24159#0 (78)
08-24 14:43:55.965  4226  4226 I Layer   : id=88763[1] Destroyed com.google.android.youtube/com.google.android.apps.youtube.app.watchwhile.WatchWhileActivity$_21625#0
08-24 14:43:55.965  4226  4226 I Layer   : id=88766[1] Destroyed Bounds for - com.google.android.youtube/com.google.android.apps.youtube.app.watchwhile.WatchWhileActivity@18#0
08-24 14:43:55.966  4226  4226 I Layer   : id=88767[1] Destroyed SurfaceView - com.google.android.youtube/com.google.android.apps.youtube.app.watchwhile.WatchWhileActivity@c9edee9@18#0
08-24 14:43:55.966  4226  4601 I Layer   : id=88788 removeFromCurrentState Surface(name=a3a0629 InputMethod)/@0x54f474f - animation-leash#1 (75)
08-24 14:43:55.966  4226  4601 I Layer   : id=78 removeFromCurrentState a3a0629 InputMethod#0 (75)
08-24 14:43:55.966  4226  4601 I Layer   : id=88783 removeFromCurrentState 4518049 com.example.dogglers/com.example.dogglers.VerticalListActivity#0 (75)
08-24 14:43:55.966  4226  4601 I Layer   : id=78 addToCurrentState a3a0629 InputMethod#0 (75)
08-24 14:43:55.966  4226  4601 I SurfaceFlinger: id=88784 Removed com.example.dogglers/com.example.dogglers.VerticalListActivity$_24159#0 (75)
08-24 14:43:55.967  4226  4601 I SurfaceFlinger: id=88783 Removed 4518049 com.example.dogglers/com.example.dogglers.VerticalListActivity#0 (75)
08-24 14:43:55.967 24159 24159 D InputTransport: Input channel destroyed: '4518049', fd=80
08-24 14:43:55.969 24159 24159 I ViewRootImpl@76e111c[InstrumentationActivityInvoker$EmptyActivity]: MSG_WINDOW_FOCUS_CHANGED 1 1
08-24 14:43:55.970 24159 24159 D InputMethodManager: prepareNavigationBarInfo() DecorView@29e5769[InstrumentationActivityInvoker$EmptyActivity]
08-24 14:43:55.970  4585  8021 I SurfaceControl: nativeRelease nativeObject s[537628419424]
08-24 14:43:55.970  4585  8021 I SurfaceControl: nativeRelease nativeObject e[537628419424]
08-24 14:43:55.970 24159 24159 D InputMethodManager: getNavigationBarColor() -855310
08-24 14:43:55.971 24159 24159 D InputMethodManager: prepareNavigationBarInfo() DecorView@29e5769[InstrumentationActivityInvoker$EmptyActivity]
08-24 14:43:55.971 24159 24159 D InputMethodManager: getNavigationBarColor() -855310
08-24 14:43:55.971 24159 24159 V InputMethodManager: Starting input: tba=com.example.dogglers ic=null mNaviBarColor -855310 mIsGetNaviBarColorSuccess true , NavVisible : true , NavTrans : false
08-24 14:43:55.971 24159 24159 D InputMethodManager: startInputInner - Id : 0
08-24 14:43:55.971 24159 24159 I InputMethodManager: startInputInner - mService.startInputOrWindowGainedFocus
08-24 14:43:55.972  4585  7096 D InputMethodManagerService: mSecureKeypadEnabled = false
08-24 14:43:55.973  4585  7096 V InputMethodManagerService: hideCurrentInputLocked : shouldHideSoftInput is false
08-24 14:43:55.973  4585  7096 D InputMethodManagerService: mDesktopModeManager null!
08-24 14:43:55.973  4585  7096 V InputMethodManagerService: getDisplayIdOfInputMethodWindowToBeAdded : 0
08-24 14:43:55.974  4585  7096 D InputMethodManagerService: checkDisplayOfStartInputAndUpdateKeyboard display Id 0last 0
08-24 14:43:55.974  4585  7096 D InputTransport: Input channel constructed: 'ClientS', fd=687
08-24 14:43:55.974  4585  7096 D InputTransport: Input channel destroyed: 'ClientS', fd=687
08-24 14:43:55.974  4585  4635 D FastTrack: setFastTrackState: pid = 21625 ;tid= 21625 ;value= 0
08-24 14:43:55.974 24159 24159 D InputTransport: Input channel constructed: 'ClientS', fd=80
08-24 14:43:55.975 24159 24159 D InputTransport: Input channel destroyed: 'ClientS', fd=89
08-24 14:43:55.975  4585  4635 D FastTrack: setFastTrackState: pid = 21625 ;tid= 21862 ;value= 0
08-24 14:43:55.975  4585  7096 I SurfaceControl: nativeRelease nativeObject s[535557010176]
08-24 14:43:55.975  4585  7096 I SurfaceControl: nativeRelease nativeObject e[535557010176]
08-24 14:43:55.975  4226  4248 I SurfaceFlinger: id=88795 createSurf (0x0),-1 flag=24004, Surface(name=a3a0629 InputMethod)/@0x54f474f - animation-leash#1
08-24 14:43:55.977  7388  7388 I HBD     : HoneyBoardService onFinishInput
08-24 14:43:55.978  7388  7388 I HBD     : a IC have been unbinded,  InputConnectionWrapper{idHash=#936dda6 mMissingMethods=}
08-24 14:43:55.978  7388  7388 I HBD     : HoneyBoardService [PF_CL][onFinishInput]  445846 ns
08-24 14:43:55.978  7388  7388 I HBD     : HoneyBoardService [IMI] onStartInput - caller pid : 24159 , caller uid : 10574
08-24 14:43:55.978 24159 24159 D LifecycleMonitor: Lifecycle status change: androidx.test.core.app.InstrumentationActivityInvoker$BootstrapActivity@9e1e961 in: STOPPED
08-24 14:43:55.978  7388  7388 I HBD     : i updateConfigs
08-24 14:43:55.978  7388  7388 I HBD     : i isEnabledNightMode : false
08-24 14:43:55.978 24159 24159 V ActivityScenario: Activity lifecycle changed event received but ignored because the intent does not match. startActivityIntent=Intent { act=android.intent.action.MAIN cat=[android.intent.category.LAUNCHER] cmp=com.example.dogglers/.VerticalListActivity }, activity.getIntent()=Intent { act=android.intent.action.MAIN cat=[android.intent.category.LAUNCHER] flg=0x10008000 cmp=com.example.dogglers/androidx.test.core.app.InstrumentationActivityInvoker$BootstrapActivity (has extras) }, activity=androidx.test.core.app.InstrumentationActivityInvoker$BootstrapActivity@9e1e961
08-24 14:43:55.978  7388  7388 I HBD     : a IC have been binded, InputConnectionWrapper{idHash=#936dda6 mMissingMethods=}
08-24 14:43:55.979  7388  7388 I HBD     : h [EditorInputType]setPrivateImeOptionsToTable privateImeOptions ( null )
08-24 14:43:55.979  7388  7388 I HBD     : b incognitoMode : false
08-24 14:43:55.979  7388  7388 I HBD     : a needOff = true , isForceOff = false, isNullInputClass : true
08-24 14:43:55.979  7388  7388 I HBD     : h getDefaultInputRange : UNKNOWN
08-24 14:43:55.979  7388  7388 I HBD     : h getDefaultInputRange : UNKNOWN
08-24 14:43:55.979  7388  7388 I HBD     : h getDefaultInputRange : UNKNOWN
08-24 14:43:55.980  4140  4146 E statsd  : Predicate -7037417284711607308 dropping data for dimension key (10)0x2010101->10574[I] (10)0x30000->*launch*[S]
08-24 14:43:55.980  4140  4146 E statsd  : Predicate 5980654721335871649 dropping data for dimension key (10)0x2010101->10574[I] (10)0x30000->*launch*[S]
08-24 14:43:55.980  4585  4610 D SehCodecSolutionService: Update top [com.example.dogglers]
08-24 14:43:55.981  4585  7034 D SdpManagerService: Not an enterprise user : 0
08-24 14:43:55.982  4226  4226 I Layer   : id=88784[1] Destroyed com.example.dogglers/com.example.dogglers.VerticalListActivity$_24159#0
08-24 14:43:55.982  4226  4226 I Layer   : id=88783[1] Destroyed 4518049 com.example.dogglers/com.example.dogglers.VerticalListActivity#0
08-24 14:43:55.983  4226  4248 I Layer   : id=88778 removeFromCurrentState ActivityRecord{cdd82ab u0 com.example.dogglers/.VerticalListActivity t1578}#0 (74)
08-24 14:43:55.983  4226  4248 I Layer   : id=88794 removeFromCurrentState Surface(name=a3a0629 InputMethod)/@0x54f474f - animation-leash#0 (74)
08-24 14:43:55.984  4226  4248 I SurfaceFlinger: id=88778 Removed ActivityRecord{cdd82ab u0 com.example.dogglers/.VerticalListActivity t1578}#0 (74)
08-24 14:43:55.981  4585  7034 D SdpManagerService: Not an enterprise user : 0
08-24 14:43:55.987  4585  7096 I SemDvfsHyPerManager: acquire hyper - AMS_ACT_START/4585@16, type = -999
08-24 14:43:55.991  4175  4211 I HYPER-HAL: [RequestManager.cpp]acquire(): Acquired ID : 10586917  [4585 / 16]    HINT : AMS_ACT_START    list :
08-24 14:43:55.991  4226  4251 I SurfaceFlinger: id=88796 createSurf (0x0),-1 flag=80004, ActivityRecord{ef41917 u0 com.example.dogglers/androidx.test.core.app.InstrumentationActivityInvoker$EmptyActivity t1578}#0
08-24 14:43:55.992  4175  4211 I HYPER-HAL: [ResourceManager.cpp]updateResource(): [CPUMinFreq] UpdateResource Request ID : 10586917    Value : 2314000
08-24 14:43:55.994  7388  7388 I HBD     : h getDefaultInputRange : UNKNOWN
