08-24 14:43:39.748  4226  4226 I Layer   : id=88281[1] Destroyed ActivityRecord{675bfeb u0 com.example.dogglers/.MainActivity t1565}#0
08-24 14:43:39.748  4226  4226 I Layer   : id=88286[1] Destroyed cd1a345 com.example.dogglers/com.example.dogglers.MainActivity#0
08-24 14:43:39.749  4585  7096 I InputDispatcher: Focus left window (24159): 76e8967 in display 0 0
08-24 14:43:39.757 24159 24159 D LifecycleMonitor: Lifecycle status change: androidx.test.core.app.InstrumentationActivityInvoker$BootstrapActivity@7781c04 in: DESTROYED
08-24 14:43:39.757 24159 24159 V ActivityScenario: Activity lifecycle changed event received but ignored because the intent does not match. startActivityIntent=Intent { act=android.intent.action.MAIN cat=[android.intent.category.LAUNCHER] cmp=com.example.dogglers/.MainActivity }, activity.getIntent()=Intent { act=android.intent.action.MAIN cat=[android.intent.category.LAUNCHER] flg=0x10008000 cmp=com.example.dogglers/androidx.test.core.app.InstrumentationActivityInvoker$BootstrapActivity (has extras) }, activity=androidx.test.core.app.InstrumentationActivityInvoker$BootstrapActivity@7781c04
08-24 14:43:39.758  4585  7113 I SurfaceControl: nativeRelease nativeObject s[535556334560]
08-24 14:43:39.758  4585  7113 I SurfaceControl: nativeRelease nativeObject e[535556334560]
08-24 14:43:39.759  4585  7096 D SamsungIMMSHWKeyboard: isConnectedDexOnPC false
08-24 14:43:39.759 24159 24159 I SurfaceControl: nativeRelease nativeObject s[536151025376]
08-24 14:43:39.759 24159 24159 I SurfaceControl: nativeRelease nativeObject e[536151025376]
08-24 14:43:39.760 24159 24159 I SurfaceControl: nativeRelease nativeObject s[536151025280]
08-24 14:43:39.760 24159 24159 I SurfaceControl: nativeRelease nativeObject e[536151025280]
08-24 14:43:39.760  4585  7096 D InputMethodManagerService: isImeSwitcherDisabledPackage : false
08-24 14:43:39.762  4226  4248 I Layer   : id=88275 removeFromCurrentState ActivityRecord{a24607a u0 com.example.dogglers/androidx.test.core.app.InstrumentationActivityInvoker$BootstrapActivity t1565}#0 (76)
08-24 14:43:39.762  4226  4248 I SurfaceFlinger: id=88275 Removed ActivityRecord{a24607a u0 com.example.dogglers/androidx.test.core.app.InstrumentationActivityInvoker$BootstrapActivity t1565}#0 (76)
08-24 14:43:39.764  4226  4226 I Layer   : id=88275[1] Destroyed ActivityRecord{a24607a u0 com.example.dogglers/androidx.test.core.app.InstrumentationActivityInvoker$BootstrapActivity t1565}#0
08-24 14:43:39.768 24159 24159 D LifecycleMonitor: Lifecycle status change: androidx.test.core.app.InstrumentationActivityInvoker$EmptyActivity@1abd643 in: PRE_ON_CREATE
08-24 14:43:39.769 24159 24159 V ActivityScenario: Activity lifecycle changed event received but ignored because the intent does not match. startActivityIntent=Intent { act=android.intent.action.MAIN cat=[android.intent.category.LAUNCHER] cmp=com.example.dogglers/.MainActivity }, activity.getIntent()=Intent { act=android.intent.action.MAIN cat=[android.intent.category.LAUNCHER] flg=0x10000000 cmp=com.example.dogglers/androidx.test.core.app.InstrumentationActivityInvoker$EmptyActivity }, activity=androidx.test.core.app.InstrumentationActivityInvoker$EmptyActivity@1abd643
08-24 14:43:39.775 24159 24159 I DecorView: [INFO] isPopOver=false, config=true
08-24 14:43:39.775 24159 24159 I DecorView: updateCaptionType >> DecorView@ea145f9[], isFloating=false, isApplication=true, hasWindowDecorCaption=false, hasWindowControllerCallback=true
08-24 14:43:39.775 24159 24159 D DecorView: setCaptionType = 0, this = DecorView@ea145f9[]
08-24 14:43:39.779 24159 24159 D LifecycleMonitor: Lifecycle status change: androidx.test.core.app.InstrumentationActivityInvoker$EmptyActivity@1abd643 in: CREATED
08-24 14:43:39.779 24159 24159 V ActivityScenario: Activity lifecycle changed event received but ignored because the intent does not match. startActivityIntent=Intent { act=android.intent.action.MAIN cat=[android.intent.category.LAUNCHER] cmp=com.example.dogglers/.MainActivity }, activity.getIntent()=Intent { act=android.intent.action.MAIN cat=[android.intent.category.LAUNCHER] flg=0x10000000 cmp=com.example.dogglers/androidx.test.core.app.InstrumentationActivityInvoker$EmptyActivity }, activity=androidx.test.core.app.InstrumentationActivityInvoker$EmptyActivity@1abd643
08-24 14:43:39.782 24159 24159 D LifecycleMonitor: Lifecycle status change: androidx.test.core.app.InstrumentationActivityInvoker$EmptyActivity@1abd643 in: STARTED
08-24 14:43:39.783 24159 24159 V ActivityScenario: Activity lifecycle changed event received but ignored because the intent does not match. startActivityIntent=Intent { act=android.intent.action.MAIN cat=[android.intent.category.LAUNCHER] cmp=com.example.dogglers/.MainActivity }, activity.getIntent()=Intent { act=android.intent.action.MAIN cat=[android.intent.category.LAUNCHER] flg=0x10000000 cmp=com.example.dogglers/androidx.test.core.app.InstrumentationActivityInvoker$EmptyActivity }, activity=androidx.test.core.app.InstrumentationActivityInvoker$EmptyActivity@1abd643
08-24 14:43:39.785 24159 24159 D LifecycleMonitor: Lifecycle status change: androidx.test.core.app.InstrumentationActivityInvoker$EmptyActivity@1abd643 in: RESUMED
08-24 14:43:39.785 24159 24159 V ActivityScenario: Activity lifecycle changed event received but ignored because the intent does not match. startActivityIntent=Intent { act=android.intent.action.MAIN cat=[android.intent.category.LAUNCHER] cmp=com.example.dogglers/.MainActivity }, activity.getIntent()=Intent { act=android.intent.action.MAIN cat=[android.intent.category.LAUNCHER] flg=0x10000000 cmp=com.example.dogglers/androidx.test.core.app.InstrumentationActivityInvoker$EmptyActivity }, activity=androidx.test.core.app.InstrumentationActivityInvoker$EmptyActivity@1abd643
08-24 14:43:39.789  4585  7113 D InputTransport: Input channel constructed: '579aac8', fd=691
08-24 14:43:39.789  4585  7113 D InputTransport: Input channel constructed: '579aac8', fd=693
08-24 14:43:39.790  4226  5357 I SurfaceFlinger: id=88299 createSurf (0x0),-1 flag=80004, 579aac8 com.example.dogglers/androidx.test.core.app.InstrumentationActivityInvoker$EmptyActivity#0
08-24 14:43:39.790  4585  7113 D WindowManager: isScreenshotDisabledLocked - win: Window{579aac8 u0 com.example.dogglers/androidx.test.core.app.InstrumentationActivityInvoker$EmptyActivity}
08-24 14:43:39.790  4585  7113 D WindowManager: isScreenshotDisabledLocked: userId = 0, disabled =false
08-24 14:43:39.790  4585  7113 D InputTransport: Input channel destroyed: '579aac8', fd=693
08-24 14:43:39.791 24159 24159 D InputTransport: Input channel constructed: '579aac8', fd=80
08-24 14:43:39.792 24159 24159 I ViewRootImpl@9027cec[InstrumentationActivityInvoker$EmptyActivity]: setView = com.android.internal.policy.DecorView@ea145f9 TM=true
08-24 14:43:39.799  4585  7113 V WindowManager: Relayout Window{579aac8 u0 com.example.dogglers/androidx.test.core.app.InstrumentationActivityInvoker$EmptyActivity}: viewVisibility=0 req=1080x2340
08-24 14:43:39.802  4585  7113 D WindowManager: isScreenshotDisabledLocked - win: Window{579aac8 u0 com.example.dogglers/androidx.test.core.app.InstrumentationActivityInvoker$EmptyActivity}
08-24 14:43:39.802  4585  7113 D WindowManager: isScreenshotDisabledLocked: userId = 0, disabled =false
08-24 14:43:39.802  4226  5357 I SurfaceFlinger: id=88300 createSurf (1080x2340),1 flag=404, com.example.dogglers/androidx.test.core.app.InstrumentationActivityInvoker$EmptyActivity$_24159#1
08-24 14:43:39.804  4585  7113 I SurfaceControl: nativeRelease nativeObject s[535556870304]
08-24 14:43:39.804  4585  7113 I SurfaceControl: nativeRelease nativeObject e[535556870304]
08-24 14:43:39.804  9865  9865 I TrayStateController: systemUiVisibilityChanged : 0 0
08-24 14:43:39.804  4226  5357 I SurfaceFlinger: id=88301 createSurf (0x0),-1 flag=24000, Surface(name=e455c2d StatusBar)/@0x2f65071 - animation-leash#0
08-24 14:43:39.805  4585  7113 I SurfaceControl: nativeRelease nativeObject s[535556870400]
08-24 14:43:39.805  4585  7113 I SurfaceControl: nativeRelease nativeObject e[535556870400]
08-24 14:43:39.805  4226  5357 I SurfaceFlinger: id=88302 createSurf (0x0),-1 flag=24000, Surface(name=a71bb8f NavigationBar0)/@0x8f38906 - animation-leash#0
08-24 14:43:39.807  4585  7113 V WindowManager: Relayout hash=579aac8, pid=24159: mAttrs={(0,0)(fillxfill) sim={adjust=pan forwardNavigation} ty=BASE_APPLICATION wanim=0x1030001
08-24 14:43:39.807  4585  7113 V WindowManager:   fl=1810100
08-24 14:43:39.807  4585  7113 V WindowManager:   pfl=12020000
08-24 14:43:39.807  4585  7113 V WindowManager:   apr=LIGHT_NAVIGATION_BARS
08-24 14:43:39.807  4585  7113 V WindowManager:   fitSides= naviIconColor=0
08-24 14:43:39.807  4585  7113 V WindowManager:   sfl=100000}
08-24 14:43:39.807  4585  7113 I SurfaceControl: nativeRelease nativeObject s[535557019392]
08-24 14:43:39.807  4585  7113 I SurfaceControl: nativeRelease nativeObject e[535557019392]
08-24 14:43:39.809 24159 24159 I SurfaceControl: assignNativeObject: nativeObject = 0 Surface(name=null)/@0x2a748b5 / android.view.SurfaceControl.readFromParcel:1117 android.view.IWindowSession$Stub$Proxy.relayout:1820 android.view.ViewRootImpl.relayoutWindow:9005 android.view.ViewRootImpl.performTraversals:3360 android.view.ViewRootImpl.doTraversal:2618 android.view.ViewRootImpl$TraversalRunnable.run:9971 android.view.Choreographer$CallbackRecord.run:1010 android.view.Choreographer.doCallbacks:809 android.view.Choreographer.doFrame:744 android.view.Choreographer$FrameDisplayEventReceiver.run:995
08-24 14:43:39.810 24159 24159 I ViewRootImpl@9027cec[InstrumentationActivityInvoker$EmptyActivity]: Relayout returned: old=(0,0,1080,2340) new=(0,0,1080,2340) req=(1080,2340)0 dur=12 res=0x7 s={true 536236204032} ch=true fn=-1
08-24 14:43:39.812  4159 17194 D gralloc : [mali_gralloc_allocate] begin
08-24 14:43:39.812  4159 17194 D gralloc : buffer_descriptor: wh(1080 2340) usage_pc(0x40000000000b00 0x40000000000b00) hal_format(0x1) layer_count(1) sizes(0 0 0) strde(0) byte_stride(0) alloc_wh(0 0) internal_format(0x0) alloc_format(0x0) fd_count(1) plane_count(0)
08-24 14:43:39.813 24159 24159 I ViewRootImpl@9027cec[InstrumentationActivityInvoker$EmptyActivity]: [DP] dp(1) 1 android.view.ViewRootImpl.reportNextDraw:10957 android.view.ViewRootImpl.performTraversals:3845 android.view.ViewRootImpl.doTraversal:2618
08-24 14:43:39.813 24159 24159 I ViewRootImpl@9027cec[InstrumentationActivityInvoker$EmptyActivity]: [DP] pd() Asnyc report
08-24 14:43:39.814  4159 17194 D gralloc : [mali_gralloc_allocate] allocation successful
08-24 14:43:39.815  4159 17194 D gralloc : [mali_gralloc_allocate] begin
08-24 14:43:39.815  4159 17194 D gralloc : buffer_descriptor: wh(1080 2340) usage_pc(0x40000000000b00 0x40000000000b00) hal_format(0x1) layer_count(1) sizes(0 0 0) strde(0) byte_stride(0) alloc_wh(0 0) internal_format(0x0) alloc_format(0x0) fd_count(1) plane_count(0)
08-24 14:43:39.816  4159 17194 D gralloc : [mali_gralloc_allocate] allocation successful
08-24 14:43:39.816  4226  4248 I Layer   : id=88295 removeFromCurrentState Surface(name=e455c2d StatusBar)/@0x2f65071 - animation-leash#1 (79)
08-24 14:43:39.816  4226  4248 I Layer   : id=88296 removeFromCurrentState Surface(name=a71bb8f NavigationBar0)/@0x8f38906 - animation-leash#1 (79)
08-24 14:43:39.817  4159 17194 D gralloc : [mali_gralloc_allocate] begin
08-24 14:43:39.817  4159 17194 D gralloc : buffer_descriptor: wh(1080 2340) usage_pc(0x40000000000b00 0x40000000000b00) hal_format(0x1) layer_count(1) sizes(0 0 0) strde(0) byte_stride(0) alloc_wh(0 0) internal_format(0x0) alloc_format(0x0) fd_count(1) plane_count(0)
08-24 14:43:39.818  4159 17194 D gralloc : [mali_gralloc_allocate] allocation successful
08-24 14:43:39.820 24159 24159 I ViewRootImpl@9027cec[InstrumentationActivityInvoker$EmptyActivity]: [DP] pdf(0) 1 android.view.ViewRootImpl.lambda$performDraw$1$ViewRootImpl:4668 android.view.-$$Lambda$ViewRootImpl$DJd0VUYJgsebcnSohO6h8zc_ONI.run:6 android.os.Handler.handleCallback:938
08-24 14:43:39.820 24159 24159 I ViewRootImpl@9027cec[InstrumentationActivityInvoker$EmptyActivity]: [DP] rdf()
08-24 14:43:39.821 24159 24159 I ViewRootImpl@b5318cb[InstrumentationActivityInvoker$EmptyActivity]: MSG_WINDOW_FOCUS_CHANGED 0 1
08-24 14:43:39.823 24159 24159 I SurfaceControl: nativeRelease nativeObject s[536151025952]
08-24 14:43:39.823 24159 24159 I SurfaceControl: nativeRelease nativeObject e[536151025952]
08-24 14:43:39.823 24159 24159 I SurfaceControl: nativeRelease nativeObject s[536151025664]
08-24 14:43:39.823 24159 24159 I SurfaceControl: nativeRelease nativeObject e[536151025664]
08-24 14:43:39.823 24159 24159 I SurfaceControl: nativeRelease nativeObject s[536151025472]
08-24 14:43:39.823  4226  5357 I SurfaceFlinger: id=88296 Removed Surface(name=a71bb8f NavigationBar0)/@0x8f38906 - animation-leash#1 (79)
08-24 14:43:39.823 24159 24159 I SurfaceControl: nativeRelease nativeObject e[536151025472]
08-24 14:43:39.823  4226  5357 I SurfaceFlinger: id=88295 Removed Surface(name=e455c2d StatusBar)/@0x2f65071 - animation-leash#1 (79)
08-24 14:43:39.824  4585  4613 D PkgPredictorService: pkg:com.example.dogglers activity:androidx.test.core.app.InstrumentationActivityInvoker$EmptyActivity thisTime:143
08-24 14:43:39.826  4585  4613 I SemDvfsHyPerManager: acquire hyper - AMS_RESUME_TAIL/4585@18, type = -999
08-24 14:43:39.826  4585  4617 I ActivityTaskManager: Displayed com.example.dogglers/androidx.test.core.app.InstrumentationActivityInvoker$EmptyActivity: +143ms
08-24 14:43:39.826  4585  4613 I SemDvfsHyPerManager: acquire hyper - AMS_ACT_LAZY/4585@19, type = -999
08-24 14:43:39.826  4175  4211 I HYPER-HAL: [RequestManager.cpp]acquire(): Acquired ID : 10596124  [4585 / 18]    HINT : AMS_RESUME_TAIL    list :
08-24 14:43:39.826  4175  4211 I HYPER-HAL: [ResourceManager.cpp]updateResource(): [CPUMinFreq] UpdateResource Request ID : 10596124    Value : 1768000
08-24 14:43:39.827  4175  4211 I HYPER-HAL: [RequestManager.cpp]acquire(): Acquired ID : 10600729  [4585 / 19]    HINT :      list :
08-24 14:43:39.827  4175  4211 E HYPER-HAL: [Request.cpp]acquire(): Request:: id : 10600729, No Resource to set
08-24 14:43:39.827  4175  4211 I HYPER-HAL: [ResourceManager.cpp]removeResource(): [CPUMinFreq] RemoveResource Request ID : 10586917
08-24 14:43:39.828  4175  4211 I HYPER-HAL: [RequestManager.cpp]releaseLocked(): Released ID : 10586917
08-24 14:43:39.831  4226  4226 I Layer   : id=88295[1] Destroyed Surface(name=e455c2d StatusBar)/@0x2f65071 - animation-leash#1
08-24 14:43:39.831  4226  4226 I Layer   : id=88296[1] Destroyed Surface(name=a71bb8f NavigationBar0)/@0x8f38906 - animation-leash#1
08-24 14:43:39.833  4585  7113 I InputDispatcher: Focus entered window (24159): 579aac8 in display 0 0
08-24 14:43:39.833  4226  4248 E BufferQueueProducer: [com.example.dogglers/androidx.test.core.app.InstrumentationActivityInvoker$EmptyActivity$_24159#0](id:10820000493a,api:0,p:-1,c:4226) disconnect: not connected (req=1)
08-24 14:43:39.833 24159 24214 W libEGL  : EGLNativeWindowType 0x7cdb5da010 disconnect failed
08-24 14:43:39.835  4585  7113 V WindowManager: Relayout Window{76e8967 u0 com.example.dogglers/androidx.test.core.app.InstrumentationActivityInvoker$EmptyActivity}: viewVisibility=8 req=1080x2340
08-24 14:43:39.837  4226  4226 D SurfaceFlinger: Display 0 HWC layers:
08-24 14:43:39.837  4226  4226 D SurfaceFlinger:      DEVICE | 0x77ce816bc0 | 0002 | RGBA_8888    |    0.0    0.0 1080.0 2340.0 |    0    0 1080 2340 | com.example.dogglers/androidx.test.c[...]tivityInvoker$EmptyActivity$_24159#1
08-24 14:43:39.837  4226  4226 D SurfaceFlinger:      DEVICE | 0x77ce815e00 | 0000 | RGBA_8888    |    0.0    0.0 1080.0   83.0 |    0    0 1080   83 | StatusBar$_4896#0
08-24 14:43:39.837  4226  4226 D SurfaceFlinger:      DEVICE | 0x77ce8157c0 | 0000 | RGBA_8888    |    0.0    0.0   67.0  342.0 |    0  746   67 1088 | com.samsung.android.app.cocktailbars[...]arservice.CocktailBarService$_9865#0
08-24 14:43:39.837  4226  4226 D SurfaceFlinger:      DEVICE | 0x7851238200 | 0000 | RGBA_8888    |    0.0    0.0  388.0   39.0 |  692 2301 1080 2340 | SGestureOverlayWindow$_5408#0
08-24 14:43:39.837  4226  4226 D SurfaceFlinger:      DEVICE | 0x77ce816800 | 0000 | RGBA_8888    |    0.0    0.0 1080.0  126.0 |    0 2214 1080 2340 | NavigationBar0$_4896#0
08-24 14:43:39.837  4226  4226 D SurfaceFlinger:      DEVICE | 0x77ce814b40 | 0000 | RGBA_8888    |    0.0    0.0 1080.0  151.0 |    0    0 1080  151 | ScreenDecorOverlay$_4896#0
08-24 14:43:39.837  4226  4226 D SurfaceFlinger:      DEVICE | 0x77ce817d40 | 0000 | RGBA_8888    |    0.0    0.0 1080.0  151.0 |    0 2189 1080 2340 | ScreenDecorOverlayBottom$_
08-24 14:43:39.837  4226  4226 D SurfaceFlinger: 4896#0
08-24 14:43:39.837  4226  4226 D SurfaceFlinger:
08-24 14:43:39.838  4585  7113 V WindowManager: Relayout hash=76e8967, pid=24159: mAttrs={(0,0)(fillxfill) sim={adjust=pan forwardNavigation} ty=BASE_APPLICATION wanim=0x1030001
08-24 14:43:39.838  4585  7113 V WindowManager:   fl=1810100
08-24 14:43:39.838  4585  7113 V WindowManager:   pfl=12020000
08-24 14:43:39.838  4585  7113 V WindowManager:   apr=LIGHT_NAVIGATION_BARS
08-24 14:43:39.838  4585  7113 V WindowManager:   fitSides= naviIconColor=0
08-24 14:43:39.838  4585  7113 V WindowManager:   sfl=100000}
08-24 14:43:39.839 24159 24159 I SurfaceControl: nativeRelease nativeObject s[536236747840]
08-24 14:43:39.839 24159 24159 I SurfaceControl: nativeRelease nativeObject e[536236747840]
08-24 14:43:39.840 24159 24159 I SurfaceControl: assignNativeObject: nativeObject = 0 Surface(name=null)/@0xa5f4b4a / android.view.SurfaceControl.readFromParcel:1117 android.view.IWindowSession$Stub$Proxy.relayout:1810 android.view.ViewRootImpl.relayoutWindow:9005 android.view.ViewRootImpl.performTraversals:3360 android.view.ViewRootImpl.doTraversal:2618 android.view.ViewRootImpl$TraversalRunnable.run:9971 android.view.Choreographer$CallbackRecord.run:1010 android.view.Choreographer.doCallbacks:809 android.view.Choreographer.doFrame:744 android.view.Choreographer$FrameDisplayEventReceiver.run:995
08-24 14:43:39.840 24159 24159 I SurfaceControl: assignNativeObject: nativeObject = 0 Surface(name=null)/@0xbf198a8 / android.view.SurfaceControl.readFromParcel:1117 android.view.IWindowSession$Stub$Proxy.relayout:1820 android.view.ViewRootImpl.relayoutWindow:9005 android.view.ViewRootImpl.performTraversals:3360 android.view.ViewRootImpl.doTraversal:2618 android.view.ViewRootImpl$TraversalRunnable.run:9971 android.view.Choreographer$CallbackRecord.run:1010 android.view.Choreographer.doCallbacks:809 android.view.Choreographer.doFrame:744 android.view.Choreographer$FrameDisplayEventReceiver.run:995
08-24 14:43:39.841 24159 24159 I SurfaceControl: nativeRelease nativeObject s[536236741216]
08-24 14:43:39.841 24159 24159 I SurfaceControl: nativeRelease nativeObject e[536236741216]
08-24 14:43:39.841 24159 24159 I ViewRootImpl@b5318cb[InstrumentationActivityInvoker$EmptyActivity]: Relayout returned: old=(0,0,1080,2340) new=(0,0,1080,2340) req=(1080,2340)8 dur=6 res=0x5 s={false 0} ch=true fn=2
08-24 14:43:39.849 24159 24159 I ViewRootImpl@9027cec[InstrumentationActivityInvoker$EmptyActivity]: MSG_WINDOW_FOCUS_CHANGED 1 1
08-24 14:43:39.849 24159 24159 D InputMethodManager: prepareNavigationBarInfo() DecorView@ea145f9[InstrumentationActivityInvoker$EmptyActivity]
08-24 14:43:39.850 24159 24159 D InputMethodManager: getNavigationBarColor() -855310
08-24 14:43:39.850 24159 24159 D InputMethodManager: prepareNavigationBarInfo() DecorView@ea145f9[InstrumentationActivityInvoker$EmptyActivity]
08-24 14:43:39.850 24159 24159 D InputMethodManager: getNavigationBarColor() -855310
08-24 14:43:39.850 24159 24159 V InputMethodManager: Starting input: tba=com.example.dogglers ic=null mNaviBarColor -855310 mIsGetNaviBarColorSuccess true , NavVisible : true , NavTrans : false
08-24 14:43:39.851 24159 24159 D InputMethodManager: startInputInner - Id : 0
08-24 14:43:39.851 24159 24159 I InputMethodManager: startInputInner - mService.startInputOrWindowGainedFocus
08-24 14:43:39.852  4585  7112 D InputMethodManagerService: mSecureKeypadEnabled = false
08-24 14:43:39.852  4585  7112 V InputMethodManagerService: hideCurrentInputLocked : shouldHideSoftInput is false
08-24 14:43:39.852  4585  7112 D InputMethodManagerService: mDesktopModeManager null!
08-24 14:43:39.852  4585  7112 V InputMethodManagerService: getDisplayIdOfInputMethodWindowToBeAdded : 0
08-24 14:43:39.852  4585  7112 D InputMethodManagerService: checkDisplayOfStartInputAndUpdateKeyboard display Id 0last 0
08-24 14:43:39.852  4585  7112 D InputTransport: Input channel constructed: 'ClientS', fd=694
08-24 14:43:39.852  4585  7112 D InputTransport: Input channel destroyed: 'ClientS', fd=694
08-24 14:43:39.853 24159 24159 D InputTransport: Input channel constructed: 'ClientS', fd=89
08-24 14:43:39.853 24159 24159 D InputTransport: Input channel destroyed: 'ClientS', fd=100
08-24 14:43:39.853  4585  7112 I SurfaceControl: nativeRelease nativeObject s[535556336288]
08-24 14:43:39.853  4585  7112 I SurfaceControl: nativeRelease nativeObject e[535556336288]
08-24 14:43:39.854 24159 24159 I ViewRootImpl@b5318cb[InstrumentationActivityInvoker$EmptyActivity]: stopped(true) old=false
08-24 14:43:39.854  4226  4248 I SurfaceFlinger: id=88303 createSurf (0x0),-1 flag=24004, Surface(name=a3a0629 InputMethod)/@0x54f474f - animation-leash#0
08-24 14:43:39.854 24159 24159 D LifecycleMonitor: Lifecycle status change: androidx.test.core.app.InstrumentationActivityInvoker$EmptyActivity@2b3308e in: STOPPED
08-24 14:43:39.854 24159 24159 V ActivityScenario: Activity lifecycle changed event received but ignored because the intent does not match. startActivityIntent=Intent { act=android.intent.action.MAIN cat=[android.intent.category.LAUNCHER] cmp=com.example.dogglers/.MainActivity }, activity.getIntent()=Intent { act=android.intent.action.MAIN cat=[android.intent.category.LAUNCHER] flg=0x10000000 cmp=com.example.dogglers/androidx.test.core.app.InstrumentationActivityInvoker$EmptyActivity }, activity=androidx.test.core.app.InstrumentationActivityInvoker$EmptyActivity@2b3308e
08-24 14:43:39.855  7388  7388 I HBD     : HoneyBoardService onFinishInput
08-24 14:43:39.855  7388  7388 I HBD     : a IC have been unbinded,  InputConnectionWrapper{idHash=#2f5722f mMissingMethods=}
08-24 14:43:39.856  7388  7388 I HBD     : HoneyBoardService [PF_CL][onFinishInput]  454808 ns
08-24 14:43:39.856  7388  7388 I HBD     : HoneyBoardService [IMI] onStartInput - caller pid : 24159 , caller uid : 10574
08-24 14:43:39.856  7388  7388 I HBD     : i updateConfigs
08-24 14:43:39.856  7388  7388 I HBD     : i isEnabledNightMode : false
08-24 14:43:39.856  7388  7388 I HBD     : a IC have been binded, InputConnectionWrapper{idHash=#2f5722f mMissingMethods=}
08-24 14:43:39.857  7388  7388 I HBD     : h [EditorInputType]setPrivateImeOptionsToTable privateImeOptions ( null )
08-24 14:43:39.857 24159 24159 D LifecycleMonitor: Lifecycle status change: androidx.test.core.app.InstrumentationActivityInvoker$EmptyActivity@2b3308e in: DESTROYED
08-24 14:43:39.857  7388  7388 I HBD     : b incognitoMode : false
08-24 14:43:39.857  7388  7388 I HBD     : a needOff = true , isForceOff = false, isNullInputClass : true
08-24 14:43:39.857 24159 24159 V ActivityScenario: Activity lifecycle changed event received but ignored because the intent does not match. startActivityIntent=Intent { act=android.intent.action.MAIN cat=[android.intent.category.LAUNCHER] cmp=com.example.dogglers/.MainActivity }, activity.getIntent()=Intent { act=android.intent.action.MAIN cat=[android.intent.category.LAUNCHER] flg=0x10000000 cmp=com.example.dogglers/androidx.test.core.app.InstrumentationActivityInvoker$EmptyActivity }, activity=androidx.test.core.app.InstrumentationActivityInvoker$EmptyActivity@2b3308e
08-24 14:43:39.857  7388  7388 I HBD     : h getDefaultInputRange : UNKNOWN
08-24 14:43:39.857  7388  7388 I HBD     : h getDefaultInputRange : UNKNOWN
08-24 14:43:39.857  7388  7388 I HBD     : h getDefaultInputRange : UNKNOWN
08-24 14:43:39.858  4585  7113 D SdpManagerService: Not an enterprise user : 0
08-24 14:43:39.858  4585  7113 D SdpManagerService: Not an enterprise user : 0
08-24 14:43:39.858 24159 24159 I ViewRootImpl@b5318cb[InstrumentationActivityInvoker$EmptyActivity]: dispatchDetachedFromWindow
08-24 14:43:39.859  4585  7113 D InputTransport: Input channel destroyed: '76e8967', fd=679
08-24 14:43:39.859  4585  7113 I SurfaceControl: nativeRelease nativeObject s[535557019008]
08-24 14:43:39.859  4585  7113 I SurfaceControl: nativeRelease nativeObject e[535557019008]
08-24 14:43:39.859  4585  7113 D WindowManager: isScreenshotDisabledLocked - win: Window{76e8967 u0 com.example.dogglers/androidx.test.core.app.InstrumentationActivityInvoker$EmptyActivity}
08-24 14:43:39.859  4585  7113 D WindowManager: isScreenshotDisabledLocked: userId = 0, disabled =false
08-24 14:43:39.860  7388  7388 I HBD     : h getDefaultInputRange : UNKNOWN
08-24 14:43:39.860  4585  7113 I SurfaceControl: nativeRelease nativeObject s[537628424800]
08-24 14:43:39.860  4585  7113 I SurfaceControl: nativeRelease nativeObject e[537628424800]
08-24 14:43:39.860  7388  7388 I HBD     : a currentState : 0
08-24 14:43:39.860  4226  4248 I Layer   : id=88294 removeFromCurrentState com.example.dogglers/androidx.test.core.app.InstrumentationActivityInvoker$EmptyActivity$_24159#0 (78)
08-24 14:43:39.860  4226  4248 I SurfaceFlinger: id=88294 Removed com.example.dogglers/androidx.test.core.app.InstrumentationActivityInvoker$EmptyActivity$_24159#0 (78)
08-24 14:43:39.861  7388  7388 I HBD     : h load selected json info : {"version":"1.0","currentLanguageOrder":0,"selected":[{"activeOptionList":["auto_replace","auto_spacing"],"engName":"Russian","id":3342336,"inputType":"qwerty","isUsed":true},{"activeOptionList":["auto_replace","auto_spacing"],"engName":"English","id":65537,"inputType":"qwerty","isUsed":true}]}
08-24 14:43:39.862  4226  4248 I Layer   : id=88298 removeFromCurrentState Surface(name=a3a0629 InputMethod)/@0x54f474f - animation-leash#1 (78)
08-24 14:43:39.862  4226  4248 I Layer   : id=88293 removeFromCurrentState 76e8967 com.example.dogglers/androidx.test.core.app.InstrumentationActivityInvoker$EmptyActivity#0 (78)
08-24 14:43:39.863  7388  7388 I HBD     : a [UpdatePolicy] [post] a: 0 cl: 3342336 kit: [0/0] vt: 0 ir: 1
08-24 14:43:39.863  4226  4248 I SurfaceFlinger: id=88293 Removed 76e8967 com.example.dogglers/androidx.test.core.app.InstrumentationActivityInvoker$EmptyActivity#0 (78)
08-24 14:43:39.863  7388  7388 I HBD     : HoneyBoardService [PF_OP][onStartInput]  7343500 ns
08-24 14:43:39.865 24159 24159 D InputTransport: Input channel destroyed: '76e8967', fd=92
08-24 14:43:39.865  4226  4226 I Layer   : id=88293[1] Destroyed 76e8967 com.example.dogglers/androidx.test.core.app.InstrumentationActivityInvoker$EmptyActivity#0
08-24 14:43:39.865  4226  4226 I Layer   : id=88294[1] Destroyed com.example.dogglers/androidx.test.core.app.InstrumentationActivityInvoker$EmptyActivity$_24159#0
08-24 14:43:39.866  4585  4606 I SurfaceControl: nativeRelease nativeObject s[535557019104]
08-24 14:43:39.866  4585  4606 I SurfaceControl: nativeRelease nativeObject e[535557019104]
08-24 14:43:39.867  4585  7112 I InputDispatcher: Focus left window (24159): 579aac8 in display 0 0
08-24 14:43:39.868 24159 24159 D LifecycleMonitor: Lifecycle status change: androidx.test.core.app.InstrumentationActivityInvoker$EmptyActivity@1abd643 in: PAUSED
08-24 14:43:39.869  4226  4248 I Layer   : id=88292 removeFromCurrentState ActivityRecord{8c6a8e4 u0 com.example.dogglers/androidx.test.core.app.InstrumentationActivityInvoker$EmptyActivity t1565}#0 (76)
08-24 14:43:39.869 24159 24159 V ActivityScenario: Activity lifecycle changed event received but ignored because the intent does not match. startActivityIntent=Intent { act=android.intent.action.MAIN cat=[android.intent.category.LAUNCHER] cmp=com.example.dogglers/.MainActivity }, activity.getIntent()=Intent { act=android.intent.action.MAIN cat=[android.intent.category.LAUNCHER] flg=0x10000000 cmp=com.example.dogglers/androidx.test.core.app.InstrumentationActivityInvoker$EmptyActivity }, activity=androidx.test.core.app.InstrumentationActivityInvoker$EmptyActivity@1abd643
08-24 14:43:39.871  4226  4248 I SurfaceFlinger: id=88292 Removed ActivityRecord{8c6a8e4 u0 com.example.dogglers/androidx.test.core.app.InstrumentationActivityInvoker$EmptyActivity t1565}#0 (76)
08-24 14:43:39.873  4585  4606 I SemDvfsHyPerManager: acquire hyper - AMS_ACT_RESUME/4585@33, type = -999
08-24 14:43:39.874  4175  4211 I HYPER-HAL: [RequestManager.cpp]acquire(): Acquired ID : 10665304  [4585 / 33]    HINT : AMS_ACT_RESUME    list :
08-24 14:43:39.875  4585  4606 D InputDispatcher: Focused application set to (0): 3890c50
08-24 14:43:39.875  4140  4146 E statsd  : Predicate -7037417284711607308 dropping data for dimension key (10)0x2010101->10574[I] (10)0x30000->*launch*[S]
08-24 14:43:39.875  4175  4211 I HYPER-HAL: [ResourceManager.cpp]updateResource(): [CPUMinFreq] UpdateResource Request ID : 10665304    Value : 1664000
08-24 14:43:39.875  4140  4146 E statsd  : Predicate 5980654721335871649 dropping data for dimension key (10)0x2010101->10574[I] (10)0x30000->*launch*[S]
08-24 14:43:39.876  4585  4606 V WindowOrientationListener: getProposedRotation: -1
08-24 14:43:39.876  4585  4606 V WindowOrientationListener: getProposedRotation: -1
08-24 14:43:39.877  4585  4606 V WindowOrientationListener: getProposedRotation: -1
08-24 14:43:39.882  4226  4226 I Layer   : id=88292[1] Destroyed ActivityRecord{8c6a8e4 u0 com.example.dogglers/androidx.test.core.app.InstrumentationActivityInvoker$EmptyActivity t1565}#0
08-24 14:43:39.882 21625 21625 I SurfaceView: onWindowVisibilityChanged(4) false android.view.SurfaceView{c9edee9 V.E...... ......ID 0,0-1080,607} of ViewRootImpl@b7edacd[WatchWhileActivity]
08-24 14:43:39.883  4585  7112 D SamsungIMMSHWKeyboard: isConnectedDexOnPC false
08-24 14:43:39.884 24159 24159 I SurfaceControl: nativeRelease nativeObject s[536151026144]
08-24 14:43:39.884 24159 24159 I SurfaceControl: nativeRelease nativeObject e[536151026144]
08-24 14:43:39.884 24159 24159 I SurfaceControl: nativeRelease nativeObject s[536151026048]
08-24 14:43:39.884 24159 24159 I SurfaceControl: nativeRelease nativeObject e[536151026048]
08-24 14:43:39.884  4585  4606 V WindowManager: Relayout Window{911a194 u0 com.google.android.youtube/com.google.android.apps.youtube.app.watchwhile.WatchWhileActivity}: viewVisibility=4 req=1080x2340
08-24 14:43:39.885  4585  7112 D InputMethodManagerService: isImeSwitcherDisabledPackage : false
08-24 14:43:39.885 24159 24159 I ViewRootImpl@9027cec[InstrumentationActivityInvoker$EmptyActivity]: MSG_WINDOW_FOCUS_CHANGED 0 1
08-24 14:43:39.886 24159 24204 I TestRunner: finished: vertical_list_button_is_displayed(com.example.dogglers.ButtonTests)
