08-24 14:43:45.656 24159 24204 I TestRunner: started: grid_list_content_at_first_position(com.example.dogglers.GridListTests)
08-24 14:43:45.656  4585  4610 D SehCodecSolutionService: Update top [com.google.android.youtube]
08-24 14:43:45.657 24159 24159 I ViewRootImpl@cc541da[InstrumentationActivityInvoker$EmptyActivity]: dispatchDetachedFromWindow
08-24 14:43:45.657  4585  4635 D FastTrack: setFastTrackState: pid = 24159 ;tid= 24214 ;value= 0
08-24 14:43:45.658  4585  8021 D InputTransport: Input channel destroyed: '98c0b2f', fd=724
08-24 14:43:45.658  4585  8021 I SurfaceControl: nativeRelease nativeObject s[535556874144]
08-24 14:43:45.659  4585  8021 I SurfaceControl: nativeRelease nativeObject e[535556874144]
08-24 14:43:45.659  4585  8021 D WindowManager: isScreenshotDisabledLocked - win: Window{98c0b2f u0 com.example.dogglers/androidx.test.core.app.InstrumentationActivityInvoker$EmptyActivity}
08-24 14:43:45.659  4585  8021 D WindowManager: isScreenshotDisabledLocked: userId = 0, disabled =false
08-24 14:43:45.659  4896  4896 D SecStatusBarMobileView: setStaticDrawableColor:
08-24 14:43:45.660  4896  4896 D SecStatusBarMobileView: setStaticDrawableColor:
08-24 14:43:45.660  4585  8021 I SurfaceControl: nativeRelease nativeObject s[535556872704]
08-24 14:43:45.660  4585  8021 I SurfaceControl: nativeRelease nativeObject e[535556872704]
08-24 14:43:45.661  4226  4248 I Layer   : id=88456 removeFromCurrentState com.example.dogglers/androidx.test.core.app.InstrumentationActivityInvoker$EmptyActivity$_24159#1 (81)
08-24 14:43:45.662  4226  5357 I SurfaceFlinger: id=88456 Removed com.example.dogglers/androidx.test.core.app.InstrumentationActivityInvoker$EmptyActivity$_24159#1 (81)
08-24 14:43:45.670  4226  4251 I Layer   : id=88455 removeFromCurrentState 98c0b2f com.example.dogglers/androidx.test.core.app.InstrumentationActivityInvoker$EmptyActivity#0 (81)
08-24 14:43:45.675  4896  4896 D SecStatusBarMobileView: setStaticDrawableColor:
08-24 14:43:45.675  4896  4896 D SecStatusBarMobileView: setStaticDrawableColor:
08-24 14:43:45.678  4226  4226 I Layer   : id=88456[1] Destroyed com.example.dogglers/androidx.test.core.app.InstrumentationActivityInvoker$EmptyActivity$_24159#1
08-24 14:43:45.679  4226  4251 I SurfaceFlinger: id=88455 Removed 98c0b2f com.example.dogglers/androidx.test.core.app.InstrumentationActivityInvoker$EmptyActivity#0 (80)
08-24 14:43:45.679 24159 24159 D InputTransport: Input channel destroyed: '98c0b2f', fd=89
08-24 14:43:45.681 24159 24159 I SurfaceControl: nativeRelease nativeObject s[536151026432]
08-24 14:43:45.681 24159 24159 I SurfaceControl: nativeRelease nativeObject e[536151026432]
08-24 14:43:45.686  4585  7040 I SurfaceControl: nativeRelease nativeObject s[535557020544]
08-24 14:43:45.686  4585  7040 I SurfaceControl: nativeRelease nativeObject e[535557020544]
08-24 14:43:45.687  4585  7040 I SurfaceControl: nativeRelease nativeObject s[535556864448]
08-24 14:43:45.687  4585  7040 I SurfaceControl: nativeRelease nativeObject e[535556864448]
08-24 14:43:45.693  4226  4226 I Layer   : id=88455[1] Destroyed 98c0b2f com.example.dogglers/androidx.test.core.app.InstrumentationActivityInvoker$EmptyActivity#0
08-24 14:43:45.696 24159 24204 W Settings: Setting always_finish_activities has moved from android.provider.Settings.System to android.provider.Settings.Global, returning read-only value.
08-24 14:43:45.702  4226  4601 I Layer   : id=88452 removeFromCurrentState ActivityRecord{5730ce3 u0 com.example.dogglers/androidx.test.core.app.InstrumentationActivityInvoker$EmptyActivity t1569}#0 (79)
08-24 14:43:45.702  4226  4601 I Layer   : id=88429 removeFromCurrentState Task=1569#0 (79)
08-24 14:43:45.704  4226  4251 I SurfaceFlinger: id=88452 Removed ActivityRecord{5730ce3 u0 com.example.dogglers/androidx.test.core.app.InstrumentationActivityInvoker$EmptyActivity t1569}#0 (79)
08-24 14:43:45.704  4226  4251 I SurfaceFlinger: id=88429 Removed Task=1569#0 (79)
08-24 14:43:45.704  4896  4896 D SecStatusBarMobileView: setStaticDrawableColor:
08-24 14:43:45.704  4896  4896 D SecStatusBarMobileView: setStaticDrawableColor:
08-24 14:43:45.708  5408  5422 I id.app.launche: NativeAlloc concurrent copying GC freed 2996(192KB) AllocSpace objects, 0(0B) LOS objects, 49% free, 8295KB/16MB, paused 277us total 121.878ms
08-24 14:43:45.710  4226  4226 I Layer   : id=88429[1] Destroyed Task=1569#0
08-24 14:43:45.710  4226  4226 I Layer   : id=88452[1] Destroyed ActivityRecord{5730ce3 u0 com.example.dogglers/androidx.test.core.app.InstrumentationActivityInvoker$EmptyActivity t1569}#0
08-24 14:43:45.730  4896  4896 D SecStatusBarMobileView: setStaticDrawableColor:
08-24 14:43:45.730  4896  4896 D SecStatusBarMobileView: setStaticDrawableColor:
08-24 14:43:45.739  4585  5732 I SemDvfsHyPerManager: acquire hyper - AMS_APP_SWITCH/4585@30, type = -999
08-24 14:43:45.739  4175  4211 I HYPER-HAL: [RequestManager.cpp]acquire(): Acquired ID : 10651450  [4585 / 30]    HINT : AMS_APP_SWITCH    list :
08-24 14:43:45.740  4175  4211 I HYPER-HAL: [ResourceManager.cpp]updateResource(): [CPUMinFreq] UpdateResource Request ID : 10651450    Value : 2314000
08-24 14:43:45.741  7134  7134 I SemDvfsHyPerManager: acquire hyper - com.sec.android.sdhms/7134@9, type = -999
08-24 14:43:45.741  4149  4184 D audio_hw_primary: device-adev_set_parameters: enter with key(audioHDR=0)
08-24 14:43:45.742  4175  4211 I HYPER-HAL: [RequestManager.cpp]acquire(): Acquired ID : 25514805  [7134 / 9]    HINT : APP_START    list :
08-24 14:43:45.742  4175  4211 E HYPER-HAL: [HandlerSysfs.cpp]doResourceHandling(): Couldn't Open Sysfs - /sys/kernel/mm/vmscan/am_app_launch
08-24 14:43:45.744  9865  9865 I Utils   : isCurrentUser current = 0, ownerId = 0
08-24 14:43:45.744  9865  9865 I TrayVisibilityController: getComputedTrayVisible : keyguardState = 1
08-24 14:43:45.745  9865  9865 I TrayVisibilityController: updateTrayVisible: State=1 visible=1 mCurrentVisible=1 specificMode=0
08-24 14:43:45.745  9865  9865 I TrayStateController: onNotifyUpdateTray: 0 to need to visible? true
08-24 14:43:45.746  4226  5359 I SurfaceFlinger: id=88468 createSurf (0x0),-1 flag=24004, Task=1570#0
08-24 14:43:45.743  4175  4211 I HYPER-HAL: [ResourceManager.cpp]updateResource(): [CPUMaxFreq] UpdateResource Request ID : 25514805    Value : 2314000
08-24 14:43:45.752  4226  4251 I SurfaceFlinger: id=88469 createSurf (0x0),-1 flag=80004, ActivityRecord{7512c93 u0 com.example.dogglers/androidx.test.core.app.InstrumentationActivityInvoker$BootstrapActivity t1570}#0
08-24 14:43:45.756  4585  7096 V WindowOrientationListener: getProposedRotation: -1
08-24 14:43:45.758  4140  4146 E statsd  : Predicate -7037417284711607308 dropping data for dimension key (10)0x2010101->10574[I] (10)0x30000->*launch*[S]
08-24 14:43:45.759  4140  4146 E statsd  : Predicate 5980654721335871649 dropping data for dimension key (10)0x2010101->10574[I] (10)0x30000->*launch*[S]
08-24 14:43:45.760  4585  7096 I SemDvfsHyPerManager: acquire hyper - AMS_APP_LAUNCH/4585@17, type = -999
08-24 14:43:45.761  4175  4211 I HYPER-HAL: [RequestManager.cpp]acquire(): Acquired ID : 10591520  [4585 / 17]    HINT : AMS_APP_LAUNCH    list :
08-24 14:43:45.761  4175  4211 I HYPER-HAL: [ResourceManager.cpp]updateResource(): [CPUMinFreq] UpdateResource Request ID : 10591520    Value : 2314000
08-24 14:43:45.766  4585  7112 V WindowOrientationListener: getProposedRotation: -1
08-24 14:43:45.767  4585  7112 V WindowOrientationListener: getProposedRotation: -1
08-24 14:43:45.768  4585  7112 V WindowOrientationListener: getProposedRotation: -1
08-24 14:43:45.770  4585  7112 D InputDispatcher: Focused application set to (0): 7512c93
08-24 14:43:45.789  4585  4613 D InputTransport: Input channel constructed: 'c4f9b0b', fd=724
08-24 14:43:45.789  4585  4613 D InputTransport: Input channel constructed: 'c4f9b0b', fd=728
08-24 14:43:45.790  4226  4251 I SurfaceFlinger: id=88470 createSurf (0x0),-1 flag=80004, c4f9b0b Splash Screen com.example.dogglers#0
08-24 14:43:45.792  4585  4613 I ViewRootImpl@25eada[dogglers]: setView = com.android.internal.policy.DecorView@6bd4c01 TM=true
08-24 14:43:45.792 24159 24159 D LifecycleMonitor: Lifecycle status change: androidx.test.core.app.InstrumentationActivityInvoker$BootstrapActivity@cb53f94 in: PRE_ON_CREATE
08-24 14:43:45.792 24159 24159 V ActivityScenario: Activity lifecycle changed event received but ignored because the intent does not match. startActivityIntent=Intent { act=android.intent.action.MAIN cat=[android.intent.category.LAUNCHER] cmp=com.example.dogglers/.GridListActivity }, activity.getIntent()=Intent { act=android.intent.action.MAIN cat=[android.intent.category.LAUNCHER] flg=0x10008000 cmp=com.example.dogglers/androidx.test.core.app.InstrumentationActivityInvoker$BootstrapActivity (has extras) }, activity=androidx.test.core.app.InstrumentationActivityInvoker$BootstrapActivity@cb53f94
08-24 14:43:45.798  4585  4613 V WindowManager: Relayout Window{c4f9b0b u0 Splash Screen com.example.dogglers}: viewVisibility=0 req=1080x2340
08-24 14:43:45.802  4585  4613 D WindowManager: isScreenshotDisabledLocked - win: Window{c4f9b0b u0 Splash Screen com.example.dogglers}
08-24 14:43:45.802  4585  4613 D WindowManager: isScreenshotDisabledLocked: userId = 0, disabled =false
08-24 14:43:45.804  4226  5357 I SurfaceFlinger: id=88471 createSurf (1080x2340),1 flag=404, Splash Screen com.example.dogglers#0
08-24 14:43:45.807  4585  4613 V WindowManager: Relayout hash=c4f9b0b, pid=4585: mAttrs={(0,0)(fillxfill) sim={adjust=pan} layoutInDisplayCutoutMode=shortEdges ty=APPLICATION_STARTING wanim=0x1030001
08-24 14:43:45.807  4585  4613 V WindowManager:   fl=1830118
08-24 14:43:45.807  4585  4613 V WindowManager:   pfl=12020011
08-24 14:43:45.807  4585  4613 V WindowManager:   apr=LIGHT_NAVIGATION_BARS
08-24 14:43:45.807  4585  4613 V WindowManager:   fitSides= naviIconColor=0
08-24 14:43:45.807  4585  4613 V WindowManager:   sfl=100000}
08-24 14:43:45.808  4585  4613 I ViewRootImpl@25eada[dogglers]: Relayout returned: old=(0,0,1080,2340) new=(0,0,1080,2340) req=(1080,2340)0 dur=10 res=0x7 s={true 535581126656} ch=true fn=-1
08-24 14:43:45.808  4585  4613 I ViewRootImpl@25eada[dogglers]: [DP] dp(1) 1 android.view.ViewRootImpl.reportNextDraw:10957 android.view.ViewRootImpl.performTraversals:3845 android.view.ViewRootImpl.doTraversal:2618
08-24 14:43:45.811  4585  4635 D FastTrack: setFastTrackState: pid = 24159 ;tid= 24159 ;value= 1
08-24 14:43:45.812  4159 16850 D gralloc : [mali_gralloc_allocate] begin
08-24 14:43:45.812  4159 16850 D gralloc : buffer_descriptor: wh(1080 2340) usage_pc(0x966 0x906) hal_format(0x1) layer_count(1) sizes(0 0 0) strde(0) byte_stride(0) alloc_wh(0 0) internal_format(0x0) alloc_format(0x0) fd_count(1) plane_count(0)
08-24 14:43:45.816  4159 16850 D gralloc : [mali_gralloc_allocate] allocation successful
08-24 14:43:45.817  4585  4635 D FastTrack: setFastTrackState: pid = 24159 ;tid= 24214 ;value= 1
08-24 14:43:45.818  4585  7113 I InputDispatcher: Focus left window (21625): 911a194 in display 0 0
08-24 14:43:45.822 24159 24159 I DecorView: [INFO] isPopOver=false, config=true
08-24 14:43:45.822 24159 24159 I DecorView: updateCaptionType >> DecorView@61a3232[], isFloating=false, isApplication=true, hasWindowDecorCaption=false, hasWindowControllerCallback=true
08-24 14:43:45.822 24159 24159 D DecorView: setCaptionType = 0, this = DecorView@61a3232[]
08-24 14:43:45.835  4585  4613 I ViewRootImpl@25eada[dogglers]: [DP] pdf(0) 1 android.view.ViewRootImpl.performDraw:4809 android.view.ViewRootImpl.performTraversals:3866 android.view.ViewRootImpl.doTraversal:2618
08-24 14:43:45.835  4585  4613 I ViewRootImpl@25eada[dogglers]: [DP] rdf()
08-24 14:43:45.838 21625 21625 I ViewRootImpl@b7edacd[WatchWhileActivity]: MSG_WINDOW_FOCUS_CHANGED 0 1
08-24 14:43:45.866 24159 24159 D LifecycleMonitor: Lifecycle status change: androidx.test.core.app.InstrumentationActivityInvoker$BootstrapActivity@cb53f94 in: CREATED
08-24 14:43:45.866 24159 24159 V ActivityScenario: Activity lifecycle changed event received but ignored because the intent does not match. startActivityIntent=Intent { act=android.intent.action.MAIN cat=[android.intent.category.LAUNCHER] cmp=com.example.dogglers/.GridListActivity }, activity.getIntent()=Intent { act=android.intent.action.MAIN cat=[android.intent.category.LAUNCHER] flg=0x10008000 cmp=com.example.dogglers/androidx.test.core.app.InstrumentationActivityInvoker$BootstrapActivity (has extras) }, activity=androidx.test.core.app.InstrumentationActivityInvoker$BootstrapActivity@cb53f94
08-24 14:43:45.872  4585  4613 D WindowManager: isScreenshotDisabledLocked - win: Window{a3a0629 u0 InputMethod}
08-24 14:43:45.872  4585  4613 D WindowManager: isScreenshotDisabledLocked: userId = 0, disabled =false
08-24 14:43:45.872  4585  4613 D WindowManager: isScreenshotDisabledLocked - win: Window{911a194 u0 com.google.android.youtube/com.google.android.apps.youtube.app.watchwhile.WatchWhileActivity}
08-24 14:43:45.872  4585  4613 D WindowManager: isScreenshotDisabledLocked: userId = 0, disabled =false
08-24 14:43:45.873  4159 16850 D gralloc : [mali_gralloc_allocate] begin
08-24 14:43:45.873  4159 16850 D gralloc : buffer_descriptor: wh(1080 2340) usage_pc(0x366 0x306) hal_format(0x1) layer_count(1) sizes(0 0 0) strde(0) byte_stride(0) alloc_wh(0 0) internal_format(0x0) alloc_format(0x0) fd_count(1) plane_count(0)
08-24 14:43:45.875  4159 16850 D gralloc : [mali_gralloc_allocate] allocation successful
08-24 14:43:45.878 21625 21625 I SurfaceView: onWindowVisibilityChanged(8) false android.view.SurfaceView{c9edee9 V.E...... ......ID 0,0-1080,607} of ViewRootImpl@b7edacd[WatchWhileActivity]
08-24 14:43:45.881  4226  4226 I Layer   : id=88472[0] Destroyed Screenshot Parent
08-24 14:43:45.882 21625 21625 I SurfaceView: surfaceDestroyed callback.size 1 #2 android.view.SurfaceView{c9edee9 V.E...... ......ID 0,0-1080,607}
08-24 14:43:45.888  4585  4613 I SurfaceControl: nativeRelease nativeObject s[535557021216]
08-24 14:43:45.888  4585  4613 I SurfaceControl: nativeRelease nativeObject e[535557021216]
08-24 14:43:45.888  9865  9865 I TrayStateController: systemUiVisibilityChanged : 2 0
08-24 14:43:45.888  4226  5357 I SurfaceFlinger: id=88473 createSurf (0x0),-1 flag=24000, Surface(name=e455c2d StatusBar)/@0x2f65071 - animation-leash#0
08-24 14:43:45.889  4585  4613 I SurfaceControl: nativeRelease nativeObject s[535558904288]
08-24 14:43:45.889  4585  4613 I SurfaceControl: nativeRelease nativeObject e[535558904288]
08-24 14:43:45.892  4226  4251 I SurfaceFlinger: id=88474 createSurf (0x0),-1 flag=24000, Surface(name=a71bb8f NavigationBar0)/@0x8f38906 - animation-leash#0
08-24 14:43:45.893 21625 21625 I SurfaceView: remove() android.view.SurfaceView{c9edee9 V.E...... ......ID 0,0-1080,607} Surface(name=SurfaceView - com.google.android.youtube/com.google.android.apps.youtube.app.watchwhile.WatchWhileActivity@c9edee9@10)/@0x3a52c36
08-24 14:43:45.893 21625 21625 I SurfaceControl: nativeRelease nativeObject s[537830790592]
08-24 14:43:45.893 21625 21625 I SurfaceControl: nativeRelease nativeObject e[537830790592]
08-24 14:43:45.893 21625 21625 I SurfaceControl: nativeRelease nativeObject s[537830795968]
08-24 14:43:45.893 21625 21625 I SurfaceControl: nativeRelease nativeObject e[537830795968]
08-24 14:43:45.894  4226  4251 I Layer   : id=88465 removeFromCurrentState Background for -SurfaceView - com.google.android.youtube/com.google.android.apps.youtube.app.watchwhile.WatchWhileActivity@c9edee9@10#0 (83)
08-24 14:43:45.895  4226  4251 I SurfaceFlinger: id=88465 Removed Background for -SurfaceView - com.google.android.youtube/com.google.android.apps.youtube.app.watchwhile.WatchWhileActivity@c9edee9@10#0 (83)
08-24 14:43:45.895  4226  4251 I SurfaceFlinger: id=88464 Removed SurfaceView - com.google.android.youtube/com.google.android.apps.youtube.app.watchwhile.WatchWhileActivity@c9edee9@10#0 (83)
08-24 14:43:45.897  4226  5357 I Layer   : id=88461 removeFromCurrentState Surface(name=e455c2d StatusBar)/@0x2f65071 - animation-leash#1 (83)
08-24 14:43:45.897  4226  5357 I Layer   : id=88462 removeFromCurrentState Surface(name=a71bb8f NavigationBar0)/@0x8f38906 - animation-leash#1 (83)
08-24 14:43:45.900 24159 24159 D LifecycleMonitor: Lifecycle status change: androidx.test.core.app.InstrumentationActivityInvoker$BootstrapActivity@cb53f94 in: STARTED
08-24 14:43:45.900 24159 24159 V ActivityScenario: Activity lifecycle changed event received but ignored because the intent does not match. startActivityIntent=Intent { act=android.intent.action.MAIN cat=[android.intent.category.LAUNCHER] cmp=com.example.dogglers/.GridListActivity }, activity.getIntent()=Intent { act=android.intent.action.MAIN cat=[android.intent.category.LAUNCHER] flg=0x10008000 cmp=com.example.dogglers/androidx.test.core.app.InstrumentationActivityInvoker$BootstrapActivity (has extras) }, activity=androidx.test.core.app.InstrumentationActivityInvoker$BootstrapActivity@cb53f94
08-24 14:43:45.904  4226  5357 E BufferQueueProducer: [com.google.android.youtube/com.google.android.apps.youtube.app.watchwhile.WatchWhileActivity$_21625#0](id:108200004954,api:0,p:-1,c:4226) disconnect: not connected (req=1)
08-24 14:43:45.905 21625 21862 W libEGL  : EGLNativeWindowType 0x7c930a9010 disconnect failed
08-24 14:43:45.906  4585  7113 V WindowManager: Relayout Window{911a194 u0 com.google.android.youtube/com.google.android.apps.youtube.app.watchwhile.WatchWhileActivity}: viewVisibility=8 req=1080x2340
08-24 14:43:45.907  4149  4184 D audio_hw_primary: device-adev_set_parameters: enter with key(audioHDR=0)
08-24 14:43:45.912  4585  7113 V WindowManager: Relayout hash=911a194, pid=21625: mAttrs={(0,0)(fillxfill) sim={adjust=resize} layoutInDisplayCutoutMode=shortEdges ty=BASE_APPLICATION fmt=TRANSLUCENT wanim=0x1030304 sysuil=true
08-24 14:43:45.912  4585  7113 V WindowManager:   fl=81810100
08-24 14:43:45.912  4585  7113 V WindowManager:   pfl=12020000
08-24 14:43:45.912  4585  7113 V WindowManager:   vsysui=3710
08-24 14:43:45.912  4585  7113 V WindowManager:   apr=LIGHT_STATUS_BARS LIGHT_NAVIGATION_BARS
08-24 14:43:45.912  4585  7113 V WindowManager:   bhv=SHOW_TRANSIENT_BARS_BY_SWIPE
08-24 14:43:45.912  4585  7113 V WindowManager:   fitSides= naviIconColor=0}
08-24 14:43:45.913 21625 21625 I SurfaceControl: nativeRelease nativeObject s[537830788288]
08-24 14:43:45.913 21625 21625 I SurfaceControl: nativeRelease nativeObject e[537830788288]
08-24 14:43:45.914 21625 21625 I SurfaceControl: assignNativeObject: nativeObject = 0 Surface(name=null)/@0x10ea726 / android.view.SurfaceControl.readFromParcel:1117 android.view.IWindowSession$Stub$Proxy.relayout:1810 android.view.ViewRootImpl.relayoutWindow:9005 android.view.ViewRootImpl.performTraversals:3360 android.view.ViewRootImpl.doTraversal:2618 android.view.ViewRootImpl$TraversalRunnable.run:9971 android.view.Choreographer$CallbackRecord.run:1010 android.view.Choreographer.doCallbacks:809 android.view.Choreographer.doFrame:744 android.view.Choreographer$FrameDisplayEventReceiver.run:995
08-24 14:43:45.914 21625 21625 I SurfaceControl: assignNativeObject: nativeObject = 0 Surface(name=null)/@0x3a5f6d6 / android.view.SurfaceControl.readFromParcel:1117 android.view.IWindowSession$Stub$Proxy.relayout:1820 android.view.ViewRootImpl.relayoutWindow:9005 android.view.ViewRootImpl.performTraversals:3360 android.view.ViewRootImpl.doTraversal:2618 android.view.ViewRootImpl$TraversalRunnable.run:9971 android.view.Choreographer$CallbackRecord.run:1010 android.view.Choreographer.doCallbacks:809 android.view.Choreographer.doFrame:744 android.view.Choreographer$FrameDisplayEventReceiver.run:995
08-24 14:43:45.914 21625 21625 I SurfaceControl: nativeRelease nativeObject s[537830790400]
08-24 14:43:45.914 21625 21625 I SurfaceControl: nativeRelease nativeObject e[537830790400]
08-24 14:43:45.914  4226  5357 I SurfaceFlinger: id=88463 Removed Bounds for - com.google.android.youtube/com.google.android.apps.youtube.app.watchwhile.WatchWhileActivity@10#0 (83)
08-24 14:43:45.916  4226  4226 I Layer   : id=88465[1] Destroyed Background for -SurfaceView - com.google.android.youtube/com.google.android.apps.youtube.app.watchwhile.WatchWhileActivity@c9edee9@10#0
08-24 14:43:45.923 21625 21625 I SurfaceControl: nativeRelease nativeObject s[537816935424]
08-24 14:43:45.923 21625 21625 I SurfaceControl: nativeRelease nativeObject e[537816935424]
08-24 14:43:45.923 21625 21625 I SurfaceControl: nativeRelease nativeObject s[537816933408]
08-24 14:43:45.923 21625 21625 I SurfaceControl: nativeRelease nativeObject e[537816933408]
08-24 14:43:45.923 21625 21625 I SurfaceControl: nativeRelease nativeObject s[537816942720]
08-24 14:43:45.923 21625 21625 I SurfaceControl: nativeRelease nativeObject e[537816942720]
08-24 14:43:45.923  4226  5359 I SurfaceFlinger: id=88462 Removed Surface(name=a71bb8f NavigationBar0)/@0x8f38906 - animation-leash#1 (82)
08-24 14:43:45.923  4226  5359 I SurfaceFlinger: id=88461 Removed Surface(name=e455c2d StatusBar)/@0x2f65071 - animation-leash#1 (82)
08-24 14:43:45.923 21625 21625 I ViewRootImpl@b7edacd[WatchWhileActivity]: Relayout returned: old=(0,0,1080,2340) new=(0,0,1080,2340) req=(1080,2340)8 dur=9 res=0x5 s={false 0} ch=true fn=17
08-24 14:43:45.923 21625 21625 I SurfaceView: windowStopped(true) false android.view.SurfaceView{c9edee9 V.E...... ......ID 0,0-1080,607} of ViewRootImpl@b7edacd[WatchWhileActivity]
08-24 14:43:45.924  4585  4594 I system_server: NativeAlloc concurrent copying GC freed 401285(21MB) AllocSpace objects, 169(3516KB) LOS objects, 21% free, 86MB/110MB, paused 667us total 692.577ms
08-24 14:43:45.924  4896  4908 I ndroid.systemu: NativeAlloc concurrent copying GC freed 21562(773KB) AllocSpace objects, 0(0B) LOS objects, 50% free, 19MB/38MB, paused 628us total 265.729ms
08-24 14:43:45.926  4226  4226 D SurfaceFlinger: Display 0 HWC layers:
08-24 14:43:45.926  4226  4226 D SurfaceFlinger:      DEVICE | 0x77ce818240 | 0002 | RGBA_8888    |    0.0    0.0 1080.0 2340.0 |    0    0 1080 2340 | Splash Screen com.example.dogglers#0
08-24 14:43:45.926  4226  4226 D SurfaceFlinger:      DEVICE | 0x77ce816940 | 0000 | RGBA_8888    |    0.0    0.0 1080.0   83.0 |    0    0 1080   83 | StatusBar$_4896#0
08-24 14:43:45.926  4226  4226 D SurfaceFlinger:      DEVICE | 0x77ce8157c0 | 0000 | RGBA_8888    |    0.0    0.0   67.0  342.0 |    0  746   67 1088 | com.samsung.android.app.cocktailbars[...]arservice.CocktailBarService$_9865#0
08-24 14:43:45.926  4226  4226 D SurfaceFlinger:      DEVICE | 0x7851238200 | 0000 | RGBA_8888    |    0.0    0.0  388.0   39.0 |  692 2301 1080 2340 | SGestureOverlayWindow$_5408#0
08-24 14:43:45.926  4226  4226 D SurfaceFlinger:      DEVICE | 0x77ce816a80 | 0000 | RGBA_8888    |    0.0    0.0 1080.0  126.0 |    0 2214 1080 2340 | NavigationBar0$_4896#0
08-24 14:43:45.926  4226  4226 D SurfaceFlinger:      DEVICE | 0x77ce814b40 | 0000 | RGBA_8888    |    0.0    0.0 1080.0  151.0 |    0    0 1080  151 | ScreenDecorOverlay$_4896#0
08-24 14:43:45.926  4226  4226 D SurfaceFlinger:      DEVICE | 0x77ce817d40 | 0000 | RGBA_8888    |    0.0    0.0 1080.0  151.0 |    0 2189 1080 2340 | ScreenDecorOverlayBottom$_4896#0
08-24 14:43:45.926  4226  4226 D SurfaceFlinger:
08-24 14:43:45.927 21625 21625 I SurfaceControl: nativeRelease nativeObject s[537830788288]
08-24 14:43:45.927 21625 21625 I SurfaceControl: nativeRelease nativeObject e[537830788288]
08-24 14:43:45.928  4226  4226 I Layer   : id=88462[1] Destroyed Surface(name=a71bb8f NavigationBar0)/@0x8f38906 - animation-leash#1
08-24 14:43:45.928  4226  4226 I Layer   : id=88461[1] Destroyed Surface(name=e455c2d StatusBar)/@0x2f65071 - animation-leash#1
08-24 14:43:45.928  4896  4910 W System  : A resource failed to call release.
08-24 14:43:45.928  4896  4910 I SurfaceControl: nativeRelease nativeObject s[537629779296]
08-24 14:43:45.932  4896  4910 I SurfaceControl: nativeRelease nativeObject e[537629779296]
08-24 14:43:45.933  4226  5357 I SurfaceFlinger: id=88420 Removed Surface(name=a3a0629 InputMethod)/@0x54f474f - animation-leash#1 (80)
08-24 14:43:45.944  4226  4226 I Layer   : id=88420[1] Destroyed Surface(name=a3a0629 InputMethod)/@0x54f474f - animation-leash#1
08-24 14:43:45.946  4226  5359 I SurfaceFlinger: id=88379 Removed Surface(name=e455c2d StatusBar)/@0x2f65071 - animation-leash#0 (79)
08-24 14:43:45.946  4226  5359 I SurfaceFlinger: id=88380 Removed Surface(name=a71bb8f NavigationBar0)/@0x8f38906 - animation-leash#0 (79)
08-24 14:43:45.947  4585  4596 W System  : A resource failed to call release.
08-24 14:43:45.947  4585  4596 I SurfaceControl: nativeRelease nativeObject s[535581077856]
08-24 14:43:45.947  4585  4596 I SurfaceControl: nativeRelease nativeObject e[535581077856]
08-24 14:43:45.947  4226  5359 I SurfaceFlinger: id=88454 Removed Surface(name=a3a0629 InputMethod)/@0x54f474f - animation-leash#1 (79)
08-24 14:43:45.948  4585  4596 W System  : A resource failed to call release.
08-24 14:43:45.948  4585  4596 I SurfaceControl: nativeRelease nativeObject s[535557017760]
08-24 14:43:45.948  4585  4596 I SurfaceControl: nativeRelease nativeObject e[535557017760]
08-24 14:43:45.953  4585  4596 W System  : A resource failed to call release.
08-24 14:43:45.953  4585  4596 I SurfaceControl: nativeRelease nativeObject s[535579927648]
08-24 14:43:45.953  4585  4596 I SurfaceControl: nativeRelease nativeObject e[535579927648]
08-24 14:43:45.953  4226  5357 I SurfaceFlinger: id=88415 Removed Surface(name=a3a0629 InputMethod)/@0x54f474f - animation-leash#0 (79)
08-24 14:43:45.954  4585  4596 W System  : A resource failed to call release.
08-24 14:43:45.954  4585  4596 I SurfaceControl: nativeRelease nativeObject s[535558905536]
08-24 14:43:45.954  4585  4596 I SurfaceControl: nativeRelease nativeObject e[535558905536]
08-24 14:43:45.954  4226  5357 I SurfaceFlinger: id=88407 Removed Surface(name=a3a0629 InputMethod)/@0x54f474f - animation-leash#0 (79)
08-24 14:43:45.957  4585  4596 W System  : A resource failed to call release.
08-24 14:43:45.957  4585  4596 I SurfaceControl: nativeRelease nativeObject s[535557019584]
08-24 14:43:45.957  4585  4596 I SurfaceControl: nativeRelease nativeObject e[535557019584]
08-24 14:43:45.957  4226  5359 I SurfaceFlinger: id=88389 Removed Surface(name=a3a0629 InputMethod)/@0x54f474f - animation-leash#1 (79)
08-24 14:43:45.959  4585  4596 W System  : A resource failed to call release.
08-24 14:43:45.959  4585  4596 I SurfaceControl: nativeRelease nativeObject s[535558905440]
08-24 14:43:45.959  4585  4596 I SurfaceControl: nativeRelease nativeObject e[535558905440]
08-24 14:43:45.959  4226  4601 I SurfaceFlinger: id=88376 Removed Surface(name=a3a0629 InputMethod)/@0x54f474f - animation-leash#1 (79)
08-24 14:43:45.960  4226  5359 I SurfaceFlinger: id=88475 createSurf (0x0),-1 flag=80004, ActivityRecord{be5b060 u0 com.example.dogglers/.GridListActivity t1570}#0
08-24 14:43:45.961  4226  4226 I Layer   : id=88376[1] Destroyed Surface(name=a3a0629 InputMethod)/@0x54f474f - animation-leash#1
08-24 14:43:45.961  4226  4226 I Layer   : id=88415[1] Destroyed Surface(name=a3a0629 InputMethod)/@0x54f474f - animation-leash#0
08-24 14:43:45.962  4226  4226 I Layer   : id=88389[1] Destroyed Surface(name=a3a0629 InputMethod)/@0x54f474f - animation-leash#1
08-24 14:43:45.962  4226  4226 I Layer   : id=88379[1] Destroyed Surface(name=e455c2d StatusBar)/@0x2f65071 - animation-leash#0
08-24 14:43:45.962  4226  4226 I Layer   : id=88380[1] Destroyed Surface(name=a71bb8f NavigationBar0)/@0x8f38906 - animation-leash#0
08-24 14:43:45.962  4226  4226 I Layer   : id=88454[1] Destroyed Surface(name=a3a0629 InputMethod)/@0x54f474f - animation-leash#1
08-24 14:43:45.962  4226  4226 I Layer   : id=88407[1] Destroyed Surface(name=a3a0629 InputMethod)/@0x54f474f - animation-leash#0
08-24 14:43:45.966  4585  4596 W System  : A resource failed to call release.
08-24 14:43:45.966  4585  4596 I SurfaceControl: nativeRelease nativeObject s[535557018144]
08-24 14:43:45.966  4585  4596 I SurfaceControl: nativeRelease nativeObject e[535557018144]
08-24 14:43:45.967  4585  4596 W System  : A resource failed to call release.
08-24 14:43:45.967  4585  4596 I SurfaceControl: nativeRelease nativeObject s[537628421344]
08-24 14:43:45.967  4585  4596 I SurfaceControl: nativeRelease nativeObject e[537628421344]
08-24 14:43:45.970  4226  4251 I SurfaceFlinger: id=88350 Removed Surface(name=a3a0629 InputMethod)/@0x54f474f - animation-leash#0 (73)
08-24 14:43:45.970  4226  4251 I SurfaceFlinger: id=88342 Removed Surface(name=a3a0629 InputMethod)/@0x54f474f - animation-leash#1 (73)
08-24 14:43:45.971 24159 24159 D LifecycleMonitor: Lifecycle status change: androidx.test.core.app.InstrumentationActivityInvoker$BootstrapActivity@cb53f94 in: RESUMED
08-24 14:43:45.972 24159 24159 V ActivityScenario: Activity lifecycle changed event received but ignored because the intent does not match. startActivityIntent=Intent { act=android.intent.action.MAIN cat=[android.intent.category.LAUNCHER] cmp=com.example.dogglers/.GridListActivity }, activity.getIntent()=Intent { act=android.intent.action.MAIN cat=[android.intent.category.LAUNCHER] flg=0x10008000 cmp=com.example.dogglers/androidx.test.core.app.InstrumentationActivityInvoker$BootstrapActivity (has extras) }, activity=androidx.test.core.app.InstrumentationActivityInvoker$BootstrapActivity@cb53f94
08-24 14:43:45.973  4585  4613 I ViewRootImpl@25eada[dogglers]: MSG_RESIZED_REPORT: frame=(0,0,1080,2340) ci=(0,83,0,39) vi=(0,83,0,39) or=1
08-24 14:43:45.975  4585  4613 I ViewRootImpl@25eada[dogglers]: [DP] dp(1) 1 android.view.ViewRootImpl.reportNextDraw:10957 android.view.ViewRootImpl.access$1200:256 android.view.ViewRootImpl$ViewRootHandler.handleMessage:6101
08-24 14:43:45.975 24159 24159 D LifecycleMonitor: Lifecycle status change: androidx.test.core.app.InstrumentationActivityInvoker$BootstrapActivity@cb53f94 in: PAUSED
08-24 14:43:45.976 24159 24159 V ActivityScenario: Activity lifecycle changed event received but ignored because the intent does not match. startActivityIntent=Intent { act=android.intent.action.MAIN cat=[android.intent.category.LAUNCHER] cmp=com.example.dogglers/.GridListActivity }, activity.getIntent()=Intent { act=android.intent.action.MAIN cat=[android.intent.category.LAUNCHER] flg=0x10008000 cmp=com.example.dogglers/androidx.test.core.app.InstrumentationActivityInvoker$BootstrapActivity (has extras) }, activity=androidx.test.core.app.InstrumentationActivityInvoker$BootstrapActivity@cb53f94
08-24 14:43:45.977  4226  4226 I Layer   : id=88342[1] Destroyed Surface(name=a3a0629 InputMethod)/@0x54f474f - animation-leash#1
08-24 14:43:45.977  4226  4226 I Layer   : id=88350[1] Destroyed Surface(name=a3a0629 InputMethod)/@0x54f474f - animation-leash#0
08-24 14:43:45.978  4585  8021 V WindowOrientationListener: getProposedRotation: -1
08-24 14:43:45.982  4585  8021 D InputDispatcher: Focused application set to (0): be5b060
08-24 14:43:45.989  4226  5359 I SurfaceFlinger: id=88476 createSurf (0x0),-1 flag=24000, Surface(name=ActivityRecord{7512c93 u0 com.example.dogglers/androidx.test.core.app.InstrumentationActivityInvoker$BootstrapActivity t1570})/@0x5f849ea - animation-leash#0
08-24 14:43:45.990  4226  5359 I SurfaceFlinger: id=88477 createSurf (0x0),-1 flag=20004, Dim Layer for - Task=1570 - animating-dim#0
08-24 14:43:45.990  4226  5359 I SurfaceFlinger: id=88478 createSurf (0x0),-1 flag=24000, Surface(name=Dim Layer for - Task=1570 - animating-dim)/@0xd1a4251 - animation-leash#0
08-24 14:43:45.991  4226  5359 I SurfaceFlinger: id=88479 createSurf (0x0),-1 flag=80004, Surface(name=ActivityRecord{7512c93 u0 com.example.dogglers/androidx.test.core.app.InstrumentationActivityInvoker$BootstrapActivity t1570})/@0x5f849ea - animation-bounds#0
08-24 14:43:45.991  4585  8021 I SurfaceControl: nativeRelease nativeObject s[535558903904]
08-24 14:43:45.991  4585  8021 I SurfaceControl: nativeRelease nativeObject e[535558903904]
08-24 14:43:45.993  4226  5359 I Layer   : id=88477 removeFromCurrentState Dim Layer for - Task=1570 - animating-dim#0 (75)
08-24 14:43:45.994  4226  5359 I SurfaceFlinger: id=88477 Removed Dim Layer for - Task=1570 - animating-dim#0 (75)
08-24 14:43:46.002  4585  4613 V WindowManager: Relayout Window{c4f9b0b u0 Splash Screen com.example.dogglers}: viewVisibility=0 req=1080x2340
08-24 14:43:46.004  4585  4613 I SurfaceControl: nativeRelease nativeObject s[535565834048]
08-24 14:43:46.004  4585  4613 I SurfaceControl: nativeRelease nativeObject e[535565834048]
08-24 14:43:46.005  4585  4613 V WindowManager: Relayout hash=c4f9b0b, pid=4585: mAttrs={(0,0)(fillxfill) sim={adjust=pan} layoutInDisplayCutoutMode=shortEdges ty=APPLICATION_STARTING wanim=0x1030001
08-24 14:43:46.005  4585  4613 V WindowManager:   fl=1830118
08-24 14:43:46.005  4585  4613 V WindowManager:   pfl=12020011
08-24 14:43:46.005  4585  4613 V WindowManager:   apr=LIGHT_NAVIGATION_BARS
08-24 14:43:46.005  4585  4613 V WindowManager:   fitSides= naviIconColor=0
08-24 14:43:46.005  4585  4613 V WindowManager:   sfl=100000}
08-24 14:43:46.005  4585  4613 I SurfaceControl: nativeRelease nativeObject s[535557021216]
08-24 14:43:46.006  4585  4613 I SurfaceControl: nativeRelease nativeObject e[535557021216]
08-24 14:43:46.006  4585  4613 I SurfaceControl: nativeRelease nativeObject s[535558904288]
08-24 14:43:46.006  4585  4613 I SurfaceControl: nativeRelease nativeObject e[535558904288]
08-24 14:43:46.006  4585  4613 I ViewRootImpl@25eada[dogglers]: Relayout returned: old=(0,0,1080,2340) new=(0,0,1080,2340) req=(1080,2340)0 dur=3 res=0x1 s={true 535581126656} ch=false fn=2
08-24 14:43:46.006  4159 16850 D gralloc : [mali_gralloc_allocate] begin
08-24 14:43:46.006  4159 16850 D gralloc : buffer_descriptor: wh(1080 2340) usage_pc(0x966 0x906) hal_format(0x1) layer_count(1) sizes(0 0 0) strde(0) byte_stride(0) alloc_wh(0 0) internal_format(0x0) alloc_format(0x0) fd_count(1) plane_count(0)
08-24 14:43:46.010  4159 16850 D gralloc : [mali_gralloc_allocate] allocation successful
08-24 14:43:46.011  4226  4226 I Layer   : id=88477[1] Destroyed Dim Layer for - Task=1570 - animating-dim#0
08-24 14:43:46.015  4585  4610 D SehCodecSolutionService: Update top [com.example.dogglers]
08-24 14:43:46.017  4585  4820 D PkgPredictorService: com.example.dogglers go to foreground!
08-24 14:43:46.017  4585  4820 E PkgPredictorService-Collector: record changed bt=0  wifi=0 screen=0
08-24 14:43:46.017  4585  4820 D PkgPredictorService: previous pkgs: com.example.dogglers,com.google.android.youtube,com.example.dogglers running pkg: com.example.dogglers, uid: 0 is system: false
08-24 14:43:46.018  4585  4820 D PkgPredictorService-Collector: save record...
08-24 14:43:46.018  4585  4820 D PkgPredictorService-Collector:  (hour:14 day:4 previous:[com.example.dogglers, com.google.android.youtube, com.example.dogglers] activityName:unknown running:com.example.dogglers userId:0 screenOrientation:0 wifi:0 bt:0 predictTime:1 apkVersion:1.0 consumeTime:-1 preloaded:false>)
08-24 14:43:46.018  4585  4820 D PkgPredictorService-NapPreloadController: User using: com.example.dogglers
08-24 14:43:46.018  4585  4820 I PkgPredictorService-NapClassifier: RF predict version:1661289077471
08-24 14:43:46.019  4585  4820 D PkgPredictorService-NapClassifier: Predict result: 144.0,146.0,166.0, - [0_&_org.telegram.plus, 0_&_com.google.android.youtube, 0_&_com.samsung.android.app.contacts]
08-24 14:43:46.023 24159 24159 D LifecycleMonitor: Lifecycle status change: com.example.dogglers.GridListActivity@7789cdf in: PRE_ON_CREATE
08-24 14:43:46.023 24159 24159 V ActivityScenario: Activity lifecycle changed event received but ignored because the reported transition was not ON_CREATE while the last known transition was PRE_ON_CREATE
08-24 14:43:46.026  4585  4613 I ViewRootImpl@25eada[dogglers]: [DP] pdf(0) 1 android.view.ViewRootImpl.performDraw:4809 android.view.ViewRootImpl.performTraversals:3866 android.view.ViewRootImpl.doTraversal:2618
08-24 14:43:46.026  4585  4613 I ViewRootImpl@25eada[dogglers]: [DP] rdf()
08-24 14:43:46.026 15874 15932 I Rubin   : [164608] LoggingEventHelper.notifyUpdatedWithValue(LoggingEventHelper.java:58) : Notify AppUsageLogger's database is updated.
08-24 14:43:46.039  4217 27777 V APM_AudioPolicyManager: setAppState(portId:11856, state:1)
08-24 14:43:46.040  4217 27777 V APM_AudioPolicyManager: setAppState(portId:11883, state:2)
08-24 14:43:46.041  9865  9865 I TrayStateController: systemUiVisibilityChanged : 0 0
08-24 14:43:46.042  4896  4896 D NavigationBar: onSystemBarAppearanceChanged() -  displayId:0, appearance:16 (APPEARANCE_LIGHT_NAVIGATION_BARS ), navbarColorManagedByIme:false
08-24 14:43:46.042 24159 24159 I DecorView: [INFO] isPopOver=false, config=true
08-24 14:43:46.043 24159 24159 I DecorView: updateCaptionType >> DecorView@471b5c4[], isFloating=false, isApplication=true, hasWindowDecorCaption=false, hasWindowControllerCallback=true
08-24 14:43:46.043 24159 24159 D DecorView: setCaptionType = 0, this = DecorView@471b5c4[]
08-24 14:43:46.043  4896  4896 D SecStatusBarMobileView: setStaticDrawableColor:
08-24 14:43:46.043  4896  4896 D SecStatusBarMobileView: setStaticDrawableColor:
08-24 14:43:46.048  4896  4896 D SecLightBarControlHelper: updateStatus(WHITE icon) NumLightStacks:0, NumStacks:1, IndexLightStack:-1, StatusBarMode:0, StatusBarState:SHD, NeedDarkFontFromWallpaper:false, isWhiteKeyguardStatusBarBySettings:false
08-24 14:43:46.051  4896  4896 D SecStatusBarMobileView: setStaticDrawableColor:
08-24 14:43:46.051  4896  4896 D SecStatusBarMobileView: setStaticDrawableColor:
08-24 14:43:46.068  4585  7112 V WindowManager: Relayout Window{d095a7c u0 NotificationShade}: viewVisibility=4 req=1080x2340
08-24 14:43:46.074  4585  7112 V WindowManager: Relayout hash=d095a7c, pid=4896: mAttrs={(0,0)(fillxfill) gr=TOP CENTER_VERTICAL sim={adjust=resize} layoutInDisplayCutoutMode=always ty=2040 fmt=TRANSLUCENT
08-24 14:43:46.074  4585  7112 V WindowManager:   fl=81840048
08-24 14:43:46.074  4585  7112 V WindowManager:   pfl=1b000000
08-24 14:43:46.074  4585  7112 V WindowManager:   bhv=SHOW_TRANSIENT_BARS_BY_SWIPE naviIconColor=0
08-24 14:43:46.074  4585  7112 V WindowManager:   sfl=40000}
08-24 14:43:46.075  4896  4896 I SurfaceControl: assignNativeObject: nativeObject = 0 Surface(name=null)/@0x79cdca4 / android.view.SurfaceControl.readFromParcel:1117 android.view.IWindowSession$Stub$Proxy.relayout:1810 android.view.ViewRootImpl.relayoutWindow:9005 android.view.ViewRootImpl.performTraversals:3360 android.view.ViewRootImpl.doTraversal:2618 android.view.ViewRootImpl$TraversalRunnable.run:9971 android.view.Choreographer$CallbackRecord.run:1010 android.view.Choreographer.doCallbacks:809 android.view.Choreographer.doFrame:744 android.view.Choreographer$FrameDisplayEventReceiver.run:995
08-24 14:43:46.075  4896  4896 I SurfaceControl: assignNativeObject: nativeObject = 0 Surface(name=null)/@0xd3c9bb / android.view.SurfaceControl.readFromParcel:1117 android.view.IWindowSession$Stub$Proxy.relayout:1820 android.view.ViewRootImpl.relayoutWindow:9005 android.view.ViewRootImpl.performTraversals:3360 android.view.ViewRootImpl.doTraversal:2618 android.view.ViewRootImpl$TraversalRunnable.run:9971 android.view.Choreographer$CallbackRecord.run:1010 android.view.Choreographer.doCallbacks:809 android.view.Choreographer.doFrame:744 android.view.Choreographer$FrameDisplayEventReceiver.run:995
08-24 14:43:46.076  4896  4896 I ViewRootImpl@b9c0f52[NotificationShade]: Relayout returned: old=(0,0,1080,2340) new=(0,0,1080,2340) req=(1080,2340)4 dur=11 res=0x1 s={false 0} ch=false fn=-1
08-24 14:43:46.076 24159 24159 D LifecycleMonitor: Lifecycle status change: com.example.dogglers.GridListActivity@7789cdf in: CREATED
08-24 14:43:46.077 24159 24159 V ActivityScenario: Update currentActivityStage to CREATED, currentActivity=com.example.dogglers.GridListActivity@7789cdf
08-24 14:43:46.080 24159 24159 D LifecycleMonitor: Lifecycle status change: com.example.dogglers.GridListActivity@7789cdf in: STARTED
08-24 14:43:46.081 24159 24159 V ActivityScenario: Update currentActivityStage to STARTED, currentActivity=com.example.dogglers.GridListActivity@7789cdf
08-24 14:43:46.082  4896  4896 D KeyguardBottomAreaShortcutView: updateCameraVisibility isCameraDisabled:false visible:true
08-24 14:43:46.083  4896  4896 D KeyguardBottomAreaShortcutView: mIndicationArea margin start : 158, end : 158, bottom : 145
08-24 14:43:46.083 24159 24159 D LifecycleMonitor: Lifecycle status change: com.example.dogglers.GridListActivity@7789cdf in: RESUMED
08-24 14:43:46.083 24159 24159 V ActivityScenario: Update currentActivityStage to RESUMED, currentActivity=com.example.dogglers.GridListActivity@7789cdf
08-24 14:43:46.087  4585  7112 D InputTransport: Input channel constructed: 'c302026', fd=657
08-24 14:43:46.087  4585  7112 D InputTransport: Input channel constructed: 'c302026', fd=658
08-24 14:43:46.088  4226  5357 I SurfaceFlinger: id=88480 createSurf (0x0),-1 flag=80004, c302026 com.example.dogglers/com.example.dogglers.GridListActivity#0
08-24 14:43:46.088  4585  7112 D WindowManager: isScreenshotDisabledLocked - win: Window{c302026 u0 com.example.dogglers/com.example.dogglers.GridListActivity}
08-24 14:43:46.088  4585  7112 D WindowManager: isScreenshotDisabledLocked: userId = 0, disabled =false
08-24 14:43:46.089  4585  7112 D InputTransport: Input channel destroyed: 'c302026', fd=658
08-24 14:43:46.089 24159 24159 D InputTransport: Input channel constructed: 'c302026', fd=80
08-24 14:43:46.090  4896  4896 D SecStatusBarMobileView: setStaticDrawableColor:
08-24 14:43:46.090  4896  4896 D SecStatusBarMobileView: setStaticDrawableColor:
08-24 14:43:46.091 24159 24159 I ViewRootImpl@7204763[GridListActivity]: setView = com.android.internal.policy.DecorView@471b5c4 TM=true
08-24 14:43:46.104  4585  7112 V WindowManager: Relayout Window{c302026 u0 com.example.dogglers/com.example.dogglers.GridListActivity}: viewVisibility=0 req=1080x2340
08-24 14:43:46.106  4585  7112 D WindowManager: isScreenshotDisabledLocked - win: Window{c302026 u0 com.example.dogglers/com.example.dogglers.GridListActivity}
08-24 14:43:46.106  4585  7112 D WindowManager: isScreenshotDisabledLocked: userId = 0, disabled =false
08-24 14:43:46.106  4226  5357 I SurfaceFlinger: id=88481 createSurf (1080x2340),1 flag=404, com.example.dogglers/com.example.dogglers.GridListActivity$_24159#0
08-24 14:43:46.106  4175 24613 I HYPER-HAL: [ResourceManager.cpp]removeResource(): [CPUMinFreq] RemoveResource Request ID : 10596124
08-24 14:43:46.107  4175 24613 I HYPER-HAL: [RequestManager.cpp]releaseLocked(): Released ID : 10596124
08-24 14:43:46.108  4585  7112 I SurfaceControl: nativeRelease nativeObject s[535581379360]
08-24 14:43:46.108  4585  7112 I SurfaceControl: nativeRelease nativeObject e[535581379360]
08-24 14:43:46.109  4226  5357 I SurfaceFlinger: id=88482 createSurf (0x0),-1 flag=24000, Surface(name=e455c2d StatusBar)/@0x2f65071 - animation-leash#1
08-24 14:43:46.109  4585  7112 I SurfaceControl: nativeRelease nativeObject s[535581068352]
08-24 14:43:46.109  4585  7112 I SurfaceControl: nativeRelease nativeObject e[535581068352]
08-24 14:43:46.110  4226  5357 I SurfaceFlinger: id=88483 createSurf (0x0),-1 flag=24000, Surface(name=a71bb8f NavigationBar0)/@0x8f38906 - animation-leash#1
08-24 14:43:46.112  4585  7112 V WindowManager: Relayout hash=c302026, pid=24159: mAttrs={(0,0)(fillxfill) sim={adjust=resize forwardNavigation} ty=BASE_APPLICATION wanim=0x1030304
08-24 14:43:46.112  4585  7112 V WindowManager:   fl=81810100
08-24 14:43:46.112  4585  7112 V WindowManager:   pfl=12020000
08-24 14:43:46.112  4585  7112 V WindowManager:   apr=LIGHT_NAVIGATION_BARS
08-24 14:43:46.112  4585  7112 V WindowManager:   fitSides= naviIconColor=0
08-24 14:43:46.112  4585  7112 V WindowManager:   sfl=100000}
08-24 14:43:46.112  9865  9865 I TrayStateController: systemUiVisibilityChanged : 0 0
08-24 14:43:46.112  4585  7112 I SurfaceControl: nativeRelease nativeObject s[535567039680]
08-24 14:43:46.112  4585  7112 I SurfaceControl: nativeRelease nativeObject e[535567039680]
08-24 14:43:46.114 24159 24159 I SurfaceControl: assignNativeObject: nativeObject = 0 Surface(name=null)/@0x810bf60 / android.view.SurfaceControl.readFromParcel:1117 android.view.IWindowSession$Stub$Proxy.relayout:1820 android.view.ViewRootImpl.relayoutWindow:9005 android.view.ViewRootImpl.performTraversals:3360 android.view.ViewRootImpl.doTraversal:2618 android.view.ViewRootImpl$TraversalRunnable.run:9971 android.view.Choreographer$CallbackRecord.run:1010 android.view.Choreographer.doCallbacks:809 android.view.Choreographer.doFrame:744 android.view.Choreographer$FrameDisplayEventReceiver.run:995
08-24 14:43:46.115  4896  4896 D SecStatusBarMobileView: setStaticDrawableColor:
08-24 14:43:46.116  4896  4896 D SecStatusBarMobileView: setStaticDrawableColor:
08-24 14:43:46.116  4226  4251 I Layer   : id=88473 removeFromCurrentState Surface(name=e455c2d StatusBar)/@0x2f65071 - animation-leash#0 (78)
08-24 14:43:46.117  4226  4251 I Layer   : id=88474 removeFromCurrentState Surface(name=a71bb8f NavigationBar0)/@0x8f38906 - animation-leash#0 (78)
08-24 14:43:46.118  4585  4613 I SurfaceControl: nativeRelease nativeObject s[537628414624]
08-24 14:43:46.118  4585  4613 I SurfaceControl: nativeRelease nativeObject e[537628414624]
08-24 14:43:46.118  4585  4613 I SurfaceControl: nativeRelease nativeObject s[535565834048]
08-24 14:43:46.118  4585  4613 I SurfaceControl: nativeRelease nativeObject e[535565834048]
08-24 14:43:46.118  4226  5357 I SurfaceFlinger: id=88474 Removed Surface(name=a71bb8f NavigationBar0)/@0x8f38906 - animation-leash#0 (78)
08-24 14:43:46.118  4226  5357 I SurfaceFlinger: id=88473 Removed Surface(name=e455c2d StatusBar)/@0x2f65071 - animation-leash#0 (78)
08-24 14:43:46.120 24159 24159 I ViewRootImpl@7204763[GridListActivity]: Relayout returned: old=(0,0,1080,2340) new=(0,0,1080,2340) req=(1080,2340)0 dur=11 res=0x7 s={true 535692890112} ch=true fn=-1
08-24 14:43:46.123  4159 16850 D gralloc : [mali_gralloc_allocate] begin
08-24 14:43:46.123  4159 16850 D gralloc : buffer_descriptor: wh(1080 2340) usage_pc(0x40000000000b00 0x40000000000b00) hal_format(0x1) layer_count(1) sizes(0 0 0) strde(0) byte_stride(0) alloc_wh(0 0) internal_format(0x0) alloc_format(0x0) fd_count(1) plane_count(0)
08-24 14:43:46.124  4159 16850 D gralloc : [mali_gralloc_allocate] allocation successful
08-24 14:43:46.125  4159 16850 D gralloc : [mali_gralloc_allocate] begin
08-24 14:43:46.125  4159 16850 D gralloc : buffer_descriptor: wh(1080 2340) usage_pc(0x40000000000b00 0x40000000000b00) hal_format(0x1) layer_count(1) sizes(0 0 0) strde(0) byte_stride(0) alloc_wh(0 0) internal_format(0x0) alloc_format(0x0) fd_count(1) plane_count(0)
08-24 14:43:46.127  4159 16850 D gralloc : [mali_gralloc_allocate] allocation successful
08-24 14:43:46.128  4226  4226 I Layer   : id=88473[1] Destroyed Surface(name=e455c2d StatusBar)/@0x2f65071 - animation-leash#0
08-24 14:43:46.128  4226  4226 I Layer   : id=88474[1] Destroyed Surface(name=a71bb8f NavigationBar0)/@0x8f38906 - animation-leash#0
08-24 14:43:46.128  4159 16850 D gralloc : [mali_gralloc_allocate] begin
08-24 14:43:46.128  4159 16850 D gralloc : buffer_descriptor: wh(1080 2340) usage_pc(0x40000000000b00 0x40000000000b00) hal_format(0x1) layer_count(1) sizes(0 0 0) strde(0) byte_stride(0) alloc_wh(0 0) internal_format(0x0) alloc_format(0x0) fd_count(1) plane_count(0)
08-24 14:43:46.130  4159 16850 D gralloc : [mali_gralloc_allocate] allocation successful
08-24 14:43:46.143  4217 27777 V APM_AudioPolicyManager: setAppState(portId:11856, state:1)
08-24 14:43:46.143  4217 27777 V APM_AudioPolicyManager: setAppState(portId:11883, state:2)
08-24 14:43:46.143  4217 27777 V APM_AudioPolicyManager: setAppState(portId:11856, state:1)
08-24 14:43:46.143  4217 27777 V APM_AudioPolicyManager: setAppState(portId:11883, state:2)
08-24 14:43:46.157  4896  4896 D SecStatusBarMobileView: setStaticDrawableColor:
08-24 14:43:46.157  4896  4896 D SecStatusBarMobileView: setStaticDrawableColor:
08-24 14:43:46.162 21625 21625 I ViewRootImpl@b7edacd[WatchWhileActivity]: stopped(true) old=false
08-24 14:43:46.168  4896  4896 D SecStatusBarMobileView: setStaticDrawableColor:
08-24 14:43:46.168  4896  4896 D SecStatusBarMobileView: setStaticDrawableColor:
08-24 14:43:46.191  4896  4896 D SecStatusBarMobileView: setStaticDrawableColor:
08-24 14:43:46.191  4896  4896 D SecStatusBarMobileView: setStaticDrawableColor:
08-24 14:43:46.206 24159 24159 I ViewRootImpl@7204763[GridListActivity]: [DP] dp(1) 1 android.view.ViewRootImpl.reportNextDraw:10957 android.view.ViewRootImpl.performTraversals:3845 android.view.ViewRootImpl.doTraversal:2618
08-24 14:43:46.206 24159 24159 I ViewRootImpl@7204763[GridListActivity]: [DP] pd() Asnyc report
08-24 14:43:46.232 24159 24159 I ViewRootImpl@7204763[GridListActivity]: [DP] pdf(0) 1 android.view.ViewRootImpl.lambda$performDraw$1$ViewRootImpl:4668 android.view.-$$Lambda$ViewRootImpl$DJd0VUYJgsebcnSohO6h8zc_ONI.run:6 android.os.Handler.handleCallback:938
08-24 14:43:46.232 24159 24159 I ViewRootImpl@7204763[GridListActivity]: [DP] rdf()
08-24 14:43:46.238 21625 21625 W YTPL.mediasession: MediaSession setActive(false)
08-24 14:43:46.240  4585  4617 D ArtManagerInternalImpl: /data/misc/iorapd/com.example.dogglers/1/com.example.dogglers.GridListActivity/compiled_traces/compiled_trace.pb doesn't exist
08-24 14:43:46.240  4896  4896 D FaceWidgetMediaSessionManager: onPlaybackStateChanged() state = PlaybackState {state=1, position=0, buffered position=0, speed=1.0, updated=1322766809, actions=8192, custom actions=[], active item id=-1, error=null}
08-24 14:43:46.241  4896  4896 I PluginFaceWidgetMediaDataFactory: getBitmapFromMetadata null
08-24 14:43:46.241  4896  4896 D PluginFaceWidgetMediaDataFactory: Elapsed Time : 1
