08-24 14:43:34.829 24159 24159 V ActivityScenario: Activity lifecycle changed event received but ignored because the intent does not match. startActivityIntent=Intent { act=android.intent.action.MAIN cat=[android.intent.category.LAUNCHER] cmp=com.example.dogglers/.MainActivity }, activity.getIntent()=Intent { act=android.intent.action.MAIN cat=[android.intent.category.LAUNCHER] flg=0x10000000 cmp=com.example.dogglers/androidx.test.core.app.InstrumentationActivityInvoker$EmptyActivity }, activity=androidx.test.core.app.InstrumentationActivityInvoker$EmptyActivity@7bff2a8
08-24 14:43:34.833  4585  8021 D InputTransport: Input channel constructed: 'ebf1e22', fd=678
08-24 14:43:34.833  4585  8021 D InputTransport: Input channel constructed: 'ebf1e22', fd=679
08-24 14:43:34.834  4226  5357 I SurfaceFlinger: id=88155 createSurf (0x0),-1 flag=80004, ebf1e22 com.example.dogglers/androidx.test.core.app.InstrumentationActivityInvoker$EmptyActivity#0
08-24 14:43:34.834  4585  4609 V LocationManagerService: location appop changed for com.google.android.youtube
08-24 14:43:34.835  4585  8021 D WindowManager: isScreenshotDisabledLocked - win: Window{ebf1e22 u0 com.example.dogglers/androidx.test.core.app.InstrumentationActivityInvoker$EmptyActivity}
08-24 14:43:34.835  4585  8021 D WindowManager: isScreenshotDisabledLocked: userId = 0, disabled =false
08-24 14:43:34.835  4585  8021 D InputTransport: Input channel destroyed: 'ebf1e22', fd=679
08-24 14:43:34.836 24159 24159 D InputTransport: Input channel constructed: 'ebf1e22', fd=100
08-24 14:43:34.838 24159 24159 I ViewRootImpl@64ea8fd[InstrumentationActivityInvoker$EmptyActivity]: setView = com.android.internal.policy.DecorView@7dfad66 TM=true
08-24 14:43:34.839  4585  4613 I SurfaceControl: nativeRelease nativeObject s[535556321600]
08-24 14:43:34.839  4585  4613 I SurfaceControl: nativeRelease nativeObject e[535556321600]
08-24 14:43:34.839  5747  5857 I RequestManager_FLP: onOpChanged, op=0 / packageName=com.google.android.youtube
08-24 14:43:34.846  4585  8021 V WindowManager: Relayout Window{ebf1e22 u0 com.example.dogglers/androidx.test.core.app.InstrumentationActivityInvoker$EmptyActivity}: viewVisibility=0 req=1080x2340
08-24 14:43:34.847  4226  5357 I Layer   : id=88149 removeFromCurrentState Surface(name=Dim Layer for - Task=1562 - animating-dim)/@0x4c72010 - animation-leash#0 (80)
08-24 14:43:34.847  4585  8021 D WindowManager: isScreenshotDisabledLocked - win: Window{ebf1e22 u0 com.example.dogglers/androidx.test.core.app.InstrumentationActivityInvoker$EmptyActivity}
08-24 14:43:34.848  4585  8021 D WindowManager: isScreenshotDisabledLocked: userId = 0, disabled =false
08-24 14:43:34.848  4226  5357 I SurfaceFlinger: id=88149 Removed Surface(name=Dim Layer for - Task=1562 - animating-dim)/@0x4c72010 - animation-leash#0 (80)
08-24 14:43:34.848  4226  4601 I SurfaceFlinger: id=88156 createSurf (1080x2340),1 flag=404, com.example.dogglers/androidx.test.core.app.InstrumentationActivityInvoker$EmptyActivity$_24159#0
08-24 14:43:34.850  4585  8021 I SurfaceControl: nativeRelease nativeObject s[535556339264]
08-24 14:43:34.850  4585  8021 I SurfaceControl: nativeRelease nativeObject e[535556339264]
08-24 14:43:34.850  9865  9865 I TrayStateController: systemUiVisibilityChanged : 0 0
08-24 14:43:34.850  4226  4601 I SurfaceFlinger: id=88157 createSurf (0x0),-1 flag=24000, Surface(name=e455c2d StatusBar)/@0x2f65071 - animation-leash#1
08-24 14:43:34.851  4585  8021 I SurfaceControl: nativeRelease nativeObject s[535556339360]
08-24 14:43:34.851  4585  8021 I SurfaceControl: nativeRelease nativeObject e[535556339360]
08-24 14:43:34.851  4226  4601 I SurfaceFlinger: id=88158 createSurf (0x0),-1 flag=24000, Surface(name=a71bb8f NavigationBar0)/@0x8f38906 - animation-leash#1
08-24 14:43:34.853  4585  8021 V WindowManager: Relayout hash=ebf1e22, pid=24159: mAttrs={(0,0)(fillxfill) sim={adjust=pan forwardNavigation} ty=BASE_APPLICATION wanim=0x1030001
08-24 14:43:34.853  4585  8021 V WindowManager:   fl=1810100
08-24 14:43:34.853  4585  8021 V WindowManager:   pfl=12020000
08-24 14:43:34.853  4585  8021 V WindowManager:   apr=LIGHT_NAVIGATION_BARS
08-24 14:43:34.853  4585  8021 V WindowManager:   fitSides= naviIconColor=0
08-24 14:43:34.853  4585  8021 V WindowManager:   sfl=100000}
08-24 14:43:34.853  4585  8021 I SurfaceControl: nativeRelease nativeObject s[535556321600]
08-24 14:43:34.853  4585  8021 I SurfaceControl: nativeRelease nativeObject e[535556321600]
08-24 14:43:34.854  4226  4226 I Layer   : id=88149[1] Destroyed Surface(name=Dim Layer for - Task=1562 - animating-dim)/@0x4c72010 - animation-leash#0
08-24 14:43:34.855 24159 24159 I SurfaceControl: assignNativeObject: nativeObject = 0 Surface(name=null)/@0x7a939f2 / android.view.SurfaceControl.readFromParcel:1117 android.view.IWindowSession$Stub$Proxy.relayout:1820 android.view.ViewRootImpl.relayoutWindow:9005 android.view.ViewRootImpl.performTraversals:3360 android.view.ViewRootImpl.doTraversal:2618 android.view.ViewRootImpl$TraversalRunnable.run:9971 android.view.Choreographer$CallbackRecord.run:1010 android.view.Choreographer.doCallbacks:809 android.view.Choreographer.doFrame:744 android.view.Choreographer$FrameDisplayEventReceiver.run:995
08-24 14:43:34.857 24159 24159 I ViewRootImpl@64ea8fd[InstrumentationActivityInvoker$EmptyActivity]: Relayout returned: old=(0,0,1080,2340) new=(0,0,1080,2340) req=(1080,2340)0 dur=11 res=0x7 s={true 536236187648} ch=true fn=-1
08-24 14:43:34.860  4159 17194 D gralloc : [mali_gralloc_allocate] begin
08-24 14:43:34.860  4159 17194 D gralloc : buffer_descriptor: wh(1080 2340) usage_pc(0x40000000000b00 0x40000000000b00) hal_format(0x1) layer_count(1) sizes(0 0 0) strde(0) byte_stride(0) alloc_wh(0 0) internal_format(0x0) alloc_format(0x0) fd_count(1) plane_count(0)
08-24 14:43:34.860  4226  5357 I Layer   : id=88145 removeFromCurrentState Surface(name=e455c2d StatusBar)/@0x2f65071 - animation-leash#0 (82)
08-24 14:43:34.860  4226  5357 I Layer   : id=88146 removeFromCurrentState Surface(name=a71bb8f NavigationBar0)/@0x8f38906 - animation-leash#0 (82)
08-24 14:43:34.862 24159 24159 I ViewRootImpl@64ea8fd[InstrumentationActivityInvoker$EmptyActivity]: [DP] dp(1) 1 android.view.ViewRootImpl.reportNextDraw:10957 android.view.ViewRootImpl.performTraversals:3845 android.view.ViewRootImpl.doTraversal:2618
08-24 14:43:34.861  4159 17194 D gralloc : [mali_gralloc_allocate] allocation successful
08-24 14:43:34.862 24159 24159 I ViewRootImpl@64ea8fd[InstrumentationActivityInvoker$EmptyActivity]: [DP] pd() Asnyc report
08-24 14:43:34.862  4159 17194 D gralloc : [mali_gralloc_allocate] begin
08-24 14:43:34.862  4159 17194 D gralloc : buffer_descriptor: wh(1080 2340) usage_pc(0x40000000000b00 0x40000000000b00) hal_format(0x1) layer_count(1) sizes(0 0 0) strde(0) byte_stride(0) alloc_wh(0 0) internal_format(0x0) alloc_format(0x0) fd_count(1) plane_count(0)
08-24 14:43:34.864  4159 17194 D gralloc : [mali_gralloc_allocate] allocation successful
08-24 14:43:34.865  4159 17194 D gralloc : [mali_gralloc_allocate] begin
08-24 14:43:34.865  4159 17194 D gralloc : buffer_descriptor: wh(1080 2340) usage_pc(0x40000000000b00 0x40000000000b00) hal_format(0x1) layer_count(1) sizes(0 0 0) strde(0) byte_stride(0) alloc_wh(0 0) internal_format(0x0) alloc_format(0x0) fd_count(1) plane_count(0)
08-24 14:43:34.867  4159 17194 D gralloc : [mali_gralloc_allocate] allocation successful
08-24 14:43:34.868 24159 24159 I ViewRootImpl@64ea8fd[InstrumentationActivityInvoker$EmptyActivity]: [DP] pdf(0) 1 android.view.ViewRootImpl.lambda$performDraw$1$ViewRootImpl:4668 android.view.-$$Lambda$ViewRootImpl$DJd0VUYJgsebcnSohO6h8zc_ONI.run:6 android.os.Handler.handleCallback:938
08-24 14:43:34.868 24159 24159 I ViewRootImpl@64ea8fd[InstrumentationActivityInvoker$EmptyActivity]: [DP] rdf()
08-24 14:43:34.869 24159 24159 I ViewRootImpl@20ef3a0[GridListActivity]: MSG_WINDOW_FOCUS_CHANGED 0 1
08-24 14:43:34.873  4585  4613 D PkgPredictorService: pkg:com.example.dogglers activity:androidx.test.core.app.InstrumentationActivityInvoker$EmptyActivity thisTime:113
08-24 14:43:34.874  4585  4617 I ActivityTaskManager: Displayed com.example.dogglers/androidx.test.core.app.InstrumentationActivityInvoker$EmptyActivity: +113ms
08-24 14:43:34.877  4585  4613 I SemDvfsHyPerManager: acquire hyper - AMS_RESUME_TAIL/4585@18, type = -999
08-24 14:43:34.877  4585  4613 I SemDvfsHyPerManager: acquire hyper - AMS_ACT_LAZY/4585@19, type = -999
08-24 14:43:34.878 24159 24159 I SurfaceControl: nativeRelease nativeObject s[536151028928]
08-24 14:43:34.878 24159 24159 I SurfaceControl: nativeRelease nativeObject e[536151028928]
08-24 14:43:34.878  4175  4211 I HYPER-HAL: [RequestManager.cpp]acquire(): Acquired ID : 10596124  [4585 / 18]    HINT : AMS_RESUME_TAIL    list :
08-24 14:43:34.878 24159 24159 I SurfaceControl: nativeRelease nativeObject s[536151022688]
08-24 14:43:34.878 24159 24159 I SurfaceControl: nativeRelease nativeObject e[536151022688]
08-24 14:43:34.878 24159 24159 I SurfaceControl: nativeRelease nativeObject s[536151022592]
08-24 14:43:34.878 24159 24159 I SurfaceControl: nativeRelease nativeObject e[536151022592]
08-24 14:43:34.878  4226  4251 I SurfaceFlinger: id=88146 Removed Surface(name=a71bb8f NavigationBar0)/@0x8f38906 - animation-leash#0 (82)
08-24 14:43:34.878  4226  5359 I SurfaceFlinger: id=88145 Removed Surface(name=e455c2d StatusBar)/@0x2f65071 - animation-leash#0 (82)
08-24 14:43:34.878  4175  4211 I HYPER-HAL: [ResourceManager.cpp]updateResource(): [CPUMinFreq] UpdateResource Request ID : 10596124    Value : 1768000
08-24 14:43:34.878  4175  4211 I HYPER-HAL: [RequestManager.cpp]acquire(): Acquired ID : 10600729  [4585 / 19]    HINT :      list :
08-24 14:43:34.879  4175  4211 E HYPER-HAL: [Request.cpp]acquire(): Request:: id : 10600729, No Resource to set
08-24 14:43:34.879  4175  4211 I HYPER-HAL: [ResourceManager.cpp]removeResource(): [CPUMinFreq] RemoveResource Request ID : 10586917
08-24 14:43:34.879  4175  4211 I HYPER-HAL: [RequestManager.cpp]releaseLocked(): Released ID : 10586917
08-24 14:43:34.886  4585  5390 I SemDvfsHyPerManager: acquire hyper - AMS_ACT_START/4585@16, type = -999
08-24 14:43:34.886  4175  4211 I HYPER-HAL: [RequestManager.cpp]acquire(): Acquired ID : 10586917  [4585 / 16]    HINT : AMS_ACT_START    list :
08-24 14:43:34.887  4175  4211 I HYPER-HAL: [ResourceManager.cpp]updateResource(): [CPUMinFreq] UpdateResource Request ID : 10586917    Value : 2314000
08-24 14:43:34.887  4226  4601 I SurfaceFlinger: id=88159 createSurf (0x0),-1 flag=80004, ActivityRecord{7cdf121 u0 com.example.dogglers/androidx.test.core.app.InstrumentationActivityInvoker$EmptyActivity t1562}#0
08-24 14:43:34.887  4226  4226 I Layer   : id=88145[1] Destroyed Surface(name=e455c2d StatusBar)/@0x2f65071 - animation-leash#0
08-24 14:43:34.888  4226  4226 I Layer   : id=88146[1] Destroyed Surface(name=a71bb8f NavigationBar0)/@0x8f38906 - animation-leash#0
08-24 14:43:34.889  4585  7040 I InputDispatcher: Focus entered window (24159): ebf1e22 in display 0 0
08-24 14:43:34.899 24159 24159 D LifecycleMonitor: Lifecycle status change: androidx.test.core.app.InstrumentationActivityInvoker$EmptyActivity@7bff2a8 in: PAUSED
08-24 14:43:34.900 24159 24159 V ActivityScenario: Activity lifecycle changed event received but ignored because the intent does not match. startActivityIntent=Intent { act=android.intent.action.MAIN cat=[android.intent.category.LAUNCHER] cmp=com.example.dogglers/.MainActivity }, activity.getIntent()=Intent { act=android.intent.action.MAIN cat=[android.intent.category.LAUNCHER] flg=0x10000000 cmp=com.example.dogglers/androidx.test.core.app.InstrumentationActivityInvoker$EmptyActivity }, activity=androidx.test.core.app.InstrumentationActivityInvoker$EmptyActivity@7bff2a8
08-24 14:43:34.902  4585  8021 V WindowOrientationListener: getProposedRotation: -1
08-24 14:43:34.902  4585  8021 V WindowOrientationListener: getProposedRotation: -1
08-24 14:43:34.903  4585  8021 V WindowOrientationListener: getProposedRotation: -1
08-24 14:43:34.904  4585  8021 D InputDispatcher: Focused application set to (0): 7cdf121
08-24 14:43:34.911 24159 24159 D LifecycleMonitor: Lifecycle status change: androidx.test.core.app.InstrumentationActivityInvoker$BootstrapActivity@b29901c in: DESTROYED
08-24 14:43:34.912 24159 24159 V ActivityScenario: Activity lifecycle changed event received but ignored because the intent does not match. startActivityIntent=Intent { act=android.intent.action.MAIN cat=[android.intent.category.LAUNCHER] cmp=com.example.dogglers/.MainActivity }, activity.getIntent()=Intent { act=android.intent.action.MAIN cat=[android.intent.category.LAUNCHER] flg=0x10008000 cmp=com.example.dogglers/androidx.test.core.app.InstrumentationActivityInvoker$BootstrapActivity (has extras) }, activity=androidx.test.core.app.InstrumentationActivityInvoker$BootstrapActivity@b29901c
08-24 14:43:34.912 24159 24159 I ViewRootImpl@64ea8fd[InstrumentationActivityInvoker$EmptyActivity]: MSG_WINDOW_FOCUS_CHANGED 1 1
08-24 14:43:34.913 24159 24159 D InputMethodManager: prepareNavigationBarInfo() DecorView@7dfad66[InstrumentationActivityInvoker$EmptyActivity]
08-24 14:43:34.913  4585  5390 I SurfaceControl: nativeRelease nativeObject s[537628424128]
08-24 14:43:34.913  4585  5390 I SurfaceControl: nativeRelease nativeObject e[537628424128]
08-24 14:43:34.913 24159 24159 D InputMethodManager: getNavigationBarColor() -855310
08-24 14:43:34.913 24159 24159 D InputMethodManager: prepareNavigationBarInfo() DecorView@7dfad66[InstrumentationActivityInvoker$EmptyActivity]
08-24 14:43:34.913 24159 24159 D InputMethodManager: getNavigationBarColor() -855310
08-24 14:43:34.913 24159 24159 V InputMethodManager: Starting input: tba=com.example.dogglers ic=null mNaviBarColor -855310 mIsGetNaviBarColorSuccess true , NavVisible : true , NavTrans : false
08-24 14:43:34.913 24159 24159 D InputMethodManager: startInputInner - Id : 0
08-24 14:43:34.913 24159 24159 I InputMethodManager: startInputInner - mService.startInputOrWindowGainedFocus
08-24 14:43:34.914  4585  5390 D InputMethodManagerService: mSecureKeypadEnabled = false
08-24 14:43:34.915  4226  5359 I Layer   : id=88125 removeFromCurrentState ActivityRecord{5fbf6e9 u0 com.example.dogglers/androidx.test.core.app.InstrumentationActivityInvoker$BootstrapActivity t1562}#0 (81)
08-24 14:43:34.915  4226  5359 I SurfaceFlinger: id=88125 Removed ActivityRecord{5fbf6e9 u0 com.example.dogglers/androidx.test.core.app.InstrumentationActivityInvoker$BootstrapActivity t1562}#0 (81)
08-24 14:43:34.916  4585  5390 V InputMethodManagerService: hideCurrentInputLocked : shouldHideSoftInput is false
08-24 14:43:34.916  4585  5390 D InputMethodManagerService: mDesktopModeManager null!
08-24 14:43:34.917  4585  5390 V InputMethodManagerService: getDisplayIdOfInputMethodWindowToBeAdded : 0
08-24 14:43:34.917  4585  5390 D InputMethodManagerService: checkDisplayOfStartInputAndUpdateKeyboard display Id 0last 0
08-24 14:43:34.917  4585  5390 D InputTransport: Input channel constructed: 'ClientS', fd=679
08-24 14:43:34.917  4585  5390 D InputTransport: Input channel destroyed: 'ClientS', fd=679
08-24 14:43:34.917 24159 24159 D InputTransport: Input channel constructed: 'ClientS', fd=101
08-24 14:43:34.917 24159 24159 D InputTransport: Input channel destroyed: 'ClientS', fd=97
08-24 14:43:34.918  4585  5390 I SurfaceControl: nativeRelease nativeObject s[535556339168]
08-24 14:43:34.918  4585  5390 I SurfaceControl: nativeRelease nativeObject e[535556339168]
08-24 14:43:34.918  4226  5359 I SurfaceFlinger: id=88160 createSurf (0x0),-1 flag=24004, Surface(name=a3a0629 InputMethod)/@0x54f474f - animation-leash#1
08-24 14:43:34.919  7388  7388 I HBD     : HoneyBoardService onFinishInput
08-24 14:43:34.920  7388  7388 I HBD     : a IC have been unbinded,  InputConnectionWrapper{idHash=#60843e3 mMissingMethods=}
08-24 14:43:34.920  7388  7388 I HBD     : HoneyBoardService [PF_CL][onFinishInput]  601270 ns
08-24 14:43:34.921  7388  7388 I HBD     : HoneyBoardService [IMI] onStartInput - caller pid : 24159 , caller uid : 10574
08-24 14:43:34.921  4226  4226 I Layer   : id=88125[1] Destroyed ActivityRecord{5fbf6e9 u0 com.example.dogglers/androidx.test.core.app.InstrumentationActivityInvoker$BootstrapActivity t1562}#0
08-24 14:43:34.921  7388  7388 I HBD     : i updateConfigs
08-24 14:43:34.921  7388  7388 I HBD     : i isEnabledNightMode : false
08-24 14:43:34.921  7388  7388 I HBD     : a IC have been binded, InputConnectionWrapper{idHash=#60843e3 mMissingMethods=}
08-24 14:43:34.922  7388  7388 I HBD     : h [EditorInputType]setPrivateImeOptionsToTable privateImeOptions ( null )
08-24 14:43:34.922  4585  8021 I InputDispatcher: Focus left window (24159): ebf1e22 in display 0 0
08-24 14:43:34.923  4226  5359 I Layer   : id=88153 removeFromCurrentState Surface(name=a3a0629 InputMethod)/@0x54f474f - animation-leash#0 (81)
08-24 14:43:34.922  7388  7388 I HBD     : b incognitoMode : false
08-24 14:43:34.924  7388  7388 I HBD     : a needOff = true , isForceOff = false, isNullInputClass : true
08-24 14:43:34.924  7388  7388 I HBD     : h getDefaultInputRange : UNKNOWN
08-24 14:43:34.924  7388  7388 I HBD     : h getDefaultInputRange : UNKNOWN
08-24 14:43:34.925  7388  7388 I HBD     : h getDefaultInputRange : UNKNOWN
08-24 14:43:34.925 24159 24159 D LifecycleMonitor: Lifecycle status change: androidx.test.core.app.InstrumentationActivityInvoker$EmptyActivity@361d7f9 in: PRE_ON_CREATE
08-24 14:43:34.925  4585  4613 I SurfaceControl: nativeRelease nativeObject s[537628424320]
08-24 14:43:34.925  4585  4613 I SurfaceControl: nativeRelease nativeObject e[537628424320]
08-24 14:43:34.925  4226  4226 D SurfaceFlinger: Display 0 HWC layers:
08-24 14:43:34.925  4226  4226 D SurfaceFlinger:      DEVICE | 0x7851239c40 | 0002 | RGBA_8888    |    0.0    0.0 1080.0 2340.0 |    0    0 1080 2340 | com.example.dogglers/com.example.dogglers.GridListActivity$_24159#0
08-24 14:43:34.925  4226  4226 D SurfaceFlinger:      DEVICE | 0x77ce816940 | 0000 | RGBA_8888    |    0.0    0.0 1080.0   83.0 |    0    0 1080   83 | StatusBar$_4896#0
08-24 14:43:34.925  4226  4226 D SurfaceFlinger:      DEVICE | 0x77ce8157c0 | 0000 | RGBA_8888    |    0.0    0.0   67.0  342.0 |    0  746   67 1088 | com.samsung.android.app.cocktailbars[...]arservice.CocktailBarService$_9865#0
08-24 14:43:34.925  4226  4226 D SurfaceFlinger:      DEVICE | 0x7851238200 | 0000 | RGBA_8888    |    0.0    0.0  388.0   39.0 |  692 2301 1080 2340 | SGestureOverlayWindow$_5408#0
08-24 14:43:34.925  4226  4226 D SurfaceFlinger:      DEVICE | 0x77ce815f40 | 0000 | RGBA_8888    |    0.0    0.0 1080.0  126.0 |    0 2214 1080 2340 | NavigationBar0$_4896#0
08-24 14:43:34.925  4226  4226 D SurfaceFlinger:      DEVICE | 0x77ce814b40 | 0000 | RGBA_8888    |    0.0    0.0 1080.0  151.0 |    0    0 1080  151 | ScreenDecorOverlay$_4896#0
08-24 14:43:34.925  4226  4226 D SurfaceFlinger:      DEVICE | 0x77ce817d40 | 0000 | RGBA_8888    |    0.0    0.0 1080.0  151.0 |    0 2189 1080 2340 | ScreenDecorOverlayBottom$_4896#0
08-24 14:43:34.925  4226  4226 D SurfaceFlinger:
08-24 14:43:34.925  4585  4613 I SurfaceControl: nativeRelease nativeObject s[535556318048]
08-24 14:43:34.925  4585  4613 I SurfaceControl: nativeRelease nativeObject e[535556318048]
08-24 14:43:34.925  4585  4613 I SurfaceControl: nativeRelease nativeObject s[537816935808]
08-24 14:43:34.925  4585  4613 I SurfaceControl: nativeRelease nativeObject e[537816935808]
08-24 14:43:34.925 24159 24159 V ActivityScenario: Activity lifecycle changed event received but ignored because the intent does not match. startActivityIntent=Intent { act=android.intent.action.MAIN cat=[android.intent.category.LAUNCHER] cmp=com.example.dogglers/.MainActivity }, activity.getIntent()=Intent { act=android.intent.action.MAIN cat=[android.intent.category.LAUNCHER] flg=0x10000000 cmp=com.example.dogglers/androidx.test.core.app.InstrumentationActivityInvoker$EmptyActivity }, activity=androidx.test.core.app.InstrumentationActivityInvoker$EmptyActivity@361d7f9
08-24 14:43:34.927  4585  4613 I SurfaceControl: nativeRelease nativeObject s[535556318144]
08-24 14:43:34.927  4585  4613 I SurfaceControl: nativeRelease nativeObject e[535556318144]
08-24 14:43:34.927  4585  4613 I SurfaceControl: nativeRelease nativeObject s[537628424416]
08-24 14:43:34.927  4585  4613 I SurfaceControl: nativeRelease nativeObject e[537628424416]
08-24 14:43:34.930  4585  7040 D SdpManagerService: Not an enterprise user : 0
08-24 14:43:34.930  4585  7040 D SdpManagerService: Not an enterprise user : 0
08-24 14:43:34.931  4226  5359 I Layer   : id=88150 removeFromCurrentState Surface(name=ActivityRecord{60a16f2 u0 com.example.dogglers/.MainActivity t1562})/@0x9cf5f6f - animation-bounds#0 (81)
08-24 14:43:34.931  4226  5359 I Layer   : id=88147 removeFromCurrentState Surface(name=ActivityRecord{60a16f2 u0 com.example.dogglers/.MainActivity t1562})/@0x9cf5f6f - animation-leash#0 (81)
08-24 14:43:34.931  4226  5359 I Layer   : id=88147 removeFromCurrentState Surface(name=ActivityRecord{60a16f2 u0 com.example.dogglers/.MainActivity t1562})/@0x9cf5f6f - animation-leash#0 (81)
08-24 14:43:34.931  4226  5359 I Layer   : id=88151 removeFromCurrentState Surface(name=ActivityRecord{f5910dc u0 com.example.dogglers/.GridListActivity t1562})/@0xd86e128 - animation-leash#0 (81)
08-24 14:43:34.931  4226  5359 I Layer   : id=88152 removeFromCurrentState Surface(name=ActivityRecord{f5910dc u0 com.example.dogglers/.GridListActivity t1562})/@0xd86e128 - animation-bounds#0 (81)
08-24 14:43:34.931  4226  5359 I Layer   : id=88148 removeFromCurrentState Dim Layer for - Task=1562 - animating-dim#0 (81)
08-24 14:43:34.931  7388  7388 I HBD     : h getDefaultInputRange : UNKNOWN
08-24 14:43:34.932  7388  7388 I HBD     : a currentState : 0
08-24 14:43:34.932  4226  5359 I SurfaceFlinger: id=88150 Removed Surface(name=ActivityRecord{60a16f2 u0 com.example.dogglers/.MainActivity t1562})/@0x9cf5f6f - animation-bounds#0 (81)
08-24 14:43:34.932  4226  4601 I SurfaceFlinger: id=88147 Removed Surface(name=ActivityRecord{60a16f2 u0 com.example.dogglers/.MainActivity t1562})/@0x9cf5f6f - animation-leash#0 (81)
08-24 14:43:34.932  4226  4248 I SurfaceFlinger: id=88151 Removed Surface(name=ActivityRecord{f5910dc u0 com.example.dogglers/.GridListActivity t1562})/@0xd86e128 - animation-leash#0 (81)
08-24 14:43:34.932  4226  5359 I SurfaceFlinger: id=88152 Removed Surface(name=ActivityRecord{f5910dc u0 com.example.dogglers/.GridListActivity t1562})/@0xd86e128 - animation-bounds#0 (81)
08-24 14:43:34.932  4226  4601 I SurfaceFlinger: id=88148 Removed Dim Layer for - Task=1562 - animating-dim#0 (81)
08-24 14:43:34.934  7388  7388 I HBD     : h load selected json info : {"version":"1.0","currentLanguageOrder":0,"selected":[{"activeOptionList":["auto_replace","auto_spacing"],"engName":"Russian","id":3342336,"inputType":"qwerty","isUsed":true},{"activeOptionList":["auto_replace","auto_spacing"],"engName":"English","id":65537,"inputType":"qwerty","isUsed":true}]}
08-24 14:43:34.934  7388  7388 I HBD     : a [UpdatePolicy] [post] a: 0 cl: 3342336 kit: [0/0] vt: 0 ir: 1
08-24 14:43:34.935  7388  7388 I HBD     : HoneyBoardService [PF_OP][onStartInput]  14724346 ns
08-24 14:43:34.938  4226  4226 I Layer   : id=88148[1] Destroyed Dim Layer for - Task=1562 - animating-dim#0
08-24 14:43:34.938  4226  4226 I Layer   : id=88150[1] Destroyed Surface(name=ActivityRecord{60a16f2 u0 com.example.dogglers/.MainActivity t1562})/@0x9cf5f6f - animation-bounds#0
08-24 14:43:34.938  4226  4226 I Layer   : id=88147[1] Destroyed Surface(name=ActivityRecord{60a16f2 u0 com.example.dogglers/.MainActivity t1562})/@0x9cf5f6f - animation-leash#0
08-24 14:43:34.938  4226  4226 I Layer   : id=88152[1] Destroyed Surface(name=ActivityRecord{f5910dc u0 com.example.dogglers/.GridListActivity t1562})/@0xd86e128 - animation-bounds#0
08-24 14:43:34.938  4226  4226 I Layer   : id=88151[1] Destroyed Surface(name=ActivityRecord{f5910dc u0 com.example.dogglers/.GridListActivity t1562})/@0xd86e128 - animation-leash#0
08-24 14:43:34.939 24159 24159 I DecorView: [INFO] isPopOver=false, config=true
08-24 14:43:34.939 24159 24159 I DecorView: updateCaptionType >> DecorView@7b759f[], isFloating=false, isApplication=true, hasWindowDecorCaption=false, hasWindowControllerCallback=true
08-24 14:43:34.940 24159 24159 D DecorView: setCaptionType = 0, this = DecorView@7b759f[]
08-24 14:43:34.943  4226  4226 D SurfaceFlinger: Display 0 HWC layers:
08-24 14:43:34.943  4226  4226 D SurfaceFlinger:      DEVICE | 0x77ce8166c0 | 0002 | RGBA_8888    |    0.0    0.0 1080.0 2340.0 |    0    0 1080 2340 | com.example.dogglers/androidx.test.c[...]tivityInvoker$EmptyActivity$_24159#0
08-24 14:43:34.943  4226  4226 D SurfaceFlinger:      DEVICE | 0x77ce816940 | 0000 | RGBA_8888    |    0.0    0.0 1080.0   83.0 |    0    0 1080   83 | StatusBar$_4896#0
08-24 14:43:34.943  4226  4226 D SurfaceFlinger:      DEVICE | 0x77ce8157c0 | 0000 | RGBA_8888    |    0.0    0.0   67.0  342.0 |    0  746   67 1088 | com.samsung.android.app.cocktailbars[...]arservice.CocktailBarService$_9865#0
08-24 14:43:34.943  4226  4226 D SurfaceFlinger:      DEVICE | 0x7851238200 | 0000 | RGBA_8888    |    0.0    0.0  388.0   39.0 |  692 2301 1080 2340 | SGestureOverlayWindow$_5408#0
08-24 14:43:34.943  4226  4226 D SurfaceFlinger:      DEVICE | 0x77ce815f40 | 0000 | RGBA_8888    |    0.0    0.0 1080.0  126.0 |    0 2214 1080 2340 | NavigationBar0$_4896#0
08-24 14:43:34.943  4226  4226 D SurfaceFlinger:      DEVICE | 0x77ce814b40 | 0000 | RGBA_8888    |    0.0    0.0 1080.0  151.0 |    0    0 1080  151 | ScreenDecorOverlay$_4896#0
08-24 14:43:34.943  4226  4226 D SurfaceFlinger:      DEVICE | 0x77ce817d40 | 0000 | RGBA_8888    |    0.0    0.0 1080.0  151.0 |    0 2189 1080 2340 | ScreenDecorOverlayBottom$_
08-24 14:43:34.943  4226  4226 D SurfaceFlinger: 4896#0
08-24 14:43:34.943  4226  4226 D SurfaceFlinger:
08-24 14:43:34.946 24159 24159 D LifecycleMonitor: Lifecycle status change: androidx.test.core.app.InstrumentationActivityInvoker$EmptyActivity@361d7f9 in: CREATED
08-24 14:43:34.947 24159 24159 V ActivityScenario: Activity lifecycle changed event received but ignored because the intent does not match. startActivityIntent=Intent { act=android.intent.action.MAIN cat=[android.intent.category.LAUNCHER] cmp=com.example.dogglers/.MainActivity }, activity.getIntent()=Intent { act=android.intent.action.MAIN cat=[android.intent.category.LAUNCHER] flg=0x10000000 cmp=com.example.dogglers/androidx.test.core.app.InstrumentationActivityInvoker$EmptyActivity }, activity=androidx.test.core.app.InstrumentationActivityInvoker$EmptyActivity@361d7f9
08-24 14:43:34.949 24159 24159 D LifecycleMonitor: Lifecycle status change: androidx.test.core.app.InstrumentationActivityInvoker$EmptyActivity@361d7f9 in: STARTED
08-24 14:43:34.949 24159 24159 V ActivityScenario: Activity lifecycle changed event received but ignored because the intent does not match. startActivityIntent=Intent { act=android.intent.action.MAIN cat=[android.intent.category.LAUNCHER] cmp=com.example.dogglers/.MainActivity }, activity.getIntent()=Intent { act=android.intent.action.MAIN cat=[android.intent.category.LAUNCHER] flg=0x10000000 cmp=com.example.dogglers/androidx.test.core.app.InstrumentationActivityInvoker$EmptyActivity }, activity=androidx.test.core.app.InstrumentationActivityInvoker$EmptyActivity@361d7f9
08-24 14:43:34.965 24159 24159 D LifecycleMonitor: Lifecycle status change: androidx.test.core.app.InstrumentationActivityInvoker$EmptyActivity@361d7f9 in: RESUMED
08-24 14:43:34.966 24159 24159 V ActivityScenario: Activity lifecycle changed event received but ignored because the intent does not match. startActivityIntent=Intent { act=android.intent.action.MAIN cat=[android.intent.category.LAUNCHER] cmp=com.example.dogglers/.MainActivity }, activity.getIntent()=Intent { act=android.intent.action.MAIN cat=[android.intent.category.LAUNCHER] flg=0x10000000 cmp=com.example.dogglers/androidx.test.core.app.InstrumentationActivityInvoker$EmptyActivity }, activity=androidx.test.core.app.InstrumentationActivityInvoker$EmptyActivity@361d7f9
08-24 14:43:34.970  4585  8021 D InputTransport: Input channel constructed: '4aa8ff7', fd=681
08-24 14:43:34.970  4585  8021 D InputTransport: Input channel constructed: '4aa8ff7', fd=682
08-24 14:43:34.971  4226  5359 I SurfaceFlinger: id=88161 createSurf (0x0),-1 flag=80004, 4aa8ff7 com.example.dogglers/androidx.test.core.app.InstrumentationActivityInvoker$EmptyActivity#0
08-24 14:43:34.971  4585  8021 D WindowManager: isScreenshotDisabledLocked - win: Window{4aa8ff7 u0 com.example.dogglers/androidx.test.core.app.InstrumentationActivityInvoker$EmptyActivity}
08-24 14:43:34.971  4585  8021 D WindowManager: isScreenshotDisabledLocked: userId = 0, disabled =false
08-24 14:43:34.972  4585  8021 D InputTransport: Input channel destroyed: '4aa8ff7', fd=682
08-24 14:43:34.972 24159 24159 D InputTransport: Input channel constructed: '4aa8ff7', fd=97
08-24 14:43:34.974 24159 24159 I ViewRootImpl@752154a[InstrumentationActivityInvoker$EmptyActivity]: setView = com.android.internal.policy.DecorView@7b759f TM=true
08-24 14:43:34.977  4585  8021 D SamsungIMMSHWKeyboard: isConnectedDexOnPC false
08-24 14:43:34.977  4585  8021 D InputMethodManagerService: isImeSwitcherDisabledPackage : false
08-24 14:43:34.977 24159 24159 I SurfaceControl: nativeRelease nativeObject s[536151021824]
08-24 14:43:34.977 24159 24159 I SurfaceControl: nativeRelease nativeObject e[536151021824]
08-24 14:43:34.977 24159 24159 I SurfaceControl: nativeRelease nativeObject s[537816934944]
08-24 14:43:34.977 24159 24159 I SurfaceControl: nativeRelease nativeObject e[537816934944]
08-24 14:43:34.978 24159 24159 I SurfaceControl: nativeRelease nativeObject s[536151029024]
08-24 14:43:34.978 24159 24159 I SurfaceControl: nativeRelease nativeObject e[536151029024]
08-24 14:43:34.978  4226  5359 I SurfaceFlinger: id=88153 Removed Surface(name=a3a0629 InputMethod)/@0x54f474f - animation-leash#0 (77)
08-24 14:43:34.984  4585  8021 V WindowManager: Relayout Window{4aa8ff7 u0 com.example.dogglers/androidx.test.core.app.InstrumentationActivityInvoker$EmptyActivity}: viewVisibility=0 req=1080x2340
08-24 14:43:34.986  4585  8021 D WindowManager: isScreenshotDisabledLocked - win: Window{4aa8ff7 u0 com.example.dogglers/androidx.test.core.app.InstrumentationActivityInvoker$EmptyActivity}
08-24 14:43:34.986  4585  8021 D WindowManager: isScreenshotDisabledLocked: userId = 0, disabled =false
08-24 14:43:34.986  4226  5359 I SurfaceFlinger: id=88162 createSurf (1080x2340),1 flag=404, com.example.dogglers/androidx.test.core.app.InstrumentationActivityInvoker$EmptyActivity$_24159#1
08-24 14:43:34.988  4226  4226 I Layer   : id=88153[1] Destroyed Surface(name=a3a0629 InputMethod)/@0x54f474f - animation-leash#0
08-24 14:43:34.989  4585  8021 I SurfaceControl: nativeRelease nativeObject s[535556340896]
08-24 14:43:34.989  4585  8021 I SurfaceControl: nativeRelease nativeObject e[535556340896]
08-24 14:43:34.989  9865  9865 I TrayStateController: systemUiVisibilityChanged : 0 0
08-24 14:43:34.989  4226  5359 I SurfaceFlinger: id=88163 createSurf (0x0),-1 flag=24000, Surface(name=e455c2d StatusBar)/@0x2f65071 - animation-leash#0
08-24 14:43:34.990  4585  8021 I SurfaceControl: nativeRelease nativeObject s[535556340992]
08-24 14:43:34.990  4585  8021 I SurfaceControl: nativeRelease nativeObject e[535556340992]
08-24 14:43:34.990  4226  5359 I SurfaceFlinger: id=88164 createSurf (0x0),-1 flag=24000, Surface(name=a71bb8f NavigationBar0)/@0x8f38906 - animation-leash#0
08-24 14:43:34.992  4585  8021 V WindowManager: Relayout hash=4aa8ff7, pid=24159: mAttrs={(0,0)(fillxfill) sim={adjust=pan forwardNavigation} ty=BASE_APPLICATION wanim=0x1030001
08-24 14:43:34.992  4585  8021 V WindowManager:   fl=1810100
08-24 14:43:34.992  4585  8021 V WindowManager:   pfl=12020000
08-24 14:43:34.992  4585  8021 V WindowManager:   apr=LIGHT_NAVIGATION_BARS
08-24 14:43:34.992  4585  8021 V WindowManager:   fitSides= naviIconColor=0
08-24 14:43:34.992  4585  8021 V WindowManager:   sfl=100000}
08-24 14:43:34.992  4585  8021 I SurfaceControl: nativeRelease nativeObject s[535556321600]
08-24 14:43:34.992  4585  8021 I SurfaceControl: nativeRelease nativeObject e[535556321600]
08-24 14:43:34.993  4226  5359 I Layer   : id=88158 removeFromCurrentState Surface(name=a71bb8f NavigationBar0)/@0x8f38906 - animation-leash#1 (79)
08-24 14:43:34.993  4226  5359 I Layer   : id=26 removeFromCurrentState a71bb8f NavigationBar0#0 (79)
08-24 14:43:34.993  4226  5359 I Layer   : id=36 removeFromCurrentState NavigationBar0$_4896#0 (79)
08-24 14:43:34.993  4226  5359 I Layer   : id=88157 removeFromCurrentState Surface(name=e455c2d StatusBar)/@0x2f65071 - animation-leash#1 (79)
08-24 14:43:34.993  4226  5359 I Layer   : id=26 addToCurrentState a71bb8f NavigationBar0#0 (79)
08-24 14:43:34.993  4226  5359 I Layer   : id=36 addToCurrentState NavigationBar0$_4896#0 (79)
08-24 14:43:34.994 24159 24159 I SurfaceControl: assignNativeObject: nativeObject = 0 Surface(name=null)/@0x1abccbb / android.view.SurfaceControl.readFromParcel:1117 android.view.IWindowSession$Stub$Proxy.relayout:1820 android.view.ViewRootImpl.relayoutWindow:9005 android.view.ViewRootImpl.performTraversals:3360 android.view.ViewRootImpl.doTraversal:2618 android.view.ViewRootImpl$TraversalRunnable.run:9971 android.view.Choreographer$CallbackRecord.run:1010 android.view.Choreographer.doCallbacks:809 android.view.Choreographer.doFrame:744 android.view.Choreographer$FrameDisplayEventReceiver.run:995
08-24 14:43:34.996 24159 24159 I ViewRootImpl@752154a[InstrumentationActivityInvoker$EmptyActivity]: Relayout returned: old=(0,0,1080,2340) new=(0,0,1080,2340) req=(1080,2340)0 dur=12 res=0x7 s={true 536252157952} ch=true fn=-1
08-24 14:43:34.998  4159 17194 D gralloc : [mali_gralloc_allocate] begin
08-24 14:43:34.998  4159 17194 D gralloc : buffer_descriptor: wh(1080 2340) usage_pc(0x40000000000b00 0x40000000000b00) hal_format(0x1) layer_count(1) sizes(0 0 0) strde(0) byte_stride(0) alloc_wh(0 0) internal_format(0x0) alloc_format(0x0) fd_count(1) plane_count(0)
08-24 14:43:34.999 24159 24159 I ViewRootImpl@752154a[InstrumentationActivityInvoker$EmptyActivity]: [DP] dp(1) 1 android.view.ViewRootImpl.reportNextDraw:10957 android.view.ViewRootImpl.performTraversals:3845 android.view.ViewRootImpl.doTraversal:2618
08-24 14:43:34.999 24159 24159 I ViewRootImpl@752154a[InstrumentationActivityInvoker$EmptyActivity]: [DP] pd() Asnyc report
08-24 14:43:35.002  4159 17194 D gralloc : [mali_gralloc_allocate] allocation successful
08-24 14:43:35.004  4159 17194 D gralloc : [mali_gralloc_allocate] begin
08-24 14:43:35.004  4159 17194 D gralloc : buffer_descriptor: wh(1080 2340) usage_pc(0x40000000000b00 0x40000000000b00) hal_format(0x1) layer_count(1) sizes(0 0 0) strde(0) byte_stride(0) alloc_wh(0 0) internal_format(0x0) alloc_format(0x0) fd_count(1) plane_count(0)
08-24 14:43:35.008  4159 17194 D gralloc : [mali_gralloc_allocate] allocation successful
08-24 14:43:35.009  4159 17194 D gralloc : [mali_gralloc_allocate] begin
08-24 14:43:35.009  4159 17194 D gralloc : buffer_descriptor: wh(1080 2340) usage_pc(0x40000000000b00 0x40000000000b00) hal_format(0x1) layer_count(1) sizes(0 0 0) strde(0) byte_stride(0) alloc_wh(0 0) internal_format(0x0) alloc_format(0x0) fd_count(1) plane_count(0)
08-24 14:43:35.012  4226  4601 E BufferQueueProducer: [com.example.dogglers/com.example.dogglers.MainActivity$_24159#0](id:108200004924,api:0,p:-1,c:4226) disconnect: not connected (req=1)
08-24 14:43:35.012 24159 24214 W libEGL  : EGLNativeWindowType 0x7cda2b2010 disconnect failed
08-24 14:43:35.013  4585  8021 V WindowManager: Relayout Window{c1387d9 u0 com.example.dogglers/com.example.dogglers.MainActivity}: viewVisibility=8 req=1080x2340
08-24 14:43:35.013  4159 17194 D gralloc : [mali_gralloc_allocate] allocation successful
08-24 14:43:35.016  4585  8021 V WindowManager: Relayout hash=c1387d9, pid=24159: mAttrs={(0,0)(fillxfill) sim={adjust=pan forwardNavigation} ty=BASE_APPLICATION wanim=0x1030304
08-24 14:43:35.016  4585  8021 V WindowManager:   fl=81810100
08-24 14:43:35.016  4585  8021 V WindowManager:   pfl=12020000
08-24 14:43:35.016  4585  8021 V WindowManager:   apr=LIGHT_NAVIGATION_BARS
08-24 14:43:35.016  4585  8021 V WindowManager:   fitSides= naviIconColor=0
08-24 14:43:35.016  4585  8021 V WindowManager:   sfl=100000}
08-24 14:43:35.018 24159 24159 I SurfaceControl: nativeRelease nativeObject s[537830058080]
08-24 14:43:35.018 24159 24159 I SurfaceControl: nativeRelease nativeObject e[537830058080]
08-24 14:43:35.018 24159 24159 I SurfaceControl: assignNativeObject: nativeObject = 0 Surface(name=null)/@0x22955d8 / android.view.SurfaceControl.readFromParcel:1117 android.view.IWindowSession$Stub$Proxy.relayout:1810 android.view.ViewRootImpl.relayoutWindow:9005 android.view.ViewRootImpl.performTraversals:3360 android.view.ViewRootImpl.doTraversal:2618 android.view.ViewRootImpl$TraversalRunnable.run:9971 android.view.Choreographer$CallbackRecord.run:1010 android.view.Choreographer.doCallbacks:809 android.view.Choreographer.doFrame:744 android.view.Choreographer$FrameDisplayEventReceiver.run:995
08-24 14:43:35.018 24159 24159 I SurfaceControl: assignNativeObject: nativeObject = 0 Surface(name=null)/@0x75dbf09 / android.view.SurfaceControl.readFromParcel:1117 android.view.IWindowSession$Stub$Proxy.relayout:1820 android.view.ViewRootImpl.relayoutWindow:9005 android.view.ViewRootImpl.performTraversals:3360 android.view.ViewRootImpl.doTraversal:2618 android.view.ViewRootImpl$TraversalRunnable.run:9971 android.view.Choreographer$CallbackRecord.run:1010 android.view.Choreographer.doCallbacks:809 android.view.Choreographer.doFrame:744 android.view.Choreographer$FrameDisplayEventReceiver.run:995
08-24 14:43:35.019 24159 24159 I ViewRootImpl@3af31f8[MainActivity]: Relayout returned: old=(0,0,1080,2340) new=(0,0,1080,2340) req=(1080,2340)8 dur=6 res=0x5 s={false 0} ch=true fn=26
08-24 14:43:35.024  4226  5359 E BufferQueueProducer: [com.example.dogglers/com.example.dogglers.GridListActivity$_24159#0](id:108200004925,api:0,p:-1,c:4226) disconnect: not connected (req=1)
08-24 14:43:35.024 24159 24214 W libEGL  : EGLNativeWindowType 0x7d39403010 disconnect failed
08-24 14:43:35.025  4585  8021 V WindowManager: Relayout Window{7c54512 u0 com.example.dogglers/com.example.dogglers.GridListActivity}: viewVisibility=8 req=1080x2340
08-24 14:43:35.029  4585  8021 V WindowManager: Relayout hash=7c54512, pid=24159: mAttrs={(0,0)(fillxfill) sim={adjust=resize forwardNavigation} ty=BASE_APPLICATION wanim=0x1030304
08-24 14:43:35.029  4585  8021 V WindowManager:   fl=81810100
08-24 14:43:35.029  4585  8021 V WindowManager:   pfl=12020000
08-24 14:43:35.029  4585  8021 V WindowManager:   apr=LIGHT_NAVIGATION_BARS
08-24 14:43:35.029  4585  8021 V WindowManager:   fitSides= naviIconColor=0
08-24 14:43:35.029  4585  8021 V WindowManager:   sfl=100000}
08-24 14:43:35.030 24159 24159 I SurfaceControl: nativeRelease nativeObject s[537830060960]
08-24 14:43:35.030 24159 24159 I SurfaceControl: nativeRelease nativeObject e[537830060960]
08-24 14:43:35.031 24159 24159 I SurfaceControl: assignNativeObject: nativeObject = 0 Surface(name=null)/@0xd18d31 / android.view.SurfaceControl.readFromParcel:1117 android.view.IWindowSession$Stub$Proxy.relayout:1810 android.view.ViewRootImpl.relayoutWindow:9005 android.view.ViewRootImpl.performTraversals:3360 android.view.ViewRootImpl.doTraversal:2618 android.view.ViewRootImpl$TraversalRunnable.run:9971 android.view.Choreographer$CallbackRecord.run:1010 android.view.Choreographer.doCallbacks:809 android.view.Choreographer.doFrame:744 android.view.Choreographer$FrameDisplayEventReceiver.run:995
08-24 14:43:35.031 24159 24159 I SurfaceControl: assignNativeObject: nativeObject = 0 Surface(name=null)/@0xc58ab59 / android.view.SurfaceControl.readFromParcel:1117 android.view.IWindowSession$Stub$Proxy.relayout:1820 android.view.ViewRootImpl.relayoutWindow:9005 android.view.ViewRootImpl.performTraversals:3360 android.view.ViewRootImpl.doTraversal:2618 android.view.ViewRootImpl$TraversalRunnable.run:9971 android.view.Choreographer$CallbackRecord.run:1010 android.view.Choreographer.doCallbacks:809 android.view.Choreographer.doFrame:744 android.view.Choreographer$FrameDisplayEventReceiver.run:995
08-24 14:43:35.032 24159 24159 I ViewRootImpl@20ef3a0[GridListActivity]: Relayout returned: old=(0,0,1080,2340) new=(0,0,1080,2340) req=(1080,2340)8 dur=6 res=0x5 s={false 0} ch=true fn=5
08-24 14:43:35.032 24159 24159 I ViewRootImpl@752154a[InstrumentationActivityInvoker$EmptyActivity]: [DP] pdf(0) 1 android.view.ViewRootImpl.lambda$performDraw$1$ViewRootImpl:4668 android.view.-$$Lambda$ViewRootImpl$DJd0VUYJgsebcnSohO6h8zc_ONI.run:6 android.os.Handler.handleCallback:938
08-24 14:43:35.032 24159 24159 I ViewRootImpl@752154a[InstrumentationActivityInvoker$EmptyActivity]: [DP] rdf()
08-24 14:43:35.033 24159 24159 I ViewRootImpl@64ea8fd[InstrumentationActivityInvoker$EmptyActivity]: MSG_WINDOW_FOCUS_CHANGED 0 1
08-24 14:43:35.036  4585  4613 D PkgPredictorService: pkg:com.example.dogglers activity:androidx.test.core.app.InstrumentationActivityInvoker$EmptyActivity thisTime:152
08-24 14:43:35.038  4585  4613 I SemDvfsHyPerManager: acquire hyper - AMS_RESUME_TAIL/4585@18, type = -999
08-24 14:43:35.038  4585  4613 I SemDvfsHyPerManager: acquire hyper - AMS_ACT_LAZY/4585@19, type = -999
08-24 14:43:35.039  4175  4211 I HYPER-HAL: [RequestManager.cpp]acquire(): Acquired ID : 10596124  [4585 / 18]    HINT : AMS_RESUME_TAIL    list :
08-24 14:43:35.039  4175  4211 I HYPER-HAL: [ResourceManager.cpp]updateResource(): [CPUMinFreq] UpdateResource Request ID : 10596124    Value : 1768000
08-24 14:43:35.039  4175  4211 I HYPER-HAL: [RequestManager.cpp]acquire(): Acquired ID : 10600729  [4585 / 19]    HINT :      list :
08-24 14:43:35.040  4175  4211 E HYPER-HAL: [Request.cpp]acquire(): Request:: id : 10600729, No Resource to set
08-24 14:43:35.040  4585  4617 I ActivityTaskManager: Displayed com.example.dogglers/androidx.test.core.app.InstrumentationActivityInvoker$EmptyActivity: +152ms
08-24 14:43:35.040  4175  4211 I HYPER-HAL: [ResourceManager.cpp]removeResource(): [CPUMinFreq] RemoveResource Request ID : 10586917
08-24 14:43:35.040  4175  4211 I HYPER-HAL: [RequestManager.cpp]releaseLocked(): Released ID : 10586917
08-24 14:43:35.044 24159 24159 I SurfaceControl: nativeRelease nativeObject s[536151030080]
08-24 14:43:35.044 24159 24159 I SurfaceControl: nativeRelease nativeObject e[536151030080]
08-24 14:43:35.044 24159 24159 I SurfaceControl: nativeRelease nativeObject s[536151027296]
08-24 14:43:35.044 24159 24159 I SurfaceControl: nativeRelease nativeObject e[536151027296]
08-24 14:43:35.045 24159 24159 I SurfaceControl: nativeRelease nativeObject s[536151027104]
08-24 14:43:35.045  4226  4601 I SurfaceFlinger: id=88158 Removed Surface(name=a71bb8f NavigationBar0)/@0x8f38906 - animation-leash#1 (79)
08-24 14:43:35.045 24159 24159 I SurfaceControl: nativeRelease nativeObject e[536151027104]
08-24 14:43:35.045  4226  4601 I SurfaceFlinger: id=88157 Removed Surface(name=e455c2d StatusBar)/@0x2f65071 - animation-leash#1 (79)
08-24 14:43:35.054  4217 27777 V APM_AudioPolicyManager: setAppState(portId:11856, state:1)
08-24 14:43:35.054  4217 27777 V APM_AudioPolicyManager: setAppState(portId:11883, state:2)
08-24 14:43:35.054  4217 27777 V APM_AudioPolicyManager: setAppState(portId:11856, state:1)
08-24 14:43:35.054  4217 27777 V APM_AudioPolicyManager: setAppState(portId:11883, state:2)
08-24 14:43:35.055  4226  4226 I Layer   : id=88157[1] Destroyed Surface(name=e455c2d StatusBar)/@0x2f65071 - animation-leash#1
08-24 14:43:35.055  4226  4226 I Layer   : id=88158[1] Destroyed Surface(name=a71bb8f NavigationBar0)/@0x8f38906 - animation-leash#1
08-24 14:43:35.055  4585  7040 I InputDispatcher: Focus entered window (24159): 4aa8ff7 in display 0 0
08-24 14:43:35.060  4226  5359 E BufferQueueProducer: [com.example.dogglers/androidx.test.core.app.InstrumentationActivityInvoker$EmptyActivity$_24159#0](id:108200004926,api:0,p:-1,c:4226) disconnect: not connected (req=1)
08-24 14:43:35.060 24159 24214 W libEGL  : EGLNativeWindowType 0x7cda2ae010 disconnect failed
08-24 14:43:35.060  4226  4226 D SurfaceFlinger: Display 0 HWC layers:
08-24 14:43:35.060  4226  4226 D SurfaceFlinger:      DEVICE | 0x7851237440 | 0002 | RGBA_8888    |    0.0    0.0 1080.0 2340.0 |    0    0 1080 2340 | com.example.dogglers/androidx.test.c[...]tivityInvoker$EmptyActivity$_24159#1
08-24 14:43:35.060  4226  4226 D SurfaceFlinger:      DEVICE | 0x77ce816940 | 0000 | RGBA_8888    |    0.0    0.0 1080.0   83.0 |    0    0 1080   83 | StatusBar$_4896#0
08-24 14:43:35.060  4226  4226 D SurfaceFlinger:      DEVICE | 0x77ce8157c0 | 0000 | RGBA_8888    |    0.0    0.0   67.0  342.0 |    0  746   67 1088 | com.samsung.android.app.cocktailbars[...]arservice.CocktailBarService$_9865#0
08-24 14:43:35.060  4226  4226 D SurfaceFlinger:      DEVICE | 0x7851238200 | 0000 | RGBA_8888    |    0.0    0.0  388.0   39.0 |  692 2301 1080 2340 | SGestureOverlayWindow$_5408#0
08-24 14:43:35.060  4226  4226 D SurfaceFlinger:      DEVICE | 0x77ce815f40 | 0000 | RGBA_8888    |    0.0    0.0 1080.0  126.0 |    0 2214 1080 2340 | NavigationBar0$_4896#0
08-24 14:43:35.060  4226  4226 D SurfaceFlinger:      DEVICE | 0x77ce814b40 | 0000 | RGBA_8888    |    0.0    0.0 1080.0  151.0 |    0    0 1080  151 | ScreenDecorOverlay$_4896#0
08-24 14:43:35.060  4226  4226 D SurfaceFlinger:      DEVICE | 0x77ce817d40 | 0000 | RGBA_8888    |    0.0    0.0 1080.0  151.0 |    0 2189 1080 2340 | ScreenDecorOverlayBottom$_
08-24 14:43:35.060  4226  4226 D SurfaceFlinger: 4896#0
08-24 14:43:35.060  4226  4226 D SurfaceFlinger:
08-24 14:43:35.061  4585  7040 V WindowManager: Relayout Window{ebf1e22 u0 com.example.dogglers/androidx.test.core.app.InstrumentationActivityInvoker$EmptyActivity}: viewVisibility=8 req=1080x2340
08-24 14:43:35.065  4585  7040 V WindowManager: Relayout hash=ebf1e22, pid=24159: mAttrs={(0,0)(fillxfill) sim={adjust=pan forwardNavigation} ty=BASE_APPLICATION wanim=0x1030001
08-24 14:43:35.065  4585  7040 V WindowManager:   fl=1810100
08-24 14:43:35.065  4585  7040 V WindowManager:   pfl=12020000
08-24 14:43:35.065  4585  7040 V WindowManager:   apr=LIGHT_NAVIGATION_BARS
08-24 14:43:35.065  4585  7040 V WindowManager:   fitSides= naviIconColor=0
08-24 14:43:35.065  4585  7040 V WindowManager:   sfl=100000}
08-24 14:43:35.066 24159 24159 I SurfaceControl: nativeRelease nativeObject s[536236738816]
08-24 14:43:35.066 24159 24159 I SurfaceControl: nativeRelease nativeObject e[536236738816]
08-24 14:43:35.067 24159 24159 I SurfaceControl: assignNativeObject: nativeObject = 0 Surface(name=null)/@0x7243c16 / android.view.SurfaceControl.readFromParcel:1117 android.view.IWindowSession$Stub$Proxy.relayout:1810 android.view.ViewRootImpl.relayoutWindow:9005 android.view.ViewRootImpl.performTraversals:3360 android.view.ViewRootImpl.doTraversal:2618 android.view.ViewRootImpl$TraversalRunnable.run:9971 android.view.Choreographer$CallbackRecord.run:1010 android.view.Choreographer.doCallbacks:809 android.view.Choreographer.doFrame:744 android.view.Choreographer$FrameDisplayEventReceiver.run:995
08-24 14:43:35.067 24159 24159 I SurfaceControl: assignNativeObject: nativeObject = 0 Surface(name=null)/@0x7a939f2 / android.view.SurfaceControl.readFromParcel:1117 android.view.IWindowSession$Stub$Proxy.relayout:1820 android.view.ViewRootImpl.relayoutWindow:9005 android.view.ViewRootImpl.performTraversals:3360 android.view.ViewRootImpl.doTraversal:2618 android.view.ViewRootImpl$TraversalRunnable.run:9971 android.view.Choreographer$CallbackRecord.run:1010 android.view.Choreographer.doCallbacks:809 android.view.Choreographer.doFrame:744 android.view.Choreographer$FrameDisplayEventReceiver.run:995
08-24 14:43:35.068 24159 24159 I SurfaceControl: nativeRelease nativeObject s[536151029120]
08-24 14:43:35.068 24159 24159 I SurfaceControl: nativeRelease nativeObject e[536151029120]
08-24 14:43:35.068 24159 24159 I ViewRootImpl@64ea8fd[InstrumentationActivityInvoker$EmptyActivity]: Relayout returned: old=(0,0,1080,2340) new=(0,0,1080,2340) req=(1080,2340)8 dur=7 res=0x5 s={false 0} ch=true fn=2
08-24 14:43:35.070 24159 24159 I ViewRootImpl@64ea8fd[InstrumentationActivityInvoker$EmptyActivity]: stopped(true) old=false
08-24 14:43:35.070 24159 24159 D LifecycleMonitor: Lifecycle status change: androidx.test.core.app.InstrumentationActivityInvoker$EmptyActivity@7bff2a8 in: STOPPED
08-24 14:43:35.071 24159 24159 V ActivityScenario: Activity lifecycle changed event received but ignored because the intent does not match. startActivityIntent=Intent { act=android.intent.action.MAIN cat=[android.intent.category.LAUNCHER] cmp=com.example.dogglers/.MainActivity }, activity.getIntent()=Intent { act=android.intent.action.MAIN cat=[android.intent.category.LAUNCHER] flg=0x10000000 cmp=com.example.dogglers/androidx.test.core.app.InstrumentationActivityInvoker$EmptyActivity }, activity=androidx.test.core.app.InstrumentationActivityInvoker$EmptyActivity@7bff2a8
08-24 14:43:35.072  4585  7040 I InputDispatcher: Focus left window (24159): 4aa8ff7 in display 0 0
08-24 14:43:35.073 24159 24159 D LifecycleMonitor: Lifecycle status change: androidx.test.core.app.InstrumentationActivityInvoker$EmptyActivity@7bff2a8 in: DESTROYED
