08-24 14:43:40.939 24159 24159 V InputMethodManager: Starting input: tba=com.example.dogglers ic=null mNaviBarColor -855310 mIsGetNaviBarColorSuccess true , NavVisible : true , NavTrans : false
08-24 14:43:40.939  4585  5390 I SurfaceControl: nativeRelease nativeObject s[535557019008]
08-24 14:43:40.939  4585  5390 I SurfaceControl: nativeRelease nativeObject e[535557019008]
08-24 14:43:40.939 24159 24159 D InputMethodManager: startInputInner - Id : 0
08-24 14:43:40.939 24159 24159 I InputMethodManager: startInputInner - mService.startInputOrWindowGainedFocus
08-24 14:43:40.940  4585  8021 D InputMethodManagerService: mSecureKeypadEnabled = false
08-24 14:43:40.941  4585  8021 V InputMethodManagerService: hideCurrentInputLocked : shouldHideSoftInput is false
08-24 14:43:40.941  4585  8021 D InputMethodManagerService: mDesktopModeManager null!
08-24 14:43:40.941  4585  8021 V InputMethodManagerService: getDisplayIdOfInputMethodWindowToBeAdded : 0
08-24 14:43:40.941  4585  8021 D InputMethodManagerService: checkDisplayOfStartInputAndUpdateKeyboard display Id 0last 0
08-24 14:43:40.941  4585  8021 D InputTransport: Input channel constructed: 'ClientS', fd=701
08-24 14:43:40.941  4585  8021 D InputTransport: Input channel destroyed: 'ClientS', fd=701
08-24 14:43:40.942 24159 24159 D InputTransport: Input channel constructed: 'ClientS', fd=80
08-24 14:43:40.942 24159 24159 D InputTransport: Input channel destroyed: 'ClientS', fd=89
08-24 14:43:40.942  4585  8021 I SurfaceControl: nativeRelease nativeObject s[535558903808]
08-24 14:43:40.942  4585  8021 I SurfaceControl: nativeRelease nativeObject e[535558903808]
08-24 14:43:40.943  4226  5357 I SurfaceFlinger: id=88337 createSurf (0x0),-1 flag=24004, Surface(name=a3a0629 InputMethod)/@0x54f474f - animation-leash#0
08-24 14:43:40.944 24159 24159 D LifecycleMonitor: Lifecycle status change: androidx.test.core.app.InstrumentationActivityInvoker$EmptyActivity@4d6a179 in: PAUSED
08-24 14:43:40.944  7388  7388 I HBD     : HoneyBoardService onFinishInput
08-24 14:43:40.944 24159 24159 V ActivityScenario: Activity lifecycle changed event received but ignored because the intent does not match. startActivityIntent=Intent { act=android.intent.action.MAIN cat=[android.intent.category.LAUNCHER] cmp=com.example.dogglers/.GridListActivity }, activity.getIntent()=Intent { act=android.intent.action.MAIN cat=[android.intent.category.LAUNCHER] flg=0x10000000 cmp=com.example.dogglers/androidx.test.core.app.InstrumentationActivityInvoker$EmptyActivity }, activity=androidx.test.core.app.InstrumentationActivityInvoker$EmptyActivity@4d6a179
08-24 14:43:40.945  7388  7388 I HBD     : a IC have been unbinded,  InputConnectionWrapper{idHash=#a0d2541 mMissingMethods=}
08-24 14:43:40.945  7388  7388 I HBD     : HoneyBoardService [PF_CL][onFinishInput]  399116 ns
08-24 14:43:40.945  7388  7388 I HBD     : HoneyBoardService [IMI] onStartInput - caller pid : 24159 , caller uid : 10574
08-24 14:43:40.945  7388  7388 I HBD     : i updateConfigs
08-24 14:43:40.945  7388  7388 I HBD     : i isEnabledNightMode : false
08-24 14:43:40.946  7388  7388 I HBD     : a IC have been binded, InputConnectionWrapper{idHash=#a0d2541 mMissingMethods=}
08-24 14:43:40.946  7388  7388 I HBD     : h [EditorInputType]setPrivateImeOptionsToTable privateImeOptions ( null )
08-24 14:43:40.946  7388  7388 I HBD     : b incognitoMode : false
08-24 14:43:40.946  7388  7388 I HBD     : a needOff = true , isForceOff = false, isNullInputClass : true
08-24 14:43:40.946  7388  7388 I HBD     : h getDefaultInputRange : UNKNOWN
08-24 14:43:40.946  7388  7388 I HBD     : h getDefaultInputRange : UNKNOWN
08-24 14:43:40.946  7388  7388 I HBD     : h getDefaultInputRange : UNKNOWN
08-24 14:43:40.947  4585  8021 V WindowOrientationListener: getProposedRotation: -1
08-24 14:43:40.947  4585  8021 V WindowOrientationListener: getProposedRotation: -1
08-24 14:43:40.947  4585  7096 D SdpManagerService: Not an enterprise user : 0
08-24 14:43:40.947  4585  7096 D SdpManagerService: Not an enterprise user : 0
08-24 14:43:40.948  4585  8021 V WindowOrientationListener: getProposedRotation: -1
08-24 14:43:40.948  7388  7388 I HBD     : h getDefaultInputRange : UNKNOWN
08-24 14:43:40.948  7388  7388 I HBD     : a currentState : 0
08-24 14:43:40.950  7388  7388 I HBD     : h load selected json info : {"version":"1.0","currentLanguageOrder":0,"selected":[{"activeOptionList":["auto_replace","auto_spacing"],"engName":"Russian","id":3342336,"inputType":"qwerty","isUsed":true},{"activeOptionList":["auto_replace","auto_spacing"],"engName":"English","id":65537,"inputType":"qwerty","isUsed":true}]}
08-24 14:43:40.951  7388  7388 I HBD     : a [UpdatePolicy] [post] a: 0 cl: 3342336 kit: [0/0] vt: 0 ir: 1
08-24 14:43:40.951  4585  8021 D InputDispatcher: Focused application set to (0): 6f2f875
08-24 14:43:40.956  7388  7388 I HBD     : HoneyBoardService [PF_OP][onStartInput]  6498615 ns
08-24 14:43:40.960  4226  5357 I Layer   : id=88336 removeFromCurrentState Surface(name=a3a0629 InputMethod)/@0x54f474f - animation-leash#1 (82)
08-24 14:43:40.960  4226  5357 I Layer   : id=78 removeFromCurrentState a3a0629 InputMethod#0 (82)
08-24 14:43:40.960  4226  5357 I Layer   : id=88323 removeFromCurrentState ActivityRecord{149eeb6 u0 com.example.dogglers/.GridListActivity t1566}#0 (82)
08-24 14:43:40.960  4226  5357 I Layer   : id=78 addToCurrentState a3a0629 InputMethod#0 (82)
08-24 14:43:40.961  4226  5357 I SurfaceFlinger: id=88323 Removed ActivityRecord{149eeb6 u0 com.example.dogglers/.GridListActivity t1566}#0 (82)
08-24 14:43:40.966 24159 24159 D LifecycleMonitor: Lifecycle status change: androidx.test.core.app.InstrumentationActivityInvoker$BootstrapActivity@cced216 in: DESTROYED
08-24 14:43:40.967 24159 24159 V ActivityScenario: Activity lifecycle changed event received but ignored because the intent does not match. startActivityIntent=Intent { act=android.intent.action.MAIN cat=[android.intent.category.LAUNCHER] cmp=com.example.dogglers/.GridListActivity }, activity.getIntent()=Intent { act=android.intent.action.MAIN cat=[android.intent.category.LAUNCHER] flg=0x10008000 cmp=com.example.dogglers/androidx.test.core.app.InstrumentationActivityInvoker$BootstrapActivity (has extras) }, activity=androidx.test.core.app.InstrumentationActivityInvoker$BootstrapActivity@cced216
08-24 14:43:40.967  4226  4226 I Layer   : id=88323[1] Destroyed ActivityRecord{149eeb6 u0 com.example.dogglers/.GridListActivity t1566}#0
08-24 14:43:40.969  4585  7096 I SurfaceControl: nativeRelease nativeObject s[535579927264]
08-24 14:43:40.969  4585  7096 I SurfaceControl: nativeRelease nativeObject e[535579927264]
08-24 14:43:40.975  4226  4251 I Layer   : id=88313 removeFromCurrentState ActivityRecord{40e9307 u0 com.example.dogglers/androidx.test.core.app.InstrumentationActivityInvoker$BootstrapActivity t1566}#0 (81)
08-24 14:43:40.975  4226  4251 I SurfaceFlinger: id=88313 Removed ActivityRecord{40e9307 u0 com.example.dogglers/androidx.test.core.app.InstrumentationActivityInvoker$BootstrapActivity t1566}#0 (81)
08-24 14:43:40.979 24159 24159 D LifecycleMonitor: Lifecycle status change: androidx.test.core.app.InstrumentationActivityInvoker$EmptyActivity@9acf722 in: PRE_ON_CREATE
08-24 14:43:40.979 24159 24159 V ActivityScenario: Activity lifecycle changed event received but ignored because the intent does not match. startActivityIntent=Intent { act=android.intent.action.MAIN cat=[android.intent.category.LAUNCHER] cmp=com.example.dogglers/.GridListActivity }, activity.getIntent()=Intent { act=android.intent.action.MAIN cat=[android.intent.category.LAUNCHER] flg=0x10000000 cmp=com.example.dogglers/androidx.test.core.app.InstrumentationActivityInvoker$EmptyActivity }, activity=androidx.test.core.app.InstrumentationActivityInvoker$EmptyActivity@9acf722
08-24 14:43:40.984  4226  4226 I Layer   : id=88313[1] Destroyed ActivityRecord{40e9307 u0 com.example.dogglers/androidx.test.core.app.InstrumentationActivityInvoker$BootstrapActivity t1566}#0
08-24 14:43:40.985  4585  7096 I InputDispatcher: Focus left window (24159): 482be8b in display 0 0
08-24 14:43:40.987 24159 24159 I DecorView: [INFO] isPopOver=false, config=true
08-24 14:43:40.987 24159 24159 I DecorView: updateCaptionType >> DecorView@ffbe770[], isFloating=false, isApplication=true, hasWindowDecorCaption=false, hasWindowControllerCallback=true
08-24 14:43:40.987 24159 24159 D DecorView: setCaptionType = 0, this = DecorView@ffbe770[]
08-24 14:43:40.994 24159 24159 D LifecycleMonitor: Lifecycle status change: androidx.test.core.app.InstrumentationActivityInvoker$EmptyActivity@9acf722 in: CREATED
08-24 14:43:40.995 24159 24159 V ActivityScenario: Activity lifecycle changed event received but ignored because the intent does not match. startActivityIntent=Intent { act=android.intent.action.MAIN cat=[android.intent.category.LAUNCHER] cmp=com.example.dogglers/.GridListActivity }, activity.getIntent()=Intent { act=android.intent.action.MAIN cat=[android.intent.category.LAUNCHER] flg=0x10000000 cmp=com.example.dogglers/androidx.test.core.app.InstrumentationActivityInvoker$EmptyActivity }, activity=androidx.test.core.app.InstrumentationActivityInvoker$EmptyActivity@9acf722
08-24 14:43:40.998 24159 24159 D LifecycleMonitor: Lifecycle status change: androidx.test.core.app.InstrumentationActivityInvoker$EmptyActivity@9acf722 in: STARTED
08-24 14:43:40.998 24159 24159 V ActivityScenario: Activity lifecycle changed event received but ignored because the intent does not match. startActivityIntent=Intent { act=android.intent.action.MAIN cat=[android.intent.category.LAUNCHER] cmp=com.example.dogglers/.GridListActivity }, activity.getIntent()=Intent { act=android.intent.action.MAIN cat=[android.intent.category.LAUNCHER] flg=0x10000000 cmp=com.example.dogglers/androidx.test.core.app.InstrumentationActivityInvoker$EmptyActivity }, activity=androidx.test.core.app.InstrumentationActivityInvoker$EmptyActivity@9acf722
08-24 14:43:41.023 24159 24159 D LifecycleMonitor: Lifecycle status change: androidx.test.core.app.InstrumentationActivityInvoker$EmptyActivity@9acf722 in: RESUMED
08-24 14:43:41.023 24159 24159 V ActivityScenario: Activity lifecycle changed event received but ignored because the intent does not match. startActivityIntent=Intent { act=android.intent.action.MAIN cat=[android.intent.category.LAUNCHER] cmp=com.example.dogglers/.GridListActivity }, activity.getIntent()=Intent { act=android.intent.action.MAIN cat=[android.intent.category.LAUNCHER] flg=0x10000000 cmp=com.example.dogglers/androidx.test.core.app.InstrumentationActivityInvoker$EmptyActivity }, activity=androidx.test.core.app.InstrumentationActivityInvoker$EmptyActivity@9acf722
08-24 14:43:41.028  4585  8021 D InputTransport: Input channel constructed: 'c7f2e61', fd=724
08-24 14:43:41.029  4585  8021 D InputTransport: Input channel constructed: 'c7f2e61', fd=726
08-24 14:43:41.029  4226  5357 I SurfaceFlinger: id=88338 createSurf (0x0),-1 flag=80004, c7f2e61 com.example.dogglers/androidx.test.core.app.InstrumentationActivityInvoker$EmptyActivity#0
08-24 14:43:41.030  4585  8021 D WindowManager: isScreenshotDisabledLocked - win: Window{c7f2e61 u0 com.example.dogglers/androidx.test.core.app.InstrumentationActivityInvoker$EmptyActivity}
08-24 14:43:41.030  4585  8021 D WindowManager: isScreenshotDisabledLocked: userId = 0, disabled =false
08-24 14:43:41.030  4585  8021 D InputTransport: Input channel destroyed: 'c7f2e61', fd=726
08-24 14:43:41.031 24159 24159 D InputTransport: Input channel constructed: 'c7f2e61', fd=89
08-24 14:43:41.033 24159 24159 I ViewRootImpl@3c50a0f[InstrumentationActivityInvoker$EmptyActivity]: setView = com.android.internal.policy.DecorView@ffbe770 TM=true
08-24 14:43:41.038 24159 24159 I SurfaceControl: nativeRelease nativeObject s[537807151232]
08-24 14:43:41.038 24159 24159 I SurfaceControl: nativeRelease nativeObject e[537807151232]
08-24 14:43:41.038  4585  8021 D SamsungIMMSHWKeyboard: isConnectedDexOnPC false
08-24 14:43:41.038 24159 24159 I SurfaceControl: nativeRelease nativeObject s[537807151040]
08-24 14:43:41.038 24159 24159 I SurfaceControl: nativeRelease nativeObject e[537807151040]
08-24 14:43:41.046  4585  7034 V WindowManager: Relayout Window{c7f2e61 u0 com.example.dogglers/androidx.test.core.app.InstrumentationActivityInvoker$EmptyActivity}: viewVisibility=0 req=1080x2340
08-24 14:43:41.049  4585  7034 D WindowManager: isScreenshotDisabledLocked - win: Window{c7f2e61 u0 com.example.dogglers/androidx.test.core.app.InstrumentationActivityInvoker$EmptyActivity}
08-24 14:43:41.050  4585  7034 D WindowManager: isScreenshotDisabledLocked: userId = 0, disabled =false
08-24 14:43:41.052  4226  4251 I SurfaceFlinger: id=88339 createSurf (1080x2340),1 flag=404, com.example.dogglers/androidx.test.core.app.InstrumentationActivityInvoker$EmptyActivity$_24159#1
08-24 14:43:41.056  4585  7034 I SurfaceControl: nativeRelease nativeObject s[535558903136]
08-24 14:43:41.056  4585  7034 I SurfaceControl: nativeRelease nativeObject e[535558903136]
08-24 14:43:41.056  4226  4251 I SurfaceFlinger: id=88340 createSurf (0x0),-1 flag=24000, Surface(name=e455c2d StatusBar)/@0x2f65071 - animation-leash#1
08-24 14:43:41.057  4585  7034 I SurfaceControl: nativeRelease nativeObject s[535558903232]
08-24 14:43:41.057  4585  7034 I SurfaceControl: nativeRelease nativeObject e[535558903232]
08-24 14:43:41.058  4226  4251 I SurfaceFlinger: id=88341 createSurf (0x0),-1 flag=24000, Surface(name=a71bb8f NavigationBar0)/@0x8f38906 - animation-leash#1
08-24 14:43:41.060  4585  7034 V WindowManager: Relayout hash=c7f2e61, pid=24159: mAttrs={(0,0)(fillxfill) sim={adjust=pan forwardNavigation} ty=BASE_APPLICATION wanim=0x1030001
08-24 14:43:41.060  4585  7034 V WindowManager:   fl=1810100
08-24 14:43:41.060  4585  7034 V WindowManager:   pfl=12020000
08-24 14:43:41.060  4585  7034 V WindowManager:   apr=LIGHT_NAVIGATION_BARS
08-24 14:43:41.060  4585  7034 V WindowManager:   fitSides= naviIconColor=0
08-24 14:43:41.060  4585  7034 V WindowManager:   sfl=100000}
08-24 14:43:41.060  4585  7034 I SurfaceControl: nativeRelease nativeObject s[535556330240]
08-24 14:43:41.061  4585  7034 I SurfaceControl: nativeRelease nativeObject e[535556330240]
08-24 14:43:41.063 24159 24159 I SurfaceControl: assignNativeObject: nativeObject = 0 Surface(name=null)/@0xa900a9c / android.view.SurfaceControl.readFromParcel:1117 android.view.IWindowSession$Stub$Proxy.relayout:1820 android.view.ViewRootImpl.relayoutWindow:9005 android.view.ViewRootImpl.performTraversals:3360 android.view.ViewRootImpl.doTraversal:2618 android.view.ViewRootImpl$TraversalRunnable.run:9971 android.view.Choreographer$CallbackRecord.run:1010 android.view.Choreographer.doCallbacks:809 android.view.Choreographer.doFrame:744 android.view.Choreographer$FrameDisplayEventReceiver.run:995
08-24 14:43:41.064 24159 24159 I ViewRootImpl@3c50a0f[InstrumentationActivityInvoker$EmptyActivity]: Relayout returned: old=(0,0,1080,2340) new=(0,0,1080,2340) req=(1080,2340)0 dur=19 res=0x7 s={true 536236204032} ch=true fn=-1
08-24 14:43:41.068  4585  8021 D InputMethodManagerService: isImeSwitcherDisabledPackage : false
08-24 14:43:41.068  4159 17194 D gralloc : [mali_gralloc_allocate] begin
08-24 14:43:41.068  4159 17194 D gralloc : buffer_descriptor: wh(1080 2340) usage_pc(0x40000000000b00 0x40000000000b00) hal_format(0x1) layer_count(1) sizes(0 0 0) strde(0) byte_stride(0) alloc_wh(0 0) internal_format(0x0) alloc_format(0x0) fd_count(1) plane_count(0)
08-24 14:43:41.069 24159 24159 I ViewRootImpl@3c50a0f[InstrumentationActivityInvoker$EmptyActivity]: [DP] dp(1) 1 android.view.ViewRootImpl.reportNextDraw:10957 android.view.ViewRootImpl.performTraversals:3845 android.view.ViewRootImpl.doTraversal:2618
08-24 14:43:41.069 24159 24159 I ViewRootImpl@3c50a0f[InstrumentationActivityInvoker$EmptyActivity]: [DP] pd() Asnyc report
08-24 14:43:41.071  4159 17194 D gralloc : [mali_gralloc_allocate] allocation successful
08-24 14:43:41.072  4226  4601 I Layer   : id=88334 removeFromCurrentState Surface(name=a71bb8f NavigationBar0)/@0x8f38906 - animation-leash#0 (84)
08-24 14:43:41.072  4226  4601 I Layer   : id=26 removeFromCurrentState a71bb8f NavigationBar0#0 (84)
08-24 14:43:41.072  4226  4601 I Layer   : id=36 removeFromCurrentState NavigationBar0$_4896#0 (84)
08-24 14:43:41.072  4226  4601 I Layer   : id=88333 removeFromCurrentState Surface(name=e455c2d StatusBar)/@0x2f65071 - animation-leash#0 (84)
08-24 14:43:41.072  4226  4601 I Layer   : id=26 addToCurrentState a71bb8f NavigationBar0#0 (84)
08-24 14:43:41.072  4226  4601 I Layer   : id=36 addToCurrentState NavigationBar0$_4896#0 (84)
08-24 14:43:41.074  9865  9865 I TrayStateController: systemUiVisibilityChanged : 0 0
08-24 14:43:41.075  4159 17194 D gralloc : [mali_gralloc_allocate] begin
08-24 14:43:41.075  4159 17194 D gralloc : buffer_descriptor: wh(1080 2340) usage_pc(0x40000000000b00 0x40000000000b00) hal_format(0x1) layer_count(1) sizes(0 0 0) strde(0) byte_stride(0) alloc_wh(0 0) internal_format(0x0) alloc_format(0x0) fd_count(1) plane_count(0)
08-24 14:43:41.079 24159 24159 I ViewRootImpl@3c50a0f[InstrumentationActivityInvoker$EmptyActivity]: [DP] pdf(0) 1 android.view.ViewRootImpl.lambda$performDraw$1$ViewRootImpl:4668 android.view.-$$Lambda$ViewRootImpl$DJd0VUYJgsebcnSohO6h8zc_ONI.run:6 android.os.Handler.handleCallback:938
08-24 14:43:41.079 24159 24159 I ViewRootImpl@3c50a0f[InstrumentationActivityInvoker$EmptyActivity]: [DP] rdf()
08-24 14:43:41.080 24159 24159 I ViewRootImpl@25218ca[InstrumentationActivityInvoker$EmptyActivity]: MSG_WINDOW_FOCUS_CHANGED 0 1
08-24 14:43:41.082  4159 17194 D gralloc : [mali_gralloc_allocate] allocation successful
08-24 14:43:41.084  4585  4613 D PkgPredictorService: pkg:com.example.dogglers activity:androidx.test.core.app.InstrumentationActivityInvoker$EmptyActivity thisTime:169
08-24 14:43:41.085  4159 17194 D gralloc : [mali_gralloc_allocate] begin
08-24 14:43:41.085  4159 17194 D gralloc : buffer_descriptor: wh(1080 2340) usage_pc(0x40000000000b00 0x40000000000b00) hal_format(0x1) layer_count(1) sizes(0 0 0) strde(0) byte_stride(0) alloc_wh(0 0) internal_format(0x0) alloc_format(0x0) fd_count(1) plane_count(0)
08-24 14:43:41.086  4585  4613 I SemDvfsHyPerManager: acquire hyper - AMS_RESUME_TAIL/4585@18, type = -999
08-24 14:43:41.086  4175  4211 I HYPER-HAL: [RequestManager.cpp]acquire(): Acquired ID : 10596124  [4585 / 18]    HINT : AMS_RESUME_TAIL    list :
08-24 14:43:41.087  4175  4211 I HYPER-HAL: [ResourceManager.cpp]updateResource(): [CPUMinFreq] UpdateResource Request ID : 10596124    Value : 1768000
08-24 14:43:41.086  4585  4617 I ActivityTaskManager: Displayed com.example.dogglers/androidx.test.core.app.InstrumentationActivityInvoker$EmptyActivity: +169ms
08-24 14:43:41.088  4585  4613 I SemDvfsHyPerManager: acquire hyper - AMS_ACT_LAZY/4585@19, type = -999
08-24 14:43:41.089  4175  4211 I HYPER-HAL: [RequestManager.cpp]acquire(): Acquired ID : 10600729  [4585 / 19]    HINT :      list :
08-24 14:43:41.089  4175  4211 E HYPER-HAL: [Request.cpp]acquire(): Request:: id : 10600729, No Resource to set
08-24 14:43:41.090  4175  4211 I HYPER-HAL: [ResourceManager.cpp]removeResource(): [CPUMinFreq] RemoveResource Request ID : 10586917
08-24 14:43:41.090  4175  4211 I HYPER-HAL: [RequestManager.cpp]releaseLocked(): Released ID : 10586917
08-24 14:43:41.096 24159 24159 I SurfaceControl: nativeRelease nativeObject s[536151024992]
08-24 14:43:41.096 24159 24159 I SurfaceControl: nativeRelease nativeObject e[536151024992]
08-24 14:43:41.096 24159 24159 I SurfaceControl: nativeRelease nativeObject s[536151024416]
08-24 14:43:41.096 24159 24159 I SurfaceControl: nativeRelease nativeObject e[536151024416]
08-24 14:43:41.096 24159 24159 I SurfaceControl: nativeRelease nativeObject s[536151024224]
08-24 14:43:41.096  4226  4601 I SurfaceFlinger: id=88334 Removed Surface(name=a71bb8f NavigationBar0)/@0x8f38906 - animation-leash#0 (84)
08-24 14:43:41.096 24159 24159 I SurfaceControl: nativeRelease nativeObject e[536151024224]
08-24 14:43:41.096  4226  4601 I SurfaceFlinger: id=88333 Removed Surface(name=e455c2d StatusBar)/@0x2f65071 - animation-leash#0 (84)
08-24 14:43:41.098  4159 17194 D gralloc : [mali_gralloc_allocate] allocation successful
08-24 14:43:41.100  4585  4609 V LocationManagerService: location appop changed for com.google.android.youtube
08-24 14:43:41.101  4226  4226 I Layer   : id=88334[1] Destroyed Surface(name=a71bb8f NavigationBar0)/@0x8f38906 - animation-leash#0
08-24 14:43:41.101  4226  4226 I Layer   : id=88333[1] Destroyed Surface(name=e455c2d StatusBar)/@0x2f65071 - animation-leash#0
08-24 14:43:41.102  4226  5357 E BufferQueueProducer: [com.example.dogglers/androidx.test.core.app.InstrumentationActivityInvoker$EmptyActivity$_24159#0](id:108200004940,api:0,p:-1,c:4226) disconnect: not connected (req=1)
08-24 14:43:41.102 24159 24214 W libEGL  : EGLNativeWindowType 0x7cb9bf5010 disconnect failed
08-24 14:43:41.103  4585  7096 I InputDispatcher: Focus entered window (24159): c7f2e61 in display 0 0
08-24 14:43:41.103  4585  8021 V WindowManager: Relayout Window{482be8b u0 com.example.dogglers/androidx.test.core.app.InstrumentationActivityInvoker$EmptyActivity}: viewVisibility=8 req=1080x2340
08-24 14:43:41.108  4226  4226 D SurfaceFlinger: Display 0 HWC layers:
08-24 14:43:41.108  4226  4226 D SurfaceFlinger:      DEVICE | 0x77ae6463c0 | 0002 | RGBA_8888    |    0.0    0.0 1080.0 2340.0 |    0    0 1080 2340 | com.example.dogglers/androidx.test.c[...]tivityInvoker$EmptyActivity$_24159#1
08-24 14:43:41.108  4226  4226 D SurfaceFlinger:      DEVICE | 0x77ce816940 | 0000 | RGBA_8888    |    0.0    0.0 1080.0   83.0 |    0    0 1080   83 | StatusBar$_4896#0
08-24 14:43:41.108  4226  4226 D SurfaceFlinger:      DEVICE | 0x77ce8157c0 | 0000 | RGBA_8888    |    0.0    0.0   67.0  342.0 |    0  746   67 1088 | com.samsung.android.app.cocktailbars[...]arservice.CocktailBarService$_9865#0
08-24 14:43:41.108  4226  4226 D SurfaceFlinger:      DEVICE | 0x7851238200 | 0000 | RGBA_8888    |    0.0    0.0  388.0   39.0 |  692 2301 1080 2340 | SGestureOverlayWindow$_5408#0
08-24 14:43:41.108  4226  4226 D SurfaceFlinger:      DEVICE | 0x77ce816800 | 0000 | RGBA_8888    |    0.0    0.0 1080.0  126.0 |    0 2214 1080 2340 | NavigationBar0$_4896#0
08-24 14:43:41.108  4226  4226 D SurfaceFlinger:      DEVICE | 0x77ce814b40 | 0000 | RGBA_8888    |    0.0    0.0 1080.0  151.0 |    0    0 1080  151 | ScreenDecorOverlay$_4896#0
08-24 14:43:41.108  4226  4226 D SurfaceFlinger:      DEVICE | 0x77ce817d40 | 0000 | RGBA_8888    |    0.0    0.0 1080.0  151.0 |    0 2189 1080 2340 | ScreenDecorOverlayBottom$_
08-24 14:43:41.108  5747  5857 I RequestManager_FLP: onOpChanged, op=0 / packageName=com.google.android.youtube
08-24 14:43:41.108  4226  4226 D SurfaceFlinger: 4896#0
08-24 14:43:41.108  4226  4226 D SurfaceFlinger:
08-24 14:43:41.109  4585  8021 V WindowManager: Relayout hash=482be8b, pid=24159: mAttrs={(0,0)(fillxfill) sim={adjust=pan forwardNavigation} ty=BASE_APPLICATION wanim=0x1030001
08-24 14:43:41.109  4585  8021 V WindowManager:   fl=1810100
08-24 14:43:41.109  4585  8021 V WindowManager:   pfl=12020000
08-24 14:43:41.109  4585  8021 V WindowManager:   apr=LIGHT_NAVIGATION_BARS
08-24 14:43:41.109  4585  8021 V WindowManager:   fitSides= naviIconColor=0
08-24 14:43:41.109  4585  8021 V WindowManager:   sfl=100000}
08-24 14:43:41.110 24159 24159 I SurfaceControl: nativeRelease nativeObject s[537807157472]
08-24 14:43:41.110 24159 24159 I SurfaceControl: nativeRelease nativeObject e[537807157472]
08-24 14:43:41.111 24159 24159 I SurfaceControl: assignNativeObject: nativeObject = 0 Surface(name=null)/@0x3383ca5 / android.view.SurfaceControl.readFromParcel:1117 android.view.IWindowSession$Stub$Proxy.relayout:1810 android.view.ViewRootImpl.relayoutWindow:9005 android.view.ViewRootImpl.performTraversals:3360 android.view.ViewRootImpl.doTraversal:2618 android.view.ViewRootImpl$TraversalRunnable.run:9971 android.view.Choreographer$CallbackRecord.run:1010 android.view.Choreographer.doCallbacks:809 android.view.Choreographer.doFrame:744 android.view.Choreographer$FrameDisplayEventReceiver.run:995
08-24 14:43:41.111 24159 24159 I SurfaceControl: assignNativeObject: nativeObject = 0 Surface(name=null)/@0x6be4a3b / android.view.SurfaceControl.readFromParcel:1117 android.view.IWindowSession$Stub$Proxy.relayout:1820 android.view.ViewRootImpl.relayoutWindow:9005 android.view.ViewRootImpl.performTraversals:3360 android.view.ViewRootImpl.doTraversal:2618 android.view.ViewRootImpl$TraversalRunnable.run:9971 android.view.Choreographer$CallbackRecord.run:1010 android.view.Choreographer.doCallbacks:809 android.view.Choreographer.doFrame:744 android.view.Choreographer$FrameDisplayEventReceiver.run:995
08-24 14:43:41.112 24159 24159 I SurfaceControl: nativeRelease nativeObject s[537807151328]
08-24 14:43:41.112 24159 24159 I SurfaceControl: nativeRelease nativeObject e[537807151328]
08-24 14:43:41.113 24159 24159 I ViewRootImpl@25218ca[InstrumentationActivityInvoker$EmptyActivity]: Relayout returned: old=(0,0,1080,2340) new=(0,0,1080,2340) req=(1080,2340)8 dur=9 res=0x5 s={false 0} ch=true fn=2
08-24 14:43:41.129 24159 24159 I ViewRootImpl@3c50a0f[InstrumentationActivityInvoker$EmptyActivity]: MSG_WINDOW_FOCUS_CHANGED 1 1
08-24 14:43:41.129 24159 24159 D InputMethodManager: prepareNavigationBarInfo() DecorView@ffbe770[InstrumentationActivityInvoker$EmptyActivity]
08-24 14:43:41.130 24159 24159 D InputMethodManager: getNavigationBarColor() -855310
08-24 14:43:41.130 24159 24159 D InputMethodManager: prepareNavigationBarInfo() DecorView@ffbe770[InstrumentationActivityInvoker$EmptyActivity]
08-24 14:43:41.130 24159 24159 D InputMethodManager: getNavigationBarColor() -855310
08-24 14:43:41.130 24159 24159 V InputMethodManager: Starting input: tba=com.example.dogglers ic=null mNaviBarColor -855310 mIsGetNaviBarColorSuccess true , NavVisible : true , NavTrans : false
08-24 14:43:41.131 24159 24159 D InputMethodManager: startInputInner - Id : 0
08-24 14:43:41.131 24159 24159 I InputMethodManager: startInputInner - mService.startInputOrWindowGainedFocus
08-24 14:43:41.132  4585  7096 D InputMethodManagerService: mSecureKeypadEnabled = false
08-24 14:43:41.133  4585  7096 V InputMethodManagerService: hideCurrentInputLocked : shouldHideSoftInput is false
08-24 14:43:41.133  4585  7096 D InputMethodManagerService: mDesktopModeManager null!
08-24 14:43:41.133  4585  7096 V InputMethodManagerService: getDisplayIdOfInputMethodWindowToBeAdded : 0
08-24 14:43:41.133  4585  7096 D InputMethodManagerService: checkDisplayOfStartInputAndUpdateKeyboard display Id 0last 0
08-24 14:43:41.133  4585  7096 D InputTransport: Input channel constructed: 'ClientS', fd=726
08-24 14:43:41.133  4585  7096 D InputTransport: Input channel destroyed: 'ClientS', fd=726
08-24 14:43:41.137  4585  7034 I SurfaceControl: nativeRelease nativeObject s[535556872704]
08-24 14:43:41.137  4585  7034 I SurfaceControl: nativeRelease nativeObject e[535556872704]
08-24 14:43:41.137 24159 24159 D InputTransport: Input channel constructed: 'ClientS', fd=92
08-24 14:43:41.137 24159 24159 D InputTransport: Input channel destroyed: 'ClientS', fd=80
08-24 14:43:41.138 24159 24159 I ViewRootImpl@25218ca[InstrumentationActivityInvoker$EmptyActivity]: stopped(true) old=false
08-24 14:43:41.139 24159 24159 D LifecycleMonitor: Lifecycle status change: androidx.test.core.app.InstrumentationActivityInvoker$EmptyActivity@4d6a179 in: STOPPED
08-24 14:43:41.140 24159 24159 V ActivityScenario: Activity lifecycle changed event received but ignored because the intent does not match. startActivityIntent=Intent { act=android.intent.action.MAIN cat=[android.intent.category.LAUNCHER] cmp=com.example.dogglers/.GridListActivity }, activity.getIntent()=Intent { act=android.intent.action.MAIN cat=[android.intent.category.LAUNCHER] flg=0x10000000 cmp=com.example.dogglers/androidx.test.core.app.InstrumentationActivityInvoker$EmptyActivity }, activity=androidx.test.core.app.InstrumentationActivityInvoker$EmptyActivity@4d6a179
08-24 14:43:41.140  4226  5357 I SurfaceFlinger: id=88342 createSurf (0x0),-1 flag=24004, Surface(name=a3a0629 InputMethod)/@0x54f474f - animation-leash#1
08-24 14:43:41.142  7388  7388 I HBD     : HoneyBoardService onFinishInput
08-24 14:43:41.142  7388  7388 I HBD     : a IC have been unbinded,  InputConnectionWrapper{idHash=#a0d2541 mMissingMethods=}
08-24 14:43:41.143  7388  7388 I HBD     : HoneyBoardService [PF_CL][onFinishInput]  497423 ns
08-24 14:43:41.143  7388  7388 I HBD     : HoneyBoardService [IMI] onStartInput - caller pid : 24159 , caller uid : 10574
08-24 14:43:41.144  7388  7388 I HBD     : i updateConfigs
08-24 14:43:41.145  7388  7388 I HBD     : i isEnabledNightMode : false
08-24 14:43:41.146  7388  7388 I HBD     : a IC have been binded, InputConnectionWrapper{idHash=#a0d2541 mMissingMethods=}
08-24 14:43:41.149  7388  7388 I HBD     : h [EditorInputType]setPrivateImeOptionsToTable privateImeOptions ( null )
08-24 14:43:41.149  7388  7388 I HBD     : b incognitoMode : false
08-24 14:43:41.149  7388  7388 I HBD     : a needOff = true , isForceOff = false, isNullInputClass : true
08-24 14:43:41.153  4585  7034 I InputDispatcher: Focus left window (24159): c7f2e61 in display 0 0
08-24 14:43:41.156  4226  4251 I Layer   : id=88337 removeFromCurrentState Surface(name=a3a0629 InputMethod)/@0x54f474f - animation-leash#0 (83)
08-24 14:43:41.157  7388  7388 I HBD     : h getDefaultInputRange : UNKNOWN
08-24 14:43:41.160  7388  7388 I HBD     : h getDefaultInputRange : UNKNOWN
08-24 14:43:41.161  7388  7388 I HBD     : h getDefaultInputRange : UNKNOWN
08-24 14:43:41.162  4585  7034 D SdpManagerService: Not an enterprise user : 0
08-24 14:43:41.162  4585  7034 D SdpManagerService: Not an enterprise user : 0
08-24 14:43:41.164  7388  7388 I HBD     : h getDefaultInputRange : UNKNOWN
08-24 14:43:41.165 24159 24159 D LifecycleMonitor: Lifecycle status change: androidx.test.core.app.InstrumentationActivityInvoker$EmptyActivity@4d6a179 in: DESTROYED
08-24 14:43:41.166 24159 24159 V ActivityScenario: Activity lifecycle changed event received but ignored because the intent does not match. startActivityIntent=Intent { act=android.intent.action.MAIN cat=[android.intent.category.LAUNCHER] cmp=com.example.dogglers/.GridListActivity }, activity.getIntent()=Intent { act=android.intent.action.MAIN cat=[android.intent.category.LAUNCHER] flg=0x10000000 cmp=com.example.dogglers/androidx.test.core.app.InstrumentationActivityInvoker$EmptyActivity }, activity=androidx.test.core.app.InstrumentationActivityInvoker$EmptyActivity@4d6a179
08-24 14:43:41.166  7388  7388 I HBD     : a currentState : 0
08-24 14:43:41.169 24159 24159 I ViewRootImpl@25218ca[InstrumentationActivityInvoker$EmptyActivity]: dispatchDetachedFromWindow
08-24 14:43:41.169  4585  7034 D InputTransport: Input channel destroyed: '482be8b', fd=710
08-24 14:43:41.170  4585  7034 I SurfaceControl: nativeRelease nativeObject s[535567044576]
08-24 14:43:41.170  4585  7034 I SurfaceControl: nativeRelease nativeObject e[535567044576]
08-24 14:43:41.171  4585  7034 D WindowManager: isScreenshotDisabledLocked - win: Window{482be8b u0 com.example.dogglers/androidx.test.core.app.InstrumentationActivityInvoker$EmptyActivity}
08-24 14:43:41.171  4585  7034 D WindowManager: isScreenshotDisabledLocked: userId = 0, disabled =false
08-24 14:43:41.172  4585  7034 I SurfaceControl: nativeRelease nativeObject s[535557017952]
08-24 14:43:41.172  4585  7034 I SurfaceControl: nativeRelease nativeObject e[535557017952]
08-24 14:43:41.172  4226  4251 I Layer   : id=88332 removeFromCurrentState com.example.dogglers/androidx.test.core.app.InstrumentationActivityInvoker$EmptyActivity$_24159#0 (83)
08-24 14:43:41.173  4226  4251 I SurfaceFlinger: id=88332 Removed com.example.dogglers/androidx.test.core.app.InstrumentationActivityInvoker$EmptyActivity$_24159#0 (83)
08-24 14:43:41.173  7388  7388 I HBD     : h load selected json info : {"version":"1.0","currentLanguageOrder":0,"selected":[{"activeOptionList":["auto_replace","auto_spacing"],"engName":"Russian","id":3342336,"inputType":"qwerty","isUsed":true},{"activeOptionList":["auto_replace","auto_spacing"],"engName":"English","id":65537,"inputType":"qwerty","isUsed":true}]}
08-24 14:43:41.174  4226  4251 I Layer   : id=88331 removeFromCurrentState 482be8b com.example.dogglers/androidx.test.core.app.InstrumentationActivityInvoker$EmptyActivity#0 (83)
08-24 14:43:41.174  7388  7388 I HBD     : a [UpdatePolicy] [post] a: 0 cl: 3342336 kit: [0/0] vt: 0 ir: 1
08-24 14:43:41.176  4226  4251 I SurfaceFlinger: id=88331 Removed 482be8b com.example.dogglers/androidx.test.core.app.InstrumentationActivityInvoker$EmptyActivity#0 (83)
08-24 14:43:41.177 24159 24159 D InputTransport: Input channel destroyed: '482be8b', fd=93
08-24 14:43:41.177  7388  7388 I HBD     : HoneyBoardService [PF_OP][onStartInput]  33523039 ns
08-24 14:43:41.180 24159 24159 D LifecycleMonitor: Lifecycle status change: androidx.test.core.app.InstrumentationActivityInvoker$EmptyActivity@9acf722 in: PAUSED
08-24 14:43:41.180  4585  7096 I SurfaceControl: nativeRelease nativeObject s[535557017856]
08-24 14:43:41.180  4585  7096 I SurfaceControl: nativeRelease nativeObject e[535557017856]
08-24 14:43:41.181 24159 24159 V ActivityScenario: Activity lifecycle changed event received but ignored because the intent does not match. startActivityIntent=Intent { act=android.intent.action.MAIN cat=[android.intent.category.LAUNCHER] cmp=com.example.dogglers/.GridListActivity }, activity.getIntent()=Intent { act=android.intent.action.MAIN cat=[android.intent.category.LAUNCHER] flg=0x10000000 cmp=com.example.dogglers/androidx.test.core.app.InstrumentationActivityInvoker$EmptyActivity }, activity=androidx.test.core.app.InstrumentationActivityInvoker$EmptyActivity@9acf722
08-24 14:43:41.183  4585  7034 I SemDvfsHyPerManager: acquire hyper - AMS_ACT_RESUME/4585@33, type = -999
08-24 14:43:41.184  4175  4211 I HYPER-HAL: [RequestManager.cpp]acquire(): Acquired ID : 10665304  [4585 / 33]    HINT : AMS_ACT_RESUME    list :
08-24 14:43:41.184  4226  4226 I Layer   : id=88331[1] Destroyed 482be8b com.example.dogglers/androidx.test.core.app.InstrumentationActivityInvoker$EmptyActivity#0
08-24 14:43:41.184  4175  4211 I HYPER-HAL: [ResourceManager.cpp]updateResource(): [CPUMinFreq] UpdateResource Request ID : 10665304    Value : 1664000
08-24 14:43:41.184  4226  4226 I Layer   : id=88332[1] Destroyed com.example.dogglers/androidx.test.core.app.InstrumentationActivityInvoker$EmptyActivity$_24159#0
08-24 14:43:41.184  4585  7034 D InputDispatcher: Focused application set to (0): 3890c50
08-24 14:43:41.185  4140  4146 E statsd  : Predicate -7037417284711607308 dropping data for dimension key (10)0x2010101->10574[I] (10)0x30000->*launch*[S]
08-24 14:43:41.185  4140  4146 E statsd  : Predicate 5980654721335871649 dropping data for dimension key (10)0x2010101->10574[I] (10)0x30000->*launch*[S]
08-24 14:43:41.186  4585  7034 V WindowOrientationListener: getProposedRotation: -1
08-24 14:43:41.186  4585  7034 V WindowOrientationListener: getProposedRotation: -1
08-24 14:43:41.188  4585  7034 V WindowOrientationListener: getProposedRotation: -1
08-24 14:43:41.194  4226  5357 I Layer   : id=88330 removeFromCurrentState ActivityRecord{7abebe4 u0 com.example.dogglers/androidx.test.core.app.InstrumentationActivityInvoker$EmptyActivity t1566}#0 (81)
08-24 14:43:41.195  4226  4248 I SurfaceFlinger: id=88330 Removed ActivityRecord{7abebe4 u0 com.example.dogglers/androidx.test.core.app.InstrumentationActivityInvoker$EmptyActivity t1566}#0 (81)
08-24 14:43:41.196  4585  7034 D SamsungIMMSHWKeyboard: isConnectedDexOnPC false
08-24 14:43:41.196 24159 24159 I SurfaceControl: nativeRelease nativeObject s[536151022112]
08-24 14:43:41.197 24159 24159 I SurfaceControl: nativeRelease nativeObject e[536151022112]
08-24 14:43:41.197 24159 24159 I SurfaceControl: nativeRelease nativeObject s[536151025280]
08-24 14:43:41.197 24159 24159 I SurfaceControl: nativeRelease nativeObject e[536151025280]
08-24 14:43:41.197 24159 24159 I SurfaceControl: nativeRelease nativeObject s[537807157472]
08-24 14:43:41.197 24159 24159 I SurfaceControl: nativeRelease nativeObject e[537807157472]
08-24 14:43:41.198 24159 24159 I ViewRootImpl@3c50a0f[InstrumentationActivityInvoker$EmptyActivity]: MSG_WINDOW_FOCUS_CHANGED 0 1
08-24 14:43:41.198  4585  7034 D InputMethodManagerService: isImeSwitcherDisabledPackage : false
08-24 14:43:41.198 24159 24204 I TestRunner: finished: recycler_view_item_count(com.example.dogglers.GridListTests)
