08-24 14:43:51.567 24159 24204 I TestRunner: started: recycler_view_item_count(com.example.dogglers.VerticalListTests)
08-24 14:43:51.567  4585  4635 D FastTrack: setFastTrackState: pid = 24159 ;tid= 24159 ;value= 0
08-24 14:43:51.567 24159 24159 D LifecycleMonitor: Lifecycle status change: androidx.test.core.app.InstrumentationActivityInvoker$EmptyActivity@f451d36 in: DESTROYED
08-24 14:43:51.567  4585  4635 D FastTrack: setFastTrackState: pid = 24159 ;tid= 24214 ;value= 0
08-24 14:43:51.570  4585  4610 D SehCodecSolutionService: Update top [com.google.android.youtube]
08-24 14:43:51.570 24159 24159 I ViewRootImpl@24fbcd3[InstrumentationActivityInvoker$EmptyActivity]: dispatchDetachedFromWindow
08-24 14:43:51.570  4585  7044 D InputTransport: Input channel destroyed: 'efbd80f', fd=681
08-24 14:43:51.571  4585  7044 I SurfaceControl: nativeRelease nativeObject s[535556339072]
08-24 14:43:51.571  4585  7044 I SurfaceControl: nativeRelease nativeObject e[535556339072]
08-24 14:43:51.571  4585  7044 D WindowManager: isScreenshotDisabledLocked - win: Window{efbd80f u0 com.example.dogglers/androidx.test.core.app.InstrumentationActivityInvoker$EmptyActivity}
08-24 14:43:51.571  4585  7044 D WindowManager: isScreenshotDisabledLocked: userId = 0, disabled =false
08-24 14:43:51.571  4585  7044 I SurfaceControl: nativeRelease nativeObject s[537628422304]
08-24 14:43:51.571  4585  7044 I SurfaceControl: nativeRelease nativeObject e[537628422304]
08-24 14:43:51.571  4226  5359 I Layer   : id=88647 removeFromCurrentState com.example.dogglers/androidx.test.core.app.InstrumentationActivityInvoker$EmptyActivity$_24159#1 (77)
08-24 14:43:51.573  4226  4251 I SurfaceFlinger: id=88647 Removed com.example.dogglers/androidx.test.core.app.InstrumentationActivityInvoker$EmptyActivity$_24159#1 (77)
08-24 14:43:51.573  4896  4896 D SecStatusBarMobileView: setStaticDrawableColor:
08-24 14:43:51.574  4896  4896 D SecStatusBarMobileView: setStaticDrawableColor:
08-24 14:43:51.577  4226  4248 I Layer   : id=88646 removeFromCurrentState efbd80f com.example.dogglers/androidx.test.core.app.InstrumentationActivityInvoker$EmptyActivity#0 (77)
08-24 14:43:51.578  4226  4248 I SurfaceFlinger: id=88646 Removed efbd80f com.example.dogglers/androidx.test.core.app.InstrumentationActivityInvoker$EmptyActivity#0 (77)
08-24 14:43:51.578 24159 24159 D InputTransport: Input channel destroyed: 'efbd80f', fd=80
08-24 14:43:51.580  4585  7040 I SurfaceControl: nativeRelease nativeObject s[537628420480]
08-24 14:43:51.580  4585  7040 I SurfaceControl: nativeRelease nativeObject e[537628420480]
08-24 14:43:51.581  4585  7040 I SurfaceControl: nativeRelease nativeObject s[537628422016]
08-24 14:43:51.581  4585  7040 I SurfaceControl: nativeRelease nativeObject e[537628422016]
08-24 14:43:51.586  4226  4248 I Layer   : id=88645 removeFromCurrentState ActivityRecord{2ac783b u0 com.example.dogglers/androidx.test.core.app.InstrumentationActivityInvoker$EmptyActivity t1574}#0 (77)
08-24 14:43:51.586  4226  4248 I Layer   : id=88617 removeFromCurrentState Task=1574#0 (77)
08-24 14:43:51.587  4226  5359 I SurfaceFlinger: id=88645 Removed ActivityRecord{2ac783b u0 com.example.dogglers/androidx.test.core.app.InstrumentationActivityInvoker$EmptyActivity t1574}#0 (77)
08-24 14:43:51.587  4226  5359 I SurfaceFlinger: id=88617 Removed Task=1574#0 (77)
08-24 14:43:51.588 24159 24204 W Settings: Setting always_finish_activities has moved from android.provider.Settings.System to android.provider.Settings.Global, returning read-only value.
08-24 14:43:51.589  4226  4226 I Layer   : id=88647[1] Destroyed com.example.dogglers/androidx.test.core.app.InstrumentationActivityInvoker$EmptyActivity$_24159#1
08-24 14:43:51.590  4896  4896 D SecStatusBarMobileView: setStaticDrawableColor:
08-24 14:43:51.590  4896  4896 D SecStatusBarMobileView: setStaticDrawableColor:
08-24 14:43:51.590  4226  4226 I Layer   : id=88617[1] Destroyed Task=1574#0
08-24 14:43:51.590  4226  4226 I Layer   : id=88645[1] Destroyed ActivityRecord{2ac783b u0 com.example.dogglers/androidx.test.core.app.InstrumentationActivityInvoker$EmptyActivity t1574}#0
08-24 14:43:51.590  4226  4226 I Layer   : id=88646[1] Destroyed efbd80f com.example.dogglers/androidx.test.core.app.InstrumentationActivityInvoker$EmptyActivity#0
08-24 14:43:51.606  4896  4896 D SecStatusBarMobileView: setStaticDrawableColor:
08-24 14:43:51.606  4896  4896 D SecStatusBarMobileView: setStaticDrawableColor:
08-24 14:43:51.617  4585  5732 I SemDvfsHyPerManager: acquire hyper - AMS_APP_SWITCH/4585@30, type = -999
08-24 14:43:51.617  4175  4211 I HYPER-HAL: [RequestManager.cpp]acquire(): Acquired ID : 10651450  [4585 / 30]    HINT : AMS_APP_SWITCH    list :
08-24 14:43:51.618  4175  4211 I HYPER-HAL: [ResourceManager.cpp]updateResource(): [CPUMinFreq] UpdateResource Request ID : 10651450    Value : 2314000
08-24 14:43:51.619  7134  7134 I SemDvfsHyPerManager: acquire hyper - com.sec.android.sdhms/7134@9, type = -999
08-24 14:43:51.619  4226  4248 I SurfaceFlinger: id=88659 createSurf (0x0),-1 flag=24004, Task=1575#0
08-24 14:43:51.619  4175  4211 I HYPER-HAL: [RequestManager.cpp]acquire(): Acquired ID : 25514805  [7134 / 9]    HINT : APP_START    list :
08-24 14:43:51.620  4175  4211 E HYPER-HAL: [HandlerSysfs.cpp]doResourceHandling(): Couldn't Open Sysfs - /sys/kernel/mm/vmscan/am_app_launch
08-24 14:43:51.620  4175  4211 I HYPER-HAL: [ResourceManager.cpp]updateResource(): [CPUMaxFreq] UpdateResource Request ID : 25514805    Value : 2314000
08-24 14:43:51.622  4226  4248 I SurfaceFlinger: id=88660 createSurf (0x0),-1 flag=80004, ActivityRecord{9267be2 u0 com.example.dogglers/androidx.test.core.app.InstrumentationActivityInvoker$BootstrapActivity t1575}#0
08-24 14:43:51.625  4585  8021 V WindowOrientationListener: getProposedRotation: -1
08-24 14:43:51.628  4140  4146 E statsd  : Predicate -7037417284711607308 dropping data for dimension key (10)0x2010101->10574[I] (10)0x30000->*launch*[S]
08-24 14:43:51.628  4896  4896 D SecStatusBarMobileView: setStaticDrawableColor:
08-24 14:43:51.628  4896  4896 D SecStatusBarMobileView: setStaticDrawableColor:
08-24 14:43:51.629  4140  4146 E statsd  : Predicate 5980654721335871649 dropping data for dimension key (10)0x2010101->10574[I] (10)0x30000->*launch*[S]
08-24 14:43:51.631  4585  8021 I SemDvfsHyPerManager: acquire hyper - AMS_APP_LAUNCH/4585@17, type = -999
08-24 14:43:51.631  4175  4211 I HYPER-HAL: [RequestManager.cpp]acquire(): Acquired ID : 10591520  [4585 / 17]    HINT : AMS_APP_LAUNCH    list :
08-24 14:43:51.634  4175  4211 I HYPER-HAL: [ResourceManager.cpp]updateResource(): [CPUMinFreq] UpdateResource Request ID : 10591520    Value : 2314000
08-24 14:43:51.637  4585  7040 V WindowOrientationListener: getProposedRotation: -1
08-24 14:43:51.637  4585  7040 V WindowOrientationListener: getProposedRotation: -1
08-24 14:43:51.638  4585  7040 V WindowOrientationListener: getProposedRotation: -1
08-24 14:43:51.640  4896  4896 D SecStatusBarMobileView: setStaticDrawableColor:
08-24 14:43:51.640  4896  4896 D SecStatusBarMobileView: setStaticDrawableColor:
08-24 14:43:51.640  4585  7040 D InputDispatcher: Focused application set to (0): 9267be2
08-24 14:43:51.656  4896  4896 D SecStatusBarMobileView: setStaticDrawableColor:
08-24 14:43:51.657  4896  4896 D SecStatusBarMobileView: setStaticDrawableColor:
08-24 14:43:51.675  4226  4226 I SurfaceFlinger: SFWD update time=571769011351997
08-24 14:43:51.686  4149  4184 D audio_hw_primary: device-adev_set_parameters: enter with key(audioHDR=0)
08-24 14:43:51.694  9865  9865 I Utils   : isCurrentUser current = 0, ownerId = 0
08-24 14:43:51.694  9865  9865 I TrayVisibilityController: getComputedTrayVisible : keyguardState = 1
08-24 14:43:51.694  9865  9865 I TrayVisibilityController: updateTrayVisible: State=1 visible=1 mCurrentVisible=1 specificMode=0
08-24 14:43:51.694  9865  9865 I TrayStateController: onNotifyUpdateTray: 0 to need to visible? true
08-24 14:43:51.724  4585  4613 D InputTransport: Input channel constructed: '8dff53 ', fd=681
08-24 14:43:51.724  4585  4613 D InputTransport: Input channel constructed: '8dff53 ', fd=686
08-24 14:43:51.725  4226  4251 I SurfaceFlinger: id=88661 createSurf (0x0),-1 flag=80004, 8dff53 Splash Screen com.example.dogglers#0
08-24 14:43:51.727  4585  4613 I ViewRootImpl@ad99342[dogglers]: setView = com.android.internal.policy.DecorView@237bd89 TM=true
08-24 14:43:51.730 24159 24159 D LifecycleMonitor: Lifecycle status change: androidx.test.core.app.InstrumentationActivityInvoker$BootstrapActivity@d237c1a in: PRE_ON_CREATE
08-24 14:43:51.730 24159 24159 V ActivityScenario: Activity lifecycle changed event received but ignored because the intent does not match. startActivityIntent=Intent { act=android.intent.action.MAIN cat=[android.intent.category.LAUNCHER] cmp=com.example.dogglers/.VerticalListActivity }, activity.getIntent()=Intent { act=android.intent.action.MAIN cat=[android.intent.category.LAUNCHER] flg=0x10008000 cmp=com.example.dogglers/androidx.test.core.app.InstrumentationActivityInvoker$BootstrapActivity (has extras) }, activity=androidx.test.core.app.InstrumentationActivityInvoker$BootstrapActivity@d237c1a
08-24 14:43:51.731  4585  4635 D FastTrack: setFastTrackState: pid = 24159 ;tid= 24159 ;value= 1
08-24 14:43:51.731  4585  4635 D FastTrack: setFastTrackState: pid = 24159 ;tid= 24214 ;value= 1
08-24 14:43:51.737 24159 24159 I DecorView: [INFO] isPopOver=false, config=true
08-24 14:43:51.737 24159 24159 I DecorView: updateCaptionType >> DecorView@c85a128[], isFloating=false, isApplication=true, hasWindowDecorCaption=false, hasWindowControllerCallback=true
08-24 14:43:51.737 24159 24159 D DecorView: setCaptionType = 0, this = DecorView@c85a128[]
08-24 14:43:51.741  4585  7040 I InputDispatcher: Focus left window (21625): 911a194 in display 0 0
08-24 14:43:51.742 21625 21625 I ViewRootImpl@b7edacd[WatchWhileActivity]: MSG_WINDOW_FOCUS_CHANGED 0 1
08-24 14:43:51.744 24159 24159 D LifecycleMonitor: Lifecycle status change: androidx.test.core.app.InstrumentationActivityInvoker$BootstrapActivity@d237c1a in: CREATED
08-24 14:43:51.744  4585  4613 V WindowManager: Relayout Window{8dff53 u0 Splash Screen com.example.dogglers}: viewVisibility=0 req=1080x2340
08-24 14:43:51.744 24159 24159 V ActivityScenario: Activity lifecycle changed event received but ignored because the intent does not match. startActivityIntent=Intent { act=android.intent.action.MAIN cat=[android.intent.category.LAUNCHER] cmp=com.example.dogglers/.VerticalListActivity }, activity.getIntent()=Intent { act=android.intent.action.MAIN cat=[android.intent.category.LAUNCHER] flg=0x10008000 cmp=com.example.dogglers/androidx.test.core.app.InstrumentationActivityInvoker$BootstrapActivity (has extras) }, activity=androidx.test.core.app.InstrumentationActivityInvoker$BootstrapActivity@d237c1a
08-24 14:43:51.746  4585  4613 D WindowManager: isScreenshotDisabledLocked - win: Window{8dff53 u0 Splash Screen com.example.dogglers}
08-24 14:43:51.746  4585  4613 D WindowManager: isScreenshotDisabledLocked: userId = 0, disabled =false
08-24 14:43:51.747  4226  4251 I SurfaceFlinger: id=88662 createSurf (1080x2340),1 flag=404, Splash Screen com.example.dogglers#0
08-24 14:43:51.749  4585  4613 V WindowManager: Relayout hash=8dff53, pid=4585: mAttrs={(0,0)(fillxfill) sim={adjust=pan} layoutInDisplayCutoutMode=shortEdges ty=APPLICATION_STARTING wanim=0x1030001
08-24 14:43:51.749  4585  4613 V WindowManager:   fl=1830118
08-24 14:43:51.749  4585  4613 V WindowManager:   pfl=12020011
08-24 14:43:51.749  4585  4613 V WindowManager:   apr=LIGHT_NAVIGATION_BARS
08-24 14:43:51.749  4585  4613 V WindowManager:   fitSides= naviIconColor=0
08-24 14:43:51.749  4585  4613 V WindowManager:   sfl=100000}
08-24 14:43:51.749 24159 24159 D LifecycleMonitor: Lifecycle status change: androidx.test.core.app.InstrumentationActivityInvoker$BootstrapActivity@d237c1a in: STARTED
08-24 14:43:51.750  4585  4613 I ViewRootImpl@ad99342[dogglers]: Relayout returned: old=(0,0,1080,2340) new=(0,0,1080,2340) req=(1080,2340)0 dur=7 res=0x7 s={true 535581126656} ch=true fn=-1
08-24 14:43:51.750 24159 24159 V ActivityScenario: Activity lifecycle changed event received but ignored because the intent does not match. startActivityIntent=Intent { act=android.intent.action.MAIN cat=[android.intent.category.LAUNCHER] cmp=com.example.dogglers/.VerticalListActivity }, activity.getIntent()=Intent { act=android.intent.action.MAIN cat=[android.intent.category.LAUNCHER] flg=0x10008000 cmp=com.example.dogglers/androidx.test.core.app.InstrumentationActivityInvoker$BootstrapActivity (has extras) }, activity=androidx.test.core.app.InstrumentationActivityInvoker$BootstrapActivity@d237c1a
08-24 14:43:51.750  4585  4820 D PkgPredictorService: com.example.dogglers go to foreground!
08-24 14:43:51.751  4585  4820 E PkgPredictorService-Collector: record changed bt=0  wifi=0 screen=0
08-24 14:43:51.751  4585  4820 D PkgPredictorService: previous pkgs: com.example.dogglers,com.google.android.youtube,com.example.dogglers running pkg: com.example.dogglers, uid: 0 is system: false
08-24 14:43:51.751  4585  4610 D SehCodecSolutionService: Update top [com.example.dogglers]
08-24 14:43:51.751  4585  4613 I ViewRootImpl@ad99342[dogglers]: [DP] dp(1) 1 android.view.ViewRootImpl.reportNextDraw:10957 android.view.ViewRootImpl.performTraversals:3845 android.view.ViewRootImpl.doTraversal:2618
08-24 14:43:51.751  4585  4820 D PkgPredictorService-Collector: save record...
08-24 14:43:51.751  4585  4820 D PkgPredictorService-Collector:  (hour:14 day:4 previous:[com.example.dogglers, com.google.android.youtube, com.example.dogglers] activityName:unknown running:com.example.dogglers userId:0 screenOrientation:0 wifi:0 bt:0 predictTime:13 apkVersion:1.0 consumeTime:-1 preloaded:false>)
08-24 14:43:51.751  4585  4820 D PkgPredictorService-NapPreloadController: User using: com.example.dogglers
08-24 14:43:51.752  4585  4820 I PkgPredictorService-NapClassifier: RF predict version:1661289077471
08-24 14:43:51.752  4159 16850 D gralloc : [mali_gralloc_allocate] begin
08-24 14:43:51.752  4159 16850 D gralloc : buffer_descriptor: wh(1080 2340) usage_pc(0x966 0x906) hal_format(0x1) layer_count(1) sizes(0 0 0) strde(0) byte_stride(0) alloc_wh(0 0) internal_format(0x0) alloc_format(0x0) fd_count(1) plane_count(0)
08-24 14:43:51.753  4585  4820 D PkgPredictorService-NapClassifier: Predict result: 144.0,146.0,166.0, - [0_&_org.telegram.plus, 0_&_com.google.android.youtube, 0_&_com.samsung.android.app.contacts]
08-24 14:43:51.754  4159 16850 D gralloc : [mali_gralloc_allocate] allocation successful
08-24 14:43:51.755  4226  5359 I SurfaceFlinger: id=88663 createSurf (0x0),-1 flag=80004, ActivityRecord{3656343 u0 com.example.dogglers/.VerticalListActivity t1575}#0
08-24 14:43:51.766 24159 24159 D LifecycleMonitor: Lifecycle status change: androidx.test.core.app.InstrumentationActivityInvoker$BootstrapActivity@d237c1a in: RESUMED
08-24 14:43:51.766 24159 24159 V ActivityScenario: Activity lifecycle changed event received but ignored because the intent does not match. startActivityIntent=Intent { act=android.intent.action.MAIN cat=[android.intent.category.LAUNCHER] cmp=com.example.dogglers/.VerticalListActivity }, activity.getIntent()=Intent { act=android.intent.action.MAIN cat=[android.intent.category.LAUNCHER] flg=0x10008000 cmp=com.example.dogglers/androidx.test.core.app.InstrumentationActivityInvoker$BootstrapActivity (has extras) }, activity=androidx.test.core.app.InstrumentationActivityInvoker$BootstrapActivity@d237c1a
08-24 14:43:51.768  4585  4613 I ViewRootImpl@ad99342[dogglers]: [DP] pdf(0) 1 android.view.ViewRootImpl.performDraw:4809 android.view.ViewRootImpl.performTraversals:3866 android.view.ViewRootImpl.doTraversal:2618
08-24 14:43:51.768  4585  4613 I ViewRootImpl@ad99342[dogglers]: [DP] rdf()
08-24 14:43:51.769 15874 15932 I Rubin   : [164608] LoggingEventHelper.notifyUpdatedWithValue(LoggingEventHelper.java:58) : Notify AppUsageLogger's database is updated.
08-24 14:43:51.772 24159 24159 D LifecycleMonitor: Lifecycle status change: androidx.test.core.app.InstrumentationActivityInvoker$BootstrapActivity@d237c1a in: PAUSED
08-24 14:43:51.772 24159 24159 V ActivityScenario: Activity lifecycle changed event received but ignored because the intent does not match. startActivityIntent=Intent { act=android.intent.action.MAIN cat=[android.intent.category.LAUNCHER] cmp=com.example.dogglers/.VerticalListActivity }, activity.getIntent()=Intent { act=android.intent.action.MAIN cat=[android.intent.category.LAUNCHER] flg=0x10008000 cmp=com.example.dogglers/androidx.test.core.app.InstrumentationActivityInvoker$BootstrapActivity (has extras) }, activity=androidx.test.core.app.InstrumentationActivityInvoker$BootstrapActivity@d237c1a
08-24 14:43:51.774  4896  4908 I ndroid.systemu: NativeAlloc concurrent copying GC freed 21498(850KB) AllocSpace objects, 0(0B) LOS objects, 49% free, 19MB/38MB, paused 283us total 218.334ms
08-24 14:43:51.777  4896  4910 W System  : A resource failed to call release.
08-24 14:43:51.777  4896  4910 I SurfaceControl: nativeRelease nativeObject s[537816932928]
08-24 14:43:51.777  4896  4910 I SurfaceControl: nativeRelease nativeObject e[537816932928]
08-24 14:43:51.777  4585  7040 V WindowOrientationListener: getProposedRotation: -1
08-24 14:43:51.777  4226  4248 I SurfaceFlinger: id=88608 Removed Surface(name=a3a0629 InputMethod)/@0x54f474f - animation-leash#1 (78)
08-24 14:43:51.777  4585  7040 V WindowOrientationListener: getProposedRotation: -1
08-24 14:43:51.778  4585  7040 V WindowOrientationListener: getProposedRotation: -1
08-24 14:43:51.780  4585  7040 D InputDispatcher: Focused application set to (0): 3656343
08-24 14:43:51.785  4585  7040 D WindowManager: isScreenshotDisabledLocked - win: Window{a3a0629 u0 InputMethod}
08-24 14:43:51.785  4585  7040 D WindowManager: isScreenshotDisabledLocked: userId = 0, disabled =false
08-24 14:43:51.785  4585  7040 D WindowManager: isScreenshotDisabledLocked - win: Window{911a194 u0 com.google.android.youtube/com.google.android.apps.youtube.app.watchwhile.WatchWhileActivity}
08-24 14:43:51.785  4585  7040 D WindowManager: isScreenshotDisabledLocked: userId = 0, disabled =false
08-24 14:43:51.786  4159 16850 D gralloc : [mali_gralloc_allocate] begin
08-24 14:43:51.786  4159 16850 D gralloc : buffer_descriptor: wh(1080 2340) usage_pc(0x366 0x306) hal_format(0x1) layer_count(1) sizes(0 0 0) strde(0) byte_stride(0) alloc_wh(0 0) internal_format(0x0) alloc_format(0x0) fd_count(1) plane_count(0)
08-24 14:43:51.787  4159 16850 D gralloc : [mali_gralloc_allocate] allocation successful
08-24 14:43:51.789 21625 21625 I SurfaceView: onWindowVisibilityChanged(8) false android.view.SurfaceView{c9edee9 V.E...... ......ID 0,0-1080,607} of ViewRootImpl@b7edacd[WatchWhileActivity]
08-24 14:43:51.790  4226  4226 I Layer   : id=88664[0] Destroyed Screenshot Parent
08-24 14:43:51.790 21625 21625 I SurfaceView: surfaceDestroyed callback.size 1 #2 android.view.SurfaceView{c9edee9 V.E...... ......ID 0,0-1080,607}
08-24 14:43:51.791  4226  4226 I Layer   : id=88608[1] Destroyed Surface(name=a3a0629 InputMethod)/@0x54f474f - animation-leash#1
08-24 14:43:51.791 21625 21625 I SurfaceView: remove() android.view.SurfaceView{c9edee9 V.E...... ......ID 0,0-1080,607} Surface(name=SurfaceView - com.google.android.youtube/com.google.android.apps.youtube.app.watchwhile.WatchWhileActivity@c9edee9@15)/@0xf44b90e
08-24 14:43:51.791 21625 21625 I SurfaceControl: nativeRelease nativeObject s[537816934560]
08-24 14:43:51.791 21625 21625 I SurfaceControl: nativeRelease nativeObject e[537816934560]
08-24 14:43:51.791 21625 21625 I SurfaceControl: nativeRelease nativeObject s[537816934656]
08-24 14:43:51.791 21625 21625 I SurfaceControl: nativeRelease nativeObject e[537816934656]
08-24 14:43:51.792  4226  5359 I Layer   : id=88656 removeFromCurrentState Background for -SurfaceView - com.google.android.youtube/com.google.android.apps.youtube.app.watchwhile.WatchWhileActivity@c9edee9@15#0 (77)
08-24 14:43:51.792  4226  5359 I SurfaceFlinger: id=88656 Removed Background for -SurfaceView - com.google.android.youtube/com.google.android.apps.youtube.app.watchwhile.WatchWhileActivity@c9edee9@15#0 (77)
08-24 14:43:51.792  4226  5359 I SurfaceFlinger: id=88655 Removed SurfaceView - com.google.android.youtube/com.google.android.apps.youtube.app.watchwhile.WatchWhileActivity@c9edee9@15#0 (77)
08-24 14:43:51.795  4226  4248 E BufferQueueProducer: [com.google.android.youtube/com.google.android.apps.youtube.app.watchwhile.WatchWhileActivity$_21625#0](id:108200004972,api:0,p:-1,c:4226) disconnect: not connected (req=1)
08-24 14:43:51.796  4585  7040 I SurfaceControl: nativeRelease nativeObject s[535556325248]
08-24 14:43:51.796  4585  7040 I SurfaceControl: nativeRelease nativeObject e[535556325248]
08-24 14:43:51.796 21625 21862 W libEGL  : EGLNativeWindowType 0x7c930a9010 disconnect failed
08-24 14:43:51.796  4226  4248 I SurfaceFlinger: id=88665 createSurf (0x0),-1 flag=24000, Surface(name=e455c2d StatusBar)/@0x2f65071 - animation-leash#1
08-24 14:43:51.797  9865  9865 I TrayStateController: systemUiVisibilityChanged : 2 0
08-24 14:43:51.797  4585  7040 I SurfaceControl: nativeRelease nativeObject s[535556863488]
08-24 14:43:51.797  4585  7040 I SurfaceControl: nativeRelease nativeObject e[535556863488]
08-24 14:43:51.797  4226  4248 I SurfaceFlinger: id=88666 createSurf (0x0),-1 flag=24000, Surface(name=a71bb8f NavigationBar0)/@0x8f38906 - animation-leash#1
08-24 14:43:51.799  4226  4248 I Layer   : id=88652 removeFromCurrentState Surface(name=e455c2d StatusBar)/@0x2f65071 - animation-leash#0 (79)
08-24 14:43:51.799  4226  4248 I Layer   : id=88653 removeFromCurrentState Surface(name=a71bb8f NavigationBar0)/@0x8f38906 - animation-leash#0 (79)
08-24 14:43:51.800  4585  5087 V WindowManager: Relayout Window{911a194 u0 com.google.android.youtube/com.google.android.apps.youtube.app.watchwhile.WatchWhileActivity}: viewVisibility=8 req=1080x2340
08-24 14:43:51.803  4585  5087 V WindowManager: Relayout hash=911a194, pid=21625: mAttrs={(0,0)(fillxfill) sim={adjust=resize} layoutInDisplayCutoutMode=shortEdges ty=BASE_APPLICATION fmt=TRANSLUCENT wanim=0x1030304 sysuil=true
08-24 14:43:51.803  4585  5087 V WindowManager:   fl=81810100
08-24 14:43:51.803  4585  5087 V WindowManager:   pfl=12020000
08-24 14:43:51.803  4585  5087 V WindowManager:   vsysui=3710
08-24 14:43:51.803  4585  5087 V WindowManager:   apr=LIGHT_STATUS_BARS LIGHT_NAVIGATION_BARS
08-24 14:43:51.803  4585  5087 V WindowManager:   bhv=SHOW_TRANSIENT_BARS_BY_SWIPE
08-24 14:43:51.803  4585  5087 V WindowManager:   fitSides= naviIconColor=0}
08-24 14:43:51.804 21625 21625 I SurfaceControl: nativeRelease nativeObject s[537830548832]
08-24 14:43:51.804 21625 21625 I SurfaceControl: nativeRelease nativeObject e[537830548832]
08-24 14:43:51.804 21625 21625 I SurfaceControl: assignNativeObject: nativeObject = 0 Surface(name=null)/@0x10ea726 / android.view.SurfaceControl.readFromParcel:1117 android.view.IWindowSession$Stub$Proxy.relayout:1810 android.view.ViewRootImpl.relayoutWindow:9005 android.view.ViewRootImpl.performTraversals:3360 android.view.ViewRootImpl.doTraversal:2618 android.view.ViewRootImpl$TraversalRunnable.run:9971 android.view.Choreographer$CallbackRecord.run:1010 android.view.Choreographer.doCallbacks:809 android.view.Choreographer.doFrame:744 android.view.Choreographer$FrameDisplayEventReceiver.run:995
08-24 14:43:51.804 21625 21625 I SurfaceControl: assignNativeObject: nativeObject = 0 Surface(name=null)/@0x3a5f6d6 / android.view.SurfaceControl.readFromParcel:1117 android.view.IWindowSession$Stub$Proxy.relayout:1820 android.view.ViewRootImpl.relayoutWindow:9005 android.view.ViewRootImpl.performTraversals:3360 android.view.ViewRootImpl.doTraversal:2618 android.view.ViewRootImpl$TraversalRunnable.run:9971 android.view.Choreographer$CallbackRecord.run:1010 android.view.Choreographer.doCallbacks:809 android.view.Choreographer.doFrame:744 android.view.Choreographer$FrameDisplayEventReceiver.run:995
08-24 14:43:51.805 21625 21625 I SurfaceControl: nativeRelease nativeObject s[537830785120]
08-24 14:43:51.805 21625 21625 I SurfaceControl: nativeRelease nativeObject e[537830785120]
08-24 14:43:51.805  4226  4248 I SurfaceFlinger: id=88654 Removed Bounds for - com.google.android.youtube/com.google.android.apps.youtube.app.watchwhile.WatchWhileActivity@15#0 (79)
08-24 14:43:51.805 21625 21625 I SurfaceControl: nativeRelease nativeObject s[537830785504]
08-24 14:43:51.805 21625 21625 I SurfaceControl: nativeRelease nativeObject e[537830785504]
08-24 14:43:51.805 21625 21625 I SurfaceControl: nativeRelease nativeObject s[537830785024]
08-24 14:43:51.805 21625 21625 I SurfaceControl: nativeRelease nativeObject e[537830785024]
08-24 14:43:51.805  4226  4248 I SurfaceFlinger: id=88653 Removed Surface(name=a71bb8f NavigationBar0)/@0x8f38906 - animation-leash#0 (79)
08-24 14:43:51.805 21625 21625 I SurfaceControl: nativeRelease nativeObject s[537830553344]
08-24 14:43:51.805 21625 21625 I SurfaceControl: nativeRelease nativeObject e[537830553344]
08-24 14:43:51.806  4226  4251 I SurfaceFlinger: id=88652 Removed Surface(name=e455c2d StatusBar)/@0x2f65071 - animation-leash#0 (79)
08-24 14:43:51.806 21625 21625 I ViewRootImpl@b7edacd[WatchWhileActivity]: Relayout returned: old=(0,0,1080,2340) new=(0,0,1080,2340) req=(1080,2340)8 dur=8 res=0x5 s={false 0} ch=true fn=15
08-24 14:43:51.806 21625 21625 I SurfaceView: windowStopped(true) false android.view.SurfaceView{c9edee9 V.E...... ......ID 0,0-1080,607} of ViewRootImpl@b7edacd[WatchWhileActivity]
08-24 14:43:51.806  4226  4226 I Layer   : id=88652[1] Destroyed Surface(name=e455c2d StatusBar)/@0x2f65071 - animation-leash#0
08-24 14:43:51.806  4226  4226 I Layer   : id=88653[1] Destroyed Surface(name=a71bb8f NavigationBar0)/@0x8f38906 - animation-leash#0
08-24 14:43:51.806  4217  4353 V APM_AudioPolicyManager: setAppState(portId:11856, state:1)
08-24 14:43:51.806  4217  4353 V APM_AudioPolicyManager: setAppState(portId:11883, state:2)
08-24 14:43:51.807 21625 21625 I SurfaceControl: nativeRelease nativeObject s[537830548832]
08-24 14:43:51.807 21625 21625 I SurfaceControl: nativeRelease nativeObject e[537830548832]
08-24 14:43:51.808  4226  4226 I Layer   : id=88656[1] Destroyed Background for -SurfaceView - com.google.android.youtube/com.google.android.apps.youtube.app.watchwhile.WatchWhileActivity@c9edee9@15#0
08-24 14:43:51.809  4585  4613 I ViewRootImpl@ad99342[dogglers]: MSG_RESIZED_REPORT: frame=(0,0,1080,2340) ci=(0,83,0,39) vi=(0,83,0,39) or=1
08-24 14:43:51.809  4585  4613 I ViewRootImpl@ad99342[dogglers]: [DP] dp(1) 1 android.view.ViewRootImpl.reportNextDraw:10957 android.view.ViewRootImpl.access$1200:256 android.view.ViewRootImpl$ViewRootHandler.handleMessage:6101
08-24 14:43:51.815  4226  4226 D SurfaceFlinger: Display 0 HWC layers:
08-24 14:43:51.815  4226  4226 D SurfaceFlinger:      DEVICE | 0x77ae646500 | 0002 | RGBA_8888    |    0.0    0.0 1080.0 2340.0 |    0    0 1080 2340 | Splash Screen com.example.dogglers#0
08-24 14:43:51.815  4226  4226 D SurfaceFlinger:      DEVICE | 0x77ce816940 | 0000 | RGBA_8888    |    0.0    0.0 1080.0   83.0 |    0    0 1080   83 | StatusBar$_4896#0
08-24 14:43:51.815  4226  4226 D SurfaceFlinger:      DEVICE | 0x77ce8157c0 | 0000 | RGBA_8888    |    0.0    0.0   67.0  342.0 |    0  746   67 1088 | com.samsung.android.app.cocktailbars[...]arservice.CocktailBarService$_9865#0
08-24 14:43:51.815  4226  4226 D SurfaceFlinger:      DEVICE | 0x7851238200 | 0000 | RGBA_8888    |    0.0    0.0  388.0   39.0 |  692 2301 1080 2340 | SGestureOverlayWindow$_5408#0
08-24 14:43:51.815  4226  4226 D SurfaceFlinger:      DEVICE | 0x77ce815f40 | 0000 | RGBA_8888    |    0.0    0.0 1080.0  126.0 |    0 2214 1080 2340 | NavigationBar0$_4896#0
08-24 14:43:51.815  4226  4226 D SurfaceFlinger:      DEVICE | 0x77ce814b40 | 0000 | RGBA_8888    |    0.0    0.0 1080.0  151.0 |    0    0 1080  151 | ScreenDecorOverlay$_4896#0
08-24 14:43:51.815  4226  4226 D SurfaceFlinger:      DEVICE | 0x77ce817d40 | 0000 | RGBA_8888    |    0.0    0.0 1080.0  151.0 |    0 2189 1080 2340 | ScreenDecorOverlayBottom$_4896#0
08-24 14:43:51.815  4226  4226 D SurfaceFlinger:
08-24 14:43:51.816 24159 24159 D LifecycleMonitor: Lifecycle status change: com.example.dogglers.VerticalListActivity@fd3d7d in: PRE_ON_CREATE
08-24 14:43:51.816 24159 24159 V ActivityScenario: Activity lifecycle changed event received but ignored because the reported transition was not ON_CREATE while the last known transition was PRE_ON_CREATE
08-24 14:43:51.821  4896  4896 D NavigationBar: onSystemBarAppearanceChanged() -  displayId:0, appearance:16 (APPEARANCE_LIGHT_NAVIGATION_BARS ), navbarColorManagedByIme:false
08-24 14:43:51.823  4585  4613 V WindowManager: Relayout Window{8dff53 u0 Splash Screen com.example.dogglers}: viewVisibility=0 req=1080x2340
08-24 14:43:51.823  4896  4896 D SecStatusBarMobileView: setStaticDrawableColor:
08-24 14:43:51.823  4896  4896 D SecStatusBarMobileView: setStaticDrawableColor:
08-24 14:43:51.823  9865  9865 I TrayStateController: systemUiVisibilityChanged : 0 0
08-24 14:43:51.825  4896  4896 D SecLightBarControlHelper: updateStatus(WHITE icon) NumLightStacks:0, NumStacks:1, IndexLightStack:-1, StatusBarMode:0, StatusBarState:SHD, NeedDarkFontFromWallpaper:false, isWhiteKeyguardStatusBarBySettings:false
08-24 14:43:51.826  4896  4896 D SecStatusBarMobileView: setStaticDrawableColor:
08-24 14:43:51.826  4896  4896 D SecStatusBarMobileView: setStaticDrawableColor:
08-24 14:43:51.830  4585  4613 I SurfaceControl: nativeRelease nativeObject s[535557019488]
08-24 14:43:51.830  4585  4613 I SurfaceControl: nativeRelease nativeObject e[535557019488]
08-24 14:43:51.830 24159 24159 I DecorView: [INFO] isPopOver=false, config=true
08-24 14:43:51.830 24159 24159 I DecorView: updateCaptionType >> DecorView@1e31fca[], isFloating=false, isApplication=true, hasWindowDecorCaption=false, hasWindowControllerCallback=true
08-24 14:43:51.830 24159 24159 D DecorView: setCaptionType = 0, this = DecorView@1e31fca[]
08-24 14:43:51.831  4585  4613 V WindowManager: Relayout hash=8dff53, pid=4585: mAttrs={(0,0)(fillxfill) sim={adjust=pan} layoutInDisplayCutoutMode=shortEdges ty=APPLICATION_STARTING wanim=0x1030001
08-24 14:43:51.831  4585  4613 V WindowManager:   fl=1830118
08-24 14:43:51.831  4585  4613 V WindowManager:   pfl=12020011
08-24 14:43:51.831  4585  4613 V WindowManager:   apr=LIGHT_NAVIGATION_BARS
08-24 14:43:51.831  4585  4613 V WindowManager:   fitSides= naviIconColor=0
08-24 14:43:51.831  4585  4613 V WindowManager:   sfl=100000}
08-24 14:43:51.831  4585  4613 I SurfaceControl: nativeRelease nativeObject s[535556863488]
08-24 14:43:51.831  4585  4613 I SurfaceControl: nativeRelease nativeObject e[535556863488]
08-24 14:43:51.831  4585  4613 I SurfaceControl: nativeRelease nativeObject s[535556325248]
08-24 14:43:51.831  4585  4613 I SurfaceControl: nativeRelease nativeObject e[535556325248]
08-24 14:43:51.831  4585  4613 I ViewRootImpl@ad99342[dogglers]: Relayout returned: old=(0,0,1080,2340) new=(0,0,1080,2340) req=(1080,2340)0 dur=9 res=0x1 s={true 535581126656} ch=false fn=2
08-24 14:43:51.832  4159 16850 D gralloc : [mali_gralloc_allocate] begin
08-24 14:43:51.832  4159 16850 D gralloc : buffer_descriptor: wh(1080 2340) usage_pc(0x966 0x906) hal_format(0x1) layer_count(1) sizes(0 0 0) strde(0) byte_stride(0) alloc_wh(0 0) internal_format(0x0) alloc_format(0x0) fd_count(1) plane_count(0)
08-24 14:43:51.834  4159 16850 D gralloc : [mali_gralloc_allocate] allocation successful
08-24 14:43:51.835  4585  5390 V WindowManager: Relayout Window{d095a7c u0 NotificationShade}: viewVisibility=4 req=1080x2340
08-24 14:43:51.836  4149  4184 D audio_hw_primary: device-adev_set_parameters: enter with key(audioHDR=0)
08-24 14:43:51.841  4585  5390 V WindowManager: Relayout hash=d095a7c, pid=4896: mAttrs={(0,0)(fillxfill) gr=TOP CENTER_VERTICAL sim={adjust=resize} layoutInDisplayCutoutMode=always ty=2040 fmt=TRANSLUCENT
08-24 14:43:51.841  4585  5390 V WindowManager:   fl=81840048
08-24 14:43:51.841  4585  5390 V WindowManager:   pfl=1b000000
08-24 14:43:51.841  4585  5390 V WindowManager:   bhv=SHOW_TRANSIENT_BARS_BY_SWIPE naviIconColor=0
08-24 14:43:51.841  4585  5390 V WindowManager:   sfl=40000}
08-24 14:43:51.843  4896  4896 I SurfaceControl: assignNativeObject: nativeObject = 0 Surface(name=null)/@0x79cdca4 / android.view.SurfaceControl.readFromParcel:1117 android.view.IWindowSession$Stub$Proxy.relayout:1810 android.view.ViewRootImpl.relayoutWindow:9005 android.view.ViewRootImpl.performTraversals:3360 android.view.ViewRootImpl.doTraversal:2618 android.view.ViewRootImpl$TraversalRunnable.run:9971 android.view.Choreographer$CallbackRecord.run:1010 android.view.Choreographer.doCallbacks:809 android.view.Choreographer.doFrame:744 android.view.Choreographer$FrameDisplayEventReceiver.run:995
08-24 14:43:51.843  4896  4896 I SurfaceControl: assignNativeObject: nativeObject = 0 Surface(name=null)/@0xd3c9bb / android.view.SurfaceControl.readFromParcel:1117 android.view.IWindowSession$Stub$Proxy.relayout:1820 android.view.ViewRootImpl.relayoutWindow:9005 android.view.ViewRootImpl.performTraversals:3360 android.view.ViewRootImpl.doTraversal:2618 android.view.ViewRootImpl$TraversalRunnable.run:9971 android.view.Choreographer$CallbackRecord.run:1010 android.view.Choreographer.doCallbacks:809 android.view.Choreographer.doFrame:744 android.view.Choreographer$FrameDisplayEventReceiver.run:995
08-24 14:43:51.846  4896  4896 I ViewRootImpl@b9c0f52[NotificationShade]: Relayout returned: old=(0,0,1080,2340) new=(0,0,1080,2340) req=(1080,2340)4 dur=9 res=0x1 s={false 0} ch=false fn=-1
08-24 14:43:51.846  4585  4613 I ViewRootImpl@ad99342[dogglers]: [DP] pdf(0) 1 android.view.ViewRootImpl.performDraw:4809 android.view.ViewRootImpl.performTraversals:3866 android.view.ViewRootImpl.doTraversal:2618
08-24 14:43:51.846  4585  4613 I ViewRootImpl@ad99342[dogglers]: [DP] rdf()
08-24 14:43:51.853  4896  4896 D KeyguardBottomAreaShortcutView: updateCameraVisibility isCameraDisabled:false visible:true
08-24 14:43:51.853  4896  4896 D KeyguardBottomAreaShortcutView: mIndicationArea margin start : 158, end : 158, bottom : 145
08-24 14:43:51.856  4896  4896 D SecStatusBarMobileView: setStaticDrawableColor:
08-24 14:43:51.856  4896  4896 D SecStatusBarMobileView: setStaticDrawableColor:
08-24 14:43:51.857 24159 24159 D LifecycleMonitor: Lifecycle status change: com.example.dogglers.VerticalListActivity@fd3d7d in: CREATED
08-24 14:43:51.857 24159 24159 V ActivityScenario: Update currentActivityStage to CREATED, currentActivity=com.example.dogglers.VerticalListActivity@fd3d7d
08-24 14:43:51.860 24159 24159 D LifecycleMonitor: Lifecycle status change: com.example.dogglers.VerticalListActivity@fd3d7d in: STARTED
08-24 14:43:51.861 24159 24159 V ActivityScenario: Update currentActivityStage to STARTED, currentActivity=com.example.dogglers.VerticalListActivity@fd3d7d
08-24 14:43:51.862 24159 24159 D LifecycleMonitor: Lifecycle status change: com.example.dogglers.VerticalListActivity@fd3d7d in: RESUMED
08-24 14:43:51.863 24159 24159 V ActivityScenario: Update currentActivityStage to RESUMED, currentActivity=com.example.dogglers.VerticalListActivity@fd3d7d
08-24 14:43:51.867  4585  7044 D InputTransport: Input channel constructed: '595a333', fd=693
08-24 14:43:51.867  4585  7044 D InputTransport: Input channel constructed: '595a333', fd=694
08-24 14:43:51.868  4226  4251 I SurfaceFlinger: id=88667 createSurf (0x0),-1 flag=80004, 595a333 com.example.dogglers/com.example.dogglers.VerticalListActivity#0
08-24 14:43:51.868  4585  7044 D WindowManager: isScreenshotDisabledLocked - win: Window{595a333 u0 com.example.dogglers/com.example.dogglers.VerticalListActivity}
08-24 14:43:51.868  4585  7044 D WindowManager: isScreenshotDisabledLocked: userId = 0, disabled =false
08-24 14:43:51.868  4585  7044 D InputTransport: Input channel destroyed: '595a333', fd=694
08-24 14:43:51.869 24159 24159 D InputTransport: Input channel constructed: '595a333', fd=80
08-24 14:43:51.870 24159 24159 I ViewRootImpl@fa5b121[VerticalListActivity]: setView = com.android.internal.policy.DecorView@1e31fca TM=true
08-24 14:43:51.873  4896  4896 D SecStatusBarMobileView: setStaticDrawableColor:
08-24 14:43:51.873  4896  4896 D SecStatusBarMobileView: setStaticDrawableColor:
08-24 14:43:51.880  4585  7044 V WindowManager: Relayout Window{595a333 u0 com.example.dogglers/com.example.dogglers.VerticalListActivity}: viewVisibility=0 req=1080x2340
08-24 14:43:51.882  4585  7044 D WindowManager: isScreenshotDisabledLocked - win: Window{595a333 u0 com.example.dogglers/com.example.dogglers.VerticalListActivity}
08-24 14:43:51.882  4585  7044 D WindowManager: isScreenshotDisabledLocked: userId = 0, disabled =false
08-24 14:43:51.882  4226  4248 I SurfaceFlinger: id=88668 createSurf (1080x2340),1 flag=404, com.example.dogglers/com.example.dogglers.VerticalListActivity$_24159#0
08-24 14:43:51.885  4585  7044 I SurfaceControl: nativeRelease nativeObject s[535556336672]
08-24 14:43:51.885  4585  7044 I SurfaceControl: nativeRelease nativeObject e[535556336672]
08-24 14:43:51.885  9865  9865 I TrayStateController: systemUiVisibilityChanged : 0 0
08-24 14:43:51.885  4226  4248 I SurfaceFlinger: id=88669 createSurf (0x0),-1 flag=24000, Surface(name=e455c2d StatusBar)/@0x2f65071 - animation-leash#0
08-24 14:43:51.886  4585  7044 I SurfaceControl: nativeRelease nativeObject s[535556870400]
08-24 14:43:51.886  4585  7044 I SurfaceControl: nativeRelease nativeObject e[535556870400]
08-24 14:43:51.886  4226  4248 I SurfaceFlinger: id=88670 createSurf (0x0),-1 flag=24000, Surface(name=a71bb8f NavigationBar0)/@0x8f38906 - animation-leash#0
08-24 14:43:51.888  4585  7044 V WindowManager: Relayout hash=595a333, pid=24159: mAttrs={(0,0)(fillxfill) sim={adjust=resize forwardNavigation} ty=BASE_APPLICATION wanim=0x1030304
08-24 14:43:51.888  4585  7044 V WindowManager:   fl=81810100
08-24 14:43:51.888  4585  7044 V WindowManager:   pfl=12020000
08-24 14:43:51.888  4585  7044 V WindowManager:   apr=LIGHT_NAVIGATION_BARS
08-24 14:43:51.888  4585  7044 V WindowManager:   fitSides= naviIconColor=0
08-24 14:43:51.888  4585  7044 V WindowManager:   sfl=100000}
08-24 14:43:51.888  4585  7044 I SurfaceControl: nativeRelease nativeObject s[535556331392]
08-24 14:43:51.888  4585  7044 I SurfaceControl: nativeRelease nativeObject e[535556331392]
08-24 14:43:51.890  4896  4896 D SecStatusBarMobileView: setStaticDrawableColor:
08-24 14:43:51.890 24159 24159 I SurfaceControl: assignNativeObject: nativeObject = 0 Surface(name=null)/@0x60aa946 / android.view.SurfaceControl.readFromParcel:1117 android.view.IWindowSession$Stub$Proxy.relayout:1820 android.view.ViewRootImpl.relayoutWindow:9005 android.view.ViewRootImpl.performTraversals:3360 android.view.ViewRootImpl.doTraversal:2618 android.view.ViewRootImpl$TraversalRunnable.run:9971 android.view.Choreographer$CallbackRecord.run:1010 android.view.Choreographer.doCallbacks:809 android.view.Choreographer.doFrame:744 android.view.Choreographer$FrameDisplayEventReceiver.run:995
08-24 14:43:51.890  4896  4896 D SecStatusBarMobileView: setStaticDrawableColor:
08-24 14:43:51.892 24159 24159 I ViewRootImpl@fa5b121[VerticalListActivity]: Relayout returned: old=(0,0,1080,2340) new=(0,0,1080,2340) req=(1080,2340)0 dur=10 res=0x7 s={true 535654928384} ch=true fn=-1
08-24 14:43:51.894  4226  4601 I Layer   : id=88665 removeFromCurrentState Surface(name=e455c2d StatusBar)/@0x2f65071 - animation-leash#1 (80)
08-24 14:43:51.894  4226  4601 I Layer   : id=88666 removeFromCurrentState Surface(name=a71bb8f NavigationBar0)/@0x8f38906 - animation-leash#1 (80)
08-24 14:43:51.896  4159 16850 D gralloc : [mali_gralloc_allocate] begin
08-24 14:43:51.896  4159 16850 D gralloc : buffer_descriptor: wh(1080 2340) usage_pc(0x40000000000b00 0x40000000000b00) hal_format(0x1) layer_count(1) sizes(0 0 0) strde(0) byte_stride(0) alloc_wh(0 0) internal_format(0x0) alloc_format(0x0) fd_count(1) plane_count(0)
08-24 14:43:51.896  4585  4613 I SurfaceControl: nativeRelease nativeObject s[537628424128]
08-24 14:43:51.896  4585  4613 I SurfaceControl: nativeRelease nativeObject e[537628424128]
08-24 14:43:51.897  4585  4613 I SurfaceControl: nativeRelease nativeObject s[535557019488]
08-24 14:43:51.897  4585  4613 I SurfaceControl: nativeRelease nativeObject e[535557019488]
08-24 14:43:51.897  4226  5359 I SurfaceFlinger: id=88666 Removed Surface(name=a71bb8f NavigationBar0)/@0x8f38906 - animation-leash#1 (80)
08-24 14:43:51.897  4226  5359 I SurfaceFlinger: id=88665 Removed Surface(name=e455c2d StatusBar)/@0x2f65071 - animation-leash#1 (80)
08-24 14:43:51.898  4159 16850 D gralloc : [mali_gralloc_allocate] allocation successful
08-24 14:43:51.899  4159 16850 D gralloc : [mali_gralloc_allocate] begin
08-24 14:43:51.899  4159 16850 D gralloc : buffer_descriptor: wh(1080 2340) usage_pc(0x40000000000b00 0x40000000000b00) hal_format(0x1) layer_count(1) sizes(0 0 0) strde(0) byte_stride(0) alloc_wh(0 0) internal_format(0x0) alloc_format(0x0) fd_count(1) plane_count(0)
08-24 14:43:51.901  4159 16850 D gralloc : [mali_gralloc_allocate] allocation successful
08-24 14:43:51.902  4159 16850 D gralloc : [mali_gralloc_allocate] begin
08-24 14:43:51.902  4159 16850 D gralloc : buffer_descriptor: wh(1080 2340) usage_pc(0x40000000000b00 0x40000000000b00) hal_format(0x1) layer_count(1) sizes(0 0 0) strde(0) byte_stride(0) alloc_wh(0 0) internal_format(0x0) alloc_format(0x0) fd_count(1) plane_count(0)
08-24 14:43:51.906  4226  4226 I Layer   : id=88665[1] Destroyed Surface(name=e455c2d StatusBar)/@0x2f65071 - animation-leash#1
08-24 14:43:51.907  4226  4226 I Layer   : id=88666[1] Destroyed Surface(name=a71bb8f NavigationBar0)/@0x8f38906 - animation-leash#1
08-24 14:43:51.907 15874 15932 I Rubin   : [164608] ExercisingWithCmhMonitor.isSatisfiedByCmh(ExercisingWithCmhMonitor.java:119) : isSatisfiedByCmh is false
08-24 14:43:51.907  4896  4896 D SecStatusBarMobileView: setStaticDrawableColor:
08-24 14:43:51.907  4159 16850 D gralloc : [mali_gralloc_allocate] allocation successful
08-24 14:43:51.908  4896  4896 D SecStatusBarMobileView: setStaticDrawableColor:
08-24 14:43:51.914 21625 21625 I ViewRootImpl@b7edacd[WatchWhileActivity]: stopped(true) old=false
08-24 14:43:51.925  4896  4896 D SecStatusBarMobileView: setStaticDrawableColor:
08-24 14:43:51.925  4896  4896 D SecStatusBarMobileView: setStaticDrawableColor:
08-24 14:43:51.941  4896  4896 D SecStatusBarMobileView: setStaticDrawableColor:
08-24 14:43:51.941  4896  4896 D SecStatusBarMobileView: setStaticDrawableColor:
08-24 14:43:51.951 24159 24159 I ViewRootImpl@fa5b121[VerticalListActivity]: [DP] dp(1) 1 android.view.ViewRootImpl.reportNextDraw:10957 android.view.ViewRootImpl.performTraversals:3845 android.view.ViewRootImpl.doTraversal:2618
08-24 14:43:51.951  4217  4353 V APM_AudioPolicyManager: setAppState(portId:11856, state:1)
08-24 14:43:51.951  4217  4353 V APM_AudioPolicyManager: setAppState(portId:11883, state:2)
08-24 14:43:51.951 24159 24159 I ViewRootImpl@fa5b121[VerticalListActivity]: [DP] pd() Asnyc report
08-24 14:43:51.951  4217  4353 V APM_AudioPolicyManager: setAppState(portId:11856, state:1)
08-24 14:43:51.951  4217  4353 V APM_AudioPolicyManager: setAppState(portId:11883, state:2)
08-24 14:43:51.958  4896  4896 D SecStatusBarMobileView: setStaticDrawableColor:
08-24 14:43:51.958  4896  4896 D SecStatusBarMobileView: setStaticDrawableColor:
08-24 14:43:51.967 21625 21625 W YTPL.mediasession: MediaSession setActive(false)
08-24 14:43:51.970 24159 24159 I ViewRootImpl@fa5b121[VerticalListActivity]: [DP] pdf(0) 1 android.view.ViewRootImpl.lambda$performDraw$1$ViewRootImpl:4668 android.view.-$$Lambda$ViewRootImpl$DJd0VUYJgsebcnSohO6h8zc_ONI.run:6 android.os.Handler.handleCallback:938
08-24 14:43:51.970 24159 24159 I ViewRootImpl@fa5b121[VerticalListActivity]: [DP] rdf()
08-24 14:43:51.970 21625 21625 W YT.mlplayer: Stayawake OFF
08-24 14:43:51.972 21625 21625 W YTPL.mediasession: MediaSession setActive(false)
08-24 14:43:51.978  4896  4896 D FaceWidgetMediaSessionManager: onPlaybackStateChanged() state = PlaybackState {state=1, position=0, buffered position=0, speed=1.0, updated=1322772539, actions=8192, custom actions=[], active item id=-1, error=null}
08-24 14:43:51.983  4585  4613 D PkgPredictorService: pkg:com.example.dogglers activity:com.example.dogglers.VerticalListActivity thisTime:367
08-24 14:43:51.983  4585  4613 D PkgPredictorService-Collector: update activity launch time: VerticalListActivity : 367
08-24 14:43:51.983  4585  4613 I SemDvfsHyPerManager: acquire hyper - AMS_RESUME_TAIL/4585@18, type = -999
08-24 14:43:51.984  4585  4613 I SemDvfsHyPerManager: acquire hyper - AMS_ACT_LAZY/4585@19, type = -999
08-24 14:43:51.984 24159 24159 D LifecycleMonitor: Lifecycle status change: androidx.test.core.app.InstrumentationActivityInvoker$BootstrapActivity@d237c1a in: STOPPED
08-24 14:43:51.984 24159 24159 V ActivityScenario: Activity lifecycle changed event received but ignored because the intent does not match. startActivityIntent=Intent { act=android.intent.action.MAIN cat=[android.intent.category.LAUNCHER] cmp=com.example.dogglers/.VerticalListActivity }, activity.getIntent()=Intent { act=android.intent.action.MAIN cat=[android.intent.category.LAUNCHER] flg=0x10008000 cmp=com.example.dogglers/androidx.test.core.app.InstrumentationActivityInvoker$BootstrapActivity (has extras) }, activity=androidx.test.core.app.InstrumentationActivityInvoker$BootstrapActivity@d237c1a
08-24 14:43:51.984  4175  4211 I HYPER-HAL: [RequestManager.cpp]acquire(): Acquired ID : 10596124  [4585 / 18]    HINT : AMS_RESUME_TAIL    list :
08-24 14:43:51.984  4896  4896 I PluginFaceWidgetMediaDataFactory: getBitmapFromMetadata null
08-24 14:43:51.984  4896  4896 D PluginFaceWidgetMediaDataFactory: Elapsed Time : 6
08-24 14:43:51.985  4896  4896 D FaceWidgetMediaDataRepository: [update] key : com.google.android.youtube|0|192289192, oldKey : com.google.android.youtube|0|192289192, media : com.google.android.youtube, sourceType : SESSION
08-24 14:43:51.985  4585  8021 D SensorService: removeConnection, index : 0, size : 1
08-24 14:43:51.985  4585  8021 D SensorService: # removeConnection, index : 0, size : 0
08-24 14:43:51.985  4585  8021 D SensorService: Calling activate off 1
08-24 14:43:51.986  4166  4166 I SensorsHub: activate: handle 1 enable 0
08-24 14:43:51.986  4166  4166 I SensorsHub: type : 1, enable : 0
08-24 14:43:51.986  4175  4211 I HYPER-HAL: [ResourceManager.cpp]updateResource(): [CPUMinFreq] UpdateResource Request ID : 10596124    Value : 1768000
08-24 14:43:51.987 21625 21625 D SensorManager: unregisterListener :: android.view.OrientationEventListener$SensorEventListenerImpl@99504
08-24 14:43:51.987  4175  4211 I HYPER-HAL: [RequestManager.cpp]acquire(): Acquired ID : 10600729  [4585 / 19]    HINT :      list :
08-24 14:43:51.987  4175  4211 E HYPER-HAL: [Request.cpp]acquire(): Request:: id : 10600729, No Resource to set
08-24 14:43:51.988  4175  4211 I HYPER-HAL: [ResourceManager.cpp]removeResource(): [CPUMinFreq] RemoveResource Request ID : 10651450
08-24 14:43:51.988  4175  4211 I HYPER-HAL: [RequestManager.cpp]releaseLocked(): Released ID : 10651450
08-24 14:43:51.988  4896  4896 D FaceWidgetMediaDataRepository: PlaybackState and Metadata is null. :: com.google.android.youtube
08-24 14:43:51.989  4896  4896 D FaceWidgetMediaSessionManager: onMetadataChanged() metadata = null
08-24 14:43:51.989  4896  4896 I PluginFaceWidgetMediaDataFactory: getBitmapFromMetadata null
08-24 14:43:51.989  4896  4896 D PluginFaceWidgetMediaDataFactory: Elapsed Time : 0
08-24 14:43:51.990  4896  4896 D FaceWidgetMediaDataRepository: [update] key : com.google.android.youtube|0|192289192, oldKey : com.google.android.youtube|0|192289192, media : com.google.android.youtube, sourceType : SESSION
08-24 14:43:51.990  4585  4613 D ViewRootImpl@ad99342[dogglers]: dispatchDetachedFromWindow: reset blurmask
08-24 14:43:51.991  4585  4613 I ViewRootImpl@ad99342[dogglers]: dispatchDetachedFromWindow
08-24 14:43:51.991  4585  8021 I InputDispatcher: Focus entered window (24159): 595a333 in display 0 0
08-24 14:43:51.992  4585  4613 I SurfaceControl: nativeRelease nativeObject s[535556339264]
08-24 14:43:51.992  4585  4613 I SurfaceControl: nativeRelease nativeObject e[535556339264]
08-24 14:43:51.992  4585  4613 D InputTransport: Input channel destroyed: '8dff53 ', fd=681
08-24 14:43:51.994  4226  5359 I SurfaceFlinger: id=88671 createSurf (0x0),-1 flag=24000, Surface(name=8dff53 Splash Screen com.example.dogglers)/@0xf3bddc0 - animation-leash#0
08-24 14:43:51.998  4585  4613 D InputTransport: Input channel destroyed: '8dff53 ', fd=686
08-24 14:43:52.000  4896  4896 D FaceWidgetMediaDataRepository: PlaybackState and Metadata is null. :: com.google.android.youtube
08-24 14:43:52.000  4896  4896 D FaceWidgetMediaSessionManager: onPlaybackStateChanged() state = PlaybackState {state=1, position=0, buffered position=0, speed=1.0, updated=1322772543, actions=8192, custom actions=[], active item id=-1, error=null}
08-24 14:43:52.001  4896  4896 I PluginFaceWidgetMediaDataFactory: getBitmapFromMetadata null
08-24 14:43:52.001  4896  4896 D PluginFaceWidgetMediaDataFactory: Elapsed Time : 0
08-24 14:43:52.002  4896  4896 D FaceWidgetMediaDataRepository: [update] key : com.google.android.youtube|0|192289192, oldKey : com.google.android.youtube|0|192289192, media : com.google.android.youtube, sourceType : SESSION
08-24 14:43:52.005  4896  4896 D FaceWidgetMediaDataRepository: PlaybackState and Metadata is null. :: com.google.android.youtube
08-24 14:43:52.005  4896  4896 D FaceWidgetMusicViewModel: onChanged :: NULL
