08-24 14:43:53.169  4226  4226 D SurfaceFlinger:      DEVICE | 0x77ae646b40 | 0002 | RGBA_8888    |    0.0    0.0 1080.0 2339.0 |    0    1 1080 2340 | com.example.dogglers/com.example.dogglers.VerticalListActivity$_24159#0
08-24 14:43:53.169  4226  4226 D SurfaceFlinger:      DEVICE | 0x77ce815400 | 0002 | RGBA_8888    |    0.0    0.0 1080.0 2339.0 |    0    1 1080 2340 | Splash Screen com.example.dogglers#0
08-24 14:43:53.169  4226  4226 D SurfaceFlinger:      DEVICE | 0x77ce814dc0 | 0000 | RGBA_8888    |    0.0    0.0 1080.0   83.0 |    0    0 1080   83 | StatusBar$_4896#0
08-24 14:43:53.169  4226  4226 D SurfaceFlinger:      DEVICE | 0x77ce8157c0 | 0000 | RGBA_8888    |    0.0    0.0   67.0  342.0 |    0  746   67 1088 | com.samsung.android.app.cocktailbars[...]arservice.CocktailBarService$_9865#0
08-24 14:43:53.169  4226  4226 D SurfaceFlinger:      DEVICE | 0x7851238200 | 0000 | RGBA_8888
08-24 14:43:53.170  4226  4226 D SurfaceFlinger:     |    0.0    0.0  388.0   39.0 |  692 2301 1080 2340 | SGestureOverlayWindow$_5408#0
08-24 14:43:53.170  4226  4226 D SurfaceFlinger:      DEVICE | 0x77ce816800 | 0000 | RGBA_8888    |    0.0    0.0 1080.0  126.0 |    0 2214 1080 2340 | NavigationBar0$_4896#0
08-24 14:43:53.170  4226  4226 D SurfaceFlinger:      DEVICE | 0x77ce814b40 | 0000 | RGBA_8888    |    0.0    0.0 1080.0  151.0 |    0    0 1080  151 | ScreenDecorOverlay$_4896#0
08-24 14:43:53.170  4226  4226 D SurfaceFlinger:      DEVICE | 0x77ce817d40 | 0000 | RGBA_8888    |    0.0    0.0 1080.0  151.0 |    0 2189 1080 2340 | ScreenDecorOverlayBottom$_4896#0
08-24 14:43:53.170  4226  4226 D SurfaceFlinger:
08-24 14:43:53.170  7388  7388 I HBD     : HoneyBoardService [PF_OP][onStartInput]  11338961 ns
08-24 14:43:53.177  4585  4613 I SurfaceControl: nativeRelease nativeObject s[535567043328]
08-24 14:43:53.177  4585  4613 I SurfaceControl: nativeRelease nativeObject e[535567043328]
08-24 14:43:53.177  4585  4617 I ActivityTaskManager: Displayed com.example.dogglers/.VerticalListActivity: +428ms
08-24 14:43:53.177  4585  4613 I SurfaceControl: nativeRelease nativeObject s[535565837216]
08-24 14:43:53.177  4585  4613 I SurfaceControl: nativeRelease nativeObject e[535565837216]
08-24 14:43:53.179  4585  4613 I SurfaceControl: nativeRelease nativeObject s[535567040352]
08-24 14:43:53.179  4585  4613 I SurfaceControl: nativeRelease nativeObject e[535567040352]
08-24 14:43:53.185  4226  5359 I Layer   : id=88698 removeFromCurrentState Surface(name=Task=1559)/@0xb313bde - animation-leash#0 (87)
08-24 14:43:53.185  4226  5359 I Layer   : id=88701 removeFromCurrentState Surface(name=Task=1576)/@0x89b1f2e - animation-leash#0 (87)
08-24 14:43:53.185  4226  5359 I Layer   : id=88699 removeFromCurrentState Dim Layer for - DefaultTaskDisplayArea - animating-dim#0 (87)
08-24 14:43:53.185  4226  5359 I SurfaceFlinger: id=88698 Removed Surface(name=Task=1559)/@0xb313bde - animation-leash#0 (87)
08-24 14:43:53.185  4226  5359 I SurfaceFlinger: id=88701 Removed Surface(name=Task=1576)/@0x89b1f2e - animation-leash#0 (87)
08-24 14:43:53.185  4226  5359 I SurfaceFlinger: id=88699 Removed Dim Layer for - DefaultTaskDisplayArea - animating-dim#0 (87)
08-24 14:43:53.186  4226  4226 D SurfaceFlinger: Display 0 HWC layers:
08-24 14:43:53.186  4226  4226 D SurfaceFlinger:      DEVICE | 0x77ae646b40 | 0002 | RGBA_8888    |    0.0    0.0 1080.0 2340.0 |    0    0 1080 2340 | com.example.dogglers/com.example.dogglers.VerticalListActivity$_24159#0
08-24 14:43:53.186  4226  4226 D SurfaceFlinger:      DEVICE | 0x77ce815400 | 0002 | RGBA_8888    |    0.0    0.0 1080.0 2340.0 |    0    0 1080 2340 | Splash Screen com.example.dogglers#0
08-24 14:43:53.186  4226  4226 D SurfaceFlinger:      DEVICE | 0x77ce814dc0 | 0000 | RGBA_8888    |    0.0    0.0 1080.0   83.0 |    0    0 1080   83 | StatusBar$_4896#0
08-24 14:43:53.186  4226  4226 D SurfaceFlinger:      DEVICE | 0x77ce8157c0 | 0000 | RGBA_8888    |    0.0    0.0   67.0  342.0 |    0  746   67 1088 | com.samsung.android.app.cocktailbars[...]arservice.CocktailBarService$_9865#0
08-24 14:43:53.186  4226  4226 D SurfaceFlinger:      DEVICE | 0x7851238200 | 0000 | RGBA_8888    |    0.0    0.0  388.0   39.0 |  692 2301 1080 2340 | SGestureOverlayWindow$_5408#0
08-24 14:43:53.186  4226  4226 D SurfaceFlinger:      DEVICE | 0x77ce816800 | 0000 | RGBA_8888    |    0.0    0.0 1080.0  126.0 |    0 2214 1080 2340 | NavigationBar0$_4896#0
08-24 14:43:53.186  4226  4226 D SurfaceFlinger:      DEVICE | 0x77ce814b40 | 0000 | RGBA_8888    |    0.0    0.0 1080.0  151.0 |    0    0 1080  151 | ScreenDecorOverlay$_48
08-24 14:43:53.186  4226  4226 D SurfaceFlinger: 96#0
08-24 14:43:53.186  4226  4226 D SurfaceFlinger:      DEVICE | 0x77ce817d40 | 0000 | RGBA_8888    |    0.0    0.0 1080.0  151.0 |    0 2189 1080 2340 | ScreenDecorOverlayBottom$_4896#0
08-24 14:43:53.186  4226  4226 D SurfaceFlinger:
08-24 14:43:53.193 21625 21625 I SurfaceView: onWindowVisibilityChanged(8) false android.view.SurfaceView{c9edee9 V.E...... ......ID 0,0-1080,607} of ViewRootImpl@b7edacd[WatchWhileActivity]
08-24 14:43:53.193  4226  4226 I Layer   : id=88699[1] Destroyed Dim Layer for - DefaultTaskDisplayArea - animating-dim#0
08-24 14:43:53.193  4226  4226 I Layer   : id=88698[1] Destroyed Surface(name=Task=1559)/@0xb313bde - animation-leash#0
08-24 14:43:53.193  4226  4226 I Layer   : id=88701[1] Destroyed Surface(name=Task=1576)/@0x89b1f2e - animation-leash#0
08-24 14:43:53.195 21625 21625 I SurfaceView: surfaceDestroyed callback.size 1 #2 android.view.SurfaceView{c9edee9 V.E...... ......ID 0,0-1080,607}
08-24 14:43:53.196  4585  4613 I SurfaceControl: nativeRelease nativeObject s[535567039488]
08-24 14:43:53.196  4585  4613 I SurfaceControl: nativeRelease nativeObject e[535567039488]
08-24 14:43:53.197 21625 21625 I SurfaceView: remove() android.view.SurfaceView{c9edee9 V.E...... ......ID 0,0-1080,607} Surface(name=SurfaceView - com.google.android.youtube/com.google.android.apps.youtube.app.watchwhile.WatchWhileActivity@c9edee9@16)/@0xe02b306
08-24 14:43:53.197 21625 21625 I SurfaceControl: nativeRelease nativeObject s[537830553344]
08-24 14:43:53.197 21625 21625 I SurfaceControl: nativeRelease nativeObject e[537830553344]
08-24 14:43:53.197 21625 21625 I SurfaceControl: nativeRelease nativeObject s[537830785024]
08-24 14:43:53.197 21625 21625 I SurfaceControl: nativeRelease nativeObject e[537830785024]
08-24 14:43:53.198  4585  4613 I SurfaceControl: nativeRelease nativeObject s[535556336576]
08-24 14:43:53.198  4585  4613 I SurfaceControl: nativeRelease nativeObject e[535556336576]
08-24 14:43:53.198  4226  4248 I Layer   : id=88691 removeFromCurrentState Background for -SurfaceView - com.google.android.youtube/com.google.android.apps.youtube.app.watchwhile.WatchWhileActivity@c9edee9@16#0 (84)
08-24 14:43:53.198  4226  4601 I Layer   : id=88697 removeFromCurrentState Splash Screen com.example.dogglers#0 (84)
08-24 14:43:53.198  4226  4248 I SurfaceFlinger: id=88691 Removed Background for -SurfaceView - com.google.android.youtube/com.google.android.apps.youtube.app.watchwhile.WatchWhileActivity@c9edee9@16#0 (84)
08-24 14:43:53.198  4226  4601 I SurfaceFlinger: id=88690 Removed SurfaceView - com.google.android.youtube/com.google.android.apps.youtube.app.watchwhile.WatchWhileActivity@c9edee9@16#0 (84)
08-24 14:43:53.198  4226  4226 D SurfaceFlinger: Display 0 HWC layers:
08-24 14:43:53.198  4226  4226 D SurfaceFlinger:      DEVICE | 0x77ae646b40 | 0002 | RGBA_8888    |    0.0    0.0 1080.0 2340.0 |    0    0 1080 2340 | com.example.dogglers/com.example.dogglers.VerticalListActivity$_24159#0
08-24 14:43:53.198  4226  4226 D SurfaceFlinger:      DEVICE | 0x77ce814dc0 | 0000 | RGBA_8888    |    0.0    0.0 1080.0   83.0 |    0    0 1080   83 | StatusBar$_4896#0
08-24 14:43:53.198  4226  4226 D SurfaceFlinger:      DEVICE | 0x77ce8157c0 | 0000 | RGBA_8888    |    0.0    0.0   67.0  342.0 |    0  746   67 1088 | com.samsung.android.app.cocktailbars[...]arservice.CocktailBarService$_9865#0
08-24 14:43:53.198  4226  4226 D SurfaceFlinger:      DEVICE | 0x7851238200 | 0000 | RGBA_8888    |    0.0    0.0  388.0   39.0 |  692 2301 1080 2340 | SGestureOverlayWindow$_5408#0
08-24 14:43:53.198  4226  4226 D SurfaceFlinger:      DEVICE | 0x77ce816800 | 0000 | RGBA_8888    |    0.0    0.0 1080.0  126.0 |    0 2214 1080 2340 | NavigationBar0$_4896#0
08-24 14:43:53.198  4226  4226 D SurfaceFlinger:      DEVICE | 0x77ce814b40 | 0000 | RGBA_8888    |    0.0    0.0 1080.0  151.0 |    0    0 1080  151 | ScreenDecorOverlay$_4896#0
08-24 14:43:53.198  4226  4226 D SurfaceFlinger:      DEVICE | 0x77ce817d40 | 0000 | RGBA_8888    |    0.0    0.0 1080.0  151.0 |    0 2189 1080 2340 | ScreenDecorOverlayBottom$_4896#0
08-24 14:43:53.198  4226  4226 D SurfaceFlinger:
08-24 14:43:53.198  4226  4226 D SurfaceFlinger:
08-24 14:43:53.198  4585  4613 I SurfaceControl: nativeRelease nativeObject s[537628423264]
08-24 14:43:53.199  4585  4613 I SurfaceControl: nativeRelease nativeObject e[537628423264]
08-24 14:43:53.203  4226  4251 I Layer   : id=88696 removeFromCurrentState eff150b Splash Screen com.example.dogglers#0 (84)
08-24 14:43:53.203  4226  4251 I Layer   : id=88710 removeFromCurrentState Surface(name=eff150b Splash Screen com.example.dogglers)/@0x8262a7 - animation-leash#0 (84)
08-24 14:43:53.204  4226  4251 I SurfaceFlinger: id=88696 Removed eff150b Splash Screen com.example.dogglers#0 (84)
08-24 14:43:53.204  4226  4248 E BufferQueueProducer: [com.google.android.youtube/com.google.android.apps.youtube.app.watchwhile.WatchWhileActivity$_21625#0](id:108200004978,api:0,p:-1,c:4226) disconnect: not connected (req=1)
08-24 14:43:53.204  4226  4251 I SurfaceFlinger: id=88710 Removed Surface(name=eff150b Splash Screen com.example.dogglers)/@0x8262a7 - animation-leash#0 (84)
08-24 14:43:53.204  4226  4251 I SurfaceFlinger: id=88697 Removed Splash Screen com.example.dogglers#0 (84)
08-24 14:43:53.204 21625 21862 W libEGL  : EGLNativeWindowType 0x7c930a9010 disconnect failed
08-24 14:43:53.206  4585  7040 V WindowManager: Relayout Window{911a194 u0 com.google.android.youtube/com.google.android.apps.youtube.app.watchwhile.WatchWhileActivity}: viewVisibility=8 req=1080x2340
08-24 14:43:53.209  4226  4226 I Layer   : id=88691[1] Destroyed Background for -SurfaceView - com.google.android.youtube/com.google.android.apps.youtube.app.watchwhile.WatchWhileActivity@c9edee9@16#0
08-24 14:43:53.210  4226  4226 I Layer   : id=88710[1] Destroyed Surface(name=eff150b Splash Screen com.example.dogglers)/@0x8262a7 - animation-leash#0
08-24 14:43:53.210  4226  4226 I Layer   : id=88696[1] Destroyed eff150b Splash Screen com.example.dogglers#0
08-24 14:43:53.210  4226  4226 I Layer   : id=88697[1] Destroyed Splash Screen com.example.dogglers#0
08-24 14:43:53.214  4585  7040 V WindowManager: Relayout hash=911a194, pid=21625: mAttrs={(0,0)(fillxfill) sim={adjust=resize} layoutInDisplayCutoutMode=shortEdges ty=BASE_APPLICATION fmt=TRANSLUCENT wanim=0x1030304 sysuil=true
08-24 14:43:53.214  4585  7040 V WindowManager:   fl=81810100
08-24 14:43:53.214  4585  7040 V WindowManager:   pfl=12020000
08-24 14:43:53.214  4585  7040 V WindowManager:   vsysui=3710
08-24 14:43:53.214  4585  7040 V WindowManager:   apr=LIGHT_STATUS_BARS LIGHT_NAVIGATION_BARS
08-24 14:43:53.214  4585  7040 V WindowManager:   bhv=SHOW_TRANSIENT_BARS_BY_SWIPE
08-24 14:43:53.214  4585  7040 V WindowManager:   fitSides= naviIconColor=0}
08-24 14:43:53.215 21625 21625 I SurfaceControl: nativeRelease nativeObject s[537816938976]
08-24 14:43:53.215 21625 21625 I SurfaceControl: nativeRelease nativeObject e[537816938976]
08-24 14:43:53.215 21625 21625 I SurfaceControl: assignNativeObject: nativeObject = 0 Surface(name=null)/@0x10ea726 / android.view.SurfaceControl.readFromParcel:1117 android.view.IWindowSession$Stub$Proxy.relayout:1810 android.view.ViewRootImpl.relayoutWindow:9005 android.view.ViewRootImpl.performTraversals:3360 android.view.ViewRootImpl.doTraversal:2618 android.view.ViewRootImpl$TraversalRunnable.run:9971 android.view.Choreographer$CallbackRecord.run:1010 android.view.Choreographer.doCallbacks:809 android.view.Choreographer.doFrame:744 android.view.Choreographer$FrameDisplayEventReceiver.run:995
08-24 14:43:53.215 21625 21625 I SurfaceControl: assignNativeObject: nativeObject = 0 Surface(name=null)/@0x3a5f6d6 / android.view.SurfaceControl.readFromParcel:1117 android.view.IWindowSession$Stub$Proxy.relayout:1820 android.view.ViewRootImpl.relayoutWindow:9005 android.view.ViewRootImpl.performTraversals:3360 android.view.ViewRootImpl.doTraversal:2618 android.view.ViewRootImpl$TraversalRunnable.run:9971 android.view.Choreographer$CallbackRecord.run:1010 android.view.Choreographer.doCallbacks:809 android.view.Choreographer.doFrame:744 android.view.Choreographer$FrameDisplayEventReceiver.run:995
08-24 14:43:53.216 21625 21625 I SurfaceControl: nativeRelease nativeObject s[537830548832]
08-24 14:43:53.216 21625 21625 I SurfaceControl: nativeRelease nativeObject e[537830548832]
08-24 14:43:53.216  4226  5359 I SurfaceFlinger: id=88689 Removed Bounds for - com.google.android.youtube/com.google.android.apps.youtube.app.watchwhile.WatchWhileActivity@16#0 (80)
08-24 14:43:53.216 21625 21625 I ViewRootImpl@b7edacd[WatchWhileActivity]: Relayout returned: old=(0,0,1080,2340) new=(0,0,1080,2340) req=(1080,2340)8 dur=11 res=0x5 s={false 0} ch=true fn=28
08-24 14:43:53.217 21625 21625 I SurfaceView: windowStopped(true) false android.view.SurfaceView{c9edee9 V.E...... ......ID 0,0-1080,607} of ViewRootImpl@b7edacd[WatchWhileActivity]
08-24 14:43:53.225 21625 21625 I ViewRootImpl@b7edacd[WatchWhileActivity]: stopped(true) old=false
08-24 14:43:53.241  4217  4605 V APM_AudioPolicyManager: setAppState(portId:11856, state:1)
08-24 14:43:53.241  4217  4605 V APM_AudioPolicyManager: setAppState(portId:11883, state:2)
08-24 14:43:53.248  4217  4605 V APM_AudioPolicyManager: setAppState(portId:11856, state:1)
08-24 14:43:53.248  4217  4605 V APM_AudioPolicyManager: setAppState(portId:11883, state:2)
08-24 14:43:53.253 21625 21625 W YTPL.mediasession: MediaSession setActive(false)
08-24 14:43:53.256 21625 21625 W YT.mlplayer: Stayawake OFF
08-24 14:43:53.258 21625 21625 W YTPL.mediasession: MediaSession setActive(false)
08-24 14:43:53.260  4896  4896 D FaceWidgetMediaSessionManager: onPlaybackStateChanged() state = PlaybackState {state=1, position=0, buffered position=0, speed=1.0, updated=1322773825, actions=8192, custom actions=[], active item id=-1, error=null}
08-24 14:43:53.261 24159 24159 I SurfaceControl: nativeRelease nativeObject s[537830054912]
08-24 14:43:53.262 24159 24159 I SurfaceControl: nativeRelease nativeObject e[537830054912]
08-24 14:43:53.262 24159 24159 I SurfaceControl: nativeRelease nativeObject s[535655936480]
08-24 14:43:53.262 24159 24159 I SurfaceControl: nativeRelease nativeObject e[535655936480]
08-24 14:43:53.264 24159 24159 D LifecycleMonitor: Lifecycle status change: androidx.test.core.app.InstrumentationActivityInvoker$BootstrapActivity@af0faaf in: STOPPED
08-24 14:43:53.265 24159 24159 V ActivityScenario: Activity lifecycle changed event received but ignored because the intent does not match. startActivityIntent=Intent { act=android.intent.action.MAIN cat=[android.intent.category.LAUNCHER] cmp=com.example.dogglers/.VerticalListActivity }, activity.getIntent()=Intent { act=android.intent.action.MAIN cat=[android.intent.category.LAUNCHER] flg=0x10008000 cmp=com.example.dogglers/androidx.test.core.app.InstrumentationActivityInvoker$BootstrapActivity (has extras) }, activity=androidx.test.core.app.InstrumentationActivityInvoker$BootstrapActivity@af0faaf
08-24 14:43:53.267  4585  8021 D SensorService: removeConnection, index : 0, size : 1
08-24 14:43:53.267  4585  8021 D SensorService: # removeConnection, index : 0, size : 0
08-24 14:43:53.267  4585  8021 D SensorService: Calling activate off 1
08-24 14:43:53.267  4585  5087 D SamsungIMMSHWKeyboard: isConnectedDexOnPC false
08-24 14:43:53.267  4585  5087 D InputMethodManagerService: isImeSwitcherDisabledPackage : false
08-24 14:43:53.269  4166  4166 I SensorsHub: activate: handle 1 enable 0
08-24 14:43:53.269  4166  4166 I SensorsHub: type : 1, enable : 0
08-24 14:43:53.270 21625 21625 D SensorManager: unregisterListener :: android.view.OrientationEventListener$SensorEventListenerImpl@99504
08-24 14:43:53.271  4896  4896 I PluginFaceWidgetMediaDataFactory: getBitmapFromMetadata null
08-24 14:43:53.271  4896  4896 D PluginFaceWidgetMediaDataFactory: Elapsed Time : 11
08-24 14:43:53.272 24159 24159 I ViewInteraction: Checking 'MatchesViewAssertion{viewMatcher=(view has effective visibility <VISIBLE> and view.getGlobalVisibleRect() to return non-empty rectangle)}' assertion on view an instance of android.widget.TextView and view.getText() with or without transformation to match: is "Bella"
08-24 14:43:53.272  4896  4896 D FaceWidgetMediaDataRepository: [update] key : com.google.android.youtube|0|192289192, oldKey : com.google.android.youtube|0|192289192, media : com.google.android.youtube, sourceType : SESSION
08-24 14:43:53.275  4896  4896 D FaceWidgetMediaDataRepository: PlaybackState and Metadata is null. :: com.google.android.youtube
08-24 14:43:53.275  4896  4896 D FaceWidgetMediaSessionManager: onMetadataChanged() metadata = null
08-24 14:43:53.277  4896  4896 I PluginFaceWidgetMediaDataFactory: getBitmapFromMetadata null
08-24 14:43:53.277  4896  4896 D PluginFaceWidgetMediaDataFactory: Elapsed Time : 2
08-24 14:43:53.278  4896  4896 D FaceWidgetMediaDataRepository: [update] key : com.google.android.youtube|0|192289192, oldKey : com.google.android.youtube|0|192289192, media : com.google.android.youtube, sourceType : SESSION
08-24 14:43:53.285  4585  7044 I SemDvfsHyPerManager: acquire hyper - AMS_ACT_START/4585@16, type = -999
08-24 14:43:53.286  4226  4248 I SurfaceFlinger: id=88712 createSurf (0x0),-1 flag=80004, ActivityRecord{5509fb9 u0 com.example.dogglers/androidx.test.core.app.InstrumentationActivityInvoker$EmptyActivity t1576}#0
08-24 14:43:53.287 21625 21625 W YTPL.mediasession: MediaSession setActive(false)
08-24 14:43:53.288  4175  4211 I HYPER-HAL: [RequestManager.cpp]acquire(): Acquired ID : 10586917  [4585 / 16]    HINT : AMS_ACT_START    list :
08-24 14:43:53.290  4175  4211 I HYPER-HAL: [ResourceManager.cpp]updateResource(): [CPUMinFreq] UpdateResource Request ID : 10586917    Value : 2314000
08-24 14:43:53.292  4140  4146 E statsd  : Predicate -7037417284711607308 dropping data for dimension key (10)0x2010101->10574[I] (10)0x30000->*launch*[S]
08-24 14:43:53.293  4140  4146 E statsd  : Predicate 5980654721335871649 dropping data for dimension key (10)0x2010101->10574[I] (10)0x30000->*launch*[S]
08-24 14:43:53.293  4896  4896 D FaceWidgetMediaDataRepository: PlaybackState and Metadata is null. :: com.google.android.youtube
08-24 14:43:53.296  4585  5390 I SurfaceControl: nativeRelease nativeObject s[535556865408]
08-24 14:43:53.296  4585  5390 I SurfaceControl: nativeRelease nativeObject e[535556865408]
08-24 14:43:53.297  4226  4251 I Layer   : id=88686 removeFromCurrentState com.google.android.youtube/com.google.android.apps.youtube.app.watchwhile.WatchWhileActivity$_21625#0 (81)
08-24 14:43:53.297  9865  9865 I Utils   : isCurrentUser current = 0, ownerId = 0
08-24 14:43:53.297  4226  4251 I Layer   : id=88689 removeFromCurrentState Bounds for - com.google.android.youtube/com.google.android.apps.youtube.app.watchwhile.WatchWhileActivity@16#0 (81)
08-24 14:43:53.297  4226  4251 I Layer   : id=88690 removeFromCurrentState SurfaceView - com.google.android.youtube/com.google.android.apps.youtube.app.watchwhile.WatchWhileActivity@c9edee9@16#0 (81)
08-24 14:43:53.298 24159 24159 D LifecycleMonitor: Lifecycle status change: com.example.dogglers.VerticalListActivity@1e40566 in: PAUSED
08-24 14:43:53.298 24159 24159 V ActivityScenario: Update currentActivityStage to PAUSED, currentActivity=com.example.dogglers.VerticalListActivity@1e40566
08-24 14:43:53.302  4585  7040 V WindowOrientationListener: getProposedRotation: -1
08-24 14:43:53.302  4585  7040 V WindowOrientationListener: getProposedRotation: -1
08-24 14:43:53.303  4585  7040 V WindowOrientationListener: getProposedRotation: -1
08-24 14:43:53.304  9865  9865 I TrayVisibilityController: getComputedTrayVisible : keyguardState = 1
08-24 14:43:53.304  9865  9865 I TrayVisibilityController: updateTrayVisible: State=1 visible=1 mCurrentVisible=1 specificMode=0
08-24 14:43:53.304  9865  9865 I TrayStateController: onNotifyUpdateTray: 0 to need to visible? true
08-24 14:43:53.304  4896  4896 D FaceWidgetMediaSessionManager: onPlaybackStateChanged() state = PlaybackState {state=1, position=0, buffered position=0, speed=1.0, updated=1322773829, actions=8192, custom actions=[], active item id=-1, error=null}
08-24 14:43:53.305  4585  7040 D InputDispatcher: Focused application set to (0): 5509fb9
08-24 14:43:53.308  4896  4896 I PluginFaceWidgetMediaDataFactory: getBitmapFromMetadata null
08-24 14:43:53.308  4896  4896 D PluginFaceWidgetMediaDataFactory: Elapsed Time : 4
08-24 14:43:53.314  4896  4908 I ndroid.systemu: NativeAlloc concurrent copying GC freed 12942(500KB) AllocSpace objects, 0(0B) LOS objects, 49% free, 19MB/38MB, paused 307us total 340.020ms
08-24 14:43:53.316  4896  4896 D FaceWidgetMediaDataRepository: [update] key : com.google.android.youtube|0|192289192, oldKey : com.google.android.youtube|0|192289192, media : com.google.android.youtube, sourceType : SESSION
08-24 14:43:53.321  4896  4896 D FaceWidgetMediaDataRepository: PlaybackState and Metadata is null. :: com.google.android.youtube
08-24 14:43:53.322  4896  4896 D FaceWidgetMusicViewModel: onChanged :: NULL
08-24 14:43:53.323  4896  4896 I FaceWidgetMusicViewModel: getMediaButtonReceiverPackageName() - soundAssistant : com.google.android.youtube, Settings : org.telegram.plus/org.telegram.messenger.voip.VoIPMediaButtonReceiver,0,1
08-24 14:43:53.325 24159 24159 D LifecycleMonitor: Lifecycle status change: androidx.test.core.app.InstrumentationActivityInvoker$EmptyActivity@df2ffb3 in: PRE_ON_CREATE
08-24 14:43:53.325  4896  4896 D FaceWidgetMediaDataDAO: launch package intent
08-24 14:43:53.325 24159 24159 V ActivityScenario: Activity lifecycle changed event received but ignored because the intent does not match. startActivityIntent=Intent { act=android.intent.action.MAIN cat=[android.intent.category.LAUNCHER] cmp=com.example.dogglers/.VerticalListActivity }, activity.getIntent()=Intent { act=android.intent.action.MAIN cat=[android.intent.category.LAUNCHER] flg=0x10000000 cmp=com.example.dogglers/androidx.test.core.app.InstrumentationActivityInvoker$EmptyActivity }, activity=androidx.test.core.app.InstrumentationActivityInvoker$EmptyActivity@df2ffb3
08-24 14:43:53.327  4585  8021 I InputDispatcher: Focus left window (24159): 3937d8  in display 0 0
08-24 14:43:53.328  4896  4896 D FaceWidgetViewModel: onChanged
08-24 14:43:53.328  4896  4896 D FaceWidgetViewModel: updateMusicPageShownState() show = false, reattach = false, reason = clear
08-24 14:43:53.328  4896  4896 D FaceWidgetViewModel: skip to show media panel
08-24 14:43:53.328  4896  4896 D FaceWidgetMediaSessionManager: onPlaybackStateChanged() state = PlaybackState {state=1, position=0, buffered position=0, speed=1.0, updated=1322773859, actions=8192, custom actions=[], active item id=-1, error=null}
08-24 14:43:53.332  4585  4635 D FastTrack: setFastTrackState: pid = 21625 ;tid= 21625 ;value= 0
08-24 14:43:53.332  4585  4635 D FastTrack: setFastTrackState: pid = 21625 ;tid= 21862 ;value= 0
08-24 14:43:53.333  4226  4601 I SurfaceFlinger: id=88686 Removed com.google.android.youtube/com.google.android.apps.youtube.app.watchwhile.WatchWhileActivity$_21625#0 (81)
08-24 14:43:53.335  4585  4610 D SehCodecSolutionService: Update top [com.example.dogglers]
08-24 14:43:53.339 24159 24159 I DecorView: [INFO] isPopOver=false, config=true
08-24 14:43:53.339 24159 24159 I DecorView: updateCaptionType >> DecorView@f9ea4e9[], isFloating=false, isApplication=true, hasWindowDecorCaption=false, hasWindowControllerCallback=true
08-24 14:43:53.339 24159 24159 D DecorView: setCaptionType = 0, this = DecorView@f9ea4e9[]
08-24 14:43:53.339  4896  4896 I PluginFaceWidgetMediaDataFactory: getBitmapFromMetadata null
08-24 14:43:53.339  4896  4896 D PluginFaceWidgetMediaDataFactory: Elapsed Time : 10
08-24 14:43:53.343  4226  4226 I Layer   : id=88686[1] Destroyed com.google.android.youtube/com.google.android.apps.youtube.app.watchwhile.WatchWhileActivity$_21625#0
08-24 14:43:53.343  4896  4896 D FaceWidgetMediaDataRepository: [update] key : com.google.android.youtube|0|192289192, oldKey : com.google.android.youtube|0|192289192, media : com.google.android.youtube, sourceType : SESSION
08-24 14:43:53.343  4226  4226 I Layer   : id=88689[1] Destroyed Bounds for - com.google.android.youtube/com.google.android.apps.youtube.app.watchwhile.WatchWhileActivity@16#0
08-24 14:43:53.343  4226  4226 I Layer   : id=88690[1] Destroyed SurfaceView - com.google.android.youtube/com.google.android.apps.youtube.app.watchwhile.WatchWhileActivity@c9edee9@16#0
08-24 14:43:53.345  4896  4896 D FaceWidgetMediaDataRepository: PlaybackState and Metadata is null. :: com.google.android.youtube
08-24 14:43:53.345  4896  4896 D FaceWidgetMediaSessionManager: onMetadataChanged() metadata = null
08-24 14:43:53.345  4896  4896 I PluginFaceWidgetMediaDataFactory: getBitmapFromMetadata null
08-24 14:43:53.345  4896  4896 D PluginFaceWidgetMediaDataFactory: Elapsed Time : 0
08-24 14:43:53.346  4896  4896 D FaceWidgetMediaDataRepository: [update] key : com.google.android.youtube|0|192289192, oldKey : com.google.android.youtube|0|192289192, media : com.google.android.youtube, sourceType : SESSION
08-24 14:43:53.348  4896  4896 D FaceWidgetMediaDataRepository: PlaybackState and Metadata is null. :: com.google.android.youtube
08-24 14:43:53.352  4896  4896 D FaceWidgetMusicPageObserver: [EXPAND] onChanged :: PluginFaceWidgetMediaData{[NULL]} showingLastPlayed : true
08-24 14:43:53.352  4896  4896 D FaceWidgetMediaDataDAO: controller is null
08-24 14:43:53.352  4896  4896 D FaceWidgetMediaDataDAO: controller is null
08-24 14:43:53.352  4896  4896 D FaceWidgetMediaDataDAO: controller is null
08-24 14:43:53.352  4896  4896 D FaceWidgetMediaDataDAO: controller is null
08-24 14:43:53.352  4896  4896 D FaceWidgetMediaDataDAO: controller is null
08-24 14:43:53.352  4896  4896 D FaceWidgetMediaDataDAO: controller is null
08-24 14:43:53.352  4896  4896 D FaceWidgetMediaDataDAO: controller is null
08-24 14:43:53.352  4896  4896 D FaceWidgetMediaDataDAO: controller is null
08-24 14:43:53.353  4896  4896 D FaceWidgetMusicPageObserver: last played. show tap to play last song. : com.google.android.youtube
08-24 14:43:53.353  4896  4896 D FaceWidgetMusicViewModel: onChanged :: NULL
08-24 14:43:53.354  4896  4896 I FaceWidgetMusicViewModel: getMediaButtonReceiverPackageName() - soundAssistant : com.google.android.youtube, Settings : org.telegram.plus/org.telegram.messenger.voip.VoIPMediaButtonReceiver,0,1
08-24 14:43:53.355 24159 24159 D LifecycleMonitor: Lifecycle status change: androidx.test.core.app.InstrumentationActivityInvoker$EmptyActivity@df2ffb3 in: CREATED
08-24 14:43:53.355 24159 24159 V ActivityScenario: Activity lifecycle changed event received but ignored because the intent does not match. startActivityIntent=Intent { act=android.intent.action.MAIN cat=[android.intent.category.LAUNCHER] cmp=com.example.dogglers/.VerticalListActivity }, activity.getIntent()=Intent { act=android.intent.action.MAIN cat=[android.intent.category.LAUNCHER] flg=0x10000000 cmp=com.example.dogglers/androidx.test.core.app.InstrumentationActivityInvoker$EmptyActivity }, activity=androidx.test.core.app.InstrumentationActivityInvoker$EmptyActivity@df2ffb3
08-24 14:43:53.356  4896  4896 D FaceWidgetMediaDataDAO: launch package intent
08-24 14:43:53.357  4896  4896 D FaceWidgetViewModel: onChanged
08-24 14:43:53.357  4896  4896 D FaceWidgetViewModel: updateMusicPageShownState() show = false, reattach = false, reason = clear
08-24 14:43:53.357  4896  4896 D FaceWidgetViewModel: skip to show media panel
08-24 14:43:53.357  4896  4896 D FaceWidgetMusicPageObserver: [EXPAND] onChanged :: PluginFaceWidgetMediaData{[NULL]} showingLastPlayed : true
08-24 14:43:53.357  4896  4896 D FaceWidgetMediaDataDAO: controller is null
08-24 14:43:53.357  4896  4896 D FaceWidgetMediaDataDAO: controller is null
08-24 14:43:53.357  4896  4896 D FaceWidgetMediaDataDAO: controller is null
08-24 14:43:53.357  4896  4896 D FaceWidgetMediaDataDAO: controller is null
08-24 14:43:53.357  4896  4896 D FaceWidgetMediaDataDAO: controller is null
08-24 14:43:53.357  4896  4896 D FaceWidgetMediaDataDAO: controller is null
08-24 14:43:53.357  4896  4896 D FaceWidgetMediaDataDAO: controller is null
08-24 14:43:53.357  4896  4896 D FaceWidgetMediaDataDAO: controller is null
08-24 14:43:53.357 24159 24159 D LifecycleMonitor: Lifecycle status change: androidx.test.core.app.InstrumentationActivityInvoker$EmptyActivity@df2ffb3 in: STARTED
08-24 14:43:53.357  4896  4896 D FaceWidgetMusicPageObserver: last played. show tap to play last song. : com.google.android.youtube
08-24 14:43:53.358 24159 24159 V ActivityScenario: Activity lifecycle changed event received but ignored because the intent does not match. startActivityIntent=Intent { act=android.intent.action.MAIN cat=[android.intent.category.LAUNCHER] cmp=com.example.dogglers/.VerticalListActivity }, activity.getIntent()=Intent { act=android.intent.action.MAIN cat=[android.intent.category.LAUNCHER] flg=0x10000000 cmp=com.example.dogglers/androidx.test.core.app.InstrumentationActivityInvoker$EmptyActivity }, activity=androidx.test.core.app.InstrumentationActivityInvoker$EmptyActivity@df2ffb3
08-24 14:43:53.398 24159 24159 D LifecycleMonitor: Lifecycle status change: androidx.test.core.app.InstrumentationActivityInvoker$EmptyActivity@df2ffb3 in: RESUMED
08-24 14:43:53.399 24159 24159 V ActivityScenario: Activity lifecycle changed event received but ignored because the intent does not match. startActivityIntent=Intent { act=android.intent.action.MAIN cat=[android.intent.category.LAUNCHER] cmp=com.example.dogglers/.VerticalListActivity }, activity.getIntent()=Intent { act=android.intent.action.MAIN cat=[android.intent.category.LAUNCHER] flg=0x10000000 cmp=com.example.dogglers/androidx.test.core.app.InstrumentationActivityInvoker$EmptyActivity }, activity=androidx.test.core.app.InstrumentationActivityInvoker$EmptyActivity@df2ffb3
08-24 14:43:53.404  4585  7040 D InputTransport: Input channel constructed: '33b19f3', fd=710
08-24 14:43:53.404  4585  7040 D InputTransport: Input channel constructed: '33b19f3', fd=725
08-24 14:43:53.405  4226  4248 I SurfaceFlinger: id=88713 createSurf (0x0),-1 flag=80004, 33b19f3 com.example.dogglers/androidx.test.core.app.InstrumentationActivityInvoker$EmptyActivity#0
08-24 14:43:53.406  4585  7040 D WindowManager: isScreenshotDisabledLocked - win: Window{33b19f3 u0 com.example.dogglers/androidx.test.core.app.InstrumentationActivityInvoker$EmptyActivity}
08-24 14:43:53.406  4585  7040 D WindowManager: isScreenshotDisabledLocked: userId = 0, disabled =false
08-24 14:43:53.406  4585  7040 D InputTransport: Input channel destroyed: '33b19f3', fd=725
08-24 14:43:53.429 24159 24159 D InputTransport: Input channel constructed: '33b19f3', fd=93
08-24 14:43:53.432 24159 24159 I ViewRootImpl@90edc9c[InstrumentationActivityInvoker$EmptyActivity]: setView = com.android.internal.policy.DecorView@f9ea4e9 TM=true
08-24 14:43:53.440  4585  5087 V WindowManager: Relayout Window{33b19f3 u0 com.example.dogglers/androidx.test.core.app.InstrumentationActivityInvoker$EmptyActivity}: viewVisibility=0 req=1080x2340
08-24 14:43:53.442  4585  5087 D WindowManager: isScreenshotDisabledLocked - win: Window{33b19f3 u0 com.example.dogglers/androidx.test.core.app.InstrumentationActivityInvoker$EmptyActivity}
08-24 14:43:53.442  4585  5087 D WindowManager: isScreenshotDisabledLocked: userId = 0, disabled =false
08-24 14:43:53.443  4226  4248 I SurfaceFlinger: id=88714 createSurf (1080x2340),1 flag=404, com.example.dogglers/androidx.test.core.app.InstrumentationActivityInvoker$EmptyActivity$_24159#0
08-24 14:43:53.447  4585  5087 I SurfaceControl: nativeRelease nativeObject s[535581377536]
08-24 14:43:53.447  4585  5087 I SurfaceControl: nativeRelease nativeObject e[535581377536]
08-24 14:43:53.447  4226  4601 I SurfaceFlinger: id=88715 createSurf (0x0),-1 flag=24000, Surface(name=e455c2d StatusBar)/@0x2f65071 - animation-leash#0
08-24 14:43:53.448  4585  5087 I SurfaceControl: nativeRelease nativeObject s[535567047360]
08-24 14:43:53.449  4585  5087 I SurfaceControl: nativeRelease nativeObject e[535567047360]
08-24 14:43:53.449  4226  4601 I SurfaceFlinger: id=88716 createSurf (0x0),-1 flag=24000, Surface(name=a71bb8f NavigationBar0)/@0x8f38906 - animation-leash#0
08-24 14:43:53.452  4585  5087 V WindowManager: Relayout hash=33b19f3, pid=24159: mAttrs={(0,0)(fillxfill) sim={adjust=pan forwardNavigation} ty=BASE_APPLICATION wanim=0x1030001
08-24 14:43:53.452  4585  5087 V WindowManager:   fl=1810100
08-24 14:43:53.452  4585  5087 V WindowManager:   pfl=12020000
08-24 14:43:53.452  4585  5087 V WindowManager:   apr=LIGHT_NAVIGATION_BARS
08-24 14:43:53.452  4585  5087 V WindowManager:   fitSides= naviIconColor=0
08-24 14:43:53.452  4585  5087 V WindowManager:   sfl=100000}
08-24 14:43:53.452  4585  5087 I SurfaceControl: nativeRelease nativeObject s[535567374784]
08-24 14:43:53.452  4585  5087 I SurfaceControl: nativeRelease nativeObject e[535567374784]
08-24 14:43:53.453  4226  4251 I Layer   : id=88708 removeFromCurrentState Surface(name=e455c2d StatusBar)/@0x2f65071 - animation-leash#1 (82)
08-24 14:43:53.453  4226  4251 I Layer   : id=88709 removeFromCurrentState Surface(name=a71bb8f NavigationBar0)/@0x8f38906 - animation-leash#1 (82)
08-24 14:43:53.454 24159 24159 I SurfaceControl: assignNativeObject: nativeObject = 0 Surface(name=null)/@0xf33a6a5 / android.view.SurfaceControl.readFromParcel:1117 android.view.IWindowSession$Stub$Proxy.relayout:1820 android.view.ViewRootImpl.relayoutWindow:9005 android.view.ViewRootImpl.performTraversals:3360 android.view.ViewRootImpl.doTraversal:2618 android.view.ViewRootImpl$TraversalRunnable.run:9971 android.view.Choreographer$CallbackRecord.run:1010 android.view.Choreographer.doCallbacks:809 android.view.Choreographer.doFrame:744 android.view.Choreographer$FrameDisplayEventReceiver.run:995
08-24 14:43:53.455 24159 24159 I ViewRootImpl@90edc9c[InstrumentationActivityInvoker$EmptyActivity]: Relayout returned: old=(0,0,1080,2340) new=(0,0,1080,2340) req=(1080,2340)0 dur=15 res=0x7 s={true 537783341056} ch=true fn=-1
08-24 14:43:53.458  4159 16850 D gralloc : [mali_gralloc_allocate] begin
08-24 14:43:53.458  4159 16850 D gralloc : buffer_descriptor: wh(1080 2340) usage_pc(0x40000000000b00 0x40000000000b00) hal_format(0x1) layer_count(1) sizes(0 0 0) strde(0) byte_stride(0) alloc_wh(0 0) internal_format(0x0) alloc_format(0x0) fd_count(1) plane_count(0)
08-24 14:43:53.458 24159 24159 I ViewRootImpl@90edc9c[InstrumentationActivityInvoker$EmptyActivity]: [DP] dp(1) 1 android.view.ViewRootImpl.reportNextDraw:10957 android.view.ViewRootImpl.performTraversals:3845 android.view.ViewRootImpl.doTraversal:2618
08-24 14:43:53.459 24159 24159 I ViewRootImpl@90edc9c[InstrumentationActivityInvoker$EmptyActivity]: [DP] pd() Asnyc report
08-24 14:43:53.462  4159 16850 D gralloc : [mali_gralloc_allocate] allocation successful
08-24 14:43:53.464  4159 16850 D gralloc : [mali_gralloc_allocate] begin
08-24 14:43:53.464  4159 16850 D gralloc : buffer_descriptor: wh(1080 2340) usage_pc(0x40000000000b00 0x40000000000b00) hal_format(0x1) layer_count(1) sizes(0 0 0) strde(0) byte_stride(0) alloc_wh(0 0) internal_format(0x0) alloc_format(0x0) fd_count(1) plane_count(0)
08-24 14:43:53.466  9865  9865 I TrayStateController: systemUiVisibilityChanged : 0 0
08-24 14:43:53.469  4585  4594 I system_server: NativeAlloc concurrent copying GC freed 371847(18MB) AllocSpace objects, 140(2928KB) LOS objects, 21% free, 89MB/113MB, paused 428us total 763.980ms
08-24 14:43:53.469  4159 16850 D gralloc : [mali_gralloc_allocate] allocation successful
08-24 14:43:53.469 24159 24159 I ViewRootImpl@90edc9c[InstrumentationActivityInvoker$EmptyActivity]: [DP] pdf(0) 1 android.view.ViewRootImpl.lambda$performDraw$1$ViewRootImpl:4668 android.view.-$$Lambda$ViewRootImpl$DJd0VUYJgsebcnSohO6h8zc_ONI.run:6 android.os.Handler.handleCallback:938
08-24 14:43:53.469 24159 24159 I ViewRootImpl@90edc9c[InstrumentationActivityInvoker$EmptyActivity]: [DP] rdf()
08-24 14:43:53.470  4159 16850 D gralloc : [mali_gralloc_allocate] begin
08-24 14:43:53.470  4159 16850 D gralloc : buffer_descriptor: wh(1080 2340) usage_pc(0x40000000000b00 0x40000000000b00) hal_format(0x1) layer_count(1) sizes(0 0 0) strde(0) byte_stride(0) alloc_wh(0 0) internal_format(0x0) alloc_format(0x0) fd_count(1) plane_count(0)
08-24 14:43:53.471 24159 24159 I ViewRootImpl@97d3cfa[VerticalListActivity]: MSG_WINDOW_FOCUS_CHANGED 0 1
08-24 14:43:53.474  4585  4613 D PkgPredictorService: pkg:com.example.dogglers activity:androidx.test.core.app.InstrumentationActivityInvoker$EmptyActivity thisTime:191
08-24 14:43:53.475  4159 16850 D gralloc : [mali_gralloc_allocate] allocation successful
08-24 14:43:53.475 24159 24159 I SurfaceControl: nativeRelease nativeObject s[535648701504]
08-24 14:43:53.475 24159 24159 I SurfaceControl: nativeRelease nativeObject e[535648701504]
08-24 14:43:53.475 24159 24159 I SurfaceControl: nativeRelease nativeObject s[535648700736]
08-24 14:43:53.475 24159 24159 I SurfaceControl: nativeRelease nativeObject e[535648700736]
08-24 14:43:53.476 24159 24159 I SurfaceControl: nativeRelease nativeObject s[535648699872]
08-24 14:43:53.476 24159 24159 I SurfaceControl: nativeRelease nativeObject e[535648699872]
08-24 14:43:53.478  4226  4248 I SurfaceFlinger: id=88709 Removed Surface(name=a71bb8f NavigationBar0)/@0x8f38906 - animation-leash#1 (82)
08-24 14:43:53.478  4585  4617 I ActivityTaskManager: Displayed com.example.dogglers/androidx.test.core.app.InstrumentationActivityInvoker$EmptyActivity: +191ms
08-24 14:43:53.478  4585  4613 I SemDvfsHyPerManager: acquire hyper - AMS_RESUME_TAIL/4585@18, type = -999
08-24 14:43:53.478  4585  4613 I SemDvfsHyPerManager: acquire hyper - AMS_ACT_LAZY/4585@19, type = -999
08-24 14:43:53.478  4226  5359 I SurfaceFlinger: id=88708 Removed Surface(name=e455c2d StatusBar)/@0x2f65071 - animation-leash#1 (82)
08-24 14:43:53.479  4175  4211 I HYPER-HAL: [RequestManager.cpp]acquire(): Acquired ID : 10596124  [4585 / 18]    HINT : AMS_RESUME_TAIL    list :
08-24 14:43:53.479  4175  4211 I HYPER-HAL: [ResourceManager.cpp]updateResource(): [CPUMinFreq] UpdateResource Request ID : 10596124    Value : 1768000
08-24 14:43:53.479  4175  4211 I HYPER-HAL: [RequestManager.cpp]acquire(): Acquired ID : 10600729  [4585 / 19]    HINT :      list :
08-24 14:43:53.480  4175  4211 E HYPER-HAL: [Request.cpp]acquire(): Request:: id : 10600729, No Resource to set
08-24 14:43:53.482  4175  4211 I HYPER-HAL: [ResourceManager.cpp]removeResource(): [CPUMinFreq] RemoveResource Request ID : 10586917
08-24 14:43:53.482  4175  4211 I HYPER-HAL: [RequestManager.cpp]releaseLocked(): Released ID : 10586917
08-24 14:43:53.491  4585  4596 W System  : A resource failed to call release.
08-24 14:43:53.491  4585  4596 I SurfaceControl: nativeRelease nativeObject s[535556339552]
08-24 14:43:53.491  4585  4596 I SurfaceControl: nativeRelease nativeObject e[535556339552]
08-24 14:43:53.491  4226  4601 I SurfaceFlinger: id=88685 Removed Surface(name=a3a0629 InputMethod)/@0x54f474f - animation-leash#0 (82)
08-24 14:43:53.492  4585  4596 W System  : A resource failed to call release.
08-24 14:43:53.492  4585  4596 I SurfaceControl: nativeRelease nativeObject s[535556871360]
08-24 14:43:53.492  4585  4596 I SurfaceControl: nativeRelease nativeObject e[535556871360]
08-24 14:43:53.494  4226  4226 I Layer   : id=88708[1] Destroyed Surface(name=e455c2d StatusBar)/@0x2f65071 - animation-leash#1
08-24 14:43:53.494  4226  4226 I Layer   : id=88685[1] Destroyed Surface(name=a3a0629 InputMethod)/@0x54f474f - animation-leash#0
08-24 14:43:53.494  4226  4226 I Layer   : id=88709[1] Destroyed Surface(name=a71bb8f NavigationBar0)/@0x8f38906 - animation-leash#1
08-24 14:43:53.495  4585  4596 W System  : A resource failed to call release.
08-24 14:43:53.495  4585  4596 I SurfaceControl: nativeRelease nativeObject s[537628425568]
08-24 14:43:53.495  4585  4596 I SurfaceControl: nativeRelease nativeObject e[537628425568]
08-24 14:43:53.496  4226  4248 I SurfaceFlinger: id=88658 Removed Surface(name=a3a0629 InputMethod)/@0x54f474f - animation-leash#0 (79)
08-24 14:43:53.496  4585  8021 I InputDispatcher: Focus entered window (24159): 33b19f3 in display 0 0
08-24 14:43:53.497  4585  4596 W System  : A resource failed to call release.
08-24 14:43:53.497  4585  4596 I SurfaceControl: nativeRelease nativeObject s[535556339168]
08-24 14:43:53.497  4585  4596 I SurfaceControl: nativeRelease nativeObject e[535556339168]
08-24 14:43:53.497  4226  5359 E BufferQueueProducer: [com.example.dogglers/com.example.dogglers.VerticalListActivity$_24159#0](id:10820000497b,api:0,p:-1,c:4226) disconnect: not connected (req=1)
08-24 14:43:53.498 24159 24214 W libEGL  : EGLNativeWindowType 0x7cb79f3010 disconnect failed
08-24 14:43:53.499  4585  4596 W System  : A resource failed to call release.
08-24 14:43:53.499  4585  4596 I SurfaceControl: nativeRelease nativeObject s[535557019200]
08-24 14:43:53.499  4585  4596 I SurfaceControl: nativeRelease nativeObject e[535557019200]
08-24 14:43:53.499  4226  5359 I SurfaceFlinger: id=88634 Removed Surface(name=a3a0629 InputMethod)/@0x54f474f - animation-leash#1 (79)
08-24 14:43:53.500  4585  4596 W System  : A resource failed to call release.
08-24 14:43:53.500  4585  4596 I SurfaceControl: nativeRelease nativeObject s[535579919008]
08-24 14:43:53.500  4585  4596 I SurfaceControl: nativeRelease nativeObject e[535579919008]
08-24 14:43:53.500  4226  5359 I SurfaceFlinger: id=88636 Removed Surface(name=e455c2d StatusBar)/@0x2f65071 - animation-leash#0 (79)
08-24 14:43:53.500  4585  4596 W System  : A resource failed to call release.
08-24 14:43:53.500  4585  4596 I SurfaceControl: nativeRelease nativeObject s[535556331584]
08-24 14:43:53.500  4585  4596 I SurfaceControl: nativeRelease nativeObject e[535556331584]
08-24 14:43:53.500  4226  5359 I SurfaceFlinger: id=88637 Removed Surface(name=a71bb8f NavigationBar0)/@0x8f38906 - animation-leash#0 (79)
08-24 14:43:53.502  4585  4596 W System  : A resource failed to call release.
08-24 14:43:53.502  4226  4226 D SurfaceFlinger: Display 0 HWC layers:
08-24 14:43:53.502  4226  4226 D SurfaceFlinger:      DEVICE | 0x77ce816580 | 0002 | RGBA_8888    |    0.0    0.0 1080.0 2340.0 |    0    0 1080 2340 | com.example.dogglers/androidx.test.c[...]tivityInvoker$EmptyActivity$_24159#0
08-24 14:43:53.502  4226  4226 D SurfaceFlinger:      DEVICE | 0x77ce816940 | 0000 | RGBA_8888    |    0.0    0.0 1080.0   83.0 |    0    0 1080   83 | StatusBar$_4896#0
08-24 14:43:53.502  4226  4226 D SurfaceFlinger:      DEVICE | 0x77ce8157c0 | 0000 | RGBA_8888    |    0.0    0.0   67.0  342.0 |    0  746   67 1088 | com.samsung.android.app.cocktailbars[...]arservice.CocktailBarService$_9865#0
08-24 14:43:53.502  4226  4226 D SurfaceFlinger:      DEVICE | 0x7851238200 | 0000 | RGBA_8888    |    0.0    0.0  388.0   39.0 |  692 2301 1080 2340 | SGestureOverlayWindow$_5408#0
08-24 14:43:53.502  4226  4226 D SurfaceFlinger:      DEVICE | 0x77ce815f40 | 0000 | RGBA_8888    |    0.0    0.0 1080.0  126.0 |    0 2214 1080 2340 | NavigationBar0$_4896#0
08-24 14:43:53.502  4226  4226 D SurfaceFlinger:      DEVICE | 0x77ce814b40 | 0000 | RGBA_8888    |    0.0    0.0 1080.0  151.0 |    0    0 1080  151 | ScreenDecorOverlay$_4896#0
08-24 14:43:53.502  4226  4226 D SurfaceFlinger:      DEVICE | 0x77ce817d40 | 0000 | RGBA_8888    |    0.0    0.0 1080.0  151.0 |    0 2189 1080 2340 | ScreenDecorOverlayBottom$_
08-24 14:43:53.502  4226  4226 D SurfaceFlinger: 4896#0
08-24 14:43:53.502  4226  4226 D SurfaceFlinger:
08-24 14:43:53.502  4585  4596 I SurfaceControl: nativeRelease nativeObject s[535567044672]
08-24 14:43:53.502  4585  4596 I SurfaceControl: nativeRelease nativeObject e[535567044672]
08-24 14:43:53.502  4226  4251 I SurfaceFlinger: id=88616 Removed Surface(name=a3a0629 InputMethod)/@0x54f474f - animation-leash#0 (79)
08-24 14:43:53.502  4585  8021 V WindowManager: Relayout Window{3937d8 u0 com.example.dogglers/com.example.dogglers.VerticalListActivity}: viewVisibility=8 req=1080x2340
08-24 14:43:53.503  4585  4596 W System  : A resource failed to call release.
08-24 14:43:53.504  4585  4596 I SurfaceControl: nativeRelease nativeObject s[535565839808]
08-24 14:43:53.504  4585  4596 I SurfaceControl: nativeRelease nativeObject e[535565839808]
08-24 14:43:53.505  4226  5359 I SurfaceFlinger: id=88603 Removed Surface(name=a3a0629 InputMethod)/@0x54f474f - animation-leash#0 (79)
08-24 14:43:53.505  4585  4596 W System  : A resource failed to call release.
08-24 14:43:53.505  4585  4596 I SurfaceControl: nativeRelease nativeObject s[537628414240]
08-24 14:43:53.505  4585  4596 I SurfaceControl: nativeRelease nativeObject e[537628414240]
08-24 14:43:53.507  4585  8021 V WindowManager: Relayout hash=3937d8, pid=24159: mAttrs={(0,0)(fillxfill) sim={adjust=resize forwardNavigation} ty=BASE_APPLICATION wanim=0x1030304
08-24 14:43:53.507  4585  8021 V WindowManager:   fl=81810100
08-24 14:43:53.507  4585  8021 V WindowManager:   pfl=12020000
08-24 14:43:53.507  4585  8021 V WindowManager:   apr=LIGHT_NAVIGATION_BARS
08-24 14:43:53.507  4585  8021 V WindowManager:   fitSides= naviIconColor=0
08-24 14:43:53.507  4585  8021 V WindowManager:   sfl=100000}
08-24 14:43:53.509 24159 24159 I SurfaceControl: nativeRelease nativeObject s[535655947712]
08-24 14:43:53.509 24159 24159 I SurfaceControl: nativeRelease nativeObject e[535655947712]
08-24 14:43:53.509 24159 24159 I SurfaceControl: assignNativeObject: nativeObject = 0 Surface(name=null)/@0xe626a7a / android.view.SurfaceControl.readFromParcel:1117 android.view.IWindowSession$Stub$Proxy.relayout:1810 android.view.ViewRootImpl.relayoutWindow:9005 android.view.ViewRootImpl.performTraversals:3360 android.view.ViewRootImpl.doTraversal:2618 android.view.ViewRootImpl$TraversalRunnable.run:9971 android.view.Choreographer$CallbackRecord.run:1010 android.view.Choreographer.doCallbacks:809 android.view.Choreographer.doFrame:744 android.view.Choreographer$FrameDisplayEventReceiver.run:995
08-24 14:43:53.509 24159 24159 I SurfaceControl: assignNativeObject: nativeObject = 0 Surface(name=null)/@0x64352ab / android.view.SurfaceControl.readFromParcel:1117 android.view.IWindowSession$Stub$Proxy.relayout:1820 android.view.ViewRootImpl.relayoutWindow:9005 android.view.ViewRootImpl.performTraversals:3360 android.view.ViewRootImpl.doTraversal:2618 android.view.ViewRootImpl$TraversalRunnable.run:9971 android.view.Choreographer$CallbackRecord.run:1010 android.view.Choreographer.doCallbacks:809 android.view.Choreographer.doFrame:744 android.view.Choreographer$FrameDisplayEventReceiver.run:995
08-24 14:43:53.510  4226  4226 I Layer   : id=88637[1] Destroyed Surface(name=a71bb8f NavigationBar0)/@0x8f38906 - animation-leash#0
08-24 14:43:53.510  4226  4226 I Layer   : id=88603[1] Destroyed Surface(name=a3a0629 InputMethod)/@0x54f474f - animation-leash#0
08-24 14:43:53.510  4226  4226 I Layer   : id=88634[1] Destroyed Surface(name=a3a0629 InputMethod)/@0x54f474f - animation-leash#1
08-24 14:43:53.510 24159 24159 I SurfaceControl: nativeRelease nativeObject s[537785865440]
08-24 14:43:53.510 24159 24159 I SurfaceControl: nativeRelease nativeObject e[537785865440]
08-24 14:43:53.510 24159 24159 I ViewRootImpl@97d3cfa[VerticalListActivity]: Relayout returned: old=(0,0,1080,2340) new=(0,0,1080,2340) req=(1080,2340)8 dur=8 res=0x5 s={false 0} ch=true fn=6
08-24 14:43:53.510  4226  4226 I Layer   : id=88636[1] Destroyed Surface(name=e455c2d StatusBar)/@0x2f65071 - animation-leash#0
08-24 14:43:53.511  4226  4226 I Layer   : id=88658[1] Destroyed Surface(name=a3a0629 InputMethod)/@0x54f474f - animation-leash#0
08-24 14:43:53.511  4226  4226 I Layer   : id=88616[1] Destroyed Surface(name=a3a0629 InputMethod)/@0x54f474f - animation-leash#0
08-24 14:43:53.513 24159 24159 I ViewRootImpl@90edc9c[InstrumentationActivityInvoker$EmptyActivity]: MSG_WINDOW_FOCUS_CHANGED 1 1
08-24 14:43:53.513 24159 24159 D InputMethodManager: prepareNavigationBarInfo() DecorView@f9ea4e9[InstrumentationActivityInvoker$EmptyActivity]
08-24 14:43:53.513 24159 24159 D InputMethodManager: getNavigationBarColor() -855310
08-24 14:43:53.514 24159 24159 D InputMethodManager: prepareNavigationBarInfo() DecorView@f9ea4e9[InstrumentationActivityInvoker$EmptyActivity]
08-24 14:43:53.514 24159 24159 D InputMethodManager: getNavigationBarColor() -855310
08-24 14:43:53.514 24159 24159 V InputMethodManager: Starting input: tba=com.example.dogglers ic=null mNaviBarColor -855310 mIsGetNaviBarColorSuccess true , NavVisible : true , NavTrans : false
08-24 14:43:53.515 24159 24159 D InputMethodManager: startInputInner - Id : 0
08-24 14:43:53.515 24159 24159 I InputMethodManager: startInputInner - mService.startInputOrWindowGainedFocus
08-24 14:43:53.516  4585  7040 D InputMethodManagerService: mSecureKeypadEnabled = false
08-24 14:43:53.516  4585  7040 V InputMethodManagerService: hideCurrentInputLocked : shouldHideSoftInput is false
08-24 14:43:53.516  4585  7040 D InputMethodManagerService: mDesktopModeManager null!
08-24 14:43:53.517  4585  7040 V InputMethodManagerService: getDisplayIdOfInputMethodWindowToBeAdded : 0
08-24 14:43:53.517  4585  7040 D InputMethodManagerService: checkDisplayOfStartInputAndUpdateKeyboard display Id 0last 0
