08-24 14:43:38.389 24159 24159 I ViewRootImpl@efede5e[MainActivity]: [DP] dp(1) 1 android.view.ViewRootImpl.reportNextDraw:10957 android.view.ViewRootImpl.performTraversals:3845 android.view.ViewRootImpl.doTraversal:2618
08-24 14:43:38.389 24159 24159 I ViewRootImpl@efede5e[MainActivity]: [DP] pd() Asnyc report
08-24 14:43:38.390  4896  4896 D FaceWidgetMediaDataRepository: [update] key : com.google.android.youtube|0|192289192, oldKey : com.google.android.youtube|0|192289192, media : com.google.android.youtube, sourceType : SESSION
08-24 14:43:38.390  4159 16850 D gralloc : [mali_gralloc_allocate] allocation successful
08-24 14:43:38.391  4159 16850 D gralloc : [mali_gralloc_allocate] begin
08-24 14:43:38.391  4159 16850 D gralloc : buffer_descriptor: wh(1080 2340) usage_pc(0x40000000000b00 0x40000000000b00) hal_format(0x1) layer_count(1) sizes(0 0 0) strde(0) byte_stride(0) alloc_wh(0 0) internal_format(0x0) alloc_format(0x0) fd_count(1) plane_count(0)
08-24 14:43:38.393  4159 16850 D gralloc : [mali_gralloc_allocate] allocation successful
08-24 14:43:38.396  4226  4226 I Layer   : id=88240[1] Destroyed Surface(name=e455c2d StatusBar)/@0x2f65071 - animation-leash#0
08-24 14:43:38.396  4226  4226 I Layer   : id=88241[1] Destroyed Surface(name=a71bb8f NavigationBar0)/@0x8f38906 - animation-leash#0
08-24 14:43:38.398  4896  4896 D FaceWidgetMediaDataRepository: PlaybackState and Metadata is null. :: com.google.android.youtube
08-24 14:43:38.398  4896  4896 D FaceWidgetMediaSessionManager: onMetadataChanged() metadata = null
08-24 14:43:38.398  4896  4896 I PluginFaceWidgetMediaDataFactory: getBitmapFromMetadata null
08-24 14:43:38.399  4896  4896 D PluginFaceWidgetMediaDataFactory: Elapsed Time : 1
08-24 14:43:38.399  4896  4896 D FaceWidgetMediaDataRepository: [update] key : com.google.android.youtube|0|192289192, oldKey : com.google.android.youtube|0|192289192, media : com.google.android.youtube, sourceType : SESSION
08-24 14:43:38.403  4896  4896 D FaceWidgetMediaDataRepository: PlaybackState and Metadata is null. :: com.google.android.youtube
08-24 14:43:38.403  4896  4896 D FaceWidgetMusicViewModel: onChanged :: NULL
08-24 14:43:38.404  4896  4896 I FaceWidgetMusicViewModel: getMediaButtonReceiverPackageName() - soundAssistant : com.google.android.youtube, Settings : org.telegram.plus/org.telegram.messenger.voip.VoIPMediaButtonReceiver,0,1
08-24 14:43:38.408 24159 24159 I ViewRootImpl@efede5e[MainActivity]: [DP] pdf(0) 1 android.view.ViewRootImpl.lambda$performDraw$1$ViewRootImpl:4668 android.view.-$$Lambda$ViewRootImpl$DJd0VUYJgsebcnSohO6h8zc_ONI.run:6 android.os.Handler.handleCallback:938
08-24 14:43:38.408 24159 24159 I ViewRootImpl@efede5e[MainActivity]: [DP] rdf()
08-24 14:43:38.413  4896  4896 D FaceWidgetMediaDataDAO: launch package intent
08-24 14:43:38.414  4585  4613 D PkgPredictorService: pkg:com.example.dogglers activity:com.example.dogglers.MainActivity thisTime:428
08-24 14:43:38.414  4585  4613 D PkgPredictorService-Collector: update activity launch time: MainActivity : 428
08-24 14:43:38.414  4585  4613 I SemDvfsHyPerManager: acquire hyper - AMS_RESUME_TAIL/4585@18, type = -999
08-24 14:43:38.414  4585  4613 I SemDvfsHyPerManager: acquire hyper - AMS_ACT_LAZY/4585@19, type = -999
08-24 14:43:38.415  4175  4211 I HYPER-HAL: [RequestManager.cpp]acquire(): Acquired ID : 10596124  [4585 / 18]    HINT : AMS_RESUME_TAIL    list :
08-24 14:43:38.417  4585  4613 D ViewRootImpl@9dd95e6[dogglers]: dispatchDetachedFromWindow: reset blurmask
08-24 14:43:38.417  4585  4613 I ViewRootImpl@9dd95e6[dogglers]: dispatchDetachedFromWindow
08-24 14:43:38.419  4896  4896 D FaceWidgetViewModel: onChanged
08-24 14:43:38.419  4896  4896 D FaceWidgetViewModel: updateMusicPageShownState() show = false, reattach = false, reason = clear
08-24 14:43:38.419  4896  4896 D FaceWidgetViewModel: skip to show media panel
08-24 14:43:38.419  4175  4211 I HYPER-HAL: [ResourceManager.cpp]updateResource(): [CPUMinFreq] UpdateResource Request ID : 10596124    Value : 1768000
08-24 14:43:38.419  4175  4211 I HYPER-HAL: [RequestManager.cpp]acquire(): Acquired ID : 10600729  [4585 / 19]    HINT :      list :
08-24 14:43:38.420  4175  4211 E HYPER-HAL: [Request.cpp]acquire(): Request:: id : 10600729, No Resource to set
08-24 14:43:38.421  4175  4211 I HYPER-HAL: [ResourceManager.cpp]removeResource(): [CPUMinFreq] RemoveResource Request ID : 10651450
08-24 14:43:38.421  4175  4211 I HYPER-HAL: [RequestManager.cpp]releaseLocked(): Released ID : 10651450
08-24 14:43:38.421  4585  4617 D ArtManagerInternalImpl: /data/misc/iorapd/com.example.dogglers/1/com.example.dogglers.MainActivity/compiled_traces/compiled_trace.pb doesn't exist
08-24 14:43:38.425  4585  4613 I SurfaceControl: nativeRelease nativeObject s[537628414240]
08-24 14:43:38.425  4585  4613 I SurfaceControl: nativeRelease nativeObject e[537628414240]
08-24 14:43:38.425  4585  4613 D InputTransport: Input channel destroyed: 'ce91727', fd=691
08-24 14:43:38.425  4896  4896 D FaceWidgetMusicPageObserver: [EXPAND] onChanged :: PluginFaceWidgetMediaData{[NULL]} showingLastPlayed : true
08-24 14:43:38.425  4896  4896 D FaceWidgetMediaDataDAO: controller is null
08-24 14:43:38.425  4896  4896 D FaceWidgetMediaDataDAO: controller is null
08-24 14:43:38.425  4896  4896 D FaceWidgetMediaDataDAO: controller is null
08-24 14:43:38.425  4896  4896 D FaceWidgetMediaDataDAO: controller is null
08-24 14:43:38.425  4896  4896 D FaceWidgetMediaDataDAO: controller is null
08-24 14:43:38.425  4896  4896 D FaceWidgetMediaDataDAO: controller is null
08-24 14:43:38.425  4896  4896 D FaceWidgetMediaDataDAO: controller is null
08-24 14:43:38.425  4896  4896 D FaceWidgetMediaDataDAO: controller is null
08-24 14:43:38.426  4896  4896 D FaceWidgetMusicPageObserver: last played. show tap to play last song. : com.google.android.youtube
08-24 14:43:38.427  4226  4251 I SurfaceFlinger: id=88251 createSurf (0x0),-1 flag=24000, Surface(name=ce91727 Splash Screen com.example.dogglers)/@0x34a42 - animation-leash#0
08-24 14:43:38.430  4585  4617 I ActivityTaskManager: Displayed com.example.dogglers/.MainActivity: +428ms
08-24 14:43:38.431 24159 24159 D RootViewPicker: Root not ready - waiting: 10ms for one to appear.
08-24 14:43:38.432  4585  7112 I InputDispatcher: Focus entered window (24159): 45b331  in display 0 0
08-24 14:43:38.432  4585  4613 D InputTransport: Input channel destroyed: 'ce91727', fd=731
08-24 14:43:38.434 24159 24159 I ViewRootImpl@efede5e[MainActivity]: MSG_WINDOW_FOCUS_CHANGED 1 1
08-24 14:43:38.434 24159 24159 D InputMethodManager: prepareNavigationBarInfo() DecorView@87017b0[MainActivity]
08-24 14:43:38.435 24159 24159 D InputMethodManager: getNavigationBarColor() -855310
08-24 14:43:38.436 24159 24159 D InputMethodManager: prepareNavigationBarInfo() DecorView@87017b0[MainActivity]
08-24 14:43:38.437 24159 24159 D InputMethodManager: getNavigationBarColor() -855310
08-24 14:43:38.437 24159 24159 V InputMethodManager: Starting input: tba=com.example.dogglers ic=null mNaviBarColor -855310 mIsGetNaviBarColorSuccess true , NavVisible : true , NavTrans : false
08-24 14:43:38.437 24159 24159 D InputMethodManager: startInputInner - Id : 0
08-24 14:43:38.437 24159 24159 I InputMethodManager: startInputInner - mService.startInputOrWindowGainedFocus
08-24 14:43:38.438  4585  8021 D InputMethodManagerService: mSecureKeypadEnabled = false
08-24 14:43:38.438  4585  8021 V InputMethodManagerService: hideCurrentInputLocked : shouldHideSoftInput is false
08-24 14:43:38.439  4585  8021 D InputMethodManagerService: mDesktopModeManager null!
08-24 14:43:38.439  4585  8021 V InputMethodManagerService: getDisplayIdOfInputMethodWindowToBeAdded : 0
08-24 14:43:38.439  4585  8021 D SamsungIMMSHWKeyboard: isConnectedDexOnPC false
08-24 14:43:38.440  4140  4146 E statsd  : Predicate -7037417284711607308 dropping data for dimension key (10)0x2010101->10574[I] (10)0x30000->*launch*[S]
08-24 14:43:38.440  4585  8021 D InputMethodManagerService: isImeSwitcherDisabledPackage : false
08-24 14:43:38.440  4140  4146 E statsd  : Predicate 5980654721335871649 dropping data for dimension key (10)0x2010101->10574[I] (10)0x30000->*launch*[S]
08-24 14:43:38.441  4585  8021 D InputMethodManagerService: checkDisplayOfStartInputAndUpdateKeyboard display Id 0last 0
08-24 14:43:38.441  4585  8021 D InputTransport: Input channel constructed: 'ClientS', fd=656
08-24 14:43:38.441  4585  8021 D InputTransport: Input channel destroyed: 'ClientS', fd=656
08-24 14:43:38.442 24159 24159 D InputTransport: Input channel constructed: 'ClientS', fd=89
08-24 14:43:38.447  4585  5390 I SurfaceControl: nativeRelease nativeObject s[535557020448]
08-24 14:43:38.447  4585  5390 I SurfaceControl: nativeRelease nativeObject e[535557020448]
08-24 14:43:38.447  4226  4248 I SurfaceFlinger: id=88252 createSurf (0x0),-1 flag=24004, Surface(name=a3a0629 InputMethod)/@0x54f474f - animation-leash#1
08-24 14:43:38.449  7388  7388 I HBD     : HoneyBoardService onFinishInput
08-24 14:43:38.450  7388  7388 I HBD     : a IC have been unbinded,  InputConnectionWrapper{idHash=#c355337 mMissingMethods=}
08-24 14:43:38.450  7388  7388 I HBD     : HoneyBoardService [PF_CL][onFinishInput]  663577 ns
08-24 14:43:38.451  7388  7388 I HBD     : HoneyBoardService [IMI] onStartInput - caller pid : 24159 , caller uid : 10574
08-24 14:43:38.452  4896  5473 I FenceTime: getSignalTime (8 ms)
08-24 14:43:38.453  7388  7388 I HBD     : i updateConfigs
08-24 14:43:38.454  7388  7388 I HBD     : i isEnabledNightMode : false
08-24 14:43:38.454  7388  7388 I HBD     : a IC have been binded, InputConnectionWrapper{idHash=#984e0d mMissingMethods=}
08-24 14:43:38.454  7388  7388 I HBD     : h [EditorInputType]setPrivateImeOptionsToTable privateImeOptions ( null )
08-24 14:43:38.454  7388  7388 I HBD     : b incognitoMode : false
08-24 14:43:38.454  7388  7388 I HBD     : a needOff = true , isForceOff = false, isNullInputClass : true
08-24 14:43:38.455  7388  7388 I HBD     : h getDefaultInputRange : UNKNOWN
08-24 14:43:38.455 24159 24159 I ViewInteraction: Checking 'MatchesViewAssertion{viewMatcher=(view has effective visibility <VISIBLE> and view.getGlobalVisibleRect() to return non-empty rectangle)}' assertion on view view.getId() is <2131230943/com.example.dogglers:id/horizontal_btn>
08-24 14:43:38.463  4226  5357 I Layer   : id=88234 removeFromCurrentState Surface(name=a3a0629 InputMethod)/@0x54f474f - animation-leash#0 (77)
08-24 14:43:38.469  4585  7096 D SamsungIMMSHWKeyboard: isConnectedDexOnPC false
08-24 14:43:38.469 24159 24159 I SurfaceControl: nativeRelease nativeObject s[540360918304]
08-24 14:43:38.469 24159 24159 I SurfaceControl: nativeRelease nativeObject e[540360918304]
08-24 14:43:38.469 24159 24159 I SurfaceControl: nativeRelease nativeObject s[540360918208]
08-24 14:43:38.469 24159 24159 I SurfaceControl: nativeRelease nativeObject e[540360918208]
08-24 14:43:38.469  4585  7096 D InputMethodManagerService: isImeSwitcherDisabledPackage : false
08-24 14:43:38.474  4226  4226 D SurfaceFlinger: Display 0 HWC layers:
08-24 14:43:38.474  4226  4226 D SurfaceFlinger:      DEVICE | 0x77ce817e80 | 0002 | RGBA_8888    |    0.0    0.0 1080.0 2340.0 |    0    0 1080 2340 | com.example.dogglers/com.example.dogglers.MainActivity$_24159#0
08-24 14:43:38.474  4226  4226 D SurfaceFlinger:      DEVICE | 0x7851237440 | 0002 | RGBA_8888    |    0.0    0.0 1080.0 2340.0 |    0    0 1080 2340 | Splash Screen com.example.dogglers#0
08-24 14:43:38.474  4226  4226 D SurfaceFlinger:      DEVICE | 0x77ce816940 | 0000 | RGBA_8888    |    0.0    0.0 1080.0   83.0 |    0    0 1080   83 | StatusBar$_4896#0
08-24 14:43:38.474  4226  4226 D SurfaceFlinger:      DEVICE | 0x77ce8157c0 | 0000 | RGBA_8888    |    0.0    0.0   67.0  342.0 |    0  746   67 1088 | com.samsung.android.app.cocktailbars[...]arservice.CocktailBarService$_9865#0
08-24 14:43:38.474  4226  4226 D SurfaceFlinger:      DEVICE | 0x7851238200 | 0000 | RGBA_8888    |    0.0    0.0  388.0   39.0 |  692 2301 1080 2340 | SGestureOverlayWindow$_5408#0
08-24 14:43:38.474  4226  4226 D SurfaceFlinger:      DEVICE | 0x77ce816a80 | 0000 | RGBA_8888    |    0.0    0.0 1080.0  126.0 |    0 2214 1080 2340 | NavigationBar0$_4896#0
08-24 14:43:38.474  4226  4226 D SurfaceFlinger:      DEVICE | 0x77ce814b40 | 0000 | RGBA_8888    |    0.0    0.0 1080.0  151.0 |    0    0 1080  151 | ScreenDecorOverlay$_4896#0
08-24 14:43:38.474  4226  4226 D SurfaceFlinger:
08-24 14:43:38.474  4226  4226 D SurfaceFlinger:   DEVICE | 0x77ce817d40 | 0000 | RGBA_8888    |    0.0    0.0 1080.0  151.0 |    0 2189 1080 2340 | ScreenDecorOverlayBottom$_4896#0
08-24 14:43:38.474  4226  4226 D SurfaceFlinger:
08-24 14:43:38.456  7388  7388 I HBD     : h getDefaultInputRange : UNKNOWN
08-24 14:43:38.477  7388  7388 I HBD     : h getDefaultInputRange : UNKNOWN
08-24 14:43:38.480  4585  4613 I SurfaceControl: nativeRelease nativeObject s[535557013056]
08-24 14:43:38.480  4585  4613 I SurfaceControl: nativeRelease nativeObject e[535557013056]
08-24 14:43:38.481  4585  4613 I SurfaceControl: nativeRelease nativeObject s[535557011232]
08-24 14:43:38.481  4585  4613 I SurfaceControl: nativeRelease nativeObject e[535557011232]
08-24 14:43:38.482  4226  4601 I Layer   : id=88238 removeFromCurrentState Splash Screen com.example.dogglers#0 (77)
08-24 14:43:38.482  4896  4908 I ndroid.systemu: NativeAlloc concurrent copying GC freed 26511(943KB) AllocSpace objects, 0(0B) LOS objects, 50% free, 19MB/38MB, paused 282us total 277.894ms
08-24 14:43:38.482  4585  4613 I SurfaceControl: nativeRelease nativeObject s[537628419808]
08-24 14:43:38.482  4585  4613 I SurfaceControl: nativeRelease nativeObject e[537628419808]
08-24 14:43:38.485  4585  7112 D SdpManagerService: Not an enterprise user : 0
08-24 14:43:38.485  4585  7112 D SdpManagerService: Not an enterprise user : 0
08-24 14:43:38.485  4226  4248 I Layer   : id=88237 removeFromCurrentState ce91727 Splash Screen com.example.dogglers#0 (77)
08-24 14:43:38.485  4226  4248 I Layer   : id=88251 removeFromCurrentState Surface(name=ce91727 Splash Screen com.example.dogglers)/@0x34a42 - animation-leash#0 (77)
08-24 14:43:38.485  4226  5357 I SurfaceFlinger: id=88237 Removed ce91727 Splash Screen com.example.dogglers#0 (77)
08-24 14:43:38.486  4226  4248 I SurfaceFlinger: id=88238 Removed Splash Screen com.example.dogglers#0 (77)
08-24 14:43:38.486  4226  5357 I SurfaceFlinger: id=88251 Removed Surface(name=ce91727 Splash Screen com.example.dogglers)/@0x34a42 - animation-leash#0 (77)
08-24 14:43:38.493 21625 21625 D InputTransport: Input channel destroyed: 'ClientS', fd=135
08-24 14:43:38.494 21625 21625 I SurfaceControl: nativeRelease nativeObject s[537816940896]
08-24 14:43:38.494 21625 21625 I SurfaceControl: nativeRelease nativeObject e[537816940896]
08-24 14:43:38.496  4226  4226 I Layer   : id=88251[1] Destroyed Surface(name=ce91727 Splash Screen com.example.dogglers)/@0x34a42 - animation-leash#0
08-24 14:43:38.496  4226  4226 I Layer   : id=88237[1] Destroyed ce91727 Splash Screen com.example.dogglers#0
08-24 14:43:38.499  4226  4226 I Layer   : id=88238[1] Destroyed Splash Screen com.example.dogglers#0
08-24 14:43:38.500  4585  5390 I SemDvfsHyPerManager: acquire hyper - AMS_ACT_START/4585@16, type = -999
08-24 14:43:38.500  4175  4211 I HYPER-HAL: [RequestManager.cpp]acquire(): Acquired ID : 10586917  [4585 / 16]    HINT : AMS_ACT_START    list :
08-24 14:43:38.503  7388  7388 I HBD     : h getDefaultInputRange : UNKNOWN
08-24 14:43:38.503  4175  4211 I HYPER-HAL: [ResourceManager.cpp]updateResource(): [CPUMinFreq] UpdateResource Request ID : 10586917    Value : 2314000
08-24 14:43:38.504  7388  7388 I HBD     : a currentState : 0
08-24 14:43:38.504  4226  4601 I SurfaceFlinger: id=88253 createSurf (0x0),-1 flag=80004, ActivityRecord{aac408b u0 com.example.dogglers/androidx.test.core.app.InstrumentationActivityInvoker$EmptyActivity t1564}#0
08-24 14:43:38.505  4226  4226 D SurfaceFlinger: Display 0 HWC layers:
08-24 14:43:38.505  4226  4226 D SurfaceFlinger:      DEVICE | 0x77ce817e80 | 0002 | RGBA_8888    |    0.0    0.0 1080.0 2340.0 |    0    0 1080 2340 | com.example.dogglers/com.example.dogglers.MainActivity$_24159#0
08-24 14:43:38.505  4226  4226 D SurfaceFlinger:      DEVICE | 0x77ce816940 | 0000 | RGBA_8888    |    0.0    0.0 1080.0   83.0 |    0    0 1080   83 | StatusBar$_4896#0
08-24 14:43:38.505  4226  4226 D SurfaceFlinger:      DEVICE | 0x77ce8157c0 | 0000 | RGBA_8888    |    0.0    0.0   67.0  342.0 |    0  746   67 1088 | com.samsung.android.app.cocktailbars[...]arservice.CocktailBarService$_9865#0
08-24 14:43:38.505  4226  4226 D SurfaceFlinger:      DEVICE | 0x7851238200 | 0000 | RGBA_8888    |    0.0    0.0  388.0   39.0 |  692 2301 1080 2340 | SGestureOverlayWindow$_5408#0
08-24 14:43:38.505  4226  4226 D SurfaceFlinger:      DEVICE | 0x77ce815f40 | 0000 | RGBA_8888    |    0.0    0.0 1080.0  126.0 |    0 2214 1080 2340 | NavigationBar0$_4896#0
08-24 14:43:38.505  4226  4226 D SurfaceFlinger:      DEVICE | 0x77ce814b40 | 0000 | RGBA_8888    |    0.0    0.0 1080.0  151.0 |    0    0 1080  151 | ScreenDecorOverlay$_4896#0
08-24 14:43:38.505  4226  4226 D SurfaceFlinger:      DEVICE | 0x77ce817d40 | 0000 | RGBA_8888    |    0.0    0.0 1080.0  151.0 |    0 2189 1080 2340 | ScreenDecorOverlayBottom$_4896#0
08-24 14:43:38.505  4226  4226 D SurfaceFlinger:
08-24 14:43:38.506  7388  7388 I HBD     : h load selected json info : {"version":"1.0","currentLanguageOrder":0,"selected":[{"activeOptionList":["auto_replace","auto_spacing"],"engName":"Russian","id":3342336,"inputType":"qwerty","isUsed":true},{"activeOptionList":["auto_replace","auto_spacing"],"engName":"English","id":65537,"inputType":"qwerty","isUsed":true}]}
08-24 14:43:38.507  7388  7388 I HBD     : a [UpdatePolicy] [post] a: 0 cl: 3342336 kit: [0/0] vt: 0 ir: 1
08-24 14:43:38.509  4140  4146 E statsd  : Predicate -7037417284711607308 dropping data for dimension key (10)0x2010101->10574[I] (10)0x30000->*launch*[S]
08-24 14:43:38.509  4140  4146 E statsd  : Predicate 5980654721335871649 dropping data for dimension key (10)0x2010101->10574[I] (10)0x30000->*launch*[S]
08-24 14:43:38.511 24159 24159 D LifecycleMonitor: Lifecycle status change: com.example.dogglers.MainActivity@6c2e225 in: PAUSED
08-24 14:43:38.512  7388  7388 I HBD     : HoneyBoardService [PF_OP][onStartInput]  56555077 ns
08-24 14:43:38.512 24159 24159 V ActivityScenario: Update currentActivityStage to PAUSED, currentActivity=com.example.dogglers.MainActivity@6c2e225
08-24 14:43:38.518  4585  5390 V WindowOrientationListener: getProposedRotation: -1
08-24 14:43:38.518  4585  5390 V WindowOrientationListener: getProposedRotation: -1
08-24 14:43:38.519  4585  5390 V WindowOrientationListener: getProposedRotation: -1
08-24 14:43:38.521  4585  5390 D InputDispatcher: Focused application set to (0): aac408b
08-24 14:43:38.534 24159 24159 D LifecycleMonitor: Lifecycle status change: androidx.test.core.app.InstrumentationActivityInvoker$EmptyActivity@ad31b3c in: PRE_ON_CREATE
08-24 14:43:38.534 24159 24159 V ActivityScenario: Activity lifecycle changed event received but ignored because the intent does not match. startActivityIntent=Intent { act=android.intent.action.MAIN cat=[android.intent.category.LAUNCHER] cmp=com.example.dogglers/.MainActivity }, activity.getIntent()=Intent { act=android.intent.action.MAIN cat=[android.intent.category.LAUNCHER] flg=0x10000000 cmp=com.example.dogglers/androidx.test.core.app.InstrumentationActivityInvoker$EmptyActivity }, activity=androidx.test.core.app.InstrumentationActivityInvoker$EmptyActivity@ad31b3c
08-24 14:43:38.535  4585  4613 I SurfaceControl: nativeRelease nativeObject s[537628425280]
08-24 14:43:38.535  4585  4613 I SurfaceControl: nativeRelease nativeObject e[537628425280]
08-24 14:43:38.541 24159 24159 I DecorView: [INFO] isPopOver=false, config=true
08-24 14:43:38.541 24159 24159 I DecorView: updateCaptionType >> DecorView@6cc5a1a[], isFloating=false, isApplication=true, hasWindowDecorCaption=false, hasWindowControllerCallback=true
08-24 14:43:38.541 24159 24159 D DecorView: setCaptionType = 0, this = DecorView@6cc5a1a[]
08-24 14:43:38.546  4226  5357 I Layer   : id=88245 removeFromCurrentState Surface(name=Dim Layer for - Task=1564 - animating-dim)/@0x51970a8 - animation-leash#0 (75)
08-24 14:43:38.546  4226  5357 I SurfaceFlinger: id=88245 Removed Surface(name=Dim Layer for - Task=1564 - animating-dim)/@0x51970a8 - animation-leash#0 (75)
08-24 14:43:38.547 24159 24159 D LifecycleMonitor: Lifecycle status change: androidx.test.core.app.InstrumentationActivityInvoker$EmptyActivity@ad31b3c in: CREATED
08-24 14:43:38.547  4585  5087 I InputDispatcher: Focus left window (24159): 45b331  in display 0 0
08-24 14:43:38.548 24159 24159 V ActivityScenario: Activity lifecycle changed event received but ignored because the intent does not match. startActivityIntent=Intent { act=android.intent.action.MAIN cat=[android.intent.category.LAUNCHER] cmp=com.example.dogglers/.MainActivity }, activity.getIntent()=Intent { act=android.intent.action.MAIN cat=[android.intent.category.LAUNCHER] flg=0x10000000 cmp=com.example.dogglers/androidx.test.core.app.InstrumentationActivityInvoker$EmptyActivity }, activity=androidx.test.core.app.InstrumentationActivityInvoker$EmptyActivity@ad31b3c
08-24 14:43:38.551 24159 24159 D LifecycleMonitor: Lifecycle status change: androidx.test.core.app.InstrumentationActivityInvoker$EmptyActivity@ad31b3c in: STARTED
08-24 14:43:38.552 24159 24159 V ActivityScenario: Activity lifecycle changed event received but ignored because the intent does not match. startActivityIntent=Intent { act=android.intent.action.MAIN cat=[android.intent.category.LAUNCHER] cmp=com.example.dogglers/.MainActivity }, activity.getIntent()=Intent { act=android.intent.action.MAIN cat=[android.intent.category.LAUNCHER] flg=0x10000000 cmp=com.example.dogglers/androidx.test.core.app.InstrumentationActivityInvoker$EmptyActivity }, activity=androidx.test.core.app.InstrumentationActivityInvoker$EmptyActivity@ad31b3c
08-24 14:43:38.562  4226  4226 I Layer   : id=88245[1] Destroyed Surface(name=Dim Layer for - Task=1564 - animating-dim)/@0x51970a8 - animation-leash#0
08-24 14:43:38.570 24159 24159 D LifecycleMonitor: Lifecycle status change: androidx.test.core.app.InstrumentationActivityInvoker$EmptyActivity@ad31b3c in: RESUMED
08-24 14:43:38.571 24159 24159 V ActivityScenario: Activity lifecycle changed event received but ignored because the intent does not match. startActivityIntent=Intent { act=android.intent.action.MAIN cat=[android.intent.category.LAUNCHER] cmp=com.example.dogglers/.MainActivity }, activity.getIntent()=Intent { act=android.intent.action.MAIN cat=[android.intent.category.LAUNCHER] flg=0x10000000 cmp=com.example.dogglers/androidx.test.core.app.InstrumentationActivityInvoker$EmptyActivity }, activity=androidx.test.core.app.InstrumentationActivityInvoker$EmptyActivity@ad31b3c
08-24 14:43:38.575  4585  5087 D InputTransport: Input channel constructed: '5dd8bfe', fd=672
08-24 14:43:38.575  4585  5087 D InputTransport: Input channel constructed: '5dd8bfe', fd=673
08-24 14:43:38.575  4226  5357 I SurfaceFlinger: id=88254 createSurf (0x0),-1 flag=80004, 5dd8bfe com.example.dogglers/androidx.test.core.app.InstrumentationActivityInvoker$EmptyActivity#0
08-24 14:43:38.576  4585  5087 D WindowManager: isScreenshotDisabledLocked - win: Window{5dd8bfe u0 com.example.dogglers/androidx.test.core.app.InstrumentationActivityInvoker$EmptyActivity}
08-24 14:43:38.576  4585  5087 D WindowManager: isScreenshotDisabledLocked: userId = 0, disabled =false
08-24 14:43:38.576  4585  5087 D InputTransport: Input channel destroyed: '5dd8bfe', fd=673
08-24 14:43:38.576 24159 24159 D InputTransport: Input channel constructed: '5dd8bfe', fd=92
08-24 14:43:38.578 24159 24159 I ViewRootImpl@65cf441[InstrumentationActivityInvoker$EmptyActivity]: setView = com.android.internal.policy.DecorView@6cc5a1a TM=true
08-24 14:43:38.584 21167 21167 I Finsky  : [2] sim.onStartJob(4): SCH: job service start with id 9193.
08-24 14:43:38.586  4585  5087 V WindowManager: Relayout Window{5dd8bfe u0 com.example.dogglers/androidx.test.core.app.InstrumentationActivityInvoker$EmptyActivity}: viewVisibility=0 req=1080x2340
08-24 14:43:38.587  4585  5087 D WindowManager: isScreenshotDisabledLocked - win: Window{5dd8bfe u0 com.example.dogglers/androidx.test.core.app.InstrumentationActivityInvoker$EmptyActivity}
08-24 14:43:38.587  4585  5087 D WindowManager: isScreenshotDisabledLocked: userId = 0, disabled =false
08-24 14:43:38.588  4226  4601 I SurfaceFlinger: id=88255 createSurf (1080x2340),1 flag=404, com.example.dogglers/androidx.test.core.app.InstrumentationActivityInvoker$EmptyActivity$_24159#0
08-24 14:43:38.589  4585  5087 I SurfaceControl: nativeRelease nativeObject s[537628418752]
08-24 14:43:38.589  4585  5087 I SurfaceControl: nativeRelease nativeObject e[537628418752]
08-24 14:43:38.590  9865  9865 I TrayStateController: systemUiVisibilityChanged : 0 0
08-24 14:43:38.590  4226  4601 I SurfaceFlinger: id=88256 createSurf (0x0),-1 flag=24000, Surface(name=e455c2d StatusBar)/@0x2f65071 - animation-leash#0
08-24 14:43:38.590  4585  5087 I SurfaceControl: nativeRelease nativeObject s[537628419328]
08-24 14:43:38.590  4585  5087 I SurfaceControl: nativeRelease nativeObject e[537628419328]
08-24 14:43:38.591  4226  4601 I SurfaceFlinger: id=88257 createSurf (0x0),-1 flag=24000, Surface(name=a71bb8f NavigationBar0)/@0x8f38906 - animation-leash#0
08-24 14:43:38.592  4585  5087 V WindowManager: Relayout hash=5dd8bfe, pid=24159: mAttrs={(0,0)(fillxfill) sim={adjust=pan forwardNavigation} ty=BASE_APPLICATION wanim=0x1030001
08-24 14:43:38.592  4585  5087 V WindowManager:   fl=1810100
08-24 14:43:38.592  4585  5087 V WindowManager:   pfl=12020000
08-24 14:43:38.592  4585  5087 V WindowManager:   apr=LIGHT_NAVIGATION_BARS
08-24 14:43:38.592  4585  5087 V WindowManager:   fitSides= naviIconColor=0
08-24 14:43:38.592  4585  5087 V WindowManager:   sfl=100000}
08-24 14:43:38.593  4585  5087 I SurfaceControl: nativeRelease nativeObject s[535567043712]
08-24 14:43:38.593  4585  5087 I SurfaceControl: nativeRelease nativeObject e[535567043712]
08-24 14:43:38.594 24159 24159 I SurfaceControl: assignNativeObject: nativeObject = 0 Surface(name=null)/@0x345fde6 / android.view.SurfaceControl.readFromParcel:1117 android.view.IWindowSession$Stub$Proxy.relayout:1820 android.view.ViewRootImpl.relayoutWindow:9005 android.view.ViewRootImpl.performTraversals:3360 android.view.ViewRootImpl.doTraversal:2618 android.view.ViewRootImpl$TraversalRunnable.run:9971 android.view.Choreographer$CallbackRecord.run:1010 android.view.Choreographer.doCallbacks:809 android.view.Choreographer.doFrame:744 android.view.Choreographer$FrameDisplayEventReceiver.run:995
08-24 14:43:38.595 24159 24159 I ViewRootImpl@65cf441[InstrumentationActivityInvoker$EmptyActivity]: Relayout returned: old=(0,0,1080,2340) new=(0,0,1080,2340) req=(1080,2340)0 dur=9 res=0x7 s={true 536256290816} ch=true fn=-1
08-24 14:43:38.597  4226  4601 I Layer   : id=88249 removeFromCurrentState Surface(name=e455c2d StatusBar)/@0x2f65071 - animation-leash#1 (78)
08-24 14:43:38.597  4226  4601 I Layer   : id=88250 removeFromCurrentState Surface(name=a71bb8f NavigationBar0)/@0x8f38906 - animation-leash#1 (78)
08-24 14:43:38.598  4159 16850 D gralloc : [mali_gralloc_allocate] begin
08-24 14:43:38.598  4159 16850 D gralloc : buffer_descriptor: wh(1080 2340) usage_pc(0x40000000000b00 0x40000000000b00) hal_format(0x1) layer_count(1) sizes(0 0 0) strde(0) byte_stride(0) alloc_wh(0 0) internal_format(0x0) alloc_format(0x0) fd_count(1) plane_count(0)
08-24 14:43:38.600  4159 16850 D gralloc : [mali_gralloc_allocate] allocation successful
08-24 14:43:38.600 24159 24159 I ViewRootImpl@65cf441[InstrumentationActivityInvoker$EmptyActivity]: [DP] dp(1) 1 android.view.ViewRootImpl.reportNextDraw:10957 android.view.ViewRootImpl.performTraversals:3845 android.view.ViewRootImpl.doTraversal:2618
08-24 14:43:38.600 24159 24159 I ViewRootImpl@65cf441[InstrumentationActivityInvoker$EmptyActivity]: [DP] pd() Asnyc report
08-24 14:43:38.601  4159 16850 D gralloc : [mali_gralloc_allocate] begin
08-24 14:43:38.601  4159 16850 D gralloc : buffer_descriptor: wh(1080 2340) usage_pc(0x40000000000b00 0x40000000000b00) hal_format(0x1) layer_count(1) sizes(0 0 0) strde(0) byte_stride(0) alloc_wh(0 0) internal_format(0x0) alloc_format(0x0) fd_count(1) plane_count(0)
08-24 14:43:38.602  4159 16850 D gralloc : [mali_gralloc_allocate] allocation successful
08-24 14:43:38.603  4159 16850 D gralloc : [mali_gralloc_allocate] begin
08-24 14:43:38.603  4159 16850 D gralloc : buffer_descriptor: wh(1080 2340) usage_pc(0x40000000000b00 0x40000000000b00) hal_format(0x1) layer_count(1) sizes(0 0 0) strde(0) byte_stride(0) alloc_wh(0 0) internal_format(0x0) alloc_format(0x0) fd_count(1) plane_count(0)
08-24 14:43:38.606  4159 16850 D gralloc : [mali_gralloc_allocate] allocation successful
08-24 14:43:38.606 24159 24159 I ViewRootImpl@65cf441[InstrumentationActivityInvoker$EmptyActivity]: [DP] pdf(0) 1 android.view.ViewRootImpl.lambda$performDraw$1$ViewRootImpl:4668 android.view.-$$Lambda$ViewRootImpl$DJd0VUYJgsebcnSohO6h8zc_ONI.run:6 android.os.Handler.handleCallback:938
08-24 14:43:38.606 24159 24159 I ViewRootImpl@65cf441[InstrumentationActivityInvoker$EmptyActivity]: [DP] rdf()
08-24 14:43:38.607 24159 24159 I ViewRootImpl@efede5e[MainActivity]: MSG_WINDOW_FOCUS_CHANGED 0 1
08-24 14:43:38.611  4585  4613 D PkgPredictorService: pkg:com.example.dogglers activity:androidx.test.core.app.InstrumentationActivityInvoker$EmptyActivity thisTime:114
08-24 14:43:38.612  4585  4617 I ActivityTaskManager: Displayed com.example.dogglers/androidx.test.core.app.InstrumentationActivityInvoker$EmptyActivity: +114ms
08-24 14:43:38.616 24159 24159 I SurfaceControl: nativeRelease nativeObject s[536236739200]
08-24 14:43:38.616 24159 24159 I SurfaceControl: nativeRelease nativeObject e[536236739200]
08-24 14:43:38.616 24159 24159 I SurfaceControl: nativeRelease nativeObject s[536236737568]
08-24 14:43:38.616 24159 24159 I SurfaceControl: nativeRelease nativeObject e[536236737568]
08-24 14:43:38.617  4585  4613 I SemDvfsHyPerManager: acquire hyper - AMS_RESUME_TAIL/4585@18, type = -999
08-24 14:43:38.617 24159 24159 I SurfaceControl: nativeRelease nativeObject s[537830061056]
08-24 14:43:38.617  4226  4601 I SurfaceFlinger: id=88250 Removed Surface(name=a71bb8f NavigationBar0)/@0x8f38906 - animation-leash#1 (78)
08-24 14:43:38.617 24159 24159 I SurfaceControl: nativeRelease nativeObject e[537830061056]
08-24 14:43:38.617  4226  4601 I SurfaceFlinger: id=88249 Removed Surface(name=e455c2d StatusBar)/@0x2f65071 - animation-leash#1 (78)
08-24 14:43:38.617  4585  4613 I SemDvfsHyPerManager: acquire hyper - AMS_ACT_LAZY/4585@19, type = -999
08-24 14:43:38.617  4175  4211 I HYPER-HAL: [RequestManager.cpp]acquire(): Acquired ID : 10596124  [4585 / 18]    HINT : AMS_RESUME_TAIL    list :
08-24 14:43:38.617  4175  4211 I HYPER-HAL: [ResourceManager.cpp]updateResource(): [CPUMinFreq] UpdateResource Request ID : 10596124    Value : 1768000
08-24 14:43:38.618  4175  4211 I HYPER-HAL: [RequestManager.cpp]acquire(): Acquired ID : 10600729  [4585 / 19]    HINT :      list :
08-24 14:43:38.618 21167 23970 I Finsky  : [164994] shr.a(102): SCH: Satisfied jobs for 9193 are: 12-1
08-24 14:43:38.618  4175  4211 E HYPER-HAL: [Request.cpp]acquire(): Request:: id : 10600729, No Resource to set
08-24 14:43:38.619  4175  4211 I HYPER-HAL: [ResourceManager.cpp]removeResource(): [CPUMinFreq] RemoveResource Request ID : 10586917
08-24 14:43:38.619  4585  4613 I SurfaceControl: nativeRelease nativeObject s[535557017472]
08-24 14:43:38.619  4175  4211 I HYPER-HAL: [RequestManager.cpp]releaseLocked(): Released ID : 10586917
08-24 14:43:38.619  4585  4613 I SurfaceControl: nativeRelease nativeObject e[535557017472]
08-24 14:43:38.619  4585  4613 I SurfaceControl: nativeRelease nativeObject s[535556331584]
08-24 14:43:38.619  4585  4613 I SurfaceControl: nativeRelease nativeObject e[535556331584]
08-24 14:43:38.622  4226  5357 I Layer   : id=88243 removeFromCurrentState Surface(name=ActivityRecord{688bad3 u0 com.example.dogglers/androidx.test.core.app.InstrumentationActivityInvoker$BootstrapActivity t1564})/@0x57b3c45 - animation-leash#0 (78)
08-24 14:43:38.622  4226  5357 I Layer   : id=88246 removeFromCurrentState Surface(name=ActivityRecord{688bad3 u0 com.example.dogglers/androidx.test.core.app.InstrumentationActivityInvoker$BootstrapActivity t1564})/@0x57b3c45 - animation-bounds#0 (78)
08-24 14:43:38.622  4226  5357 I SurfaceFlinger: id=88243 Removed Surface(name=ActivityRecord{688bad3 u0 com.example.dogglers/androidx.test.core.app.InstrumentationActivityInvoker$BootstrapActivity t1564})/@0x57b3c45 - animation-leash#0 (78)
08-24 14:43:38.622  4226  4601 I SurfaceFlinger: id=88246 Removed Surface(name=ActivityRecord{688bad3 u0 com.example.dogglers/androidx.test.core.app.InstrumentationActivityInvoker$BootstrapActivity t1564})/@0x57b3c45 - animation-bounds#0 (78)
08-24 14:43:38.629  4226  4226 I Layer   : id=88250[1] Destroyed Surface(name=a71bb8f NavigationBar0)/@0x8f38906 - animation-leash#1
08-24 14:43:38.629  4226  4226 I Layer   : id=88249[1] Destroyed Surface(name=e455c2d StatusBar)/@0x2f65071 - animation-leash#1
08-24 14:43:38.629  4226  4226 I Layer   : id=88246[1] Destroyed Surface(name=ActivityRecord{688bad3 u0 com.example.dogglers/androidx.test.core.app.InstrumentationActivityInvoker$BootstrapActivity t1564})/@0x57b3c45 - animation-bounds#0
08-24 14:43:38.629  4226  4226 I Layer   : id=88243[1] Destroyed Surface(name=ActivityRecord{688bad3 u0 com.example.dogglers/androidx.test.core.app.InstrumentationActivityInvoker$BootstrapActivity t1564})/@0x57b3c45 - animation-leash#0
08-24 14:43:38.629  4585  5390 I SemDvfsHyPerManager: acquire hyper - AMS_ACT_START/4585@16, type = -999
08-24 14:43:38.630  4585  7096 I InputDispatcher: Focus entered window (24159): 5dd8bfe in display 0 0
08-24 14:43:38.630  4175  4211 I HYPER-HAL: [RequestManager.cpp]acquire(): Acquired ID : 10586917  [4585 / 16]    HINT : AMS_ACT_START    list :
08-24 14:43:38.631  4175  4211 I HYPER-HAL: [ResourceManager.cpp]updateResource(): [CPUMinFreq] UpdateResource Request ID : 10586917    Value : 2314000
08-24 14:43:38.631  4226  4248 I SurfaceFlinger: id=88258 createSurf (0x0),-1 flag=80004, ActivityRecord{6ace2b0 u0 com.example.dogglers/androidx.test.core.app.InstrumentationActivityInvoker$EmptyActivity t1564}#0
08-24 14:43:38.632  4226  4248 E BufferQueueProducer: [com.example.dogglers/com.example.dogglers.MainActivity$_24159#0](id:108200004933,api:0,p:-1,c:4226) disconnect: not connected (req=1)
08-24 14:43:38.632 24159 24214 W libEGL  : EGLNativeWindowType 0x7cda2b2010 disconnect failed
08-24 14:43:38.633  4226  4226 D SurfaceFlinger: Display 0 HWC layers:
08-24 14:43:38.633  4226  4226 D SurfaceFlinger:      DEVICE | 0x7851239c40 | 0002 | RGBA_8888    |    0.0    0.0 1080.0 2340.0 |    0    0 1080 2340 | com.example.dogglers/androidx.test.c[...]tivityInvoker$EmptyActivity$_24159#0
08-24 14:43:38.633  4226  4226 D SurfaceFlinger:      DEVICE | 0x77ce816940 | 0000 | RGBA_8888    |    0.0    0.0 1080.0   83.0 |    0    0 1080   83 | StatusBar$_4896#0
08-24 14:43:38.633  4226  4226 D SurfaceFlinger:      DEVICE | 0x77ce8157c0 | 0000 | RGBA_8888    |    0.0    0.0   67.0  342.0 |    0  746   67 1088 | com.samsung.android.app.cocktailbars[...]arservice.CocktailBarService$_9865#0
08-24 14:43:38.633  4226  4226 D SurfaceFlinger:      DEVICE | 0x7851238200 | 0000 | RGBA_8888    |    0.0    0.0  388.0   39.0 |  692 2301 1080 2340 | SGestureOverlayWindow$_5408#0
08-24 14:43:38.633  4226  4226 D SurfaceFlinger:      DEVICE | 0x77ce816800 | 0000 | RGBA_8888    |    0.0    0.0 1080.0  126.0 |    0 2214 1080 2340 | NavigationBar0$_4896#0
08-24 14:43:38.633  4226  4226 D SurfaceFlinger:      DEVICE | 0x77ce814b40 | 0000 | RGBA_8888    |    0.0    0.0 1080.0  151.0 |    0    0 1080  151 | ScreenDecorOverlay$_4896#0
08-24 14:43:38.633  4226  4226 D SurfaceFlinger:      DEVICE | 0x77ce817d40 | 0000 | RGBA_8888    |    0.0    0.0 1080.0  151.0 |    0 2189 1080 2340 | ScreenDecorOverlayBottom$_
08-24 14:43:38.633  4226  4226 D SurfaceFlinger: 4896#0
08-24 14:43:38.633  4226  4226 D SurfaceFlinger:
08-24 14:43:38.636  4585  7096 V WindowManager: Relayout Window{45b331 u0 com.example.dogglers/com.example.dogglers.MainActivity}: viewVisibility=8 req=1080x2340
08-24 14:43:38.639  4585  7096 V WindowManager: Relayout hash=45b331, pid=24159: mAttrs={(0,0)(fillxfill) sim={adjust=pan forwardNavigation} ty=BASE_APPLICATION wanim=0x1030304
08-24 14:43:38.639  4585  7096 V WindowManager:   fl=81810100
08-24 14:43:38.639  4585  7096 V WindowManager:   pfl=12020000
08-24 14:43:38.639  4585  7096 V WindowManager:   apr=LIGHT_NAVIGATION_BARS
08-24 14:43:38.639  4585  7096 V WindowManager:   fitSides= naviIconColor=0
08-24 14:43:38.639  4585  7096 V WindowManager:   sfl=100000}
08-24 14:43:38.640 24159 24159 I SurfaceControl: nativeRelease nativeObject s[536236743232]
08-24 14:43:38.640 24159 24159 I SurfaceControl: nativeRelease nativeObject e[536236743232]
08-24 14:43:38.641 24159 24159 I SurfaceControl: assignNativeObject: nativeObject = 0 Surface(name=null)/@0xdd995d4 / android.view.SurfaceControl.readFromParcel:1117 android.view.IWindowSession$Stub$Proxy.relayout:1810 android.view.ViewRootImpl.relayoutWindow:9005 android.view.ViewRootImpl.performTraversals:3360 android.view.ViewRootImpl.doTraversal:2618 android.view.ViewRootImpl$TraversalRunnable.run:9971 android.view.Choreographer$CallbackRecord.run:1010 android.view.Choreographer.doCallbacks:809 android.view.Choreographer.doFrame:744 android.view.Choreographer$FrameDisplayEventReceiver.run:995
08-24 14:43:38.641 24159 24159 I SurfaceControl: assignNativeObject: nativeObject = 0 Surface(name=null)/@0xb1f7a37 / android.view.SurfaceControl.readFromParcel:1117 android.view.IWindowSession$Stub$Proxy.relayout:1820 android.view.ViewRootImpl.relayoutWindow:9005 android.view.ViewRootImpl.performTraversals:3360 android.view.ViewRootImpl.doTraversal:2618 android.view.ViewRootImpl$TraversalRunnable.run:9971 android.view.Choreographer$CallbackRecord.run:1010 android.view.Choreographer.doCallbacks:809 android.view.Choreographer.doFrame:744 android.view.Choreographer$FrameDisplayEventReceiver.run:995
08-24 14:43:38.642 24159 24159 I SurfaceControl: nativeRelease nativeObject s[536236739776]
08-24 14:43:38.642 24159 24159 I SurfaceControl: nativeRelease nativeObject e[536236739776]
08-24 14:43:38.642 24159 24159 I ViewRootImpl@efede5e[MainActivity]: Relayout returned: old=(0,0,1080,2340) new=(0,0,1080,2340) req=(1080,2340)8 dur=9 res=0x5 s={false 0} ch=true fn=5
08-24 14:43:38.643 24159 24159 D LifecycleMonitor: Lifecycle status change: androidx.test.core.app.InstrumentationActivityInvoker$BootstrapActivity@998fea2 in: STOPPED
08-24 14:43:38.644 24159 24159 V ActivityScenario: Activity lifecycle changed event received but ignored because the intent does not match. startActivityIntent=Intent { act=android.intent.action.MAIN cat=[android.intent.category.LAUNCHER] cmp=com.example.dogglers/.MainActivity }, activity.getIntent()=Intent { act=android.intent.action.MAIN cat=[android.intent.category.LAUNCHER] flg=0x10008000 cmp=com.example.dogglers/androidx.test.core.app.InstrumentationActivityInvoker$BootstrapActivity (has extras) }, activity=androidx.test.core.app.InstrumentationActivityInvoker$BootstrapActivity@998fea2
08-24 14:43:38.647 24159 24159 D LifecycleMonitor: Lifecycle status change: androidx.test.core.app.InstrumentationActivityInvoker$BootstrapActivity@998fea2 in: DESTROYED
08-24 14:43:38.648 24159 24159 V ActivityScenario: Activity lifecycle changed event received but ignored because the intent does not match. startActivityIntent=Intent { act=android.intent.action.MAIN cat=[android.intent.category.LAUNCHER] cmp=com.example.dogglers/.MainActivity }, activity.getIntent()=Intent { act=android.intent.action.MAIN cat=[android.intent.category.LAUNCHER] flg=0x10008000 cmp=com.example.dogglers/androidx.test.core.app.InstrumentationActivityInvoker$BootstrapActivity (has extras) }, activity=androidx.test.core.app.InstrumentationActivityInvoker$BootstrapActivity@998fea2
08-24 14:43:38.649  4585  5390 I SurfaceControl: nativeRelease nativeObject s[535565840288]
08-24 14:43:38.649  4585  5390 I SurfaceControl: nativeRelease nativeObject e[535565840288]
08-24 14:43:38.650 24159 24159 D LifecycleMonitor: Lifecycle status change: androidx.test.core.app.InstrumentationActivityInvoker$EmptyActivity@ad31b3c in: PAUSED
08-24 14:43:38.651 24159 24159 V ActivityScenario: Activity lifecycle changed event received but ignored because the intent does not match. startActivityIntent=Intent { act=android.intent.action.MAIN cat=[android.intent.category.LAUNCHER] cmp=com.example.dogglers/.MainActivity }, activity.getIntent()=Intent { act=android.intent.action.MAIN cat=[android.intent.category.LAUNCHER] flg=0x10000000 cmp=com.example.dogglers/androidx.test.core.app.InstrumentationActivityInvoker$EmptyActivity }, activity=androidx.test.core.app.InstrumentationActivityInvoker$EmptyActivity@ad31b3c
08-24 14:43:38.653  4585  5087 V WindowOrientationListener: getProposedRotation: -1
08-24 14:43:38.653  4585  5087 V WindowOrientationListener: getProposedRotation: -1
08-24 14:43:38.653  4585  5087 V WindowOrientationListener: getProposedRotation: -1
08-24 14:43:38.655  4585  5087 D InputDispatcher: Focused application set to (0): 6ace2b0
08-24 14:43:38.659  4226  4248 I Layer   : id=88236 removeFromCurrentState ActivityRecord{688bad3 u0 com.example.dogglers/androidx.test.core.app.InstrumentationActivityInvoker$BootstrapActivity t1564}#0 (75)
08-24 14:43:38.660 24159 24159 I ViewRootImpl@efede5e[MainActivity]: stopped(true) old=false
08-24 14:43:38.661  4226  4248 I SurfaceFlinger: id=88236 Removed ActivityRecord{688bad3 u0 com.example.dogglers/androidx.test.core.app.InstrumentationActivityInvoker$BootstrapActivity t1564}#0 (75)
08-24 14:43:38.661 24159 24159 D LifecycleMonitor: Lifecycle status change: com.example.dogglers.MainActivity@6c2e225 in: STOPPED
08-24 14:43:38.662 24159 24159 V ActivityScenario: Update currentActivityStage to STOPPED, currentActivity=com.example.dogglers.MainActivity@6c2e225
08-24 14:43:38.662  4226  4226 I Layer   : id=88236[1] Destroyed ActivityRecord{688bad3 u0 com.example.dogglers/androidx.test.core.app.InstrumentationActivityInvoker$BootstrapActivity t1564}#0
08-24 14:43:38.664 24159 24159 D LifecycleMonitor: Lifecycle status change: com.example.dogglers.MainActivity@6c2e225 in: DESTROYED
08-24 14:43:38.664 24159 24159 V ActivityScenario: Update currentActivityStage to DESTROYED, currentActivity=null
08-24 14:43:38.667 24159 24159 I ViewRootImpl@efede5e[MainActivity]: dispatchDetachedFromWindow
08-24 14:43:38.667  4585  5390 D InputTransport: Input channel destroyed: '45b331 ', fd=674
08-24 14:43:38.667  4585  5390 I SurfaceControl: nativeRelease nativeObject s[537628420288]
08-24 14:43:38.667  4585  5390 I SurfaceControl: nativeRelease nativeObject e[537628420288]
08-24 14:43:38.667  4585  5390 D WindowManager: isScreenshotDisabledLocked - win: Window{45b331 u0 com.example.dogglers/com.example.dogglers.MainActivity}
08-24 14:43:38.667  4585  5390 D WindowManager: isScreenshotDisabledLocked: userId = 0, disabled =false
08-24 14:43:38.668  4585  5390 I SurfaceControl: nativeRelease nativeObject s[537628424800]
08-24 14:43:38.668  4585  5390 I SurfaceControl: nativeRelease nativeObject e[537628424800]
08-24 14:43:38.668  4226  4248 I SurfaceFlinger: id=88259 createSurf (0x0),-1 flag=24004, Surface(name=a3a0629 InputMethod)/@0x54f474f - animation-leash#0
08-24 14:43:38.669  4585  5390 I SurfaceControl: nativeRelease nativeObject s[535567042848]
08-24 14:43:38.669  4585  5390 I SurfaceControl: nativeRelease nativeObject e[535567042848]
08-24 14:43:38.669  4226  4248 I Layer   : id=88248 removeFromCurrentState com.example.dogglers/com.example.dogglers.MainActivity$_24159#0 (75)
08-24 14:43:38.669  4226  4248 I SurfaceFlinger: id=88248 Removed com.example.dogglers/com.example.dogglers.MainActivity$_24159#0 (75)
08-24 14:43:38.671  4226  4248 I Layer   : id=88247 removeFromCurrentState 45b331 com.example.dogglers/com.example.dogglers.MainActivity#0 (75)
08-24 14:43:38.671  4226  4248 I Layer   : id=88252 removeFromCurrentState Surface(name=a3a0629 InputMethod)/@0x54f474f - animation-leash#1 (75)
08-24 14:43:38.671  4226  4248 I SurfaceFlinger: id=88247 Removed 45b331 com.example.dogglers/com.example.dogglers.MainActivity#0 (75)
08-24 14:43:38.672 24159 24159 D InputTransport: Input channel destroyed: '45b331 ', fd=80
08-24 14:43:38.673 24159 24159 I ViewRootImpl@65cf441[InstrumentationActivityInvoker$EmptyActivity]: MSG_WINDOW_FOCUS_CHANGED 1 1
08-24 14:43:38.674 24159 24159 D InputMethodManager: prepareNavigationBarInfo() DecorView@6cc5a1a[InstrumentationActivityInvoker$EmptyActivity]
08-24 14:43:38.674  4585  8021 I SurfaceControl: nativeRelease nativeObject s[537628422016]
08-24 14:43:38.674  4585  8021 I SurfaceControl: nativeRelease nativeObject e[537628422016]
08-24 14:43:38.674 24159 24159 D InputMethodManager: getNavigationBarColor() -855310
08-24 14:43:38.674 24159 24159 D InputMethodManager: prepareNavigationBarInfo() DecorView@6cc5a1a[InstrumentationActivityInvoker$EmptyActivity]
08-24 14:43:38.675 24159 24159 D InputMethodManager: getNavigationBarColor() -855310
08-24 14:43:38.675 24159 24159 V InputMethodManager: Starting input: tba=com.example.dogglers ic=null mNaviBarColor -855310 mIsGetNaviBarColorSuccess true , NavVisible : true , NavTrans : false
08-24 14:43:38.675 24159 24159 D InputMethodManager: startInputInner - Id : 0
08-24 14:43:38.675 24159 24159 I InputMethodManager: startInputInner - mService.startInputOrWindowGainedFocus
08-24 14:43:38.676  4585  8021 D InputMethodManagerService: mSecureKeypadEnabled = false
08-24 14:43:38.677  4226  4248 I Layer   : id=88242 removeFromCurrentState ActivityRecord{8a0888d u0 com.example.dogglers/.MainActivity t1564}#0 (75)
08-24 14:43:38.677  4226  4248 I SurfaceFlinger: id=88242 Removed ActivityRecord{8a0888d u0 com.example.dogglers/.MainActivity t1564}#0 (75)
08-24 14:43:38.678  4585  8021 V InputMethodManagerService: hideCurrentInputLocked : shouldHideSoftInput is false
08-24 14:43:38.678  4585  8021 D InputMethodManagerService: mDesktopModeManager null!
08-24 14:43:38.678  4585  8021 V InputMethodManagerService: getDisplayIdOfInputMethodWindowToBeAdded : 0
08-24 14:43:38.679  4585  8021 D InputMethodManagerService: checkDisplayOfStartInputAndUpdateKeyboard display Id 0last 0
08-24 14:43:38.679  4585  8021 D InputTransport: Input channel constructed: 'ClientS', fd=674
08-24 14:43:38.679  4226  4226 I Layer   : id=88242[1] Destroyed ActivityRecord{8a0888d u0 com.example.dogglers/.MainActivity t1564}#0
08-24 14:43:38.679  4226  4226 I Layer   : id=88247[1] Destroyed 45b331 com.example.dogglers/com.example.dogglers.MainActivity#0
08-24 14:43:38.679  4585  8021 D InputTransport: Input channel destroyed: 'ClientS', fd=674
08-24 14:43:38.679  4226  4226 I Layer   : id=88248[1] Destroyed com.example.dogglers/com.example.dogglers.MainActivity$_24159#0
08-24 14:43:38.679 24159 24159 D InputTransport: Input channel constructed: 'ClientS', fd=80
08-24 14:43:38.679 24159 24159 D InputTransport: Input channel destroyed: 'ClientS', fd=89
08-24 14:43:38.680  4585  5390 I InputDispatcher: Focus left window (24159): 5dd8bfe in display 0 0
08-24 14:43:38.682  4585  8021 I SurfaceControl: nativeRelease nativeObject s[535581068256]
08-24 14:43:38.682  4585  8021 I SurfaceControl: nativeRelease nativeObject e[535581068256]
08-24 14:43:38.682 21167 24529 I Finsky  : [164996] sgt.accept(50): SCH: Job 12-1 starting
08-24 14:43:38.683  4226  4248 I SurfaceFlinger: id=88260 createSurf (0x0),-1 flag=24004, Surface(name=a3a0629 InputMethod)/@0x54f474f - animation-leash#1
08-24 14:43:38.685  7388  7388 I HBD     : HoneyBoardService onFinishInput
08-24 14:43:38.686  7388  7388 I HBD     : a IC have been unbinded,  InputConnectionWrapper{idHash=#984e0d mMissingMethods=}
08-24 14:43:38.686  7388  7388 I HBD     : HoneyBoardService [PF_CL][onFinishInput]  696115 ns
08-24 14:43:38.687  7388  7388 I HBD     : HoneyBoardService [IMI] onStartInput - caller pid : 24159 , caller uid : 10574
08-24 14:43:38.688  7388  7388 I HBD     : i updateConfigs
08-24 14:43:38.688  7388  7388 I HBD     : i isEnabledNightMode : false
08-24 14:43:38.688 24159 24159 D LifecycleMonitor: Lifecycle status change: androidx.test.core.app.InstrumentationActivityInvoker$EmptyActivity@2faea79 in: PRE_ON_CREATE
08-24 14:43:38.688  7388  7388 I HBD     : a IC have been binded, InputConnectionWrapper{idHash=#984e0d mMissingMethods=}
08-24 14:43:38.688  7388  7388 I HBD     : h [EditorInputType]setPrivateImeOptionsToTable privateImeOptions ( null )
08-24 14:43:38.689 24159 24159 V ActivityScenario: Activity lifecycle changed event received but ignored because the intent does not match. startActivityIntent=Intent { act=android.intent.action.MAIN cat=[android.intent.category.LAUNCHER] cmp=com.example.dogglers/.MainActivity }, activity.getIntent()=Intent { act=android.intent.action.MAIN cat=[android.intent.category.LAUNCHER] flg=0x10000000 cmp=com.example.dogglers/androidx.test.core.app.InstrumentationActivityInvoker$EmptyActivity }, activity=androidx.test.core.app.InstrumentationActivityInvoker$EmptyActivity@2faea79
08-24 14:43:38.689  7388  7388 I HBD     : b incognitoMode : false
08-24 14:43:38.689  7388  7388 I HBD     : a needOff = true , isForceOff = false, isNullInputClass : true
08-24 14:43:38.689  7388  7388 I HBD     : h getDefaultInputRange : UNKNOWN
08-24 14:43:38.689  7388  7388 I HBD     : h getDefaultInputRange : UNKNOWN
08-24 14:43:38.689  7388  7388 I HBD     : h getDefaultInputRange : UNKNOWN
