08-24 14:43:43.216  4226  4601 I SurfaceFlinger: id=88382 Removed com.google.android.youtube/com.google.android.apps.youtube.app.watchwhile.WatchWhileActivity$_21625#0 (88)
08-24 14:43:43.217  4896  4896 I PluginFaceWidgetMediaDataFactory: getBitmapFromMetadata null
08-24 14:43:43.217  4896  4896 D PluginFaceWidgetMediaDataFactory: Elapsed Time : 2
08-24 14:43:43.217  4585  4635 D FastTrack: setFastTrackState: pid = 21625 ;tid= 21862 ;value= 0
08-24 14:43:43.218  4896  4896 D FaceWidgetMediaDataRepository: [update] key : com.google.android.youtube|0|192289192, oldKey : com.google.android.youtube|0|192289192, media : com.google.android.youtube, sourceType : SESSION
08-24 14:43:43.219  4585  4610 D SehCodecSolutionService: Update top [com.example.dogglers]
08-24 14:43:43.222  4226  4226 I Layer   : id=88382[1] Destroyed com.google.android.youtube/com.google.android.apps.youtube.app.watchwhile.WatchWhileActivity$_21625#0
08-24 14:43:43.222  4226  4226 I Layer   : id=88385[1] Destroyed Bounds for - com.google.android.youtube/com.google.android.apps.youtube.app.watchwhile.WatchWhileActivity@8#0
08-24 14:43:43.222  4226  4226 I Layer   : id=88386[1] Destroyed SurfaceView - com.google.android.youtube/com.google.android.apps.youtube.app.watchwhile.WatchWhileActivity@c9edee9@8#0
08-24 14:43:43.226  4896  4896 D FaceWidgetMediaDataRepository: PlaybackState and Metadata is null. :: com.google.android.youtube
08-24 14:43:43.227  4896  4896 D SecStatusBarMobileView: setStaticDrawableColor:
08-24 14:43:43.227  4896  4896 D SecStatusBarMobileView: setStaticDrawableColor:
08-24 14:43:43.236  4896  4896 D FaceWidgetMusicViewModel: onChanged :: NULL
08-24 14:43:43.240  4896  4896 I FaceWidgetMusicViewModel: getMediaButtonReceiverPackageName() - soundAssistant : com.google.android.youtube, Settings : org.telegram.plus/org.telegram.messenger.voip.VoIPMediaButtonReceiver,0,1
08-24 14:43:43.243  4896  4896 D FaceWidgetMediaDataDAO: launch package intent
08-24 14:43:43.245  4896  4896 D FaceWidgetViewModel: onChanged
08-24 14:43:43.245  4896  4896 D FaceWidgetViewModel: updateMusicPageShownState() show = false, reattach = false, reason = clear
08-24 14:43:43.245  4896  4896 D FaceWidgetViewModel: skip to show media panel
08-24 14:43:43.245  4896  4896 D FaceWidgetMediaSessionManager: onPlaybackStateChanged() state = PlaybackState {state=1, position=0, buffered position=0, speed=1.0, updated=1322763774, actions=8192, custom actions=[], active item id=-1, error=null}
08-24 14:43:43.246  4896  4896 I PluginFaceWidgetMediaDataFactory: getBitmapFromMetadata null
08-24 14:43:43.246  4896  4896 D PluginFaceWidgetMediaDataFactory: Elapsed Time : 1
08-24 14:43:43.247  4896  4896 D FaceWidgetMediaDataRepository: [update] key : com.google.android.youtube|0|192289192, oldKey : com.google.android.youtube|0|192289192, media : com.google.android.youtube, sourceType : SESSION
08-24 14:43:43.250  4896  4896 D FaceWidgetMediaDataRepository: PlaybackState and Metadata is null. :: com.google.android.youtube
08-24 14:43:43.250  4896  4896 D FaceWidgetMediaSessionManager: onMetadataChanged() metadata = null
08-24 14:43:43.251  4896  4896 I PluginFaceWidgetMediaDataFactory: getBitmapFromMetadata null
08-24 14:43:43.251  4896  4896 D PluginFaceWidgetMediaDataFactory: Elapsed Time : 1
08-24 14:43:43.252  4896  4896 D FaceWidgetMediaDataRepository: [update] key : com.google.android.youtube|0|192289192, oldKey : com.google.android.youtube|0|192289192, media : com.google.android.youtube, sourceType : SESSION
08-24 14:43:43.255  4896  4896 D FaceWidgetMediaDataRepository: PlaybackState and Metadata is null. :: com.google.android.youtube
08-24 14:43:43.255  4896  4896 D SecStatusBarMobileView: setStaticDrawableColor:
08-24 14:43:43.255  4896  4896 D SecStatusBarMobileView: setStaticDrawableColor:
08-24 14:43:43.257 24159 24159 I ViewRootImpl@b5617f1[GridListActivity]: [DP] dp(1) 1 android.view.ViewRootImpl.reportNextDraw:10957 android.view.ViewRootImpl.performTraversals:3845 android.view.ViewRootImpl.doTraversal:2618
08-24 14:43:43.257 24159 24159 I ViewRootImpl@b5617f1[GridListActivity]: [DP] pd() Asnyc report
08-24 14:43:43.262  4175 24578 I HYPER-HAL: [ResourceManager.cpp]removeResource(): [CPUMinFreq] RemoveResource Request ID : 10596124
08-24 14:43:43.262  4175 24578 I HYPER-HAL: [RequestManager.cpp]releaseLocked(): Released ID : 10596124
08-24 14:43:43.262  4896  4896 D FaceWidgetMusicPageObserver: [EXPAND] onChanged :: PluginFaceWidgetMediaData{[NULL]} showingLastPlayed : true
08-24 14:43:43.262  4896  4896 D FaceWidgetMediaDataDAO: controller is null
08-24 14:43:43.262  4896  4896 D FaceWidgetMediaDataDAO: controller is null
08-24 14:43:43.262  4896  4896 D FaceWidgetMediaDataDAO: controller is null
08-24 14:43:43.262  4896  4896 D FaceWidgetMediaDataDAO: controller is null
08-24 14:43:43.262  4896  4896 D FaceWidgetMediaDataDAO: controller is null
08-24 14:43:43.262  4896  4896 D FaceWidgetMediaDataDAO: controller is null
08-24 14:43:43.263  4896  4896 D FaceWidgetMediaDataDAO: controller is null
08-24 14:43:43.263  4896  4896 D FaceWidgetMediaDataDAO: controller is null
08-24 14:43:43.263  4896  4896 D FaceWidgetMusicPageObserver: last played. show tap to play last song. : com.google.android.youtube
08-24 14:43:43.264  4896  4896 D FaceWidgetMusicViewModel: onChanged :: NULL
08-24 14:43:43.265  4896  4896 I FaceWidgetMusicViewModel: getMediaButtonReceiverPackageName() - soundAssistant : com.google.android.youtube, Settings : org.telegram.plus/org.telegram.messenger.voip.VoIPMediaButtonReceiver,0,1
08-24 14:43:43.268  4896  4896 D FaceWidgetMediaDataDAO: launch package intent
08-24 14:43:43.269  4896  4896 D FaceWidgetViewModel: onChanged
08-24 14:43:43.269  4896  4896 D FaceWidgetViewModel: updateMusicPageShownState() show = false, reattach = false, reason = clear
08-24 14:43:43.269  4896  4896 D FaceWidgetViewModel: skip to show media panel
08-24 14:43:43.269  4896  4896 D FaceWidgetMusicPageObserver: [EXPAND] onChanged :: PluginFaceWidgetMediaData{[NULL]} showingLastPlayed : true
08-24 14:43:43.269  4896  4896 D FaceWidgetMediaDataDAO: controller is null
08-24 14:43:43.269  4896  4896 D FaceWidgetMediaDataDAO: controller is null
08-24 14:43:43.270  4896  4896 D FaceWidgetMediaDataDAO: controller is null
08-24 14:43:43.270  4896  4896 D FaceWidgetMediaDataDAO: controller is null
08-24 14:43:43.270  4896  4896 D FaceWidgetMediaDataDAO: controller is null
08-24 14:43:43.270  4896  4896 D FaceWidgetMediaDataDAO: controller is null
08-24 14:43:43.270  4896  4896 D FaceWidgetMediaDataDAO: controller is null
08-24 14:43:43.270  4896  4896 D FaceWidgetMediaDataDAO: controller is null
08-24 14:43:43.270  4896  4896 D FaceWidgetMusicPageObserver: last played. show tap to play last song. : com.google.android.youtube
08-24 14:43:43.281 24159 24159 I ViewRootImpl@b5617f1[GridListActivity]: [DP] pdf(0) 1 android.view.ViewRootImpl.lambda$performDraw$1$ViewRootImpl:4668 android.view.-$$Lambda$ViewRootImpl$DJd0VUYJgsebcnSohO6h8zc_ONI.run:6 android.os.Handler.handleCallback:938
08-24 14:43:43.281 24159 24159 I ViewRootImpl@b5617f1[GridListActivity]: [DP] rdf()
08-24 14:43:43.286  4585  4613 D PkgPredictorService: pkg:com.example.dogglers activity:com.example.dogglers.GridListActivity thisTime:432
08-24 14:43:43.286  4585  4613 D PkgPredictorService-Collector: update activity launch time: GridListActivity : 432
08-24 14:43:43.286  4585  4613 I SemDvfsHyPerManager: acquire hyper - AMS_RESUME_TAIL/4585@18, type = -999
08-24 14:43:43.286  4585  4613 I SemDvfsHyPerManager: acquire hyper - AMS_ACT_LAZY/4585@19, type = -999
08-24 14:43:43.287  4175  4211 I HYPER-HAL: [RequestManager.cpp]acquire(): Acquired ID : 10596124  [4585 / 18]    HINT : AMS_RESUME_TAIL    list :
08-24 14:43:43.287  4175  4211 I HYPER-HAL: [ResourceManager.cpp]updateResource(): [CPUMinFreq] UpdateResource Request ID : 10596124    Value : 1768000
08-24 14:43:43.290  4585  5390 I InputDispatcher: Focus entered window (24159): 31c08d9 in display 0 0
08-24 14:43:43.288  4175  4211 I HYPER-HAL: [RequestManager.cpp]acquire(): Acquired ID : 10600729  [4585 / 19]    HINT :      list :
08-24 14:43:43.293  4175  4211 E HYPER-HAL: [Request.cpp]acquire(): Request:: id : 10600729, No Resource to set
08-24 14:43:43.294  4585  4613 D ViewRootImpl@42d7cc7[dogglers]: dispatchDetachedFromWindow: reset blurmask
08-24 14:43:43.294  4585  4613 I ViewRootImpl@42d7cc7[dogglers]: dispatchDetachedFromWindow
08-24 14:43:43.295  4585  4613 I SurfaceControl: nativeRelease nativeObject s[537628418752]
08-24 14:43:43.295  4585  4613 I SurfaceControl: nativeRelease nativeObject e[537628418752]
08-24 14:43:43.295  4585  4613 D InputTransport: Input channel destroyed: 'c4cf2f4', fd=677
08-24 14:43:43.296  4175  4211 I HYPER-HAL: [ResourceManager.cpp]removeResource(): [CPUMinFreq] RemoveResource Request ID : 10651450
08-24 14:43:43.297  4585  4617 D ArtManagerInternalImpl: /data/misc/iorapd/com.example.dogglers/1/com.example.dogglers.GridListActivity/compiled_traces/compiled_trace.pb doesn't exist
08-24 14:43:43.296  4175  4211 I HYPER-HAL: [RequestManager.cpp]releaseLocked(): Released ID : 10651450
08-24 14:43:43.298 24159 24159 D RootViewPicker: Root not ready - waiting: 10ms for one to appear.
08-24 14:43:43.299 24159 24159 I ViewRootImpl@b5617f1[GridListActivity]: MSG_WINDOW_FOCUS_CHANGED 1 1
08-24 14:43:43.299 24159 24159 D InputMethodManager: prepareNavigationBarInfo() DecorView@f68795a[GridListActivity]
08-24 14:43:43.299 24159 24159 D InputMethodManager: getNavigationBarColor() -855310
08-24 14:43:43.301 24159 24159 D InputMethodManager: prepareNavigationBarInfo() DecorView@f68795a[GridListActivity]
08-24 14:43:43.302 24159 24159 D InputMethodManager: getNavigationBarColor() -855310
08-24 14:43:43.302 24159 24159 V InputMethodManager: Starting input: tba=com.example.dogglers ic=null mNaviBarColor -855310 mIsGetNaviBarColorSuccess true , NavVisible : true , NavTrans : false
08-24 14:43:43.302 24159 24159 D InputMethodManager: startInputInner - Id : 0
08-24 14:43:43.302 24159 24159 I InputMethodManager: startInputInner - mService.startInputOrWindowGainedFocus
08-24 14:43:43.302  4226  4601 I SurfaceFlinger: id=88406 createSurf (0x0),-1 flag=24000, Surface(name=c4cf2f4 Splash Screen com.example.dogglers)/@0x4940f31 - animation-leash#0
08-24 14:43:43.303  4585  5390 D InputMethodManagerService: mSecureKeypadEnabled = false
08-24 14:43:43.305  4585  4617 I ActivityTaskManager: Displayed com.example.dogglers/.GridListActivity: +432ms
08-24 14:43:43.305  4585  4613 D InputTransport: Input channel destroyed: 'c4cf2f4', fd=678
08-24 14:43:43.305  4585  5390 V InputMethodManagerService: hideCurrentInputLocked : shouldHideSoftInput is false
08-24 14:43:43.306  4585  5390 D InputMethodManagerService: mDesktopModeManager null!
08-24 14:43:43.306  4585  5390 V InputMethodManagerService: getDisplayIdOfInputMethodWindowToBeAdded : 0
08-24 14:43:43.306  4585  5390 D SamsungIMMSHWKeyboard: isConnectedDexOnPC false
08-24 14:43:43.307  4585  5390 D InputMethodManagerService: isImeSwitcherDisabledPackage : false
08-24 14:43:43.309 21625 21625 D InputTransport: Input channel destroyed: 'ClientS', fd=135
08-24 14:43:43.313  4585  5390 D InputMethodManagerService: checkDisplayOfStartInputAndUpdateKeyboard display Id 0last 0
08-24 14:43:43.313  4585  5390 D InputTransport: Input channel constructed: 'ClientS', fd=676
08-24 14:43:43.313  4585  5390 D InputTransport: Input channel destroyed: 'ClientS', fd=676
08-24 14:43:43.314 24159 24159 D InputTransport: Input channel constructed: 'ClientS', fd=89
08-24 14:43:43.316  4896  4908 I ndroid.systemu: NativeAlloc concurrent copying GC freed 11175(453KB) AllocSpace objects, 0(0B) LOS objects, 49% free, 19MB/38MB, paused 274us total 220.659ms
08-24 14:43:43.316  4585  7112 I SurfaceControl: nativeRelease nativeObject s[535556871264]
08-24 14:43:43.316  4585  7112 I SurfaceControl: nativeRelease nativeObject e[535556871264]
08-24 14:43:43.317  4226  4601 I SurfaceFlinger: id=88407 createSurf (0x0),-1 flag=24004, Surface(name=a3a0629 InputMethod)/@0x54f474f - animation-leash#0
08-24 14:43:43.320 24159 24159 I ViewInteraction: Performing 'fast swipe' action on view view.getId() is <2131230933/com.example.dogglers:id/grid_recycler_view>
08-24 14:43:43.322  7388  7388 I HBD     : HoneyBoardService onFinishInput
08-24 14:43:43.323  7388  7388 I HBD     : a IC have been unbinded,  InputConnectionWrapper{idHash=#7ae60be mMissingMethods=}
08-24 14:43:43.323  7388  7388 I HBD     : HoneyBoardService [PF_CL][onFinishInput]  555654 ns
08-24 14:43:43.323  7388  7388 I HBD     : HoneyBoardService [IMI] onStartInput - caller pid : 24159 , caller uid : 10574
08-24 14:43:43.325  4226  4601 I Layer   : id=88389 removeFromCurrentState Surface(name=a3a0629 InputMethod)/@0x54f474f - animation-leash#1 (87)
08-24 14:43:43.326  4585  7112 D InputDispatcher: Inject motion (24159): action=0x0, time=571760658000000, f=0x0, d=0
08-24 14:43:43.326  4585  4726 D InputDispatcher: pointer touchable region used!
08-24 14:43:43.326  4585  4726 W InputDispatcher: obscured by Window{c4cf2f4
08-24 14:43:43.327  4585  4726 I InputDispatcher: Delivering touch to (4896): action: 0x4, f=0x0, d=0, 'a71bb8f', t=0
08-24 14:43:43.327  4585  4726 I InputDispatcher: Delivering touch to (24159): action: 0x0, f=0x1, d=0, '31c08d9', t=0
08-24 14:43:43.327  5408  5408 W RecentsAnimationDeviceState: isInSwipeUpTouchRegion = false
08-24 14:43:43.327  5408  5408 W TouchInteractionService: onInputEvent, inputConsumer = com.android.quickstep.-$$Lambda$InputConsumer$pgTpBxbssXPLgozwhOXQifnNImE@b866acd
08-24 14:43:43.327 24159 24159 I ViewRootImpl@b5617f1[GridListActivity]: ViewPostIme pointer 0
08-24 14:43:43.328 21625 21625 I SurfaceControl: nativeRelease nativeObject s[537816941280]
08-24 14:43:43.328  7388  7388 I HBD     : i updateConfigs
08-24 14:43:43.328 21625 21625 I SurfaceControl: nativeRelease nativeObject e[537816941280]
08-24 14:43:43.328  7388  7388 I HBD     : i isEnabledNightMode : false
08-24 14:43:43.328  7388  7388 I HBD     : a IC have been binded, InputConnectionWrapper{idHash=#4d0106c mMissingMethods=}
08-24 14:43:43.329  7388  7388 I HBD     : h [EditorInputType]setPrivateImeOptionsToTable privateImeOptions ( null )
08-24 14:43:43.329  7388  7388 I HBD     : b incognitoMode : false
08-24 14:43:43.329  7388  7388 I HBD     : a needOff = true , isForceOff = false, isNullInputClass : true
08-24 14:43:43.329  7388  7388 I HBD     : h getDefaultInputRange : UNKNOWN
08-24 14:43:43.329  7388  7388 I HBD     : h getDefaultInputRange : UNKNOWN
08-24 14:43:43.330  7388  7388 I HBD     : h getDefaultInputRange : UNKNOWN
08-24 14:43:43.330  4140  4146 E statsd  : Predicate -7037417284711607308 dropping data for dimension key (10)0x2010101->10574[I] (10)0x30000->*launch*[S]
08-24 14:43:43.330  4140  4146 E statsd  : Predicate 5980654721335871649 dropping data for dimension key (10)0x2010101->10574[I] (10)0x30000->*launch*[S]
08-24 14:43:43.330  4585  7096 D SdpManagerService: Not an enterprise user : 0
08-24 14:43:43.330  4585  7096 D SdpManagerService: Not an enterprise user : 0
08-24 14:43:43.331 24159 24159 I SurfaceControl: nativeRelease nativeObject s[537807156704]
08-24 14:43:43.331 24159 24159 I SurfaceControl: nativeRelease nativeObject e[537807156704]
08-24 14:43:43.331 24159 24159 I SurfaceControl: nativeRelease nativeObject s[537807156608]
08-24 14:43:43.332 24159 24159 I SurfaceControl: nativeRelease nativeObject e[537807156608]
08-24 14:43:43.333  4585  7112 D SamsungIMMSHWKeyboard: isConnectedDexOnPC false
08-24 14:43:43.333  4585  7112 D InputMethodManagerService: isImeSwitcherDisabledPackage : false
08-24 14:43:43.333  7388  7388 I HBD     : h getDefaultInputRange : UNKNOWN
08-24 14:43:43.334  7388  7388 I HBD     : a currentState : 0
08-24 14:43:43.336  7388  7388 I HBD     : h load selected json info : {"version":"1.0","currentLanguageOrder":0,"selected":[{"activeOptionList":["auto_replace","auto_spacing"],"engName":"Russian","id":3342336,"inputType":"qwerty","isUsed":true},{"activeOptionList":["auto_replace","auto_spacing"],"engName":"English","id":65537,"inputType":"qwerty","isUsed":true}]}
08-24 14:43:43.336  7388  7388 I HBD     : a [UpdatePolicy] [post] a: 0 cl: 3342336 kit: [0/0] vt: 0 ir: 1
08-24 14:43:43.337  7388  7388 I HBD     : HoneyBoardService [PF_OP][onStartInput]  13944270 ns
08-24 14:43:43.346  4226  4226 D SurfaceFlinger: Display 0 HWC layers:
08-24 14:43:43.346  4226  4226 D SurfaceFlinger:      DEVICE | 0x77ce815b80 | 0002 | RGBA_8888    |    0.0    0.0 1080.0 2340.0 |    0    0 1080 2340 | com.example.dogglers/com.example.dogglers.GridListActivity$_24159#0
08-24 14:43:43.346  4226  4226 D SurfaceFlinger:      DEVICE | 0x7851239880 | 0002 | RGBA_8888    |    0.0    0.0 1080.0 2340.0 |    0    0 1080 2340 | Splash Screen com.example.dogglers#0
08-24 14:43:43.346  4226  4226 D SurfaceFlinger:      DEVICE | 0x77ce814dc0 | 0000 | RGBA_8888    |    0.0    0.0 1080.0   83.0 |    0    0 1080   83 | StatusBar$_4896#0
08-24 14:43:43.346  4226  4226 D SurfaceFlinger:      DEVICE | 0x77ce8157c0 | 0000 | RGBA_8888    |    0.0    0.0   67.0  342.0 |    0  746   67 1088 | com.samsung.android.app.cocktailbars[...]arservice.CocktailBarService$_9865#0
08-24 14:43:43.346  4226  4226 D SurfaceFlinger:      DEVICE | 0x7851238200 | 0000 | RGBA_8888    |    0.0    0.0  388.0   39.0 |  692 2301 1080 2340 | SGestureOverlayWindow$_5408#0
08-24 14:43:43.346  4226  4226 D SurfaceFlinger:      DEVICE | 0x77ce816800 | 0000 | RGBA_8888    |    0.0    0.0 1080.0  126.0 |    0 2214 1080 2340 | NavigationBar0$_4896#0
08-24 14:43:43.346  4226  4226 D SurfaceFlinger:      DEVICE | 0x77ce814b40 | 0000 | RGBA_8888    |    0.0    0.0 1080.0  151.0 |    0    0 1080  151 | ScreenDecorOverlay$_4896#0
08-24 14:43:43.346  4226  4226 D SurfaceFlinger:
08-24 14:43:43.346  4226  4226 D SurfaceFlinger:      DEVICE | 0x77ce817d40 | 0000 | RGBA_8888    |    0.0    0.0 1080.0  151.0 |    0 2189 1080 2340 | ScreenDecorOverlayBottom$_4896#0
08-24 14:43:43.346  4226  4226 D SurfaceFlinger:
08-24 14:43:43.355  4585  4613 I SurfaceControl: nativeRelease nativeObject s[535579919968]
08-24 14:43:43.355  4585  4613 I SurfaceControl: nativeRelease nativeObject e[535579919968]
08-24 14:43:43.356  4585  4613 I SurfaceControl: nativeRelease nativeObject s[535567040544]
08-24 14:43:43.356  4585  4613 I SurfaceControl: nativeRelease nativeObject e[535567040544]
08-24 14:43:43.356  4585  4613 I SurfaceControl: nativeRelease nativeObject s[537817686848]
08-24 14:43:43.356  4585  4613 I SurfaceControl: nativeRelease nativeObject e[537817686848]
08-24 14:43:43.357  4226  4601 I Layer   : id=88393 removeFromCurrentState Splash Screen com.example.dogglers#0 (87)
08-24 14:43:43.359  4585  4613 I SurfaceControl: nativeRelease nativeObject s[535556334848]
08-24 14:43:43.359  4585  4613 I SurfaceControl: nativeRelease nativeObject e[535556334848]
08-24 14:43:43.361  4226  4601 I Layer   : id=88400 removeFromCurrentState Surface(name=Dim Layer for - Task=1568 - animating-dim)/@0xa06968f - animation-leash#0 (87)
08-24 14:43:43.361  4226  4601 I Layer   : id=88392 removeFromCurrentState c4cf2f4 Splash Screen com.example.dogglers#0 (87)
08-24 14:43:43.361  4226  4601 I Layer   : id=88406 removeFromCurrentState Surface(name=c4cf2f4 Splash Screen com.example.dogglers)/@0x4940f31 - animation-leash#0 (87)
08-24 14:43:43.362  4226  4601 I SurfaceFlinger: id=88400 Removed Surface(name=Dim Layer for - Task=1568 - animating-dim)/@0xa06968f - animation-leash#0 (87)
08-24 14:43:43.362  4226  4248 I SurfaceFlinger: id=88392 Removed c4cf2f4 Splash Screen com.example.dogglers#0 (87)
08-24 14:43:43.362  4226  4248 I SurfaceFlinger: id=88406 Removed Surface(name=c4cf2f4 Splash Screen com.example.dogglers)/@0x4940f31 - animation-leash#0 (87)
08-24 14:43:43.362  4226  4251 I SurfaceFlinger: id=88393 Removed Splash Screen com.example.dogglers#0 (87)
08-24 14:43:43.372  4226  4226 I Layer   : id=88406[1] Destroyed Surface(name=c4cf2f4 Splash Screen com.example.dogglers)/@0x4940f31 - animation-leash#0
08-24 14:43:43.372  4226  4226 I Layer   : id=88392[1] Destroyed c4cf2f4 Splash Screen com.example.dogglers#0
08-24 14:43:43.372  4226  4226 I Layer   : id=88400[1] Destroyed Surface(name=Dim Layer for - Task=1568 - animating-dim)/@0xa06968f - animation-leash#0
08-24 14:43:43.373  4226  4226 I Layer   : id=88393[1] Destroyed Splash Screen com.example.dogglers#0
08-24 14:43:43.376  4226  4226 D SurfaceFlinger: Display 0 HWC layers:
08-24 14:43:43.376  4226  4226 D SurfaceFlinger:      DEVICE | 0x77ce815b80 | 0002 | RGBA_8888    |    0.0    0.0 1080.0 2340.0 |    0    0 1080 2340 | com.example.dogglers/com.example.dogglers.GridListActivity$_24159#0
08-24 14:43:43.376  4226  4226 D SurfaceFlinger:      DEVICE | 0x77ce814dc0 | 0000 | RGBA_8888    |    0.0    0.0 1080.0   83.0 |    0    0 1080   83 | StatusBar$_4896#0
08-24 14:43:43.376  4226  4226 D SurfaceFlinger:      DEVICE | 0x77ce8157c0 | 0000 | RGBA_8888    |    0.0    0.0   67.0  342.0 |    0  746   67 1088 | com.samsung.android.app.cocktailbars[...]arservice.CocktailBarService$_9865#0
08-24 14:43:43.376  4226  4226 D SurfaceFlinger:      DEVICE | 0x7851238200 | 0000 | RGBA_8888    |    0.0    0.0  388.0   39.0 |  692 2301 1080 2340 | SGestureOverlayWindow$_5408#0
08-24 14:43:43.376  4226  4226 D SurfaceFlinger:      DEVICE | 0x77ce816800 | 0000 | RGBA_8888    |    0.0    0.0 1080.0  126.0 |    0 2214 1080 2340 | NavigationBar0$_4896#0
08-24 14:43:43.376  4226  4226 D SurfaceFlinger:      DEVICE | 0x77ce814b40 | 0000 | RGBA_8888    |    0.0    0.0 1080.0  151.0 |    0    0 1080  151 | ScreenDecorOverlay$_4896#0
08-24 14:43:43.376  4226  4226 D SurfaceFlinger:      DEVICE | 0x77ce817d40 | 0000 | RGBA_8888    |    0.0    0.0 1080.0  151.0 |    0 2189 1080 2340 | ScreenDecorOverlayBottom$_4896#0
08-24 14:43:43.376  4226  4226 D SurfaceFlinger:
08-24 14:43:43.439  4585  4613 I SurfaceControl: nativeRelease nativeObject s[535579921216]
08-24 14:43:43.439  4585  4613 I SurfaceControl: nativeRelease nativeObject e[535579921216]
08-24 14:43:43.439  4585  4613 I SurfaceControl: nativeRelease nativeObject s[535579919008]
08-24 14:43:43.440  4585  4613 I SurfaceControl: nativeRelease nativeObject e[535579919008]
08-24 14:43:43.443  9865  9865 I Utils   : isCurrentUser current = 0, ownerId = 0
08-24 14:43:43.443  9865  9865 I TrayVisibilityController: getComputedTrayVisible : keyguardState = 1
08-24 14:43:43.443  9865  9865 I TrayVisibilityController: updateTrayVisible: State=1 visible=1 mCurrentVisible=1 specificMode=0
08-24 14:43:43.443  9865  9865 I TrayStateController: onNotifyUpdateTray: 0 to need to visible? true
08-24 14:43:43.456  4226  5357 I Layer   : id=88398 removeFromCurrentState Surface(name=ActivityRecord{6edfceb u0 com.example.dogglers/androidx.test.core.app.InstrumentationActivityInvoker$BootstrapActivity t1568})/@0x6a391f0 - animation-leash#0 (83)
08-24 14:43:43.456  4226  5357 I Layer   : id=88401 removeFromCurrentState Surface(name=ActivityRecord{6edfceb u0 com.example.dogglers/androidx.test.core.app.InstrumentationActivityInvoker$BootstrapActivity t1568})/@0x6a391f0 - animation-bounds#0 (83)
08-24 14:43:43.456  4226  5357 I SurfaceFlinger: id=88398 Removed Surface(name=ActivityRecord{6edfceb u0 com.example.dogglers/androidx.test.core.app.InstrumentationActivityInvoker$BootstrapActivity t1568})/@0x6a391f0 - animation-leash#0 (83)
08-24 14:43:43.456  4226  4251 I SurfaceFlinger: id=88401 Removed Surface(name=ActivityRecord{6edfceb u0 com.example.dogglers/androidx.test.core.app.InstrumentationActivityInvoker$BootstrapActivity t1568})/@0x6a391f0 - animation-bounds#0 (83)
08-24 14:43:43.472  4226  4226 I Layer   : id=88401[1] Destroyed Surface(name=ActivityRecord{6edfceb u0 com.example.dogglers/androidx.test.core.app.InstrumentationActivityInvoker$BootstrapActivity t1568})/@0x6a391f0 - animation-bounds#0
08-24 14:43:43.473  4226  4226 I Layer   : id=88398[1] Destroyed Surface(name=ActivityRecord{6edfceb u0 com.example.dogglers/androidx.test.core.app.InstrumentationActivityInvoker$BootstrapActivity t1568})/@0x6a391f0 - animation-leash#0
08-24 14:43:43.481 24159 24159 D LifecycleMonitor: Lifecycle status change: androidx.test.core.app.InstrumentationActivityInvoker$BootstrapActivity@9c051aa in: STOPPED
08-24 14:43:43.482 24159 24159 V ActivityScenario: Activity lifecycle changed event received but ignored because the intent does not match. startActivityIntent=Intent { act=android.intent.action.MAIN cat=[android.intent.category.LAUNCHER] cmp=com.example.dogglers/.GridListActivity }, activity.getIntent()=Intent { act=android.intent.action.MAIN cat=[android.intent.category.LAUNCHER] flg=0x10008000 cmp=com.example.dogglers/androidx.test.core.app.InstrumentationActivityInvoker$BootstrapActivity (has extras) }, activity=androidx.test.core.app.InstrumentationActivityInvoker$BootstrapActivity@9c051aa
08-24 14:43:43.489  4585  7112 D InputDispatcher: Inject motion (24159): action=0x1, time=571760823000000, f=0x0, d=0
08-24 14:43:43.489  4585  4726 I InputDispatcher: Delivering touch to (24159): action: 0x1, f=0x1, d=0, '31c08d9', t=0
08-24 14:43:43.490 24159 24159 I ViewRootImpl@b5617f1[GridListActivity]: ViewPostIme pointer 1
08-24 14:43:43.493  4585  4585 I SemDvfsHyPerManager: acquire hyper - GESTURE_DETECTED/4585@22, type = -999
08-24 14:43:43.493  4175  4211 I HYPER-HAL: [RequestManager.cpp]acquire(): Acquired ID : 10614550  [4585 / 22]    HINT : GESTURE_DETECTED    list : [TIMEOUT / 1545]
08-24 14:43:43.494  4175  4211 I HYPER-HAL: [ResourceManager.cpp]updateResource(): [CPUMinFreq] UpdateResource Request ID : 10614550    Value : 936000
08-24 14:43:43.494  5408  5408 W TouchInteractionService: reset
08-24 14:43:43.496  4585  4585 I SemDvfsHyPerManager: acquire hyper - GESTURE_DETECTED/4585@22, type = -999
08-24 14:43:43.497  4175  4211 I HYPER-HAL: [RequestManager.cpp]acquire(): Acquired ID : 10614550  [4585 / 22]    HINT : GESTURE_DETECTED    list : [TIMEOUT / 1545]
08-24 14:43:43.497  4175  4211 I HYPER-HAL: [ResourceManager.cpp]updateResource(): [CPUMinFreq] UpdateResource Request ID : 10614550    Value : 936000
08-24 14:43:43.618 24159 24159 I ViewInteraction: Checking 'MatchesViewAssertion{viewMatcher=(view has effective visibility <VISIBLE> and view.getGlobalVisibleRect() to return non-empty rectangle)}' assertion on view an instance of android.widget.TextView and view.getText() with or without transformation to match: is "Bella"
08-24 14:43:43.626  4585  7112 I SemDvfsHyPerManager: acquire hyper - AMS_ACT_START/4585@16, type = -999
08-24 14:43:43.627  4175  4211 I HYPER-HAL: [RequestManager.cpp]acquire(): Acquired ID : 10586917  [4585 / 16]    HINT : AMS_ACT_START    list :
08-24 14:43:43.628  4175  4211 I HYPER-HAL: [ResourceManager.cpp]updateResource(): [CPUMinFreq] UpdateResource Request ID : 10586917    Value : 2314000
08-24 14:43:43.628  4226  4251 I SurfaceFlinger: id=88408 createSurf (0x0),-1 flag=80004, ActivityRecord{133474 u0 com.example.dogglers/androidx.test.core.app.InstrumentationActivityInvoker$EmptyActivity t1568}#0
08-24 14:43:43.632  4140  4146 E statsd  : Predicate -7037417284711607308 dropping data for dimension key (10)0x2010101->10574[I] (10)0x30000->*launch*[S]
08-24 14:43:43.633  4140  4146 E statsd  : Predicate 5980654721335871649 dropping data for dimension key (10)0x2010101->10574[I] (10)0x30000->*launch*[S]
08-24 14:43:43.635 24159 24159 D LifecycleMonitor: Lifecycle status change: com.example.dogglers.GridListActivity@1b194d in: PAUSED
08-24 14:43:43.636 24159 24159 V ActivityScenario: Update currentActivityStage to PAUSED, currentActivity=com.example.dogglers.GridListActivity@1b194d
08-24 14:43:43.638  4585  7034 V WindowOrientationListener: getProposedRotation: -1
08-24 14:43:43.638  4585  7034 V WindowOrientationListener: getProposedRotation: -1
08-24 14:43:43.639  4585  7034 V WindowOrientationListener: getProposedRotation: -1
08-24 14:43:43.641  4585  7034 D InputDispatcher: Focused application set to (0): 133474
08-24 14:43:43.655 24159 24159 D LifecycleMonitor: Lifecycle status change: androidx.test.core.app.InstrumentationActivityInvoker$EmptyActivity@2e58ddf in: PRE_ON_CREATE
08-24 14:43:43.655 24159 24159 V ActivityScenario: Activity lifecycle changed event received but ignored because the intent does not match. startActivityIntent=Intent { act=android.intent.action.MAIN cat=[android.intent.category.LAUNCHER] cmp=com.example.dogglers/.GridListActivity }, activity.getIntent()=Intent { act=android.intent.action.MAIN cat=[android.intent.category.LAUNCHER] flg=0x10000000 cmp=com.example.dogglers/androidx.test.core.app.InstrumentationActivityInvoker$EmptyActivity }, activity=androidx.test.core.app.InstrumentationActivityInvoker$EmptyActivity@2e58ddf
08-24 14:43:43.670  4585  4839 D SemWifiApTrafficPoller: received START_TRAFFIC_CHECK
08-24 14:43:43.673  4585  7034 I InputDispatcher: Focus left window (24159): 31c08d9 in display 0 0
08-24 14:43:43.678  4585  4820 D PkgPredictorService-Collector: save one record successfully!
08-24 14:43:43.686  4585  4820 D PkgPredictorService-Collector: save one record successfully!
08-24 14:43:43.688  4141  4265 E Netd    : getNetworkForDns: getNetId from enterpriseCtrl is netid 0
08-24 14:43:43.690  4141  4265 E Netd    : getNetworkForDns: getNetId from enterpriseCtrl is netid 0
08-24 14:43:43.691 24159 24159 I DecorView: [INFO] isPopOver=false, config=true
08-24 14:43:43.692 24159 24159 I DecorView: updateCaptionType >> DecorView@796cf5[], isFloating=false, isApplication=true, hasWindowDecorCaption=false, hasWindowControllerCallback=true
08-24 14:43:43.692 24159 24159 D DecorView: setCaptionType = 0, this = DecorView@796cf5[]
08-24 14:43:43.693  4141  4265 E Netd    : getNetworkForDns: getNetId from enterpriseCtrl is netid 0
08-24 14:43:43.696  4141  4265 E Netd    : getNetworkForDns: getNetId from enterpriseCtrl is netid 0
08-24 14:43:43.696  4585  4820 D PkgPredictorService-Collector: save one record successfully!
08-24 14:43:43.696 24159 24159 D LifecycleMonitor: Lifecycle status change: androidx.test.core.app.InstrumentationActivityInvoker$EmptyActivity@2e58ddf in: CREATED
08-24 14:43:43.697 24159 24159 V ActivityScenario: Activity lifecycle changed event received but ignored because the intent does not match. startActivityIntent=Intent { act=android.intent.action.MAIN cat=[android.intent.category.LAUNCHER] cmp=com.example.dogglers/.GridListActivity }, activity.getIntent()=Intent { act=android.intent.action.MAIN cat=[android.intent.category.LAUNCHER] flg=0x10000000 cmp=com.example.dogglers/androidx.test.core.app.InstrumentationActivityInvoker$EmptyActivity }, activity=androidx.test.core.app.InstrumentationActivityInvoker$EmptyActivity@2e58ddf
08-24 14:43:43.699 24159 24159 D LifecycleMonitor: Lifecycle status change: androidx.test.core.app.InstrumentationActivityInvoker$EmptyActivity@2e58ddf in: STARTED
08-24 14:43:43.699 24159 24159 V ActivityScenario: Activity lifecycle changed event received but ignored because the intent does not match. startActivityIntent=Intent { act=android.intent.action.MAIN cat=[android.intent.category.LAUNCHER] cmp=com.example.dogglers/.GridListActivity }, activity.getIntent()=Intent { act=android.intent.action.MAIN cat=[android.intent.category.LAUNCHER] flg=0x10000000 cmp=com.example.dogglers/androidx.test.core.app.InstrumentationActivityInvoker$EmptyActivity }, activity=androidx.test.core.app.InstrumentationActivityInvoker$EmptyActivity@2e58ddf
08-24 14:43:43.699  4141  4265 E Netd    : getNetworkForDns: getNetId from enterpriseCtrl is netid 0
08-24 14:43:43.701 24159 24159 D LifecycleMonitor: Lifecycle status change: androidx.test.core.app.InstrumentationActivityInvoker$EmptyActivity@2e58ddf in: RESUMED
08-24 14:43:43.702 24159 24159 V ActivityScenario: Activity lifecycle changed event received but ignored because the intent does not match. startActivityIntent=Intent { act=android.intent.action.MAIN cat=[android.intent.category.LAUNCHER] cmp=com.example.dogglers/.GridListActivity }, activity.getIntent()=Intent { act=android.intent.action.MAIN cat=[android.intent.category.LAUNCHER] flg=0x10000000 cmp=com.example.dogglers/androidx.test.core.app.InstrumentationActivityInvoker$EmptyActivity }, activity=androidx.test.core.app.InstrumentationActivityInvoker$EmptyActivity@2e58ddf
08-24 14:43:43.703  4141  4265 E Netd    : getNetworkForDns: getNetId from enterpriseCtrl is netid 0
08-24 14:43:43.705  4585  4820 D PkgPredictorService-Collector: save one record successfully!
08-24 14:43:43.706  4141  4265 E Netd    : getNetworkForDns: getNetId from enterpriseCtrl is netid 0
08-24 14:43:43.706  4585  7034 D InputTransport: Input channel constructed: '9bcb65b', fd=680
08-24 14:43:43.706  4585  7034 D InputTransport: Input channel constructed: '9bcb65b', fd=688
08-24 14:43:43.707  4226  4251 I SurfaceFlinger: id=88409 createSurf (0x0),-1 flag=80004, 9bcb65b com.example.dogglers/androidx.test.core.app.InstrumentationActivityInvoker$EmptyActivity#0
08-24 14:43:43.707  4585  7034 D WindowManager: isScreenshotDisabledLocked - win: Window{9bcb65b u0 com.example.dogglers/androidx.test.core.app.InstrumentationActivityInvoker$EmptyActivity}
08-24 14:43:43.707  4585  7034 D WindowManager: isScreenshotDisabledLocked: userId = 0, disabled =false
08-24 14:43:43.707  4585  7034 D InputTransport: Input channel destroyed: '9bcb65b', fd=688
08-24 14:43:43.708 24159 24159 D InputTransport: Input channel constructed: '9bcb65b', fd=93
08-24 14:43:43.709 24159 24159 I ViewRootImpl@c831d18[InstrumentationActivityInvoker$EmptyActivity]: setView = com.android.internal.policy.DecorView@796cf5 TM=true
08-24 14:43:43.713  4585  4820 D PkgPredictorService-Collector: save one record successfully!
08-24 14:43:43.715  4585  7034 V WindowManager: Relayout Window{9bcb65b u0 com.example.dogglers/androidx.test.core.app.InstrumentationActivityInvoker$EmptyActivity}: viewVisibility=0 req=1080x2340
08-24 14:43:43.717  4585  7034 D WindowManager: isScreenshotDisabledLocked - win: Window{9bcb65b u0 com.example.dogglers/androidx.test.core.app.InstrumentationActivityInvoker$EmptyActivity}
08-24 14:43:43.717  4585  7034 D WindowManager: isScreenshotDisabledLocked: userId = 0, disabled =false
08-24 14:43:43.718  4226  4251 I SurfaceFlinger: id=88410 createSurf (1080x2340),1 flag=404, com.example.dogglers/androidx.test.core.app.InstrumentationActivityInvoker$EmptyActivity$_24159#0
08-24 14:43:43.719  4585  7034 I SurfaceControl: nativeRelease nativeObject s[535556864640]
08-24 14:43:43.719  4585  7034 I SurfaceControl: nativeRelease nativeObject e[535556864640]
08-24 14:43:43.719  9865  9865 I TrayStateController: systemUiVisibilityChanged : 0 0
08-24 14:43:43.720  4226  4251 I SurfaceFlinger: id=88411 createSurf (0x0),-1 flag=24000, Surface(name=e455c2d StatusBar)/@0x2f65071 - animation-leash#0
08-24 14:43:43.720  4585  7034 I SurfaceControl: nativeRelease nativeObject s[535556864736]
08-24 14:43:43.720  4585  7034 I SurfaceControl: nativeRelease nativeObject e[535556864736]
08-24 14:43:43.720  4585  4820 D PkgPredictorService-Collector: save one record successfully!
08-24 14:43:43.721  4226  4251 I SurfaceFlinger: id=88412 createSurf (0x0),-1 flag=24000, Surface(name=a71bb8f NavigationBar0)/@0x8f38906 - animation-leash#0
08-24 14:43:43.723  4585  7034 V WindowManager: Relayout hash=9bcb65b, pid=24159: mAttrs={(0,0)(fillxfill) sim={adjust=pan forwardNavigation} ty=BASE_APPLICATION wanim=0x1030001
08-24 14:43:43.723  4585  7034 V WindowManager:   fl=1810100
08-24 14:43:43.723  4585  7034 V WindowManager:   pfl=12020000
08-24 14:43:43.723  4585  7034 V WindowManager:   apr=LIGHT_NAVIGATION_BARS
08-24 14:43:43.723  4585  7034 V WindowManager:   fitSides= naviIconColor=0
08-24 14:43:43.723  4585  7034 V WindowManager:   sfl=100000}
08-24 14:43:43.723  4585  7034 I SurfaceControl: nativeRelease nativeObject s[535556330240]
08-24 14:43:43.723  4585  7034 I SurfaceControl: nativeRelease nativeObject e[535556330240]
08-24 14:43:43.723  4226  4251 I Layer   : id=88404 removeFromCurrentState Surface(name=e455c2d StatusBar)/@0x2f65071 - animation-leash#1 (86)
08-24 14:43:43.724  4226  4251 I Layer   : id=88405 removeFromCurrentState Surface(name=a71bb8f NavigationBar0)/@0x8f38906 - animation-leash#1 (86)
08-24 14:43:43.725 24159 24159 I SurfaceControl: assignNativeObject: nativeObject = 0 Surface(name=null)/@0xf40e371 / android.view.SurfaceControl.readFromParcel:1117 android.view.IWindowSession$Stub$Proxy.relayout:1820 android.view.ViewRootImpl.relayoutWindow:9005 android.view.ViewRootImpl.performTraversals:3360 android.view.ViewRootImpl.doTraversal:2618 android.view.ViewRootImpl$TraversalRunnable.run:9971 android.view.Choreographer$CallbackRecord.run:1010 android.view.Choreographer.doCallbacks:809 android.view.Choreographer.doFrame:744 android.view.Choreographer$FrameDisplayEventReceiver.run:995
08-24 14:43:43.726 24159 24159 I ViewRootImpl@c831d18[InstrumentationActivityInvoker$EmptyActivity]: Relayout returned: old=(0,0,1080,2340) new=(0,0,1080,2340) req=(1080,2340)0 dur=11 res=0x7 s={true 535652868096} ch=true fn=-1
08-24 14:43:43.728  4159 16850 D gralloc : [mali_gralloc_allocate] begin
08-24 14:43:43.728  4159 16850 D gralloc : buffer_descriptor: wh(1080 2340) usage_pc(0x40000000000b00 0x40000000000b00) hal_format(0x1) layer_count(1) sizes(0 0 0) strde(0) byte_stride(0) alloc_wh(0 0) internal_format(0x0) alloc_format(0x0) fd_count(1) plane_count(0)
08-24 14:43:43.729 24159 24159 I ViewRootImpl@c831d18[InstrumentationActivityInvoker$EmptyActivity]: [DP] dp(1) 1 android.view.ViewRootImpl.reportNextDraw:10957 android.view.ViewRootImpl.performTraversals:3845 android.view.ViewRootImpl.doTraversal:2618
08-24 14:43:43.729 24159 24159 I ViewRootImpl@c831d18[InstrumentationActivityInvoker$EmptyActivity]: [DP] pd() Asnyc report
08-24 14:43:43.730  4159 16850 D gralloc : [mali_gralloc_allocate] allocation successful
08-24 14:43:43.731  4159 16850 D gralloc : [mali_gralloc_allocate] begin
08-24 14:43:43.731  4159 16850 D gralloc : buffer_descriptor: wh(1080 2340) usage_pc(0x40000000000b00 0x40000000000b00) hal_format(0x1) layer_count(1) sizes(0 0 0) strde(0) byte_stride(0) alloc_wh(0 0) internal_format(0x0) alloc_format(0x0) fd_count(1) plane_count(0)
08-24 14:43:43.731  4585  4820 D PkgPredictorService-Collector: save one record successfully!
08-24 14:43:43.731 21625 22179 E YouTube : There was an error
08-24 14:43:43.731 21625 22179 E YouTube : csu: asgg: Exception in CronetUrlRequest: net::ERR_CONNECTION_REFUSED, ErrorCode=7, InternalErrorCode=-102, Retryable=false
08-24 14:43:43.731 21625 22179 E YouTube : 	at rrr.run(PG:67)
08-24 14:43:43.731 21625 22179 E YouTube : 	at java.util.concurrent.ThreadPoolExecutor.runWorker(ThreadPoolExecutor.java:1167)
08-24 14:43:43.731 21625 22179 E YouTube : 	at java.util.concurrent.ThreadPoolExecutor$Worker.run(ThreadPoolExecutor.java:641)
08-24 14:43:43.731 21625 22179 E YouTube : 	at sng.run(PG:111)
08-24 14:43:43.731 21625 22179 E YouTube : 	at java.lang.Thread.run(Thread.java:923)
08-24 14:43:43.731 21625 22179 E YouTube : Caused by: asgg: Exception in CronetUrlRequest: net::ERR_CONNECTION_REFUSED, ErrorCode=7, InternalErrorCode=-102, Retryable=false
08-24 14:43:43.731 21625 22179 E YouTube : 	at org.chromium.net.impl.CronetUrlRequest.onError(PG:4)
08-24 14:43:43.732 21625 21809 E YouTube : There was an error
08-24 14:43:43.732 21625 21809 E YouTube : csu: asgg: Exception in CronetUrlRequest: net::ERR_CONNECTION_REFUSED, ErrorCode=7, InternalErrorCode=-102, Retryable=false
08-24 14:43:43.732 21625 21809 E YouTube : 	at rrr.run(PG:67)
08-24 14:43:43.732 21625 21809 E YouTube : 	at java.util.concurrent.ThreadPoolExecutor.runWorker(ThreadPoolExecutor.java:1167)
08-24 14:43:43.732 21625 21809 E YouTube : 	at java.util.concurrent.ThreadPoolExecutor$Worker.run(ThreadPoolExecutor.java:641)
08-24 14:43:43.732 21625 21809 E YouTube : 	at sng.run(PG:111)
08-24 14:43:43.732 21625 21809 E YouTube : 	at java.lang.Thread.run(Thread.java:923)
08-24 14:43:43.732 21625 21809 E YouTube : Caused by: asgg: Exception in CronetUrlRequest: net::ERR_CONNECTION_REFUSED, ErrorCode=7, InternalErrorCode=-102, Retryable=false
08-24 14:43:43.732 21625 21809 E YouTube : 	at org.chromium.net.impl.CronetUrlRequest.onError(PG:4)
08-24 14:43:43.732 21625 21896 E YouTube : There was an error
08-24 14:43:43.732 21625 21896 E YouTube : csu: asgg: Exception in CronetUrlRequest: net::ERR_CONNECTION_REFUSED, ErrorCode=7, InternalErrorCode=-102, Retryable=false
08-24 14:43:43.732 21625 21896 E YouTube : 	at rrr.run(PG:67)
08-24 14:43:43.732 21625 21896 E YouTube : 	at java.util.concurrent.ThreadPoolExecutor.runWorker(ThreadPoolExecutor.java:1167)
08-24 14:43:43.732 21625 21896 E YouTube : 	at java.util.concurrent.ThreadPoolExecutor$Worker.run(ThreadPoolExecutor.java:641)
08-24 14:43:43.732 21625 21896 E YouTube : 	at sng.run(PG:111)
08-24 14:43:43.732 21625 21896 E YouTube : 	at java.lang.Thread.run(Thread.java:923)
08-24 14:43:43.732 21625 21896 E YouTube : Caused by: asgg: Exception in CronetUrlRequest: net::ERR_CONNECTION_REFUSED, ErrorCode=7, InternalErrorCode=-102, Retryable=false
08-24 14:43:43.732 21625 21896 E YouTube : 	at org.chromium.net.impl.CronetUrlRequest.onError(PG:4)
08-24 14:43:43.732 21625 21817 E YouTube : There was an error
08-24 14:43:43.732 21625 21817 E YouTube : csu: asgg: Exception in CronetUrlRequest: net::ERR_CONNECTION_REFUSED, ErrorCode=7, InternalErrorCode=-102, Retryable=false
08-24 14:43:43.732 21625 21817 E YouTube : 	at rrr.run(PG:67)
08-24 14:43:43.732 21625 21817 E YouTube : 	at java.util.concurrent.ThreadPoolExecutor.runWorker(ThreadPoolExecutor.java:1167)
08-24 14:43:43.732 21625 21817 E YouTube : 	at java.util.concurrent.ThreadPoolExecutor$Worker.run(ThreadPoolExecutor.java:641)
08-24 14:43:43.732 21625 21817 E YouTube : 	at sng.run(PG:111)
08-24 14:43:43.732 21625 21817 E YouTube : 	at java.lang.Thread.run(Thread.java:923)
08-24 14:43:43.732 21625 21817 E YouTube : Caused by: asgg: Exception in CronetUrlRequest: net::ERR_CONNECTION_REFUSED, ErrorCode=7, InternalErrorCode=-102, Retryable=false
08-24 14:43:43.732 21625 21817 E YouTube : 	at org.chromium.net.impl.CronetUrlRequest.onError(PG:4)
08-24 14:43:43.734 21625 21896 E YouTube : There was an error
08-24 14:43:43.734 21625 21896 E YouTube : csu: asgg: Exception in CronetUrlRequest: net::ERR_CONNECTION_REFUSED, ErrorCode=7, InternalErrorCode=-102, Retryable=false
08-24 14:43:43.734 21625 21896 E YouTube : 	at rrr.run(PG:67)
08-24 14:43:43.734 21625 21896 E YouTube : 	at java.util.concurrent.ThreadPoolExecutor.runWorker(ThreadPoolExecutor.java:1167)
08-24 14:43:43.734 21625 21896 E YouTube : 	at java.util.concurrent.ThreadPoolExecutor$Worker.run(ThreadPoolExecutor.java:641)
08-24 14:43:43.734 21625 21896 E YouTube : 	at sng.run(PG:111)
08-24 14:43:43.734 21625 21896 E YouTube : 	at java.lang.Thread.run(Thread.java:923)
08-24 14:43:43.734 21625 21896 E YouTube : Caused by: asgg: Exception in CronetUrlRequest: net::ERR_CONNECTION_REFUSED, ErrorCode=7, InternalErrorCode=-102, Retryable=false
08-24 14:43:43.734 21625 21896 E YouTube : 	at org.chromium.net.impl.CronetUrlRequest.onError(PG:4)
08-24 14:43:43.734  4159 16850 D gralloc : [mali_gralloc_allocate] allocation successful
08-24 14:43:43.736  4159 16850 D gralloc : [mali_gralloc_allocate] begin
08-24 14:43:43.736  4159 16850 D gralloc : buffer_descriptor: wh(1080 2340) usage_pc(0x40000000000b00 0x40000000000b00) hal_format(0x1) layer_count(1) sizes(0 0 0) strde(0) byte_stride(0) alloc_wh(0 0) internal_format(0x0) alloc_format(0x0) fd_count(1) plane_count(0)
08-24 14:43:43.738 24159 24159 I ViewRootImpl@c831d18[InstrumentationActivityInvoker$EmptyActivity]: [DP] pdf(0) 1 android.view.ViewRootImpl.lambda$performDraw$1$ViewRootImpl:4668 android.view.-$$Lambda$ViewRootImpl$DJd0VUYJgsebcnSohO6h8zc_ONI.run:6 android.os.Handler.handleCallback:938
08-24 14:43:43.738 24159 24159 I ViewRootImpl@c831d18[InstrumentationActivityInvoker$EmptyActivity]: [DP] rdf()
08-24 14:43:43.740  4585  4820 D PkgPredictorService-Collector: save one record successfully!
08-24 14:43:43.741 24159 24159 I ViewRootImpl@b5617f1[GridListActivity]: MSG_WINDOW_FOCUS_CHANGED 0 1
08-24 14:43:43.743  4585  4613 D PkgPredictorService: pkg:com.example.dogglers activity:androidx.test.core.app.InstrumentationActivityInvoker$EmptyActivity thisTime:117
08-24 14:43:43.743  4159 16850 D gralloc : [mali_gralloc_allocate] allocation successful
08-24 14:43:43.747 24159 24159 I SurfaceControl: nativeRelease nativeObject s[535692241088]
08-24 14:43:43.747 24159 24159 I SurfaceControl: nativeRelease nativeObject e[535692241088]
08-24 14:43:43.747 24159 24159 I SurfaceControl: nativeRelease nativeObject s[537807157568]
08-24 14:43:43.747 24159 24159 I SurfaceControl: nativeRelease nativeObject e[537807157568]
08-24 14:43:43.747 24159 24159 I SurfaceControl: nativeRelease nativeObject s[537807156800]
08-24 14:43:43.747 24159 24159 I SurfaceControl: nativeRelease nativeObject e[537807156800]
08-24 14:43:43.747  4226  5359 I SurfaceFlinger: id=88405 Removed Surface(name=a71bb8f NavigationBar0)/@0x8f38906 - animation-leash#1 (86)
08-24 14:43:43.747  4226  4251 I SurfaceFlinger: id=88404 Removed Surface(name=e455c2d StatusBar)/@0x2f65071 - animation-leash#1 (86)
08-24 14:43:43.751  4585  4820 D PkgPredictorService-Collector: save one record successfully!
08-24 14:43:43.756  4226  4226 I Layer   : id=88404[1] Destroyed Surface(name=e455c2d StatusBar)/@0x2f65071 - animation-leash#1
08-24 14:43:43.756  4226  4226 I Layer   : id=88405[1] Destroyed Surface(name=a71bb8f NavigationBar0)/@0x8f38906 - animation-leash#1
08-24 14:43:43.757  4585  4820 D PkgPredictorService-Collector: save one record successfully!
08-24 14:43:43.764  4585  4820 D PkgPredictorService-Collector: save one record successfully!
08-24 14:43:43.770  4585  4820 D PkgPredictorService-Collector: save one record successfully!
08-24 14:43:43.776  4585  4820 D PkgPredictorService-Collector: save one record successfully!
08-24 14:43:43.782  4585  4820 D PkgPredictorService-Collector: save one record successfully!
08-24 14:43:43.787  4585  4820 D PkgPredictorService-Collector: save one record successfully!
08-24 14:43:43.795  4585  4820 D PkgPredictorService-Collector: save one record successfully!
08-24 14:43:43.802  4585  4820 D PkgPredictorService-Collector: save one record successfully!
08-24 14:43:43.810  4585  4820 D PkgPredictorService-Collector: save one record successfully!
08-24 14:43:43.816  4585  4820 D PkgPredictorService-Collector: save one record successfully!
08-24 14:43:43.824  4585  4820 D PkgPredictorService-Collector: save one record successfully!
08-24 14:43:43.831  4585  4820 D PkgPredictorService-Collector: save one record successfully!
08-24 14:43:43.838  4585  4820 D PkgPredictorService-Collector: save one record successfully!
08-24 14:43:43.845  4585  4820 D PkgPredictorService-Collector: save one record successfully!
08-24 14:43:43.851  4585  4820 D PkgPredictorService-Collector: save one record successfully!
08-24 14:43:43.856  4585  4820 D PkgPredictorService-Collector: save one record successfully!
08-24 14:43:43.862  4585  4820 D PkgPredictorService-Collector: save one record successfully!
08-24 14:43:43.868  4585  4820 D PkgPredictorService-Collector: save one record successfully!
08-24 14:43:43.871  4141  4265 E Netd    : getNetworkForDns: getNetId from enterpriseCtrl is netid 0
08-24 14:43:43.875  4141  4265 E Netd    : getNetworkForDns: getNetId from enterpriseCtrl is netid 0
08-24 14:43:43.876  4585  4820 D PkgPredictorService-Collector: save one record successfully!
08-24 14:43:43.882  4585  4820 D PkgPredictorService-Collector: save one record successfully!
08-24 14:43:43.887  4585  4820 D PkgPredictorService-Collector: save one record successfully!
08-24 14:43:43.893  4585  4820 D PkgPredictorService-Collector: save one record successfully!
08-24 14:43:43.902  4585  4820 D PkgPredictorService-Collector: save one record successfully!
08-24 14:43:43.909  4585  4820 D PkgPredictorService-Collector: save one record successfully!
08-24 14:43:43.917  4585  4613 I SemDvfsHyPerManager: acquire hyper - AMS_RESUME_TAIL/4585@18, type = -999
08-24 14:43:43.917  4175  4211 I HYPER-HAL: [RequestManager.cpp]acquire(): Acquired ID : 10596124  [4585 / 18]    HINT : AMS_RESUME_TAIL    list :
08-24 14:43:43.918  4175  4211 I HYPER-HAL: [ResourceManager.cpp]updateResource(): [CPUMinFreq] UpdateResource Request ID : 10596124    Value : 1768000
08-24 14:43:43.917  4585  4617 I ActivityTaskManager: Displayed com.example.dogglers/androidx.test.core.app.InstrumentationActivityInvoker$EmptyActivity: +117ms
08-24 14:43:43.918  4585  4613 I SemDvfsHyPerManager: acquire hyper - AMS_ACT_LAZY/4585@19, type = -999
08-24 14:43:43.918  4175  4211 I HYPER-HAL: [RequestManager.cpp]acquire(): Acquired ID : 10600729  [4585 / 19]    HINT :      list :
08-24 14:43:43.919  4175  4211 E HYPER-HAL: [Request.cpp]acquire(): Request:: id : 10600729, No Resource to set
08-24 14:43:43.919  4175  4211 I HYPER-HAL: [ResourceManager.cpp]removeResource(): [CPUMinFreq] RemoveResource Request ID : 10586917
08-24 14:43:43.919  4175  4211 I HYPER-HAL: [RequestManager.cpp]releaseLocked(): Released ID : 10586917
08-24 14:43:43.923  4585  7040 I InputDispatcher: Focus entered window (24159): 9bcb65b in display 0 0
08-24 14:43:43.925  4226  4248 E BufferQueueProducer: [com.example.dogglers/com.example.dogglers.GridListActivity$_24159#0](id:10820000494b,api:0,p:-1,c:4226) disconnect: not connected (req=1)
08-24 14:43:43.926 24159 24214 W libEGL  : EGLNativeWindowType 0x7cb9c8d010 disconnect failed
08-24 14:43:43.927  4585  5390 V WindowManager: Relayout Window{31c08d9 u0 com.example.dogglers/com.example.dogglers.GridListActivity}: viewVisibility=8 req=1080x2340
