08-24 14:43:44.890  7388  7388 I HBD     : HoneyBoardService [IMI] onStartInput - caller pid : 24159 , caller uid : 10574
08-24 14:43:44.890  7388  7388 I HBD     : i updateConfigs
08-24 14:43:44.890  7388  7388 I HBD     : i isEnabledNightMode : false
08-24 14:43:44.890  7388  7388 I HBD     : a IC have been binded, InputConnectionWrapper{idHash=#fc8e0b1 mMissingMethods=}
08-24 14:43:44.892  4226  5359 I Layer   : id=88428 removeFromCurrentState Surface(name=a3a0629 InputMethod)/@0x54f474f - animation-leash#0 (85)
08-24 14:43:44.894 21625 21625 I SurfaceControl: nativeRelease nativeObject s[537816938688]
08-24 14:43:44.894 21625 21625 I SurfaceControl: nativeRelease nativeObject e[537816938688]
08-24 14:43:44.894  4226  4601 I SurfaceFlinger: id=88428 Removed Surface(name=a3a0629 InputMethod)/@0x54f474f - animation-leash#0 (85)
08-24 14:43:44.897  7388  7388 I HBD     : h [EditorInputType]setPrivateImeOptionsToTable privateImeOptions ( null )
08-24 14:43:44.897  7388  7388 I HBD     : b incognitoMode : false
08-24 14:43:44.898  7388  7388 I HBD     : a needOff = true , isForceOff = false, isNullInputClass : true
08-24 14:43:44.904  7388  7388 I HBD     : h getDefaultInputRange : UNKNOWN
08-24 14:43:44.904  7388  7388 I HBD     : h getDefaultInputRange : UNKNOWN
08-24 14:43:44.904  7388  7388 I HBD     : h getDefaultInputRange : UNKNOWN
08-24 14:43:44.906  4585  7040 D SdpManagerService: Not an enterprise user : 0
08-24 14:43:44.906  4585  7040 D SdpManagerService: Not an enterprise user : 0
08-24 14:43:44.908  7388  7388 I HBD     : h getDefaultInputRange : UNKNOWN
08-24 14:43:44.909  7388  7388 I HBD     : a currentState : 0
08-24 14:43:44.909  4226  4226 I Layer   : id=88428[1] Destroyed Surface(name=a3a0629 InputMethod)/@0x54f474f - animation-leash#0
08-24 14:43:44.913  7388  7388 I HBD     : h load selected json info : {"version":"1.0","currentLanguageOrder":0,"selected":[{"activeOptionList":["auto_replace","auto_spacing"],"engName":"Russian","id":3342336,"inputType":"qwerty","isUsed":true},{"activeOptionList":["auto_replace","auto_spacing"],"engName":"English","id":65537,"inputType":"qwerty","isUsed":true}]}
08-24 14:43:44.914  7388  7388 I HBD     : a [UpdatePolicy] [post] a: 0 cl: 3342336 kit: [0/0] vt: 0 ir: 1
08-24 14:43:44.919  4226  4226 D SurfaceFlinger: Display 0 HWC layers:
08-24 14:43:44.919  4226  4226 D SurfaceFlinger:      DEVICE | 0x78512376c0 | 0000 | RGBA_8888    |    0.0   69.0 1080.0 2340.0 |    0    0 1080 2271 | com.google.android.youtube/com.googl[...]tchwhile.WatchWhileActivity$_21625#0
08-24 14:43:44.919  4226  4226 D SurfaceFlinger:  SOLID_COLOR |              | 0000 |  Unknown  |    0.0    0.0    0.0    0.0 |    0    0 1080 2340 | Dim Layer for - DefaultTaskDisplayArea - animating-dim#0
08-24 14:43:44.919  4226  4226 D SurfaceFlinger:      DEVICE | 0x77ce815540 | 0002 | RGBA_8888    |    0.0    0.0 1080.0 2339.0 |    0    1 1080 2340 | com.example.dogglers/com.example.dogglers.GridListActivity$_24159#0
08-24 14:43:44.919  4226  4226 D SurfaceFlinger:      DEVICE | 0x77ce815400 | 0002 | RGBA_8888    |    0.0    0.0 1080.0 2339.0 |    0    1 1080 2340 | Splash Screen com.example.dogglers#0
08-24 14:43:44.919  4226  4226 D SurfaceFlinger:      DEVICE | 0x77ce816940 | 0000 | RGBA_8888    |    0.0    0.0 1080.0   83.0 |    0    0 1080   83 | StatusBar$_4896#0
08-24 14:43:44.919  4226  4226 D SurfaceFlinger:      DEVICE | 0x77ce8157c0 | 0000 | RGBA_8888    |    0.0    0.0   67.0  342.0 |    0  746   67 1088 | com.samsung.android.app.cocktailbars[...]arservice.CocktailBarService$_9865#0
08-24 14:43:44.919  4226  4226 D SurfaceFlinger:      DEVICE | 0x7851238200 | 0000 | RGBA_8888
08-24 14:43:44.919  4226  4226 D SurfaceFlinger: |    0.0    0.0  388.0   39.0 |  692 2301 1080 2340 | SGestureOverlayWindow$_5408#0
08-24 14:43:44.919  4226  4226 D SurfaceFlinger:      DEVICE | 0x77ce816800 | 0000 | RGBA_8888    |    0.0    0.0 1080.0  126.0 |    0 2214 1080 2340 | NavigationBar0$_4896#0
08-24 14:43:44.919  4226  4226 D SurfaceFlinger:      DEVICE | 0x77ce814b40 | 0000 | RGBA_8888    |    0.0    0.0 1080.0  151.0 |    0    0 1080  151 | ScreenDecorOverlay$_4896#0
08-24 14:43:44.919  4226  4226 D SurfaceFlinger:      DEVICE | 0x77ce817d40 | 0000 | RGBA_8888    |    0.0    0.0 1080.0  151.0 |    0 2189 1080 2340 | ScreenDecorOverlayBottom$_4896#0
08-24 14:43:44.919  4226  4226 D SurfaceFlinger:
08-24 14:43:44.921  7388  7388 I HBD     : HoneyBoardService [PF_OP][onStartInput]  31029385 ns
08-24 14:43:44.925  4585  4613 I SurfaceControl: nativeRelease nativeObject s[537628418752]
08-24 14:43:44.925  4585  4613 I SurfaceControl: nativeRelease nativeObject e[537628418752]
08-24 14:43:44.926  4585  4613 I SurfaceControl: nativeRelease nativeObject s[535579927264]
08-24 14:43:44.926  4585  4613 I SurfaceControl: nativeRelease nativeObject e[535579927264]
08-24 14:43:44.932  4226  4226 D SurfaceFlinger: Display 0 HWC layers:
08-24 14:43:44.932  4226  4226 D SurfaceFlinger:      DEVICE | 0x77ce815540 | 0002 | RGBA_8888    |    0.0    0.0 1080.0 2340.0 |    0    0 1080 2340 | com.example.dogglers/com.example.dogglers.GridListActivity$_24159#0
08-24 14:43:44.932  4226  4226 D SurfaceFlinger:      DEVICE | 0x77ce815400 | 0002 | RGBA_8888    |    0.0    0.0 1080.0 2340.0 |    0    0 1080 2340 | Splash Screen com.example.dogglers#0
08-24 14:43:44.932  4226  4226 D SurfaceFlinger:      DEVICE | 0x77ce815e00 | 0000 | RGBA_8888    |    0.0    0.0 1080.0   83.0 |    0    0 1080   83 | StatusBar$_4896#0
08-24 14:43:44.932  4226  4226 D SurfaceFlinger:      DEVICE | 0x77ce8157c0 | 0000 | RGBA_8888    |    0.0    0.0   67.0  342.0 |    0  746   67 1088 | com.samsung.android.app.cocktailbars[...]arservice.CocktailBarService$_9865#0
08-24 14:43:44.932  4226  4226 D SurfaceFlinger:      DEVICE | 0x7851238200 | 0000 | RGBA_8888    |    0.0    0.0  388.0   39.0 |  692 2301 1080 2340 | SGestureOverlayWindow$_5408#0
08-24 14:43:44.932  4226  4226 D SurfaceFlinger:      DEVICE | 0x77ce815f40 | 0000 | RGBA_8888    |    0.0    0.0 1080.0  126.0 |    0 2214 1080 2340 | NavigationBar0$_4896#0
08-24 14:43:44.932  4226  4226 D SurfaceFlinger:      DEVICE | 0x77ce814b40 | 0000 | RGBA_8888    |    0.0    0.0 1080.0  151.0 |    0    0 1080  151 | ScreenDecorOverlay$_4896#0
08-24 14:43:44.932  4226  4226 D SurfaceFlinger:
08-24 14:43:44.932  4226  4226 D SurfaceFlinger:      DEVICE | 0x77ce817d40 | 0000 | RGBA_8888    |    0.0    0.0 1080.0  151.0 |    0 2189 1080 2340 | ScreenDecorOverlayBottom$_4896#0
08-24 14:43:44.932  4226  4226 D SurfaceFlinger:
08-24 14:43:44.933  4585  4613 I SurfaceControl: nativeRelease nativeObject s[535581062592]
08-24 14:43:44.933  4585  4613 I SurfaceControl: nativeRelease nativeObject e[535581062592]
08-24 14:43:44.936  4226  5357 I Layer   : id=88433 removeFromCurrentState Surface(name=Task=1559)/@0xb313bde - animation-leash#0 (84)
08-24 14:43:44.936  4226  5357 I Layer   : id=88436 removeFromCurrentState Surface(name=Task=1569)/@0xb07269a - animation-leash#0 (84)
08-24 14:43:44.936  4226  5357 I Layer   : id=88429 removeFromCurrentState Task=1569#0 (84)
08-24 14:43:44.936  4226  5357 I Layer   : id=88430 removeFromCurrentState ActivityRecord{7e5ff00 u0 com.example.dogglers/androidx.test.core.app.InstrumentationActivityInvoker$BootstrapActivity t1569}#0 (84)
08-24 14:43:44.936  4226  5357 I Layer   : id=88440 removeFromCurrentState ActivityRecord{7466a4a u0 com.example.dogglers/.GridListActivity t1569}#0 (84)
08-24 14:43:44.937  4226  5357 I Layer   : id=88441 removeFromCurrentState 6fa658f com.example.dogglers/com.example.dogglers.GridListActivity#0 (84)
08-24 14:43:44.937  4226  5357 I Layer   : id=88442 removeFromCurrentState com.example.dogglers/com.example.dogglers.GridListActivity$_24159#0 (84)
08-24 14:43:44.937  4226  5357 I Layer   : id=88445 removeFromCurrentState Surface(name=12b5219 Splash Screen com.example.dogglers)/@0xc99fdbb - animation-leash#0 (84)
08-24 14:43:44.937  4226  5357 I Layer   : id=88431 removeFromCurrentState 12b5219 Splash Screen com.example.dogglers#0 (84)
08-24 14:43:44.937  4226  5357 I Layer   : id=88432 removeFromCurrentState Splash Screen com.example.dogglers#0 (84)
08-24 14:43:44.937  4226  5357 I Layer   : id=15 removeFromCurrentState ImeContainer#0 (84)
08-24 14:43:44.937  4226  5357 I Layer   : id=60 removeFromCurrentState WindowToken{c668d7f android.os.Binder@7980e9e}#0 (84)
08-24 14:43:44.937  4226  5357 I Layer   : id=88446 removeFromCurrentState Surface(name=a3a0629 InputMethod)/@0x54f474f - animation-leash#1 (84)
08-24 14:43:44.937  4226  5357 I Layer   : id=78 removeFromCurrentState a3a0629 InputMethod#0 (84)
08-24 14:43:44.937  4226  5357 I Layer   : id=88429 addToCurrentState Task=1569#0 (84)
08-24 14:43:44.937  4226  5357 I Layer   : id=88430 addToCurrentState ActivityRecord{7e5ff00 u0 com.example.dogglers/androidx.test.core.app.InstrumentationActivityInvoker$BootstrapActivity t1569}#0 (84)
08-24 14:43:44.937  4226  5357 I Layer   : id=88440 addToCurrentState ActivityRecord{7466a4a u0 com.example.dogglers/.GridListActivity t1569}#0 (84)
08-24 14:43:44.937  4226  5357 I Layer   : id=88441 addToCurrentState 6fa658f com.example.dogglers/com.example.dogglers.GridListActivity#0 (84)
08-24 14:43:44.937  4226  5357 I Layer   : id=88442 addToCurrentState com.example.dogglers/com.example.dogglers.GridListActivity$_24159#0 (84)
08-24 14:43:44.937  4226  5357 I Layer   : id=88445 addToCurrentState Surface(name=12b5219 Splash Screen com.example.dogglers)/@0xc99fdbb - animation-leash#0 (84)
08-24 14:43:44.937  4226  5357 I Layer   : id=88431 addToCurrentState 12b5219 Splash Screen com.example.dogglers#0 (84)
08-24 14:43:44.937  4226  5357 I Layer   : id=88432 addToCurrentState Splash Screen com.example.dogglers#0 (84)
08-24 14:43:44.937  4226  5357 I Layer   : id=15 addToCurrentState ImeContainer#0 (84)
08-24 14:43:44.937  4226  5357 I Layer   : id=60 addToCurrentState WindowToken{c668d7f android.os.Binder@7980e9e}#0 (84)
08-24 14:43:44.937  4226  5357 I Layer   : id=88446 addToCurrentState Surface(name=a3a0629 InputMethod)/@0x54f474f - animation-leash#1 (84)
08-24 14:43:44.937  4226  5357 I Layer   : id=78 addToCurrentState a3a0629 InputMethod#0 (84)
08-24 14:43:44.937  4226  5357 I Layer   : id=88434 removeFromCurrentState Dim Layer for - DefaultTaskDisplayArea - animating-dim#0 (84)
08-24 14:43:44.937  4226  5357 I SurfaceFlinger: id=88433 Removed Surface(name=Task=1559)/@0xb313bde - animation-leash#0 (84)
08-24 14:43:44.937  4226  5357 I SurfaceFlinger: id=88436 Removed Surface(name=Task=1569)/@0xb07269a - animation-leash#0 (84)
08-24 14:43:44.937  4226  4601 I SurfaceFlinger: id=88434 Removed Dim Layer for - DefaultTaskDisplayArea - animating-dim#0 (84)
08-24 14:43:44.942  4226  4226 I Layer   : id=88434[1] Destroyed Dim Layer for - DefaultTaskDisplayArea - animating-dim#0
08-24 14:43:44.942 21625 21625 I SurfaceView: onWindowVisibilityChanged(8) false android.view.SurfaceView{c9edee9 V.E...... ......ID 0,0-1080,607} of ViewRootImpl@b7edacd[WatchWhileActivity]
08-24 14:43:44.942  4226  4226 I Layer   : id=88433[1] Destroyed Surface(name=Task=1559)/@0xb313bde - animation-leash#0
08-24 14:43:44.942  4226  4226 I Layer   : id=88436[1] Destroyed Surface(name=Task=1569)/@0xb07269a - animation-leash#0
08-24 14:43:44.943 21625 21625 I SurfaceView: surfaceDestroyed callback.size 1 #2 android.view.SurfaceView{c9edee9 V.E...... ......ID 0,0-1080,607}
08-24 14:43:44.945 21625 21625 I SurfaceView: remove() android.view.SurfaceView{c9edee9 V.E...... ......ID 0,0-1080,607} Surface(name=SurfaceView - com.google.android.youtube/com.google.android.apps.youtube.app.watchwhile.WatchWhileActivity@c9edee9@9)/@0xdd19fb5
08-24 14:43:44.945 21625 21625 I SurfaceControl: nativeRelease nativeObject s[537816941664]
08-24 14:43:44.945  4585  4613 I SurfaceControl: nativeRelease nativeObject s[535581061728]
08-24 14:43:44.945 21625 21625 I SurfaceControl: nativeRelease nativeObject e[537816941664]
08-24 14:43:44.945  4585  4613 I SurfaceControl: nativeRelease nativeObject e[535581061728]
08-24 14:43:44.945 21625 21625 I SurfaceControl: nativeRelease nativeObject s[537816942432]
08-24 14:43:44.945 21625 21625 I SurfaceControl: nativeRelease nativeObject e[537816942432]
08-24 14:43:44.945  4226  4601 I Layer   : id=88426 removeFromCurrentState Background for -SurfaceView - com.google.android.youtube/com.google.android.apps.youtube.app.watchwhile.WatchWhileActivity@c9edee9@9#0 (81)
08-24 14:43:44.946  4585  4613 I SurfaceControl: nativeRelease nativeObject s[535579918912]
08-24 14:43:44.946  4585  4613 I SurfaceControl: nativeRelease nativeObject e[535579918912]
08-24 14:43:44.947  4226  4248 I SurfaceFlinger: id=88426 Removed Background for -SurfaceView - com.google.android.youtube/com.google.android.apps.youtube.app.watchwhile.WatchWhileActivity@c9edee9@9#0 (81)
08-24 14:43:44.947  4226  4248 I SurfaceFlinger: id=88425 Removed SurfaceView - com.google.android.youtube/com.google.android.apps.youtube.app.watchwhile.WatchWhileActivity@c9edee9@9#0 (81)
08-24 14:43:44.948  4226  4601 I Layer   : id=88432 removeFromCurrentState Splash Screen com.example.dogglers#0 (81)
08-24 14:43:44.948  4585  4613 I SurfaceControl: nativeRelease nativeObject s[535556331008]
08-24 14:43:44.948  4585  4613 I SurfaceControl: nativeRelease nativeObject e[535556331008]
08-24 14:43:44.949  4226  4226 D SurfaceFlinger: Display 0 HWC layers:
08-24 14:43:44.949  4226  4226 D SurfaceFlinger:      DEVICE | 0x77ce815540 | 0002 | RGBA_8888    |    0.0    0.0 1080.0 2340.0 |    0    0 1080 2340 | com.example.dogglers/com.example.dogglers.GridListActivity$_24159#0
08-24 14:43:44.949  4226  4226 D SurfaceFlinger:      DEVICE | 0x77ce815e00 | 0000 | RGBA_8888    |    0.0    0.0 1080.0   83.0 |    0    0 1080   83 | StatusBar$_4896#0
08-24 14:43:44.949  4226  4226 D SurfaceFlinger:      DEVICE | 0x77ce8157c0 | 0000 | RGBA_8888    |    0.0    0.0   67.0  342.0 |    0  746   67 1088 | com.samsung.android.app.cocktailbars[...]arservice.CocktailBarService$_9865#0
08-24 14:43:44.949  4226  4226 D SurfaceFlinger:      DEVICE | 0x7851238200 | 0000 | RGBA_8888    |    0.0    0.0  388.0   39.0 |  692 2301 1080 2340 | SGestureOverlayWindow$_5408#0
08-24 14:43:44.949  4226  4226 D SurfaceFlinger:      DEVICE | 0x77ce816a80 | 0000 | RGBA_8888    |    0.0    0.0 1080.0  126.0 |    0 2214 1080 2340 | NavigationBar0$_4896#0
08-24 14:43:44.949  4226  4226 D SurfaceFlinger:      DEVICE | 0x77ce814b40 | 0000 | RGBA_8888    |    0.0    0.0 1080.0  151.0 |    0    0 1080  151 | ScreenDecorOverlay$_4896#0
08-24 14:43:44.949  4226  4226 D SurfaceFlinger:      DEVICE | 0x77ce817d40 | 0000 | RGBA_8888    |    0.0    0.0 1080.0  151.0 |    0 2189 1080 2340 | ScreenDecorOverlayBottom$_4896#0
08-24 14:43:44.949  4226  4226 D SurfaceFlinger:
08-24 14:43:44.951  4226  5357 I Layer   : id=88431 removeFromCurrentState 12b5219 Splash Screen com.example.dogglers#0 (81)
08-24 14:43:44.951  4226  5357 I Layer   : id=88445 removeFromCurrentState Surface(name=12b5219 Splash Screen com.example.dogglers)/@0xc99fdbb - animation-leash#0 (81)
08-24 14:43:44.952  4226  5357 E BufferQueueProducer: [com.google.android.youtube/com.google.android.apps.youtube.app.watchwhile.WatchWhileActivity$_21625#0](id:10820000494e,api:0,p:-1,c:4226) disconnect: not connected (req=1)
08-24 14:43:44.952  4226  5357 I SurfaceFlinger: id=88431 Removed 12b5219 Splash Screen com.example.dogglers#0 (81)
08-24 14:43:44.954 21625 21862 W libEGL  : EGLNativeWindowType 0x7c930a9010 disconnect failed
08-24 14:43:44.955  4585  7040 D SamsungIMMSHWKeyboard: isConnectedDexOnPC false
08-24 14:43:44.955 24159 24159 I SurfaceControl: nativeRelease nativeObject s[535692236864]
08-24 14:43:44.955 24159 24159 I SurfaceControl: nativeRelease nativeObject e[535692236864]
08-24 14:43:44.955 24159 24159 I SurfaceControl: nativeRelease nativeObject s[537807157568]
08-24 14:43:44.955 24159 24159 I SurfaceControl: nativeRelease nativeObject e[537807157568]
08-24 14:43:44.955  4226  5359 I SurfaceFlinger: id=88445 Removed Surface(name=12b5219 Splash Screen com.example.dogglers)/@0xc99fdbb - animation-leash#0 (81)
08-24 14:43:44.955  4226  5359 I SurfaceFlinger: id=88432 Removed Splash Screen com.example.dogglers#0 (81)
08-24 14:43:44.959  4585  7112 V WindowManager: Relayout Window{911a194 u0 com.google.android.youtube/com.google.android.apps.youtube.app.watchwhile.WatchWhileActivity}: viewVisibility=8 req=1080x2340
08-24 14:43:44.959  4226  4226 I Layer   : id=88426[1] Destroyed Background for -SurfaceView - com.google.android.youtube/com.google.android.apps.youtube.app.watchwhile.WatchWhileActivity@c9edee9@9#0
08-24 14:43:44.960  4226  4226 I Layer   : id=88445[1] Destroyed Surface(name=12b5219 Splash Screen com.example.dogglers)/@0xc99fdbb - animation-leash#0
08-24 14:43:44.960  4226  4226 I Layer   : id=88431[1] Destroyed 12b5219 Splash Screen com.example.dogglers#0
08-24 14:43:44.960  4226  4226 I Layer   : id=88432[1] Destroyed Splash Screen com.example.dogglers#0
08-24 14:43:44.961 24159 24159 I ViewInteraction: Checking 'MatchesViewAssertion{viewMatcher=(view has effective visibility <VISIBLE> and view.getGlobalVisibleRect() to return non-empty rectangle)}' assertion on view an instance of android.widget.TextView and view.getText() with or without transformation to match: is "Bella"
08-24 14:43:44.962  4585  7040 D InputMethodManagerService: isImeSwitcherDisabledPackage : false
08-24 14:43:44.963  4585  7112 V WindowManager: Relayout hash=911a194, pid=21625: mAttrs={(0,0)(fillxfill) sim={adjust=resize} layoutInDisplayCutoutMode=shortEdges ty=BASE_APPLICATION fmt=TRANSLUCENT wanim=0x1030304 sysuil=true
08-24 14:43:44.963  4585  7112 V WindowManager:   fl=81810100
08-24 14:43:44.963  4585  7112 V WindowManager:   pfl=12020000
08-24 14:43:44.963  4585  7112 V WindowManager:   vsysui=3710
08-24 14:43:44.963  4585  7112 V WindowManager:   apr=LIGHT_STATUS_BARS LIGHT_NAVIGATION_BARS
08-24 14:43:44.963  4585  7112 V WindowManager:   bhv=SHOW_TRANSIENT_BARS_BY_SWIPE
08-24 14:43:44.963  4585  7112 V WindowManager:   fitSides= naviIconColor=0}
08-24 14:43:44.964 21625 21625 I SurfaceControl: nativeRelease nativeObject s[537816941280]
08-24 14:43:44.965 21625 21625 I SurfaceControl: nativeRelease nativeObject e[537816941280]
08-24 14:43:44.965 21625 21625 I SurfaceControl: assignNativeObject: nativeObject = 0 Surface(name=null)/@0x10ea726 / android.view.SurfaceControl.readFromParcel:1117 android.view.IWindowSession$Stub$Proxy.relayout:1810 android.view.ViewRootImpl.relayoutWindow:9005 android.view.ViewRootImpl.performTraversals:3360 android.view.ViewRootImpl.doTraversal:2618 android.view.ViewRootImpl$TraversalRunnable.run:9971 android.view.Choreographer$CallbackRecord.run:1010 android.view.Choreographer.doCallbacks:809 android.view.Choreographer.doFrame:744 android.view.Choreographer$FrameDisplayEventReceiver.run:995
08-24 14:43:44.966 21625 21625 I SurfaceControl: assignNativeObject: nativeObject = 0 Surface(name=null)/@0x3a5f6d6 / android.view.SurfaceControl.readFromParcel:1117 android.view.IWindowSession$Stub$Proxy.relayout:1820 android.view.ViewRootImpl.relayoutWindow:9005 android.view.ViewRootImpl.performTraversals:3360 android.view.ViewRootImpl.doTraversal:2618 android.view.ViewRootImpl$TraversalRunnable.run:9971 android.view.Choreographer$CallbackRecord.run:1010 android.view.Choreographer.doCallbacks:809 android.view.Choreographer.doFrame:744 android.view.Choreographer$FrameDisplayEventReceiver.run:995
08-24 14:43:44.966 21625 21625 I SurfaceControl: nativeRelease nativeObject s[537830551712]
08-24 14:43:44.966 21625 21625 I SurfaceControl: nativeRelease nativeObject e[537830551712]
08-24 14:43:44.966  4226  4248 I SurfaceFlinger: id=88424 Removed Bounds for - com.google.android.youtube/com.google.android.apps.youtube.app.watchwhile.WatchWhileActivity@9#0 (77)
08-24 14:43:44.967 21625 21625 I ViewRootImpl@b7edacd[WatchWhileActivity]: Relayout returned: old=(0,0,1080,2340) new=(0,0,1080,2340) req=(1080,2340)8 dur=12 res=0x5 s={false 0} ch=true fn=27
08-24 14:43:44.968 21625 21625 I SurfaceView: windowStopped(true) false android.view.SurfaceView{c9edee9 V.E...... ......ID 0,0-1080,607} of ViewRootImpl@b7edacd[WatchWhileActivity]
08-24 14:43:44.973  4217  4353 V APM_AudioPolicyManager: setAppState(portId:11856, state:1)
08-24 14:43:44.973  4217  4353 V APM_AudioPolicyManager: setAppState(portId:11883, state:2)
08-24 14:43:44.973  4217  4353 V APM_AudioPolicyManager: setAppState(portId:11856, state:1)
08-24 14:43:44.973  4217  4353 V APM_AudioPolicyManager: setAppState(portId:11883, state:2)
08-24 14:43:44.974 21625 21625 I ViewRootImpl@b7edacd[WatchWhileActivity]: stopped(true) old=false
08-24 14:43:44.979 24159 24159 D LifecycleMonitor: Lifecycle status change: androidx.test.core.app.InstrumentationActivityInvoker$BootstrapActivity@c4266c7 in: STOPPED
08-24 14:43:44.979 24159 24159 V ActivityScenario: Activity lifecycle changed event received but ignored because the intent does not match. startActivityIntent=Intent { act=android.intent.action.MAIN cat=[android.intent.category.LAUNCHER] cmp=com.example.dogglers/.GridListActivity }, activity.getIntent()=Intent { act=android.intent.action.MAIN cat=[android.intent.category.LAUNCHER] flg=0x10008000 cmp=com.example.dogglers/androidx.test.core.app.InstrumentationActivityInvoker$BootstrapActivity (has extras) }, activity=androidx.test.core.app.InstrumentationActivityInvoker$BootstrapActivity@c4266c7
08-24 14:43:44.980  4585  7096 I SemDvfsHyPerManager: acquire hyper - AMS_ACT_START/4585@16, type = -999
08-24 14:43:44.981  4175  4211 I HYPER-HAL: [RequestManager.cpp]acquire(): Acquired ID : 10586917  [4585 / 16]    HINT : AMS_ACT_START    list :
08-24 14:43:44.982  4226  4251 I SurfaceFlinger: id=88447 createSurf (0x0),-1 flag=80004, ActivityRecord{e15d7b u0 com.example.dogglers/androidx.test.core.app.InstrumentationActivityInvoker$EmptyActivity t1569}#0
08-24 14:43:44.984  4175  4211 I HYPER-HAL: [ResourceManager.cpp]updateResource(): [CPUMinFreq] UpdateResource Request ID : 10586917    Value : 2314000
08-24 14:43:44.991  4140  4146 E statsd  : Predicate -7037417284711607308 dropping data for dimension key (10)0x2010101->10574[I] (10)0x30000->*launch*[S]
08-24 14:43:44.992  4140  4146 E statsd  : Predicate 5980654721335871649 dropping data for dimension key (10)0x2010101->10574[I] (10)0x30000->*launch*[S]
08-24 14:43:45.002 24159 24159 D LifecycleMonitor: Lifecycle status change: com.example.dogglers.GridListActivity@77ee9de in: PAUSED
08-24 14:43:45.002 24159 24159 V ActivityScenario: Update currentActivityStage to PAUSED, currentActivity=com.example.dogglers.GridListActivity@77ee9de
08-24 14:43:45.004  4585  7112 V WindowOrientationListener: getProposedRotation: -1
08-24 14:43:45.004  4585  7112 V WindowOrientationListener: getProposedRotation: -1
08-24 14:43:45.005  4585  7112 V WindowOrientationListener: getProposedRotation: -1
08-24 14:43:45.006  4585  7112 D InputDispatcher: Focused application set to (0): e15d7b
08-24 14:43:45.017  9865  9865 I Utils   : isCurrentUser current = 0, ownerId = 0
08-24 14:43:45.017  9865  9865 I TrayVisibilityController: getComputedTrayVisible : keyguardState = 1
08-24 14:43:45.017  9865  9865 I TrayVisibilityController: updateTrayVisible: State=1 visible=1 mCurrentVisible=1 specificMode=0
08-24 14:43:45.017  9865  9865 I TrayStateController: onNotifyUpdateTray: 0 to need to visible? true
08-24 14:43:45.021 24159 24159 D LifecycleMonitor: Lifecycle status change: androidx.test.core.app.InstrumentationActivityInvoker$EmptyActivity@a2f364b in: PRE_ON_CREATE
08-24 14:43:45.022 24159 24159 V ActivityScenario: Activity lifecycle changed event received but ignored because the intent does not match. startActivityIntent=Intent { act=android.intent.action.MAIN cat=[android.intent.category.LAUNCHER] cmp=com.example.dogglers/.GridListActivity }, activity.getIntent()=Intent { act=android.intent.action.MAIN cat=[android.intent.category.LAUNCHER] flg=0x10000000 cmp=com.example.dogglers/androidx.test.core.app.InstrumentationActivityInvoker$EmptyActivity }, activity=androidx.test.core.app.InstrumentationActivityInvoker$EmptyActivity@a2f364b
08-24 14:43:45.027  4585  7112 I InputDispatcher: Focus left window (24159): 6fa658f in display 0 0
08-24 14:43:45.029 21625 21625 W YTPL.mediasession: MediaSession setActive(false)
08-24 14:43:45.030 24159 24159 I DecorView: [INFO] isPopOver=false, config=true
08-24 14:43:45.030 24159 24159 I DecorView: updateCaptionType >> DecorView@d21fa2a[], isFloating=false, isApplication=true, hasWindowDecorCaption=false, hasWindowControllerCallback=true
08-24 14:43:45.031 24159 24159 D DecorView: setCaptionType = 0, this = DecorView@d21fa2a[]
08-24 14:43:45.033  4896  4896 D FaceWidgetMediaSessionManager: onPlaybackStateChanged() state = PlaybackState {state=1, position=0, buffered position=0, speed=1.0, updated=1322765601, actions=8192, custom actions=[], active item id=-1, error=null}
08-24 14:43:45.033 21625 21625 W YT.mlplayer: Stayawake OFF
08-24 14:43:45.034  4896  4896 I PluginFaceWidgetMediaDataFactory: getBitmapFromMetadata null
08-24 14:43:45.034  4896  4896 D PluginFaceWidgetMediaDataFactory: Elapsed Time : 1
08-24 14:43:45.035 21625 21625 W YTPL.mediasession: MediaSession setActive(false)
08-24 14:43:45.035  4896  4896 D FaceWidgetMediaDataRepository: [update] key : com.google.android.youtube|0|192289192, oldKey : com.google.android.youtube|0|192289192, media : com.google.android.youtube, sourceType : SESSION
08-24 14:43:45.036 24159 24159 D LifecycleMonitor: Lifecycle status change: androidx.test.core.app.InstrumentationActivityInvoker$EmptyActivity@a2f364b in: CREATED
08-24 14:43:45.036 24159 24159 V ActivityScenario: Activity lifecycle changed event received but ignored because the intent does not match. startActivityIntent=Intent { act=android.intent.action.MAIN cat=[android.intent.category.LAUNCHER] cmp=com.example.dogglers/.GridListActivity }, activity.getIntent()=Intent { act=android.intent.action.MAIN cat=[android.intent.category.LAUNCHER] flg=0x10000000 cmp=com.example.dogglers/androidx.test.core.app.InstrumentationActivityInvoker$EmptyActivity }, activity=androidx.test.core.app.InstrumentationActivityInvoker$EmptyActivity@a2f364b
08-24 14:43:45.038  4896  4896 D FaceWidgetMediaDataRepository: PlaybackState and Metadata is null. :: com.google.android.youtube
08-24 14:43:45.038  4896  4896 D FaceWidgetMediaSessionManager: onMetadataChanged() metadata = null
08-24 14:43:45.038  4896  4896 I PluginFaceWidgetMediaDataFactory: getBitmapFromMetadata null
08-24 14:43:45.038  4896  4896 D PluginFaceWidgetMediaDataFactory: Elapsed Time : 0
08-24 14:43:45.039 24159 24159 D LifecycleMonitor: Lifecycle status change: androidx.test.core.app.InstrumentationActivityInvoker$EmptyActivity@a2f364b in: STARTED
08-24 14:43:45.039  4896  4896 D FaceWidgetMediaDataRepository: [update] key : com.google.android.youtube|0|192289192, oldKey : com.google.android.youtube|0|192289192, media : com.google.android.youtube, sourceType : SESSION
08-24 14:43:45.039 24159 24159 V ActivityScenario: Activity lifecycle changed event received but ignored because the intent does not match. startActivityIntent=Intent { act=android.intent.action.MAIN cat=[android.intent.category.LAUNCHER] cmp=com.example.dogglers/.GridListActivity }, activity.getIntent()=Intent { act=android.intent.action.MAIN cat=[android.intent.category.LAUNCHER] flg=0x10000000 cmp=com.example.dogglers/androidx.test.core.app.InstrumentationActivityInvoker$EmptyActivity }, activity=androidx.test.core.app.InstrumentationActivityInvoker$EmptyActivity@a2f364b
08-24 14:43:45.040  4896  4896 D FaceWidgetMediaDataRepository: PlaybackState and Metadata is null. :: com.google.android.youtube
08-24 14:43:45.040  4896  4896 D FaceWidgetMediaSessionManager: onPlaybackStateChanged() state = PlaybackState {state=1, position=0, buffered position=0, speed=1.0, updated=1322765607, actions=8192, custom actions=[], active item id=-1, error=null}
08-24 14:43:45.041  4896  4896 I PluginFaceWidgetMediaDataFactory: getBitmapFromMetadata null
08-24 14:43:45.041  4896  4896 D PluginFaceWidgetMediaDataFactory: Elapsed Time : 1
08-24 14:43:45.041  4585  7112 D SensorService: removeConnection, index : 0, size : 1
08-24 14:43:45.041  4585  7112 D SensorService: # removeConnection, index : 0, size : 0
08-24 14:43:45.041  4585  7112 D SensorService: Calling activate off 1
08-24 14:43:45.041  4896  4896 D FaceWidgetMediaDataRepository: [update] key : com.google.android.youtube|0|192289192, oldKey : com.google.android.youtube|0|192289192, media : com.google.android.youtube, sourceType : SESSION
08-24 14:43:45.041  4166  4166 I SensorsHub: activate: handle 1 enable 0
08-24 14:43:45.041  4166  4166 I SensorsHub: type : 1, enable : 0
08-24 14:43:45.042 21625 21625 D SensorManager: unregisterListener :: android.view.OrientationEventListener$SensorEventListenerImpl@99504
08-24 14:43:45.043  4896  4896 D FaceWidgetMediaDataRepository: PlaybackState and Metadata is null. :: com.google.android.youtube
08-24 14:43:45.043  4896  4896 D FaceWidgetMusicViewModel: onChanged :: NULL
08-24 14:43:45.044  4896  4896 I FaceWidgetMusicViewModel: getMediaButtonReceiverPackageName() - soundAssistant : com.google.android.youtube, Settings : org.telegram.plus/org.telegram.messenger.voip.VoIPMediaButtonReceiver,0,1
08-24 14:43:45.044  4175 24600 I HYPER-HAL: [ResourceManager.cpp]removeResource(): [CPUMinFreq] RemoveResource Request ID : 10614550
08-24 14:43:45.044  4175 24600 I HYPER-HAL: [RequestManager.cpp]releaseLocked(): Released ID : 10614550
08-24 14:43:45.046  4896  4896 D FaceWidgetMediaDataDAO: launch package intent
08-24 14:43:45.047  4896  4896 D FaceWidgetViewModel: onChanged
08-24 14:43:45.047  4896  4896 D FaceWidgetViewModel: updateMusicPageShownState() show = false, reattach = false, reason = clear
08-24 14:43:45.047  4896  4896 D FaceWidgetViewModel: skip to show media panel
08-24 14:43:45.048  4896  4896 D FaceWidgetMusicPageObserver: [EXPAND] onChanged :: PluginFaceWidgetMediaData{[NULL]} showingLastPlayed : true
08-24 14:43:45.048  4896  4896 D FaceWidgetMediaDataDAO: controller is null
08-24 14:43:45.048  4896  4896 D FaceWidgetMediaDataDAO: controller is null
08-24 14:43:45.048  4896  4896 D FaceWidgetMediaDataDAO: controller is null
08-24 14:43:45.048  4896  4896 D FaceWidgetMediaDataDAO: controller is null
08-24 14:43:45.048  4896  4896 D FaceWidgetMediaDataDAO: controller is null
08-24 14:43:45.048  4896  4896 D FaceWidgetMediaDataDAO: controller is null
08-24 14:43:45.049  4896  4896 D FaceWidgetMediaDataDAO: controller is null
08-24 14:43:45.049  4896  4896 D FaceWidgetMediaDataDAO: controller is null
08-24 14:43:45.049  4896  4896 D FaceWidgetMusicPageObserver: last played. show tap to play last song. : com.google.android.youtube
08-24 14:43:45.061 21625 21625 W YTPL.mediasession: MediaSession setActive(false)
08-24 14:43:45.062 24159 24159 D LifecycleMonitor: Lifecycle status change: androidx.test.core.app.InstrumentationActivityInvoker$EmptyActivity@a2f364b in: RESUMED
08-24 14:43:45.062  4896  4896 D FaceWidgetMediaSessionManager: onPlaybackStateChanged() state = PlaybackState {state=1, position=0, buffered position=0, speed=1.0, updated=1322765632, actions=8192, custom actions=[], active item id=-1, error=null}
08-24 14:43:45.062 24159 24159 V ActivityScenario: Activity lifecycle changed event received but ignored because the intent does not match. startActivityIntent=Intent { act=android.intent.action.MAIN cat=[android.intent.category.LAUNCHER] cmp=com.example.dogglers/.GridListActivity }, activity.getIntent()=Intent { act=android.intent.action.MAIN cat=[android.intent.category.LAUNCHER] flg=0x10000000 cmp=com.example.dogglers/androidx.test.core.app.InstrumentationActivityInvoker$EmptyActivity }, activity=androidx.test.core.app.InstrumentationActivityInvoker$EmptyActivity@a2f364b
08-24 14:43:45.065  4896  4896 I PluginFaceWidgetMediaDataFactory: getBitmapFromMetadata null
08-24 14:43:45.065  4896  4896 D PluginFaceWidgetMediaDataFactory: Elapsed Time : 3
08-24 14:43:45.067  4585  5390 D InputTransport: Input channel constructed: '83ca829', fd=696
08-24 14:43:45.067  4585  5390 D InputTransport: Input channel constructed: '83ca829', fd=697
08-24 14:43:45.067  4896  4896 D FaceWidgetMediaDataRepository: [update] key : com.google.android.youtube|0|192289192, oldKey : com.google.android.youtube|0|192289192, media : com.google.android.youtube, sourceType : SESSION
08-24 14:43:45.067  4226  4248 I SurfaceFlinger: id=88448 createSurf (0x0),-1 flag=80004, 83ca829 com.example.dogglers/androidx.test.core.app.InstrumentationActivityInvoker$EmptyActivity#0
08-24 14:43:45.068  4585  5390 D WindowManager: isScreenshotDisabledLocked - win: Window{83ca829 u0 com.example.dogglers/androidx.test.core.app.InstrumentationActivityInvoker$EmptyActivity}
08-24 14:43:45.068  4585  5390 D WindowManager: isScreenshotDisabledLocked: userId = 0, disabled =false
08-24 14:43:45.068  4585  5390 D InputTransport: Input channel destroyed: '83ca829', fd=697
08-24 14:43:45.069  4896  4896 D FaceWidgetMediaDataRepository: PlaybackState and Metadata is null. :: com.google.android.youtube
08-24 14:43:45.069 24159 24159 D InputTransport: Input channel constructed: '83ca829', fd=92
08-24 14:43:45.069  4896  4896 D FaceWidgetMediaSessionManager: onMetadataChanged() metadata = null
08-24 14:43:45.069  4896  4896 I PluginFaceWidgetMediaDataFactory: getBitmapFromMetadata null
08-24 14:43:45.069  4896  4896 D PluginFaceWidgetMediaDataFactory: Elapsed Time : 0
08-24 14:43:45.070 24159 24159 I ViewRootImpl@a42df91[InstrumentationActivityInvoker$EmptyActivity]: setView = com.android.internal.policy.DecorView@d21fa2a TM=true
08-24 14:43:45.072  4896  4896 D FaceWidgetMediaDataRepository: [update] key : com.google.android.youtube|0|192289192, oldKey : com.google.android.youtube|0|192289192, media : com.google.android.youtube, sourceType : SESSION
08-24 14:43:45.073  4585  5390 I SurfaceControl: nativeRelease nativeObject s[535579927456]
08-24 14:43:45.073  4585  5390 I SurfaceControl: nativeRelease nativeObject e[535579927456]
08-24 14:43:45.073  4226  4248 I Layer   : id=88421 removeFromCurrentState com.google.android.youtube/com.google.android.apps.youtube.app.watchwhile.WatchWhileActivity$_21625#0 (79)
08-24 14:43:45.073  4226  4248 I Layer   : id=88424 removeFromCurrentState Bounds for - com.google.android.youtube/com.google.android.apps.youtube.app.watchwhile.WatchWhileActivity@9#0 (79)
08-24 14:43:45.073  4226  4248 I Layer   : id=88425 removeFromCurrentState SurfaceView - com.google.android.youtube/com.google.android.apps.youtube.app.watchwhile.WatchWhileActivity@c9edee9@9#0 (79)
08-24 14:43:45.074  4896  4896 D FaceWidgetMediaDataRepository: PlaybackState and Metadata is null. :: com.google.android.youtube
08-24 14:43:45.074  4896  4896 D FaceWidgetMusicViewModel: onChanged :: NULL
08-24 14:43:45.075  4896  4896 I FaceWidgetMusicViewModel: getMediaButtonReceiverPackageName() - soundAssistant : com.google.android.youtube, Settings : org.telegram.plus/org.telegram.messenger.voip.VoIPMediaButtonReceiver,0,1
08-24 14:43:45.077  4896  4896 D FaceWidgetMediaDataDAO: launch package intent
08-24 14:43:45.078  4226  4248 I SurfaceFlinger: id=88421 Removed com.google.android.youtube/com.google.android.apps.youtube.app.watchwhile.WatchWhileActivity$_21625#0 (79)
08-24 14:43:45.078  4896  4896 D FaceWidgetViewModel: onChanged
08-24 14:43:45.078  4896  4896 D FaceWidgetViewModel: updateMusicPageShownState() show = false, reattach = false, reason = clear
08-24 14:43:45.078  4896  4896 D FaceWidgetViewModel: skip to show media panel
08-24 14:43:45.080  4585  7096 V WindowManager: Relayout Window{83ca829 u0 com.example.dogglers/androidx.test.core.app.InstrumentationActivityInvoker$EmptyActivity}: viewVisibility=0 req=1080x2340
08-24 14:43:45.081  4896  4896 D FaceWidgetMusicPageObserver: [EXPAND] onChanged :: PluginFaceWidgetMediaData{[NULL]} showingLastPlayed : true
08-24 14:43:45.081  4896  4896 D FaceWidgetMediaDataDAO: controller is null
08-24 14:43:45.081  4896  4896 D FaceWidgetMediaDataDAO: controller is null
08-24 14:43:45.082  4896  4896 D FaceWidgetMediaDataDAO: controller is null
08-24 14:43:45.082  4896  4896 D FaceWidgetMediaDataDAO: controller is null
08-24 14:43:45.082  4896  4896 D FaceWidgetMediaDataDAO: controller is null
08-24 14:43:45.082  4896  4896 D FaceWidgetMediaDataDAO: controller is null
08-24 14:43:45.082  4896  4896 D FaceWidgetMediaDataDAO: controller is null
08-24 14:43:45.082  4896  4896 D FaceWidgetMediaDataDAO: controller is null
08-24 14:43:45.082  4585  7096 D WindowManager: isScreenshotDisabledLocked - win: Window{83ca829 u0 com.example.dogglers/androidx.test.core.app.InstrumentationActivityInvoker$EmptyActivity}
08-24 14:43:45.082  4896  4896 D FaceWidgetMusicPageObserver: last played. show tap to play last song. : com.google.android.youtube
08-24 14:43:45.082  4585  7096 D WindowManager: isScreenshotDisabledLocked: userId = 0, disabled =false
08-24 14:43:45.082  4226  5357 I SurfaceFlinger: id=88449 createSurf (1080x2340),1 flag=404, com.example.dogglers/androidx.test.core.app.InstrumentationActivityInvoker$EmptyActivity$_24159#0
08-24 14:43:45.084  4585  7096 I SurfaceControl: nativeRelease nativeObject s[535581379360]
08-24 14:43:45.084  4585  7096 I SurfaceControl: nativeRelease nativeObject e[535581379360]
08-24 14:43:45.084  9865  9865 I TrayStateController: systemUiVisibilityChanged : 0 0
08-24 14:43:45.084  4226  5357 I SurfaceFlinger: id=88450 createSurf (0x0),-1 flag=24000, Surface(name=e455c2d StatusBar)/@0x2f65071 - animation-leash#1
08-24 14:43:45.085  4585  7096 I SurfaceControl: nativeRelease nativeObject s[535581380128]
08-24 14:43:45.085  4585  7096 I SurfaceControl: nativeRelease nativeObject e[535581380128]
08-24 14:43:45.086  4226  5357 I SurfaceFlinger: id=88451 createSurf (0x0),-1 flag=24000, Surface(name=a71bb8f NavigationBar0)/@0x8f38906 - animation-leash#1
08-24 14:43:45.087  4585  7096 V WindowManager: Relayout hash=83ca829, pid=24159: mAttrs={(0,0)(fillxfill) sim={adjust=pan forwardNavigation} ty=BASE_APPLICATION wanim=0x1030001
08-24 14:43:45.087  4585  7096 V WindowManager:   fl=1810100
08-24 14:43:45.087  4585  7096 V WindowManager:   pfl=12020000
08-24 14:43:45.087  4585  7096 V WindowManager:   apr=LIGHT_NAVIGATION_BARS
08-24 14:43:45.087  4585  7096 V WindowManager:   fitSides= naviIconColor=0
08-24 14:43:45.087  4585  7096 V WindowManager:   sfl=100000}
08-24 14:43:45.088  4585  4635 D FastTrack: setFastTrackState: pid = 21625 ;tid= 21625 ;value= 0
08-24 14:43:45.088  4585  7096 I SurfaceControl: nativeRelease nativeObject s[535557017760]
08-24 14:43:45.088  4585  7096 I SurfaceControl: nativeRelease nativeObject e[535557017760]
08-24 14:43:45.088  4585  4635 D FastTrack: setFastTrackState: pid = 21625 ;tid= 21862 ;value= 0
08-24 14:43:45.089  4585  4610 D SehCodecSolutionService: Update top [com.example.dogglers]
08-24 14:43:45.089 24159 24159 I SurfaceControl: assignNativeObject: nativeObject = 0 Surface(name=null)/@0x9bd8ef6 / android.view.SurfaceControl.readFromParcel:1117 android.view.IWindowSession$Stub$Proxy.relayout:1820 android.view.ViewRootImpl.relayoutWindow:9005 android.view.ViewRootImpl.performTraversals:3360 android.view.ViewRootImpl.doTraversal:2618 android.view.ViewRootImpl$TraversalRunnable.run:9971 android.view.Choreographer$CallbackRecord.run:1010 android.view.Choreographer.doCallbacks:809 android.view.Choreographer.doFrame:744 android.view.Choreographer$FrameDisplayEventReceiver.run:995
08-24 14:43:45.090 24159 24159 I ViewRootImpl@a42df91[InstrumentationActivityInvoker$EmptyActivity]: Relayout returned: old=(0,0,1080,2340) new=(0,0,1080,2340) req=(1080,2340)0 dur=10 res=0x7 s={true 535654150144} ch=true fn=-1
08-24 14:43:45.092  4226  4226 I Layer   : id=88421[1] Destroyed com.google.android.youtube/com.google.android.apps.youtube.app.watchwhile.WatchWhileActivity$_21625#0
08-24 14:43:45.092  4226  4226 I Layer   : id=88424[1] Destroyed Bounds for - com.google.android.youtube/com.google.android.apps.youtube.app.watchwhile.WatchWhileActivity@9#0
08-24 14:43:45.092  4226  4226 I Layer   : id=88425[1] Destroyed SurfaceView - com.google.android.youtube/com.google.android.apps.youtube.app.watchwhile.WatchWhileActivity@c9edee9@9#0
08-24 14:43:45.093  4159 17194 D gralloc : [mali_gralloc_allocate] begin
08-24 14:43:45.093  4159 17194 D gralloc : buffer_descriptor: wh(1080 2340) usage_pc(0x40000000000b00 0x40000000000b00) hal_format(0x1) layer_count(1) sizes(0 0 0) strde(0) byte_stride(0) alloc_wh(0 0) internal_format(0x0) alloc_format(0x0) fd_count(1) plane_count(0)
08-24 14:43:45.094  4226  4251 I Layer   : id=88443 removeFromCurrentState Surface(name=e455c2d StatusBar)/@0x2f65071 - animation-leash#0 (79)
08-24 14:43:45.094  4226  4251 I Layer   : id=88444 removeFromCurrentState Surface(name=a71bb8f NavigationBar0)/@0x8f38906 - animation-leash#0 (79)
08-24 14:43:45.095 24159 24159 I ViewRootImpl@a42df91[InstrumentationActivityInvoker$EmptyActivity]: [DP] dp(1) 1 android.view.ViewRootImpl.reportNextDraw:10957 android.view.ViewRootImpl.performTraversals:3845 android.view.ViewRootImpl.doTraversal:2618
08-24 14:43:45.095  4159 17194 D gralloc : [mali_gralloc_allocate] allocation successful
08-24 14:43:45.096 24159 24159 I ViewRootImpl@a42df91[InstrumentationActivityInvoker$EmptyActivity]: [DP] pd() Asnyc report
08-24 14:43:45.098  4159 17194 D gralloc : [mali_gralloc_allocate] begin
08-24 14:43:45.098  4159 17194 D gralloc : buffer_descriptor: wh(1080 2340) usage_pc(0x40000000000b00 0x40000000000b00) hal_format(0x1) layer_count(1) sizes(0 0 0) strde(0) byte_stride(0) alloc_wh(0 0) internal_format(0x0) alloc_format(0x0) fd_count(1) plane_count(0)
08-24 14:43:45.099  4159 17194 D gralloc : [mali_gralloc_allocate] allocation successful
08-24 14:43:45.100  4159 17194 D gralloc : [mali_gralloc_allocate] begin
08-24 14:43:45.100  4159 17194 D gralloc : buffer_descriptor: wh(1080 2340) usage_pc(0x40000000000b00 0x40000000000b00) hal_format(0x1) layer_count(1) sizes(0 0 0) strde(0) byte_stride(0) alloc_wh(0 0) internal_format(0x0) alloc_format(0x0) fd_count(1) plane_count(0)
08-24 14:43:45.103 24159 24159 I ViewRootImpl@a42df91[InstrumentationActivityInvoker$EmptyActivity]: [DP] pdf(0) 1 android.view.ViewRootImpl.lambda$performDraw$1$ViewRootImpl:4668 android.view.-$$Lambda$ViewRootImpl$DJd0VUYJgsebcnSohO6h8zc_ONI.run:6 android.os.Handler.handleCallback:938
08-24 14:43:45.103 24159 24159 I ViewRootImpl@a42df91[InstrumentationActivityInvoker$EmptyActivity]: [DP] rdf()
08-24 14:43:45.104  4159 17194 D gralloc : [mali_gralloc_allocate] allocation successful
08-24 14:43:45.105 24159 24159 I ViewRootImpl@a4225f2[GridListActivity]: MSG_WINDOW_FOCUS_CHANGED 0 1
08-24 14:43:45.113 24159 24159 I SurfaceControl: nativeRelease nativeObject s[537830057024]
08-24 14:43:45.114 24159 24159 I SurfaceControl: nativeRelease nativeObject e[537830057024]
08-24 14:43:45.114 24159 24159 I SurfaceControl: nativeRelease nativeObject s[537830056640]
08-24 14:43:45.114 24159 24159 I SurfaceControl: nativeRelease nativeObject e[537830056640]
08-24 14:43:45.114 24159 24159 I SurfaceControl: nativeRelease nativeObject s[535692236960]
08-24 14:43:45.114 24159 24159 I SurfaceControl: nativeRelease nativeObject e[535692236960]
08-24 14:43:45.114  4226  4251 I SurfaceFlinger: id=88444 Removed Surface(name=a71bb8f NavigationBar0)/@0x8f38906 - animation-leash#0 (79)
08-24 14:43:45.114  4226  4601 I SurfaceFlinger: id=88443 Removed Surface(name=e455c2d StatusBar)/@0x2f65071 - animation-leash#0 (79)
08-24 14:43:45.118  4585  4613 D PkgPredictorService: pkg:com.example.dogglers activity:androidx.test.core.app.InstrumentationActivityInvoker$EmptyActivity thisTime:138
08-24 14:43:45.120  4585  4613 I SemDvfsHyPerManager: acquire hyper - AMS_RESUME_TAIL/4585@18, type = -999
08-24 14:43:45.120  4585  4613 I SemDvfsHyPerManager: acquire hyper - AMS_ACT_LAZY/4585@19, type = -999
08-24 14:43:45.120  4585  4617 I ActivityTaskManager: Displayed com.example.dogglers/androidx.test.core.app.InstrumentationActivityInvoker$EmptyActivity: +138ms
08-24 14:43:45.121  4175  4211 I HYPER-HAL: [RequestManager.cpp]acquire(): Acquired ID : 10596124  [4585 / 18]    HINT : AMS_RESUME_TAIL    list :
08-24 14:43:45.121  4175  4211 I HYPER-HAL: [ResourceManager.cpp]updateResource(): [CPUMinFreq] UpdateResource Request ID : 10596124    Value : 1768000
08-24 14:43:45.121  4175  4211 I HYPER-HAL: [RequestManager.cpp]acquire(): Acquired ID : 10600729  [4585 / 19]    HINT :      list :
08-24 14:43:45.122  4175  4211 E HYPER-HAL: [Request.cpp]acquire(): Request:: id : 10600729, No Resource to set
08-24 14:43:45.122  4175  4211 I HYPER-HAL: [ResourceManager.cpp]removeResource(): [CPUMinFreq] RemoveResource Request ID : 10586917
08-24 14:43:45.122  4175  4211 I HYPER-HAL: [RequestManager.cpp]releaseLocked(): Released ID : 10586917
08-24 14:43:45.125  4226  4226 I Layer   : id=88443[1] Destroyed Surface(name=e455c2d StatusBar)/@0x2f65071 - animation-leash#0
08-24 14:43:45.125  4226  4226 I Layer   : id=88444[1] Destroyed Surface(name=a71bb8f NavigationBar0)/@0x8f38906 - animation-leash#0
08-24 14:43:45.126  4585  7112 I InputDispatcher: Focus entered window (24159): 83ca829 in display 0 0
08-24 14:43:45.128  4226  4248 E BufferQueueProducer: [com.example.dogglers/com.example.dogglers.GridListActivity$_24159#0](id:108200004951,api:0,p:-1,c:4226) disconnect: not connected (req=1)
08-24 14:43:45.128 24159 24214 W libEGL  : EGLNativeWindowType 0x7cb9c8d010 disconnect failed
08-24 14:43:45.130  4585  7096 V WindowManager: Relayout Window{6fa658f u0 com.example.dogglers/com.example.dogglers.GridListActivity}: viewVisibility=8 req=1080x2340
08-24 14:43:45.133  4226  4226 D SurfaceFlinger: Display 0 HWC layers:
08-24 14:43:45.133  4226  4226 D SurfaceFlinger:      DEVICE | 0x77ce815b80 | 0002 | RGBA_8888    |    0.0    0.0 1080.0 2340.0 |    0    0 1080 2340 | com.example.dogglers/androidx.test.c[...]tivityInvoker$EmptyActivity$_24159#0
08-24 14:43:45.133  4226  4226 D SurfaceFlinger:      DEVICE | 0x77ce815e00 | 0000 | RGBA_8888    |    0.0    0.0 1080.0   83.0 |    0    0 1080   83 | StatusBar$_4896#0
08-24 14:43:45.133  4226  4226 D SurfaceFlinger:      DEVICE | 0x77ce8157c0 | 0000 | RGBA_8888    |    0.0    0.0   67.0  342.0 |    0  746   67 1088 | com.samsung.android.app.cocktailbars[...]arservice.CocktailBarService$_9865#0
08-24 14:43:45.133  4226  4226 D SurfaceFlinger:      DEVICE | 0x7851238200 | 0000 | RGBA_8888    |    0.0    0.0  388.0   39.0 |  692 2301 1080 2340 | SGestureOverlayWindow$_5408#0
08-24 14:43:45.133  4226  4226 D SurfaceFlinger:      DEVICE | 0x77ce815f40 | 0000 | RGBA_8888    |    0.0    0.0 1080.0  126.0 |    0 2214 1080 2340 | NavigationBar0$_4896#0
08-24 14:43:45.133  4226  4226 D SurfaceFlinger:      DEVICE | 0x77ce814b40 | 0000 | RGBA_8888    |    0.0    0.0 1080.0  151.0 |    0    0 1080  151 | ScreenDecorOverlay$_4896#0
08-24 14:43:45.133  4226  4226 D SurfaceFlinger:      DEVICE | 0x77ce817d40 | 0000 | RGBA_8888    |    0.0    0.0 1080.0  151.0 |    0 2189 1080 2340 | ScreenDecorOverlayBottom$_
08-24 14:43:45.133  4226  4226 D SurfaceFlinger: 4896#0
08-24 14:43:45.133  4226  4226 D SurfaceFlinger:
08-24 14:43:45.134  4585  7096 V WindowManager: Relayout hash=6fa658f, pid=24159: mAttrs={(0,0)(fillxfill) sim={adjust=resize forwardNavigation} ty=BASE_APPLICATION wanim=0x1030304
08-24 14:43:45.134  4585  7096 V WindowManager:   fl=81810100
08-24 14:43:45.134  4585  7096 V WindowManager:   pfl=12020000
08-24 14:43:45.134  4585  7096 V WindowManager:   apr=LIGHT_NAVIGATION_BARS
08-24 14:43:45.134  4585  7096 V WindowManager:   fitSides= naviIconColor=0
08-24 14:43:45.134  4585  7096 V WindowManager:   sfl=100000}
08-24 14:43:45.135 24159 24159 I SurfaceControl: nativeRelease nativeObject s[535648690560]
08-24 14:43:45.135 24159 24159 I SurfaceControl: nativeRelease nativeObject e[535648690560]
08-24 14:43:45.135 24159 24159 I SurfaceControl: assignNativeObject: nativeObject = 0 Surface(name=null)/@0xe47b564 / android.view.SurfaceControl.readFromParcel:1117 android.view.IWindowSession$Stub$Proxy.relayout:1810 android.view.ViewRootImpl.relayoutWindow:9005 android.view.ViewRootImpl.performTraversals:3360 android.view.ViewRootImpl.doTraversal:2618 android.view.ViewRootImpl$TraversalRunnable.run:9971 android.view.Choreographer$CallbackRecord.run:1010 android.view.Choreographer.doCallbacks:809 android.view.Choreographer.doFrame:744 android.view.Choreographer$FrameDisplayEventReceiver.run:995
08-24 14:43:45.136 24159 24159 I SurfaceControl: assignNativeObject: nativeObject = 0 Surface(name=null)/@0xe61443 / android.view.SurfaceControl.readFromParcel:1117 android.view.IWindowSession$Stub$Proxy.relayout:1820 android.view.ViewRootImpl.relayoutWindow:9005 android.view.ViewRootImpl.performTraversals:3360 android.view.ViewRootImpl.doTraversal:2618 android.view.ViewRootImpl$TraversalRunnable.run:9971 android.view.Choreographer$CallbackRecord.run:1010 android.view.Choreographer.doCallbacks:809 android.view.Choreographer.doFrame:744 android.view.Choreographer$FrameDisplayEventReceiver.run:995
08-24 14:43:45.137 24159 24159 I SurfaceControl: nativeRelease nativeObject s[537830057120]
08-24 14:43:45.137 24159 24159 I SurfaceControl: nativeRelease nativeObject e[537830057120]
08-24 14:43:45.137 24159 24159 I ViewRootImpl@a4225f2[GridListActivity]: Relayout returned: old=(0,0,1080,2340) new=(0,0,1080,2340) req=(1080,2340)8 dur=7 res=0x5 s={false 0} ch=true fn=6
08-24 14:43:45.137  4585  7096 I SemDvfsHyPerManager: acquire hyper - AMS_ACT_START/4585@16, type = -999
08-24 14:43:45.138  4175  4211 I HYPER-HAL: [RequestManager.cpp]acquire(): Acquired ID : 10586917  [4585 / 16]    HINT : AMS_ACT_START    list :
08-24 14:43:45.138 24159 24159 I ViewRootImpl@a4225f2[GridListActivity]: stopped(true) old=false
