08-24 14:43:29.334  4226  4251 I SurfaceFlinger: id=88040 Removed Surface(name=a71bb8f NavigationBar0)/@0x8f38906 - animation-leash#0 (72)
08-24 14:43:29.334  4226  4251 I SurfaceFlinger: id=88039 Removed Surface(name=e455c2d StatusBar)/@0x2f65071 - animation-leash#0 (72)
08-24 14:43:29.337 27924 15403 I FontLog : Pulling font file for id = 182, cache size = 6 [CONTEXT service_id=132 ]
08-24 14:43:29.338  4159 17194 D gralloc : [mali_gralloc_allocate] begin
08-24 14:43:29.338  4159 17194 D gralloc : buffer_descriptor: wh(1080 2340) usage_pc(0x40000000000b00 0x40000000000b00) hal_format(0x1) layer_count(1) sizes(0 0 0) strde(0) byte_stride(0) alloc_wh(0 0) internal_format(0x0) alloc_format(0x0) fd_count(1) plane_count(0)
08-24 14:43:29.343  4226  4226 I Layer   : id=88039[1] Destroyed Surface(name=e455c2d StatusBar)/@0x2f65071 - animation-leash#0
08-24 14:43:29.343  4226  4226 I Layer   : id=88040[1] Destroyed Surface(name=a71bb8f NavigationBar0)/@0x8f38906 - animation-leash#0
08-24 14:43:29.345 24159 24159 I ViewRootImpl@43e4ca8[MainActivity]: [DP] dp(1) 1 android.view.ViewRootImpl.reportNextDraw:10957 android.view.ViewRootImpl.performTraversals:3845 android.view.ViewRootImpl.doTraversal:2618
08-24 14:43:29.346 24159 24159 I ViewRootImpl@43e4ca8[MainActivity]: [DP] pd() Asnyc report
08-24 14:43:29.346  4159 17194 D gralloc : [mali_gralloc_allocate] allocation successful
08-24 14:43:29.347  4159 17194 D gralloc : [mali_gralloc_allocate] begin
08-24 14:43:29.347  4159 17194 D gralloc : buffer_descriptor: wh(1080 2340) usage_pc(0x40000000000b00 0x40000000000b00) hal_format(0x1) layer_count(1) sizes(0 0 0) strde(0) byte_stride(0) alloc_wh(0 0) internal_format(0x0) alloc_format(0x0) fd_count(1) plane_count(0)
08-24 14:43:29.355 27924 15403 I FontLog : Pulling font file for id = 182, cache size = 6 [CONTEXT service_id=132 ]
08-24 14:43:29.355  4159 17194 D gralloc : [mali_gralloc_allocate] allocation successful
08-24 14:43:29.357  4159 17194 D gralloc : [mali_gralloc_allocate] begin
08-24 14:43:29.358  4159 17194 D gralloc : buffer_descriptor: wh(1080 2340) usage_pc(0x40000000000b00 0x40000000000b00) hal_format(0x1) layer_count(1) sizes(0 0 0) strde(0) byte_stride(0) alloc_wh(0 0) internal_format(0x0) alloc_format(0x0) fd_count(1) plane_count(0)
08-24 14:43:29.364  4159 17194 D gralloc : [mali_gralloc_allocate] allocation successful
08-24 14:43:29.385  3928  3928 I hwservicemanager: getTransport: Cannot find entry android.hardware.graphics.mapper@4.0::IMapper/default in either framework or device manifest.
08-24 14:43:29.385 24159 24214 I Gralloc4: mapper 4.x is not supported
08-24 14:43:29.387  3928  3928 I hwservicemanager: getTransport: Cannot find entry android.hardware.graphics.mapper@3.0::IMapper/default in either framework or device manifest.
08-24 14:43:29.387 24159 24214 W Gralloc3: mapper 3.x is not supported
08-24 14:43:29.406 24159 24214 I gralloc : Arm Module v1.0
08-24 14:43:29.645 24159 24159 I ViewRootImpl@43e4ca8[MainActivity]: [DP] pdf(0) 1 android.view.ViewRootImpl.lambda$performDraw$1$ViewRootImpl:4668 android.view.-$$Lambda$ViewRootImpl$DJd0VUYJgsebcnSohO6h8zc_ONI.run:6 android.os.Handler.handleCallback:938
08-24 14:43:29.646 24159 24159 I ViewRootImpl@43e4ca8[MainActivity]: [DP] rdf()
08-24 14:43:29.659  4585  4613 D PkgPredictorService: pkg:com.example.dogglers activity:com.example.dogglers.MainActivity thisTime:1376
08-24 14:43:29.659  4585  4613 D PkgPredictorService-Collector: update activity launch time: MainActivity : 1376
08-24 14:43:29.660  4585  4613 I SemDvfsHyPerManager: acquire hyper - AMS_RESUME_TAIL/4585@18, type = -999
08-24 14:43:29.660  4585  4613 I SemDvfsHyPerManager: acquire hyper - AMS_ACT_LAZY/4585@19, type = -999
08-24 14:43:29.664  4175  4211 I HYPER-HAL: [RequestManager.cpp]acquire(): Acquired ID : 10596124  [4585 / 18]    HINT : AMS_RESUME_TAIL    list :
08-24 14:43:29.666  4175  4211 I HYPER-HAL: [ResourceManager.cpp]updateResource(): [CPUMinFreq] UpdateResource Request ID : 10596124    Value : 1768000
08-24 14:43:29.667  4175  4211 I HYPER-HAL: [RequestManager.cpp]acquire(): Acquired ID : 10600729  [4585 / 19]    HINT :      list :
08-24 14:43:29.667  4175  4211 E HYPER-HAL: [Request.cpp]acquire(): Request:: id : 10600729, No Resource to set
08-24 14:43:29.668  4175  4211 I HYPER-HAL: [ResourceManager.cpp]removeResource(): [CPUMinFreq] RemoveResource Request ID : 10651450
08-24 14:43:29.669  4175  4211 I HYPER-HAL: [RequestManager.cpp]releaseLocked(): Released ID : 10651450
08-24 14:43:29.672  4585  4613 D ViewRootImpl@e5c9885[dogglers]: dispatchDetachedFromWindow: reset blurmask
08-24 14:43:29.672  4585  4613 I ViewRootImpl@e5c9885[dogglers]: dispatchDetachedFromWindow
08-24 14:43:29.674  4585  4613 I SurfaceControl: nativeRelease nativeObject s[537628421056]
08-24 14:43:29.674  4585  4613 I SurfaceControl: nativeRelease nativeObject e[537628421056]
08-24 14:43:29.675  4585  4613 D InputTransport: Input channel destroyed: 'fc3a6da', fd=619
08-24 14:43:29.684  4585  4617 D ArtManagerInternalImpl: /data/misc/iorapd/com.example.dogglers/1/com.example.dogglers.MainActivity/compiled_traces/compiled_trace.pb doesn't exist
08-24 14:43:29.685  4585  4606 I InputDispatcher: Focus entered window (24159): e51d3e4 in display 0 0
08-24 14:43:29.685  4226  4251 I SurfaceFlinger: id=88046 createSurf (0x0),-1 flag=24000, Surface(name=fc3a6da Splash Screen com.example.dogglers)/@0xe7ca816 - animation-leash#0
08-24 14:43:29.690  4585  4613 D InputTransport: Input channel destroyed: 'fc3a6da', fd=621
08-24 14:43:29.723 24159 24159 I ViewRootImpl@43e4ca8[MainActivity]: MSG_WINDOW_FOCUS_CHANGED 1 1
08-24 14:43:29.724 24159 24159 D InputMethodManager: prepareNavigationBarInfo() DecorView@d5667de[MainActivity]
08-24 14:43:29.725 24159 24159 D InputMethodManager: getNavigationBarColor() -855310
08-24 14:43:29.729 24159 24159 D InputMethodManager: prepareNavigationBarInfo() DecorView@d5667de[MainActivity]
08-24 14:43:29.729 24159 24159 D InputMethodManager: getNavigationBarColor() -855310
08-24 14:43:29.729 24159 24159 V InputMethodManager: Starting input: tba=com.example.dogglers ic=null mNaviBarColor -855310 mIsGetNaviBarColorSuccess true , NavVisible : true , NavTrans : false
08-24 14:43:29.730 24159 24159 D InputMethodManager: startInputInner - Id : 0
08-24 14:43:29.730 24159 24159 I InputMethodManager: startInputInner - mService.startInputOrWindowGainedFocus
08-24 14:43:29.734  4585  8022 D InputMethodManagerService: mSecureKeypadEnabled = false
08-24 14:43:29.737  4585  8022 V InputMethodManagerService: hideCurrentInputLocked : shouldHideSoftInput is false
08-24 14:43:29.738  4226  4226 D SurfaceFlinger: Display 0 HWC layers:
08-24 14:43:29.738  4226  4226 D SurfaceFlinger:      DEVICE | 0x7851237bc0 | 0002 | RGBA_8888    |    0.0    0.0 1080.0 2340.0 |    0    0 1080 2340 | com.example.dogglers/com.example.dogglers.MainActivity$_24159#0
08-24 14:43:29.738  4226  4226 D SurfaceFlinger:      DEVICE | 0x7851239880 | 0002 | RGBA_8888    |    0.0    0.0 1080.0 2340.0 |    0    0 1080 2340 | Splash Screen com.example.dogglers#0
08-24 14:43:29.738  4226  4226 D SurfaceFlinger:      DEVICE | 0x77ce814dc0 | 0000 | RGBA_8888    |    0.0    0.0 1080.0   83.0 |    0    0 1080   83 | StatusBar$_4896#0
08-24 14:43:29.738  4226  4226 D SurfaceFlinger:      DEVICE | 0x77ce8157c0 | 0000 | RGBA_8888    |    0.0    0.0   67.0  342.0 |    0  746   67 1088 | com.samsung.android.app.cocktailbars[...]arservice.CocktailBarService$_9865#0
08-24 14:43:29.738  4226  4226 D SurfaceFlinger:      DEVICE | 0x7851238200 | 0000 | RGBA_8888    |    0.0    0.0  388.0   39.0 |  692 2301 1080 2340 | SGestureOverlayWindow$_5408#0
08-24 14:43:29.738  4226  4226 D SurfaceFlinger:      DEVICE | 0x77ce816a80 | 0000 | RGBA_8888    |    0.0    0.0 1080.0  126.0 |    0 2214 1080 2340 | NavigationBar0$_4896#0
08-24 14:43:29.738  4226  4226 D SurfaceFlinger:      DEVICE | 0x77ce814b40 | 0000 | RGBA_8888    |    0.0    0.0 1080.0  151.0 |    0    0 1080  151 | ScreenDecorOverlay$_4896#0
08-24 14:43:29.738  4226  4226 D SurfaceFlinger:
08-24 14:43:29.738  4226  4226 D SurfaceFlinger:   DEVICE | 0x77ce817d40 | 0000 | RGBA_8888    |    0.0    0.0 1080.0  151.0 |    0 2189 1080 2340 | ScreenDecorOverlayBottom$_4896#0
08-24 14:43:29.738  4226  4226 D SurfaceFlinger:
08-24 14:43:29.740  4585  8022 D InputMethodManagerService: mDesktopModeManager null!
08-24 14:43:29.740  4585  8022 V InputMethodManagerService: getDisplayIdOfInputMethodWindowToBeAdded : 0
08-24 14:43:29.743  4585  8022 D SamsungIMMSHWKeyboard: isConnectedDexOnPC false
08-24 14:43:29.744  4585  8022 D InputMethodManagerService: isImeSwitcherDisabledPackage : false
08-24 14:43:29.744  4585  4613 I SurfaceControl: nativeRelease nativeObject s[535405121824]
08-24 14:43:29.744  4585  4613 I SurfaceControl: nativeRelease nativeObject e[535405121824]
08-24 14:43:29.745 21625 21625 D InputTransport: Input channel destroyed: 'ClientS', fd=154
08-24 14:43:29.747  4585  8022 D InputTransport: Input channel constructed: 'ClientS', fd=613
08-24 14:43:29.747  4585  8022 D InputTransport: Input channel constructed: 'ClientS', fd=619
08-24 14:43:29.748  4585  8022 D InputTransport: Input channel destroyed: 'ClientS', fd=619
08-24 14:43:29.756  4585  4617 I ActivityTaskManager: Displayed com.example.dogglers/.MainActivity: +1s376ms
08-24 14:43:29.759 24159 24159 W xample.doggler: Accessing hidden method Landroid/os/MessageQueue;->next()Landroid/os/Message; (greylist, reflection, allowed)
08-24 14:43:29.760 24159 24159 W xample.doggler: Accessing hidden field Landroid/os/MessageQueue;->mMessages:Landroid/os/Message; (greylist, reflection, allowed)
08-24 14:43:29.760 24159 24159 W xample.doggler: Accessing hidden method Landroid/os/Message;->recycleUnchecked()V (greylist, reflection, allowed)
08-24 14:43:29.760  4585  4613 I SurfaceControl: nativeRelease nativeObject s[535556862528]
08-24 14:43:29.760  4585  4613 I SurfaceControl: nativeRelease nativeObject e[535556862528]
08-24 14:43:29.761  4226  4601 I Layer   : id=88033 removeFromCurrentState Splash Screen com.example.dogglers#0 (71)
08-24 14:43:29.763  4585  4613 I SurfaceControl: nativeRelease nativeObject s[535556318816]
08-24 14:43:29.763  4585  4613 I SurfaceControl: nativeRelease nativeObject e[535556318816]
08-24 14:43:29.768  4226  4226 D SurfaceFlinger: Display 0 HWC layers:
08-24 14:43:29.768  4226  4226 D SurfaceFlinger:      DEVICE | 0x7851239c40 | 0002 | RGBA_8888    |    0.0    0.0 1080.0 2340.0 |    0    0 1080 2340 | com.example.dogglers/com.example.dogglers.MainActivity$_24159#0
08-24 14:43:29.768  4226  4226 D SurfaceFlinger:      DEVICE | 0x77ce814dc0 | 0000 | RGBA_8888    |    0.0    0.0 1080.0   83.0 |    0    0 1080   83 | StatusBar$_4896#0
08-24 14:43:29.768  4226  4226 D SurfaceFlinger:      DEVICE | 0x77ce8157c0 | 0000 | RGBA_8888    |    0.0    0.0   67.0  342.0 |    0  746   67 1088 | com.samsung.android.app.cocktailbars[...]arservice.CocktailBarService$_9865#0
08-24 14:43:29.768  4226  4226 D SurfaceFlinger:      DEVICE | 0x7851238200 | 0000 | RGBA_8888    |    0.0    0.0  388.0   39.0 |  692 2301 1080 2340 | SGestureOverlayWindow$_5408#0
08-24 14:43:29.768  4226  4226 D SurfaceFlinger:      DEVICE | 0x77ce815f40 | 0000 | RGBA_8888    |    0.0    0.0 1080.0  126.0 |    0 2214 1080 2340 | NavigationBar0$_4896#0
08-24 14:43:29.768  4226  4226 D SurfaceFlinger:      DEVICE | 0x77ce814b40 | 0000 | RGBA_8888    |    0.0    0.0 1080.0  151.0 |    0    0 1080  151 | ScreenDecorOverlay$_4896#0
08-24 14:43:29.768  4226  4226 D SurfaceFlinger:      DEVICE | 0x77ce817d40 | 0000 | RGBA_8888    |    0.0    0.0 1080.0  151.0 |    0 2189 1080 2340 | ScreenDecorOverlayBottom$_4896#0
08-24 14:43:29.768  4226  4226 D SurfaceFlinger:
08-24 14:43:29.769 24159 24159 W xample.doggler: Accessing hidden method Landroid/view/WindowManagerGlobal;->getInstance()Landroid/view/WindowManagerGlobal; (greylist, reflection, allowed)
08-24 14:43:29.770  4585  8022 D InputMethodManagerService: checkDisplayOfStartInputAndUpdateKeyboard display Id 0last 0
08-24 14:43:29.770 24159 24159 W xample.doggler: Accessing hidden field Landroid/view/WindowManagerGlobal;->mViews:Ljava/util/ArrayList; (greylist, reflection, allowed)
08-24 14:43:29.770 24159 24159 W xample.doggler: Accessing hidden field Landroid/view/WindowManagerGlobal;->mParams:Ljava/util/ArrayList; (greylist, reflection, allowed)
08-24 14:43:29.770  4585  8022 D InputTransport: Input channel constructed: 'ClientS', fd=619
08-24 14:43:29.770  4226  5359 I Layer   : id=88032 removeFromCurrentState fc3a6da Splash Screen com.example.dogglers#0 (71)
08-24 14:43:29.770  4226  5359 I Layer   : id=88046 removeFromCurrentState Surface(name=fc3a6da Splash Screen com.example.dogglers)/@0xe7ca816 - animation-leash#0 (71)
08-24 14:43:29.771 24159 24183 D InputTransport: Input channel constructed: 'ClientS', fd=87
08-24 14:43:29.771  4226  5359 I SurfaceFlinger: id=88032 Removed fc3a6da Splash Screen com.example.dogglers#0 (71)
08-24 14:43:29.771  4226  5359 I SurfaceFlinger: id=88046 Removed Surface(name=fc3a6da Splash Screen com.example.dogglers)/@0xe7ca816 - animation-leash#0 (71)
08-24 14:43:29.771  4226  5359 I SurfaceFlinger: id=88033 Removed Splash Screen com.example.dogglers#0 (71)
08-24 14:43:29.771  4585  8022 D InputTransport: Input channel destroyed: 'ClientS', fd=619
08-24 14:43:29.778  4226  4226 I Layer   : id=88046[1] Destroyed Surface(name=fc3a6da Splash Screen com.example.dogglers)/@0xe7ca816 - animation-leash#0
08-24 14:43:29.778  4226  4226 I Layer   : id=88032[1] Destroyed fc3a6da Splash Screen com.example.dogglers#0
08-24 14:43:29.778  4226  4226 I Layer   : id=88033[1] Destroyed Splash Screen com.example.dogglers#0
08-24 14:43:29.779 24159 24159 I ViewInteraction: Checking 'MatchesViewAssertion{viewMatcher=(view has effective visibility <VISIBLE> and view.getGlobalVisibleRect() to return non-empty rectangle)}' assertion on view view.getId() is <2131230932/com.example.dogglers:id/grid_btn>
08-24 14:43:29.780 24159 24159 D InputMethodManager: prepareNavigationBarInfo() DecorView@d5667de[MainActivity]
08-24 14:43:29.780 24159 24159 D InputMethodManager: getNavigationBarColor() -855310
08-24 14:43:29.780 24159 24159 V InputMethodManager: Starting input: tba=com.example.dogglers ic=null mNaviBarColor -855310 mIsGetNaviBarColorSuccess true , NavVisible : true , NavTrans : false
08-24 14:43:29.780 24159 24159 D InputMethodManager: startInputInner - Id : 0
08-24 14:43:29.788  4140  4146 E statsd  : Predicate -7037417284711607308 dropping data for dimension key (10)0x2010101->10574[I] (10)0x30000->*launch*[S]
08-24 14:43:29.788  4140  4146 E statsd  : Predicate 5980654721335871649 dropping data for dimension key (10)0x2010101->10574[I] (10)0x30000->*launch*[S]
08-24 14:43:29.792 24159 24159 D LifecycleMonitor: Lifecycle status change: androidx.test.core.app.InstrumentationActivityInvoker$BootstrapActivity@921d109 in: STOPPED
08-24 14:43:29.793 24159 24159 V ActivityScenario: Activity lifecycle changed event received but ignored because the intent does not match. startActivityIntent=Intent { act=android.intent.action.MAIN cat=[android.intent.category.LAUNCHER] cmp=com.example.dogglers/.MainActivity }, activity.getIntent()=Intent { act=android.intent.action.MAIN cat=[android.intent.category.LAUNCHER] flg=0x10008000 cmp=com.example.dogglers/androidx.test.core.app.InstrumentationActivityInvoker$BootstrapActivity (has extras) }, activity=androidx.test.core.app.InstrumentationActivityInvoker$BootstrapActivity@921d109
08-24 14:43:29.798  4585  8022 I SurfaceControl: nativeRelease nativeObject s[535556341184]
08-24 14:43:29.798  4585  8022 I SurfaceControl: nativeRelease nativeObject e[535556341184]
08-24 14:43:29.799  4226  4601 I SurfaceFlinger: id=88047 createSurf (0x0),-1 flag=24004, Surface(name=a3a0629 InputMethod)/@0x54f474f - animation-leash#0
08-24 14:43:29.803  4226  4601 I Layer   : id=88021 removeFromCurrentState Surface(name=a3a0629 InputMethod)/@0x54f474f - animation-leash#1 (69)
08-24 14:43:29.806  7388  7388 I HBD     : HoneyBoardService onFinishInput
08-24 14:43:29.807  4585  7124 I SemDvfsHyPerManager: acquire hyper - AMS_ACT_START/4585@16, type = -999
08-24 14:43:29.807  4175  4211 I HYPER-HAL: [RequestManager.cpp]acquire(): Acquired ID : 10586917  [4585 / 16]    HINT : AMS_ACT_START    list :
08-24 14:43:29.808  4226  4601 I SurfaceFlinger: id=88048 createSurf (0x0),-1 flag=80004, ActivityRecord{94c7661 u0 com.example.dogglers/androidx.test.core.app.InstrumentationActivityInvoker$EmptyActivity t1560}#0
08-24 14:43:29.809  4175  4211 I HYPER-HAL: [ResourceManager.cpp]updateResource(): [CPUMinFreq] UpdateResource Request ID : 10586917    Value : 2314000
08-24 14:43:29.818  4140  4146 E statsd  : Predicate -7037417284711607308 dropping data for dimension key (10)0x2010101->10574[I] (10)0x30000->*launch*[S]
08-24 14:43:29.819  4140  4146 E statsd  : Predicate 5980654721335871649 dropping data for dimension key (10)0x2010101->10574[I] (10)0x30000->*launch*[S]
08-24 14:43:29.836  4217   666 V APM_AudioPolicyManager: setAppState(portId:11856, state:1)
08-24 14:43:29.837  4217   666 V APM_AudioPolicyManager: setAppState(portId:11883, state:2)
08-24 14:43:29.837  4585  8022 D SamsungIMMSHWKeyboard: isConnectedDexOnPC false
08-24 14:43:29.837 24159 24159 I SurfaceControl: nativeRelease nativeObject s[537816934656]
08-24 14:43:29.837 24159 24159 I SurfaceControl: nativeRelease nativeObject e[537816934656]
08-24 14:43:29.837 24159 24159 I SurfaceControl: nativeRelease nativeObject s[537816934560]
08-24 14:43:29.837 24159 24159 I SurfaceControl: nativeRelease nativeObject e[537816934560]
08-24 14:43:29.839 21625 21625 I ViewRootImpl@b7edacd[WatchWhileActivity]: stopped(true) old=false
08-24 14:43:29.841  4585  8022 D InputMethodManagerService: isImeSwitcherDisabledPackage : false
08-24 14:43:29.842 24159 24159 D LifecycleMonitor: Lifecycle status change: com.example.dogglers.MainActivity@82b6f40 in: PAUSED
08-24 14:43:29.842 24159 24159 V ActivityScenario: Update currentActivityStage to PAUSED, currentActivity=com.example.dogglers.MainActivity@82b6f40
08-24 14:43:29.845  4585  4606 V WindowOrientationListener: getProposedRotation: -1
08-24 14:43:29.845  4585  4606 V WindowOrientationListener: getProposedRotation: -1
08-24 14:43:29.848  4585  4606 V WindowOrientationListener: getProposedRotation: -1
08-24 14:43:29.850  4585  4606 D InputDispatcher: Focused application set to (0): 94c7661
08-24 14:43:29.854  7388  7388 I HBD     : a IC have been unbinded,  InputConnectionWrapper{idHash=#69177f3 mMissingMethods=}
08-24 14:43:29.856  7388  7388 I HBD     : HoneyBoardService [PF_CL][onFinishInput]  48477000 ns
08-24 14:43:29.859  7388  7388 I HBD     : HoneyBoardService [IMI] onStartInput - caller pid : 24159 , caller uid : 10574
08-24 14:43:29.859  7388  7388 I HBD     : i updateConfigs
08-24 14:43:29.862  7388  7388 I HBD     : i isEnabledNightMode : false
08-24 14:43:29.866 24159 24159 D LifecycleMonitor: Lifecycle status change: androidx.test.core.app.InstrumentationActivityInvoker$EmptyActivity@3bd3f08 in: PRE_ON_CREATE
08-24 14:43:29.867 24159 24159 V ActivityScenario: Activity lifecycle changed event received but ignored because the intent does not match. startActivityIntent=Intent { act=android.intent.action.MAIN cat=[android.intent.category.LAUNCHER] cmp=com.example.dogglers/.MainActivity }, activity.getIntent()=Intent { act=android.intent.action.MAIN cat=[android.intent.category.LAUNCHER] flg=0x10000000 cmp=com.example.dogglers/androidx.test.core.app.InstrumentationActivityInvoker$EmptyActivity }, activity=androidx.test.core.app.InstrumentationActivityInvoker$EmptyActivity@3bd3f08
08-24 14:43:29.876 24159 24159 I DecorView: [INFO] isPopOver=false, config=true
08-24 14:43:29.876 24159 24159 I DecorView: updateCaptionType >> DecorView@775c0c6[], isFloating=false, isApplication=true, hasWindowDecorCaption=false, hasWindowControllerCallback=true
08-24 14:43:29.876 24159 24159 D DecorView: setCaptionType = 0, this = DecorView@775c0c6[]
08-24 14:43:29.882  4585  7124 I InputDispatcher: Focus left window (24159): e51d3e4 in display 0 0
08-24 14:43:29.887 24159 24159 D LifecycleMonitor: Lifecycle status change: androidx.test.core.app.InstrumentationActivityInvoker$EmptyActivity@3bd3f08 in: CREATED
08-24 14:43:29.887 24159 24159 V ActivityScenario: Activity lifecycle changed event received but ignored because the intent does not match. startActivityIntent=Intent { act=android.intent.action.MAIN cat=[android.intent.category.LAUNCHER] cmp=com.example.dogglers/.MainActivity }, activity.getIntent()=Intent { act=android.intent.action.MAIN cat=[android.intent.category.LAUNCHER] flg=0x10000000 cmp=com.example.dogglers/androidx.test.core.app.InstrumentationActivityInvoker$EmptyActivity }, activity=androidx.test.core.app.InstrumentationActivityInvoker$EmptyActivity@3bd3f08
08-24 14:43:29.890  7388  7388 I HBD     : a IC have been binded, InputConnectionWrapper{idHash=#5747729 mMissingMethods=}
08-24 14:43:29.891 24159 24159 D LifecycleMonitor: Lifecycle status change: androidx.test.core.app.InstrumentationActivityInvoker$EmptyActivity@3bd3f08 in: STARTED
08-24 14:43:29.891 24159 24159 V ActivityScenario: Activity lifecycle changed event received but ignored because the intent does not match. startActivityIntent=Intent { act=android.intent.action.MAIN cat=[android.intent.category.LAUNCHER] cmp=com.example.dogglers/.MainActivity }, activity.getIntent()=Intent { act=android.intent.action.MAIN cat=[android.intent.category.LAUNCHER] flg=0x10000000 cmp=com.example.dogglers/androidx.test.core.app.InstrumentationActivityInvoker$EmptyActivity }, activity=androidx.test.core.app.InstrumentationActivityInvoker$EmptyActivity@3bd3f08
08-24 14:43:29.929  7388  7388 I HBD     : h [EditorInputType]setPrivateImeOptionsToTable privateImeOptions ( null )
08-24 14:43:29.931 24159 24159 D LifecycleMonitor: Lifecycle status change: androidx.test.core.app.InstrumentationActivityInvoker$EmptyActivity@3bd3f08 in: RESUMED
08-24 14:43:29.932 24159 24159 V ActivityScenario: Activity lifecycle changed event received but ignored because the intent does not match. startActivityIntent=Intent { act=android.intent.action.MAIN cat=[android.intent.category.LAUNCHER] cmp=com.example.dogglers/.MainActivity }, activity.getIntent()=Intent { act=android.intent.action.MAIN cat=[android.intent.category.LAUNCHER] flg=0x10000000 cmp=com.example.dogglers/androidx.test.core.app.InstrumentationActivityInvoker$EmptyActivity }, activity=androidx.test.core.app.InstrumentationActivityInvoker$EmptyActivity@3bd3f08
08-24 14:43:29.935  7388  7388 I HBD     : b incognitoMode : false
08-24 14:43:29.938  4585  8022 D InputTransport: Input channel constructed: '4d49d55', fd=621
08-24 14:43:29.939  4585  8022 D InputTransport: Input channel constructed: '4d49d55', fd=623
08-24 14:43:29.939  7388  7388 I HBD     : a needOff = true , isForceOff = false, isNullInputClass : true
08-24 14:43:29.939  4226  4601 I SurfaceFlinger: id=88049 createSurf (0x0),-1 flag=80004, 4d49d55 com.example.dogglers/androidx.test.core.app.InstrumentationActivityInvoker$EmptyActivity#0
08-24 14:43:29.940  4585  8022 D WindowManager: isScreenshotDisabledLocked - win: Window{4d49d55 u0 com.example.dogglers/androidx.test.core.app.InstrumentationActivityInvoker$EmptyActivity}
08-24 14:43:29.940  4585  8022 D WindowManager: isScreenshotDisabledLocked: userId = 0, disabled =false
08-24 14:43:29.941  4585  8022 D InputTransport: Input channel destroyed: '4d49d55', fd=623
08-24 14:43:29.941 24159 24159 D InputTransport: Input channel constructed: '4d49d55', fd=95
08-24 14:43:29.944 24159 24159 I ViewRootImpl@784dbdd[InstrumentationActivityInvoker$EmptyActivity]: setView = com.android.internal.policy.DecorView@775c0c6 TM=true
08-24 14:43:29.957  4585  7034 V WindowManager: Relayout Window{4d49d55 u0 com.example.dogglers/androidx.test.core.app.InstrumentationActivityInvoker$EmptyActivity}: viewVisibility=0 req=1080x2340
08-24 14:43:29.959  4585  7034 D WindowManager: isScreenshotDisabledLocked - win: Window{4d49d55 u0 com.example.dogglers/androidx.test.core.app.InstrumentationActivityInvoker$EmptyActivity}
08-24 14:43:29.959  4585  7034 D WindowManager: isScreenshotDisabledLocked: userId = 0, disabled =false
08-24 14:43:29.959  4226  4601 I SurfaceFlinger: id=88050 createSurf (1080x2340),1 flag=404, com.example.dogglers/androidx.test.core.app.InstrumentationActivityInvoker$EmptyActivity$_24159#0
08-24 14:43:29.961  4585  7034 I SurfaceControl: nativeRelease nativeObject s[537817688768]
08-24 14:43:29.961  4585  7034 I SurfaceControl: nativeRelease nativeObject e[537817688768]
08-24 14:43:29.962  4226  4601 I SurfaceFlinger: id=88051 createSurf (0x0),-1 flag=24000, Surface(name=e455c2d StatusBar)/@0x2f65071 - animation-leash#0
08-24 14:43:29.962  4585  7034 I SurfaceControl: nativeRelease nativeObject s[537817679168]
08-24 14:43:29.962  4585  7034 I SurfaceControl: nativeRelease nativeObject e[537817679168]
08-24 14:43:29.962 21625 21625 W YTPL.mediasession: MediaSession setActive(false)
08-24 14:43:29.963  4226  4601 I SurfaceFlinger: id=88052 createSurf (0x0),-1 flag=24000, Surface(name=a71bb8f NavigationBar0)/@0x8f38906 - animation-leash#0
08-24 14:43:29.963  9865  9865 I TrayStateController: systemUiVisibilityChanged : 0 0
08-24 14:43:29.966  4585  7034 V WindowManager: Relayout hash=4d49d55, pid=24159: mAttrs={(0,0)(fillxfill) sim={adjust=pan forwardNavigation} ty=BASE_APPLICATION wanim=0x1030001
08-24 14:43:29.966  4585  7034 V WindowManager:   fl=1810100
08-24 14:43:29.966  4585  7034 V WindowManager:   pfl=12020000
08-24 14:43:29.966  4585  7034 V WindowManager:   apr=LIGHT_NAVIGATION_BARS
08-24 14:43:29.966  4585  7034 V WindowManager:   fitSides= naviIconColor=0
08-24 14:43:29.966  4585  7034 V WindowManager:   sfl=100000}
08-24 14:43:29.966  4585  7034 I SurfaceControl: nativeRelease nativeObject s[537628425376]
08-24 14:43:29.966  4585  7034 I SurfaceControl: nativeRelease nativeObject e[537628425376]
08-24 14:43:29.969  4226  4601 I Layer   : id=88044 removeFromCurrentState Surface(name=e455c2d StatusBar)/@0x2f65071 - animation-leash#1 (74)
08-24 14:43:29.969  4226  4601 I Layer   : id=88045 removeFromCurrentState Surface(name=a71bb8f NavigationBar0)/@0x8f38906 - animation-leash#1 (74)
08-24 14:43:29.970 24159 24159 I SurfaceControl: assignNativeObject: nativeObject = 0 Surface(name=null)/@0x87d2352 / android.view.SurfaceControl.readFromParcel:1117 android.view.IWindowSession$Stub$Proxy.relayout:1820 android.view.ViewRootImpl.relayoutWindow:9005 android.view.ViewRootImpl.performTraversals:3360 android.view.ViewRootImpl.doTraversal:2618 android.view.ViewRootImpl$TraversalRunnable.run:9971 android.view.Choreographer$CallbackRecord.run:1010 android.view.Choreographer.doCallbacks:809 android.view.Choreographer.doFrame:744 android.view.Choreographer$FrameDisplayEventReceiver.run:995
08-24 14:43:29.971  4896  4896 D FaceWidgetMediaSessionManager: onPlaybackStateChanged() state = PlaybackState {state=1, position=0, buffered position=0, speed=1.0, updated=1322750534, actions=8192, custom actions=[], active item id=-1, error=null}
08-24 14:43:29.971  4896  4896 I PluginFaceWidgetMediaDataFactory: getBitmapFromMetadata null
08-24 14:43:29.971  4896  4896 D PluginFaceWidgetMediaDataFactory: Elapsed Time : 0
08-24 14:43:29.971 24159 24159 I ViewRootImpl@784dbdd[InstrumentationActivityInvoker$EmptyActivity]: Relayout returned: old=(0,0,1080,2340) new=(0,0,1080,2340) req=(1080,2340)0 dur=14 res=0x7 s={true 537832091648} ch=true fn=-1
08-24 14:43:29.975  4896  4896 D FaceWidgetMediaDataRepository: [update] key : com.google.android.youtube|0|192289192, oldKey : com.google.android.youtube|0|192289192, media : com.google.android.youtube, sourceType : SESSION
08-24 14:43:29.975  4159 17194 D gralloc : [mali_gralloc_allocate] begin
08-24 14:43:29.975  4159 17194 D gralloc : buffer_descriptor: wh(1080 2340) usage_pc(0x40000000000b00 0x40000000000b00) hal_format(0x1) layer_count(1) sizes(0 0 0) strde(0) byte_stride(0) alloc_wh(0 0) internal_format(0x0) alloc_format(0x0) fd_count(1) plane_count(0)
08-24 14:43:29.976 24159 24159 I ViewRootImpl@784dbdd[InstrumentationActivityInvoker$EmptyActivity]: [DP] dp(1) 1 android.view.ViewRootImpl.reportNextDraw:10957 android.view.ViewRootImpl.performTraversals:3845 android.view.ViewRootImpl.doTraversal:2618
08-24 14:43:29.976 24159 24159 I ViewRootImpl@784dbdd[InstrumentationActivityInvoker$EmptyActivity]: [DP] pd() Asnyc report
08-24 14:43:29.980  4896  4896 D FaceWidgetMediaDataRepository: PlaybackState and Metadata is null. :: com.google.android.youtube
08-24 14:43:29.981  4896  4896 D FaceWidgetMediaSessionManager: onMetadataChanged() metadata = null
08-24 14:43:29.982  4896  4896 I PluginFaceWidgetMediaDataFactory: getBitmapFromMetadata null
08-24 14:43:29.982  4896  4896 D PluginFaceWidgetMediaDataFactory: Elapsed Time : 1
08-24 14:43:29.983  4896  4896 D FaceWidgetMediaDataRepository: [update] key : com.google.android.youtube|0|192289192, oldKey : com.google.android.youtube|0|192289192, media : com.google.android.youtube, sourceType : SESSION
08-24 14:43:29.983  4159 17194 D gralloc : [mali_gralloc_allocate] allocation successful
08-24 14:43:29.984  4159 17194 D gralloc : [mali_gralloc_allocate] begin
08-24 14:43:29.984  4159 17194 D gralloc : buffer_descriptor: wh(1080 2340) usage_pc(0x40000000000b00 0x40000000000b00) hal_format(0x1) layer_count(1) sizes(0 0 0) strde(0) byte_stride(0) alloc_wh(0 0) internal_format(0x0) alloc_format(0x0) fd_count(1) plane_count(0)
08-24 14:43:29.988  4896  4896 D FaceWidgetMediaDataRepository: PlaybackState and Metadata is null. :: com.google.android.youtube
08-24 14:43:29.989  4159 17194 D gralloc : [mali_gralloc_allocate] allocation successful
08-24 14:43:29.993  4159 17194 D gralloc : [mali_gralloc_allocate] begin
08-24 14:43:29.993  4159 17194 D gralloc : buffer_descriptor: wh(1080 2340) usage_pc(0x40000000000b00 0x40000000000b00) hal_format(0x1) layer_count(1) sizes(0 0 0) strde(0) byte_stride(0) alloc_wh(0 0) internal_format(0x0) alloc_format(0x0) fd_count(1) plane_count(0)
08-24 14:43:29.994  4896  4896 D FaceWidgetMusicViewModel: onChanged :: NULL
08-24 14:43:30.000  4896  4896 I FaceWidgetMusicViewModel: getMediaButtonReceiverPackageName() - soundAssistant : com.google.android.youtube, Settings : org.telegram.plus/org.telegram.messenger.voip.VoIPMediaButtonReceiver,0,1
08-24 14:43:30.001  4159 17194 D gralloc : [mali_gralloc_allocate] allocation successful
08-24 14:43:30.009 21625 21625 E YouTube : Trying to detachMediaView when it wasn't the most recent MediaView Setter
08-24 14:43:30.011  4896  4896 D FaceWidgetMediaDataDAO: launch package intent
08-24 14:43:30.012 21625 21625 W YTPL.mediasession: MediaSession setActive(false)
08-24 14:43:30.013  4896  4896 D FaceWidgetViewModel: onChanged
08-24 14:43:30.014  4896  4896 D FaceWidgetViewModel: updateMusicPageShownState() show = false, reattach = false, reason = clear
08-24 14:43:30.014  4896  4896 D FaceWidgetViewModel: skip to show media panel
08-24 14:43:30.016  4896  4896 D FaceWidgetMediaSessionManager: onPlaybackStateChanged() state = PlaybackState {state=1, position=0, buffered position=0, speed=1.0, updated=1322750583, actions=8192, custom actions=[], active item id=-1, error=null}
08-24 14:43:30.017  4896  4896 I PluginFaceWidgetMediaDataFactory: getBitmapFromMetadata null
08-24 14:43:30.017  4896  4896 D PluginFaceWidgetMediaDataFactory: Elapsed Time : 1
08-24 14:43:30.017  4896  4896 D FaceWidgetMediaDataRepository: [update] key : com.google.android.youtube|0|192289192, oldKey : com.google.android.youtube|0|192289192, media : com.google.android.youtube, sourceType : SESSION
08-24 14:43:30.019  4896  4896 D FaceWidgetMediaDataRepository: PlaybackState and Metadata is null. :: com.google.android.youtube
08-24 14:43:30.019  4896  4896 D FaceWidgetMusicPageObserver: [EXPAND] onChanged :: PluginFaceWidgetMediaData{[NULL]} showingLastPlayed : true
08-24 14:43:30.019  4896  4896 D FaceWidgetMediaDataDAO: controller is null
08-24 14:43:30.019  4896  4896 D FaceWidgetMediaDataDAO: controller is null
08-24 14:43:30.019  4896  4896 D FaceWidgetMediaDataDAO: controller is null
08-24 14:43:30.019  4896  4896 D FaceWidgetMediaDataDAO: controller is null
08-24 14:43:30.020  4896  4896 D FaceWidgetMediaDataDAO: controller is null
08-24 14:43:30.020  4896  4896 D FaceWidgetMediaDataDAO: controller is null
08-24 14:43:30.020  4896  4896 D FaceWidgetMediaDataDAO: controller is null
08-24 14:43:30.020  4896  4896 D FaceWidgetMediaDataDAO: controller is null
08-24 14:43:30.021  4896  4896 D FaceWidgetMusicPageObserver: last played. show tap to play last song. : com.google.android.youtube
08-24 14:43:30.021  4896  4896 D FaceWidgetMusicViewModel: onChanged :: NULL
08-24 14:43:30.022  4896  4896 I FaceWidgetMusicViewModel: getMediaButtonReceiverPackageName() - soundAssistant : com.google.android.youtube, Settings : org.telegram.plus/org.telegram.messenger.voip.VoIPMediaButtonReceiver,0,1
08-24 14:43:30.023  4896  4896 D FaceWidgetMediaDataDAO: launch package intent
08-24 14:43:30.025  4896  4896 D FaceWidgetViewModel: onChanged
08-24 14:43:30.025  4896  4896 D FaceWidgetViewModel: updateMusicPageShownState() show = false, reattach = false, reason = clear
08-24 14:43:30.025  4896  4896 D FaceWidgetViewModel: skip to show media panel
08-24 14:43:30.025  4896  4896 D FaceWidgetMusicPageObserver: [EXPAND] onChanged :: PluginFaceWidgetMediaData{[NULL]} showingLastPlayed : true
08-24 14:43:30.025  4896  4896 D FaceWidgetMediaDataDAO: controller is null
08-24 14:43:30.025  4896  4896 D FaceWidgetMediaDataDAO: controller is null
08-24 14:43:30.025  4896  4896 D FaceWidgetMediaDataDAO: controller is null
08-24 14:43:30.025  4896  4896 D FaceWidgetMediaDataDAO: controller is null
08-24 14:43:30.025  4896  4896 D FaceWidgetMediaDataDAO: controller is null
08-24 14:43:30.025  4896  4896 D FaceWidgetMediaDataDAO: controller is null
08-24 14:43:30.025  4896  4896 D FaceWidgetMediaDataDAO: controller is null
08-24 14:43:30.025  4896  4896 D FaceWidgetMediaDataDAO: controller is null
08-24 14:43:30.025  4896  4896 D FaceWidgetMusicPageObserver: last played. show tap to play last song. : com.google.android.youtube
08-24 14:43:30.032 24159 24159 I ViewRootImpl@784dbdd[InstrumentationActivityInvoker$EmptyActivity]: [DP] pdf(0) 1 android.view.ViewRootImpl.lambda$performDraw$1$ViewRootImpl:4668 android.view.-$$Lambda$ViewRootImpl$DJd0VUYJgsebcnSohO6h8zc_ONI.run:6 android.os.Handler.handleCallback:938
08-24 14:43:30.032 24159 24159 I ViewRootImpl@784dbdd[InstrumentationActivityInvoker$EmptyActivity]: [DP] rdf()
08-24 14:43:30.034 24159 24159 I ViewRootImpl@43e4ca8[MainActivity]: MSG_WINDOW_FOCUS_CHANGED 0 1
08-24 14:43:30.040  4585  4613 D PkgPredictorService: pkg:com.example.dogglers activity:androidx.test.core.app.InstrumentationActivityInvoker$EmptyActivity thisTime:246
08-24 14:43:30.042  4585  4613 I SemDvfsHyPerManager: acquire hyper - AMS_RESUME_TAIL/4585@18, type = -999
08-24 14:43:30.042  4585  4613 I SemDvfsHyPerManager: acquire hyper - AMS_ACT_LAZY/4585@19, type = -999
08-24 14:43:30.042  4585  4617 I ActivityTaskManager: Displayed com.example.dogglers/androidx.test.core.app.InstrumentationActivityInvoker$EmptyActivity: +246ms
08-24 14:43:30.042  4175  4211 I HYPER-HAL: [RequestManager.cpp]acquire(): Acquired ID : 10596124  [4585 / 18]    HINT : AMS_RESUME_TAIL    list :
08-24 14:43:30.043  4175  4211 I HYPER-HAL: [ResourceManager.cpp]updateResource(): [CPUMinFreq] UpdateResource Request ID : 10596124    Value : 1768000
08-24 14:43:30.043  4175  4211 I HYPER-HAL: [RequestManager.cpp]acquire(): Acquired ID : 10600729  [4585 / 19]    HINT :      list :
08-24 14:43:30.044  4175  4211 E HYPER-HAL: [Request.cpp]acquire(): Request:: id : 10600729, No Resource to set
08-24 14:43:30.045  4175  4211 I HYPER-HAL: [ResourceManager.cpp]removeResource(): [CPUMinFreq] RemoveResource Request ID : 10586917
08-24 14:43:30.045  4175  4211 I HYPER-HAL: [RequestManager.cpp]releaseLocked(): Released ID : 10586917
08-24 14:43:30.055 24159 24159 I SurfaceControl: nativeRelease nativeObject s[536151022688]
08-24 14:43:30.055 24159 24159 I SurfaceControl: nativeRelease nativeObject e[536151022688]
08-24 14:43:30.055 24159 24159 I SurfaceControl: nativeRelease nativeObject s[537816934848]
08-24 14:43:30.055 24159 24159 I SurfaceControl: nativeRelease nativeObject e[537816934848]
08-24 14:43:30.055 24159 24159 I SurfaceControl: nativeRelease nativeObject s[537816934752]
08-24 14:43:30.055  4226  4601 I SurfaceFlinger: id=88045 Removed Surface(name=a71bb8f NavigationBar0)/@0x8f38906 - animation-leash#1 (74)
08-24 14:43:30.055 24159 24159 I SurfaceControl: nativeRelease nativeObject e[537816934752]
08-24 14:43:30.055  4226  4251 I SurfaceFlinger: id=88044 Removed Surface(name=e455c2d StatusBar)/@0x2f65071 - animation-leash#1 (74)
08-24 14:43:30.060 24159 24159 I ViewRootImpl@43e4ca8[MainActivity]: stopped(true) old=false
08-24 14:43:30.061  4226  4226 I Layer   : id=88044[1] Destroyed Surface(name=e455c2d StatusBar)/@0x2f65071 - animation-leash#1
08-24 14:43:30.061  4226  4226 I Layer   : id=88045[1] Destroyed Surface(name=a71bb8f NavigationBar0)/@0x8f38906 - animation-leash#1
08-24 14:43:30.062  4585  7034 I InputDispatcher: Focus entered window (24159): 4d49d55 in display 0 0
08-24 14:43:30.063 24159 24159 I SurfaceControl: nativeRelease nativeObject s[537714023968]
08-24 14:43:30.063 24159 24159 I SurfaceControl: nativeRelease nativeObject e[537714023968]
08-24 14:43:30.063 24159 24159 D LifecycleMonitor: Lifecycle status change: com.example.dogglers.MainActivity@82b6f40 in: STOPPED
08-24 14:43:30.064 24159 24159 V ActivityScenario: Update currentActivityStage to STOPPED, currentActivity=com.example.dogglers.MainActivity@82b6f40
08-24 14:43:30.064  4585  7044 I SemDvfsHyPerManager: acquire hyper - AMS_ACT_START/4585@16, type = -999
08-24 14:43:30.065  4175  4211 I HYPER-HAL: [RequestManager.cpp]acquire(): Acquired ID : 10586917  [4585 / 16]    HINT : AMS_ACT_START    list :
08-24 14:43:30.066  4175  4211 I HYPER-HAL: [ResourceManager.cpp]updateResource(): [CPUMinFreq] UpdateResource Request ID : 10586917    Value : 2314000
08-24 14:43:30.067  4226  5357 I SurfaceFlinger: id=88053 createSurf (0x0),-1 flag=80004, ActivityRecord{2fac710 u0 com.example.dogglers/androidx.test.core.app.InstrumentationActivityInvoker$EmptyActivity t1560}#0
08-24 14:43:30.069  4226  4226 D SurfaceFlinger: Display 0 HWC layers:
08-24 14:43:30.069  4226  4226 D SurfaceFlinger:      DEVICE | 0x77ce815b80 | 0002 | RGBA_8888    |    0.0    0.0 1080.0 2340.0 |    0    0 1080 2340 | com.example.dogglers/androidx.test.c[...]tivityInvoker$EmptyActivity$_24159#0
08-24 14:43:30.069  4226  4226 D SurfaceFlinger:      DEVICE | 0x77ce814dc0 | 0000 | RGBA_8888    |    0.0    0.0 1080.0   83.0 |    0    0 1080   83 | StatusBar$_4896#0
08-24 14:43:30.069  4226  4226 D SurfaceFlinger:      DEVICE | 0x77ce8157c0 | 0000 | RGBA_8888    |    0.0    0.0   67.0  342.0 |    0  746   67 1088 | com.samsung.android.app.cocktailbars[...]arservice.CocktailBarService$_9865#0
08-24 14:43:30.069  4226  4226 D SurfaceFlinger:      DEVICE | 0x7851238200 | 0000 | RGBA_8888    |    0.0    0.0  388.0   39.0 |  692 2301 1080 2340 | SGestureOverlayWindow$_5408#0
08-24 14:43:30.069  4226  4226 D SurfaceFlinger:      DEVICE | 0x77ce815f40 | 0000 | RGBA_8888    |    0.0    0.0 1080.0  126.0 |    0 2214 1080 2340 | NavigationBar0$_4896#0
08-24 14:43:30.069  4226  4226 D SurfaceFlinger:      DEVICE | 0x77ce814b40 | 0000 | RGBA_8888    |    0.0    0.0 1080.0  151.0 |    0    0 1080  151 | ScreenDecorOverlay$_4896#0
08-24 14:43:30.069  4226  4226 D SurfaceFlinger:      DEVICE | 0x77ce817d40 | 0000 | RGBA_8888    |    0.0    0.0 1080.0  151.0 |    0 2189 1080 2340 | ScreenDecorOverlayBottom$_
08-24 14:43:30.069  4226  4226 D SurfaceFlinger: 4896#0
08-24 14:43:30.069  4226  4226 D SurfaceFlinger:
08-24 14:43:30.069 24159 24159 D LifecycleMonitor: Lifecycle status change: com.example.dogglers.MainActivity@82b6f40 in: DESTROYED
08-24 14:43:30.070 24159 24159 V ActivityScenario: Update currentActivityStage to DESTROYED, currentActivity=null
08-24 14:43:30.075  4226  4248 E BufferQueueProducer: [com.example.dogglers/com.example.dogglers.MainActivity$_24159#0](id:108200004917,api:0,p:-1,c:4226) disconnect: not connected (req=1)
08-24 14:43:30.076 24159 24214 W libEGL  : EGLNativeWindowType 0x7d393fb010 disconnect failed
08-24 14:43:30.076 24159 24159 I ViewRootImpl@43e4ca8[MainActivity]: dispatchDetachedFromWindow
08-24 14:43:30.072  7388  7388 I HBD     : h getDefaultInputRange : UNKNOWN
08-24 14:43:30.076  7388  7388 I HBD     : h getDefaultInputRange : UNKNOWN
08-24 14:43:30.076  7388  7388 I HBD     : h getDefaultInputRange : UNKNOWN
08-24 14:43:30.078  4585  7034 D InputTransport: Input channel destroyed: 'e51d3e4', fd=675
08-24 14:43:30.079  4585  7034 I SurfaceControl: nativeRelease nativeObject s[537628420096]
08-24 14:43:30.079  4585  7034 I SurfaceControl: nativeRelease nativeObject e[537628420096]
08-24 14:43:30.079  4585  7034 D WindowManager: isScreenshotDisabledLocked - win: Window{e51d3e4 u0 com.example.dogglers/com.example.dogglers.MainActivity}
08-24 14:43:30.079  4585  7034 D WindowManager: isScreenshotDisabledLocked: userId = 0, disabled =false
08-24 14:43:30.079  4585  7034 I SurfaceControl: nativeRelease nativeObject s[537628421920]
08-24 14:43:30.079  4585  7034 I SurfaceControl: nativeRelease nativeObject e[537628421920]
08-24 14:43:30.080  4226  4248 I SurfaceFlinger: id=88054 createSurf (0x0),-1 flag=24004, Surface(name=a3a0629 InputMethod)/@0x54f474f - animation-leash#1
08-24 14:43:30.083  4585  7034 I SurfaceControl: nativeRelease nativeObject s[537817684832]
08-24 14:43:30.083  4585  7034 I SurfaceControl: nativeRelease nativeObject e[537817684832]
08-24 14:43:30.084  4226  4248 I Layer   : id=88043 removeFromCurrentState com.example.dogglers/com.example.dogglers.MainActivity$_24159#0 (74)
08-24 14:43:30.084  4226  4248 I SurfaceFlinger: id=88043 Removed com.example.dogglers/com.example.dogglers.MainActivity$_24159#0 (74)
08-24 14:43:30.085 24102 24122 I .callbgprovide: Waiting for a blocking GC ProfileSaver
08-24 14:43:30.086  4226  4248 I Layer   : id=88042 removeFromCurrentState e51d3e4 com.example.dogglers/com.example.dogglers.MainActivity#0 (74)
08-24 14:43:30.086  4226  4248 I Layer   : id=88047 removeFromCurrentState Surface(name=a3a0629 InputMethod)/@0x54f474f - animation-leash#0 (74)
08-24 14:43:30.086  4585  5789 D SdpManagerService: Not an enterprise user : 0
08-24 14:43:30.086  4226  4248 I SurfaceFlinger: id=88042 Removed e51d3e4 com.example.dogglers/com.example.dogglers.MainActivity#0 (74)
08-24 14:43:30.086  4585  5789 D SdpManagerService: Not an enterprise user : 0
08-24 14:43:30.087 24159 24159 D InputTransport: Input channel destroyed: 'e51d3e4', fd=80
08-24 14:43:30.092  4585  7044 I SurfaceControl: nativeRelease nativeObject s[537628419328]
08-24 14:43:30.092  4585  7044 I SurfaceControl: nativeRelease nativeObject e[537628419328]
08-24 14:43:30.093  7388  7388 I HBD     : h getDefaultInputRange : UNKNOWN
08-24 14:43:30.093  7388  7388 I HBD     : a currentState : 0
08-24 14:43:30.095  4226  4226 I Layer   : id=88042[1] Destroyed e51d3e4 com.example.dogglers/com.example.dogglers.MainActivity#0
08-24 14:43:30.096  4226  4226 I Layer   : id=88043[1] Destroyed com.example.dogglers/com.example.dogglers.MainActivity$_24159#0
08-24 14:43:30.097  4226  5357 I Layer   : id=88041 removeFromCurrentState ActivityRecord{2f8e1d8 u0 com.example.dogglers/.MainActivity t1560}#0 (72)
08-24 14:43:30.097  4226  5357 I SurfaceFlinger: id=88041 Removed ActivityRecord{2f8e1d8 u0 com.example.dogglers/.MainActivity t1560}#0 (72)
08-24 14:43:30.100 24159 24159 D LifecycleMonitor: Lifecycle status change: androidx.test.core.app.InstrumentationActivityInvoker$EmptyActivity@3bd3f08 in: PAUSED
08-24 14:43:30.101 24159 24159 V ActivityScenario: Activity lifecycle changed event received but ignored because the intent does not match. startActivityIntent=Intent { act=android.intent.action.MAIN cat=[android.intent.category.LAUNCHER] cmp=com.example.dogglers/.MainActivity }, activity.getIntent()=Intent { act=android.intent.action.MAIN cat=[android.intent.category.LAUNCHER] flg=0x10000000 cmp=com.example.dogglers/androidx.test.core.app.InstrumentationActivityInvoker$EmptyActivity }, activity=androidx.test.core.app.InstrumentationActivityInvoker$EmptyActivity@3bd3f08
08-24 14:43:30.105  4585  7044 V WindowOrientationListener: getProposedRotation: -1
08-24 14:43:30.105  4585  7044 V WindowOrientationListener: getProposedRotation: -1
08-24 14:43:30.106  4585  7044 V WindowOrientationListener: getProposedRotation: -1
08-24 14:43:30.109  4585  7044 D InputDispatcher: Focused application set to (0): 2fac710
08-24 14:43:30.111  4226  4226 I Layer   : id=88041[1] Destroyed ActivityRecord{2f8e1d8 u0 com.example.dogglers/.MainActivity t1560}#0
08-24 14:43:30.115 24159 24159 I ViewRootImpl@784dbdd[InstrumentationActivityInvoker$EmptyActivity]: MSG_WINDOW_FOCUS_CHANGED 1 1
08-24 14:43:30.116 24159 24159 D InputMethodManager: prepareNavigationBarInfo() DecorView@775c0c6[InstrumentationActivityInvoker$EmptyActivity]
08-24 14:43:30.116 24159 24159 D InputMethodManager: getNavigationBarColor() -855310
08-24 14:43:30.117 24159 24159 D InputMethodManager: prepareNavigationBarInfo() DecorView@775c0c6[InstrumentationActivityInvoker$EmptyActivity]
08-24 14:43:30.117 24159 24159 D InputMethodManager: getNavigationBarColor() -855310
08-24 14:43:30.117 24159 24159 V InputMethodManager: Starting input: tba=com.example.dogglers ic=null mNaviBarColor -855310 mIsGetNaviBarColorSuccess true , NavVisible : true , NavTrans : false
08-24 14:43:30.117 24159 24159 D InputMethodManager: startInputInner - Id : 0
08-24 14:43:30.117 24159 24159 I InputMethodManager: startInputInner - mService.startInputOrWindowGainedFocus
08-24 14:43:30.118  4585  7044 D InputMethodManagerService: mSecureKeypadEnabled = false
08-24 14:43:30.118  4585  7044 V InputMethodManagerService: hideCurrentInputLocked : shouldHideSoftInput is false
08-24 14:43:30.119  4585  7044 D InputMethodManagerService: mDesktopModeManager null!
08-24 14:43:30.119  4585  7044 V InputMethodManagerService: getDisplayIdOfInputMethodWindowToBeAdded : 0
08-24 14:43:30.119  4585  7044 D InputMethodManagerService: checkDisplayOfStartInputAndUpdateKeyboard display Id 0last 0
08-24 14:43:30.119  4585  7044 D InputTransport: Input channel constructed: 'ClientS', fd=623
08-24 14:43:30.119  4585  7044 D InputTransport: Input channel destroyed: 'ClientS', fd=623
08-24 14:43:30.120 24159 24159 D InputTransport: Input channel constructed: 'ClientS', fd=80
08-24 14:43:30.120 24159 24159 D InputTransport: Input channel destroyed: 'ClientS', fd=87
08-24 14:43:30.122 24159 24159 D LifecycleMonitor: Lifecycle status change: androidx.test.core.app.InstrumentationActivityInvoker$BootstrapActivity@921d109 in: DESTROYED
08-24 14:43:30.122 24159 24159 V ActivityScenario: Activity lifecycle changed event received but ignored because the intent does not match. startActivityIntent=Intent { act=android.intent.action.MAIN cat=[android.intent.category.LAUNCHER] cmp=com.example.dogglers/.MainActivity }, activity.getIntent()=Intent { act=android.intent.action.MAIN cat=[android.intent.category.LAUNCHER] flg=0x10008000 cmp=com.example.dogglers/androidx.test.core.app.InstrumentationActivityInvoker$BootstrapActivity (has extras) }, activity=androidx.test.core.app.InstrumentationActivityInvoker$BootstrapActivity@921d109
08-24 14:43:30.123  4585  7044 I SurfaceControl: nativeRelease nativeObject s[537816935712]
08-24 14:43:30.123  4585  7044 I SurfaceControl: nativeRelease nativeObject e[537816935712]
08-24 14:43:30.127  4226  4248 I Layer   : id=88031 removeFromCurrentState ActivityRecord{88d1f2a u0 com.example.dogglers/androidx.test.core.app.InstrumentationActivityInvoker$BootstrapActivity t1560}#0 (71)
08-24 14:43:30.129  4585  7044 I InputDispatcher: Focus left window (24159): 4d49d55 in display 0 0
08-24 14:43:30.130  4226  4248 I SurfaceFlinger: id=88031 Removed ActivityRecord{88d1f2a u0 com.example.dogglers/androidx.test.core.app.InstrumentationActivityInvoker$BootstrapActivity t1560}#0 (71)
08-24 14:43:30.132  7388  7388 I HBD     : h load selected json info : {"version":"1.0","currentLanguageOrder":0,"selected":[{"activeOptionList":["auto_replace","auto_spacing"],"engName":"Russian","id":3342336,"inputType":"qwerty","isUsed":true},{"activeOptionList":["auto_replace","auto_spacing"],"engName":"English","id":65537,"inputType":"qwerty","isUsed":true}]}
08-24 14:43:30.136 24159 24159 D LifecycleMonitor: Lifecycle status change: androidx.test.core.app.InstrumentationActivityInvoker$EmptyActivity@b4f554c in: PRE_ON_CREATE
08-24 14:43:30.137 24159 24159 V ActivityScenario: Activity lifecycle changed event received but ignored because the intent does not match. startActivityIntent=Intent { act=android.intent.action.MAIN cat=[android.intent.category.LAUNCHER] cmp=com.example.dogglers/.MainActivity }, activity.getIntent()=Intent { act=android.intent.action.MAIN cat=[android.intent.category.LAUNCHER] flg=0x10000000 cmp=com.example.dogglers/androidx.test.core.app.InstrumentationActivityInvoker$EmptyActivity }, activity=androidx.test.core.app.InstrumentationActivityInvoker$EmptyActivity@b4f554c
08-24 14:43:30.142  4585  5789 D SensorService: Calling batch handle==5 flags=0 rate=200000000 timeout== 0
08-24 14:43:30.144  4226  4226 I Layer   : id=88031[1] Destroyed ActivityRecord{88d1f2a u0 com.example.dogglers/androidx.test.core.app.InstrumentationActivityInvoker$BootstrapActivity t1560}#0
08-24 14:43:30.146  4166  4166 I SensorsHub: batch: handle=5 period=200000000 timeout=0
08-24 14:43:30.147  4166  4166 I SensorsHub: activate: handle 5 enable 1
08-24 14:43:30.148  4166  4166 I SensorsHub: type : 5, enable : 1
